[INFO] [launch]: All log files can be found below /home/ubuntu/.ros/log/2026-06-26-02-41-43-672827-raspberrypi-142540
[INFO] [launch]: Default logging verbosity is set to INFO
[INFO] [ascamera_node-1]: process started with pid [142556]
[INFO] [static_transform_publisher-2]: process started with pid [142558]
[INFO] [static_transform_publisher-3]: process started with pid [142560]
[INFO] [joint_state_publisher-4]: process started with pid [142562]
[INFO] [robot_state_publisher-5]: process started with pid [142564]
[INFO] [ros_robot_controller-6]: process started with pid [142566]
[INFO] [odom_publisher-7]: process started with pid [142579]
[INFO] [ekf_node-8]: process started with pid [142586]
[INFO] [yolo_detect-9]: process started with pid [142590]
[INFO] [self_driving-10]: process started with pid [142592]
[static_transform_publisher-2] [33m[WARN] [1782441704.394874145] []: Old-style arguments are deprecated; see --help for new-style arguments[0m
[static_transform_publisher-2] [0m[INFO] [1782441704.413684530] [static_transform_publisher_70DRLWpOI30hvh7u]: Spinning until stopped - publishing transform
[static_transform_publisher-2] translation: ('0.000000', '0.000000', '0.000000')
[static_transform_publisher-2] rotation: ('-0.500000', '0.499602', '-0.500000', '0.500398')
[static_transform_publisher-2] from 'depth_cam' to 'ascamera_camera_link_0'[0m
[static_transform_publisher-3] [33m[WARN] [1782441704.394278050] []: Old-style arguments are deprecated; see --help for new-style arguments[0m
[static_transform_publisher-3] [0m[INFO] [1782441704.424894794] [static_transform_publisher_H6jbRzKU81IlvTJI]: Spinning until stopped - publishing transform
[static_transform_publisher-3] translation: ('0.000000', '0.000000', '0.000000')
[static_transform_publisher-3] rotation: ('-0.500000', '0.499602', '-0.500000', '0.500398')
[static_transform_publisher-3] from 'depth_cam' to 'ascamera_color_0'[0m
[ascamera_node-1] [0m[INFO] [1782441704.440994836] [as_logger]: hello world angstrong camera ros2 node[0m
[ascamera_node-1] 2026-06-26 02:41:44[INFO] [CameraPublisher.cpp] [1558] [printLaunchParams] get depth_width 640
[ascamera_node-1] 2026-06-26 02:41:44[INFO] [CameraPublisher.cpp] [1559] [printLaunchParams] get depth_height 480
[ascamera_node-1] 2026-06-26 02:41:44[INFO] [CameraPublisher.cpp] [1561] [printLaunchParams] get rgb_width 640
[ascamera_node-1] 2026-06-26 02:41:44[INFO] [CameraPublisher.cpp] [1562] [printLaunchParams] get rgb_height 480
[ascamera_node-1] 2026-06-26 02:41:44[INFO] [CameraPublisher.cpp] [1570] [printLaunchParams] get set_fps 15
[ascamera_node-1] 2026-06-26 02:41:44[INFO] [CameraPublisher.cpp] [1578] [printLaunchParams] get color_pcl 1
[ascamera_node-1] 2026-06-26 02:41:44[INFO] [CameraPublisher.cpp] [1582] [printLaunchParams] get pub_tfTree 1
[ascamera_node-1] 2026-06-26 02:41:44[INFO] [CameraSrv.cpp] [35] [CameraSrv] Angstrong camera server
[ascamera_node-1] 2026-06-26 02:41:44[INFO] [CameraSrv.cpp] [45] [CameraSrv] Angstrong camera sdk version:v1.2.22.20240516
[robot_state_publisher-5] [0m[INFO] [1782441704.558205846] [robot_state_publisher]: got segment base_footprint[0m
[robot_state_publisher-5] [0m[INFO] [1782441704.558366254] [robot_state_publisher]: got segment base_link[0m
[robot_state_publisher-5] [0m[INFO] [1782441704.558387995] [robot_state_publisher]: got segment depth_cam[0m
[robot_state_publisher-5] [0m[INFO] [1782441704.558400458] [robot_state_publisher]: got segment imu_link[0m
[robot_state_publisher-5] [0m[INFO] [1782441704.558410717] [robot_state_publisher]: got segment lidar_frame[0m
[robot_state_publisher-5] [0m[INFO] [1782441704.558421495] [robot_state_publisher]: got segment wheel_lb_Link[0m
[robot_state_publisher-5] [0m[INFO] [1782441704.558430365] [robot_state_publisher]: got segment wheel_lf_Link[0m
[robot_state_publisher-5] [0m[INFO] [1782441704.558438699] [robot_state_publisher]: got segment wheel_rb_Link[0m
[robot_state_publisher-5] [0m[INFO] [1782441704.558449939] [robot_state_publisher]: got segment wheel_rf_Link[0m
[joint_state_publisher-4] [0m[INFO] [1782441705.197763135] [joint_state_publisher]: Waiting for robot_description to be published on the robot_description topic...[0m
[odom_publisher-7] [0m[INFO] [1782441705.284251346] [odom_publisher]: [1;32m0.930000 1.010000[0m[0m
[odom_publisher-7] [0m[INFO] [1782441705.311668040] [odom_publisher]: [1;32mstart[0m[0m
[ascamera_node-1] 2026-06-26 02:41:45[INFO] [CameraSrv.cpp] [114] [onAttached] attached
[ascamera_node-1] 2026-06-26 02:41:45[INFO] [CameraSrv.cpp] [145] [onAttached] this is a new attach device, create and open it
[ros_robot_controller-6] [0m[INFO] [1782441706.046233609] [ros_robot_controller]: 已设置舵机 1 的偏移量为 0[0m
[ros_robot_controller-6] [0m[INFO] [1782441706.047349335] [ros_robot_controller]: 已设置舵机 2 的偏移量为 0[0m
[ros_robot_controller-6] [0m[INFO] [1782441706.048867378] [ros_robot_controller]: 已设置舵机 3 的偏移量为 4[0m
[ros_robot_controller-6] [0m[INFO] [1782441706.049841085] [ros_robot_controller]: 已设置舵机 4 的偏移量为 0[0m
[ros_robot_controller-6] [0m[INFO] [1782441706.056298257] [ros_robot_controller]: [1;32mstart[0m[0m
[ascamera_node-1] 2026-06-26 02:41:46[INFO] [CameraSrv.cpp] [154] [onAttached] get model type 9
[ascamera_node-1] 2026-06-26 02:41:46[INFO] [CameraSrv.cpp] [342] [getConfigFile] get file: /home/ubuntu/third_party_ros2/third_party_ws/src/ascamera/configurationfiles/hp60c_v2_00_20230704_configEncrypt.json
[ascamera_node-1] 2026-06-26 02:41:46[INFO] [CameraPublisher.cpp] [1501] [logCameraPathInfo] usb camera
[ascamera_node-1] 2026-06-26 02:41:46[INFO] [CameraPublisher.cpp] [1502] [logCameraPathInfo] bnum:1
[ascamera_node-1] 2026-06-26 02:41:46[INFO] [CameraPublisher.cpp] [1503] [logCameraPathInfo] dnum:3
[ascamera_node-1] 2026-06-26 02:41:46[INFO] [CameraPublisher.cpp] [1504] [logCameraPathInfo] port_numbers:2
[ascamera_node-1] 2026-06-26 02:41:46[INFO] [CameraPublisher.cpp] [171] [onCameraAttached] create a new publisher info set
[ascamera_node-1] 2026-06-26 02:41:46[INFO] [TfTreeFrameIdInfo.cpp] [11] [TfTreeFrameIdInfo] Namespace /ascamera
[ascamera_node-1] 2026-06-26 02:41:46[INFO] [CameraHp60c.cpp] [128] [open] according to the configuration file.
[ascamera_node-1] 2026-06-26 02:41:46[INFO] [CameraHp60c.cpp] [1528] [parseConfigFileParameter] moduleName:AS_CAM_HP60C
[ascamera_node-1] 2026-06-26 02:41:46[INFO] [CameraHp60c.cpp] [1555] [parseConfigFileParameter] Parsing config file /home/ubuntu/third_party_ros2/third_party_ws/src/ascamera/configurationfiles/hp60c_v2_00_20230704_configEncrypt.json
[ascamera_node-1] 2026-06-26 02:41:46[INFO] [CameraHp60c.cpp] [1620] [parseConfigFileParameter] configuration protocol Version: v2.x
[ascamera_node-1] 2026-06-26 02:41:46[INFO] [CameraHp60c.cpp] [1631] [parseConfigFileParameter] configuration Version: v2.0.0.20230704
[ascamera_node-1] 2026-06-26 02:41:46[INFO] [CameraHp60c.cpp] [1796] [setParamersAfterOpenCam] Camera confiParaEnable true, setting configuration parameter
[ascamera_node-1] 2026-06-26 02:41:48[ERROR] [XuCmdCameraHp60c.cpp] [454] [getMjpegSize] get mjpeg from xu command failed
[ascamera_node-1] 2026-06-26 02:41:48[INFO] [XuCmdCameraHp60c.cpp] [458] [getMjpegSize] mjpeg size:640x480
[ascamera_node-1] 2026-06-26 02:41:48[INFO] [CameraPublisher.cpp] [356] [onCameraOpen] camera opened
[ascamera_node-1] 2026-06-26 02:41:48[INFO] [CameraPublisher.cpp] [370] [onCameraOpen] get config info, ret 0, is_Registration 1
[ascamera_node-1] 2026-06-26 02:41:48[INFO] [Camera.cpp] [61] [init] #camera[0x5555ec56a710] SN[ASC60CF08000515]'s firmware version:DLS_VERc20865=:V01.09_2024110714:V01.19_2024110714:L01
[ascamera_node-1] 2026-06-26 02:41:48[INFO] [CameraPublisher.cpp] [1183] [setResolution] set depth resolution: 640 x 480 @ 15fps
[ascamera_node-1] 2026-06-26 02:41:48[INFO] [CameraPublisher.cpp] [1197] [setResolution] set rgb resolution: 640 x 480 @ 15fps
[ascamera_node-1] 2026-06-26 02:41:48[INFO] [CameraHp60c.cpp] [260] [startStreaming] start streaming
[ascamera_node-1] 2026-06-26 02:41:48[INFO] [CameraSrv.cpp] [202] [onAttached] attached end
[ascamera_node-1] 2026-06-26 02:41:49[INFO] [CameraHp60c.cpp] [279] [stopStreaming] stop streaming
[INFO] [apply_calib-11]: process started with pid [142734]
[INFO] [complementary_filter_node-12]: process started with pid [142736]
[apply_calib-11] [0m[INFO] [1782441709.817294044] [imu_calib]: Calibrating gyros; do not move the IMU[0m
[complementary_filter_node-12] [0m[INFO] [1782441709.819187792] [imu_filter]: Starting ComplementaryFilterROS[0m
[apply_calib-11] [0m[INFO] [1782441711.845855603] [imu_calib]: Gyro calibration complete! (bias = [-0.001, 0.034, -0.000])[0m
[yolo_detect-9] [0m[INFO] [1782441711.904290802] [yolov5_ros2]: Current ROS 2 distribution: humble[0m
[yolo_detect-9] [0m[INFO] [1782441712.344332757] [yolov5_ros2]: [1;32mstart yolov5 detect[0m[0m
[self_driving-10] [0m[INFO] [1782441713.384484171] [self_driving]: [1;32mself driving enter[0m[0m
[self_driving-10] [0m[INFO] [1782441713.392410422] [self_driving]: [1;32mset_running[0m[0m
[self_driving-10] [0m[INFO] [1782441713.396503586] [self_driving]: [1;32mstart[0m[0m
[self_driving-10] [0m[INFO] [1782441713.397250403] [self_driving]: 우회전 시작[0m
[ascamera_node-1] 2026-06-26 02:41:53[INFO] [CameraHp60c.cpp] [260] [startStreaming] start streaming
[ascamera_node-1] 2026-06-26 02:41:55[INFO] [CameraHp60c.cpp] [912] [setInternalParameter] mjpeg info: size(640x480)
[ascamera_node-1] 2026-06-26 02:41:55[INFO] [CameraHp60c.cpp] [1149] [streamCallback] set gain ret 0, gain 4
[ascamera_node-1] 2026-06-26 02:41:56[INFO] [Camera.cpp] [127] [backgroundThread] SN [ ASC60CF08000515 ]'s parameter:
[ascamera_node-1] 2026-06-26 02:41:56[INFO] [Camera.cpp] [128] [backgroundThread] irfx: 426.962
[ascamera_node-1] 2026-06-26 02:41:56[INFO] [Camera.cpp] [129] [backgroundThread] irfy: 426.374
[ascamera_node-1] 2026-06-26 02:41:56[INFO] [Camera.cpp] [130] [backgroundThread] ircx: 315.403
[ascamera_node-1] 2026-06-26 02:41:56[INFO] [Camera.cpp] [131] [backgroundThread] ircy: 240.933
[ascamera_node-1] 2026-06-26 02:41:56[INFO] [Camera.cpp] [132] [backgroundThread] rgbfx: 570.48
[ascamera_node-1] 2026-06-26 02:41:56[INFO] [Camera.cpp] [133] [backgroundThread] rgbfy: 569.949
[ascamera_node-1] 2026-06-26 02:41:56[INFO] [Camera.cpp] [134] [backgroundThread] rgbcx: 329.75
[ascamera_node-1] 2026-06-26 02:41:56[INFO] [Camera.cpp] [135] [backgroundThread] rgbcy: 238.406
[ascamera_node-1] 
[self_driving-10] [0m[INFO] [1782441716.531920405] [self_driving]: [1;33m0[0m[0m
[self_driving-10] [0m[INFO] [1782441716.544693471] [self_driving]: [1;33m0[0m[0m
[self_driving-10] [0m[INFO] [1782441716.573375800] [self_driving]: [1;33m0[0m[0m
[self_driving-10] [0m[INFO] [1782441716.616459757] [self_driving]: [1;33m0[0m[0m
[self_driving-10] [0m[INFO] [1782441716.681850649] [self_driving]: [1;33m0[0m[0m
[self_driving-10] [0m[INFO] [1782441716.740590516] [self_driving]: [1;33m0[0m[0m
[self_driving-10] [0m[INFO] [1782441716.813670881] [self_driving]: [1;33m0[0m[0m
[self_driving-10] [0m[INFO] [1782441716.889397571] [self_driving]: [1;33m0[0m[0m
[self_driving-10] [0m[INFO] [1782441716.935815688] [self_driving]: [1;33m0[0m[0m
[self_driving-10] [0m[INFO] [1782441717.020928246] [self_driving]: [1;33m0[0m[0m
[self_driving-10] [0m[INFO] [1782441717.084635706] [self_driving]: [1;33m0[0m[0m
[self_driving-10] [0m[INFO] [1782441717.155859231] [self_driving]: [1;33m0[0m[0m
[self_driving-10] [0m[INFO] [1782441717.236217679] [self_driving]: [1;33m0[0m[0m
[self_driving-10] [0m[INFO] [1782441717.296250644] [self_driving]: [1;33m0[0m[0m
[self_driving-10] [0m[INFO] [1782441717.352637595] [self_driving]: [1;33m0[0m[0m
[self_driving-10] [0m[INFO] [1782441717.410193846] [self_driving]: [1;33m0[0m[0m
[self_driving-10] [0m[INFO] [1782441717.489567957] [self_driving]: [1;33m0[0m[0m
[self_driving-10] [0m[INFO] [1782441717.568934346] [self_driving]: [1;33m0[0m[0m
[self_driving-10] [0m[INFO] [1782441717.611738413] [self_driving]: [1;33m0[0m[0m
[self_driving-10] [0m[INFO] [1782441717.695789337] [self_driving]: [1;33m0[0m[0m
[self_driving-10] [0m[INFO] [1782441717.747476808] [self_driving]: [1;33m0[0m[0m
[self_driving-10] [0m[INFO] [1782441717.845825675] [self_driving]: [1;33m0[0m[0m
[self_driving-10] [0m[INFO] [1782441717.902702961] [self_driving]: 우회전 및 탈출 완료, 라인 트레이싱 복귀[0m
[self_driving-10] [0m[INFO] [1782441717.905953547] [self_driving]: [1;33m0[0m[0m
[self_driving-10] [0m[INFO] [1782441717.968661244] [self_driving]: [1;33m0[0m[0m
[self_driving-10] [0m[INFO] [1782441718.028238614] [self_driving]: [1;33m0[0m[0m
[self_driving-10] [0m[INFO] [1782441718.093929248] [self_driving]: [1;33m0[0m[0m
[self_driving-10] [0m[INFO] [1782441718.159274121] [self_driving]: [1;33m0[0m[0m
[self_driving-10] [0m[INFO] [1782441718.226744651] [self_driving]: [1;33m0[0m[0m
[self_driving-10] [0m[INFO] [1782441718.299206977] [self_driving]: [1;33m0[0m[0m
[self_driving-10] [0m[INFO] [1782441718.366091559] [self_driving]: [1;33m0[0m[0m
[self_driving-10] [0m[INFO] [1782441718.431277414] [self_driving]: [1;33m0[0m[0m
[self_driving-10] [0m[INFO] [1782441718.497909847] [self_driving]: [1;33m0[0m[0m
[self_driving-10] [0m[INFO] [1782441718.553988390] [self_driving]: [1;33m0[0m[0m
[self_driving-10] [0m[INFO] [1782441718.637001699] [self_driving]: [1;33m0[0m[0m
[self_driving-10] [0m[INFO] [1782441718.706768737] [self_driving]: [1;33m0[0m[0m
[self_driving-10] [0m[INFO] [1782441718.770702531] [self_driving]: [1;33m0[0m[0m
[self_driving-10] [0m[INFO] [1782441718.821134905] [self_driving]: [1;33m0[0m[0m
[self_driving-10] [0m[INFO] [1782441718.888313415] [self_driving]: [1;33m0[0m[0m
[self_driving-10] [0m[INFO] [1782441718.966005075] [self_driving]: [1;33m0[0m[0m
[self_driving-10] [0m[INFO] [1782441719.024488311] [self_driving]: [1;33m0[0m[0m
[self_driving-10] [0m[INFO] [1782441719.085145834] [self_driving]: [1;33m0[0m[0m
[self_driving-10] [0m[INFO] [1782441719.166069599] [self_driving]: [1;33m0[0m[0m
[self_driving-10] [0m[INFO] [1782441719.225982544] [self_driving]: [1;33m0[0m[0m
[self_driving-10] [0m[INFO] [1782441719.311319048] [self_driving]: [1;33m0[0m[0m
[self_driving-10] [0m[INFO] [1782441719.358973522] [self_driving]: [1;33m0[0m[0m
[self_driving-10] [0m[INFO] [1782441719.435397659] [self_driving]: [1;33m0[0m[0m
[self_driving-10] [0m[INFO] [1782441719.494633639] [self_driving]: [1;33m0[0m[0m
[self_driving-10] [0m[INFO] [1782441719.565448274] [self_driving]: [1;33m0[0m[0m
[self_driving-10] [0m[INFO] [1782441719.638323527] [self_driving]: [1;33m0[0m[0m
[self_driving-10] [0m[INFO] [1782441719.715670075] [self_driving]: [1;33m0[0m[0m
[self_driving-10] [0m[INFO] [1782441719.759033088] [self_driving]: [1;33m0[0m[0m
[self_driving-10] [0m[INFO] [1782441719.834200554] [self_driving]: [1;33m0[0m[0m
[self_driving-10] [0m[INFO] [1782441719.927230901] [self_driving]: [1;33m0[0m[0m
[self_driving-10] [0m[INFO] [1782441719.968159961] [self_driving]: [1;33m0[0m[0m
[self_driving-10] [0m[INFO] [1782441720.034047244] [self_driving]: [1;33m0[0m[0m
[self_driving-10] [0m[INFO] [1782441720.109183598] [self_driving]: [1;33m0[0m[0m
[self_driving-10] [0m[INFO] [1782441720.179184230] [self_driving]: [1;33m0[0m[0m
[self_driving-10] [0m[INFO] [1782441720.244100379] [self_driving]: [1;33m0[0m[0m
[self_driving-10] [0m[INFO] [1782441720.318677676] [self_driving]: [1;33m0[0m[0m
[self_driving-10] [0m[INFO] [1782441720.387287840] [self_driving]: [1;33m0[0m[0m
[self_driving-10] [0m[INFO] [1782441720.433839476] [self_driving]: [1;33m0[0m[0m
[self_driving-10] [0m[INFO] [1782441720.525390299] [self_driving]: [1;33m0[0m[0m
[self_driving-10] [0m[INFO] [1782441720.577942717] [self_driving]: [1;33m0[0m[0m
[self_driving-10] [0m[INFO] [1782441720.656850493] [self_driving]: [1;33m0[0m[0m
[self_driving-10] [0m[INFO] [1782441720.711047399] [self_driving]: [1;33m0[0m[0m
[self_driving-10] [0m[INFO] [1782441720.775723048] [self_driving]: [1;33m0[0m[0m
[self_driving-10] [0m[INFO] [1782441720.854397175] [self_driving]: [1;33m0[0m[0m
[self_driving-10] [0m[INFO] [1782441720.902460706] [self_driving]: [1;33m0[0m[0m
[self_driving-10] [0m[INFO] [1782441720.996128166] [self_driving]: [1;33m0[0m[0m
[self_driving-10] [0m[INFO] [1782441721.052205765] [self_driving]: [1;33m0[0m[0m
[self_driving-10] [0m[INFO] [1782441721.123624068] [self_driving]: [1;33m0[0m[0m
[self_driving-10] [0m[INFO] [1782441721.181899230] [self_driving]: [1;33m0[0m[0m
[self_driving-10] [0m[INFO] [1782441721.236589860] [self_driving]: [1;33m0[0m[0m
[self_driving-10] [0m[INFO] [1782441721.325636896] [self_driving]: [1;33m0[0m[0m
[self_driving-10] [0m[INFO] [1782441721.390901139] [self_driving]: [1;33m0[0m[0m
[self_driving-10] [0m[INFO] [1782441721.438203575] [self_driving]: [1;33m0[0m[0m
[self_driving-10] [0m[INFO] [1782441721.524432323] [self_driving]: [1;33m0[0m[0m
[self_driving-10] [0m[INFO] [1782441721.577402798] [self_driving]: [1;33m0[0m[0m
[self_driving-10] [0m[INFO] [1782441721.668997288] [self_driving]: [1;33m0[0m[0m
[self_driving-10] [0m[INFO] [1782441721.725566388] [self_driving]: [1;33m0[0m[0m
[self_driving-10] [0m[INFO] [1782441721.776379522] [self_driving]: [1;33m0[0m[0m
[self_driving-10] [0m[INFO] [1782441721.854473869] [self_driving]: [1;33m0[0m[0m
[self_driving-10] [0m[INFO] [1782441721.905462930] [self_driving]: [1;33m0[0m[0m
[self_driving-10] [0m[INFO] [1782441722.002059142] [self_driving]: [1;33m0[0m[0m
[self_driving-10] [0m[INFO] [1782441722.063772206] [self_driving]: [1;33m0[0m[0m
[self_driving-10] [0m[INFO] [1782441722.122765296] [self_driving]: [1;33m0[0m[0m
[self_driving-10] [0m[INFO] [1782441722.175889809] [self_driving]: [1;33m0[0m[0m
[self_driving-10] [0m[INFO] [1782441722.249204286] [self_driving]: [1;33m0[0m[0m
[self_driving-10] [0m[INFO] [1782441722.343460749] [self_driving]: [1;33m0[0m[0m
[self_driving-10] [0m[INFO] [1782441722.400409314] [self_driving]: [1;33m0[0m[0m
[self_driving-10] [0m[INFO] [1782441722.456606894] [self_driving]: [1;33m0[0m[0m
[self_driving-10] [0m[INFO] [1782441722.516554617] [self_driving]: [1;33m0[0m[0m
[self_driving-10] [0m[INFO] [1782441722.595766376] [self_driving]: [1;33m0[0m[0m
[self_driving-10] [0m[INFO] [1782441722.673424166] [self_driving]: [1;33m0[0m[0m
[self_driving-10] [0m[INFO] [1782441722.733023944] [self_driving]: [1;33m0[0m[0m
[self_driving-10] [0m[INFO] [1782441722.789915137] [self_driving]: [1;33m0[0m[0m
[self_driving-10] [0m[INFO] [1782441722.862339297] [self_driving]: [1;33m0[0m[0m
[self_driving-10] [0m[INFO] [1782441722.937793597] [self_driving]: [1;33m0[0m[0m
[self_driving-10] [0m[INFO] [1782441723.035406054] [self_driving]: [1;33m0[0m[0m
[self_driving-10] [0m[INFO] [1782441723.080688685] [self_driving]: [1;33m0[0m[0m
[self_driving-10] [0m[INFO] [1782441723.136663672] [self_driving]: [1;33m0[0m[0m
[self_driving-10] [0m[INFO] [1782441723.208513163] [self_driving]: [1;33m0[0m[0m
[self_driving-10] [0m[INFO] [1782441723.268205311] [self_driving]: [1;33m0[0m[0m
[self_driving-10] [0m[INFO] [1782441723.340424729] [self_driving]: [1;33m0[0m[0m
[self_driving-10] [0m[INFO] [1782441723.417816147] [self_driving]: [1;33m0[0m[0m
[self_driving-10] [0m[INFO] [1782441723.465600474] [self_driving]: [1;33m0[0m[0m
[self_driving-10] [0m[INFO] [1782441723.523245856] [self_driving]: [1;33m0[0m[0m
[self_driving-10] [0m[INFO] [1782441723.609894272] [self_driving]: [1;33m0[0m[0m
[self_driving-10] [0m[INFO] [1782441723.671284612] [self_driving]: [1;33m0[0m[0m
[self_driving-10] [0m[INFO] [1782441723.673296619] [self_driving]: [1;32mcrosswalk[0m[0m
[self_driving-10] [0m[INFO] [1782441723.765224388] [self_driving]: [1;33m415[0m[0m
[self_driving-10] [0m[INFO] [1782441723.809281405] [self_driving]: [1;33m415[0m[0m
[self_driving-10] [0m[INFO] [1782441723.882703049] [self_driving]: [1;33m415[0m[0m
[self_driving-10] [0m[INFO] [1782441723.929628965] [self_driving]: [1;33m415[0m[0m
[self_driving-10] [0m[INFO] [1782441723.998201776] [self_driving]: [1;33m415[0m[0m
[self_driving-10] [0m[INFO] [1782441724.079107689] [self_driving]: [1;33m415[0m[0m
[self_driving-10] [0m[INFO] [1782441724.128386559] [self_driving]: [1;33m415[0m[0m
[self_driving-10] [0m[INFO] [1782441724.225484995] [self_driving]: [1;33m415[0m[0m
[self_driving-10] [0m[INFO] [1782441724.275750479] [self_driving]: [1;33m415[0m[0m
[self_driving-10] [0m[INFO] [1782441724.344467272] [self_driving]: [1;33m415[0m[0m
[self_driving-10] [0m[INFO] [1782441724.406087262] [self_driving]: [1;33m415[0m[0m
[self_driving-10] [0m[INFO] [1782441724.475938578] [self_driving]: [1;33m415[0m[0m
[self_driving-10] [0m[INFO] [1782441724.561335100] [self_driving]: [1;33m415[0m[0m
[self_driving-10] [0m[INFO] [1782441724.600697655] [self_driving]: [1;33m415[0m[0m
[self_driving-10] [0m[INFO] [1782441724.675532767] [self_driving]: [1;33m415[0m[0m
[self_driving-10] [0m[INFO] [1782441724.740089434] [self_driving]: [1;33m415[0m[0m
[self_driving-10] [0m[INFO] [1782441724.808329319] [self_driving]: [1;33m415[0m[0m
[self_driving-10] [0m[INFO] [1782441724.844549676] [self_driving]: [1;32mcrosswalk[0m[0m
[self_driving-10] [0m[INFO] [1782441724.886655630] [self_driving]: [1;33m39[0m[0m
[self_driving-10] [0m[INFO] [1782441724.964276493] [self_driving]: [1;33m39[0m[0m
[self_driving-10] [0m[INFO] [1782441725.005328813] [self_driving]: [1;33m39[0m[0m
[self_driving-10] [0m[INFO] [1782441725.082052303] [self_driving]: [1;33m39[0m[0m
[self_driving-10] [0m[INFO] [1782441725.131976101] [self_driving]: [1;33m39[0m[0m
[self_driving-10] [0m[INFO] [1782441725.220530080] [self_driving]: [1;33m39[0m[0m
[self_driving-10] [0m[INFO] [1782441725.287890387] [self_driving]: [1;33m39[0m[0m
[self_driving-10] [0m[INFO] [1782441725.354517709] [self_driving]: [1;33m39[0m[0m
[self_driving-10] [0m[INFO] [1782441725.424994787] [self_driving]: [1;33m39[0m[0m
[self_driving-10] [0m[INFO] [1782441725.487110167] [self_driving]: [1;33m39[0m[0m
[self_driving-10] [0m[INFO] [1782441725.560529330] [self_driving]: [1;33m39[0m[0m
[self_driving-10] [0m[INFO] [1782441725.620232961] [self_driving]: [1;33m39[0m[0m
[self_driving-10] [0m[INFO] [1782441725.676238855] [self_driving]: [1;33m39[0m[0m
[self_driving-10] [0m[INFO] [1782441725.756847508] [self_driving]: [1;33m39[0m[0m
[self_driving-10] [0m[INFO] [1782441725.817747827] [self_driving]: [1;33m39[0m[0m
[self_driving-10] [0m[INFO] [1782441725.887520958] [self_driving]: [1;33m39[0m[0m
[self_driving-10] [0m[INFO] [1782441725.949272392] [self_driving]: [1;33m39[0m[0m
[self_driving-10] [0m[INFO] [1782441726.013476762] [self_driving]: [1;33m39[0m[0m
[self_driving-10] [0m[INFO] [1782441726.093797154] [self_driving]: [1;33m39[0m[0m
[self_driving-10] [0m[INFO] [1782441726.174725827] [self_driving]: [1;33m39[0m[0m
[self_driving-10] [0m[INFO] [1782441726.231701317] [self_driving]: [1;33m39[0m[0m
[self_driving-10] [0m[INFO] [1782441726.299688071] [self_driving]: [1;33m39[0m[0m
[self_driving-10] [0m[INFO] [1782441726.357684880] [self_driving]: [1;33m39[0m[0m
[self_driving-10] [0m[INFO] [1782441726.410667337] [self_driving]: [1;33m39[0m[0m
[self_driving-10] [0m[INFO] [1782441726.491541232] [self_driving]: [1;33m39[0m[0m
[self_driving-10] [0m[INFO] [1782441726.563668742] [self_driving]: [1;33m39[0m[0m
[self_driving-10] [0m[INFO] [1782441726.629638859] [self_driving]: [1;33m39[0m[0m
[self_driving-10] [0m[INFO] [1782441726.692910039] [self_driving]: [1;33m39[0m[0m
[self_driving-10] [0m[INFO] [1782441726.748449895] [self_driving]: [1;33m39[0m[0m
[self_driving-10] [0m[INFO] [1782441726.831652076] [self_driving]: [1;33m39[0m[0m
[self_driving-10] [0m[INFO] [1782441726.892601803] [self_driving]: [1;33m39[0m[0m
[self_driving-10] [0m[INFO] [1782441726.966134059] [self_driving]: [1;33m39[0m[0m
[self_driving-10] [0m[INFO] [1782441727.029694315] [self_driving]: [1;33m39[0m[0m
[self_driving-10] [0m[INFO] [1782441727.091816417] [self_driving]: [1;33m39[0m[0m
[self_driving-10] [0m[INFO] [1782441727.175349563] [self_driving]: [1;33m39[0m[0m
[self_driving-10] [0m[INFO] [1782441727.238429483] [self_driving]: [1;33m39[0m[0m
[self_driving-10] [0m[INFO] [1782441727.300580123] [self_driving]: [1;33m39[0m[0m
[self_driving-10] [0m[INFO] [1782441727.359588084] [self_driving]: [1;33m39[0m[0m
[self_driving-10] [0m[INFO] [1782441727.430892795] [self_driving]: [1;33m39[0m[0m
[self_driving-10] [0m[INFO] [1782441727.505510610] [self_driving]: [1;33m39[0m[0m
[self_driving-10] [0m[INFO] [1782441727.561079003] [self_driving]: [1;33m39[0m[0m
[self_driving-10] [0m[INFO] [1782441727.634744667] [self_driving]: [1;33m39[0m[0m
[self_driving-10] [0m[INFO] [1782441727.695976581] [self_driving]: [1;33m39[0m[0m
[self_driving-10] [0m[INFO] [1782441727.770825434] [self_driving]: [1;33m39[0m[0m
[self_driving-10] [0m[INFO] [1782441727.834576969] [self_driving]: [1;33m39[0m[0m
[self_driving-10] [0m[INFO] [1782441727.904567100] [self_driving]: [1;33m39[0m[0m
[self_driving-10] [0m[INFO] [1782441727.976594999] [self_driving]: [1;33m39[0m[0m
[self_driving-10] [0m[INFO] [1782441728.039202325] [self_driving]: [1;33m39[0m[0m
[self_driving-10] [0m[INFO] [1782441728.095603906] [self_driving]: [1;33m39[0m[0m
[self_driving-10] [0m[INFO] [1782441728.189614591] [self_driving]: [1;33m39[0m[0m
[self_driving-10] [0m[INFO] [1782441728.237529436] [self_driving]: [1;33m39[0m[0m
[self_driving-10] [0m[INFO] [1782441728.304222852] [self_driving]: [1;33m39[0m[0m
[self_driving-10] [0m[INFO] [1782441728.379607300] [self_driving]: [1;33m39[0m[0m
[self_driving-10] [0m[INFO] [1782441728.441743291] [self_driving]: [1;33m39[0m[0m
[self_driving-10] [0m[INFO] [1782441728.514498878] [self_driving]: [1;33m39[0m[0m
[self_driving-10] [0m[INFO] [1782441728.590939793] [self_driving]: [1;33m39[0m[0m
[self_driving-10] [0m[INFO] [1782441728.631185128] [self_driving]: [1;33m39[0m[0m
[self_driving-10] [0m[INFO] [1782441728.711574503] [self_driving]: [1;33m39[0m[0m
[self_driving-10] [0m[INFO] [1782441728.774993665] [self_driving]: [1;33m39[0m[0m
[self_driving-10] [0m[INFO] [1782441728.860245262] [self_driving]: [1;33m39[0m[0m
[self_driving-10] [0m[INFO] [1782441728.925567024] [self_driving]: [1;33m39[0m[0m
[self_driving-10] [0m[INFO] [1782441728.982334625] [self_driving]: [1;33m39[0m[0m
[self_driving-10] [0m[INFO] [1782441729.034069985] [self_driving]: [1;33m39[0m[0m
[self_driving-10] [0m[INFO] [1782441729.117307351] [self_driving]: [1;33m39[0m[0m
[self_driving-10] [0m[INFO] [1782441729.215192124] [self_driving]: [1;33m39[0m[0m
[self_driving-10] [0m[INFO] [1782441729.279873977] [self_driving]: [1;33m39[0m[0m
[self_driving-10] [0m[INFO] [1782441729.329456921] [self_driving]: [1;33m39[0m[0m
[self_driving-10] [0m[INFO] [1782441729.370584316] [self_driving]: [1;33m39[0m[0m
[self_driving-10] [0m[INFO] [1782441729.444167239] [self_driving]: [1;33m39[0m[0m
[self_driving-10] [0m[INFO] [1782441729.508345034] [self_driving]: [1;33m39[0m[0m
[self_driving-10] [0m[INFO] [1782441729.588432018] [self_driving]: [1;33m39[0m[0m
[self_driving-10] [0m[INFO] [1782441729.646447365] [self_driving]: [1;33m39[0m[0m
[self_driving-10] [0m[INFO] [1782441729.732639835] [self_driving]: [1;33m39[0m[0m
[self_driving-10] [0m[INFO] [1782441729.788580877] [self_driving]: [1;33m39[0m[0m
[self_driving-10] [0m[INFO] [1782441729.843611156] [self_driving]: [1;33m39[0m[0m
[self_driving-10] [0m[INFO] [1782441729.935536740] [self_driving]: [1;33m39[0m[0m
[self_driving-10] [0m[INFO] [1782441729.983674846] [self_driving]: [1;33m39[0m[0m
[self_driving-10] [0m[INFO] [1782441730.057339973] [self_driving]: [1;33m39[0m[0m
[self_driving-10] [0m[INFO] [1782441730.120631543] [self_driving]: [1;33m39[0m[0m
[self_driving-10] [0m[INFO] [1782441730.187098199] [self_driving]: [1;33m39[0m[0m
[self_driving-10] [0m[INFO] [1782441730.268649688] [self_driving]: [1;33m39[0m[0m
[self_driving-10] [0m[INFO] [1782441730.330632679] [self_driving]: [1;33m39[0m[0m
[self_driving-10] [0m[INFO] [1782441730.377269187] [self_driving]: [1;33m39[0m[0m
[self_driving-10] [0m[INFO] [1782441730.461500798] [self_driving]: [1;33m39[0m[0m
[self_driving-10] [0m[INFO] [1782441730.511926579] [self_driving]: [1;33m39[0m[0m
[self_driving-10] [0m[INFO] [1782441730.579921870] [self_driving]: [1;33m39[0m[0m
[self_driving-10] [0m[INFO] [1782441730.652282140] [self_driving]: [1;33m39[0m[0m
[self_driving-10] [0m[INFO] [1782441730.719271316] [self_driving]: [1;33m39[0m[0m
[self_driving-10] [0m[INFO] [1782441730.782942609] [self_driving]: [1;33m39[0m[0m
[self_driving-10] [0m[INFO] [1782441730.863565503] [self_driving]: [1;33m39[0m[0m
[self_driving-10] [0m[INFO] [1782441730.934380990] [self_driving]: [1;33m39[0m[0m
[self_driving-10] [0m[INFO] [1782441730.989384677] [self_driving]: [1;33m39[0m[0m
[self_driving-10] [0m[INFO] [1782441731.062150615] [self_driving]: [1;33m39[0m[0m
[self_driving-10] [0m[INFO] [1782441731.131272688] [self_driving]: [1;33m39[0m[0m
[self_driving-10] [0m[INFO] [1782441731.199353332] [self_driving]: [1;33m39[0m[0m
[self_driving-10] [0m[INFO] [1782441731.336447677] [self_driving]: [1;33m39[0m[0m
[self_driving-10] [0m[INFO] [1782441731.344517355] [self_driving]: [1;33m39[0m[0m
[self_driving-10] [0m[INFO] [1782441731.391950051] [self_driving]: [1;33m39[0m[0m
[self_driving-10] [0m[INFO] [1782441731.467307647] [self_driving]: [1;33m39[0m[0m
[self_driving-10] [0m[INFO] [1782441731.520476457] [self_driving]: [1;33m39[0m[0m
[self_driving-10] [0m[INFO] [1782441731.602198448] [self_driving]: [1;33m39[0m[0m
[self_driving-10] [0m[INFO] [1782441731.677857619] [self_driving]: [1;33m39[0m[0m
[self_driving-10] [0m[INFO] [1782441731.743649272] [self_driving]: [1;33m39[0m[0m
[self_driving-10] [0m[INFO] [1782441731.806770397] [self_driving]: [1;33m39[0m[0m
[self_driving-10] [0m[INFO] [1782441731.853693739] [self_driving]: [1;33m39[0m[0m
[self_driving-10] [0m[INFO] [1782441731.939944469] [self_driving]: [1;33m39[0m[0m
[self_driving-10] [0m[INFO] [1782441732.014063708] [self_driving]: [1;33m39[0m[0m
[self_driving-10] [0m[INFO] [1782441732.077414297] [self_driving]: [1;33m39[0m[0m
[self_driving-10] [0m[INFO] [1782441732.124096397] [self_driving]: [1;33m39[0m[0m
[self_driving-10] [0m[INFO] [1782441732.212439005] [self_driving]: [1;33m39[0m[0m
[self_driving-10] [0m[INFO] [1782441732.267110932] [self_driving]: [1;33m39[0m[0m
[self_driving-10] [0m[INFO] [1782441732.350787744] [self_driving]: [1;33m39[0m[0m
[self_driving-10] [0m[INFO] [1782441732.396966398] [self_driving]: [1;33m39[0m[0m
[self_driving-10] [0m[INFO] [1782441732.469068464] [self_driving]: [1;33m39[0m[0m
[self_driving-10] [0m[INFO] [1782441732.541404697] [self_driving]: [1;33m39[0m[0m
[self_driving-10] [0m[INFO] [1782441732.599469840] [self_driving]: [1;33m39[0m[0m
[self_driving-10] [0m[INFO] [1782441732.692407872] [self_driving]: [1;33m39[0m[0m
[self_driving-10] [0m[INFO] [1782441732.749528919] [self_driving]: [1;33m39[0m[0m
[self_driving-10] [0m[INFO] [1782441732.806733096] [self_driving]: [1;33m39[0m[0m
[self_driving-10] [0m[INFO] [1782441732.873949366] [self_driving]: [1;33m39[0m[0m
[self_driving-10] [0m[INFO] [1782441732.943940738] [self_driving]: [1;33m39[0m[0m
[self_driving-10] [0m[INFO] [1782441733.026159119] [self_driving]: [1;33m39[0m[0m
[self_driving-10] [0m[INFO] [1782441733.072273773] [self_driving]: [1;33m39[0m[0m
[self_driving-10] [0m[INFO] [1782441733.137522869] [self_driving]: [1;33m39[0m[0m
[self_driving-10] [0m[INFO] [1782441733.217905928] [self_driving]: [1;33m39[0m[0m
[self_driving-10] [0m[INFO] [1782441733.273431229] [self_driving]: [1;33m39[0m[0m
[self_driving-10] [0m[INFO] [1782441733.361290112] [self_driving]: [1;33m39[0m[0m
[self_driving-10] [0m[INFO] [1782441733.406349688] [self_driving]: [1;33m39[0m[0m
[self_driving-10] [0m[INFO] [1782441733.476205283] [self_driving]: [1;33m39[0m[0m
[self_driving-10] [0m[INFO] [1782441733.548465349] [self_driving]: [1;33m39[0m[0m
