[INFO] [launch]: All log files can be found below /home/ubuntu/.ros/log/2026-06-26-05-15-58-659182-raspberrypi-138782
[INFO] [launch]: Default logging verbosity is set to INFO
[INFO] [ascamera_node-1]: process started with pid [138805]
[INFO] [static_transform_publisher-2]: process started with pid [138807]
[INFO] [static_transform_publisher-3]: process started with pid [138809]
[INFO] [joint_state_publisher-4]: process started with pid [138811]
[INFO] [robot_state_publisher-5]: process started with pid [138813]
[INFO] [ros_robot_controller-6]: process started with pid [138815]
[INFO] [odom_publisher-7]: process started with pid [138817]
[INFO] [ekf_node-8]: process started with pid [138819]
[INFO] [yolo_detect-9]: process started with pid [138822]
[INFO] [self_driving-10]: process started with pid [138834]
[ascamera_node-1] [0m[INFO] [1782450959.411848187] [as_logger]: hello world angstrong camera ros2 node[0m
[static_transform_publisher-2] [33m[WARN] [1782450959.408099687] []: Old-style arguments are deprecated; see --help for new-style arguments[0m
[static_transform_publisher-3] [33m[WARN] [1782450959.411503280] []: Old-style arguments are deprecated; see --help for new-style arguments[0m
[ascamera_node-1] 2026-06-26 05:15:59[INFO] [CameraPublisher.cpp] [1558] [printLaunchParams] get depth_width 640
[ascamera_node-1] 2026-06-26 05:15:59[INFO] [CameraPublisher.cpp] [1559] [printLaunchParams] get depth_height 480
[ascamera_node-1] 2026-06-26 05:15:59[INFO] [CameraPublisher.cpp] [1561] [printLaunchParams] get rgb_width 640
[ascamera_node-1] 2026-06-26 05:15:59[INFO] [CameraPublisher.cpp] [1562] [printLaunchParams] get rgb_height 480
[ascamera_node-1] 2026-06-26 05:15:59[INFO] [CameraPublisher.cpp] [1570] [printLaunchParams] get set_fps 15
[ascamera_node-1] 2026-06-26 05:15:59[INFO] [CameraPublisher.cpp] [1578] [printLaunchParams] get color_pcl 1
[ascamera_node-1] 2026-06-26 05:15:59[INFO] [CameraPublisher.cpp] [1582] [printLaunchParams] get pub_tfTree 1
[ascamera_node-1] 2026-06-26 05:15:59[INFO] [CameraSrv.cpp] [35] [CameraSrv] Angstrong camera server
[ascamera_node-1] 2026-06-26 05:15:59[INFO] [CameraSrv.cpp] [45] [CameraSrv] Angstrong camera sdk version:v1.2.22.20240516
[static_transform_publisher-3] [0m[INFO] [1782450959.493741465] [static_transform_publisher_GNOEqG0wiUleH5Dc]: Spinning until stopped - publishing transform
[static_transform_publisher-3] translation: ('0.000000', '0.000000', '0.000000')
[static_transform_publisher-3] rotation: ('-0.500000', '0.499602', '-0.500000', '0.500398')
[static_transform_publisher-3] from 'depth_cam' to 'ascamera_color_0'[0m
[static_transform_publisher-2] [0m[INFO] [1782450959.520856428] [static_transform_publisher_UdhgrSRNiCCBE0zk]: Spinning until stopped - publishing transform
[static_transform_publisher-2] translation: ('0.000000', '0.000000', '0.000000')
[static_transform_publisher-2] rotation: ('-0.500000', '0.499602', '-0.500000', '0.500398')
[static_transform_publisher-2] from 'depth_cam' to 'ascamera_camera_link_0'[0m
[robot_state_publisher-5] [0m[INFO] [1782450959.532684261] [robot_state_publisher]: got segment base_footprint[0m
[robot_state_publisher-5] [0m[INFO] [1782450959.532867298] [robot_state_publisher]: got segment base_link[0m
[robot_state_publisher-5] [0m[INFO] [1782450959.532883965] [robot_state_publisher]: got segment depth_cam[0m
[robot_state_publisher-5] [0m[INFO] [1782450959.532893594] [robot_state_publisher]: got segment imu_link[0m
[robot_state_publisher-5] [0m[INFO] [1782450959.532900817] [robot_state_publisher]: got segment lidar_frame[0m
[robot_state_publisher-5] [0m[INFO] [1782450959.532907650] [robot_state_publisher]: got segment wheel_lb_Link[0m
[robot_state_publisher-5] [0m[INFO] [1782450959.532915205] [robot_state_publisher]: got segment wheel_lf_Link[0m
[robot_state_publisher-5] [0m[INFO] [1782450959.532922094] [robot_state_publisher]: got segment wheel_rb_Link[0m
[robot_state_publisher-5] [0m[INFO] [1782450959.532930002] [robot_state_publisher]: got segment wheel_rf_Link[0m
[odom_publisher-7] [0m[INFO] [1782450960.196069909] [odom_publisher]: [1;32m0.930000 1.010000[0m[0m
[odom_publisher-7] [0m[INFO] [1782450960.220206890] [odom_publisher]: [1;32mstart[0m[0m
[joint_state_publisher-4] [0m[INFO] [1782450960.354372835] [joint_state_publisher]: Waiting for robot_description to be published on the robot_description topic...[0m
[ascamera_node-1] 2026-06-26 05:16:00[INFO] [CameraSrv.cpp] [114] [onAttached] attached
[ascamera_node-1] 2026-06-26 05:16:00[INFO] [CameraSrv.cpp] [145] [onAttached] this is a new attach device, create and open it
[ros_robot_controller-6] [0m[INFO] [1782450960.756427353] [ros_robot_controller]: 已设置舵机 1 的偏移量为 0[0m
[ros_robot_controller-6] [0m[INFO] [1782450960.758252723] [ros_robot_controller]: 已设置舵机 2 的偏移量为 0[0m
[ros_robot_controller-6] [0m[INFO] [1782450960.759015983] [ros_robot_controller]: 已设置舵机 3 的偏移量为 4[0m
[ros_robot_controller-6] [0m[INFO] [1782450960.760442964] [ros_robot_controller]: 已设置舵机 4 的偏移量为 0[0m
[ros_robot_controller-6] [0m[INFO] [1782450960.765983483] [ros_robot_controller]: [1;32mstart[0m[0m
[ascamera_node-1] 2026-06-26 05:16:01[INFO] [CameraSrv.cpp] [154] [onAttached] get model type 9
[ascamera_node-1] 2026-06-26 05:16:01[INFO] [CameraSrv.cpp] [342] [getConfigFile] get file: /home/ubuntu/third_party_ros2/third_party_ws/src/ascamera/configurationfiles/hp60c_v2_00_20230704_configEncrypt.json
[ascamera_node-1] 2026-06-26 05:16:01[INFO] [CameraPublisher.cpp] [1501] [logCameraPathInfo] usb camera
[ascamera_node-1] 2026-06-26 05:16:01[INFO] [CameraPublisher.cpp] [1502] [logCameraPathInfo] bnum:1
[ascamera_node-1] 2026-06-26 05:16:01[INFO] [CameraPublisher.cpp] [1503] [logCameraPathInfo] dnum:3
[ascamera_node-1] 2026-06-26 05:16:01[INFO] [CameraPublisher.cpp] [1504] [logCameraPathInfo] port_numbers:2
[ascamera_node-1] 2026-06-26 05:16:01[INFO] [CameraPublisher.cpp] [171] [onCameraAttached] create a new publisher info set
[ascamera_node-1] 2026-06-26 05:16:01[INFO] [TfTreeFrameIdInfo.cpp] [11] [TfTreeFrameIdInfo] Namespace /ascamera
[ascamera_node-1] 2026-06-26 05:16:01[INFO] [CameraHp60c.cpp] [128] [open] according to the configuration file.
[ascamera_node-1] 2026-06-26 05:16:01[INFO] [CameraHp60c.cpp] [1528] [parseConfigFileParameter] moduleName:AS_CAM_HP60C
[ascamera_node-1] 2026-06-26 05:16:01[INFO] [CameraHp60c.cpp] [1555] [parseConfigFileParameter] Parsing config file /home/ubuntu/third_party_ros2/third_party_ws/src/ascamera/configurationfiles/hp60c_v2_00_20230704_configEncrypt.json
[ascamera_node-1] 2026-06-26 05:16:01[INFO] [CameraHp60c.cpp] [1620] [parseConfigFileParameter] configuration protocol Version: v2.x
[ascamera_node-1] 2026-06-26 05:16:01[INFO] [CameraHp60c.cpp] [1631] [parseConfigFileParameter] configuration Version: v2.0.0.20230704
[ascamera_node-1] 2026-06-26 05:16:01[INFO] [CameraHp60c.cpp] [1796] [setParamersAfterOpenCam] Camera confiParaEnable true, setting configuration parameter
[ascamera_node-1] 2026-06-26 05:16:02[ERROR] [XuCmdCameraHp60c.cpp] [454] [getMjpegSize] get mjpeg from xu command failed
[ascamera_node-1] 2026-06-26 05:16:02[INFO] [XuCmdCameraHp60c.cpp] [458] [getMjpegSize] mjpeg size:640x480
[ascamera_node-1] 2026-06-26 05:16:02[INFO] [CameraPublisher.cpp] [356] [onCameraOpen] camera opened
[ascamera_node-1] 2026-06-26 05:16:02[INFO] [CameraPublisher.cpp] [370] [onCameraOpen] get config info, ret 0, is_Registration 1
[ascamera_node-1] 2026-06-26 05:16:02[INFO] [Camera.cpp] [61] [init] #camera[0x555644f3e710] SN[ASC60CF08000515]'s firmware version:DLS_VERc20865=:V01.09_2024110714:V01.19_2024110714:L01
[ascamera_node-1] 2026-06-26 05:16:02[INFO] [CameraPublisher.cpp] [1183] [setResolution] set depth resolution: 640 x 480 @ 15fps
[ascamera_node-1] 2026-06-26 05:16:02[INFO] [CameraPublisher.cpp] [1197] [setResolution] set rgb resolution: 640 x 480 @ 15fps
[ascamera_node-1] 2026-06-26 05:16:02[INFO] [CameraHp60c.cpp] [260] [startStreaming] start streaming
[ascamera_node-1] 2026-06-26 05:16:02[INFO] [CameraSrv.cpp] [202] [onAttached] attached end
[ascamera_node-1] 2026-06-26 05:16:03[INFO] [CameraHp60c.cpp] [279] [stopStreaming] stop streaming
[INFO] [apply_calib-11]: process started with pid [138985]
[INFO] [complementary_filter_node-12]: process started with pid [138987]
[complementary_filter_node-12] [0m[INFO] [1782450964.435207869] [imu_filter]: Starting ComplementaryFilterROS[0m
[apply_calib-11] [0m[INFO] [1782450964.790669350] [imu_calib]: Calibrating gyros; do not move the IMU[0m
[apply_calib-11] [0m[INFO] [1782450966.809498738] [imu_calib]: Gyro calibration complete! (bias = [-0.005, 0.030, -0.001])[0m
[yolo_detect-9] [0m[INFO] [1782450967.728220849] [yolov5_ros2]: Current ROS 2 distribution: humble[0m
[yolo_detect-9] [0m[INFO] [1782450968.159767293] [yolov5_ros2]: [1;32mstart yolov5 detect[0m[0m
[self_driving-10] [0m[INFO] [1782450969.210316422] [self_driving]: [1;32mself driving enter[0m[0m
[self_driving-10] [0m[INFO] [1782450969.219994718] [self_driving]: [1;32mset_running[0m[0m
[self_driving-10] [0m[INFO] [1782450969.221951218] [self_driving]: 우회전 시작[0m
[self_driving-10] [0m[INFO] [1782450969.225043811] [self_driving]: [1;32mstart[0m[0m
[ascamera_node-1] 2026-06-26 05:16:09[INFO] [CameraHp60c.cpp] [260] [startStreaming] start streaming
[ascamera_node-1] 2026-06-26 05:16:10[INFO] [CameraHp60c.cpp] [912] [setInternalParameter] mjpeg info: size(640x480)
[ascamera_node-1] 2026-06-26 05:16:11[INFO] [CameraHp60c.cpp] [1149] [streamCallback] set gain ret 0, gain 4
[ascamera_node-1] 2026-06-26 05:16:11[INFO] [Camera.cpp] [127] [backgroundThread] SN [ ASC60CF08000515 ]'s parameter:
[ascamera_node-1] 2026-06-26 05:16:11[INFO] [Camera.cpp] [128] [backgroundThread] irfx: 426.962
[ascamera_node-1] 2026-06-26 05:16:11[INFO] [Camera.cpp] [129] [backgroundThread] irfy: 426.374
[ascamera_node-1] 2026-06-26 05:16:11[INFO] [Camera.cpp] [130] [backgroundThread] ircx: 315.403
[ascamera_node-1] 2026-06-26 05:16:11[INFO] [Camera.cpp] [131] [backgroundThread] ircy: 240.933
[ascamera_node-1] 2026-06-26 05:16:11[INFO] [Camera.cpp] [132] [backgroundThread] rgbfx: 570.48
[ascamera_node-1] 2026-06-26 05:16:11[INFO] [Camera.cpp] [133] [backgroundThread] rgbfy: 569.949
[ascamera_node-1] 2026-06-26 05:16:11[INFO] [Camera.cpp] [134] [backgroundThread] rgbcx: 329.75
[ascamera_node-1] 2026-06-26 05:16:11[INFO] [Camera.cpp] [135] [backgroundThread] rgbcy: 238.406
[ascamera_node-1] 
[self_driving-10] [0m[INFO] [1782450972.096639050] [self_driving]: [1;33m0[0m[0m
[self_driving-10] [0m[INFO] [1782450972.107336957] [self_driving]: [1;33m0[0m[0m
[self_driving-10] [0m[INFO] [1782450972.140858902] [self_driving]: [1;33m0[0m[0m
[self_driving-10] [0m[INFO] [1782450972.167519161] [self_driving]: [1;33m0[0m[0m
[self_driving-10] [0m[INFO] [1782450972.216224568] [self_driving]: [1;33m0[0m[0m
[self_driving-10] [0m[INFO] [1782450972.285633161] [self_driving]: [1;33m0[0m[0m
[self_driving-10] [0m[INFO] [1782450972.373504235] [self_driving]: [1;33m0[0m[0m
[self_driving-10] [0m[INFO] [1782450972.415005401] [self_driving]: [1;33m0[0m[0m
[self_driving-10] [0m[INFO] [1782450972.482447031] [self_driving]: [1;33m0[0m[0m
[self_driving-10] [0m[INFO] [1782450972.551424827] [self_driving]: [1;33m0[0m[0m
[self_driving-10] [0m[INFO] [1782450972.620805290] [self_driving]: [1;33m0[0m[0m
[self_driving-10] [0m[INFO] [1782450972.675409957] [self_driving]: [1;33m0[0m[0m
[self_driving-10] [0m[INFO] [1782450972.762981198] [self_driving]: [1;33m0[0m[0m
[self_driving-10] [0m[INFO] [1782450972.832993809] [self_driving]: [1;33m0[0m[0m
[self_driving-10] [0m[INFO] [1782450972.888063235] [self_driving]: [1;33m0[0m[0m
[self_driving-10] [0m[INFO] [1782450972.953641938] [self_driving]: [1;33m0[0m[0m
[self_driving-10] [0m[INFO] [1782450973.022487216] [self_driving]: [1;33m0[0m[0m
[self_driving-10] [0m[INFO] [1782450973.074657086] [self_driving]: [1;33m0[0m[0m
[self_driving-10] [0m[INFO] [1782450973.162260790] [self_driving]: [1;33m0[0m[0m
[self_driving-10] [0m[INFO] [1782450973.224954494] [self_driving]: [1;33m0[0m[0m
[self_driving-10] [0m[INFO] [1782450973.286860197] [self_driving]: [1;33m0[0m[0m
[self_driving-10] [0m[INFO] [1782450973.363872753] [self_driving]: [1;33m0[0m[0m
[self_driving-10] [0m[INFO] [1782450973.425735975] [self_driving]: [1;33m0[0m[0m
[self_driving-10] [0m[INFO] [1782450973.504599605] [self_driving]: [1;33m0[0m[0m
[self_driving-10] [0m[INFO] [1782450973.568770086] [self_driving]: [1;33m0[0m[0m
[self_driving-10] [0m[INFO] [1782450973.610861475] [self_driving]: [1;33m0[0m[0m
[self_driving-10] [0m[INFO] [1782450973.695042919] [self_driving]: [1;33m0[0m[0m
[self_driving-10] [0m[INFO] [1782450973.765553549] [self_driving]: [1;33m0[0m[0m
[self_driving-10] [0m[INFO] [1782450973.830619586] [self_driving]: [1;33m0[0m[0m
[self_driving-10] [0m[INFO] [1782450973.883802938] [self_driving]: [1;33m0[0m[0m
[self_driving-10] [0m[INFO] [1782450973.963257104] [self_driving]: [1;33m0[0m[0m
[self_driving-10] [0m[INFO] [1782450974.029491826] [self_driving]: [1;33m0[0m[0m
[self_driving-10] [0m[INFO] [1782450974.087747697] [self_driving]: [1;33m0[0m[0m
[self_driving-10] [0m[INFO] [1782450974.154951956] [self_driving]: [1;33m0[0m[0m
[self_driving-10] [0m[INFO] [1782450974.241021030] [self_driving]: [1;33m0[0m[0m
[self_driving-10] [0m[INFO] [1782450974.294146937] [self_driving]: [1;33m0[0m[0m
[self_driving-10] [0m[INFO] [1782450974.352866826] [self_driving]: [1;33m0[0m[0m
[self_driving-10] [0m[INFO] [1782450974.422807252] [self_driving]: [1;33m0[0m[0m
[self_driving-10] [0m[INFO] [1782450974.505689900] [self_driving]: [1;33m0[0m[0m
[self_driving-10] [0m[INFO] [1782450974.557395678] [self_driving]: [1;33m0[0m[0m
[self_driving-10] [0m[INFO] [1782450974.653408567] [self_driving]: [1;33m0[0m[0m
[self_driving-10] [0m[INFO] [1782450974.710472622] [self_driving]: [1;33m0[0m[0m
[self_driving-10] [0m[INFO] [1782450974.762632289] [self_driving]: [1;33m0[0m[0m
[self_driving-10] [0m[INFO] [1782450974.832993400] [self_driving]: [1;33m0[0m[0m
[self_driving-10] [0m[INFO] [1782450974.902856622] [self_driving]: [1;33m0[0m[0m
[self_driving-10] [0m[INFO] [1782450974.972471196] [self_driving]: [1;33m0[0m[0m
[self_driving-10] [0m[INFO] [1782450975.042672085] [self_driving]: [1;33m0[0m[0m
[self_driving-10] [0m[INFO] [1782450975.108057881] [self_driving]: [1;33m0[0m[0m
[self_driving-10] [0m[INFO] [1782450975.170410918] [self_driving]: [1;33m0[0m[0m
[self_driving-10] [0m[INFO] [1782450975.245452604] [self_driving]: [1;33m0[0m[0m
[self_driving-10] [0m[INFO] [1782450975.305894696] [self_driving]: [1;33m0[0m[0m
[self_driving-10] [0m[INFO] [1782450975.387084270] [self_driving]: [1;33m0[0m[0m
[self_driving-10] [0m[INFO] [1782450975.445182011] [self_driving]: [1;33m0[0m[0m
[self_driving-10] [0m[INFO] [1782450975.516645307] [self_driving]: [1;33m0[0m[0m
[self_driving-10] [0m[INFO] [1782450975.561556418] [self_driving]: [1;33m0[0m[0m
[self_driving-10] [0m[INFO] [1782450975.650057733] [self_driving]: [1;33m0[0m[0m
[self_driving-10] [0m[INFO] [1782450975.708126566] [self_driving]: [1;33m0[0m[0m
[self_driving-10] [0m[INFO] [1782450975.728446492] [self_driving]: 우회전 및 탈출 완료, 라인 트레이싱 복귀[0m
[self_driving-10] [0m[INFO] [1782450975.777740659] [self_driving]: [1;33m0[0m[0m
[self_driving-10] [0m[INFO] [1782450975.841411418] [self_driving]: [1;33m0[0m[0m
[self_driving-10] [0m[INFO] [1782450975.911152251] [self_driving]: [1;33m0[0m[0m
[self_driving-10] [0m[INFO] [1782450975.960863733] [self_driving]: [1;33m0[0m[0m
[self_driving-10] [0m[INFO] [1782450976.050693696] [self_driving]: [1;33m0[0m[0m
[self_driving-10] [0m[INFO] [1782450976.130489436] [self_driving]: [1;33m0[0m[0m
[self_driving-10] [0m[INFO] [1782450976.177484196] [self_driving]: [1;33m0[0m[0m
[self_driving-10] [0m[INFO] [1782450976.239413510] [self_driving]: [1;33m0[0m[0m
[self_driving-10] [0m[INFO] [1782450976.320506992] [self_driving]: [1;33m0[0m[0m
[self_driving-10] [0m[INFO] [1782450976.384067788] [self_driving]: [1;33m0[0m[0m
[self_driving-10] [0m[INFO] [1782450976.443203010] [self_driving]: [1;33m0[0m[0m
[self_driving-10] [0m[INFO] [1782450976.526584455] [self_driving]: [1;33m0[0m[0m
[self_driving-10] [0m[INFO] [1782450976.583260510] [self_driving]: [1;33m0[0m[0m
[self_driving-10] [0m[INFO] [1782450976.650665584] [self_driving]: [1;33m0[0m[0m
[self_driving-10] [0m[INFO] [1782450976.722950269] [self_driving]: [1;33m0[0m[0m
[self_driving-10] [0m[INFO] [1782450976.776533380] [self_driving]: [1;33m0[0m[0m
[self_driving-10] [0m[INFO] [1782450976.873041806] [self_driving]: [1;33m0[0m[0m
[self_driving-10] [0m[INFO] [1782450976.930116510] [self_driving]: [1;33m0[0m[0m
[self_driving-10] [0m[INFO] [1782450976.993343473] [self_driving]: [1;33m0[0m[0m
[self_driving-10] [0m[INFO] [1782450977.045395139] [self_driving]: [1;33m0[0m[0m
[self_driving-10] [0m[INFO] [1782450977.110442102] [self_driving]: [1;33m0[0m[0m
[self_driving-10] [0m[INFO] [1782450977.171496825] [self_driving]: [1;33m0[0m[0m
[self_driving-10] [0m[INFO] [1782450977.266396658] [self_driving]: [1;33m0[0m[0m
[self_driving-10] [0m[INFO] [1782450977.316780565] [self_driving]: [1;33m0[0m[0m
[self_driving-10] [0m[INFO] [1782450977.390575491] [self_driving]: [1;33m0[0m[0m
[self_driving-10] [0m[INFO] [1782450977.456046787] [self_driving]: [1;33m0[0m[0m
[self_driving-10] [0m[INFO] [1782450977.522223158] [self_driving]: [1;33m0[0m[0m
[self_driving-10] [0m[INFO] [1782450977.574981269] [self_driving]: [1;33m0[0m[0m
[self_driving-10] [0m[INFO] [1782450977.660767621] [self_driving]: [1;33m0[0m[0m
[self_driving-10] [0m[INFO] [1782450977.734610880] [self_driving]: [1;33m0[0m[0m
[self_driving-10] [0m[INFO] [1782450977.783007991] [self_driving]: [1;33m0[0m[0m
[self_driving-10] [0m[INFO] [1782450977.843016454] [self_driving]: [1;33m0[0m[0m
[self_driving-10] [0m[INFO] [1782450977.917215232] [self_driving]: [1;33m0[0m[0m
[self_driving-10] [0m[INFO] [1782450978.010234880] [self_driving]: [1;33m0[0m[0m
[self_driving-10] [0m[INFO] [1782450978.065957361] [self_driving]: [1;33m0[0m[0m
[self_driving-10] [0m[INFO] [1782450978.133562083] [self_driving]: [1;33m0[0m[0m
[self_driving-10] [0m[INFO] [1782450978.194481491] [self_driving]: [1;33m0[0m[0m
[self_driving-10] [0m[INFO] [1782450978.249461879] [self_driving]: [1;33m0[0m[0m
[self_driving-10] [0m[INFO] [1782450978.317447602] [self_driving]: [1;33m0[0m[0m
[self_driving-10] [0m[INFO] [1782450978.399791157] [self_driving]: [1;33m0[0m[0m
[self_driving-10] [0m[INFO] [1782450978.482535361] [self_driving]: [1;33m0[0m[0m
[self_driving-10] [0m[INFO] [1782450978.546524990] [self_driving]: [1;33m0[0m[0m
[self_driving-10] [0m[INFO] [1782450978.646273879] [self_driving]: [1;33m0[0m[0m
[self_driving-10] [0m[INFO] [1782450978.735589416] [self_driving]: [1;33m0[0m[0m
[self_driving-10] [0m[INFO] [1782450978.816957101] [self_driving]: [1;33m0[0m[0m
[self_driving-10] [0m[INFO] [1782450978.882079749] [self_driving]: [1;33m0[0m[0m
[self_driving-10] [0m[INFO] [1782450978.956989805] [self_driving]: [1;33m0[0m[0m
[self_driving-10] [0m[INFO] [1782450979.035829305] [self_driving]: [1;33m0[0m[0m
[self_driving-10] [0m[INFO] [1782450979.140608379] [self_driving]: [1;33m0[0m[0m
[self_driving-10] [0m[INFO] [1782450979.215989601] [self_driving]: [1;33m0[0m[0m
[self_driving-10] [0m[INFO] [1782450979.282253379] [self_driving]: [1;33m0[0m[0m
[self_driving-10] [0m[INFO] [1782450979.350323342] [self_driving]: [1;33m0[0m[0m
[self_driving-10] [0m[INFO] [1782450979.446590749] [self_driving]: [1;33m0[0m[0m
[self_driving-10] [0m[INFO] [1782450979.519954157] [self_driving]: [1;33m0[0m[0m
[self_driving-10] [0m[INFO] [1782450979.625746786] [self_driving]: [1;33m0[0m[0m
[self_driving-10] [0m[INFO] [1782450979.693485805] [self_driving]: [1;33m0[0m[0m
[self_driving-10] [0m[INFO] [1782450979.773789008] [self_driving]: [1;33m0[0m[0m
[self_driving-10] [0m[INFO] [1782450979.856280693] [self_driving]: [1;33m0[0m[0m
[self_driving-10] [0m[INFO] [1782450979.932713841] [self_driving]: [1;33m0[0m[0m
[self_driving-10] [0m[INFO] [1782450980.020449971] [self_driving]: [1;33m0[0m[0m
[self_driving-10] [0m[INFO] [1782450980.100703823] [self_driving]: [1;33m0[0m[0m
[self_driving-10] [0m[INFO] [1782450980.189444767] [self_driving]: [1;33m0[0m[0m
[self_driving-10] [0m[INFO] [1782450980.244442693] [self_driving]: [1;33m0[0m[0m
[self_driving-10] [0m[INFO] [1782450980.332220638] [self_driving]: [1;33m0[0m[0m
[self_driving-10] [0m[INFO] [1782450980.406258452] [self_driving]: [1;33m0[0m[0m
[self_driving-10] [0m[INFO] [1782450980.498504804] [self_driving]: [1;33m0[0m[0m
[self_driving-10] [0m[INFO] [1782450980.583979452] [self_driving]: [1;33m0[0m[0m
[self_driving-10] [0m[INFO] [1782450980.653970248] [self_driving]: [1;33m0[0m[0m
[self_driving-10] [0m[INFO] [1782450980.750018026] [self_driving]: [1;33m0[0m[0m
[self_driving-10] [0m[INFO] [1782450980.829893637] [self_driving]: [1;33m0[0m[0m
[self_driving-10] [0m[INFO] [1782450980.911302619] [self_driving]: [1;33m0[0m[0m
[self_driving-10] [0m[INFO] [1782450980.981059748] [self_driving]: [1;33m0[0m[0m
[self_driving-10] [0m[INFO] [1782450981.056716063] [self_driving]: [1;33m0[0m[0m
[self_driving-10] [0m[INFO] [1782450981.133185304] [self_driving]: [1;33m0[0m[0m
[self_driving-10] [0m[INFO] [1782450981.222860970] [self_driving]: [1;33m0[0m[0m
[self_driving-10] [0m[INFO] [1782450981.304258267] [self_driving]: [1;33m0[0m[0m
[self_driving-10] [0m[INFO] [1782450981.396367804] [self_driving]: [1;33m0[0m[0m
[self_driving-10] [0m[INFO] [1782450981.461644229] [self_driving]: [1;33m0[0m[0m
[self_driving-10] [0m[INFO] [1782450981.544485711] [self_driving]: [1;33m0[0m[0m
[self_driving-10] [0m[INFO] [1782450981.643760192] [self_driving]: [1;33m0[0m[0m
[self_driving-10] [0m[INFO] [1782450981.700096655] [self_driving]: [1;33m0[0m[0m
[self_driving-10] [0m[INFO] [1782450981.778214396] [self_driving]: [1;33m0[0m[0m
[self_driving-10] [0m[INFO] [1782450981.854124655] [self_driving]: [1;33m0[0m[0m
[self_driving-10] [0m[INFO] [1782450981.947177359] [self_driving]: [1;33m0[0m[0m
[self_driving-10] [0m[INFO] [1782450982.025983896] [self_driving]: [1;33m0[0m[0m
[self_driving-10] [0m[INFO] [1782450982.093109618] [self_driving]: [1;33m0[0m[0m
[self_driving-10] [0m[INFO] [1782450982.153130433] [self_driving]: [1;33m0[0m[0m
[self_driving-10] [0m[INFO] [1782450982.206030266] [self_driving]: [1;33m0[0m[0m
[self_driving-10] [0m[INFO] [1782450982.284688062] [self_driving]: [1;33m0[0m[0m
[self_driving-10] [0m[INFO] [1782450982.353020821] [self_driving]: [1;33m0[0m[0m
[self_driving-10] [0m[INFO] [1782450982.411174081] [self_driving]: [1;33m0[0m[0m
[self_driving-10] [0m[INFO] [1782450982.484213433] [self_driving]: [1;33m0[0m[0m
[self_driving-10] [0m[INFO] [1782450982.547011044] [self_driving]: [1;33m0[0m[0m
[self_driving-10] [0m[INFO] [1782450982.621779618] [self_driving]: [1;33m0[0m[0m
[self_driving-10] [0m[INFO] [1782450982.708106451] [self_driving]: [1;33m0[0m[0m
[self_driving-10] [0m[INFO] [1782450982.769571488] [self_driving]: [1;33m0[0m[0m
[self_driving-10] [0m[INFO] [1782450982.811284766] [self_driving]: [1;33m0[0m[0m
[self_driving-10] [0m[INFO] [1782450982.891317414] [self_driving]: [1;33m0[0m[0m
[self_driving-10] [0m[INFO] [1782450982.947158229] [self_driving]: [1;33m0[0m[0m
[self_driving-10] [0m[INFO] [1782450983.031471951] [self_driving]: [1;33m0[0m[0m
[self_driving-10] [0m[INFO] [1782450983.114582525] [self_driving]: [1;33m0[0m[0m
[self_driving-10] [0m[INFO] [1782450983.156931802] [self_driving]: [1;33m0[0m[0m
[self_driving-10] [0m[INFO] [1782450983.235611506] [self_driving]: [1;33m0[0m[0m
[self_driving-10] [0m[INFO] [1782450983.305851543] [self_driving]: [1;33m0[0m[0m
[self_driving-10] [0m[INFO] [1782450983.353810543] [self_driving]: [1;33m0[0m[0m
[self_driving-10] [0m[INFO] [1782450983.416067062] [self_driving]: [1;33m0[0m[0m
[self_driving-10] [0m[INFO] [1782450983.510628302] [self_driving]: [1;33m0[0m[0m
[self_driving-10] [0m[INFO] [1782450983.562639913] [self_driving]: [1;33m0[0m[0m
[self_driving-10] [0m[INFO] [1782450983.629379339] [self_driving]: [1;33m0[0m[0m
[self_driving-10] [0m[INFO] [1782450983.696782136] [self_driving]: [1;33m0[0m[0m
[self_driving-10] [0m[INFO] [1782450983.764263506] [self_driving]: [1;33m0[0m[0m
[self_driving-10] [0m[INFO] [1782450983.828062117] [self_driving]: [1;33m0[0m[0m
[self_driving-10] [0m[INFO] [1782450983.907055709] [self_driving]: [1;33m0[0m[0m
[self_driving-10] [0m[INFO] [1782450983.975216543] [self_driving]: [1;33m0[0m[0m
[self_driving-10] [0m[INFO] [1782450984.035185635] [self_driving]: [1;33m0[0m[0m
[self_driving-10] [0m[INFO] [1782450984.096540598] [self_driving]: [1;33m0[0m[0m
[self_driving-10] [0m[INFO] [1782450984.173244709] [self_driving]: [1;33m0[0m[0m
[self_driving-10] [0m[INFO] [1782450984.249859913] [self_driving]: [1;33m0[0m[0m
[self_driving-10] [0m[INFO] [1782450984.302914320] [self_driving]: [1;33m0[0m[0m
[self_driving-10] [0m[INFO] [1782450984.370823691] [self_driving]: [1;33m0[0m[0m
[self_driving-10] [0m[INFO] [1782450984.435010135] [self_driving]: [1;33m0[0m[0m
[self_driving-10] [0m[INFO] [1782450984.502503154] [self_driving]: [1;33m0[0m[0m
[self_driving-10] [0m[INFO] [1782450984.558513857] [self_driving]: [1;33m0[0m[0m
[self_driving-10] [0m[INFO] [1782450984.646191246] [self_driving]: [1;33m0[0m[0m
[self_driving-10] [0m[INFO] [1782450984.694873450] [self_driving]: [1;33m0[0m[0m
[self_driving-10] [0m[INFO] [1782450984.769408524] [self_driving]: [1;33m0[0m[0m
[self_driving-10] [0m[INFO] [1782450984.843339505] [self_driving]: [1;33m0[0m[0m
[self_driving-10] [0m[INFO] [1782450984.923820672] [self_driving]: [1;33m0[0m[0m
[self_driving-10] [0m[INFO] [1782450984.990849246] [self_driving]: [1;33m0[0m[0m
[self_driving-10] [0m[INFO] [1782450985.089556301] [self_driving]: [1;33m0[0m[0m
[self_driving-10] [0m[INFO] [1782450985.164178561] [self_driving]: [1;33m0[0m[0m
[self_driving-10] [0m[INFO] [1782450985.248238616] [self_driving]: [1;33m0[0m[0m
[self_driving-10] [0m[INFO] [1782450985.321854486] [self_driving]: [1;33m0[0m[0m
[self_driving-10] [0m[INFO] [1782450985.441985986] [self_driving]: [1;33m0[0m[0m
[self_driving-10] [0m[INFO] [1782450985.478513801] [self_driving]: [1;33m0[0m[0m
[self_driving-10] [0m[INFO] [1782450985.567340931] [self_driving]: [1;33m0[0m[0m
[self_driving-10] [0m[INFO] [1782450985.650728227] [self_driving]: [1;33m0[0m[0m
[self_driving-10] [0m[INFO] [1782450985.727660560] [self_driving]: [1;33m0[0m[0m
[self_driving-10] [0m[INFO] [1782450985.797687282] [self_driving]: [1;33m0[0m[0m
[self_driving-10] [0m[INFO] [1782450985.897002486] [self_driving]: [1;33m0[0m[0m
[self_driving-10] [0m[INFO] [1782450985.960272579] [self_driving]: [1;33m0[0m[0m
[self_driving-10] [0m[INFO] [1782450986.034740023] [self_driving]: [1;33m0[0m[0m
[self_driving-10] [0m[INFO] [1782450986.103346301] [self_driving]: [1;33m0[0m[0m
[self_driving-10] [0m[INFO] [1782450986.161942819] [self_driving]: [1;33m0[0m[0m
[self_driving-10] [0m[INFO] [1782450986.244527504] [self_driving]: [1;33m0[0m[0m
[self_driving-10] [0m[INFO] [1782450986.288636097] [self_driving]: [1;33m0[0m[0m
[self_driving-10] [0m[INFO] [1782450986.370200764] [self_driving]: [1;33m0[0m[0m
[self_driving-10] [0m[INFO] [1782450986.418378523] [self_driving]: [1;33m0[0m[0m
[self_driving-10] [0m[INFO] [1782450986.499419893] [self_driving]: [1;33m0[0m[0m
[self_driving-10] [0m[INFO] [1782450986.579979763] [self_driving]: [1;33m0[0m[0m
[self_driving-10] [0m[INFO] [1782450986.642098708] [self_driving]: [1;33m0[0m[0m
[self_driving-10] [0m[INFO] [1782450986.703949208] [self_driving]: [1;33m0[0m[0m
[self_driving-10] [0m[INFO] [1782450986.767760486] [self_driving]: [1;33m0[0m[0m
[self_driving-10] [0m[INFO] [1782450986.840718819] [self_driving]: [1;33m0[0m[0m
[self_driving-10] [0m[INFO] [1782450986.902193874] [self_driving]: [1;33m0[0m[0m
[self_driving-10] [0m[INFO] [1782450986.992587726] [self_driving]: [1;33m0[0m[0m
[self_driving-10] [0m[INFO] [1782450987.047546022] [self_driving]: [1;33m0[0m[0m
[self_driving-10] [0m[INFO] [1782450987.099106189] [self_driving]: [1;33m0[0m[0m
[self_driving-10] [0m[INFO] [1782450987.172356541] [self_driving]: [1;33m0[0m[0m
[self_driving-10] [0m[INFO] [1782450987.244115874] [self_driving]: [1;33m0[0m[0m
[self_driving-10] [0m[INFO] [1782450987.331384133] [self_driving]: [1;33m0[0m[0m
[self_driving-10] [0m[INFO] [1782450987.388774818] [self_driving]: [1;33m0[0m[0m
[self_driving-10] [0m[INFO] [1782450987.445015726] [self_driving]: [1;33m0[0m[0m
[self_driving-10] [0m[INFO] [1782450987.511457004] [self_driving]: [1;33m0[0m[0m
[self_driving-10] [0m[INFO] [1782450987.575920485] [self_driving]: [1;33m0[0m[0m
[self_driving-10] [0m[INFO] [1782450987.641841244] [self_driving]: [1;33m0[0m[0m
[self_driving-10] [0m[INFO] [1782450987.726357503] [self_driving]: [1;33m0[0m[0m
[self_driving-10] [0m[INFO] [1782450987.777596726] [self_driving]: [1;33m0[0m[0m
[self_driving-10] [0m[INFO] [1782450987.779113040] [self_driving]: DEBUG_DRIVE lane_x=40.5, linear=0.30, linear_y=0.00, angular=0.10, stop=False, crosswalk_distance=0, start_slow_down=False[0m
[self_driving-10] [0m[INFO] [1782450987.841113689] [self_driving]: [1;33m0[0m[0m
[self_driving-10] [0m[INFO] [1782450987.906875003] [self_driving]: [1;33m0[0m[0m
[self_driving-10] [0m[INFO] [1782450987.968540133] [self_driving]: [1;33m0[0m[0m
[self_driving-10] [0m[INFO] [1782450988.042080744] [self_driving]: [1;33m0[0m[0m
[self_driving-10] [0m[INFO] [1782450988.120127151] [self_driving]: [1;33m0[0m[0m
[self_driving-10] [0m[INFO] [1782450988.121866188] [self_driving]: DEBUG_DRIVE lane_x=136.5, linear=0.30, linear_y=0.00, angular=-0.10, stop=False, crosswalk_distance=0, start_slow_down=False[0m
[self_driving-10] [0m[INFO] [1782450988.180152633] [self_driving]: [1;33m0[0m[0m
[self_driving-10] [0m[INFO] [1782450988.181338781] [self_driving]: DEBUG_DRIVE lane_x=172.0, linear=0.30, linear_y=0.00, angular=-0.10, stop=False, crosswalk_distance=0, start_slow_down=False[0m
[self_driving-10] [0m[INFO] [1782450988.260602688] [self_driving]: [1;33m0[0m[0m
[self_driving-10] [0m[INFO] [1782450988.261736466] [self_driving]: DEBUG_DRIVE lane_x=124.0, linear=0.30, linear_y=0.00, angular=0.10, stop=False, crosswalk_distance=0, start_slow_down=False[0m
[self_driving-10] [0m[INFO] [1782450988.317134725] [self_driving]: [1;33m0[0m[0m
[self_driving-10] [0m[INFO] [1782450988.318440059] [self_driving]: DEBUG_DRIVE lane_x=176.5, linear=0.30, linear_y=0.00, angular=-0.10, stop=False, crosswalk_distance=0, start_slow_down=False[0m
[self_driving-10] [0m[INFO] [1782450988.385084818] [self_driving]: [1;33m0[0m[0m
[self_driving-10] [0m[INFO] [1782450988.387824281] [self_driving]: DEBUG_DRIVE lane_x=169.5, linear=0.30, linear_y=0.00, angular=-0.10, stop=False, crosswalk_distance=0, start_slow_down=False[0m
[self_driving-10] [0m[INFO] [1782450988.445956114] [self_driving]: [1;33m0[0m[0m
[self_driving-10] [0m[INFO] [1782450988.446966318] [self_driving]: DEBUG_DRIVE lane_x=102.5, linear=0.30, linear_y=0.00, angular=0.10, stop=False, crosswalk_distance=0, start_slow_down=False[0m
[self_driving-10] [0m[INFO] [1782450988.505532799] [self_driving]: [1;33m0[0m[0m
[self_driving-10] [0m[INFO] [1782450988.507259540] [self_driving]: DEBUG_DRIVE lane_x=244.0, linear=0.30, linear_y=0.00, angular=-0.45, stop=False, crosswalk_distance=0, start_slow_down=False[0m
[self_driving-10] [0m[INFO] [1782450988.590791003] [self_driving]: [1;33m0[0m[0m
[self_driving-10] [0m[INFO] [1782450988.594008744] [self_driving]: DEBUG_DRIVE lane_x=165.0, linear=0.30, linear_y=0.00, angular=-0.10, stop=False, crosswalk_distance=0, start_slow_down=False[0m
[self_driving-10] [0m[INFO] [1782450988.657493910] [self_driving]: [1;33m0[0m[0m
[self_driving-10] [0m[INFO] [1782450988.660602262] [self_driving]: DEBUG_DRIVE lane_x=239.0, linear=0.30, linear_y=0.00, angular=-0.45, stop=False, crosswalk_distance=0, start_slow_down=False[0m
[self_driving-10] [0m[INFO] [1782450988.705182021] [self_driving]: [1;33m0[0m[0m
[self_driving-10] [0m[INFO] [1782450988.707139318] [self_driving]: DEBUG_DRIVE lane_x=188.0, linear=0.30, linear_y=0.00, angular=-0.10, stop=False, crosswalk_distance=0, start_slow_down=False[0m
[self_driving-10] [0m[INFO] [1782450988.784592447] [self_driving]: [1;33m0[0m[0m
[self_driving-10] [0m[INFO] [1782450988.788118558] [self_driving]: DEBUG_DRIVE lane_x=100.5, linear=0.30, linear_y=0.00, angular=0.10, stop=False, crosswalk_distance=0, start_slow_down=False[0m
[self_driving-10] [0m[INFO] [1782450988.851197151] [self_driving]: [1;33m0[0m[0m
[self_driving-10] [0m[INFO] [1782450988.853732966] [self_driving]: DEBUG_DRIVE lane_x=95.5, linear=0.30, linear_y=0.00, angular=0.10, stop=False, crosswalk_distance=0, start_slow_down=False[0m
[self_driving-10] [0m[INFO] [1782450988.924776688] [self_driving]: [1;33m0[0m[0m
[self_driving-10] [0m[INFO] [1782450988.994145188] [self_driving]: [1;33m0[0m[0m
[self_driving-10] [0m[INFO] [1782450989.047140392] [self_driving]: [1;33m0[0m[0m
[self_driving-10] [0m[INFO] [1782450989.119459225] [self_driving]: [1;33m0[0m[0m
[self_driving-10] [0m[INFO] [1782450989.191498966] [self_driving]: [1;33m0[0m[0m
[self_driving-10] [0m[INFO] [1782450989.251411262] [self_driving]: [1;33m0[0m[0m
[self_driving-10] [0m[INFO] [1782450989.333493354] [self_driving]: [1;33m0[0m[0m
[self_driving-10] [0m[INFO] [1782450989.395691336] [self_driving]: [1;33m0[0m[0m
[self_driving-10] [0m[INFO] [1782450989.446410577] [self_driving]: [1;33m0[0m[0m
[self_driving-10] [0m[INFO] [1782450989.525658891] [self_driving]: [1;33m0[0m[0m
[self_driving-10] [0m[INFO] [1782450989.587517965] [self_driving]: [1;33m0[0m[0m
[self_driving-10] [0m[INFO] [1782450989.649733965] [self_driving]: [1;33m0[0m[0m
[self_driving-10] [0m[INFO] [1782450989.744800650] [self_driving]: [1;33m0[0m[0m
[self_driving-10] [0m[INFO] [1782450989.797352595] [self_driving]: [1;33m0[0m[0m
[self_driving-10] [0m[INFO] [1782450989.865032039] [self_driving]: [1;33m0[0m[0m
[self_driving-10] [0m[INFO] [1782450989.930181428] [self_driving]: [1;33m0[0m[0m
[self_driving-10] [0m[INFO] [1782450989.999918391] [self_driving]: [1;33m0[0m[0m
[self_driving-10] [0m[INFO] [1782450990.058385780] [self_driving]: [1;33m0[0m[0m
[self_driving-10] [0m[INFO] [1782450990.125870261] [self_driving]: [1;33m0[0m[0m
[self_driving-10] [0m[INFO] [1782450990.185689113] [self_driving]: [1;33m0[0m[0m
[self_driving-10] [0m[INFO] [1782450990.254006761] [self_driving]: [1;33m0[0m[0m
[self_driving-10] [0m[INFO] [1782450990.332874946] [self_driving]: [1;33m0[0m[0m
[self_driving-10] [0m[INFO] [1782450990.395273798] [self_driving]: [1;33m0[0m[0m
[self_driving-10] [0m[INFO] [1782450990.488486076] [self_driving]: [1;33m0[0m[0m
[self_driving-10] [0m[INFO] [1782450990.523969706] [self_driving]: [1;33m0[0m[0m
[self_driving-10] [0m[INFO] [1782450990.602537317] [self_driving]: [1;33m0[0m[0m
[self_driving-10] [0m[INFO] [1782450990.672333002] [self_driving]: [1;33m0[0m[0m
[self_driving-10] [0m[INFO] [1782450990.738363742] [self_driving]: [1;33m0[0m[0m
[self_driving-10] [0m[INFO] [1782450990.789866020] [self_driving]: [1;33m0[0m[0m
[self_driving-10] [0m[INFO] [1782450990.877977409] [self_driving]: [1;33m0[0m[0m
[self_driving-10] [0m[INFO] [1782450990.948291668] [self_driving]: [1;33m0[0m[0m
[self_driving-10] [0m[INFO] [1782450990.992017205] [self_driving]: [1;33m0[0m[0m
[self_driving-10] [0m[INFO] [1782450991.069496039] [self_driving]: [1;33m0[0m[0m
[self_driving-10] [0m[INFO] [1782450991.129690909] [self_driving]: [1;33m0[0m[0m
[self_driving-10] [0m[INFO] [1782450991.217430761] [self_driving]: [1;33m0[0m[0m
[self_driving-10] [0m[INFO] [1782450991.279495335] [self_driving]: [1;33m0[0m[0m
[self_driving-10] [0m[INFO] [1782450991.349610687] [self_driving]: [1;33m0[0m[0m
[self_driving-10] [0m[INFO] [1782450991.394434575] [self_driving]: [1;33m0[0m[0m
[self_driving-10] [0m[INFO] [1782450991.471619409] [self_driving]: [1;33m0[0m[0m
[self_driving-10] [0m[INFO] [1782450991.546175649] [self_driving]: [1;33m0[0m[0m
[self_driving-10] [0m[INFO] [1782450991.624294834] [self_driving]: [1;33m0[0m[0m
[self_driving-10] [0m[INFO] [1782450991.662177594] [self_driving]: [1;33m0[0m[0m
[self_driving-10] [0m[INFO] [1782450991.752834649] [self_driving]: [1;33m0[0m[0m
[self_driving-10] [0m[INFO] [1782450991.814014501] [self_driving]: [1;33m0[0m[0m
[self_driving-10] [0m[INFO] [1782450991.872558612] [self_driving]: [1;33m0[0m[0m
[self_driving-10] [0m[INFO] [1782450991.964886649] [self_driving]: [1;33m0[0m[0m
[self_driving-10] [0m[INFO] [1782450992.017302056] [self_driving]: [1;33m0[0m[0m
[self_driving-10] [0m[INFO] [1782450992.076888445] [self_driving]: [1;33m0[0m[0m
[self_driving-10] [0m[INFO] [1782450992.145621686] [self_driving]: [1;33m0[0m[0m
[self_driving-10] [0m[INFO] [1782450992.212594797] [self_driving]: [1;33m0[0m[0m
[self_driving-10] [0m[INFO] [1782450992.282647667] [self_driving]: [1;33m0[0m[0m
[self_driving-10] [0m[INFO] [1782450992.357242760] [self_driving]: [1;33m0[0m[0m
[self_driving-10] [0m[INFO] [1782450992.428916908] [self_driving]: [1;33m0[0m[0m
[self_driving-10] [0m[INFO] [1782450992.481743834] [self_driving]: [1;33m0[0m[0m
[self_driving-10] [0m[INFO] [1782450992.550870427] [self_driving]: [1;33m0[0m[0m
[self_driving-10] [0m[INFO] [1782450992.620566075] [self_driving]: [1;33m0[0m[0m
[self_driving-10] [0m[INFO] [1782450992.702453241] [self_driving]: [1;33m0[0m[0m
[self_driving-10] [0m[INFO] [1782450992.749637760] [self_driving]: [1;33m0[0m[0m
[self_driving-10] [0m[INFO] [1782450992.820470241] [self_driving]: [1;33m0[0m[0m
[self_driving-10] [0m[INFO] [1782450992.881149797] [self_driving]: [1;33m0[0m[0m
[self_driving-10] [0m[INFO] [1782450992.942605871] [self_driving]: [1;33m0[0m[0m
[self_driving-10] [0m[INFO] [1782450993.006179852] [self_driving]: [1;33m0[0m[0m
[self_driving-10] [0m[INFO] [1782450993.105235908] [self_driving]: [1;33m0[0m[0m
[self_driving-10] [0m[INFO] [1782450993.157589408] [self_driving]: [1;33m0[0m[0m
[self_driving-10] [0m[INFO] [1782450993.219874315] [self_driving]: [1;33m0[0m[0m
[self_driving-10] [0m[INFO] [1782450993.289199241] [self_driving]: [1;33m0[0m[0m
[self_driving-10] [0m[INFO] [1782450993.363035778] [self_driving]: [1;33m0[0m[0m
[self_driving-10] [0m[INFO] [1782450993.407854759] [self_driving]: [1;33m0[0m[0m
[self_driving-10] [0m[INFO] [1782450993.499861852] [self_driving]: [1;33m0[0m[0m
[self_driving-10] [0m[INFO] [1782450993.557313333] [self_driving]: [1;33m0[0m[0m
[self_driving-10] [0m[INFO] [1782450993.621628481] [self_driving]: [1;33m0[0m[0m
[self_driving-10] [0m[INFO] [1782450993.679354518] [self_driving]: [1;33m0[0m[0m
[self_driving-10] [0m[INFO] [1782450993.758910500] [self_driving]: [1;33m0[0m[0m
[self_driving-10] [0m[INFO] [1782450993.812824667] [self_driving]: [1;33m0[0m[0m
[self_driving-10] [0m[INFO] [1782450993.886128389] [self_driving]: [1;33m0[0m[0m
