[INFO] [launch]: All log files can be found below /home/ubuntu/.ros/log/2026-06-26-07-32-33-430279-raspberrypi-529371
[INFO] [launch]: Default logging verbosity is set to INFO
[INFO] [ascamera_node-1]: process started with pid [529390]
[INFO] [static_transform_publisher-2]: process started with pid [529392]
[INFO] [static_transform_publisher-3]: process started with pid [529394]
[INFO] [joint_state_publisher-4]: process started with pid [529396]
[INFO] [robot_state_publisher-5]: process started with pid [529398]
[INFO] [ros_robot_controller-6]: process started with pid [529400]
[INFO] [odom_publisher-7]: process started with pid [529402]
[INFO] [ekf_node-8]: process started with pid [529404]
[INFO] [yolo_detect-9]: process started with pid [529406]
[INFO] [self_driving-10]: process started with pid [529408]
[static_transform_publisher-2] [33m[WARN] [1782459154.256990488] []: Old-style arguments are deprecated; see --help for new-style arguments[0m
[static_transform_publisher-3] [33m[WARN] [1782459154.271850265] []: Old-style arguments are deprecated; see --help for new-style arguments[0m
[ascamera_node-1] [0m[INFO] [1782459154.295747951] [as_logger]: hello world angstrong camera ros2 node[0m
[static_transform_publisher-2] [0m[INFO] [1782459154.952933987] [static_transform_publisher_vFkdVpD4marEBXNP]: Spinning until stopped - publishing transform
[static_transform_publisher-2] translation: ('0.000000', '0.000000', '0.000000')
[static_transform_publisher-2] rotation: ('-0.500000', '0.499602', '-0.500000', '0.500398')
[static_transform_publisher-2] from 'depth_cam' to 'ascamera_camera_link_0'[0m
[robot_state_publisher-5] [0m[INFO] [1782459155.032591580] [robot_state_publisher]: got segment base_footprint[0m
[robot_state_publisher-5] [0m[INFO] [1782459155.032798950] [robot_state_publisher]: got segment base_link[0m
[robot_state_publisher-5] [0m[INFO] [1782459155.032825895] [robot_state_publisher]: got segment depth_cam[0m
[robot_state_publisher-5] [0m[INFO] [1782459155.032850691] [robot_state_publisher]: got segment imu_link[0m
[robot_state_publisher-5] [0m[INFO] [1782459155.032864580] [robot_state_publisher]: got segment lidar_frame[0m
[robot_state_publisher-5] [0m[INFO] [1782459155.032874469] [robot_state_publisher]: got segment wheel_lb_Link[0m
[robot_state_publisher-5] [0m[INFO] [1782459155.032888728] [robot_state_publisher]: got segment wheel_lf_Link[0m
[robot_state_publisher-5] [0m[INFO] [1782459155.032900524] [robot_state_publisher]: got segment wheel_rb_Link[0m
[robot_state_publisher-5] [0m[INFO] [1782459155.032910450] [robot_state_publisher]: got segment wheel_rf_Link[0m
[static_transform_publisher-3] [0m[INFO] [1782459155.083690950] [static_transform_publisher_w5QS8pi6koQpCLAI]: Spinning until stopped - publishing transform
[static_transform_publisher-3] translation: ('0.000000', '0.000000', '0.000000')
[static_transform_publisher-3] rotation: ('-0.500000', '0.499602', '-0.500000', '0.500398')
[static_transform_publisher-3] from 'depth_cam' to 'ascamera_color_0'[0m
[ascamera_node-1] 2026-06-26 07:32:35[INFO] [CameraPublisher.cpp] [1558] [printLaunchParams] get depth_width 640
[ascamera_node-1] 2026-06-26 07:32:35[INFO] [CameraPublisher.cpp] [1559] [printLaunchParams] get depth_height 480
[ascamera_node-1] 2026-06-26 07:32:35[INFO] [CameraPublisher.cpp] [1561] [printLaunchParams] get rgb_width 640
[ascamera_node-1] 2026-06-26 07:32:35[INFO] [CameraPublisher.cpp] [1562] [printLaunchParams] get rgb_height 480
[ascamera_node-1] 2026-06-26 07:32:35[INFO] [CameraPublisher.cpp] [1570] [printLaunchParams] get set_fps 15
[ascamera_node-1] 2026-06-26 07:32:35[INFO] [CameraPublisher.cpp] [1578] [printLaunchParams] get color_pcl 1
[ascamera_node-1] 2026-06-26 07:32:35[INFO] [CameraPublisher.cpp] [1582] [printLaunchParams] get pub_tfTree 1
[ascamera_node-1] 2026-06-26 07:32:35[INFO] [CameraSrv.cpp] [35] [CameraSrv] Angstrong camera server
[ascamera_node-1] 2026-06-26 07:32:35[INFO] [CameraSrv.cpp] [45] [CameraSrv] Angstrong camera sdk version:v1.2.22.20240516
[joint_state_publisher-4] [0m[INFO] [1782459156.015815616] [joint_state_publisher]: Waiting for robot_description to be published on the robot_description topic...[0m
[ascamera_node-1] 2026-06-26 07:32:36[INFO] [CameraSrv.cpp] [114] [onAttached] attached
[ascamera_node-1] 2026-06-26 07:32:36[INFO] [CameraSrv.cpp] [145] [onAttached] this is a new attach device, create and open it
