[INFO] [launch]: All log files can be found below /home/ubuntu/.ros/log/2026-06-26-07-37-32-231032-raspberrypi-559629
[INFO] [launch]: Default logging verbosity is set to INFO
[INFO] [ascamera_node-1]: process started with pid [559649]
[INFO] [static_transform_publisher-2]: process started with pid [559651]
[INFO] [static_transform_publisher-3]: process started with pid [559653]
[INFO] [joint_state_publisher-4]: process started with pid [559655]
[INFO] [robot_state_publisher-5]: process started with pid [559657]
[INFO] [ros_robot_controller-6]: process started with pid [559659]
[INFO] [odom_publisher-7]: process started with pid [559661]
[INFO] [ekf_node-8]: process started with pid [559663]
[INFO] [yolo_detect-9]: process started with pid [559665]
[INFO] [self_driving-10]: process started with pid [559667]
[ascamera_node-1] [0m[INFO] [1782459453.127996735] [as_logger]: hello world angstrong camera ros2 node[0m
[static_transform_publisher-3] [33m[WARN] [1782459453.132579087] []: Old-style arguments are deprecated; see --help for new-style arguments[0m
[static_transform_publisher-2] [33m[WARN] [1782459453.136728810] []: Old-style arguments are deprecated; see --help for new-style arguments[0m
[static_transform_publisher-2] [0m[INFO] [1782459453.413737143] [static_transform_publisher_xpMqLzr5jET0fd8m]: Spinning until stopped - publishing transform
[static_transform_publisher-2] translation: ('0.000000', '0.000000', '0.000000')
[static_transform_publisher-2] rotation: ('-0.500000', '0.499602', '-0.500000', '0.500398')
[static_transform_publisher-2] from 'depth_cam' to 'ascamera_camera_link_0'[0m
[ascamera_node-1] 2026-06-26 07:37:33[INFO] [CameraPublisher.cpp] [1558] [printLaunchParams] get depth_width 640
[ascamera_node-1] 2026-06-26 07:37:33[INFO] [CameraPublisher.cpp] [1559] [printLaunchParams] get depth_height 480
[ascamera_node-1] 2026-06-26 07:37:33[INFO] [CameraPublisher.cpp] [1561] [printLaunchParams] get rgb_width 640
[ascamera_node-1] 2026-06-26 07:37:33[INFO] [CameraPublisher.cpp] [1562] [printLaunchParams] get rgb_height 480
[ascamera_node-1] 2026-06-26 07:37:33[INFO] [CameraPublisher.cpp] [1570] [printLaunchParams] get set_fps 15
[ascamera_node-1] 2026-06-26 07:37:33[INFO] [CameraPublisher.cpp] [1578] [printLaunchParams] get color_pcl 1
[ascamera_node-1] 2026-06-26 07:37:33[INFO] [CameraPublisher.cpp] [1582] [printLaunchParams] get pub_tfTree 1
[ascamera_node-1] 2026-06-26 07:37:33[INFO] [CameraSrv.cpp] [35] [CameraSrv] Angstrong camera server
[ascamera_node-1] 2026-06-26 07:37:33[INFO] [CameraSrv.cpp] [45] [CameraSrv] Angstrong camera sdk version:v1.2.22.20240516
[static_transform_publisher-3] [0m[INFO] [1782459453.660305754] [static_transform_publisher_IKuHonh1c3YrwaZg]: Spinning until stopped - publishing transform
[static_transform_publisher-3] translation: ('0.000000', '0.000000', '0.000000')
[static_transform_publisher-3] rotation: ('-0.500000', '0.499602', '-0.500000', '0.500398')
[static_transform_publisher-3] from 'depth_cam' to 'ascamera_color_0'[0m
[robot_state_publisher-5] [0m[INFO] [1782459453.721561735] [robot_state_publisher]: got segment base_footprint[0m
[robot_state_publisher-5] [0m[INFO] [1782459453.721744105] [robot_state_publisher]: got segment base_link[0m
[robot_state_publisher-5] [0m[INFO] [1782459453.721773235] [robot_state_publisher]: got segment depth_cam[0m
[robot_state_publisher-5] [0m[INFO] [1782459453.721787809] [robot_state_publisher]: got segment imu_link[0m
[robot_state_publisher-5] [0m[INFO] [1782459453.721796735] [robot_state_publisher]: got segment lidar_frame[0m
[robot_state_publisher-5] [0m[INFO] [1782459453.721805217] [robot_state_publisher]: got segment wheel_lb_Link[0m
[robot_state_publisher-5] [0m[INFO] [1782459453.721814902] [robot_state_publisher]: got segment wheel_lf_Link[0m
[robot_state_publisher-5] [0m[INFO] [1782459453.721823365] [robot_state_publisher]: got segment wheel_rb_Link[0m
[robot_state_publisher-5] [0m[INFO] [1782459453.721831846] [robot_state_publisher]: got segment wheel_rf_Link[0m
[ascamera_node-1] 2026-06-26 07:37:34[INFO] [CameraSrv.cpp] [114] [onAttached] attached
[ascamera_node-1] 2026-06-26 07:37:34[INFO] [CameraSrv.cpp] [145] [onAttached] this is a new attach device, create and open it
[joint_state_publisher-4] [0m[INFO] [1782459455.100355364] [joint_state_publisher]: Waiting for robot_description to be published on the robot_description topic...[0m
[ekf_node-8] Failed to meet update rate! Took 0.01082542600000000084seconds. Try decreasing the rate, limiting sensor output frequency, or limiting the number of sensors.
[odom_publisher-7] [0m[INFO] [1782459455.405799438] [odom_publisher]: [1;32m0.930000 1.010000[0m[0m
[odom_publisher-7] [0m[INFO] [1782459455.499156530] [odom_publisher]: [1;32mstart[0m[0m
[ascamera_node-1] 2026-06-26 07:37:35[INFO] [CameraSrv.cpp] [154] [onAttached] get model type 9
[ascamera_node-1] 2026-06-26 07:37:35[INFO] [CameraSrv.cpp] [342] [getConfigFile] get file: /home/ubuntu/third_party_ros2/third_party_ws/src/ascamera/configurationfiles/hp60c_v2_00_20230704_configEncrypt.json
[ascamera_node-1] 2026-06-26 07:37:35[INFO] [CameraPublisher.cpp] [1501] [logCameraPathInfo] usb camera
[ascamera_node-1] 2026-06-26 07:37:35[INFO] [CameraPublisher.cpp] [1502] [logCameraPathInfo] bnum:1
[ascamera_node-1] 2026-06-26 07:37:35[INFO] [CameraPublisher.cpp] [1503] [logCameraPathInfo] dnum:3
[ascamera_node-1] 2026-06-26 07:37:35[INFO] [CameraPublisher.cpp] [1504] [logCameraPathInfo] port_numbers:2
[ascamera_node-1] 2026-06-26 07:37:35[INFO] [CameraPublisher.cpp] [171] [onCameraAttached] create a new publisher info set
[ascamera_node-1] 2026-06-26 07:37:35[INFO] [TfTreeFrameIdInfo.cpp] [11] [TfTreeFrameIdInfo] Namespace /ascamera
[ascamera_node-1] 2026-06-26 07:37:35[INFO] [CameraHp60c.cpp] [128] [open] according to the configuration file.
[ascamera_node-1] 2026-06-26 07:37:35[INFO] [CameraHp60c.cpp] [1528] [parseConfigFileParameter] moduleName:AS_CAM_HP60C
[ascamera_node-1] 2026-06-26 07:37:35[INFO] [CameraHp60c.cpp] [1555] [parseConfigFileParameter] Parsing config file /home/ubuntu/third_party_ros2/third_party_ws/src/ascamera/configurationfiles/hp60c_v2_00_20230704_configEncrypt.json
[ascamera_node-1] 2026-06-26 07:37:35[INFO] [CameraHp60c.cpp] [1620] [parseConfigFileParameter] configuration protocol Version: v2.x
[ascamera_node-1] 2026-06-26 07:37:35[INFO] [CameraHp60c.cpp] [1631] [parseConfigFileParameter] configuration Version: v2.0.0.20230704
[ascamera_node-1] 2026-06-26 07:37:35[INFO] [CameraHp60c.cpp] [1796] [setParamersAfterOpenCam] Camera confiParaEnable true, setting configuration parameter
[ros_robot_controller-6] [0m[INFO] [1782459455.928023308] [ros_robot_controller]: 已设置舵机 1 的偏移量为 0[0m
[ros_robot_controller-6] [0m[INFO] [1782459455.929656030] [ros_robot_controller]: 已设置舵机 2 的偏移量为 0[0m
[ros_robot_controller-6] [0m[INFO] [1782459455.931287067] [ros_robot_controller]: 已设置舵机 3 的偏移量为 4[0m
[ros_robot_controller-6] [0m[INFO] [1782459455.932134252] [ros_robot_controller]: 已设置舵机 4 的偏移量为 0[0m
[ros_robot_controller-6] [0m[INFO] [1782459455.935751734] [ros_robot_controller]: [1;32mstart[0m[0m
[ascamera_node-1] 2026-06-26 07:37:37[ERROR] [XuCmdCameraHp60c.cpp] [454] [getMjpegSize] get mjpeg from xu command failed
[ascamera_node-1] 2026-06-26 07:37:37[INFO] [XuCmdCameraHp60c.cpp] [458] [getMjpegSize] mjpeg size:640x480
[ascamera_node-1] 2026-06-26 07:37:37[INFO] [CameraPublisher.cpp] [356] [onCameraOpen] camera opened
[ascamera_node-1] 2026-06-26 07:37:37[INFO] [CameraPublisher.cpp] [370] [onCameraOpen] get config info, ret 0, is_Registration 1
[ascamera_node-1] 2026-06-26 07:37:37[INFO] [Camera.cpp] [61] [init] #camera[0x555626d3e710] SN[ASC60CF08000515]'s firmware version:DLS_VERc20865=:V01.09_2024110714:V01.19_2024110714:L01
[ascamera_node-1] 2026-06-26 07:37:37[INFO] [CameraPublisher.cpp] [1183] [setResolution] set depth resolution: 640 x 480 @ 15fps
[ascamera_node-1] 2026-06-26 07:37:37[INFO] [CameraPublisher.cpp] [1197] [setResolution] set rgb resolution: 640 x 480 @ 15fps
[ascamera_node-1] 2026-06-26 07:37:37[INFO] [CameraHp60c.cpp] [260] [startStreaming] start streaming
[ascamera_node-1] 2026-06-26 07:37:37[INFO] [CameraSrv.cpp] [202] [onAttached] attached end
[self_driving-10] [0m[INFO] [1782459457.917583084] [self_driving]: [1;32mself driving enter[0m[0m
[self_driving-10] [0m[INFO] [1782459457.939973529] [self_driving]: [1;32mset_running[0m[0m
[self_driving-10] [0m[INFO] [1782459457.946977621] [self_driving]: [1;32mstart[0m[0m
[INFO] [apply_calib-11]: process started with pid [559830]
[INFO] [complementary_filter_node-12]: process started with pid [559832]
[complementary_filter_node-12] [0m[INFO] [1782459458.099796010] [imu_filter]: Starting ComplementaryFilterROS[0m
[apply_calib-11] [0m[INFO] [1782459458.527926251] [imu_calib]: Calibrating gyros; do not move the IMU[0m
[ascamera_node-1] 2026-06-26 07:37:38[INFO] [CameraHp60c.cpp] [912] [setInternalParameter] mjpeg info: size(640x480)
[ascamera_node-1] 2026-06-26 07:37:39[INFO] [Camera.cpp] [127] [backgroundThread] SN [ ASC60CF08000515 ]'s parameter:
[ascamera_node-1] 2026-06-26 07:37:39[INFO] [Camera.cpp] [128] [backgroundThread] irfx: 426.962
[ascamera_node-1] 2026-06-26 07:37:39[INFO] [Camera.cpp] [129] [backgroundThread] irfy: 426.374
[ascamera_node-1] 2026-06-26 07:37:39[INFO] [Camera.cpp] [130] [backgroundThread] ircx: 315.403
[ascamera_node-1] 2026-06-26 07:37:39[INFO] [Camera.cpp] [131] [backgroundThread] ircy: 240.933
[ascamera_node-1] 2026-06-26 07:37:39[INFO] [Camera.cpp] [132] [backgroundThread] rgbfx: 570.48
[ascamera_node-1] 2026-06-26 07:37:39[INFO] [Camera.cpp] [133] [backgroundThread] rgbfy: 569.949
[ascamera_node-1] 2026-06-26 07:37:39[INFO] [Camera.cpp] [134] [backgroundThread] rgbcx: 329.75
[ascamera_node-1] 2026-06-26 07:37:39[INFO] [Camera.cpp] [135] [backgroundThread] rgbcy: 238.406
[ascamera_node-1] 
[ascamera_node-1] 2026-06-26 07:37:39[INFO] [CameraHp60c.cpp] [1149] [streamCallback] set gain ret 0, gain 4
[self_driving-10] [0m[INFO] [1782459459.622654935] [self_driving]: [1;33m0[0m[0m
[self_driving-10] [0m[INFO] [1782459459.635336232] [self_driving]: [1;33m0[0m[0m
[self_driving-10] [0m[INFO] [1782459459.678332972] [self_driving]: [1;33m0[0m[0m
[self_driving-10] [0m[INFO] [1782459459.716730065] [self_driving]: [1;33m0[0m[0m
[self_driving-10] [0m[INFO] [1782459459.780823676] [self_driving]: [1;33m0[0m[0m
[self_driving-10] [0m[INFO] [1782459459.803506620] [self_driving]: [1;33m0[0m[0m
[self_driving-10] [0m[INFO] [1782459459.906809935] [self_driving]: [1;33m0[0m[0m
[self_driving-10] [0m[INFO] [1782459459.958569768] [self_driving]: [1;33m0[0m[0m
[self_driving-10] [0m[INFO] [1782459460.012387639] [self_driving]: [1;33m0[0m[0m
[self_driving-10] [0m[INFO] [1782459460.079062546] [self_driving]: [1;33m0[0m[0m
[self_driving-10] [0m[INFO] [1782459460.224866139] [self_driving]: [1;33m0[0m[0m
[self_driving-10] [0m[INFO] [1782459460.274972639] [self_driving]: [1;33m0[0m[0m
[self_driving-10] [0m[INFO] [1782459460.300570416] [self_driving]: [1;33m0[0m[0m
[self_driving-10] [0m[INFO] [1782459460.334535342] [self_driving]: [1;33m0[0m[0m
[self_driving-10] [0m[INFO] [1782459460.424155768] [self_driving]: [1;33m0[0m[0m
[self_driving-10] [0m[INFO] [1782459460.484362453] [self_driving]: [1;33m0[0m[0m
[self_driving-10] [0m[INFO] [1782459460.548523564] [self_driving]: [1;33m0[0m[0m
[self_driving-10] [0m[INFO] [1782459460.618272564] [self_driving]: [1;33m0[0m[0m
[self_driving-10] [0m[INFO] [1782459460.697173916] [self_driving]: [1;33m0[0m[0m
[self_driving-10] [0m[INFO] [1782459460.750657861] [self_driving]: [1;33m0[0m[0m
[apply_calib-11] [0m[INFO] [1782459460.750930916] [imu_calib]: Gyro calibration complete! (bias = [-0.068, 0.050, 0.003])[0m
[self_driving-10] [0m[INFO] [1782459460.835846638] [self_driving]: [1;33m0[0m[0m
[self_driving-10] [0m[INFO] [1782459460.878747083] [self_driving]: [1;33m0[0m[0m
[self_driving-10] [0m[INFO] [1782459460.965445860] [self_driving]: [1;33m0[0m[0m
[self_driving-10] [0m[INFO] [1782459461.040549231] [self_driving]: [1;33m0[0m[0m
[self_driving-10] [0m[INFO] [1782459461.093897509] [self_driving]: [1;33m0[0m[0m
[self_driving-10] [0m[INFO] [1782459461.170952897] [self_driving]: [1;33m0[0m[0m
[self_driving-10] [0m[INFO] [1782459461.248813527] [self_driving]: [1;33m0[0m[0m
[self_driving-10] [0m[INFO] [1782459461.342559379] [self_driving]: [1;33m0[0m[0m
[self_driving-10] [0m[INFO] [1782459461.380970379] [self_driving]: [1;33m0[0m[0m
[self_driving-10] [0m[INFO] [1782459461.446316119] [self_driving]: [1;33m0[0m[0m
[self_driving-10] [0m[INFO] [1782459461.494058527] [self_driving]: [1;33m0[0m[0m
[self_driving-10] [0m[INFO] [1782459461.593137434] [self_driving]: [1;33m0[0m[0m
[self_driving-10] [0m[INFO] [1782459461.636559230] [self_driving]: [1;33m0[0m[0m
[self_driving-10] [0m[INFO] [1782459461.706021434] [self_driving]: [1;33m0[0m[0m
[self_driving-10] [0m[INFO] [1782459461.774342156] [self_driving]: [1;33m0[0m[0m
[self_driving-10] [0m[INFO] [1782459461.896291452] [self_driving]: [1;33m0[0m[0m
[self_driving-10] [0m[INFO] [1782459461.904594934] [self_driving]: [1;33m0[0m[0m
[self_driving-10] [0m[INFO] [1782459461.952708508] [self_driving]: [1;33m0[0m[0m
[self_driving-10] [0m[INFO] [1782459462.032531026] [self_driving]: [1;33m0[0m[0m
[self_driving-10] [0m[INFO] [1782459462.105294897] [self_driving]: [1;33m0[0m[0m
[self_driving-10] [0m[INFO] [1782459462.142937249] [self_driving]: [1;33m0[0m[0m
[ekf_node-8] Failed to meet update rate! Took 0.01017294499999999921seconds. Try decreasing the rate, limiting sensor output frequency, or limiting the number of sensors.
[self_driving-10] [0m[INFO] [1782459462.295848989] [self_driving]: [1;33m0[0m[0m
[self_driving-10] [0m[INFO] [1782459462.468485304] [self_driving]: [1;33m0[0m[0m
[self_driving-10] [0m[INFO] [1782459462.513838897] [self_driving]: [1;33m0[0m[0m
[self_driving-10] [0m[INFO] [1782459462.591533804] [self_driving]: [1;33m0[0m[0m
[self_driving-10] [0m[INFO] [1782459462.621112934] [self_driving]: [1;33m0[0m[0m
[self_driving-10] [0m[INFO] [1782459462.688255063] [self_driving]: [1;33m0[0m[0m
[self_driving-10] [0m[INFO] [1782459462.756997933] [self_driving]: [1;33m0[0m[0m
[self_driving-10] [0m[INFO] [1782459462.943162785] [self_driving]: [1;33m0[0m[0m
[self_driving-10] [0m[INFO] [1782459462.997595544] [self_driving]: [1;33m0[0m[0m
[self_driving-10] [0m[INFO] [1782459463.018707785] [self_driving]: [1;33m0[0m[0m
[self_driving-10] [0m[INFO] [1782459463.058453322] [self_driving]: [1;33m0[0m[0m
[self_driving-10] [0m[INFO] [1782459463.108246081] [self_driving]: [1;33m0[0m[0m
[self_driving-10] [0m[INFO] [1782459463.166560026] [self_driving]: [1;33m0[0m[0m
[self_driving-10] [0m[INFO] [1782459463.247057026] [self_driving]: [1;33m0[0m[0m
[self_driving-10] [0m[INFO] [1782459463.330972692] [self_driving]: [1;33m0[0m[0m
[self_driving-10] [0m[INFO] [1782459463.379211581] [self_driving]: [1;33m0[0m[0m
[self_driving-10] [0m[INFO] [1782459463.437191359] [self_driving]: [1;33m0[0m[0m
[self_driving-10] [0m[INFO] [1782459463.516417081] [self_driving]: [1;33m0[0m[0m
[self_driving-10] [0m[INFO] [1782459463.560979192] [self_driving]: [1;33m0[0m[0m
[self_driving-10] [0m[INFO] [1782459463.634199155] [self_driving]: [1;33m0[0m[0m
[self_driving-10] [0m[INFO] [1782459463.698822451] [self_driving]: [1;33m0[0m[0m
[ekf_node-8] Failed to meet update rate! Took 0.032514258999999996746seconds. Try decreasing the rate, limiting sensor output frequency, or limiting the number of sensors.
[self_driving-10] [0m[INFO] [1782459463.856684692] [self_driving]: [1;33m0[0m[0m
[self_driving-10] [0m[INFO] [1782459463.934262081] [self_driving]: [1;33m0[0m[0m
[self_driving-10] [0m[INFO] [1782459463.947390896] [self_driving]: [1;33m0[0m[0m
[self_driving-10] [0m[INFO] [1782459463.977496785] [self_driving]: [1;33m0[0m[0m
[self_driving-10] [0m[INFO] [1782459464.010139377] [self_driving]: [1;33m0[0m[0m
[self_driving-10] [0m[INFO] [1782459464.095543414] [self_driving]: [1;33m0[0m[0m
[self_driving-10] [0m[INFO] [1782459464.165474155] [self_driving]: [1;33m0[0m[0m
[self_driving-10] [0m[INFO] [1782459464.285062877] [self_driving]: [1;33m0[0m[0m
[self_driving-10] [0m[INFO] [1782459464.307405877] [self_driving]: [1;33m0[0m[0m
[self_driving-10] [0m[INFO] [1782459464.369060044] [self_driving]: [1;33m0[0m[0m
[self_driving-10] [0m[INFO] [1782459464.463023784] [self_driving]: [1;33m0[0m[0m
[self_driving-10] [0m[INFO] [1782459464.512958710] [self_driving]: [1;33m0[0m[0m
[self_driving-10] [0m[INFO] [1782459464.579055266] [self_driving]: [1;33m0[0m[0m
[self_driving-10] [0m[INFO] [1782459464.647329710] [self_driving]: [1;33m0[0m[0m
[self_driving-10] [0m[INFO] [1782459464.704039210] [self_driving]: [1;33m0[0m[0m
[self_driving-10] [0m[INFO] [1782459464.765011654] [self_driving]: [1;33m0[0m[0m
[self_driving-10] [0m[INFO] [1782459464.843665803] [self_driving]: [1;33m0[0m[0m
[self_driving-10] [0m[INFO] [1782459464.900641710] [self_driving]: [1;33m0[0m[0m
[self_driving-10] [0m[INFO] [1782459464.987270858] [self_driving]: [1;33m0[0m[0m
[self_driving-10] [0m[INFO] [1782459465.142502747] [self_driving]: [1;33m0[0m[0m
[self_driving-10] [0m[INFO] [1782459465.182984599] [self_driving]: [1;33m0[0m[0m
[self_driving-10] [0m[INFO] [1782459465.210528988] [self_driving]: [1;33m0[0m[0m
[self_driving-10] [0m[INFO] [1782459465.261516117] [self_driving]: [1;33m0[0m[0m
[self_driving-10] [0m[INFO] [1782459465.310152802] [self_driving]: [1;33m0[0m[0m
[self_driving-10] [0m[INFO] [1782459465.378984599] [self_driving]: [1;33m0[0m[0m
[self_driving-10] [0m[INFO] [1782459465.464954932] [self_driving]: [1;33m0[0m[0m
[self_driving-10] [0m[INFO] [1782459465.506893450] [self_driving]: [1;33m0[0m[0m
[self_driving-10] [0m[INFO] [1782459465.598399469] [self_driving]: [1;33m0[0m[0m
[self_driving-10] [0m[INFO] [1782459465.658920524] [self_driving]: [1;33m0[0m[0m
[self_driving-10] [0m[INFO] [1782459465.707906876] [self_driving]: [1;33m0[0m[0m
[self_driving-10] [0m[INFO] [1782459465.792779117] [self_driving]: [1;33m0[0m[0m
[self_driving-10] [0m[INFO] [1782459465.862802098] [self_driving]: [1;33m0[0m[0m
[self_driving-10] [0m[INFO] [1782459465.945661098] [self_driving]: [1;33m0[0m[0m
[self_driving-10] [0m[INFO] [1782459465.998122376] [self_driving]: [1;33m0[0m[0m
[self_driving-10] [0m[INFO] [1782459466.029456561] [self_driving]: [1;33m0[0m[0m
[self_driving-10] [0m[INFO] [1782459466.107939191] [self_driving]: [1;33m0[0m[0m
[self_driving-10] [0m[INFO] [1782459466.198510487] [self_driving]: [1;33m0[0m[0m
[self_driving-10] [0m[INFO] [1782459466.260136209] [self_driving]: [1;33m0[0m[0m
[self_driving-10] [0m[INFO] [1782459466.349390468] [self_driving]: [1;33m0[0m[0m
[self_driving-10] [0m[INFO] [1782459466.386623246] [self_driving]: [1;33m0[0m[0m
[self_driving-10] [0m[INFO] [1782459466.461257728] [self_driving]: [1;33m0[0m[0m
[self_driving-10] [0m[INFO] [1782459466.550961450] [self_driving]: [1;33m0[0m[0m
[self_driving-10] [0m[INFO] [1782459466.632896302] [self_driving]: [1;33m0[0m[0m
[self_driving-10] [0m[INFO] [1782459466.679009487] [self_driving]: [1;33m0[0m[0m
[self_driving-10] [0m[INFO] [1782459466.737255468] [self_driving]: [1;33m0[0m[0m
[self_driving-10] [0m[INFO] [1782459466.782535913] [self_driving]: [1;33m0[0m[0m
[self_driving-10] [0m[INFO] [1782459466.858700820] [self_driving]: [1;33m0[0m[0m
[self_driving-10] [0m[INFO] [1782459466.937958209] [self_driving]: [1;33m0[0m[0m
[self_driving-10] [0m[INFO] [1782459466.998795375] [self_driving]: [1;33m0[0m[0m
[self_driving-10] [0m[INFO] [1782459467.048954894] [self_driving]: [1;33m0[0m[0m
[self_driving-10] [0m[INFO] [1782459467.132787875] [self_driving]: [1;33m0[0m[0m
[self_driving-10] [0m[INFO] [1782459467.197757468] [self_driving]: [1;33m0[0m[0m
[self_driving-10] [0m[INFO] [1782459467.276336560] [self_driving]: [1;33m0[0m[0m
[self_driving-10] [0m[INFO] [1782459467.345403894] [self_driving]: [1;33m0[0m[0m
[self_driving-10] [0m[INFO] [1782459467.399874134] [self_driving]: [1;33m0[0m[0m
[self_driving-10] [0m[INFO] [1782459467.455820023] [self_driving]: [1;33m0[0m[0m
[self_driving-10] [0m[INFO] [1782459467.540883097] [self_driving]: [1;33m0[0m[0m
[self_driving-10] [0m[INFO] [1782459467.617037560] [self_driving]: [1;33m0[0m[0m
[self_driving-10] [0m[INFO] [1782459467.707074727] [self_driving]: [1;33m0[0m[0m
[self_driving-10] [0m[INFO] [1782459467.749831264] [self_driving]: [1;33m0[0m[0m
[self_driving-10] [0m[INFO] [1782459467.814906875] [self_driving]: [1;33m0[0m[0m
[self_driving-10] [0m[INFO] [1782459467.871241745] [self_driving]: [1;33m0[0m[0m
[self_driving-10] [0m[INFO] [1782459467.939209171] [self_driving]: [1;33m0[0m[0m
[self_driving-10] [0m[INFO] [1782459468.012128245] [self_driving]: [1;33m0[0m[0m
[self_driving-10] [0m[INFO] [1782459468.061158467] [self_driving]: [1;33m0[0m[0m
[self_driving-10] [0m[INFO] [1782459468.201570893] [self_driving]: [1;33m0[0m[0m
[self_driving-10] [0m[INFO] [1782459468.268725060] [self_driving]: [1;33m0[0m[0m
[self_driving-10] [0m[INFO] [1782459468.373710226] [self_driving]: [1;33m0[0m[0m
[self_driving-10] [0m[INFO] [1782459468.422609134] [self_driving]: [1;33m0[0m[0m
[self_driving-10] [0m[INFO] [1782459468.481030097] [self_driving]: [1;33m0[0m[0m
[self_driving-10] [0m[INFO] [1782459468.550523634] [self_driving]: [1;33m0[0m[0m
[self_driving-10] [0m[INFO] [1782459468.643245152] [self_driving]: [1;33m0[0m[0m
[self_driving-10] [0m[INFO] [1782459468.673711041] [self_driving]: [1;33m0[0m[0m
[self_driving-10] [0m[INFO] [1782459468.749780448] [self_driving]: [1;33m0[0m[0m
[self_driving-10] [0m[INFO] [1782459468.816455356] [self_driving]: [1;33m0[0m[0m
[self_driving-10] [0m[INFO] [1782459468.877980522] [self_driving]: [1;33m0[0m[0m
[self_driving-10] [0m[INFO] [1782459468.936106930] [self_driving]: [1;33m0[0m[0m
[self_driving-10] [0m[INFO] [1782459469.009032948] [self_driving]: [1;33m0[0m[0m
[self_driving-10] [0m[INFO] [1782459469.137098059] [self_driving]: [1;33m0[0m[0m
[self_driving-10] [0m[INFO] [1782459469.161215226] [self_driving]: [1;33m0[0m[0m
[self_driving-10] [0m[INFO] [1782459469.216340985] [self_driving]: [1;33m0[0m[0m
[self_driving-10] [0m[INFO] [1782459469.283383781] [self_driving]: [1;33m0[0m[0m
[self_driving-10] [0m[INFO] [1782459469.375687707] [self_driving]: [1;33m0[0m[0m
[self_driving-10] [0m[INFO] [1782459469.421686781] [self_driving]: [1;33m0[0m[0m
[self_driving-10] [0m[INFO] [1782459469.541399615] [self_driving]: [1;33m0[0m[0m
[self_driving-10] [0m[INFO] [1782459469.566514744] [self_driving]: [1;33m0[0m[0m
[self_driving-10] [0m[INFO] [1782459469.624008615] [self_driving]: [1;33m0[0m[0m
[self_driving-10] [0m[INFO] [1782459469.695981114] [self_driving]: [1;33m0[0m[0m
[self_driving-10] [0m[INFO] [1782459469.752166781] [self_driving]: [1;33m0[0m[0m
[self_driving-10] [0m[INFO] [1782459469.817905670] [self_driving]: [1;33m0[0m[0m
[self_driving-10] [0m[INFO] [1782459469.906061003] [self_driving]: [1;33m0[0m[0m
[self_driving-10] [0m[INFO] [1782459469.955063411] [self_driving]: [1;33m0[0m[0m
[self_driving-10] [0m[INFO] [1782459470.025750707] [self_driving]: [1;33m0[0m[0m
[self_driving-10] [0m[INFO] [1782459470.099363022] [self_driving]: [1;33m0[0m[0m
[self_driving-10] [0m[INFO] [1782459470.168675781] [self_driving]: [1;33m0[0m[0m
[self_driving-10] [0m[INFO] [1782459470.226653392] [self_driving]: [1;33m0[0m[0m
[self_driving-10] [0m[INFO] [1782459470.273568392] [self_driving]: [1;33m0[0m[0m
[self_driving-10] [0m[INFO] [1782459470.354069318] [self_driving]: [1;33m0[0m[0m
[self_driving-10] [0m[INFO] [1782459470.437483744] [self_driving]: [1;33m0[0m[0m
[self_driving-10] [0m[INFO] [1782459470.499062910] [self_driving]: [1;33m0[0m[0m
[self_driving-10] [0m[INFO] [1782459470.577368336] [self_driving]: [1;33m0[0m[0m
[self_driving-10] [0m[INFO] [1782459470.639855781] [self_driving]: [1;33m0[0m[0m
[self_driving-10] [0m[INFO] [1782459470.720837855] [self_driving]: [1;33m0[0m[0m
[self_driving-10] [0m[INFO] [1782459470.776518206] [self_driving]: [1;33m0[0m[0m
[self_driving-10] [0m[INFO] [1782459470.830315058] [self_driving]: [1;33m0[0m[0m
[self_driving-10] [0m[INFO] [1782459470.895148466] [self_driving]: [1;33m0[0m[0m
[self_driving-10] [0m[INFO] [1782459470.951211058] [self_driving]: [1;33m0[0m[0m
[self_driving-10] [0m[INFO] [1782459471.037739391] [self_driving]: [1;33m0[0m[0m
[self_driving-10] [0m[INFO] [1782459471.106738021] [self_driving]: [1;33m0[0m[0m
[self_driving-10] [0m[INFO] [1782459471.163476151] [self_driving]: [1;33m0[0m[0m
[self_driving-10] [0m[INFO] [1782459471.233755947] [self_driving]: [1;33m0[0m[0m
[self_driving-10] [0m[INFO] [1782459471.283831984] [self_driving]: [1;33m0[0m[0m
[self_driving-10] [0m[INFO] [1782459471.365266225] [self_driving]: [1;33m0[0m[0m
[self_driving-10] [0m[INFO] [1782459471.421966632] [self_driving]: [1;33m0[0m[0m
[self_driving-10] [0m[INFO] [1782459471.498207539] [self_driving]: [1;33m0[0m[0m
[self_driving-10] [0m[INFO] [1782459471.587411687] [self_driving]: [1;33m0[0m[0m
[self_driving-10] [0m[INFO] [1782459471.658562484] [self_driving]: [1;33m0[0m[0m
[self_driving-10] [0m[INFO] [1782459471.736139835] [self_driving]: [1;33m0[0m[0m
[self_driving-10] [0m[INFO] [1782459471.790092761] [self_driving]: [1;33m0[0m[0m
[self_driving-10] [0m[INFO] [1782459471.834431576] [self_driving]: [1;33m0[0m[0m
[self_driving-10] [0m[INFO] [1782459471.924332335] [self_driving]: [1;33m0[0m[0m
[self_driving-10] [0m[INFO] [1782459471.989608280] [self_driving]: [1;33m0[0m[0m
[self_driving-10] [0m[INFO] [1782459472.033562743] [self_driving]: [1;33m0[0m[0m
[self_driving-10] [0m[INFO] [1782459472.102047502] [self_driving]: [1;33m0[0m[0m
[self_driving-10] [0m[INFO] [1782459472.176867798] [self_driving]: [1;33m0[0m[0m
[self_driving-10] [0m[INFO] [1782459472.220632317] [self_driving]: [1;33m0[0m[0m
[self_driving-10] [0m[INFO] [1782459472.310643539] [self_driving]: [1;33m0[0m[0m
[self_driving-10] [0m[INFO] [1782459472.378883113] [self_driving]: [1;33m0[0m[0m
[self_driving-10] [0m[INFO] [1782459472.436609039] [self_driving]: [1;33m0[0m[0m
[self_driving-10] [0m[INFO] [1782459472.512843965] [self_driving]: [1;33m0[0m[0m
[self_driving-10] [0m[INFO] [1782459472.586000261] [self_driving]: [1;33m0[0m[0m
[self_driving-10] [0m[INFO] [1782459472.634747279] [self_driving]: [1;33m0[0m[0m
[self_driving-10] [0m[INFO] [1782459472.717028409] [self_driving]: [1;33m0[0m[0m
[self_driving-10] [0m[INFO] [1782459472.781741909] [self_driving]: [1;33m0[0m[0m
[self_driving-10] [0m[INFO] [1782459472.832975668] [self_driving]: [1;33m0[0m[0m
[self_driving-10] [0m[INFO] [1782459472.905506409] [self_driving]: [1;33m0[0m[0m
[self_driving-10] [0m[INFO] [1782459472.997910335] [self_driving]: [1;33m0[0m[0m
[self_driving-10] [0m[INFO] [1782459473.058928538] [self_driving]: [1;33m0[0m[0m
[self_driving-10] [0m[INFO] [1782459473.134769075] [self_driving]: [1;33m0[0m[0m
[self_driving-10] [0m[INFO] [1782459473.165812446] [self_driving]: [1;33m0[0m[0m
[self_driving-10] [0m[INFO] [1782459473.290244372] [self_driving]: [1;33m0[0m[0m
[self_driving-10] [0m[INFO] [1782459473.385885409] [self_driving]: [1;33m0[0m[0m
[self_driving-10] [0m[INFO] [1782459473.413762427] [self_driving]: [1;33m0[0m[0m
[self_driving-10] [0m[INFO] [1782459473.445823131] [self_driving]: [1;33m0[0m[0m
[self_driving-10] [0m[INFO] [1782459473.522753297] [self_driving]: [1;33m0[0m[0m
[self_driving-10] [0m[INFO] [1782459473.583068575] [self_driving]: [1;33m0[0m[0m
[self_driving-10] [0m[INFO] [1782459473.642211242] [self_driving]: [1;33m0[0m[0m
[self_driving-10] [0m[INFO] [1782459473.716638686] [self_driving]: [1;33m0[0m[0m
[self_driving-10] [0m[INFO] [1782459473.812046556] [self_driving]: [1;33m0[0m[0m
[self_driving-10] [0m[INFO] [1782459473.844683112] [self_driving]: [1;33m0[0m[0m
[self_driving-10] [0m[INFO] [1782459473.911418408] [self_driving]: [1;33m0[0m[0m
[self_driving-10] [0m[INFO] [1782459473.970552056] [self_driving]: [1;33m0[0m[0m
[self_driving-10] [0m[INFO] [1782459474.138220927] [self_driving]: [1;33m0[0m[0m
[self_driving-10] [0m[INFO] [1782459474.153935390] [self_driving]: [1;33m0[0m[0m
[self_driving-10] [0m[INFO] [1782459474.198160334] [self_driving]: [1;33m0[0m[0m
[self_driving-10] [0m[INFO] [1782459474.237398760] [self_driving]: [1;33m0[0m[0m
[self_driving-10] [0m[INFO] [1782459474.305683704] [self_driving]: [1;33m0[0m[0m
[self_driving-10] [0m[INFO] [1782459474.404374982] [self_driving]: [1;33m0[0m[0m
[ekf_node-8] Failed to meet update rate! Took 0.010463704000000000754seconds. Try decreasing the rate, limiting sensor output frequency, or limiting the number of sensors.
[self_driving-10] [0m[INFO] [1782459474.509054278] [self_driving]: [1;33m0[0m[0m
[self_driving-10] [0m[INFO] [1782459474.594741667] [self_driving]: [1;33m0[0m[0m
[self_driving-10] [0m[INFO] [1782459474.622860686] [self_driving]: [1;33m0[0m[0m
[yolo_detect-9] [0m[INFO] [1782459474.643153149] [yolov5_ros2]: Current ROS 2 distribution: humble[0m
[self_driving-10] [0m[INFO] [1782459474.678201093] [self_driving]: [1;33m0[0m[0m
[self_driving-10] [0m[INFO] [1782459474.714663389] [self_driving]: [1;33m0[0m[0m
[self_driving-10] [0m[INFO] [1782459474.771398037] [self_driving]: [1;33m0[0m[0m
[self_driving-10] [0m[INFO] [1782459474.900520223] [self_driving]: [1;33m0[0m[0m
[self_driving-10] [0m[INFO] [1782459474.937150297] [self_driving]: [1;33m0[0m[0m
[ekf_node-8] Failed to meet update rate! Took 0.010042795999999999668seconds. Try decreasing the rate, limiting sensor output frequency, or limiting the number of sensors.
[self_driving-10] [0m[INFO] [1782459475.111576926] [self_driving]: [1;33m0[0m[0m
[self_driving-10] [0m[INFO] [1782459475.176992778] [self_driving]: [1;33m0[0m[0m
[self_driving-10] [0m[INFO] [1782459475.204894130] [self_driving]: [1;33m0[0m[0m
[self_driving-10] [0m[INFO] [1782459475.252446315] [self_driving]: [1;33m0[0m[0m
[ekf_node-8] Failed to meet update rate! Took 0.013725351000000000218seconds. Try decreasing the rate, limiting sensor output frequency, or limiting the number of sensors.
[self_driving-10] [0m[INFO] [1782459475.398037389] [self_driving]: [1;33m0[0m[0m
[self_driving-10] [0m[INFO] [1782459475.408889556] [self_driving]: [1;33m0[0m[0m
[self_driving-10] [0m[INFO] [1782459475.453735685] [self_driving]: [1;33m0[0m[0m
[self_driving-10] [0m[INFO] [1782459475.547351592] [self_driving]: [1;33m0[0m[0m
[self_driving-10] [0m[INFO] [1782459475.601769741] [self_driving]: [1;33m0[0m[0m
[self_driving-10] [0m[INFO] [1782459475.681197741] [self_driving]: [1;33m0[0m[0m
[self_driving-10] [0m[INFO] [1782459475.815871037] [self_driving]: [1;33m0[0m[0m
[self_driving-10] [0m[INFO] [1782459475.848117000] [self_driving]: [1;33m0[0m[0m
[self_driving-10] [0m[INFO] [1782459475.879688481] [self_driving]: [1;33m0[0m[0m
[self_driving-10] [0m[INFO] [1782459475.931932055] [self_driving]: [1;33m0[0m[0m
[self_driving-10] [0m[INFO] [1782459475.996926240] [self_driving]: [1;33m0[0m[0m
[self_driving-10] [0m[INFO] [1782459476.080660074] [self_driving]: [1;33m0[0m[0m
[self_driving-10] [0m[INFO] [1782459476.139788407] [self_driving]: [1;33m0[0m[0m
[self_driving-10] [0m[INFO] [1782459476.270303277] [self_driving]: [1;33m0[0m[0m
[self_driving-10] [0m[INFO] [1782459476.353007055] [self_driving]: [1;33m0[0m[0m
[self_driving-10] [0m[INFO] [1782459476.426801296] [self_driving]: [1;33m0[0m[0m
[self_driving-10] [0m[INFO] [1782459476.490727888] [self_driving]: [1;33m0[0m[0m
[self_driving-10] [0m[INFO] [1782459476.554752222] [self_driving]: [1;33m0[0m[0m
[self_driving-10] [0m[INFO] [1782459476.603831629] [self_driving]: [1;33m0[0m[0m
[self_driving-10] [0m[INFO] [1782459476.661441425] [self_driving]: [1;33m0[0m[0m
[self_driving-10] [0m[INFO] [1782459476.736267629] [self_driving]: [1;33m0[0m[0m
[self_driving-10] [0m[INFO] [1782459476.818360166] [self_driving]: [1;33m0[0m[0m
[self_driving-10] [0m[INFO] [1782459476.933908740] [self_driving]: [1;33m0[0m[0m
[self_driving-10] [0m[INFO] [1782459477.061781295] [self_driving]: [1;33m0[0m[0m
[self_driving-10] [0m[INFO] [1782459477.088830388] [self_driving]: [1;33m0[0m[0m
[self_driving-10] [0m[INFO] [1782459477.141016406] [self_driving]: [1;33m0[0m[0m
[self_driving-10] [0m[INFO] [1782459477.273891814] [self_driving]: [1;33m0[0m[0m
[self_driving-10] [0m[INFO] [1782459477.308114443] [self_driving]: [1;33m0[0m[0m
[self_driving-10] [0m[INFO] [1782459477.400623814] [self_driving]: [1;33m0[0m[0m
[self_driving-10] [0m[INFO] [1782459477.420152054] [self_driving]: [1;33m0[0m[0m
[self_driving-10] [0m[INFO] [1782459477.481876443] [self_driving]: [1;33m0[0m[0m
[self_driving-10] [0m[INFO] [1782459477.552274943] [self_driving]: [1;33m0[0m[0m
[self_driving-10] [0m[INFO] [1782459477.622276017] [self_driving]: [1;33m0[0m[0m
[self_driving-10] [0m[INFO] [1782459477.718498906] [self_driving]: [1;33m0[0m[0m
[self_driving-10] [0m[INFO] [1782459477.748912702] [self_driving]: [1;33m0[0m[0m
[self_driving-10] [0m[INFO] [1782459477.837644591] [self_driving]: [1;33m0[0m[0m
[self_driving-10] [0m[INFO] [1782459477.882202054] [self_driving]: [1;33m0[0m[0m
[self_driving-10] [0m[INFO] [1782459477.951755535] [self_driving]: [1;33m0[0m[0m
[self_driving-10] [0m[INFO] [1782459478.029422443] [self_driving]: [1;33m0[0m[0m
[self_driving-10] [0m[INFO] [1782459478.080897850] [self_driving]: [1;33m0[0m[0m
[self_driving-10] [0m[INFO] [1782459478.146018258] [self_driving]: [1;33m0[0m[0m
[self_driving-10] [0m[INFO] [1782459478.221365702] [self_driving]: [1;33m0[0m[0m
[self_driving-10] [0m[INFO] [1782459478.310800850] [self_driving]: [1;33m0[0m[0m
[self_driving-10] [0m[INFO] [1782459478.384762350] [self_driving]: [1;33m0[0m[0m
[self_driving-10] [0m[INFO] [1782459478.432908072] [self_driving]: [1;33m0[0m[0m
[self_driving-10] [0m[INFO] [1782459478.507300091] [self_driving]: [1;33m0[0m[0m
[self_driving-10] [0m[INFO] [1782459478.552757517] [self_driving]: [1;33m0[0m[0m
[self_driving-10] [0m[INFO] [1782459478.632500368] [self_driving]: [1;33m0[0m[0m
[self_driving-10] [0m[INFO] [1782459478.683315461] [self_driving]: [1;33m0[0m[0m
[self_driving-10] [0m[INFO] [1782459478.757319054] [self_driving]: [1;33m0[0m[0m
[self_driving-10] [0m[INFO] [1782459478.813618387] [self_driving]: [1;33m0[0m[0m
[self_driving-10] [0m[INFO] [1782459478.882539109] [self_driving]: [1;33m0[0m[0m
[self_driving-10] [0m[INFO] [1782459478.982176572] [self_driving]: [1;33m0[0m[0m
[self_driving-10] [0m[INFO] [1782459479.023460442] [self_driving]: [1;33m0[0m[0m
[self_driving-10] [0m[INFO] [1782459479.090197479] [self_driving]: [1;33m0[0m[0m
[self_driving-10] [0m[INFO] [1782459479.192625035] [self_driving]: [1;33m0[0m[0m
[self_driving-10] [0m[INFO] [1782459479.245680424] [self_driving]: [1;33m0[0m[0m
[self_driving-10] [0m[INFO] [1782459479.296143979] [self_driving]: [1;33m0[0m[0m
[self_driving-10] [0m[INFO] [1782459479.373078275] [self_driving]: [1;33m0[0m[0m
[self_driving-10] [0m[INFO] [1782459479.462193423] [self_driving]: [1;33m0[0m[0m
[self_driving-10] [0m[INFO] [1782459479.512920627] [self_driving]: [1;33m0[0m[0m
[self_driving-10] [0m[INFO] [1782459479.662928016] [self_driving]: [1;33m0[0m[0m
[self_driving-10] [0m[INFO] [1782459479.786943960] [self_driving]: [1;33m0[0m[0m
[self_driving-10] [0m[INFO] [1782459479.872260849] [self_driving]: [1;33m0[0m[0m
[self_driving-10] [0m[INFO] [1782459479.904648257] [self_driving]: [1;33m0[0m[0m
[self_driving-10] [0m[INFO] [1782459479.976767145] [self_driving]: [1;33m0[0m[0m
[self_driving-10] [0m[INFO] [1782459480.043737756] [self_driving]: [1;33m0[0m[0m
[self_driving-10] [0m[INFO] [1782459480.086148479] [self_driving]: [1;33m0[0m[0m
[self_driving-10] [0m[INFO] [1782459480.160233090] [self_driving]: [1;33m0[0m[0m
[self_driving-10] [0m[INFO] [1782459480.250709590] [self_driving]: [1;33m0[0m[0m
[self_driving-10] [0m[INFO] [1782459480.293336849] [self_driving]: [1;33m0[0m[0m
[self_driving-10] [0m[INFO] [1782459480.378426738] [self_driving]: [1;33m0[0m[0m
[self_driving-10] [0m[INFO] [1782459480.436721423] [self_driving]: [1;33m0[0m[0m
[self_driving-10] [0m[INFO] [1782459480.503047330] [self_driving]: [1;33m0[0m[0m
[self_driving-10] [0m[INFO] [1782459480.579685256] [self_driving]: [1;33m0[0m[0m
[self_driving-10] [0m[INFO] [1782459480.654413201] [self_driving]: [1;33m0[0m[0m
[self_driving-10] [0m[INFO] [1782459480.696302682] [self_driving]: [1;33m0[0m[0m
[self_driving-10] [0m[INFO] [1782459480.776277534] [self_driving]: [1;33m0[0m[0m
[self_driving-10] [0m[INFO] [1782459480.832714830] [self_driving]: [1;33m0[0m[0m
[self_driving-10] [0m[INFO] [1782459480.921286589] [self_driving]: [1;33m0[0m[0m
[self_driving-10] [0m[INFO] [1782459480.981015941] [self_driving]: [1;33m0[0m[0m
[self_driving-10] [0m[INFO] [1782459481.045943219] [self_driving]: [1;33m0[0m[0m
[self_driving-10] [0m[INFO] [1782459481.120624534] [self_driving]: [1;33m0[0m[0m
[self_driving-10] [0m[INFO] [1782459481.172787460] [self_driving]: [1;33m0[0m[0m
[self_driving-10] [0m[INFO] [1782459481.250026515] [self_driving]: [1;33m0[0m[0m
[self_driving-10] [0m[INFO] [1782459481.328662237] [self_driving]: [1;33m0[0m[0m
[self_driving-10] [0m[INFO] [1782459481.396148126] [self_driving]: [1;33m0[0m[0m
[self_driving-10] [0m[INFO] [1782459481.489135700] [self_driving]: [1;33m0[0m[0m
[self_driving-10] [0m[INFO] [1782459481.607263811] [self_driving]: [1;33m0[0m[0m
[self_driving-10] [0m[INFO] [1782459481.645097033] [self_driving]: [1;33m0[0m[0m
[self_driving-10] [0m[INFO] [1782459481.666197126] [self_driving]: [1;33m0[0m[0m
[self_driving-10] [0m[INFO] [1782459481.724001811] [self_driving]: [1;33m0[0m[0m
[self_driving-10] [0m[INFO] [1782459481.789111848] [self_driving]: [1;33m0[0m[0m
[self_driving-10] [0m[INFO] [1782459481.860624052] [self_driving]: [1;33m0[0m[0m
[self_driving-10] [0m[INFO] [1782459481.912024107] [self_driving]: [1;33m0[0m[0m
[self_driving-10] [0m[INFO] [1782459481.996582996] [self_driving]: [1;33m0[0m[0m
[self_driving-10] [0m[INFO] [1782459482.040122978] [self_driving]: [1;33m0[0m[0m
[self_driving-10] [0m[INFO] [1782459482.125964811] [self_driving]: [1;33m0[0m[0m
[self_driving-10] [0m[INFO] [1782459482.163866903] [self_driving]: [1;33m0[0m[0m
[self_driving-10] [0m[INFO] [1782459482.273514848] [self_driving]: [1;33m0[0m[0m
[self_driving-10] [0m[INFO] [1782459482.350130811] [self_driving]: [1;33m0[0m[0m
[self_driving-10] [0m[INFO] [1782459482.421791922] [self_driving]: [1;33m0[0m[0m
[self_driving-10] [0m[INFO] [1782459482.478291459] [self_driving]: [1;33m0[0m[0m
[self_driving-10] [0m[INFO] [1782459482.546475051] [self_driving]: [1;33m0[0m[0m
[self_driving-10] [0m[INFO] [1782459482.608013477] [self_driving]: [1;33m0[0m[0m
[self_driving-10] [0m[INFO] [1782459482.664693366] [self_driving]: [1;33m0[0m[0m
[self_driving-10] [0m[INFO] [1782459482.716919199] [self_driving]: [1;33m0[0m[0m
[self_driving-10] [0m[INFO] [1782459482.784008255] [self_driving]: [1;33m0[0m[0m
[self_driving-10] [0m[INFO] [1782459482.853963496] [self_driving]: [1;33m0[0m[0m
[self_driving-10] [0m[INFO] [1782459482.917937903] [self_driving]: [1;33m0[0m[0m
[self_driving-10] [0m[INFO] [1782459482.978254218] [self_driving]: [1;33m0[0m[0m
[self_driving-10] [0m[INFO] [1782459483.056662995] [self_driving]: [1;33m0[0m[0m
[self_driving-10] [0m[INFO] [1782459483.135465681] [self_driving]: [1;33m0[0m[0m
[self_driving-10] [0m[INFO] [1782459483.192609847] [self_driving]: [1;33m0[0m[0m
[self_driving-10] [0m[INFO] [1782459483.255263884] [self_driving]: [1;33m0[0m[0m
[self_driving-10] [0m[INFO] [1782459483.385662699] [self_driving]: [1;33m0[0m[0m
[self_driving-10] [0m[INFO] [1782459483.413956292] [self_driving]: [1;33m0[0m[0m
[self_driving-10] [0m[INFO] [1782459483.464730310] [self_driving]: [1;33m0[0m[0m
[self_driving-10] [0m[INFO] [1782459483.526874717] [self_driving]: [1;33m0[0m[0m
[self_driving-10] [0m[INFO] [1782459483.634465310] [self_driving]: [1;33m0[0m[0m
[self_driving-10] [0m[INFO] [1782459483.723775014] [self_driving]: [1;33m0[0m[0m
[self_driving-10] [0m[INFO] [1782459483.776203458] [self_driving]: [1;33m0[0m[0m
[self_driving-10] [0m[INFO] [1782459483.825996236] [self_driving]: [1;33m0[0m[0m
[self_driving-10] [0m[INFO] [1782459483.888782902] [self_driving]: [1;33m0[0m[0m
[self_driving-10] [0m[INFO] [1782459483.939117791] [self_driving]: [1;33m0[0m[0m
[self_driving-10] [0m[INFO] [1782459484.020168939] [self_driving]: [1;33m0[0m[0m
[self_driving-10] [0m[INFO] [1782459484.063745476] [self_driving]: [1;33m0[0m[0m
[self_driving-10] [0m[INFO] [1782459484.124483087] [self_driving]: [1;33m0[0m[0m
[self_driving-10] [0m[INFO] [1782459484.191270921] [self_driving]: [1;33m0[0m[0m
[self_driving-10] [0m[INFO] [1782459484.270444643] [self_driving]: [1;33m0[0m[0m
[self_driving-10] [0m[INFO] [1782459484.332881606] [self_driving]: [1;33m0[0m[0m
[self_driving-10] [0m[INFO] [1782459484.430904013] [self_driving]: [1;33m0[0m[0m
[self_driving-10] [0m[INFO] [1782459484.460910643] [self_driving]: [1;33m0[0m[0m
[self_driving-10] [0m[INFO] [1782459484.532736958] [self_driving]: [1;33m0[0m[0m
[self_driving-10] [0m[INFO] [1782459484.614669143] [self_driving]: [1;33m0[0m[0m
[self_driving-10] [0m[INFO] [1782459484.666473939] [self_driving]: [1;33m0[0m[0m
[self_driving-10] [0m[INFO] [1782459484.725529550] [self_driving]: [1;33m0[0m[0m
[self_driving-10] [0m[INFO] [1782459484.803041513] [self_driving]: [1;33m0[0m[0m
[self_driving-10] [0m[INFO] [1782459484.880582328] [self_driving]: [1;33m0[0m[0m
[self_driving-10] [0m[INFO] [1782459484.934768550] [self_driving]: [1;33m0[0m[0m
[self_driving-10] [0m[INFO] [1782459485.002800476] [self_driving]: [1;33m0[0m[0m
[self_driving-10] [0m[INFO] [1782459485.075056253] [self_driving]: [1;33m0[0m[0m
[self_driving-10] [0m[INFO] [1782459485.138834439] [self_driving]: [1;33m0[0m[0m
[self_driving-10] [0m[INFO] [1782459485.219054068] [self_driving]: [1;33m0[0m[0m
[self_driving-10] [0m[INFO] [1782459485.293445401] [self_driving]: [1;33m0[0m[0m
[self_driving-10] [0m[INFO] [1782459485.364193605] [self_driving]: [1;33m0[0m[0m
[self_driving-10] [0m[INFO] [1782459485.404674031] [self_driving]: [1;33m0[0m[0m
[self_driving-10] [0m[INFO] [1782459485.487419198] [self_driving]: [1;33m0[0m[0m
[self_driving-10] [0m[INFO] [1782459485.527533901] [self_driving]: [1;33m0[0m[0m
[self_driving-10] [0m[INFO] [1782459485.611003531] [self_driving]: [1;33m0[0m[0m
[self_driving-10] [0m[INFO] [1782459485.658410531] [self_driving]: [1;33m0[0m[0m
[self_driving-10] [0m[INFO] [1782459485.759114753] [self_driving]: [1;33m0[0m[0m
[self_driving-10] [0m[INFO] [1782459485.852449068] [self_driving]: [1;33m0[0m[0m
[self_driving-10] [0m[INFO] [1782459485.941280290] [self_driving]: [1;33m0[0m[0m
[self_driving-10] [0m[INFO] [1782459485.954877864] [self_driving]: [1;33m0[0m[0m
[self_driving-10] [0m[INFO] [1782459486.006506271] [self_driving]: [1;33m0[0m[0m
[self_driving-10] [0m[INFO] [1782459486.079705086] [self_driving]: [1;33m0[0m[0m
[self_driving-10] [0m[INFO] [1782459486.157266679] [self_driving]: [1;33m0[0m[0m
[self_driving-10] [0m[INFO] [1782459486.212961123] [self_driving]: [1;33m0[0m[0m
[self_driving-10] [0m[INFO] [1782459486.272360308] [self_driving]: [1;33m0[0m[0m
[self_driving-10] [0m[INFO] [1782459486.397827271] [self_driving]: [1;33m0[0m[0m
[self_driving-10] [0m[INFO] [1782459486.433291716] [self_driving]: [1;33m0[0m[0m
[self_driving-10] [0m[INFO] [1782459486.482910197] [self_driving]: [1;33m0[0m[0m
[self_driving-10] [0m[INFO] [1782459486.545572530] [self_driving]: [1;33m0[0m[0m
[self_driving-10] [0m[INFO] [1782459486.610820271] [self_driving]: [1;33m0[0m[0m
[self_driving-10] [0m[INFO] [1782459486.689294715] [self_driving]: [1;33m0[0m[0m
[self_driving-10] [0m[INFO] [1782459486.753631975] [self_driving]: [1;33m0[0m[0m
[self_driving-10] [0m[INFO] [1782459486.808963086] [self_driving]: [1;33m0[0m[0m
[self_driving-10] [0m[INFO] [1782459486.879723086] [self_driving]: [1;33m0[0m[0m
[self_driving-10] [0m[INFO] [1782459486.955314715] [self_driving]: [1;33m0[0m[0m
[self_driving-10] [0m[INFO] [1782459487.018997530] [self_driving]: [1;33m0[0m[0m
[self_driving-10] [0m[INFO] [1782459487.083443641] [self_driving]: [1;33m0[0m[0m
[self_driving-10] [0m[INFO] [1782459487.154133863] [self_driving]: [1;33m0[0m[0m
[self_driving-10] [0m[INFO] [1782459487.227475419] [self_driving]: [1;33m0[0m[0m
[self_driving-10] [0m[INFO] [1782459487.282706419] [self_driving]: [1;33m0[0m[0m
[self_driving-10] [0m[INFO] [1782459487.366250308] [self_driving]: [1;33m0[0m[0m
[self_driving-10] [0m[INFO] [1782459487.420862067] [self_driving]: [1;33m0[0m[0m
[self_driving-10] [0m[INFO] [1782459487.532083159] [self_driving]: [1;33m0[0m[0m
[self_driving-10] [0m[INFO] [1782459487.604045400] [self_driving]: [1;33m0[0m[0m
[self_driving-10] [0m[INFO] [1782459487.630691141] [self_driving]: [1;33m0[0m[0m
[self_driving-10] [0m[INFO] [1782459487.690599863] [self_driving]: [1;33m0[0m[0m
[self_driving-10] [0m[INFO] [1782459487.776623233] [self_driving]: [1;33m0[0m[0m
[self_driving-10] [0m[INFO] [1782459487.828141974] [self_driving]: [1;33m0[0m[0m
[self_driving-10] [0m[INFO] [1782459487.882136363] [self_driving]: [1;33m0[0m[0m
[self_driving-10] [0m[INFO] [1782459487.965132196] [self_driving]: [1;33m0[0m[0m
[self_driving-10] [0m[INFO] [1782459488.033877733] [self_driving]: [1;33m0[0m[0m
[self_driving-10] [0m[INFO] [1782459488.079647326] [self_driving]: [1;33m0[0m[0m
[self_driving-10] [0m[INFO] [1782459488.159866233] [self_driving]: [1;33m0[0m[0m
[self_driving-10] [0m[INFO] [1782459488.237519696] [self_driving]: [1;33m0[0m[0m
[self_driving-10] [0m[INFO] [1782459488.306249844] [self_driving]: [1;33m0[0m[0m
[self_driving-10] [0m[INFO] [1782459488.390539585] [self_driving]: [1;33m0[0m[0m
[self_driving-10] [0m[INFO] [1782459488.499396751] [self_driving]: [1;33m0[0m[0m
[self_driving-10] [0m[INFO] [1782459488.523727085] [self_driving]: [1;33m0[0m[0m
[self_driving-10] [0m[INFO] [1782459488.631045251] [self_driving]: [1;33m0[0m[0m
[self_driving-10] [0m[INFO] [1782459488.689843251] [self_driving]: [1;33m0[0m[0m
[self_driving-10] [0m[INFO] [1782459488.769948473] [self_driving]: [1;33m0[0m[0m
[self_driving-10] [0m[INFO] [1782459488.842741436] [self_driving]: [1;33m0[0m[0m
[self_driving-10] [0m[INFO] [1782459488.899278436] [self_driving]: [1;33m0[0m[0m
[self_driving-10] [0m[INFO] [1782459488.965171122] [self_driving]: [1;33m0[0m[0m
[self_driving-10] [0m[INFO] [1782459489.027938510] [self_driving]: [1;33m0[0m[0m
[self_driving-10] [0m[INFO] [1782459489.101806529] [self_driving]: [1;33m0[0m[0m
[self_driving-10] [0m[INFO] [1782459489.156996381] [self_driving]: [1;33m0[0m[0m
[self_driving-10] [0m[INFO] [1782459489.252057899] [self_driving]: [1;33m0[0m[0m
[self_driving-10] [0m[INFO] [1782459489.311509455] [self_driving]: [1;33m0[0m[0m
[self_driving-10] [0m[INFO] [1782459489.383279177] [self_driving]: [1;33m0[0m[0m
[self_driving-10] [0m[INFO] [1782459489.453890677] [self_driving]: [1;33m0[0m[0m
[self_driving-10] [0m[INFO] [1782459489.549150769] [self_driving]: [1;33m0[0m[0m
[self_driving-10] [0m[INFO] [1782459489.574474232] [self_driving]: [1;33m0[0m[0m
[self_driving-10] [0m[INFO] [1782459489.643232362] [self_driving]: [1;33m0[0m[0m
[self_driving-10] [0m[INFO] [1782459489.709925343] [self_driving]: [1;33m0[0m[0m
[self_driving-10] [0m[INFO] [1782459489.831864973] [self_driving]: [1;33m0[0m[0m
[self_driving-10] [0m[INFO] [1782459489.877689436] [self_driving]: [1;33m0[0m[0m
[self_driving-10] [0m[INFO] [1782459490.019309288] [self_driving]: [1;33m0[0m[0m
[self_driving-10] [0m[INFO] [1782459490.070628547] [self_driving]: [1;33m0[0m[0m
[self_driving-10] [0m[INFO] [1782459490.106677806] [self_driving]: [1;33m0[0m[0m
[self_driving-10] [0m[INFO] [1782459490.195413843] [self_driving]: [1;33m0[0m[0m
[self_driving-10] [0m[INFO] [1782459490.252647899] [self_driving]: [1;33m0[0m[0m
[self_driving-10] [0m[INFO] [1782459490.302273547] [self_driving]: [1;33m0[0m[0m
[self_driving-10] [0m[INFO] [1782459490.374134547] [self_driving]: [1;33m0[0m[0m
[self_driving-10] [0m[INFO] [1782459490.435868047] [self_driving]: [1;33m0[0m[0m
[self_driving-10] [0m[INFO] [1782459490.512117269] [self_driving]: [1;33m0[0m[0m
[self_driving-10] [0m[INFO] [1782459490.632559750] [self_driving]: [1;33m0[0m[0m
[self_driving-10] [0m[INFO] [1782459490.718245176] [self_driving]: [1;33m0[0m[0m
[self_driving-10] [0m[INFO] [1782459490.792251620] [self_driving]: [1;33m0[0m[0m
[self_driving-10] [0m[INFO] [1782459490.858262250] [self_driving]: [1;33m0[0m[0m
[self_driving-10] [0m[INFO] [1782459490.926055046] [self_driving]: [1;33m0[0m[0m
[self_driving-10] [0m[INFO] [1782459490.996207639] [self_driving]: [1;33m0[0m[0m
[self_driving-10] [0m[INFO] [1782459491.060597250] [self_driving]: [1;33m0[0m[0m
[self_driving-10] [0m[INFO] [1782459491.117652194] [self_driving]: [1;33m0[0m[0m
[self_driving-10] [0m[INFO] [1782459491.181934565] [self_driving]: [1;33m0[0m[0m
[self_driving-10] [0m[INFO] [1782459491.239630861] [self_driving]: [1;33m0[0m[0m
[self_driving-10] [0m[INFO] [1782459491.308787935] [self_driving]: [1;33m0[0m[0m
[self_driving-10] [0m[INFO] [1782459491.386473935] [self_driving]: [1;33m0[0m[0m
[self_driving-10] [0m[INFO] [1782459491.450389935] [self_driving]: [1;33m0[0m[0m
[self_driving-10] [0m[INFO] [1782459491.548806213] [self_driving]: [1;33m0[0m[0m
[self_driving-10] [0m[INFO] [1782459491.586581824] [self_driving]: [1;33m0[0m[0m
[self_driving-10] [0m[INFO] [1782459491.646920231] [self_driving]: [1;33m0[0m[0m
[self_driving-10] [0m[INFO] [1782459491.721322046] [self_driving]: [1;33m0[0m[0m
[self_driving-10] [0m[INFO] [1782459491.809242157] [self_driving]: [1;33m0[0m[0m
[self_driving-10] [0m[INFO] [1782459491.868677064] [self_driving]: [1;33m0[0m[0m
[self_driving-10] [0m[INFO] [1782459491.944054527] [self_driving]: [1;33m0[0m[0m
[self_driving-10] [0m[INFO] [1782459491.989447546] [self_driving]: [1;33m0[0m[0m
[self_driving-10] [0m[INFO] [1782459492.078246138] [self_driving]: [1;33m0[0m[0m
[self_driving-10] [0m[INFO] [1782459492.127444046] [self_driving]: [1;33m0[0m[0m
[self_driving-10] [0m[INFO] [1782459492.199606379] [self_driving]: [1;33m0[0m[0m
[self_driving-10] [0m[INFO] [1782459492.260296527] [self_driving]: [1;33m0[0m[0m
[self_driving-10] [0m[INFO] [1782459492.339239712] [self_driving]: [1;33m0[0m[0m
[self_driving-10] [0m[INFO] [1782459492.420343342] [self_driving]: [1;33m0[0m[0m
[self_driving-10] [0m[INFO] [1782459492.506572138] [self_driving]: [1;33m0[0m[0m
[self_driving-10] [0m[INFO] [1782459492.576674990] [self_driving]: [1;33m0[0m[0m
[self_driving-10] [0m[INFO] [1782459492.607366971] [self_driving]: [1;33m0[0m[0m
[self_driving-10] [0m[INFO] [1782459492.655022749] [self_driving]: [1;33m0[0m[0m
[self_driving-10] [0m[INFO] [1782459492.749817045] [self_driving]: [1;33m0[0m[0m
[self_driving-10] [0m[INFO] [1782459492.810994156] [self_driving]: [1;33m0[0m[0m
[self_driving-10] [0m[INFO] [1782459492.883787767] [self_driving]: [1;33m0[0m[0m
[self_driving-10] [0m[INFO] [1782459492.947891675] [self_driving]: [1;33m0[0m[0m
[self_driving-10] [0m[INFO] [1782459493.000473434] [self_driving]: [1;33m0[0m[0m
[self_driving-10] [0m[INFO] [1782459493.065883249] [self_driving]: [1;33m0[0m[0m
[self_driving-10] [0m[INFO] [1782459493.130402471] [self_driving]: [1;33m0[0m[0m
[self_driving-10] [0m[INFO] [1782459493.201100341] [self_driving]: [1;33m0[0m[0m
[self_driving-10] [0m[INFO] [1782459493.265273230] [self_driving]: [1;33m0[0m[0m
[self_driving-10] [0m[INFO] [1782459493.328717304] [self_driving]: [1;33m0[0m[0m
[self_driving-10] [0m[INFO] [1782459493.413416286] [self_driving]: [1;33m0[0m[0m
[self_driving-10] [0m[INFO] [1782459493.464832526] [self_driving]: [1;33m0[0m[0m
[self_driving-10] [0m[INFO] [1782459493.540200952] [self_driving]: [1;33m0[0m[0m
[self_driving-10] [0m[INFO] [1782459493.606889841] [self_driving]: [1;33m0[0m[0m
[self_driving-10] [0m[INFO] [1782459493.653673545] [self_driving]: [1;33m0[0m[0m
[self_driving-10] [0m[INFO] [1782459493.741198415] [self_driving]: [1;33m0[0m[0m
[self_driving-10] [0m[INFO] [1782459493.802697619] [self_driving]: [1;33m0[0m[0m
[self_driving-10] [0m[INFO] [1782459493.883024415] [self_driving]: [1;33m0[0m[0m
[self_driving-10] [0m[INFO] [1782459493.961066193] [self_driving]: [1;33m0[0m[0m
[self_driving-10] [0m[INFO] [1782459494.011069359] [self_driving]: [1;33m0[0m[0m
[self_driving-10] [0m[INFO] [1782459494.096202081] [self_driving]: [1;33m0[0m[0m
[self_driving-10] [0m[INFO] [1782459494.134710526] [self_driving]: [1;33m0[0m[0m
[self_driving-10] [0m[INFO] [1782459494.216519026] [self_driving]: [1;33m0[0m[0m
[self_driving-10] [0m[INFO] [1782459494.277112026] [self_driving]: [1;33m0[0m[0m
[self_driving-10] [0m[INFO] [1782459494.342674692] [self_driving]: [1;33m0[0m[0m
[self_driving-10] [0m[INFO] [1782459494.612273414] [self_driving]: [1;33m0[0m[0m
[self_driving-10] [0m[INFO] [1782459494.653408285] [self_driving]: [1;33m0[0m[0m
[self_driving-10] [0m[INFO] [1782459494.687408155] [self_driving]: [1;33m0[0m[0m
[self_driving-10] [0m[INFO] [1782459494.738054988] [self_driving]: [1;33m0[0m[0m
[self_driving-10] [0m[INFO] [1782459494.808283285] [self_driving]: [1;33m0[0m[0m
[self_driving-10] [0m[INFO] [1782459494.818838488] [self_driving]: [1;33m0[0m[0m
[self_driving-10] [0m[INFO] [1782459494.890026525] [self_driving]: [1;33m0[0m[0m
[self_driving-10] [0m[INFO] [1782459494.960538266] [self_driving]: [1;33m0[0m[0m
[self_driving-10] [0m[INFO] [1782459495.035028359] [self_driving]: [1;33m0[0m[0m
[self_driving-10] [0m[INFO] [1782459495.090567266] [self_driving]: [1;33m0[0m[0m
[self_driving-10] [0m[INFO] [1782459495.146147822] [self_driving]: [1;33m0[0m[0m
[self_driving-10] [0m[INFO] [1782459495.224742729] [self_driving]: [1;33m0[0m[0m
[self_driving-10] [0m[INFO] [1782459495.301303229] [self_driving]: [1;33m0[0m[0m
[self_driving-10] [0m[INFO] [1782459495.350593840] [self_driving]: [1;33m0[0m[0m
[self_driving-10] [0m[INFO] [1782459495.418098155] [self_driving]: [1;33m0[0m[0m
[self_driving-10] [0m[INFO] [1782459495.466156358] [self_driving]: [1;33m0[0m[0m
[self_driving-10] [0m[INFO] [1782459495.557118210] [self_driving]: [1;33m0[0m[0m
[self_driving-10] [0m[INFO] [1782459495.625336192] [self_driving]: [1;33m0[0m[0m
[self_driving-10] [0m[INFO] [1782459495.706638099] [self_driving]: [1;33m0[0m[0m
[self_driving-10] [0m[INFO] [1782459495.760693729] [self_driving]: [1;33m0[0m[0m
[self_driving-10] [0m[INFO] [1782459495.813566377] [self_driving]: [1;33m0[0m[0m
[self_driving-10] [0m[INFO] [1782459495.905832247] [self_driving]: [1;33m0[0m[0m
[self_driving-10] [0m[INFO] [1782459495.960903117] [self_driving]: [1;33m0[0m[0m
[self_driving-10] [0m[INFO] [1782459496.035225117] [self_driving]: [1;33m0[0m[0m
[self_driving-10] [0m[INFO] [1782459496.084606469] [self_driving]: [1;33m0[0m[0m
[self_driving-10] [0m[INFO] [1782459496.157351247] [self_driving]: [1;33m0[0m[0m
[self_driving-10] [0m[INFO] [1782459496.210159062] [self_driving]: [1;33m0[0m[0m
[self_driving-10] [0m[INFO] [1782459496.323208950] [self_driving]: [1;33m0[0m[0m
[self_driving-10] [0m[INFO] [1782459496.371302358] [self_driving]: [1;33m0[0m[0m
[self_driving-10] [0m[INFO] [1782459496.433320450] [self_driving]: [1;33m0[0m[0m
[self_driving-10] [0m[INFO] [1782459496.522704654] [self_driving]: [1;33m0[0m[0m
[self_driving-10] [0m[INFO] [1782459496.619501802] [self_driving]: [1;33m0[0m[0m
[self_driving-10] [0m[INFO] [1782459496.716393080] [self_driving]: [1;33m0[0m[0m
[self_driving-10] [0m[INFO] [1782459496.792623524] [self_driving]: [1;33m0[0m[0m
[self_driving-10] [0m[INFO] [1782459496.814891580] [self_driving]: [1;33m0[0m[0m
[self_driving-10] [0m[INFO] [1782459496.891399246] [self_driving]: [1;33m0[0m[0m
[self_driving-10] [0m[INFO] [1782459496.965790709] [self_driving]: [1;33m0[0m[0m
[self_driving-10] [0m[INFO] [1782459497.065327635] [self_driving]: [1;33m0[0m[0m
[self_driving-10] [0m[INFO] [1782459497.096429006] [self_driving]: [1;33m0[0m[0m
[self_driving-10] [0m[INFO] [1782459497.165178154] [self_driving]: [1;33m0[0m[0m
[self_driving-10] [0m[INFO] [1782459497.259304505] [self_driving]: [1;33m0[0m[0m
[self_driving-10] [0m[INFO] [1782459497.311858802] [self_driving]: [1;33m0[0m[0m
[self_driving-10] [0m[INFO] [1782459497.374775228] [self_driving]: [1;33m0[0m[0m
[self_driving-10] [0m[INFO] [1782459497.433847413] [self_driving]: [1;33m0[0m[0m
[self_driving-10] [0m[INFO] [1782459497.523419320] [self_driving]: [1;33m0[0m[0m
[self_driving-10] [0m[INFO] [1782459497.574065968] [self_driving]: [1;33m0[0m[0m
[self_driving-10] [0m[INFO] [1782459497.626196505] [self_driving]: [1;33m0[0m[0m
[self_driving-10] [0m[INFO] [1782459497.709477672] [self_driving]: [1;33m0[0m[0m
[self_driving-10] [0m[INFO] [1782459497.850096172] [self_driving]: [1;33m0[0m[0m
[self_driving-10] [0m[INFO] [1782459497.936315079] [self_driving]: [1;33m0[0m[0m
[self_driving-10] [0m[INFO] [1782459498.054041561] [self_driving]: [1;33m0[0m[0m
[self_driving-10] [0m[INFO] [1782459498.081549246] [self_driving]: [1;33m0[0m[0m
[self_driving-10] [0m[INFO] [1782459498.130954098] [self_driving]: [1;33m0[0m[0m
[self_driving-10] [0m[INFO] [1782459498.171796783] [self_driving]: [1;33m0[0m[0m
[self_driving-10] [0m[INFO] [1782459498.240351616] [self_driving]: [1;33m0[0m[0m
[self_driving-10] [0m[INFO] [1782459498.329072412] [self_driving]: [1;33m0[0m[0m
[self_driving-10] [0m[INFO] [1782459498.358602079] [self_driving]: [1;33m0[0m[0m
[self_driving-10] [0m[INFO] [1782459498.447429431] [self_driving]: [1;33m0[0m[0m
[self_driving-10] [0m[INFO] [1782459498.513580708] [self_driving]: [1;33m0[0m[0m
[self_driving-10] [0m[INFO] [1782459498.570231745] [self_driving]: [1;33m0[0m[0m
[self_driving-10] [0m[INFO] [1782459498.662174282] [self_driving]: [1;33m0[0m[0m
[self_driving-10] [0m[INFO] [1782459498.723413782] [self_driving]: [1;33m0[0m[0m
[self_driving-10] [0m[INFO] [1782459498.770328468] [self_driving]: [1;33m0[0m[0m
[self_driving-10] [0m[INFO] [1782459498.869782967] [self_driving]: [1;33m0[0m[0m
[self_driving-10] [0m[INFO] [1782459498.948302856] [self_driving]: [1;33m0[0m[0m
[self_driving-10] [0m[INFO] [1782459499.015967523] [self_driving]: [1;33m0[0m[0m
[self_driving-10] [0m[INFO] [1782459499.085501227] [self_driving]: [1;33m0[0m[0m
[self_driving-10] [0m[INFO] [1782459499.134433430] [self_driving]: [1;33m0[0m[0m
[self_driving-10] [0m[INFO] [1782459499.197647819] [self_driving]: [1;33m0[0m[0m
[self_driving-10] [0m[INFO] [1782459499.245496264] [self_driving]: [1;33m0[0m[0m
[self_driving-10] [0m[INFO] [1782459499.335384430] [self_driving]: [1;33m0[0m[0m
[self_driving-10] [0m[INFO] [1782459499.397153967] [self_driving]: [1;33m0[0m[0m
[self_driving-10] [0m[INFO] [1782459499.454633319] [self_driving]: [1;33m0[0m[0m
[self_driving-10] [0m[INFO] [1782459499.530929374] [self_driving]: [1;33m0[0m[0m
[self_driving-10] [0m[INFO] [1782459499.597491060] [self_driving]: [1;33m0[0m[0m
[self_driving-10] [0m[INFO] [1782459499.638784856] [self_driving]: [1;33m0[0m[0m
[self_driving-10] [0m[INFO] [1782459499.726870004] [self_driving]: [1;33m0[0m[0m
[self_driving-10] [0m[INFO] [1782459499.803989467] [self_driving]: [1;33m0[0m[0m
[self_driving-10] [0m[INFO] [1782459499.886481652] [self_driving]: [1;33m0[0m[0m
[self_driving-10] [0m[INFO] [1782459499.921147930] [self_driving]: [1;33m0[0m[0m
[self_driving-10] [0m[INFO] [1782459499.988008356] [self_driving]: [1;33m0[0m[0m
[self_driving-10] [0m[INFO] [1782459500.053001374] [self_driving]: [1;33m0[0m[0m
[self_driving-10] [0m[INFO] [1782459500.159773707] [self_driving]: [1;33m0[0m[0m
[self_driving-10] [0m[INFO] [1782459500.259170448] [self_driving]: [1;33m0[0m[0m
[self_driving-10] [0m[INFO] [1782459500.302292133] [self_driving]: [1;33m0[0m[0m
[self_driving-10] [0m[INFO] [1782459500.360435374] [self_driving]: [1;33m0[0m[0m
[self_driving-10] [0m[INFO] [1782459500.399817652] [self_driving]: [1;33m0[0m[0m
[self_driving-10] [0m[INFO] [1782459500.473456763] [self_driving]: [1;33m0[0m[0m
[self_driving-10] [0m[INFO] [1782459500.527465022] [self_driving]: [1;33m0[0m[0m
[self_driving-10] [0m[INFO] [1782459500.600382411] [self_driving]: [1;33m0[0m[0m
[self_driving-10] [0m[INFO] [1782459500.674358448] [self_driving]: [1;33m0[0m[0m
[self_driving-10] [0m[INFO] [1782459500.737275522] [self_driving]: [1;33m0[0m[0m
[self_driving-10] [0m[INFO] [1782459500.793476966] [self_driving]: [1;33m0[0m[0m
[self_driving-10] [0m[INFO] [1782459500.863991263] [self_driving]: [1;33m0[0m[0m
[self_driving-10] [0m[INFO] [1782459500.932537226] [self_driving]: [1;33m0[0m[0m
[self_driving-10] [0m[INFO] [1782459500.991434244] [self_driving]: [1;33m0[0m[0m
[self_driving-10] [0m[INFO] [1782459501.077740040] [self_driving]: [1;33m0[0m[0m
[self_driving-10] [0m[INFO] [1782459501.181140911] [self_driving]: [1;33m0[0m[0m
[self_driving-10] [0m[INFO] [1782459501.266083948] [self_driving]: [1;33m0[0m[0m
[self_driving-10] [0m[INFO] [1782459501.286668429] [self_driving]: [1;33m0[0m[0m
[self_driving-10] [0m[INFO] [1782459501.321695225] [self_driving]: [1;33m0[0m[0m
[self_driving-10] [0m[INFO] [1782459501.422005225] [self_driving]: [1;33m0[0m[0m
[self_driving-10] [0m[INFO] [1782459501.450426133] [self_driving]: [1;33m0[0m[0m
[self_driving-10] [0m[INFO] [1782459501.525731836] [self_driving]: [1;33m0[0m[0m
[self_driving-10] [0m[INFO] [1782459501.588865818] [self_driving]: [1;33m0[0m[0m
[self_driving-10] [0m[INFO] [1782459501.683243466] [self_driving]: [1;33m0[0m[0m
[self_driving-10] [0m[INFO] [1782459501.740828836] [self_driving]: [1;33m0[0m[0m
[self_driving-10] [0m[INFO] [1782459501.803708521] [self_driving]: [1;33m0[0m[0m
[self_driving-10] [0m[INFO] [1782459501.876248873] [self_driving]: [1;33m0[0m[0m
[self_driving-10] [0m[INFO] [1782459501.930330095] [self_driving]: [1;33m0[0m[0m
[self_driving-10] [0m[INFO] [1782459502.023839743] [self_driving]: [1;33m0[0m[0m
[self_driving-10] [0m[INFO] [1782459502.083193725] [self_driving]: [1;33m0[0m[0m
[self_driving-10] [0m[INFO] [1782459502.134692225] [self_driving]: [1;33m0[0m[0m
[self_driving-10] [0m[INFO] [1782459502.313909539] [self_driving]: [1;33m0[0m[0m
[self_driving-10] [0m[INFO] [1782459502.351501021] [self_driving]: [1;33m0[0m[0m
[self_driving-10] [0m[INFO] [1782459502.412439502] [self_driving]: [1;33m0[0m[0m
[self_driving-10] [0m[INFO] [1782459502.522851836] [self_driving]: [1;33m0[0m[0m
[self_driving-10] [0m[INFO] [1782459502.550729891] [self_driving]: [1;33m0[0m[0m
[self_driving-10] [0m[INFO] [1782459502.631315799] [self_driving]: [1;33m0[0m[0m
[self_driving-10] [0m[INFO] [1782459502.705758373] [self_driving]: [1;33m0[0m[0m
[self_driving-10] [0m[INFO] [1782459502.760322798] [self_driving]: [1;33m0[0m[0m
[self_driving-10] [0m[INFO] [1782459502.797574095] [self_driving]: [1;33m0[0m[0m
[self_driving-10] [0m[INFO] [1782459502.854360835] [self_driving]: [1;33m0[0m[0m
[self_driving-10] [0m[INFO] [1782459502.968206798] [self_driving]: [1;33m0[0m[0m
[self_driving-10] [0m[INFO] [1782459503.021597039] [self_driving]: [1;33m0[0m[0m
[self_driving-10] [0m[INFO] [1782459503.077162761] [self_driving]: [1;33m0[0m[0m
[self_driving-10] [0m[INFO] [1782459503.130089780] [self_driving]: [1;33m0[0m[0m
[self_driving-10] [0m[INFO] [1782459503.231242076] [self_driving]: [1;33m0[0m[0m
[self_driving-10] [0m[INFO] [1782459503.280197594] [self_driving]: [1;33m0[0m[0m
[self_driving-10] [0m[INFO] [1782459503.347701076] [self_driving]: [1;33m0[0m[0m
[self_driving-10] [0m[INFO] [1782459503.417502428] [self_driving]: [1;33m0[0m[0m
[self_driving-10] [0m[INFO] [1782459503.565233502] [self_driving]: [1;33m0[0m[0m
[self_driving-10] [0m[INFO] [1782459503.589591891] [self_driving]: [1;33m0[0m[0m
[self_driving-10] [0m[INFO] [1782459503.637685409] [self_driving]: [1;33m0[0m[0m
[self_driving-10] [0m[INFO] [1782459503.708306576] [self_driving]: [1;33m0[0m[0m
[self_driving-10] [0m[INFO] [1782459503.779929724] [self_driving]: [1;33m0[0m[0m
[self_driving-10] [0m[INFO] [1782459503.830185224] [self_driving]: [1;33m0[0m[0m
[self_driving-10] [0m[INFO] [1782459503.904093927] [self_driving]: [1;33m0[0m[0m
[self_driving-10] [0m[INFO] [1782459503.954698909] [self_driving]: [1;33m0[0m[0m
[self_driving-10] [0m[INFO] [1782459504.042007501] [self_driving]: [1;33m0[0m[0m
[self_driving-10] [0m[INFO] [1782459504.079272927] [self_driving]: [1;33m0[0m[0m
[self_driving-10] [0m[INFO] [1782459504.190018094] [self_driving]: [1;33m0[0m[0m
[self_driving-10] [0m[INFO] [1782459504.250245594] [self_driving]: [1;33m0[0m[0m
[self_driving-10] [0m[INFO] [1782459504.308773149] [self_driving]: [1;33m0[0m[0m
[self_driving-10] [0m[INFO] [1782459504.360444760] [self_driving]: [1;33m0[0m[0m
[self_driving-10] [0m[INFO] [1782459504.424901409] [self_driving]: [1;33m0[0m[0m
[self_driving-10] [0m[INFO] [1782459504.504836686] [self_driving]: [1;33m0[0m[0m
[self_driving-10] [0m[INFO] [1782459504.555294501] [self_driving]: [1;33m0[0m[0m
[self_driving-10] [0m[INFO] [1782459504.621716316] [self_driving]: [1;33m0[0m[0m
[self_driving-10] [0m[INFO] [1782459504.676665538] [self_driving]: [1;33m0[0m[0m
[self_driving-10] [0m[INFO] [1782459504.739887482] [self_driving]: [1;33m0[0m[0m
