[INFO] [launch]: All log files can be found below /home/ubuntu/.ros/log/2026-06-26-15-36-01-199369-raspberrypi-696506
[INFO] [launch]: Default logging verbosity is set to INFO
[INFO] [ascamera_node-1]: process started with pid [696512]
[INFO] [static_transform_publisher-2]: process started with pid [696514]
[INFO] [static_transform_publisher-3]: process started with pid [696516]
[INFO] [joint_state_publisher-4]: process started with pid [696518]
[INFO] [robot_state_publisher-5]: process started with pid [696520]
[INFO] [ros_robot_controller-6]: process started with pid [696522]
[INFO] [odom_publisher-7]: process started with pid [696524]
[INFO] [ekf_node-8]: process started with pid [696526]
[INFO] [yolo_detect-9]: process started with pid [696529]
[INFO] [self_driving-10]: process started with pid [696548]
[ascamera_node-1] [0m[INFO] [1782488161.938491248] [as_logger]: hello world angstrong camera ros2 node[0m
[static_transform_publisher-2] [33m[WARN] [1782488161.932057637] []: Old-style arguments are deprecated; see --help for new-style arguments[0m
[static_transform_publisher-3] [33m[WARN] [1782488161.930849489] []: Old-style arguments are deprecated; see --help for new-style arguments[0m
[static_transform_publisher-2] [0m[INFO] [1782488161.967953989] [static_transform_publisher_2D8VhdPMUoGblnNB]: Spinning until stopped - publishing transform
[static_transform_publisher-2] translation: ('0.000000', '0.000000', '0.000000')
[static_transform_publisher-2] rotation: ('-0.500000', '0.499602', '-0.500000', '0.500398')
[static_transform_publisher-2] from 'depth_cam' to 'ascamera_camera_link_0'[0m
[static_transform_publisher-3] [0m[INFO] [1782488161.970209063] [static_transform_publisher_zaAvjJO0IgVb2tsY]: Spinning until stopped - publishing transform
[static_transform_publisher-3] translation: ('0.000000', '0.000000', '0.000000')
[static_transform_publisher-3] rotation: ('-0.500000', '0.499602', '-0.500000', '0.500398')
[static_transform_publisher-3] from 'depth_cam' to 'ascamera_color_0'[0m
[ascamera_node-1] 2026-06-26 15:36:02[INFO] [CameraPublisher.cpp] [1558] [printLaunchParams] get depth_width 640
[ascamera_node-1] 2026-06-26 15:36:02[INFO] [CameraPublisher.cpp] [1559] [printLaunchParams] get depth_height 480
[ascamera_node-1] 2026-06-26 15:36:02[INFO] [CameraPublisher.cpp] [1561] [printLaunchParams] get rgb_width 640
[ascamera_node-1] 2026-06-26 15:36:02[INFO] [CameraPublisher.cpp] [1562] [printLaunchParams] get rgb_height 480
[ascamera_node-1] 2026-06-26 15:36:02[INFO] [CameraPublisher.cpp] [1570] [printLaunchParams] get set_fps 15
[ascamera_node-1] 2026-06-26 15:36:02[INFO] [CameraPublisher.cpp] [1578] [printLaunchParams] get color_pcl 1
[ascamera_node-1] 2026-06-26 15:36:02[INFO] [CameraPublisher.cpp] [1582] [printLaunchParams] get pub_tfTree 1
[ascamera_node-1] 2026-06-26 15:36:02[INFO] [CameraSrv.cpp] [35] [CameraSrv] Angstrong camera server
[ascamera_node-1] 2026-06-26 15:36:02[INFO] [CameraSrv.cpp] [45] [CameraSrv] Angstrong camera sdk version:v1.2.22.20240516
[robot_state_publisher-5] [0m[INFO] [1782488162.117888489] [robot_state_publisher]: got segment base_footprint[0m
[robot_state_publisher-5] [0m[INFO] [1782488162.118438878] [robot_state_publisher]: got segment base_link[0m
[robot_state_publisher-5] [0m[INFO] [1782488162.118461841] [robot_state_publisher]: got segment depth_cam[0m
[robot_state_publisher-5] [0m[INFO] [1782488162.118472878] [robot_state_publisher]: got segment imu_link[0m
[robot_state_publisher-5] [0m[INFO] [1782488162.118482415] [robot_state_publisher]: got segment lidar_frame[0m
[robot_state_publisher-5] [0m[INFO] [1782488162.118490508] [robot_state_publisher]: got segment wheel_lb_Link[0m
[robot_state_publisher-5] [0m[INFO] [1782488162.118499971] [robot_state_publisher]: got segment wheel_lf_Link[0m
[robot_state_publisher-5] [0m[INFO] [1782488162.118538119] [robot_state_publisher]: got segment wheel_rb_Link[0m
[robot_state_publisher-5] [0m[INFO] [1782488162.118561193] [robot_state_publisher]: got segment wheel_rf_Link[0m
[joint_state_publisher-4] [0m[INFO] [1782488162.892634192] [joint_state_publisher]: Waiting for robot_description to be published on the robot_description topic...[0m
[odom_publisher-7] [0m[INFO] [1782488162.916651155] [odom_publisher]: [1;32m0.930000 1.010000[0m[0m
[odom_publisher-7] [0m[INFO] [1782488162.943241266] [odom_publisher]: [1;32mstart[0m[0m
[ascamera_node-1] 2026-06-26 15:36:03[INFO] [CameraSrv.cpp] [114] [onAttached] attached
[ascamera_node-1] 2026-06-26 15:36:03[INFO] [CameraSrv.cpp] [145] [onAttached] this is a new attach device, create and open it
[ros_robot_controller-6] [0m[INFO] [1782488163.267333266] [ros_robot_controller]: 已设置舵机 1 的偏移量为 0[0m
[ros_robot_controller-6] [0m[INFO] [1782488163.268135840] [ros_robot_controller]: 已设置舵机 2 的偏移量为 0[0m
[ros_robot_controller-6] [0m[INFO] [1782488163.269002933] [ros_robot_controller]: 已设置舵机 3 的偏移量为 4[0m
[ros_robot_controller-6] [0m[INFO] [1782488163.270003655] [ros_robot_controller]: 已设置舵机 4 的偏移量为 0[0m
[ros_robot_controller-6] [0m[INFO] [1782488163.275538025] [ros_robot_controller]: [1;32mstart[0m[0m
[self_driving-10] [0m[INFO] [1782488163.632415173] [self_driving]: 시스템 초기화 중...[0m
[ascamera_node-1] 2026-06-26 15:36:04[INFO] [CameraSrv.cpp] [154] [onAttached] get model type 9
[ascamera_node-1] 2026-06-26 15:36:04[INFO] [CameraSrv.cpp] [342] [getConfigFile] get file: /home/ubuntu/third_party_ros2/third_party_ws/src/ascamera/configurationfiles/hp60c_v2_00_20230704_configEncrypt.json
[ascamera_node-1] 2026-06-26 15:36:04[INFO] [CameraPublisher.cpp] [1501] [logCameraPathInfo] usb camera
[ascamera_node-1] 2026-06-26 15:36:04[INFO] [CameraPublisher.cpp] [1502] [logCameraPathInfo] bnum:1
[ascamera_node-1] 2026-06-26 15:36:04[INFO] [CameraPublisher.cpp] [1503] [logCameraPathInfo] dnum:4
[ascamera_node-1] 2026-06-26 15:36:04[INFO] [CameraPublisher.cpp] [1504] [logCameraPathInfo] port_numbers:2
[ascamera_node-1] 2026-06-26 15:36:04[INFO] [CameraPublisher.cpp] [171] [onCameraAttached] create a new publisher info set
[ascamera_node-1] 2026-06-26 15:36:04[INFO] [TfTreeFrameIdInfo.cpp] [11] [TfTreeFrameIdInfo] Namespace /ascamera
[ascamera_node-1] 2026-06-26 15:36:04[INFO] [CameraHp60c.cpp] [128] [open] according to the configuration file.
[ascamera_node-1] 2026-06-26 15:36:04[INFO] [CameraHp60c.cpp] [1528] [parseConfigFileParameter] moduleName:AS_CAM_HP60C
[ascamera_node-1] 2026-06-26 15:36:04[INFO] [CameraHp60c.cpp] [1555] [parseConfigFileParameter] Parsing config file /home/ubuntu/third_party_ros2/third_party_ws/src/ascamera/configurationfiles/hp60c_v2_00_20230704_configEncrypt.json
[ascamera_node-1] 2026-06-26 15:36:04[INFO] [CameraHp60c.cpp] [1620] [parseConfigFileParameter] configuration protocol Version: v2.x
[ascamera_node-1] 2026-06-26 15:36:04[INFO] [CameraHp60c.cpp] [1631] [parseConfigFileParameter] configuration Version: v2.0.0.20230704
[ascamera_node-1] 2026-06-26 15:36:04[INFO] [CameraHp60c.cpp] [1796] [setParamersAfterOpenCam] Camera confiParaEnable true, setting configuration parameter
[ascamera_node-1] 2026-06-26 15:36:05[ERROR] [XuCmdCameraHp60c.cpp] [454] [getMjpegSize] get mjpeg from xu command failed
[ascamera_node-1] 2026-06-26 15:36:05[INFO] [XuCmdCameraHp60c.cpp] [458] [getMjpegSize] mjpeg size:640x480
[ascamera_node-1] 2026-06-26 15:36:05[INFO] [CameraPublisher.cpp] [356] [onCameraOpen] camera opened
[ascamera_node-1] 2026-06-26 15:36:05[INFO] [CameraPublisher.cpp] [370] [onCameraOpen] get config info, ret 0, is_Registration 1
[ascamera_node-1] 2026-06-26 15:36:05[INFO] [Camera.cpp] [61] [init] #camera[0x55563bcb6710] SN[ASC60CF08000515]'s firmware version:DLS_VERc20865=:V01.09_2024110714:V01.19_2024110714:L01
[ascamera_node-1] 2026-06-26 15:36:05[INFO] [CameraPublisher.cpp] [1183] [setResolution] set depth resolution: 640 x 480 @ 15fps
[ascamera_node-1] 2026-06-26 15:36:05[INFO] [CameraPublisher.cpp] [1197] [setResolution] set rgb resolution: 640 x 480 @ 15fps
[ascamera_node-1] 2026-06-26 15:36:05[INFO] [CameraHp60c.cpp] [260] [startStreaming] start streaming
[ascamera_node-1] 2026-06-26 15:36:05[INFO] [CameraSrv.cpp] [202] [onAttached] attached end
[ascamera_node-1] 2026-06-26 15:36:06[INFO] [CameraHp60c.cpp] [279] [stopStreaming] stop streaming
[INFO] [apply_calib-11]: process started with pid [696659]
[INFO] [complementary_filter_node-12]: process started with pid [696661]
[apply_calib-11] [0m[INFO] [1782488166.986869153] [imu_calib]: Calibrating gyros; do not move the IMU[0m
[complementary_filter_node-12] [0m[INFO] [1782488166.995226208] [imu_filter]: Starting ComplementaryFilterROS[0m
[apply_calib-11] [0m[INFO] [1782488169.011466207] [imu_calib]: Gyro calibration complete! (bias = [-0.004, 0.027, -0.000])[0m
[yolo_detect-9] [0m[INFO] [1782488169.303420911] [yolov5_ros2]: Current ROS 2 distribution: humble[0m
[yolo_detect-9] [0m[INFO] [1782488170.348852336] [yolov5_ros2]: [1;32mstart yolov5 detect[0m[0m
[self_driving-10] [0m[INFO] [1782488171.152946780] [self_driving]: [1;32mFSM v3 Ready: 자동 출발[0m[0m
[self_driving-10] [0m[INFO] [1782488171.153719743] [self_driving]: [1;36m[FSM] WAIT_START → LINE_FOLLOW[0m[0m
[ascamera_node-1] 2026-06-26 15:36:11[INFO] [CameraHp60c.cpp] [260] [startStreaming] start streaming
[ascamera_node-1] 2026-06-26 15:36:12[INFO] [CameraHp60c.cpp] [912] [setInternalParameter] mjpeg info: size(640x480)
[ascamera_node-1] 2026-06-26 15:36:13[INFO] [CameraHp60c.cpp] [1149] [streamCallback] set gain ret 0, gain 4
[ascamera_node-1] 2026-06-26 15:36:13[INFO] [Camera.cpp] [127] [backgroundThread] SN [ ASC60CF08000515 ]'s parameter:
[ascamera_node-1] 2026-06-26 15:36:13[INFO] [Camera.cpp] [128] [backgroundThread] irfx: 426.962
[ascamera_node-1] 2026-06-26 15:36:13[INFO] [Camera.cpp] [129] [backgroundThread] irfy: 426.374
[ascamera_node-1] 2026-06-26 15:36:13[INFO] [Camera.cpp] [130] [backgroundThread] ircx: 315.403
[ascamera_node-1] 2026-06-26 15:36:13[INFO] [Camera.cpp] [131] [backgroundThread] ircy: 240.933
[ascamera_node-1] 2026-06-26 15:36:13[INFO] [Camera.cpp] [132] [backgroundThread] rgbfx: 570.48
[ascamera_node-1] 2026-06-26 15:36:13[INFO] [Camera.cpp] [133] [backgroundThread] rgbfy: 569.949
[ascamera_node-1] 2026-06-26 15:36:13[INFO] [Camera.cpp] [134] [backgroundThread] rgbcx: 329.75
[ascamera_node-1] 2026-06-26 15:36:13[INFO] [Camera.cpp] [135] [backgroundThread] rgbcy: 238.406
[ascamera_node-1] 
[self_driving-10] [0m[INFO] [1782488185.070557587] [self_driving]: [1;33m[CW] Stage 0 횡단보도 감지[0m[0m
[self_driving-10] [0m[INFO] [1782488185.072449938] [self_driving]: [1;36m[FSM] LINE_FOLLOW → CROSSWALK_STOP[0m[0m
[self_driving-10] [0m[INFO] [1782488187.073273826] [self_driving]: [CW_STOP] 정지 완료 → Stage 1[0m
[self_driving-10] [0m[INFO] [1782488187.073819567] [self_driving]: [1;36m[FSM] CROSSWALK_STOP → LINE_FOLLOW[0m[0m
[self_driving-10] [0m[INFO] [1782488196.029646061] [self_driving]: [1;33m[CW] Stage 1 횡단보도 감지[0m[0m
[self_driving-10] [0m[INFO] [1782488196.030236839] [self_driving]: [1;36m[FSM] LINE_FOLLOW → CROSSWALK_STOP[0m[0m
[self_driving-10] [0m[INFO] [1782488198.105397634] [self_driving]: [CW_STOP] 정지 완료 → Stage 2[0m
[self_driving-10] [0m[INFO] [1782488198.106132153] [self_driving]: [1;36m[FSM] CROSSWALK_STOP → LINE_FOLLOW[0m[0m
[self_driving-10] [0m[INFO] [1782488205.956902130] [self_driving]: [1;33m[CW] Stage 2 횡단보도 감지[0m[0m
[self_driving-10] [0m[INFO] [1782488205.959073815] [self_driving]: [1;36m[FSM] LINE_FOLLOW → TRAFFIC_LIGHT[0m[0m
[ekf_node-8] Failed to meet update rate! Took 0.01177616599999999937seconds. Try decreasing the rate, limiting sensor output frequency, or limiting the number of sensors.
[self_driving-10] [33m[WARN] [1782488221.013970269] [self_driving]: [TRAFFIC] 타임아웃 → 강제 출발[0m
[self_driving-10] [0m[INFO] [1782488221.014602954] [self_driving]: [1;36m[FSM] TRAFFIC_LIGHT → LINE_FOLLOW[0m[0m
[self_driving-10] [0m[INFO] [1782488235.591677242] [self_driving]: [1;33m[CW] Stage 3 횡단보도 감지[0m[0m
[self_driving-10] [0m[INFO] [1782488235.593047371] [self_driving]: [1;36m[FSM] LINE_FOLLOW → CROSSWALK_STOP[0m[0m
[self_driving-10] [0m[INFO] [1782488237.604898000] [self_driving]: [CW_STOP] 정지 완료 → Stage 4[0m
[self_driving-10] [0m[INFO] [1782488237.605466426] [self_driving]: [1;36m[FSM] CROSSWALK_STOP → LINE_FOLLOW[0m[0m
