[INFO] [launch]: All log files can be found below /home/ubuntu/.ros/log/2026-06-26-10-04-44-811239-raspberrypi-89366
[INFO] [launch]: Default logging verbosity is set to INFO
[INFO] [ascamera_node-1]: process started with pid [89376]
[INFO] [static_transform_publisher-2]: process started with pid [89378]
[INFO] [static_transform_publisher-3]: process started with pid [89380]
[INFO] [joint_state_publisher-4]: process started with pid [89382]
[INFO] [robot_state_publisher-5]: process started with pid [89384]
[INFO] [ros_robot_controller-6]: process started with pid [89386]
[INFO] [odom_publisher-7]: process started with pid [89389]
[INFO] [ekf_node-8]: process started with pid [89398]
[INFO] [yolo_detect-9]: process started with pid [89401]
[INFO] [self_driving-10]: process started with pid [89414]
[ascamera_node-1] [0m[INFO] [1782468285.546820514] [as_logger]: hello world angstrong camera ros2 node[0m
[static_transform_publisher-2] [33m[WARN] [1782468285.544941421] []: Old-style arguments are deprecated; see --help for new-style arguments[0m
[static_transform_publisher-3] [33m[WARN] [1782468285.530761402] []: Old-style arguments are deprecated; see --help for new-style arguments[0m
[static_transform_publisher-3] [0m[INFO] [1782468285.562448051] [static_transform_publisher_Ee78ukx2fkSTlpbX]: Spinning until stopped - publishing transform
[static_transform_publisher-3] translation: ('0.000000', '0.000000', '0.000000')
[static_transform_publisher-3] rotation: ('-0.500000', '0.499602', '-0.500000', '0.500398')
[static_transform_publisher-3] from 'depth_cam' to 'ascamera_color_0'[0m
[ascamera_node-1] 2026-06-26 10:04:45[INFO] [CameraPublisher.cpp] [1558] [printLaunchParams] get depth_width 640
[ascamera_node-1] 2026-06-26 10:04:45[INFO] [CameraPublisher.cpp] [1559] [printLaunchParams] get depth_height 480
[ascamera_node-1] 2026-06-26 10:04:45[INFO] [CameraPublisher.cpp] [1561] [printLaunchParams] get rgb_width 640
[ascamera_node-1] 2026-06-26 10:04:45[INFO] [CameraPublisher.cpp] [1562] [printLaunchParams] get rgb_height 480
[ascamera_node-1] 2026-06-26 10:04:45[INFO] [CameraPublisher.cpp] [1570] [printLaunchParams] get set_fps 15
[ascamera_node-1] 2026-06-26 10:04:45[INFO] [CameraPublisher.cpp] [1578] [printLaunchParams] get color_pcl 1
[ascamera_node-1] 2026-06-26 10:04:45[INFO] [CameraPublisher.cpp] [1582] [printLaunchParams] get pub_tfTree 1
[ascamera_node-1] 2026-06-26 10:04:45[INFO] [CameraSrv.cpp] [35] [CameraSrv] Angstrong camera server
[ascamera_node-1] 2026-06-26 10:04:45[INFO] [CameraSrv.cpp] [45] [CameraSrv] Angstrong camera sdk version:v1.2.22.20240516
[static_transform_publisher-2] [0m[INFO] [1782468285.603367699] [static_transform_publisher_YNH4FS5DRbHUy7oY]: Spinning until stopped - publishing transform
[static_transform_publisher-2] translation: ('0.000000', '0.000000', '0.000000')
[static_transform_publisher-2] rotation: ('-0.500000', '0.499602', '-0.500000', '0.500398')
[static_transform_publisher-2] from 'depth_cam' to 'ascamera_camera_link_0'[0m
[robot_state_publisher-5] [0m[INFO] [1782468285.696993217] [robot_state_publisher]: got segment base_footprint[0m
[robot_state_publisher-5] [0m[INFO] [1782468285.697164365] [robot_state_publisher]: got segment base_link[0m
[robot_state_publisher-5] [0m[INFO] [1782468285.697188736] [robot_state_publisher]: got segment depth_cam[0m
[robot_state_publisher-5] [0m[INFO] [1782468285.697200643] [robot_state_publisher]: got segment imu_link[0m
[robot_state_publisher-5] [0m[INFO] [1782468285.697209810] [robot_state_publisher]: got segment lidar_frame[0m
[robot_state_publisher-5] [0m[INFO] [1782468285.697220680] [robot_state_publisher]: got segment wheel_lb_Link[0m
[robot_state_publisher-5] [0m[INFO] [1782468285.697231717] [robot_state_publisher]: got segment wheel_lf_Link[0m
[robot_state_publisher-5] [0m[INFO] [1782468285.697243273] [robot_state_publisher]: got segment wheel_rb_Link[0m
[robot_state_publisher-5] [0m[INFO] [1782468285.697251606] [robot_state_publisher]: got segment wheel_rf_Link[0m
[odom_publisher-7] [0m[INFO] [1782468286.447848069] [odom_publisher]: [1;32m0.930000 1.010000[0m[0m
[odom_publisher-7] [0m[INFO] [1782468286.469899569] [odom_publisher]: [1;32mstart[0m[0m
[ascamera_node-1] 2026-06-26 10:04:46[INFO] [CameraSrv.cpp] [114] [onAttached] attached
[ascamera_node-1] 2026-06-26 10:04:46[INFO] [CameraSrv.cpp] [145] [onAttached] this is a new attach device, create and open it
[joint_state_publisher-4] [0m[INFO] [1782468286.598044068] [joint_state_publisher]: Waiting for robot_description to be published on the robot_description topic...[0m
[ros_robot_controller-6] [0m[INFO] [1782468287.574153531] [ros_robot_controller]: 已设置舵机 1 的偏移量为 0[0m
[ros_robot_controller-6] [0m[INFO] [1782468287.575611031] [ros_robot_controller]: 已设置舵机 2 的偏移量为 0[0m
[ros_robot_controller-6] [0m[INFO] [1782468287.576363105] [ros_robot_controller]: 已设置舵机 3 的偏移量为 4[0m
[ros_robot_controller-6] [0m[INFO] [1782468287.577188883] [ros_robot_controller]: 已设置舵机 4 的偏移量为 0[0m
[ros_robot_controller-6] [0m[INFO] [1782468287.581232772] [ros_robot_controller]: [1;32mstart[0m[0m
[ascamera_node-1] 2026-06-26 10:04:47[INFO] [CameraSrv.cpp] [154] [onAttached] get model type 9
[ascamera_node-1] 2026-06-26 10:04:47[INFO] [CameraSrv.cpp] [342] [getConfigFile] get file: /home/ubuntu/third_party_ros2/third_party_ws/src/ascamera/configurationfiles/hp60c_v2_00_20230704_configEncrypt.json
[ascamera_node-1] 2026-06-26 10:04:47[INFO] [CameraPublisher.cpp] [1501] [logCameraPathInfo] usb camera
[ascamera_node-1] 2026-06-26 10:04:47[INFO] [CameraPublisher.cpp] [1502] [logCameraPathInfo] bnum:1
[ascamera_node-1] 2026-06-26 10:04:47[INFO] [CameraPublisher.cpp] [1503] [logCameraPathInfo] dnum:3
[ascamera_node-1] 2026-06-26 10:04:47[INFO] [CameraPublisher.cpp] [1504] [logCameraPathInfo] port_numbers:2
[ascamera_node-1] 2026-06-26 10:04:47[INFO] [CameraPublisher.cpp] [171] [onCameraAttached] create a new publisher info set
[ascamera_node-1] 2026-06-26 10:04:47[INFO] [TfTreeFrameIdInfo.cpp] [11] [TfTreeFrameIdInfo] Namespace /ascamera
[ascamera_node-1] 2026-06-26 10:04:47[INFO] [CameraHp60c.cpp] [128] [open] according to the configuration file.
[ascamera_node-1] 2026-06-26 10:04:47[INFO] [CameraHp60c.cpp] [1528] [parseConfigFileParameter] moduleName:AS_CAM_HP60C
[ascamera_node-1] 2026-06-26 10:04:47[INFO] [CameraHp60c.cpp] [1555] [parseConfigFileParameter] Parsing config file /home/ubuntu/third_party_ros2/third_party_ws/src/ascamera/configurationfiles/hp60c_v2_00_20230704_configEncrypt.json
[ascamera_node-1] 2026-06-26 10:04:47[INFO] [CameraHp60c.cpp] [1620] [parseConfigFileParameter] configuration protocol Version: v2.x
[ascamera_node-1] 2026-06-26 10:04:47[INFO] [CameraHp60c.cpp] [1631] [parseConfigFileParameter] configuration Version: v2.0.0.20230704
[ascamera_node-1] 2026-06-26 10:04:47[INFO] [CameraHp60c.cpp] [1796] [setParamersAfterOpenCam] Camera confiParaEnable true, setting configuration parameter
[ascamera_node-1] 2026-06-26 10:04:49[ERROR] [XuCmdCameraHp60c.cpp] [454] [getMjpegSize] get mjpeg from xu command failed
[ascamera_node-1] 2026-06-26 10:04:49[INFO] [XuCmdCameraHp60c.cpp] [458] [getMjpegSize] mjpeg size:640x480
[ascamera_node-1] 2026-06-26 10:04:49[INFO] [CameraPublisher.cpp] [356] [onCameraOpen] camera opened
[ascamera_node-1] 2026-06-26 10:04:49[INFO] [CameraPublisher.cpp] [370] [onCameraOpen] get config info, ret 0, is_Registration 1
[ascamera_node-1] 2026-06-26 10:04:49[INFO] [Camera.cpp] [61] [init] #camera[0x55564a0ee710] SN[ASC60CF08000515]'s firmware version:DLS_VERc20865=:V01.09_2024110714:V01.19_2024110714:L01
[ascamera_node-1] 2026-06-26 10:04:49[INFO] [CameraPublisher.cpp] [1183] [setResolution] set depth resolution: 640 x 480 @ 15fps
[ascamera_node-1] 2026-06-26 10:04:49[INFO] [CameraPublisher.cpp] [1197] [setResolution] set rgb resolution: 640 x 480 @ 15fps
[ascamera_node-1] 2026-06-26 10:04:49[INFO] [CameraHp60c.cpp] [260] [startStreaming] start streaming
[ascamera_node-1] 2026-06-26 10:04:49[INFO] [CameraSrv.cpp] [202] [onAttached] attached end
[ascamera_node-1] 2026-06-26 10:04:50[INFO] [CameraHp60c.cpp] [279] [stopStreaming] stop streaming
[INFO] [apply_calib-11]: process started with pid [89560]
[INFO] [complementary_filter_node-12]: process started with pid [89562]
[apply_calib-11] [0m[INFO] [1782468290.574412122] [imu_calib]: Calibrating gyros; do not move the IMU[0m
[complementary_filter_node-12] [0m[INFO] [1782468290.596101529] [imu_filter]: Starting ComplementaryFilterROS[0m
[yolo_detect-9] [0m[INFO] [1782468292.143655195] [yolov5_ros2]: Current ROS 2 distribution: humble[0m
[apply_calib-11] [0m[INFO] [1782468292.622120565] [imu_calib]: Gyro calibration complete! (bias = [-0.010, 0.024, 0.000])[0m
[yolo_detect-9] [0m[INFO] [1782468293.550846842] [yolov5_ros2]: [1;32mstart yolov5 detect[0m[0m
[self_driving-10] [0m[INFO] [1782468294.403095082] [self_driving]: [1;32mself_driving FSM ready — 스위치 대기 생략, 자동 출발합니다![0m[0m
[self_driving-10] [0m[INFO] [1782468294.403657916] [self_driving]: [1;36m[FSM] WAIT_START → LINE_FOLLOW[0m[0m
[ascamera_node-1] 2026-06-26 10:04:54[INFO] [CameraHp60c.cpp] [260] [startStreaming] start streaming
[ascamera_node-1] 2026-06-26 10:04:56[INFO] [CameraHp60c.cpp] [912] [setInternalParameter] mjpeg info: size(640x480)
[ascamera_node-1] 2026-06-26 10:04:56[INFO] [CameraHp60c.cpp] [1149] [streamCallback] set gain ret 0, gain 4
[ascamera_node-1] 2026-06-26 10:04:57[INFO] [Camera.cpp] [127] [backgroundThread] SN [ ASC60CF08000515 ]'s parameter:
[ascamera_node-1] 2026-06-26 10:04:57[INFO] [Camera.cpp] [128] [backgroundThread] irfx: 426.962
[ascamera_node-1] 2026-06-26 10:04:57[INFO] [Camera.cpp] [129] [backgroundThread] irfy: 426.374
[ascamera_node-1] 2026-06-26 10:04:57[INFO] [Camera.cpp] [130] [backgroundThread] ircx: 315.403
[ascamera_node-1] 2026-06-26 10:04:57[INFO] [Camera.cpp] [131] [backgroundThread] ircy: 240.933
[ascamera_node-1] 2026-06-26 10:04:57[INFO] [Camera.cpp] [132] [backgroundThread] rgbfx: 570.48
[ascamera_node-1] 2026-06-26 10:04:57[INFO] [Camera.cpp] [133] [backgroundThread] rgbfy: 569.949
[ascamera_node-1] 2026-06-26 10:04:57[INFO] [Camera.cpp] [134] [backgroundThread] rgbcx: 329.75
[ascamera_node-1] 2026-06-26 10:04:57[INFO] [Camera.cpp] [135] [backgroundThread] rgbcy: 238.406
[ascamera_node-1] 
[self_driving-10] [0m[INFO] [1782468299.951016616] [self_driving]: [1;36m[FSM] LINE_FOLLOW → CROSSWALK_STOP[0m[0m
[self_driving-10] [0m[INFO] [1782468301.973525207] [self_driving]: [CROSSWALK] 정지 완료 → LINE_FOLLOW 복귀[0m
[self_driving-10] [0m[INFO] [1782468301.974038300] [self_driving]: [1;36m[FSM] CROSSWALK_STOP → LINE_FOLLOW[0m[0m
[self_driving-10] [0m[INFO] [1782468302.450732207] [self_driving]: [1;36m[FSM] LINE_FOLLOW → TRAFFIC_LIGHT[0m[0m
[self_driving-10] [0m[INFO] [1782468302.534807503] [self_driving]: [TRAFFIC] 초록 신호 → LINE_FOLLOW[0m
[self_driving-10] [0m[INFO] [1782468302.535347818] [self_driving]: [1;36m[FSM] TRAFFIC_LIGHT → LINE_FOLLOW[0m[0m
[self_driving-10] [0m[INFO] [1782468302.771769318] [self_driving]: [1;36m[FSM] LINE_FOLLOW → TRAFFIC_LIGHT[0m[0m
[self_driving-10] [0m[INFO] [1782468302.858543725] [self_driving]: [TRAFFIC] 초록 신호 → LINE_FOLLOW[0m
[self_driving-10] [0m[INFO] [1782468302.860311837] [self_driving]: [1;36m[FSM] TRAFFIC_LIGHT → LINE_FOLLOW[0m[0m
[self_driving-10] [0m[INFO] [1782468303.659204373] [self_driving]: [1;36m[FSM] LINE_FOLLOW → TRAFFIC_LIGHT[0m[0m
[self_driving-10] [0m[INFO] [1782468303.735729188] [self_driving]: [TRAFFIC] 초록 신호 → LINE_FOLLOW[0m
[self_driving-10] [0m[INFO] [1782468303.741425651] [self_driving]: [1;36m[FSM] TRAFFIC_LIGHT → LINE_FOLLOW[0m[0m
[self_driving-10] [0m[INFO] [1782468318.849355809] [self_driving]: [1;36m[FSM] LINE_FOLLOW → CROSSWALK_STOP[0m[0m
[self_driving-10] [0m[INFO] [1782468320.868196122] [self_driving]: [CROSSWALK] 정지 완료 → LINE_FOLLOW 복귀[0m
[self_driving-10] [0m[INFO] [1782468320.868765567] [self_driving]: [1;36m[FSM] CROSSWALK_STOP → LINE_FOLLOW[0m[0m
[self_driving-10] [0m[INFO] [1782468326.102811841] [self_driving]: [1;36m[FSM] LINE_FOLLOW → CROSSWALK_STOP[0m[0m
[self_driving-10] [0m[INFO] [1782468328.129009007] [self_driving]: [CROSSWALK] 정지 완료 → LINE_FOLLOW 복귀[0m
[self_driving-10] [0m[INFO] [1782468328.130743507] [self_driving]: [1;36m[FSM] CROSSWALK_STOP → LINE_FOLLOW[0m[0m
[self_driving-10] [0m[INFO] [1782468330.077324857] [self_driving]: [1;36m[FSM] LINE_FOLLOW → ARROW_SIGNAL[0m[0m
[self_driving-10] [0m[INFO] [1782468331.616010153] [self_driving]: [ARROW] 방향=go → INTERSECTION[0m
[self_driving-10] [0m[INFO] [1782468331.616489838] [self_driving]: [1;36m[FSM] ARROW_SIGNAL → INTERSECTION[0m[0m
[self_driving-10] [0m[INFO] [1782468331.688363208] [self_driving]: [1;36m[FSM] INTERSECTION → LINE_FOLLOW[0m[0m
[self_driving-10] [0m[INFO] [1782468334.848645077] [self_driving]: [1;36m[FSM] LINE_FOLLOW → ARROW_SIGNAL[0m[0m
[self_driving-10] [0m[INFO] [1782468336.406617020] [self_driving]: [ARROW] 방향=go → INTERSECTION[0m
[self_driving-10] [0m[INFO] [1782468336.412328483] [self_driving]: [1;36m[FSM] ARROW_SIGNAL → INTERSECTION[0m[0m
[self_driving-10] [0m[INFO] [1782468336.460703094] [self_driving]: [1;36m[FSM] INTERSECTION → LINE_FOLLOW[0m[0m
[self_driving-10] [0m[INFO] [1782468340.418889166] [self_driving]: [1;36m[FSM] LINE_FOLLOW → CROSSWALK_STOP[0m[0m
[self_driving-10] [0m[INFO] [1782468342.424866591] [self_driving]: [CROSSWALK] 정지 완료 → LINE_FOLLOW 복귀[0m
[self_driving-10] [0m[INFO] [1782468342.425617461] [self_driving]: [1;36m[FSM] CROSSWALK_STOP → LINE_FOLLOW[0m[0m
[self_driving-10] [0m[INFO] [1782468347.677723773] [self_driving]: [1;36m[FSM] LINE_FOLLOW → CROSSWALK_STOP[0m[0m
[self_driving-10] [0m[INFO] [1782468349.693111309] [self_driving]: [CROSSWALK] 정지 완료 → LINE_FOLLOW 복귀[0m
[self_driving-10] [0m[INFO] [1782468349.694667327] [self_driving]: [1;36m[FSM] CROSSWALK_STOP → LINE_FOLLOW[0m[0m
[self_driving-10] [0m[INFO] [1782468355.014320361] [self_driving]: [1;36m[FSM] LINE_FOLLOW → CROSSWALK_STOP[0m[0m
[self_driving-10] [0m[INFO] [1782468357.024394878] [self_driving]: [CROSSWALK] 정지 완료 → LINE_FOLLOW 복귀[0m
[self_driving-10] [0m[INFO] [1782468357.026995156] [self_driving]: [1;36m[FSM] CROSSWALK_STOP → LINE_FOLLOW[0m[0m
[self_driving-10] [0m[INFO] [1782468359.112006062] [self_driving]: [1;36m[FSM] LINE_FOLLOW → ARROW_SIGNAL[0m[0m
[self_driving-10] [0m[INFO] [1782468360.663229006] [self_driving]: [ARROW] 방향=go → INTERSECTION[0m
[self_driving-10] [0m[INFO] [1782468360.666208321] [self_driving]: [1;36m[FSM] ARROW_SIGNAL → INTERSECTION[0m[0m
[self_driving-10] [0m[INFO] [1782468360.727988709] [self_driving]: [1;36m[FSM] INTERSECTION → LINE_FOLLOW[0m[0m
[self_driving-10] [0m[INFO] [1782468362.109984338] [self_driving]: [1;36m[FSM] LINE_FOLLOW → ARROW_SIGNAL[0m[0m
[self_driving-10] [0m[INFO] [1782468363.651251541] [self_driving]: [ARROW] 방향=go → INTERSECTION[0m
[self_driving-10] [0m[INFO] [1782468363.658242486] [self_driving]: [1;36m[FSM] ARROW_SIGNAL → INTERSECTION[0m[0m
[self_driving-10] [0m[INFO] [1782468363.718391097] [self_driving]: [1;36m[FSM] INTERSECTION → LINE_FOLLOW[0m[0m
[self_driving-10] [0m[INFO] [1782468364.131226819] [self_driving]: [1;36m[FSM] LINE_FOLLOW → ARROW_SIGNAL[0m[0m
[self_driving-10] [0m[INFO] [1782468365.653630929] [self_driving]: [ARROW] 방향=go → INTERSECTION[0m
[self_driving-10] [0m[INFO] [1782468365.654783299] [self_driving]: [1;36m[FSM] ARROW_SIGNAL → INTERSECTION[0m[0m
[self_driving-10] [0m[INFO] [1782468365.725781373] [self_driving]: [1;36m[FSM] INTERSECTION → LINE_FOLLOW[0m[0m
[self_driving-10] [0m[INFO] [1782468366.141890447] [self_driving]: [1;36m[FSM] LINE_FOLLOW → ARROW_SIGNAL[0m[0m
[self_driving-10] [0m[INFO] [1782468367.689548909] [self_driving]: [ARROW] 방향=go → INTERSECTION[0m
[self_driving-10] [0m[INFO] [1782468367.694005798] [self_driving]: [1;36m[FSM] ARROW_SIGNAL → INTERSECTION[0m[0m
[self_driving-10] [0m[INFO] [1782468367.770173150] [self_driving]: [1;36m[FSM] INTERSECTION → LINE_FOLLOW[0m[0m
[self_driving-10] [0m[INFO] [1782468368.147300742] [self_driving]: [1;36m[FSM] LINE_FOLLOW → ARROW_SIGNAL[0m[0m
[self_driving-10] [0m[INFO] [1782468369.692793000] [self_driving]: [ARROW] 방향=go → INTERSECTION[0m
[self_driving-10] [0m[INFO] [1782468369.693251649] [self_driving]: [1;36m[FSM] ARROW_SIGNAL → INTERSECTION[0m[0m
[self_driving-10] [0m[INFO] [1782468369.774185852] [self_driving]: [1;36m[FSM] INTERSECTION → LINE_FOLLOW[0m[0m
[self_driving-10] [0m[INFO] [1782468370.169126871] [self_driving]: [1;36m[FSM] LINE_FOLLOW → ARROW_SIGNAL[0m[0m
[self_driving-10] [0m[INFO] [1782468371.704043907] [self_driving]: [ARROW] 방향=go → INTERSECTION[0m
[self_driving-10] [0m[INFO] [1782468371.704612407] [self_driving]: [1;36m[FSM] ARROW_SIGNAL → INTERSECTION[0m[0m
[self_driving-10] [0m[INFO] [1782468371.791648110] [self_driving]: [1;36m[FSM] INTERSECTION → LINE_FOLLOW[0m[0m
[self_driving-10] [0m[INFO] [1782468374.516616572] [self_driving]: [1;36m[FSM] LINE_FOLLOW → ARROW_SIGNAL[0m[0m
[self_driving-10] [0m[INFO] [1782468376.068629700] [self_driving]: [ARROW] 방향=go → INTERSECTION[0m
[self_driving-10] [0m[INFO] [1782468376.072350849] [self_driving]: [1;36m[FSM] ARROW_SIGNAL → INTERSECTION[0m[0m
[self_driving-10] [0m[INFO] [1782468376.143679534] [self_driving]: [1;36m[FSM] INTERSECTION → LINE_FOLLOW[0m[0m
[self_driving-10] [0m[INFO] [1782468376.452962533] [self_driving]: [1;36m[FSM] LINE_FOLLOW → CROSSWALK_STOP[0m[0m
[self_driving-10] [0m[INFO] [1782468378.477475273] [self_driving]: [CROSSWALK] 정지 완료 → LINE_FOLLOW 복귀[0m
[self_driving-10] [0m[INFO] [1782468378.479621273] [self_driving]: [1;36m[FSM] CROSSWALK_STOP → LINE_FOLLOW[0m[0m
[self_driving-10] [0m[INFO] [1782468378.884853958] [self_driving]: [1;36m[FSM] LINE_FOLLOW → ARROW_SIGNAL[0m[0m
[self_driving-10] [0m[INFO] [1782468380.402803420] [self_driving]: [ARROW] 방향=go → INTERSECTION[0m
[self_driving-10] [0m[INFO] [1782468380.403281957] [self_driving]: [1;36m[FSM] ARROW_SIGNAL → INTERSECTION[0m[0m
[self_driving-10] [0m[INFO] [1782468380.483287235] [self_driving]: [1;36m[FSM] INTERSECTION → LINE_FOLLOW[0m[0m
[self_driving-10] [0m[INFO] [1782468380.912784920] [self_driving]: [1;36m[FSM] LINE_FOLLOW → ARROW_SIGNAL[0m[0m
[self_driving-10] [0m[INFO] [1782468382.418946993] [self_driving]: [ARROW] 방향=go → INTERSECTION[0m
[self_driving-10] [0m[INFO] [1782468382.419433085] [self_driving]: [1;36m[FSM] ARROW_SIGNAL → INTERSECTION[0m[0m
[self_driving-10] [0m[INFO] [1782468389.683469470] [self_driving]: [1;36m[FSM] INTERSECTION → LINE_FOLLOW[0m[0m
[self_driving-10] [0m[INFO] [1782468394.115495634] [self_driving]: [1;36m[FSM] LINE_FOLLOW → ARROW_SIGNAL[0m[0m
[self_driving-10] [0m[INFO] [1782468395.655758078] [self_driving]: [ARROW] 방향=right → INTERSECTION[0m
[self_driving-10] [0m[INFO] [1782468395.664490115] [self_driving]: [1;36m[FSM] ARROW_SIGNAL → INTERSECTION[0m[0m
[self_driving-10] [0m[INFO] [1782468398.084891946] [self_driving]: [1;36m[FSM] INTERSECTION → LINE_FOLLOW[0m[0m
[self_driving-10] [0m[INFO] [1782468399.768509742] [self_driving]: [1;36m[FSM] LINE_FOLLOW → CROSSWALK_STOP[0m[0m
[self_driving-10] [0m[INFO] [1782468401.768562833] [self_driving]: [CROSSWALK] 정지 완료 → LINE_FOLLOW 복귀[0m
[self_driving-10] [0m[INFO] [1782468401.769371796] [self_driving]: [1;36m[FSM] CROSSWALK_STOP → LINE_FOLLOW[0m[0m
[self_driving-10] [0m[INFO] [1782468405.283599590] [self_driving]: [1;36m[FSM] LINE_FOLLOW → ARROW_SIGNAL[0m[0m
[self_driving-10] [0m[INFO] [1782468406.807428941] [self_driving]: [ARROW] 방향=go → INTERSECTION[0m
[self_driving-10] [0m[INFO] [1782468406.807973015] [self_driving]: [1;36m[FSM] ARROW_SIGNAL → INTERSECTION[0m[0m
[self_driving-10] [0m[INFO] [1782468406.894309219] [self_driving]: [1;36m[FSM] INTERSECTION → LINE_FOLLOW[0m[0m
[self_driving-10] [0m[INFO] [1782468409.296004255] [self_driving]: [1;36m[FSM] LINE_FOLLOW → PARKING[0m[0m
[self_driving-10] [0m[INFO] [1782468411.853942198] [self_driving]: [PARKING] 주차 완료 → DONE[0m
[self_driving-10] [0m[INFO] [1782468411.857381698] [self_driving]: [1;36m[FSM] PARKING → DONE[0m[0m
