[INFO] [launch]: All log files can be found below /home/ubuntu/.ros/log/2026-06-26-14-14-26-255910-raspberrypi-302753
[INFO] [launch]: Default logging verbosity is set to INFO
[INFO] [ascamera_node-1]: process started with pid [302763]
[INFO] [static_transform_publisher-2]: process started with pid [302765]
[INFO] [static_transform_publisher-3]: process started with pid [302767]
[INFO] [joint_state_publisher-4]: process started with pid [302769]
[INFO] [robot_state_publisher-5]: process started with pid [302771]
[INFO] [ros_robot_controller-6]: process started with pid [302780]
[INFO] [odom_publisher-7]: process started with pid [302786]
[INFO] [ekf_node-8]: process started with pid [302789]
[INFO] [yolo_detect-9]: process started with pid [302793]
[INFO] [self_driving-10]: process started with pid [302798]
[ascamera_node-1] [0m[INFO] [1782483267.009361536] [as_logger]: hello world angstrong camera ros2 node[0m
[static_transform_publisher-2] [33m[WARN] [1782483266.990426962] []: Old-style arguments are deprecated; see --help for new-style arguments[0m
[static_transform_publisher-3] [33m[WARN] [1782483266.985373925] []: Old-style arguments are deprecated; see --help for new-style arguments[0m
[ascamera_node-1] 2026-06-26 14:14:27[INFO] [CameraPublisher.cpp] [1558] [printLaunchParams] get depth_width 640
[ascamera_node-1] 2026-06-26 14:14:27[INFO] [CameraPublisher.cpp] [1559] [printLaunchParams] get depth_height 480
[ascamera_node-1] 2026-06-26 14:14:27[INFO] [CameraPublisher.cpp] [1561] [printLaunchParams] get rgb_width 640
[ascamera_node-1] 2026-06-26 14:14:27[INFO] [CameraPublisher.cpp] [1562] [printLaunchParams] get rgb_height 480
[ascamera_node-1] 2026-06-26 14:14:27[INFO] [CameraPublisher.cpp] [1570] [printLaunchParams] get set_fps 15
[ascamera_node-1] 2026-06-26 14:14:27[INFO] [CameraPublisher.cpp] [1578] [printLaunchParams] get color_pcl 1
[ascamera_node-1] 2026-06-26 14:14:27[INFO] [CameraPublisher.cpp] [1582] [printLaunchParams] get pub_tfTree 1
[ascamera_node-1] 2026-06-26 14:14:27[INFO] [CameraSrv.cpp] [35] [CameraSrv] Angstrong camera server
[ascamera_node-1] 2026-06-26 14:14:27[INFO] [CameraSrv.cpp] [45] [CameraSrv] Angstrong camera sdk version:v1.2.22.20240516
[static_transform_publisher-3] [0m[INFO] [1782483267.055083648] [static_transform_publisher_CyvMUoqYjcfOTvHZ]: Spinning until stopped - publishing transform
[static_transform_publisher-3] translation: ('0.000000', '0.000000', '0.000000')
[static_transform_publisher-3] rotation: ('-0.500000', '0.499602', '-0.500000', '0.500398')
[static_transform_publisher-3] from 'depth_cam' to 'ascamera_color_0'[0m
[robot_state_publisher-5] [0m[INFO] [1782483267.100586203] [robot_state_publisher]: got segment base_footprint[0m
[robot_state_publisher-5] [0m[INFO] [1782483267.101654222] [robot_state_publisher]: got segment base_link[0m
[robot_state_publisher-5] [0m[INFO] [1782483267.102402481] [robot_state_publisher]: got segment depth_cam[0m
[robot_state_publisher-5] [0m[INFO] [1782483267.102465925] [robot_state_publisher]: got segment imu_link[0m
[robot_state_publisher-5] [0m[INFO] [1782483267.102479240] [robot_state_publisher]: got segment lidar_frame[0m
[robot_state_publisher-5] [0m[INFO] [1782483267.102490222] [robot_state_publisher]: got segment wheel_lb_Link[0m
[robot_state_publisher-5] [0m[INFO] [1782483267.102501240] [robot_state_publisher]: got segment wheel_lf_Link[0m
[robot_state_publisher-5] [0m[INFO] [1782483267.102511814] [robot_state_publisher]: got segment wheel_rb_Link[0m
[robot_state_publisher-5] [0m[INFO] [1782483267.102522036] [robot_state_publisher]: got segment wheel_rf_Link[0m
[static_transform_publisher-2] [0m[INFO] [1782483267.130883573] [static_transform_publisher_0TSLf7iZHfkbCoeS]: Spinning until stopped - publishing transform
[static_transform_publisher-2] translation: ('0.000000', '0.000000', '0.000000')
[static_transform_publisher-2] rotation: ('-0.500000', '0.499602', '-0.500000', '0.500398')
[static_transform_publisher-2] from 'depth_cam' to 'ascamera_camera_link_0'[0m
[odom_publisher-7] [0m[INFO] [1782483267.905953443] [odom_publisher]: [1;32m0.930000 1.010000[0m[0m
[odom_publisher-7] [0m[INFO] [1782483267.920553017] [odom_publisher]: [1;32mstart[0m[0m
[ascamera_node-1] 2026-06-26 14:14:28[INFO] [CameraSrv.cpp] [114] [onAttached] attached
[ascamera_node-1] 2026-06-26 14:14:28[INFO] [CameraSrv.cpp] [145] [onAttached] this is a new attach device, create and open it
[joint_state_publisher-4] [0m[INFO] [1782483268.495731202] [joint_state_publisher]: Waiting for robot_description to be published on the robot_description topic...[0m
[self_driving-10] [0m[INFO] [1782483268.653880054] [self_driving]: [INIT] init_process started[0m
[self_driving-10] [0m[INFO] [1782483268.654399517] [self_driving]: [INIT] only_line_follow=False[0m
[self_driving-10] [0m[INFO] [1782483268.654826647] [self_driving]: [INIT] request /yolov5/start[0m
[ascamera_node-1] 2026-06-26 14:14:29[INFO] [CameraSrv.cpp] [154] [onAttached] get model type 9
[ascamera_node-1] 2026-06-26 14:14:29[INFO] [CameraSrv.cpp] [342] [getConfigFile] get file: /home/ubuntu/third_party_ros2/third_party_ws/src/ascamera/configurationfiles/hp60c_v2_00_20230704_configEncrypt.json
[ascamera_node-1] 2026-06-26 14:14:29[INFO] [CameraPublisher.cpp] [1501] [logCameraPathInfo] usb camera
[ascamera_node-1] 2026-06-26 14:14:29[INFO] [CameraPublisher.cpp] [1502] [logCameraPathInfo] bnum:1
[ascamera_node-1] 2026-06-26 14:14:29[INFO] [CameraPublisher.cpp] [1503] [logCameraPathInfo] dnum:4
[ascamera_node-1] 2026-06-26 14:14:29[INFO] [CameraPublisher.cpp] [1504] [logCameraPathInfo] port_numbers:2
[ascamera_node-1] 2026-06-26 14:14:29[INFO] [CameraPublisher.cpp] [171] [onCameraAttached] create a new publisher info set
[ascamera_node-1] 2026-06-26 14:14:29[INFO] [TfTreeFrameIdInfo.cpp] [11] [TfTreeFrameIdInfo] Namespace /ascamera
[ros_robot_controller-6] [0m[INFO] [1782483269.132104943] [ros_robot_controller]: 已设置舵机 1 的偏移量为 0[0m
[ros_robot_controller-6] [0m[INFO] [1782483269.133867794] [ros_robot_controller]: 已设置舵机 2 的偏移量为 0[0m
[ros_robot_controller-6] [0m[INFO] [1782483269.135882461] [ros_robot_controller]: 已设置舵机 3 的偏移量为 4[0m
[ros_robot_controller-6] [0m[INFO] [1782483269.137081239] [ros_robot_controller]: 已设置舵机 4 的偏移量为 0[0m
[ros_robot_controller-6] [0m[INFO] [1782483269.143915202] [ros_robot_controller]: [1;32mstart[0m[0m
[ascamera_node-1] 2026-06-26 14:14:29[INFO] [CameraHp60c.cpp] [128] [open] according to the configuration file.
[ascamera_node-1] 2026-06-26 14:14:29[INFO] [CameraHp60c.cpp] [1528] [parseConfigFileParameter] moduleName:AS_CAM_HP60C
[ascamera_node-1] 2026-06-26 14:14:29[INFO] [CameraHp60c.cpp] [1555] [parseConfigFileParameter] Parsing config file /home/ubuntu/third_party_ros2/third_party_ws/src/ascamera/configurationfiles/hp60c_v2_00_20230704_configEncrypt.json
[ascamera_node-1] 2026-06-26 14:14:29[INFO] [CameraHp60c.cpp] [1620] [parseConfigFileParameter] configuration protocol Version: v2.x
[ascamera_node-1] 2026-06-26 14:14:29[INFO] [CameraHp60c.cpp] [1631] [parseConfigFileParameter] configuration Version: v2.0.0.20230704
[ascamera_node-1] 2026-06-26 14:14:29[INFO] [CameraHp60c.cpp] [1796] [setParamersAfterOpenCam] Camera confiParaEnable true, setting configuration parameter
[self_driving-10] [33m[WARN] [1782483270.658272757] [self_driving]: [YOLO_SERVICE] service not ready, continue without blocking[0m
[ascamera_node-1] 2026-06-26 14:14:30[ERROR] [XuCmdCameraHp60c.cpp] [454] [getMjpegSize] get mjpeg from xu command failed
[ascamera_node-1] 2026-06-26 14:14:30[INFO] [XuCmdCameraHp60c.cpp] [458] [getMjpegSize] mjpeg size:640x480
[ascamera_node-1] 2026-06-26 14:14:30[INFO] [CameraPublisher.cpp] [356] [onCameraOpen] camera opened
[ascamera_node-1] 2026-06-26 14:14:30[INFO] [CameraPublisher.cpp] [370] [onCameraOpen] get config info, ret 0, is_Registration 1
[ascamera_node-1] 2026-06-26 14:14:30[INFO] [Camera.cpp] [61] [init] #camera[0x55563606a710] SN[ASC60CF08000515]'s firmware version:DLS_VERc20865=:V01.09_2024110714:V01.19_2024110714:L01
[ascamera_node-1] 2026-06-26 14:14:30[INFO] [CameraPublisher.cpp] [1183] [setResolution] set depth resolution: 640 x 480 @ 15fps
[ascamera_node-1] 2026-06-26 14:14:30[INFO] [CameraPublisher.cpp] [1197] [setResolution] set rgb resolution: 640 x 480 @ 15fps
[ascamera_node-1] 2026-06-26 14:14:30[INFO] [CameraHp60c.cpp] [260] [startStreaming] start streaming
[ascamera_node-1] 2026-06-26 14:14:30[INFO] [CameraSrv.cpp] [202] [onAttached] attached end
[self_driving-10] [0m[INFO] [1782483271.159490386] [self_driving]: [INIT] enter + set_running start[0m
[self_driving-10] [0m[INFO] [1782483271.160022923] [self_driving]: [1;32mself driving enter[0m[0m
[self_driving-10] [0m[INFO] [1782483271.169308738] [self_driving]: [SUB] image=/ascamera/camera_publisher/rgb0/image object=/yolov5_ros2/object_detect[0m
[self_driving-10] [0m[INFO] [1782483271.170072590] [self_driving]: [1;32mset_running[0m[0m
[self_driving-10] [0m[INFO] [1782483271.172552664] [self_driving]: [1;32m[START] hybrid self_driving start: auto LINE_FOLLOW[0m[0m
[INFO] [apply_calib-11]: process started with pid [302964]
[INFO] [complementary_filter_node-12]: process started with pid [302966]
[ascamera_node-1] 2026-06-26 14:14:32[INFO] [CameraHp60c.cpp] [912] [setInternalParameter] mjpeg info: size(640x480)
[complementary_filter_node-12] [0m[INFO] [1782483272.363450830] [imu_filter]: Starting ComplementaryFilterROS[0m
[ascamera_node-1] 2026-06-26 14:14:32[INFO] [Camera.cpp] [127] [backgroundThread] SN [ ASC60CF08000515 ]'s parameter:
[ascamera_node-1] 2026-06-26 14:14:32[INFO] [Camera.cpp] [128] [backgroundThread] irfx: 426.962
[ascamera_node-1] 2026-06-26 14:14:32[INFO] [Camera.cpp] [129] [backgroundThread] irfy: 426.374
[ascamera_node-1] 2026-06-26 14:14:32[INFO] [Camera.cpp] [130] [backgroundThread] ircx: 315.403
[ascamera_node-1] 2026-06-26 14:14:32[INFO] [Camera.cpp] [131] [backgroundThread] ircy: 240.933
[ascamera_node-1] 2026-06-26 14:14:32[INFO] [Camera.cpp] [132] [backgroundThread] rgbfx: 570.48
[ascamera_node-1] 2026-06-26 14:14:32[INFO] [Camera.cpp] [133] [backgroundThread] rgbfy: 569.949
[ascamera_node-1] 2026-06-26 14:14:32[INFO] [Camera.cpp] [134] [backgroundThread] rgbcx: 329.75
[ascamera_node-1] 2026-06-26 14:14:32[INFO] [Camera.cpp] [135] [backgroundThread] rgbcy: 238.406
[ascamera_node-1] 
[ascamera_node-1] 2026-06-26 14:14:32[INFO] [CameraHp60c.cpp] [1149] [streamCallback] set gain ret 0, gain 4
[self_driving-10] [0m[INFO] [1782483272.914210348] [self_driving]: [IMAGE] received count=1 shape=(480, 640, 3) queue=0[0m
[self_driving-10] [33m[WARN] [1782483273.086016348] [self_driving]: [IMAGE] queue full -> drop oldest frame[0m
[self_driving-10] [33m[WARN] [1782483273.095466959] [self_driving]: [LANE_LOST] raw_lane_x=-1 lane_x=-1 filter=lost stop=False state=LINE_FOLLOW safe_linear=0.00 right_ready=False right_done=False[0m
[self_driving-10] [0m[INFO] [1782483273.096242885] [self_driving]: [DEBUG_DRIVE] state=LINE_FOLLOW raw_lane_x=-1 lane_x=-1 filter=lost linear=0.30 angular=0.00 cw_y=0 right_done=False start_turn=False count_turn=0 traffic=None stop=False[0m
[apply_calib-11] [0m[INFO] [1782483273.353942847] [imu_calib]: Calibrating gyros; do not move the IMU[0m
[self_driving-10] [33m[WARN] [1782483273.628554292] [self_driving]: [LANE_LOST] raw_lane_x=-1 lane_x=-1 filter=lost stop=False state=LINE_FOLLOW safe_linear=0.00 right_ready=False right_done=False[0m
[self_driving-10] [0m[INFO] [1782483273.629232847] [self_driving]: [DEBUG_DRIVE] state=LINE_FOLLOW raw_lane_x=-1 lane_x=-1 filter=lost linear=0.30 angular=0.00 cw_y=0 right_done=False start_turn=False count_turn=0 traffic=None stop=False[0m
[yolo_detect-9] [0m[INFO] [1782483273.851234625] [yolov5_ros2]: Current ROS 2 distribution: humble[0m
[self_driving-10] [33m[WARN] [1782483274.173757606] [self_driving]: [LANE_LOST] raw_lane_x=-1 lane_x=-1 filter=lost stop=False state=LINE_FOLLOW safe_linear=0.00 right_ready=False right_done=False[0m
[self_driving-10] [0m[INFO] [1782483274.174377199] [self_driving]: [DEBUG_DRIVE] state=LINE_FOLLOW raw_lane_x=-1 lane_x=-1 filter=lost linear=0.30 angular=0.00 cw_y=0 right_done=False start_turn=False count_turn=0 traffic=None stop=False[0m
[self_driving-10] [33m[WARN] [1782483274.719033050] [self_driving]: [LANE_LOST] raw_lane_x=-1 lane_x=-1 filter=lost stop=False state=LINE_FOLLOW safe_linear=0.00 right_ready=False right_done=False[0m
[self_driving-10] [0m[INFO] [1782483274.719899976] [self_driving]: [DEBUG_DRIVE] state=LINE_FOLLOW raw_lane_x=-1 lane_x=-1 filter=lost linear=0.30 angular=0.00 cw_y=0 right_done=False start_turn=False count_turn=0 traffic=None stop=False[0m
[self_driving-10] [0m[INFO] [1782483274.972218550] [self_driving]: [IMAGE] received count=32 shape=(480, 640, 3) queue=0[0m
[apply_calib-11] [0m[INFO] [1782483275.240966254] [imu_calib]: Gyro calibration complete! (bias = [-0.012, 0.048, -0.004])[0m
[self_driving-10] [33m[WARN] [1782483275.265953939] [self_driving]: [LANE_LOST] raw_lane_x=-1 lane_x=-1 filter=lost stop=False state=LINE_FOLLOW safe_linear=0.00 right_ready=False right_done=False[0m
[self_driving-10] [0m[INFO] [1782483275.266648291] [self_driving]: [DEBUG_DRIVE] state=LINE_FOLLOW raw_lane_x=-1 lane_x=-1 filter=lost linear=0.30 angular=0.00 cw_y=0 right_done=False start_turn=False count_turn=0 traffic=None stop=False[0m
[self_driving-10] [33m[WARN] [1782483275.790779883] [self_driving]: [LANE_LOST] raw_lane_x=-1 lane_x=-1 filter=lost stop=False state=LINE_FOLLOW safe_linear=0.00 right_ready=False right_done=False[0m
[self_driving-10] [0m[INFO] [1782483275.791300013] [self_driving]: [DEBUG_DRIVE] state=LINE_FOLLOW raw_lane_x=-1 lane_x=-1 filter=lost linear=0.30 angular=0.00 cw_y=0 right_done=False start_turn=False count_turn=0 traffic=None stop=False[0m
[self_driving-10] [33m[WARN] [1782483276.326032401] [self_driving]: [LANE_LOST] raw_lane_x=-1 lane_x=-1 filter=lost stop=False state=LINE_FOLLOW safe_linear=0.00 right_ready=False right_done=False[0m
[self_driving-10] [0m[INFO] [1782483276.326638290] [self_driving]: [DEBUG_DRIVE] state=LINE_FOLLOW raw_lane_x=-1 lane_x=-1 filter=lost linear=0.30 angular=0.00 cw_y=0 right_done=False start_turn=False count_turn=0 traffic=None stop=False[0m
[self_driving-10] [33m[WARN] [1782483276.866187049] [self_driving]: [LANE_LOST] raw_lane_x=-1 lane_x=-1 filter=lost stop=False state=LINE_FOLLOW safe_linear=0.00 right_ready=False right_done=False[0m
[self_driving-10] [0m[INFO] [1782483276.867603475] [self_driving]: [DEBUG_DRIVE] state=LINE_FOLLOW raw_lane_x=-1 lane_x=-1 filter=lost linear=0.30 angular=0.00 cw_y=0 right_done=False start_turn=False count_turn=0 traffic=None stop=False[0m
[self_driving-10] [0m[INFO] [1782483277.000013734] [self_driving]: [IMAGE] received count=62 shape=(480, 640, 3) queue=0[0m
[self_driving-10] [33m[WARN] [1782483277.407426419] [self_driving]: [LANE_LOST] raw_lane_x=-1 lane_x=-1 filter=lost stop=False state=LINE_FOLLOW safe_linear=0.00 right_ready=False right_done=False[0m
[self_driving-10] [0m[INFO] [1782483277.408000882] [self_driving]: [DEBUG_DRIVE] state=LINE_FOLLOW raw_lane_x=-1 lane_x=-1 filter=lost linear=0.30 angular=0.00 cw_y=0 right_done=False start_turn=False count_turn=0 traffic=None stop=False[0m
[self_driving-10] [33m[WARN] [1782483277.953732493] [self_driving]: [LANE_LOST] raw_lane_x=-1 lane_x=-1 filter=lost stop=False state=LINE_FOLLOW safe_linear=0.00 right_ready=False right_done=False[0m
[self_driving-10] [0m[INFO] [1782483277.954788937] [self_driving]: [DEBUG_DRIVE] state=LINE_FOLLOW raw_lane_x=-1 lane_x=-1 filter=lost linear=0.30 angular=0.00 cw_y=0 right_done=False start_turn=False count_turn=0 traffic=None stop=False[0m
[self_driving-10] [33m[WARN] [1782483278.470855252] [self_driving]: [LANE_LOST] raw_lane_x=-1 lane_x=-1 filter=lost stop=False state=LINE_FOLLOW safe_linear=0.00 right_ready=False right_done=False[0m
[self_driving-10] [0m[INFO] [1782483278.475160178] [self_driving]: [DEBUG_DRIVE] state=LINE_FOLLOW raw_lane_x=-1 lane_x=-1 filter=lost linear=0.30 angular=0.00 cw_y=0 right_done=False start_turn=False count_turn=0 traffic=None stop=False[0m
[self_driving-10] [0m[INFO] [1782483279.014492437] [self_driving]: [IMAGE] received count=92 shape=(480, 640, 3) queue=0[0m
[self_driving-10] [33m[WARN] [1782483279.031319714] [self_driving]: [LANE_LOST] raw_lane_x=-1 lane_x=-1 filter=lost stop=False state=LINE_FOLLOW safe_linear=0.00 right_ready=False right_done=False[0m
[self_driving-10] [0m[INFO] [1782483279.032455048] [self_driving]: [DEBUG_DRIVE] state=LINE_FOLLOW raw_lane_x=-1 lane_x=-1 filter=lost linear=0.30 angular=0.00 cw_y=0 right_done=False start_turn=False count_turn=0 traffic=None stop=False[0m
[self_driving-10] [33m[WARN] [1782483279.548138233] [self_driving]: [LANE_LOST] raw_lane_x=-1 lane_x=-1 filter=lost stop=False state=LINE_FOLLOW safe_linear=0.00 right_ready=False right_done=False[0m
[self_driving-10] [0m[INFO] [1782483279.548685399] [self_driving]: [DEBUG_DRIVE] state=LINE_FOLLOW raw_lane_x=-1 lane_x=-1 filter=lost linear=0.30 angular=0.00 cw_y=0 right_done=False start_turn=False count_turn=0 traffic=None stop=False[0m
[self_driving-10] [33m[WARN] [1782483280.094955732] [self_driving]: [LANE_LOST] raw_lane_x=-1 lane_x=-1 filter=lost stop=False state=LINE_FOLLOW safe_linear=0.00 right_ready=False right_done=False[0m
[self_driving-10] [0m[INFO] [1782483280.096160899] [self_driving]: [DEBUG_DRIVE] state=LINE_FOLLOW raw_lane_x=-1 lane_x=-1 filter=lost linear=0.30 angular=0.00 cw_y=0 right_done=False start_turn=False count_turn=0 traffic=None stop=False[0m
[self_driving-10] [33m[WARN] [1782483280.655151695] [self_driving]: [LANE_LOST] raw_lane_x=-1 lane_x=-1 filter=lost stop=False state=LINE_FOLLOW safe_linear=0.00 right_ready=False right_done=False[0m
[self_driving-10] [0m[INFO] [1782483280.655778362] [self_driving]: [DEBUG_DRIVE] state=LINE_FOLLOW raw_lane_x=-1 lane_x=-1 filter=lost linear=0.30 angular=0.00 cw_y=0 right_done=False start_turn=False count_turn=0 traffic=None stop=False[0m
[self_driving-10] [0m[INFO] [1782483281.020378936] [self_driving]: [IMAGE] received count=122 shape=(480, 640, 3) queue=0[0m
[self_driving-10] [33m[WARN] [1782483281.171687639] [self_driving]: [LANE_LOST] raw_lane_x=-1 lane_x=-1 filter=lost stop=False state=LINE_FOLLOW safe_linear=0.00 right_ready=False right_done=False[0m
[self_driving-10] [0m[INFO] [1782483281.172315954] [self_driving]: [DEBUG_DRIVE] state=LINE_FOLLOW raw_lane_x=-1 lane_x=-1 filter=lost linear=0.30 angular=0.00 cw_y=0 right_done=False start_turn=False count_turn=0 traffic=None stop=False[0m
[self_driving-10] [33m[WARN] [1782483281.707180824] [self_driving]: [LANE_LOST] raw_lane_x=-1 lane_x=-1 filter=lost stop=False state=LINE_FOLLOW safe_linear=0.00 right_ready=False right_done=False[0m
[self_driving-10] [0m[INFO] [1782483281.707701361] [self_driving]: [DEBUG_DRIVE] state=LINE_FOLLOW raw_lane_x=-1 lane_x=-1 filter=lost linear=0.30 angular=0.00 cw_y=0 right_done=False start_turn=False count_turn=0 traffic=None stop=False[0m
[self_driving-10] [33m[WARN] [1782483282.239201194] [self_driving]: [LANE_LOST] raw_lane_x=-1 lane_x=-1 filter=lost stop=False state=LINE_FOLLOW safe_linear=0.00 right_ready=False right_done=False[0m
[self_driving-10] [0m[INFO] [1782483282.239947453] [self_driving]: [DEBUG_DRIVE] state=LINE_FOLLOW raw_lane_x=-1 lane_x=-1 filter=lost linear=0.30 angular=0.00 cw_y=0 right_done=False start_turn=False count_turn=0 traffic=None stop=False[0m
[self_driving-10] [33m[WARN] [1782483282.781453268] [self_driving]: [LANE_LOST] raw_lane_x=-1 lane_x=-1 filter=lost stop=False state=LINE_FOLLOW safe_linear=0.00 right_ready=False right_done=False[0m
[self_driving-10] [0m[INFO] [1782483282.784317916] [self_driving]: [DEBUG_DRIVE] state=LINE_FOLLOW raw_lane_x=-1 lane_x=-1 filter=lost linear=0.30 angular=0.00 cw_y=0 right_done=False start_turn=False count_turn=0 traffic=None stop=False[0m
[self_driving-10] [0m[INFO] [1782483283.045746064] [self_driving]: [IMAGE] received count=152 shape=(480, 640, 3) queue=0[0m
[self_driving-10] [33m[WARN] [1782483283.326104101] [self_driving]: [LANE_LOST] raw_lane_x=-1 lane_x=-1 filter=lost stop=False state=LINE_FOLLOW safe_linear=0.00 right_ready=False right_done=False[0m
[self_driving-10] [0m[INFO] [1782483283.326633897] [self_driving]: [DEBUG_DRIVE] state=LINE_FOLLOW raw_lane_x=-1 lane_x=-1 filter=lost linear=0.30 angular=0.00 cw_y=0 right_done=False start_turn=False count_turn=0 traffic=None stop=False[0m
[self_driving-10] [33m[WARN] [1782483283.857784230] [self_driving]: [LANE_LOST] raw_lane_x=-1 lane_x=-1 filter=lost stop=False state=LINE_FOLLOW safe_linear=0.00 right_ready=False right_done=False[0m
[self_driving-10] [0m[INFO] [1782483283.858877675] [self_driving]: [DEBUG_DRIVE] state=LINE_FOLLOW raw_lane_x=-1 lane_x=-1 filter=lost linear=0.30 angular=0.00 cw_y=0 right_done=False start_turn=False count_turn=0 traffic=None stop=False[0m
[self_driving-10] [33m[WARN] [1782483284.405995637] [self_driving]: [LANE_LOST] raw_lane_x=-1 lane_x=-1 filter=lost stop=False state=LINE_FOLLOW safe_linear=0.00 right_ready=False right_done=False[0m
[self_driving-10] [0m[INFO] [1782483284.408143230] [self_driving]: [DEBUG_DRIVE] state=LINE_FOLLOW raw_lane_x=-1 lane_x=-1 filter=lost linear=0.30 angular=0.00 cw_y=0 right_done=False start_turn=False count_turn=0 traffic=None stop=False[0m
[self_driving-10] [33m[WARN] [1782483284.924518618] [self_driving]: [LANE_LOST] raw_lane_x=-1 lane_x=-1 filter=lost stop=False state=LINE_FOLLOW safe_linear=0.00 right_ready=False right_done=False[0m
[self_driving-10] [0m[INFO] [1782483284.925334322] [self_driving]: [DEBUG_DRIVE] state=LINE_FOLLOW raw_lane_x=-1 lane_x=-1 filter=lost linear=0.30 angular=0.00 cw_y=0 right_done=False start_turn=False count_turn=0 traffic=None stop=False[0m
[self_driving-10] [0m[INFO] [1782483285.054211100] [self_driving]: [IMAGE] received count=182 shape=(480, 640, 3) queue=0[0m
[self_driving-10] [33m[WARN] [1782483285.454208359] [self_driving]: [LANE_LOST] raw_lane_x=-1 lane_x=-1 filter=lost stop=False state=LINE_FOLLOW safe_linear=0.00 right_ready=False right_done=False[0m
[self_driving-10] [0m[INFO] [1782483285.454753322] [self_driving]: [DEBUG_DRIVE] state=LINE_FOLLOW raw_lane_x=-1 lane_x=-1 filter=lost linear=0.30 angular=0.00 cw_y=0 right_done=False start_turn=False count_turn=0 traffic=None stop=False[0m
[self_driving-10] [33m[WARN] [1782483285.957450599] [self_driving]: [LANE_LOST] raw_lane_x=-1 lane_x=-1 filter=lost stop=False state=LINE_FOLLOW safe_linear=0.00 right_ready=False right_done=False[0m
[self_driving-10] [0m[INFO] [1782483285.958375136] [self_driving]: [DEBUG_DRIVE] state=LINE_FOLLOW raw_lane_x=-1 lane_x=-1 filter=lost linear=0.30 angular=0.00 cw_y=0 right_done=False start_turn=False count_turn=0 traffic=None stop=False[0m
[self_driving-10] [33m[WARN] [1782483286.470935099] [self_driving]: [LANE_LOST] raw_lane_x=-1 lane_x=-1 filter=lost stop=False state=LINE_FOLLOW safe_linear=0.00 right_ready=False right_done=False[0m
[self_driving-10] [0m[INFO] [1782483286.475941654] [self_driving]: [DEBUG_DRIVE] state=LINE_FOLLOW raw_lane_x=-1 lane_x=-1 filter=lost linear=0.30 angular=0.00 cw_y=0 right_done=False start_turn=False count_turn=0 traffic=None stop=False[0m
[self_driving-10] [33m[WARN] [1782483287.015597525] [self_driving]: [LANE_LOST] raw_lane_x=-1 lane_x=-1 filter=lost stop=False state=LINE_FOLLOW safe_linear=0.00 right_ready=False right_done=False[0m
[self_driving-10] [0m[INFO] [1782483287.016202728] [self_driving]: [DEBUG_DRIVE] state=LINE_FOLLOW raw_lane_x=-1 lane_x=-1 filter=lost linear=0.30 angular=0.00 cw_y=0 right_done=False start_turn=False count_turn=0 traffic=None stop=False[0m
[self_driving-10] [0m[INFO] [1782483287.059639450] [self_driving]: [IMAGE] received count=212 shape=(480, 640, 3) queue=0[0m
[self_driving-10] [33m[WARN] [1782483287.558026876] [self_driving]: [LANE_LOST] raw_lane_x=-1 lane_x=-1 filter=lost stop=False state=LINE_FOLLOW safe_linear=0.00 right_ready=False right_done=False[0m
[self_driving-10] [0m[INFO] [1782483287.558771913] [self_driving]: [DEBUG_DRIVE] state=LINE_FOLLOW raw_lane_x=-1 lane_x=-1 filter=lost linear=0.30 angular=0.00 cw_y=0 right_done=False start_turn=False count_turn=0 traffic=None stop=False[0m
[self_driving-10] [0m[INFO] [1782483287.807090839] [self_driving]: [OBJECTS] msg_count=1 n=1 names=['crosswalk'][0m
[self_driving-10] [0m[INFO] [1782483288.126490635] [self_driving]: [CROSSWALK_IGNORE] y=22 < th=180[0m
[self_driving-10] [33m[WARN] [1782483288.128642931] [self_driving]: [LANE_LOST] raw_lane_x=-1 lane_x=-1 filter=lost stop=False state=LINE_FOLLOW safe_linear=0.00 right_ready=False right_done=False[0m
[self_driving-10] [0m[INFO] [1782483288.130347616] [self_driving]: [DEBUG_DRIVE] state=LINE_FOLLOW raw_lane_x=-1 lane_x=-1 filter=lost linear=0.30 angular=0.00 cw_y=22 right_done=False start_turn=False count_turn=0 traffic=None stop=False[0m
[self_driving-10] [0m[INFO] [1782483288.500462116] [self_driving]: [OBJECTS] msg_count=2 n=1 names=['crosswalk'][0m
[self_driving-10] [33m[WARN] [1782483288.695066653] [self_driving]: [LANE_LOST] raw_lane_x=-1 lane_x=-1 filter=lost stop=False state=LINE_FOLLOW safe_linear=0.00 right_ready=False right_done=False[0m
[self_driving-10] [0m[INFO] [1782483288.696959949] [self_driving]: [DEBUG_DRIVE] state=LINE_FOLLOW raw_lane_x=-1 lane_x=-1 filter=lost linear=0.30 angular=0.00 cw_y=474 right_done=False start_turn=False count_turn=0 traffic=None stop=False[0m
[self_driving-10] [0m[INFO] [1782483288.771809023] [self_driving]: [CROSSWALK_SLOW] y=474 th=180 confirm=4[0m
[self_driving-10] [0m[INFO] [1782483289.089568097] [self_driving]: [IMAGE] received count=237 shape=(480, 640, 3) queue=0[0m
[self_driving-10] [33m[WARN] [1782483289.275842042] [self_driving]: [LANE_LOST] raw_lane_x=-1 lane_x=-1 filter=lost stop=False state=LINE_FOLLOW safe_linear=0.00 right_ready=False right_done=False[0m
[self_driving-10] [0m[INFO] [1782483289.276590986] [self_driving]: [DEBUG_DRIVE] state=LINE_FOLLOW raw_lane_x=-1 lane_x=-1 filter=lost linear=0.15 angular=0.00 cw_y=474 right_done=False start_turn=False count_turn=0 traffic=None stop=False[0m
[self_driving-10] [0m[INFO] [1782483289.830012486] [self_driving]: [DEBUG_DRIVE] state=LINE_FOLLOW raw_lane_x=127.5 lane_x=127.5 filter=stable linear=0.15 angular=0.10 cw_y=474 right_done=False start_turn=False count_turn=0 traffic=None stop=False[0m
[self_driving-10] [33m[WARN] [1782483290.300691393] [self_driving]: [LANE_LOST] raw_lane_x=-1 lane_x=-1 filter=lost stop=False state=LINE_FOLLOW safe_linear=0.00 right_ready=False right_done=False[0m
[self_driving-10] [0m[INFO] [1782483290.397783319] [self_driving]: [DEBUG_DRIVE] state=LINE_FOLLOW raw_lane_x=-1 lane_x=-1 filter=lost linear=0.15 angular=0.00 cw_y=474 right_done=False start_turn=False count_turn=0 traffic=None stop=False[0m
[self_driving-10] [33m[WARN] [1782483290.805296744] [self_driving]: [LANE_LOST] raw_lane_x=-1 lane_x=-1 filter=lost stop=False state=LINE_FOLLOW safe_linear=0.00 right_ready=False right_done=False[0m
[self_driving-10] [0m[INFO] [1782483290.953978856] [self_driving]: [DEBUG_DRIVE] state=LINE_FOLLOW raw_lane_x=-1 lane_x=-1 filter=lost linear=0.15 angular=0.00 cw_y=474 right_done=False start_turn=False count_turn=0 traffic=None stop=False[0m
[self_driving-10] [0m[INFO] [1782483291.099539652] [self_driving]: [IMAGE] received count=262 shape=(480, 640, 3) queue=0[0m
[self_driving-10] [33m[WARN] [1782483291.366389133] [self_driving]: [LANE_LOST] raw_lane_x=-1 lane_x=-1 filter=lost stop=False state=LINE_FOLLOW safe_linear=0.00 right_ready=False right_done=False[0m
[self_driving-10] [0m[INFO] [1782483291.439266429] [self_driving]: [CROSSWALK_SLOW_DONE] return normal speed[0m
[self_driving-10] [0m[INFO] [1782483291.519831040] [self_driving]: [DEBUG_DRIVE] state=LINE_FOLLOW raw_lane_x=-1 lane_x=-1 filter=lost linear=0.30 angular=0.00 cw_y=474 right_done=False start_turn=False count_turn=0 traffic=None stop=False[0m
[self_driving-10] [0m[INFO] [1782483291.704456966] [self_driving]: [CROSSWALK_SLOW] y=474 th=180 confirm=4[0m
[self_driving-10] [0m[INFO] [1782483291.826166985] [self_driving]: [OBJECTS] msg_count=3 n=1 names=['green'][0m
[self_driving-10] [0m[INFO] [1782483291.827229725] [self_driving]: [TRAFFIC_CANDIDATE] name=green valid=True cx=538 cy=395 area=34680 score=0.59 min_area=800[0m
[self_driving-10] [0m[INFO] [1782483291.861300392] [self_driving]: [TRAFFIC_GREEN_GO] area=34680 cw_y=0[0m
[self_driving-10] [0m[INFO] [1782483291.917678411] [self_driving]: [TRAFFIC_GREEN_GO] area=34680 cw_y=0[0m
[self_driving-10] [33m[WARN] [1782483291.918476392] [self_driving]: [LANE_LOST] raw_lane_x=-1 lane_x=-1 filter=lost stop=False state=LINE_FOLLOW safe_linear=0.00 right_ready=False right_done=False[0m
[self_driving-10] [0m[INFO] [1782483291.983934096] [self_driving]: [TRAFFIC_GREEN_GO] area=34680 cw_y=0[0m
[self_driving-10] [0m[INFO] [1782483292.045615188] [self_driving]: [TRAFFIC_GREEN_GO] area=34680 cw_y=0[0m
[self_driving-10] [0m[INFO] [1782483292.047484373] [self_driving]: [DEBUG_DRIVE] state=LINE_FOLLOW raw_lane_x=-1 lane_x=-1 filter=lost linear=0.15 angular=0.00 cw_y=0 right_done=False start_turn=False count_turn=0 traffic=green stop=False[0m
[self_driving-10] [0m[INFO] [1782483292.115383040] [self_driving]: [TRAFFIC_GREEN_GO] area=34680 cw_y=0[0m
[self_driving-10] [0m[INFO] [1782483292.185041299] [self_driving]: [TRAFFIC_GREEN_GO] area=34680 cw_y=0[0m
[self_driving-10] [0m[INFO] [1782483292.260330410] [self_driving]: [TRAFFIC_GREEN_GO] area=34680 cw_y=0[0m
[self_driving-10] [0m[INFO] [1782483292.322922984] [self_driving]: [TRAFFIC_GREEN_GO] area=34680 cw_y=0[0m
[self_driving-10] [0m[INFO] [1782483292.383169966] [self_driving]: [TRAFFIC_GREEN_GO] area=34680 cw_y=0[0m
[self_driving-10] [0m[INFO] [1782483292.435431706] [self_driving]: [TRAFFIC_GREEN_GO] area=34680 cw_y=0[0m
[self_driving-10] [33m[WARN] [1782483292.436292929] [self_driving]: [LANE_LOST] raw_lane_x=-1 lane_x=-1 filter=lost stop=False state=LINE_FOLLOW safe_linear=0.00 right_ready=False right_done=False[0m
[self_driving-10] [0m[INFO] [1782483292.523090077] [self_driving]: [TRAFFIC_GREEN_GO] area=34680 cw_y=0[0m
[self_driving-10] [0m[INFO] [1782483292.580125669] [self_driving]: [TRAFFIC_GREEN_GO] area=34680 cw_y=0[0m
[self_driving-10] [0m[INFO] [1782483292.581765651] [self_driving]: [DEBUG_DRIVE] state=LINE_FOLLOW raw_lane_x=72.5 lane_x=72.5 filter=stable linear=0.15 angular=0.10 cw_y=0 right_done=False start_turn=False count_turn=0 traffic=green stop=False[0m
[self_driving-10] [0m[INFO] [1782483292.674453817] [self_driving]: [TRAFFIC_GREEN_GO] area=34680 cw_y=0[0m
[self_driving-10] [0m[INFO] [1782483292.752532373] [self_driving]: [TRAFFIC_GREEN_GO] area=34680 cw_y=0[0m
[self_driving-10] [0m[INFO] [1782483292.820676354] [self_driving]: [TRAFFIC_GREEN_GO] area=34680 cw_y=0[0m
[self_driving-10] [0m[INFO] [1782483292.908081225] [self_driving]: [TRAFFIC_GREEN_GO] area=34680 cw_y=0[0m
[self_driving-10] [0m[INFO] [1782483292.983258854] [self_driving]: [TRAFFIC_GREEN_GO] area=34680 cw_y=0[0m
[self_driving-10] [33m[WARN] [1782483292.987454614] [self_driving]: [LANE_LOST] raw_lane_x=-1 lane_x=-1 filter=lost stop=False state=LINE_FOLLOW safe_linear=0.00 right_ready=False right_done=False[0m
[self_driving-10] [0m[INFO] [1782483293.081853502] [self_driving]: [TRAFFIC_GREEN_GO] area=34680 cw_y=0[0m
[self_driving-10] [0m[INFO] [1782483293.088674873] [self_driving]: [DEBUG_DRIVE] state=LINE_FOLLOW raw_lane_x=-1 lane_x=-1 filter=lost linear=0.15 angular=0.00 cw_y=0 right_done=False start_turn=False count_turn=0 traffic=green stop=False[0m
[self_driving-10] [0m[INFO] [1782483293.156268651] [self_driving]: [IMAGE] received count=291 shape=(480, 640, 3) queue=0[0m
[self_driving-10] [0m[INFO] [1782483293.161608169] [self_driving]: [TRAFFIC_GREEN_GO] area=34680 cw_y=0[0m
[self_driving-10] [0m[INFO] [1782483293.237371206] [self_driving]: [TRAFFIC_GREEN_GO] area=34680 cw_y=0[0m
[self_driving-10] [0m[INFO] [1782483293.318162447] [self_driving]: [TRAFFIC_GREEN_GO] area=34680 cw_y=0[0m
[self_driving-10] [0m[INFO] [1782483293.392301687] [self_driving]: [TRAFFIC_GREEN_GO] area=34680 cw_y=0[0m
[self_driving-10] [0m[INFO] [1782483293.483585058] [self_driving]: [TRAFFIC_GREEN_GO] area=34680 cw_y=0[0m
[self_driving-10] [0m[INFO] [1782483293.564947150] [self_driving]: [TRAFFIC_GREEN_GO] area=34680 cw_y=0[0m
[self_driving-10] [33m[WARN] [1782483293.565760076] [self_driving]: [LANE_LOST] raw_lane_x=-1 lane_x=-1 filter=lost stop=False state=LINE_FOLLOW safe_linear=0.00 right_ready=False right_done=False[0m
[self_driving-10] [0m[INFO] [1782483293.640439224] [self_driving]: [TRAFFIC_GREEN_GO] area=34680 cw_y=0[0m
[self_driving-10] [0m[INFO] [1782483293.641361039] [self_driving]: [DEBUG_DRIVE] state=LINE_FOLLOW raw_lane_x=-1 lane_x=-1 filter=lost linear=0.15 angular=0.00 cw_y=0 right_done=False start_turn=False count_turn=0 traffic=green stop=False[0m
[self_driving-10] [0m[INFO] [1782483293.729028817] [self_driving]: [TRAFFIC_GREEN_GO] area=34680 cw_y=0[0m
[self_driving-10] [0m[INFO] [1782483293.815714576] [self_driving]: [TRAFFIC_GREEN_GO] area=34680 cw_y=0[0m
[self_driving-10] [0m[INFO] [1782483293.876687354] [self_driving]: [TRAFFIC_GREEN_GO] area=34680 cw_y=0[0m
[self_driving-10] [0m[INFO] [1782483293.966092206] [self_driving]: [TRAFFIC_GREEN_GO] area=34680 cw_y=0[0m
[self_driving-10] [0m[INFO] [1782483294.046019428] [self_driving]: [TRAFFIC_GREEN_GO] area=34680 cw_y=0[0m
[self_driving-10] [0m[INFO] [1782483294.123574391] [self_driving]: [TRAFFIC_GREEN_GO] area=34680 cw_y=0[0m
[self_driving-10] [33m[WARN] [1782483294.125734909] [self_driving]: [LANE_LOST] raw_lane_x=-1 lane_x=-1 filter=lost stop=False state=LINE_FOLLOW safe_linear=0.00 right_ready=False right_done=False[0m
[self_driving-10] [0m[INFO] [1782483294.211404946] [self_driving]: [TRAFFIC_GREEN_GO] area=34680 cw_y=0[0m
[self_driving-10] [0m[INFO] [1782483294.212567150] [self_driving]: [DEBUG_DRIVE] state=LINE_FOLLOW raw_lane_x=-1 lane_x=-1 filter=lost linear=0.15 angular=0.00 cw_y=0 right_done=False start_turn=False count_turn=0 traffic=green stop=False[0m
[self_driving-10] [0m[INFO] [1782483294.289850928] [self_driving]: [TRAFFIC_GREEN_GO] area=34680 cw_y=0[0m
[self_driving-10] [33m[WARN] [1782483294.338149983] [self_driving]: [LANE_X_JUMP_REJECT] raw=207.0 last=72.5 diff=134.5 candidate=207.0 cnt=1/4[0m
[self_driving-10] [0m[INFO] [1782483294.338787594] [self_driving]: [TRAFFIC_GREEN_GO] area=34680 cw_y=0[0m
[self_driving-10] [0m[INFO] [1782483294.423956557] [self_driving]: [TRAFFIC_GREEN_GO] area=34680 cw_y=0[0m
[self_driving-10] [0m[INFO] [1782483294.424979520] [self_driving]: [CROSSWALK_SLOW_DONE] return normal speed[0m
[self_driving-10] [0m[INFO] [1782483294.756358964] [self_driving]: [DEBUG_DRIVE] state=LINE_FOLLOW raw_lane_x=-1 lane_x=137.5 filter=hold_last linear=0.30 angular=-0.10 cw_y=0 right_done=False start_turn=False count_turn=0 traffic=green stop=False[0m
[self_driving-10] [33m[WARN] [1782483294.828029779] [self_driving]: [LANE_LOST] raw_lane_x=-1 lane_x=-1 filter=lost stop=False state=LINE_FOLLOW safe_linear=0.00 right_ready=False right_done=False[0m
[self_driving-10] [0m[INFO] [1782483295.208546983] [self_driving]: [IMAGE] received count=319 shape=(480, 640, 3) queue=0[0m
[self_driving-10] [0m[INFO] [1782483295.295811149] [self_driving]: [DEBUG_DRIVE] state=LINE_FOLLOW raw_lane_x=-1 lane_x=-1 filter=lost linear=0.30 angular=0.00 cw_y=0 right_done=False start_turn=False count_turn=0 traffic=green stop=False[0m
[self_driving-10] [33m[WARN] [1782483295.367596649] [self_driving]: [LANE_LOST] raw_lane_x=-1 lane_x=-1 filter=lost stop=False state=LINE_FOLLOW safe_linear=0.00 right_ready=False right_done=False[0m
[self_driving-10] [0m[INFO] [1782483295.828342316] [self_driving]: [DEBUG_DRIVE] state=LINE_FOLLOW raw_lane_x=-1 lane_x=-1 filter=lost linear=0.30 angular=0.00 cw_y=0 right_done=False start_turn=False count_turn=0 traffic=green stop=False[0m
[self_driving-10] [33m[WARN] [1782483295.903598038] [self_driving]: [LANE_LOST] raw_lane_x=-1 lane_x=-1 filter=lost stop=False state=LINE_FOLLOW safe_linear=0.00 right_ready=False right_done=False[0m
[self_driving-10] [0m[INFO] [1782483296.364395075] [self_driving]: [DEBUG_DRIVE] state=LINE_FOLLOW raw_lane_x=-1 lane_x=-1 filter=lost linear=0.30 angular=0.00 cw_y=0 right_done=False start_turn=False count_turn=0 traffic=green stop=False[0m
[self_driving-10] [33m[WARN] [1782483296.443981482] [self_driving]: [LANE_LOST] raw_lane_x=-1 lane_x=-1 filter=lost stop=False state=LINE_FOLLOW safe_linear=0.00 right_ready=False right_done=False[0m
[self_driving-10] [0m[INFO] [1782483296.911151833] [self_driving]: [DEBUG_DRIVE] state=LINE_FOLLOW raw_lane_x=-1 lane_x=-1 filter=lost linear=0.30 angular=0.00 cw_y=0 right_done=False start_turn=False count_turn=0 traffic=green stop=False[0m
[self_driving-10] [33m[WARN] [1782483296.972308833] [self_driving]: [LANE_LOST] raw_lane_x=-1 lane_x=-1 filter=lost stop=False state=LINE_FOLLOW safe_linear=0.00 right_ready=False right_done=False[0m
[self_driving-10] [0m[INFO] [1782483297.239525111] [self_driving]: [IMAGE] received count=349 shape=(480, 640, 3) queue=0[0m
[self_driving-10] [0m[INFO] [1782483297.437675000] [self_driving]: [DEBUG_DRIVE] state=LINE_FOLLOW raw_lane_x=-1 lane_x=-1 filter=lost linear=0.30 angular=0.00 cw_y=0 right_done=False start_turn=False count_turn=0 traffic=green stop=False[0m
[self_driving-10] [33m[WARN] [1782483297.532948629] [self_driving]: [LANE_LOST] raw_lane_x=-1 lane_x=-1 filter=lost stop=False state=LINE_FOLLOW safe_linear=0.00 right_ready=False right_done=False[0m
[self_driving-10] [0m[INFO] [1782483297.978444629] [self_driving]: [DEBUG_DRIVE] state=LINE_FOLLOW raw_lane_x=-1 lane_x=-1 filter=lost linear=0.30 angular=0.00 cw_y=0 right_done=False start_turn=False count_turn=0 traffic=green stop=False[0m
[self_driving-10] [33m[WARN] [1782483298.052489759] [self_driving]: [LANE_LOST] raw_lane_x=-1 lane_x=-1 filter=lost stop=False state=LINE_FOLLOW safe_linear=0.00 right_ready=False right_done=False[0m
[self_driving-10] [0m[INFO] [1782483298.527366870] [self_driving]: [DEBUG_DRIVE] state=LINE_FOLLOW raw_lane_x=-1 lane_x=-1 filter=lost linear=0.30 angular=0.00 cw_y=0 right_done=False start_turn=False count_turn=0 traffic=green stop=False[0m
[self_driving-10] [33m[WARN] [1782483298.611746258] [self_driving]: [LANE_LOST] raw_lane_x=-1 lane_x=-1 filter=lost stop=False state=LINE_FOLLOW safe_linear=0.00 right_ready=False right_done=False[0m
[self_driving-10] [0m[INFO] [1782483299.073246462] [self_driving]: [DEBUG_DRIVE] state=LINE_FOLLOW raw_lane_x=204.5 lane_x=204.5 filter=stable linear=0.30 angular=-0.45 cw_y=0 right_done=False start_turn=False count_turn=3 traffic=green stop=False[0m
[self_driving-10] [0m[INFO] [1782483299.251907036] [self_driving]: [IMAGE] received count=379 shape=(480, 640, 3) queue=0[0m
[self_driving-10] [33m[WARN] [1782483299.260448832] [self_driving]: [LANE_X_JUMP_REJECT] raw=53.5 last=212.0 diff=158.5 candidate=53.5 cnt=1/4[0m
[self_driving-10] [0m[INFO] [1782483299.590464036] [self_driving]: [DEBUG_DRIVE] state=LINE_FOLLOW raw_lane_x=263.0 lane_x=169.5 filter=jump_reject linear=0.30 angular=0.00 cw_y=0 right_done=False start_turn=True count_turn=0 traffic=green stop=False[0m
[self_driving-10] [0m[INFO] [1782483299.777828517] [self_driving]: [OBJECTS] msg_count=4 n=1 names=['crosswalk'][0m
[self_driving-10] [0m[INFO] [1782483299.778632035] [self_driving]: [TRAFFIC_CLEAR] no valid red/green in current object msg -> clear stale traffic[0m
[self_driving-10] [33m[WARN] [1782483299.939763017] [self_driving]: [LANE_X_JUMP_REJECT] raw=214.5 last=313.5 diff=99.0 candidate=214.5 cnt=1/4[0m
[self_driving-10] [0m[INFO] [1782483300.130049850] [self_driving]: [CROSSWALK_IGNORE] y=10 < th=180[0m
[self_driving-10] [0m[INFO] [1782483300.132205387] [self_driving]: [DEBUG_DRIVE] state=LINE_FOLLOW raw_lane_x=93.0 lane_x=313.0 filter=jump_reject linear=0.30 angular=-0.45 cw_y=10 right_done=False start_turn=True count_turn=8 traffic=None stop=False[0m
[self_driving-10] [33m[WARN] [1782483300.462110091] [self_driving]: [LANE_X_JUMP_REJECT] raw=121.0 last=281.5 diff=160.5 candidate=121.0 cnt=1/4[0m
[self_driving-10] [0m[INFO] [1782483300.665552387] [self_driving]: [CROSSWALK_IGNORE] y=10 < th=180[0m
[self_driving-10] [0m[INFO] [1782483300.666639831] [self_driving]: [DEBUG_DRIVE] state=LINE_FOLLOW raw_lane_x=199.0 lane_x=281.5 filter=jump_reject linear=0.30 angular=-0.45 cw_y=10 right_done=False start_turn=True count_turn=16 traffic=None stop=False[0m
[self_driving-10] [0m[INFO] [1782483300.886330701] [self_driving]: [OBJECTS] msg_count=5 n=1 names=['crosswalk'][0m
[self_driving-10] [33m[WARN] [1782483301.008701646] [self_driving]: [LANE_X_JUMP_REJECT] raw=116.0 last=303.5 diff=187.5 candidate=116.0 cnt=1/4[0m
[self_driving-10] [0m[INFO] [1782483301.146759646] [self_driving]: [CROSSWALK_SLOW] y=278 th=180 confirm=4[0m
[self_driving-10] [0m[INFO] [1782483301.197116275] [self_driving]: [DEBUG_DRIVE] state=LINE_FOLLOW raw_lane_x=300.0 lane_x=300.0 filter=stable linear=0.15 angular=-0.45 cw_y=278 right_done=False start_turn=True count_turn=24 traffic=None stop=False[0m
[self_driving-10] [0m[INFO] [1782483301.270870183] [self_driving]: [IMAGE] received count=409 shape=(480, 640, 3) queue=0[0m
[self_driving-10] [33m[WARN] [1782483301.547338923] [self_driving]: [LANE_X_JUMP_REJECT] raw=48.5 last=263.0 diff=214.5 candidate=48.5 cnt=1/4[0m
[self_driving-10] [0m[INFO] [1782483301.741732497] [self_driving]: [LANE_X_JUMP_ACCEPT] raw=67.0 last=67.0 cnt=4/4[0m
[self_driving-10] [0m[INFO] [1782483301.743220034] [self_driving]: [DEBUG_DRIVE] state=LINE_FOLLOW raw_lane_x=67.0 lane_x=67.0 filter=jump_accept linear=0.15 angular=0.10 cw_y=295 right_done=False start_turn=False count_turn=0 traffic=None stop=False[0m
[self_driving-10] [0m[INFO] [1782483302.086847682] [self_driving]: [LANE_X_JUMP_ACCEPT] raw=161.0 last=161.0 cnt=4/4[0m
[self_driving-10] [0m[INFO] [1782483302.285671127] [self_driving]: [DEBUG_DRIVE] state=LINE_FOLLOW raw_lane_x=179.0 lane_x=179.0 filter=stable linear=0.15 angular=-0.10 cw_y=295 right_done=False start_turn=False count_turn=0 traffic=None stop=False[0m
[self_driving-10] [0m[INFO] [1782483302.789403571] [self_driving]: [OBJECTS] msg_count=10 n=1 names=['crosswalk'][0m
[self_driving-10] [0m[INFO] [1782483302.821401274] [self_driving]: [DEBUG_DRIVE] state=LINE_FOLLOW raw_lane_x=135.0 lane_x=135.0 filter=stable linear=0.15 angular=0.10 cw_y=376 right_done=False start_turn=False count_turn=0 traffic=None stop=False[0m
[self_driving-10] [0m[INFO] [1782483303.280352607] [self_driving]: [IMAGE] received count=439 shape=(480, 640, 3) queue=0[0m
[self_driving-10] [0m[INFO] [1782483303.312031607] [self_driving]: [OBJECTS] msg_count=12 n=1 names=['crosswalk'][0m
[self_driving-10] [0m[INFO] [1782483303.381864293] [self_driving]: [DEBUG_DRIVE] state=LINE_FOLLOW raw_lane_x=138.5 lane_x=138.5 filter=stable linear=0.15 angular=-0.10 cw_y=403 right_done=False start_turn=False count_turn=0 traffic=None stop=False[0m
[self_driving-10] [0m[INFO] [1782483303.816184570] [self_driving]: [CROSSWALK_SLOW_DONE] return normal speed[0m
[self_driving-10] [0m[INFO] [1782483303.898810163] [self_driving]: [DEBUG_DRIVE] state=LINE_FOLLOW raw_lane_x=135.5 lane_x=135.5 filter=stable linear=0.30 angular=-0.10 cw_y=429 right_done=False start_turn=False count_turn=0 traffic=None stop=False[0m
[self_driving-10] [0m[INFO] [1782483304.044736348] [self_driving]: [OBJECTS] msg_count=14 n=1 names=['crosswalk'][0m
[self_driving-10] [0m[INFO] [1782483304.123668033] [self_driving]: [CROSSWALK_SLOW] y=455 th=180 confirm=4[0m
[self_driving-10] [0m[INFO] [1782483304.421653773] [self_driving]: [DEBUG_DRIVE] state=LINE_FOLLOW raw_lane_x=130.5 lane_x=130.5 filter=stable linear=0.15 angular=0.10 cw_y=455 right_done=False start_turn=False count_turn=0 traffic=None stop=False[0m
[self_driving-10] [0m[INFO] [1782483304.982384180] [self_driving]: [DEBUG_DRIVE] state=LINE_FOLLOW raw_lane_x=118.5 lane_x=118.5 filter=stable linear=0.15 angular=0.10 cw_y=455 right_done=False start_turn=False count_turn=0 traffic=None stop=False[0m
[self_driving-10] [0m[INFO] [1782483305.312502791] [self_driving]: [IMAGE] received count=469 shape=(480, 640, 3) queue=0[0m
[self_driving-10] [0m[INFO] [1782483305.504172754] [self_driving]: [DEBUG_DRIVE] state=LINE_FOLLOW raw_lane_x=133.0 lane_x=133.0 filter=stable linear=0.15 angular=-0.10 cw_y=455 right_done=False start_turn=False count_turn=0 traffic=None stop=False[0m
[self_driving-10] [0m[INFO] [1782483306.042368939] [self_driving]: [DEBUG_DRIVE] state=LINE_FOLLOW raw_lane_x=129.0 lane_x=129.0 filter=stable linear=0.15 angular=-0.10 cw_y=455 right_done=False start_turn=False count_turn=0 traffic=None stop=False[0m
[self_driving-10] [0m[INFO] [1782483306.581180161] [self_driving]: [DEBUG_DRIVE] state=LINE_FOLLOW raw_lane_x=130.5 lane_x=130.5 filter=stable linear=0.15 angular=0.10 cw_y=455 right_done=False start_turn=False count_turn=0 traffic=None stop=False[0m
[self_driving-10] [0m[INFO] [1782483306.853323994] [self_driving]: [CROSSWALK_SLOW_DONE] return normal speed[0m
[self_driving-10] [0m[INFO] [1782483307.130686568] [self_driving]: [CROSSWALK_SLOW] y=455 th=180 confirm=4[0m
[self_driving-10] [0m[INFO] [1782483307.133145013] [self_driving]: [DEBUG_DRIVE] state=LINE_FOLLOW raw_lane_x=195.0 lane_x=195.0 filter=stable linear=0.15 angular=-0.10 cw_y=455 right_done=False start_turn=False count_turn=0 traffic=None stop=False[0m
[self_driving-10] [0m[INFO] [1782483307.321421031] [self_driving]: [IMAGE] received count=499 shape=(480, 640, 3) queue=0[0m
[self_driving-10] [0m[INFO] [1782483307.662469642] [self_driving]: [DEBUG_DRIVE] state=LINE_FOLLOW raw_lane_x=283.0 lane_x=283.0 filter=stable linear=0.15 angular=-0.45 cw_y=455 right_done=False start_turn=True count_turn=2 traffic=None stop=False[0m
[self_driving-10] [33m[WARN] [1782483308.207266753] [self_driving]: [LANE_X_JUMP_REJECT] raw=115.5 last=277.0 diff=161.5 candidate=115.5 cnt=1/4[0m
[self_driving-10] [0m[INFO] [1782483308.215804216] [self_driving]: [DEBUG_DRIVE] state=LINE_FOLLOW raw_lane_x=115.5 lane_x=277.0 filter=jump_reject linear=0.15 angular=-0.45 cw_y=455 right_done=False start_turn=True count_turn=10 traffic=None stop=False[0m
[self_driving-10] [0m[INFO] [1782483308.463478067] [self_driving]: [LANE_X_JUMP_ACCEPT] raw=167.0 last=167.0 cnt=4/4[0m
[self_driving-10] [0m[INFO] [1782483308.737565030] [self_driving]: [DEBUG_DRIVE] state=LINE_FOLLOW raw_lane_x=203.5 lane_x=203.5 filter=stable linear=0.15 angular=-0.45 cw_y=455 right_done=False start_turn=True count_turn=1 traffic=None stop=False[0m
[self_driving-10] [0m[INFO] [1782483309.295555067] [self_driving]: [DEBUG_DRIVE] state=LINE_FOLLOW raw_lane_x=281.0 lane_x=281.0 filter=stable linear=0.15 angular=-0.45 cw_y=455 right_done=False start_turn=True count_turn=9 traffic=None stop=False[0m
[self_driving-10] [0m[INFO] [1782483309.339602733] [self_driving]: [IMAGE] received count=529 shape=(480, 640, 3) queue=0[0m
[self_driving-10] [0m[INFO] [1782483309.797149548] [self_driving]: [DEBUG_DRIVE] state=LINE_FOLLOW raw_lane_x=265.5 lane_x=265.5 filter=stable linear=0.15 angular=-0.45 cw_y=455 right_done=False start_turn=True count_turn=17 traffic=None stop=False[0m
[self_driving-10] [0m[INFO] [1782483309.880121085] [self_driving]: [CROSSWALK_SLOW_DONE] return normal speed[0m
[self_driving-10] [0m[INFO] [1782483310.141081789] [self_driving]: [CROSSWALK_SLOW] y=455 th=180 confirm=4[0m
[self_driving-10] [0m[INFO] [1782483310.341370214] [self_driving]: [DEBUG_DRIVE] state=LINE_FOLLOW raw_lane_x=292.5 lane_x=292.5 filter=stable linear=0.15 angular=-0.45 cw_y=455 right_done=False start_turn=True count_turn=25 traffic=None stop=False[0m
[self_driving-10] [0m[INFO] [1782483310.763506770] [self_driving]: [OBJECTS] msg_count=15 n=1 names=['go'][0m
[self_driving-10] [0m[INFO] [1782483310.895052899] [self_driving]: [DEBUG_DRIVE] state=LINE_FOLLOW raw_lane_x=163.5 lane_x=163.5 filter=stable linear=0.15 angular=-0.10 cw_y=192 right_done=False start_turn=False count_turn=0 traffic=None stop=False[0m
[self_driving-10] [0m[INFO] [1782483311.351227417] [self_driving]: [IMAGE] received count=559 shape=(480, 640, 3) queue=0[0m
[self_driving-10] [0m[INFO] [1782483311.414595917] [self_driving]: [DEBUG_DRIVE] state=LINE_FOLLOW raw_lane_x=141.5 lane_x=141.5 filter=stable linear=0.15 angular=-0.10 cw_y=192 right_done=False start_turn=False count_turn=0 traffic=None stop=False[0m
[self_driving-10] [0m[INFO] [1782483311.499479936] [self_driving]: [OBJECTS] msg_count=21 n=1 names=['crosswalk'][0m
[self_driving-10] [0m[INFO] [1782483311.915768695] [self_driving]: [DEBUG_DRIVE] state=LINE_FOLLOW raw_lane_x=129.5 lane_x=129.5 filter=stable linear=0.15 angular=0.10 cw_y=195 right_done=False start_turn=False count_turn=0 traffic=None stop=False[0m
[self_driving-10] [0m[INFO] [1782483312.296397176] [self_driving]: [OBJECTS] msg_count=27 n=1 names=['crosswalk'][0m
[self_driving-10] [0m[INFO] [1782483312.439442083] [self_driving]: [DEBUG_DRIVE] state=LINE_FOLLOW raw_lane_x=131.0 lane_x=131.0 filter=stable linear=0.15 angular=0.10 cw_y=199 right_done=False start_turn=False count_turn=0 traffic=None stop=False[0m
[self_driving-10] [0m[INFO] [1782483312.835727713] [self_driving]: [CROSSWALK_SLOW_DONE] return normal speed[0m
[self_driving-10] [0m[INFO] [1782483312.966087324] [self_driving]: [DEBUG_DRIVE] state=LINE_FOLLOW raw_lane_x=150.5 lane_x=150.5 filter=stable linear=0.30 angular=-0.10 cw_y=202 right_done=False start_turn=False count_turn=0 traffic=None stop=False[0m
[self_driving-10] [0m[INFO] [1782483313.078825157] [self_driving]: [OBJECTS] msg_count=33 n=1 names=['go'][0m
[self_driving-10] [0m[INFO] [1782483313.367221564] [self_driving]: [IMAGE] received count=589 shape=(480, 640, 3) queue=0[0m
[self_driving-10] [0m[INFO] [1782483313.522985824] [self_driving]: [CROSSWALK_IGNORE] y=5 < th=180[0m
[self_driving-10] [0m[INFO] [1782483313.527286546] [self_driving]: [DEBUG_DRIVE] state=LINE_FOLLOW raw_lane_x=128.0 lane_x=128.0 filter=stable linear=0.30 angular=-0.10 cw_y=5 right_done=False start_turn=False count_turn=0 traffic=None stop=False[0m
[self_driving-10] [0m[INFO] [1782483313.854569083] [self_driving]: [OBJECTS] msg_count=40 n=1 names=['go'][0m
[self_driving-10] [0m[INFO] [1782483314.034405508] [self_driving]: [DEBUG_DRIVE] state=LINE_FOLLOW raw_lane_x=127.5 lane_x=127.5 filter=stable linear=0.30 angular=0.10 cw_y=215 right_done=False start_turn=False count_turn=0 traffic=None stop=False[0m
[self_driving-10] [0m[INFO] [1782483314.096602323] [self_driving]: [CROSSWALK_SLOW] y=215 th=180 confirm=4[0m
[self_driving-10] [0m[INFO] [1782483314.582984008] [self_driving]: [DEBUG_DRIVE] state=LINE_FOLLOW raw_lane_x=135.5 lane_x=135.5 filter=stable linear=0.15 angular=-0.10 cw_y=0 right_done=False start_turn=False count_turn=0 traffic=None stop=False[0m
[self_driving-10] [0m[INFO] [1782483314.633756804] [self_driving]: [OBJECTS] msg_count=44 n=1 names=['crosswalk'][0m
[self_driving-10] [0m[INFO] [1782483315.125619063] [self_driving]: [DEBUG_DRIVE] state=LINE_FOLLOW raw_lane_x=137.5 lane_x=137.5 filter=stable linear=0.15 angular=0.10 cw_y=285 right_done=False start_turn=False count_turn=0 traffic=None stop=False[0m
[self_driving-10] [0m[INFO] [1782483315.377311600] [self_driving]: [OBJECTS] msg_count=46 n=1 names=['crosswalk'][0m
[self_driving-10] [0m[INFO] [1782483315.404234100] [self_driving]: [IMAGE] received count=619 shape=(480, 640, 3) queue=0[0m
[self_driving-10] [0m[INFO] [1782483315.657844656] [self_driving]: [DEBUG_DRIVE] state=LINE_FOLLOW raw_lane_x=124.5 lane_x=124.5 filter=stable linear=0.15 angular=0.10 cw_y=444 right_done=False start_turn=False count_turn=0 traffic=None stop=False[0m
[self_driving-10] [0m[INFO] [1782483316.136724063] [self_driving]: [OBJECTS] msg_count=49 n=1 names=['crosswalk'][0m
[self_driving-10] [0m[INFO] [1782483316.202083248] [self_driving]: [DEBUG_DRIVE] state=LINE_FOLLOW raw_lane_x=127.5 lane_x=127.5 filter=stable linear=0.15 angular=0.10 cw_y=407 right_done=False start_turn=False count_turn=0 traffic=None stop=False[0m
[self_driving-10] [0m[INFO] [1782483316.730059748] [self_driving]: [DEBUG_DRIVE] state=LINE_FOLLOW raw_lane_x=135.0 lane_x=135.0 filter=stable linear=0.15 angular=-0.10 cw_y=436 right_done=False start_turn=False count_turn=0 traffic=None stop=False[0m
[self_driving-10] [0m[INFO] [1782483316.793540451] [self_driving]: [CROSSWALK_SLOW_DONE] return normal speed[0m
[self_driving-10] [0m[INFO] [1782483317.085309395] [self_driving]: [CROSSWALK_SLOW] y=436 th=180 confirm=4[0m
[self_driving-10] [0m[INFO] [1782483317.266725173] [self_driving]: [DEBUG_DRIVE] state=LINE_FOLLOW raw_lane_x=131.0 lane_x=131.0 filter=stable linear=0.15 angular=-0.10 cw_y=436 right_done=False start_turn=False count_turn=0 traffic=None stop=False[0m
[self_driving-10] [0m[INFO] [1782483317.299243895] [self_driving]: [OBJECTS] msg_count=51 n=1 names=['crosswalk'][0m
[self_driving-10] [0m[INFO] [1782483317.467026488] [self_driving]: [IMAGE] received count=650 shape=(480, 640, 3) queue=0[0m
[self_driving-10] [0m[INFO] [1782483317.776112951] [self_driving]: [DEBUG_DRIVE] state=LINE_FOLLOW raw_lane_x=123.5 lane_x=123.5 filter=stable linear=0.15 angular=0.10 cw_y=349 right_done=False start_turn=False count_turn=0 traffic=None stop=False[0m
[self_driving-10] [0m[INFO] [1782483318.281746450] [self_driving]: [DEBUG_DRIVE] state=LINE_FOLLOW raw_lane_x=133.0 lane_x=133.0 filter=stable linear=0.15 angular=0.10 cw_y=349 right_done=False start_turn=False count_turn=0 traffic=None stop=False[0m
[self_driving-10] [0m[INFO] [1782483318.813458894] [self_driving]: [DEBUG_DRIVE] state=LINE_FOLLOW raw_lane_x=124.5 lane_x=124.5 filter=stable linear=0.15 angular=0.10 cw_y=349 right_done=False start_turn=False count_turn=0 traffic=None stop=False[0m
[self_driving-10] [0m[INFO] [1782483319.352602394] [self_driving]: [DEBUG_DRIVE] state=LINE_FOLLOW raw_lane_x=131.0 lane_x=131.0 filter=stable linear=0.15 angular=-0.10 cw_y=349 right_done=False start_turn=False count_turn=0 traffic=None stop=False[0m
[self_driving-10] [0m[INFO] [1782483319.478916876] [self_driving]: [IMAGE] received count=680 shape=(480, 640, 3) queue=0[0m
[self_driving-10] [0m[INFO] [1782483319.754249616] [self_driving]: [CROSSWALK_SLOW_DONE] return normal speed[0m
[self_driving-10] [0m[INFO] [1782483319.876471764] [self_driving]: [DEBUG_DRIVE] state=LINE_FOLLOW raw_lane_x=129.0 lane_x=129.0 filter=stable linear=0.30 angular=0.10 cw_y=349 right_done=False start_turn=False count_turn=0 traffic=None stop=False[0m
[self_driving-10] [0m[INFO] [1782483320.024952005] [self_driving]: [CROSSWALK_SLOW] y=349 th=180 confirm=4[0m
[self_driving-10] [0m[INFO] [1782483320.289878060] [self_driving]: [OBJECTS] msg_count=52 n=1 names=['crosswalk'][0m
[self_driving-10] [0m[INFO] [1782483320.433057227] [self_driving]: [DEBUG_DRIVE] state=LINE_FOLLOW raw_lane_x=132.5 lane_x=132.5 filter=stable linear=0.15 angular=-0.10 cw_y=336 right_done=False start_turn=False count_turn=0 traffic=None stop=False[0m
[self_driving-10] [0m[INFO] [1782483320.962523264] [self_driving]: [DEBUG_DRIVE] state=LINE_FOLLOW raw_lane_x=142.0 lane_x=142.0 filter=stable linear=0.15 angular=-0.10 cw_y=336 right_done=False start_turn=False count_turn=0 traffic=None stop=False[0m
[self_driving-10] [0m[INFO] [1782483321.462653634] [self_driving]: [DEBUG_DRIVE] state=LINE_FOLLOW raw_lane_x=202.0 lane_x=202.0 filter=stable linear=0.15 angular=-0.45 cw_y=336 right_done=False start_turn=False count_turn=1 traffic=None stop=False[0m
[self_driving-10] [0m[INFO] [1782483321.496659615] [self_driving]: [IMAGE] received count=710 shape=(480, 640, 3) queue=0[0m
[self_driving-10] [0m[INFO] [1782483322.039240744] [self_driving]: [DEBUG_DRIVE] state=LINE_FOLLOW raw_lane_x=211.5 lane_x=211.5 filter=stable linear=0.15 angular=-0.45 cw_y=336 right_done=False start_turn=False count_turn=2 traffic=None stop=False[0m
[self_driving-10] [33m[WARN] [1782483322.431670577] [self_driving]: [LANE_X_JUMP_REJECT] raw=125.0 last=300.5 diff=175.5 candidate=125.0 cnt=1/4[0m
[self_driving-10] [0m[INFO] [1782483322.577987522] [self_driving]: [DEBUG_DRIVE] state=LINE_FOLLOW raw_lane_x=129.5 lane_x=300.5 filter=jump_reject linear=0.15 angular=-0.45 cw_y=336 right_done=False start_turn=True count_turn=4 traffic=None stop=False[0m
[self_driving-10] [0m[INFO] [1782483322.632359022] [self_driving]: [LANE_X_JUMP_ACCEPT] raw=159.5 last=159.5 cnt=4/4[0m
[self_driving-10] [0m[INFO] [1782483322.713131596] [self_driving]: [CROSSWALK_SLOW_DONE] return normal speed[0m
[self_driving-10] [0m[INFO] [1782483322.978510596] [self_driving]: [CROSSWALK_SLOW] y=336 th=180 confirm=4[0m
[self_driving-10] [0m[INFO] [1782483323.110423559] [self_driving]: [DEBUG_DRIVE] state=LINE_FOLLOW raw_lane_x=301.0 lane_x=301.0 filter=stable linear=0.15 angular=-0.45 cw_y=336 right_done=False start_turn=True count_turn=3 traffic=None stop=False[0m
[self_driving-10] [33m[WARN] [1782483323.177355540] [self_driving]: [LANE_X_JUMP_REJECT] raw=189.5 last=301.0 diff=111.5 candidate=189.5 cnt=1/4[0m
[self_driving-10] [0m[INFO] [1782483323.509513910] [self_driving]: [IMAGE] received count=740 shape=(480, 640, 3) queue=0[0m
[self_driving-10] [0m[INFO] [1782483323.671625225] [self_driving]: [DEBUG_DRIVE] state=LINE_FOLLOW raw_lane_x=263.0 lane_x=263.0 filter=stable linear=0.15 angular=-0.45 cw_y=336 right_done=False start_turn=True count_turn=11 traffic=None stop=False[0m
[self_driving-10] [0m[INFO] [1782483324.178796947] [self_driving]: [DEBUG_DRIVE] state=LINE_FOLLOW raw_lane_x=268.5 lane_x=268.5 filter=stable linear=0.15 angular=-0.45 cw_y=336 right_done=False start_turn=True count_turn=19 traffic=None stop=False[0m
[self_driving-10] [0m[INFO] [1782483324.743170298] [self_driving]: [DEBUG_DRIVE] state=LINE_FOLLOW raw_lane_x=280.0 lane_x=280.0 filter=stable linear=0.15 angular=-0.45 cw_y=336 right_done=False start_turn=True count_turn=27 traffic=None stop=False[0m
[self_driving-10] [0m[INFO] [1782483325.265280354] [self_driving]: [DEBUG_DRIVE] state=LINE_FOLLOW raw_lane_x=234.5 lane_x=234.5 filter=stable linear=0.15 angular=-0.45 cw_y=336 right_done=False start_turn=True count_turn=35 traffic=None stop=False[0m
[self_driving-10] [0m[INFO] [1782483325.475930835] [self_driving]: [OBJECTS] msg_count=53 n=1 names=['crosswalk'][0m
[self_driving-10] [0m[INFO] [1782483325.544016150] [self_driving]: [IMAGE] received count=770 shape=(480, 640, 3) queue=0[0m
[self_driving-10] [0m[INFO] [1782483325.666800539] [self_driving]: [CROSSWALK_SLOW_DONE] return normal speed[0m
[self_driving-10] [0m[INFO] [1782483325.809749964] [self_driving]: [CROSSWALK_IGNORE] y=176 < th=180[0m
[self_driving-10] [0m[INFO] [1782483325.810575520] [self_driving]: [DEBUG_DRIVE] state=LINE_FOLLOW raw_lane_x=140.0 lane_x=140.0 filter=stable linear=0.30 angular=-0.10 cw_y=176 right_done=False start_turn=False count_turn=0 traffic=None stop=False[0m
[self_driving-10] [0m[INFO] [1782483326.174745872] [self_driving]: [OBJECTS] msg_count=58 n=1 names=['crosswalk'][0m
[self_driving-10] [0m[INFO] [1782483326.330187927] [self_driving]: [CROSSWALK_IGNORE] y=177 < th=180[0m
[self_driving-10] [0m[INFO] [1782483326.331407205] [self_driving]: [DEBUG_DRIVE] state=LINE_FOLLOW raw_lane_x=115.0 lane_x=115.0 filter=stable linear=0.30 angular=0.10 cw_y=177 right_done=False start_turn=False count_turn=0 traffic=None stop=False[0m
[self_driving-10] [0m[INFO] [1782483326.879372482] [self_driving]: [CROSSWALK_IGNORE] y=177 < th=180[0m
[self_driving-10] [0m[INFO] [1782483326.881628760] [self_driving]: [DEBUG_DRIVE] state=LINE_FOLLOW raw_lane_x=136.0 lane_x=136.0 filter=stable linear=0.30 angular=-0.10 cw_y=177 right_done=False start_turn=False count_turn=0 traffic=None stop=False[0m
[self_driving-10] [0m[INFO] [1782483326.967629260] [self_driving]: [OBJECTS] msg_count=63 n=1 names=['go'][0m
[self_driving-10] [0m[INFO] [1782483327.426399519] [self_driving]: [DEBUG_DRIVE] state=LINE_FOLLOW raw_lane_x=128.0 lane_x=128.0 filter=stable linear=0.30 angular=-0.10 cw_y=182 right_done=False start_turn=False count_turn=0 traffic=None stop=False[0m
[self_driving-10] [0m[INFO] [1782483327.546583574] [self_driving]: [IMAGE] received count=800 shape=(480, 640, 3) queue=0[0m
[self_driving-10] [0m[INFO] [1782483327.605441648] [self_driving]: [CROSSWALK_SLOW] y=182 th=180 confirm=4[0m
[self_driving-10] [0m[INFO] [1782483327.714805908] [self_driving]: [OBJECTS] msg_count=69 n=1 names=['crosswalk'][0m
[self_driving-10] [0m[INFO] [1782483327.958335759] [self_driving]: [DEBUG_DRIVE] state=LINE_FOLLOW raw_lane_x=131.0 lane_x=131.0 filter=stable linear=0.15 angular=-0.10 cw_y=183 right_done=False start_turn=False count_turn=0 traffic=None stop=False[0m
[self_driving-10] [0m[INFO] [1782483328.467061000] [self_driving]: [OBJECTS] msg_count=74 n=1 names=['crosswalk'][0m
[self_driving-10] [0m[INFO] [1782483328.498802129] [self_driving]: [DEBUG_DRIVE] state=LINE_FOLLOW raw_lane_x=143.0 lane_x=143.0 filter=stable linear=0.15 angular=-0.10 cw_y=196 right_done=False start_turn=False count_turn=0 traffic=None stop=False[0m
[self_driving-10] [0m[INFO] [1782483329.035696907] [self_driving]: [DEBUG_DRIVE] state=LINE_FOLLOW raw_lane_x=132.5 lane_x=132.5 filter=stable linear=0.15 angular=-0.10 cw_y=0 right_done=False start_turn=False count_turn=0 traffic=None stop=False[0m
[self_driving-10] [0m[INFO] [1782483329.201661722] [self_driving]: [OBJECTS] msg_count=78 n=1 names=['go'][0m
[self_driving-10] [0m[INFO] [1782483329.547277536] [self_driving]: [IMAGE] received count=830 shape=(480, 640, 3) queue=0[0m
[self_driving-10] [0m[INFO] [1782483329.563315777] [self_driving]: [DEBUG_DRIVE] state=LINE_FOLLOW raw_lane_x=119.0 lane_x=119.0 filter=stable linear=0.15 angular=0.10 cw_y=320 right_done=False start_turn=False count_turn=0 traffic=None stop=False[0m
[self_driving-10] [0m[INFO] [1782483329.980502203] [self_driving]: [OBJECTS] msg_count=82 n=1 names=['crosswalk'][0m
[self_driving-10] [0m[INFO] [1782483329.986626536] [self_driving]: [TRAFFIC_CANDIDATE] name=red valid=False cx=628 cy=28 area=520 score=0.27 min_area=800[0m
[self_driving-10] [0m[INFO] [1782483330.112437795] [self_driving]: [DEBUG_DRIVE] state=LINE_FOLLOW raw_lane_x=127.5 lane_x=127.5 filter=stable linear=0.15 angular=0.10 cw_y=0 right_done=False start_turn=False count_turn=0 traffic=None stop=False[0m
[self_driving-10] [0m[INFO] [1782483330.306054017] [self_driving]: [CROSSWALK_SLOW_DONE] return normal speed[0m
[self_driving-10] [0m[INFO] [1782483330.635235054] [self_driving]: [DEBUG_DRIVE] state=LINE_FOLLOW raw_lane_x=150.0 lane_x=150.0 filter=stable linear=0.30 angular=-0.10 cw_y=0 right_done=False start_turn=False count_turn=0 traffic=None stop=False[0m
[self_driving-10] [0m[INFO] [1782483330.790964980] [self_driving]: [OBJECTS] msg_count=89 n=1 names=['go'][0m
[self_driving-10] [0m[INFO] [1782483331.047295943] [self_driving]: [CROSSWALK_SLOW] y=215 th=180 confirm=4[0m
[self_driving-10] [0m[INFO] [1782483331.189654665] [self_driving]: [DEBUG_DRIVE] state=LINE_FOLLOW raw_lane_x=162.5 lane_x=162.5 filter=stable linear=0.15 angular=-0.10 cw_y=215 right_done=False start_turn=False count_turn=0 traffic=None stop=False[0m
[self_driving-10] [0m[INFO] [1782483331.574672294] [self_driving]: [IMAGE] received count=860 shape=(480, 640, 3) queue=0[0m
[self_driving-10] [0m[INFO] [1782483331.677310146] [self_driving]: [OBJECTS] msg_count=93 n=1 names=['crosswalk'][0m
[self_driving-10] [0m[INFO] [1782483331.734840942] [self_driving]: [DEBUG_DRIVE] state=LINE_FOLLOW raw_lane_x=128.5 lane_x=128.5 filter=stable linear=0.15 angular=0.10 cw_y=0 right_done=False start_turn=False count_turn=0 traffic=None stop=False[0m
[self_driving-10] [0m[INFO] [1782483332.253387257] [self_driving]: [DEBUG_DRIVE] state=LINE_FOLLOW raw_lane_x=119.5 lane_x=119.5 filter=stable linear=0.15 angular=0.10 cw_y=0 right_done=False start_turn=False count_turn=0 traffic=None stop=False[0m
[self_driving-10] [0m[INFO] [1782483332.372214701] [self_driving]: [OBJECTS] msg_count=97 n=1 names=['crosswalk'][0m
[self_driving-10] [0m[INFO] [1782483332.804250349] [self_driving]: [DEBUG_DRIVE] state=LINE_FOLLOW raw_lane_x=124.0 lane_x=124.0 filter=stable linear=0.15 angular=0.10 cw_y=0 right_done=False start_turn=False count_turn=0 traffic=None stop=False[0m
[self_driving-10] [0m[INFO] [1782483333.128443386] [self_driving]: [OBJECTS] msg_count=101 n=1 names=['crosswalk'][0m
[self_driving-10] [0m[INFO] [1782483333.323792275] [self_driving]: [DEBUG_DRIVE] state=LINE_FOLLOW raw_lane_x=134.5 lane_x=134.5 filter=stable linear=0.15 angular=-0.10 cw_y=0 right_done=False start_turn=False count_turn=0 traffic=None stop=False[0m
[self_driving-10] [0m[INFO] [1782483333.598662663] [self_driving]: [IMAGE] received count=890 shape=(480, 640, 3) queue=0[0m
[self_driving-10] [0m[INFO] [1782483333.730976349] [self_driving]: [CROSSWALK_SLOW_DONE] return normal speed[0m
[self_driving-10] [0m[INFO] [1782483333.856143163] [self_driving]: [OBJECTS] msg_count=104 n=1 names=['crosswalk'][0m
[self_driving-10] [0m[INFO] [1782483333.878906367] [self_driving]: [DEBUG_DRIVE] state=LINE_FOLLOW raw_lane_x=131.5 lane_x=131.5 filter=stable linear=0.30 angular=-0.10 cw_y=462 right_done=False start_turn=False count_turn=0 traffic=None stop=False[0m
[self_driving-10] [0m[INFO] [1782483334.003531108] [self_driving]: [CROSSWALK_SLOW] y=462 th=180 confirm=4[0m
[self_driving-10] [0m[INFO] [1782483334.411540719] [self_driving]: [DEBUG_DRIVE] state=LINE_FOLLOW raw_lane_x=132.5 lane_x=132.5 filter=stable linear=0.15 angular=-0.10 cw_y=462 right_done=False start_turn=False count_turn=0 traffic=None stop=False[0m
[self_driving-10] [0m[INFO] [1782483334.948969014] [self_driving]: [DEBUG_DRIVE] state=LINE_FOLLOW raw_lane_x=122.0 lane_x=122.0 filter=stable linear=0.15 angular=0.10 cw_y=462 right_done=False start_turn=False count_turn=0 traffic=None stop=False[0m
[self_driving-10] [0m[INFO] [1782483335.001668440] [self_driving]: [OBJECTS] msg_count=105 n=1 names=['crosswalk'][0m
[self_driving-10] [0m[INFO] [1782483335.454142718] [self_driving]: [DEBUG_DRIVE] state=LINE_FOLLOW raw_lane_x=125.5 lane_x=125.5 filter=stable linear=0.15 angular=0.10 cw_y=300 right_done=False start_turn=False count_turn=0 traffic=None stop=False[0m
[self_driving-10] [0m[INFO] [1782483335.605314829] [self_driving]: [IMAGE] received count=920 shape=(480, 640, 3) queue=0[0m
[self_driving-10] [0m[INFO] [1782483336.007662181] [self_driving]: [DEBUG_DRIVE] state=LINE_FOLLOW raw_lane_x=146.0 lane_x=146.0 filter=stable linear=0.15 angular=-0.10 cw_y=300 right_done=False start_turn=False count_turn=0 traffic=None stop=False[0m
[self_driving-10] [0m[INFO] [1782483336.565924106] [self_driving]: [DEBUG_DRIVE] state=LINE_FOLLOW raw_lane_x=196.5 lane_x=196.5 filter=stable linear=0.15 angular=-0.10 cw_y=300 right_done=False start_turn=False count_turn=0 traffic=None stop=False[0m
[self_driving-10] [0m[INFO] [1782483336.685913643] [self_driving]: [CROSSWALK_SLOW_DONE] return normal speed[0m
[self_driving-10] [0m[INFO] [1782483336.971328587] [self_driving]: [CROSSWALK_SLOW] y=300 th=180 confirm=4[0m
[self_driving-10] [0m[INFO] [1782483337.093553347] [self_driving]: [DEBUG_DRIVE] state=LINE_FOLLOW raw_lane_x=229.0 lane_x=229.0 filter=stable linear=0.15 angular=-0.45 cw_y=300 right_done=False start_turn=True count_turn=1 traffic=None stop=False[0m
[self_driving-10] [33m[WARN] [1782483337.148742161] [self_driving]: [LANE_X_JUMP_REJECT] raw=98.0 last=229.0 diff=131.0 candidate=98.0 cnt=1/4[0m
[self_driving-10] [0m[INFO] [1782483337.625899939] [self_driving]: [IMAGE] received count=950 shape=(480, 640, 3) queue=0[0m
[self_driving-10] [0m[INFO] [1782483337.631152605] [self_driving]: [DEBUG_DRIVE] state=LINE_FOLLOW raw_lane_x=159.5 lane_x=159.5 filter=stable linear=0.15 angular=0.00 cw_y=300 right_done=False start_turn=True count_turn=0 traffic=None stop=False[0m
[self_driving-10] [33m[WARN] [1782483338.033971827] [self_driving]: [LANE_X_JUMP_REJECT] raw=159.0 last=286.0 diff=127.0 candidate=159.0 cnt=1/4[0m
[self_driving-10] [0m[INFO] [1782483338.179778420] [self_driving]: [DEBUG_DRIVE] state=LINE_FOLLOW raw_lane_x=159.5 lane_x=286.0 filter=jump_reject linear=0.15 angular=-0.45 cw_y=300 right_done=False start_turn=True count_turn=6 traffic=None stop=False[0m
[self_driving-10] [0m[INFO] [1782483338.244256846] [self_driving]: [LANE_X_JUMP_ACCEPT] raw=170.5 last=170.5 cnt=4/4[0m
[self_driving-10] [0m[INFO] [1782483338.705545049] [self_driving]: [DEBUG_DRIVE] state=LINE_FOLLOW raw_lane_x=287.5 lane_x=287.5 filter=stable linear=0.15 angular=-0.45 cw_y=300 right_done=False start_turn=True count_turn=7 traffic=None stop=False[0m
[self_driving-10] [0m[INFO] [1782483339.209161771] [self_driving]: [DEBUG_DRIVE] state=LINE_FOLLOW raw_lane_x=308.0 lane_x=308.0 filter=stable linear=0.15 angular=-0.45 cw_y=300 right_done=False start_turn=True count_turn=14 traffic=None stop=False[0m
[ekf_node-8] Failed to meet update rate! Took 0.010426426000000000791seconds. Try decreasing the rate, limiting sensor output frequency, or limiting the number of sensors.
[self_driving-10] [0m[INFO] [1782483339.640621956] [self_driving]: [IMAGE] received count=980 shape=(480, 640, 3) queue=0[0m
[self_driving-10] [0m[INFO] [1782483339.648548808] [self_driving]: [CROSSWALK_SLOW_DONE] return normal speed[0m
[self_driving-10] [0m[INFO] [1782483339.709842586] [self_driving]: [DEBUG_DRIVE] state=LINE_FOLLOW raw_lane_x=291.0 lane_x=291.0 filter=stable linear=0.30 angular=-0.45 cw_y=300 right_done=False start_turn=True count_turn=22 traffic=None stop=False[0m
[self_driving-10] [0m[INFO] [1782483339.905538030] [self_driving]: [CROSSWALK_SLOW] y=300 th=180 confirm=4[0m
[self_driving-10] [0m[INFO] [1782483340.242388271] [self_driving]: [DEBUG_DRIVE] state=LINE_FOLLOW raw_lane_x=306.5 lane_x=306.5 filter=stable linear=0.15 angular=-0.45 cw_y=300 right_done=False start_turn=True count_turn=30 traffic=None stop=False[0m
[self_driving-10] [0m[INFO] [1782483340.681446456] [self_driving]: [OBJECTS] msg_count=106 n=1 names=['right'][0m
[self_driving-10] [0m[INFO] [1782483340.683226641] [self_driving]: [RIGHT_CANDIDATE] valid=False reject=['low_score'] cnt=0 cx=572 cy=124 area=728 score=0.30 done=False[0m
[self_driving-10] [0m[INFO] [1782483340.791196492] [self_driving]: [DEBUG_DRIVE] state=LINE_FOLLOW raw_lane_x=227.0 lane_x=227.0 filter=stable linear=0.15 angular=-0.45 cw_y=0 right_done=False start_turn=True count_turn=38 traffic=None stop=False[0m
[self_driving-10] [0m[INFO] [1782483341.047626048] [self_driving]: [RIGHT_CANDIDATE] valid=True reject=[] cnt=0 cx=486 cy=123 area=858 score=0.80 done=False[0m
[self_driving-10] [0m[INFO] [1782483341.317276214] [self_driving]: [DEBUG_DRIVE] state=LINE_FOLLOW raw_lane_x=130.0 lane_x=130.0 filter=stable linear=0.15 angular=0.10 cw_y=186 right_done=False start_turn=False count_turn=0 traffic=None stop=False[0m
[self_driving-10] [0m[INFO] [1782483341.437445640] [self_driving]: [OBJECTS] msg_count=110 n=1 names=['crosswalk'][0m
[self_driving-10] [0m[INFO] [1782483341.645386233] [self_driving]: [IMAGE] received count=1010 shape=(480, 640, 3) queue=0[0m
[self_driving-10] [0m[INFO] [1782483341.818469492] [self_driving]: [RIGHT_CANDIDATE] valid=True reject=[] cnt=1 cx=259 cy=123 area=884 score=0.72 done=False[0m
[self_driving-10] [0m[INFO] [1782483341.819199640] [self_driving]: [RIGHT_READY] cx=259 cy=123 area=884 score=0.72[0m
[self_driving-10] [0m[INFO] [1782483341.877577788] [self_driving]: [RIGHT_TRIGGER] enter ARROW_SIGNAL lane_x=129.5 raw_lane_x=129.5 filter=stable cw_y=0 candidate={'cx': 259, 'cy': 123, 'area': 884, 'score': 0.7200000286102295}[0m
[self_driving-10] [0m[INFO] [1782483341.878175307] [self_driving]: [1;36m[FSM] LINE_FOLLOW -> ARROW_SIGNAL[0m[0m
[self_driving-10] [0m[INFO] [1782483341.918521714] [self_driving]: [ARROW_SIGNAL] waiting elapsed=0.04/0.40 direction=right[0m
[self_driving-10] [0m[INFO] [1782483342.242928140] [self_driving]: [OBJECTS] msg_count=114 n=1 names=['crosswalk'][0m
[self_driving-10] [0m[INFO] [1782483342.331122714] [self_driving]: [ARROW_SIGNAL] done elapsed=0.45 -> INTERSECTION direction=right[0m
[self_driving-10] [0m[INFO] [1782483342.333112510] [self_driving]: [1;36m[FSM] ARROW_SIGNAL -> INTERSECTION[0m[0m
[self_driving-10] [0m[INFO] [1782483342.460615399] [self_driving]: [RIGHT_TURN] elapsed=0.13 cmd=(0.10,-0.50) lane_x=131.5[0m
[self_driving-10] [0m[INFO] [1782483342.627437954] [self_driving]: [RIGHT_CANDIDATE] valid=True reject=[] cnt=0 cx=174 cy=114 area=1247 score=0.86 done=False[0m
[self_driving-10] [0m[INFO] [1782483343.007897380] [self_driving]: [RIGHT_TURN] elapsed=0.68 cmd=(0.10,-0.50) lane_x=-1[0m
[self_driving-10] [0m[INFO] [1782483343.025623121] [self_driving]: [OBJECTS] msg_count=119 n=1 names=['crosswalk'][0m
[self_driving-10] [0m[INFO] [1782483343.028015399] [self_driving]: [RIGHT_CANDIDATE] valid=True reject=[] cnt=1 cx=177 cy=113 area=1457 score=0.85 done=False[0m
[self_driving-10] [0m[INFO] [1782483343.030014565] [self_driving]: [RIGHT_READY] cx=177 cy=113 area=1457 score=0.85[0m
[self_driving-10] [0m[INFO] [1782483343.414412509] [self_driving]: [RIGHT_CANDIDATE] valid=True reject=[] cnt=0 cx=175 cy=113 area=1410 score=0.86 done=False[0m
[self_driving-10] [0m[INFO] [1782483343.532275732] [self_driving]: [RIGHT_TURN] elapsed=1.20 cmd=(0.10,-0.50) lane_x=-1[0m
[self_driving-10] [0m[INFO] [1782483343.672483676] [self_driving]: [IMAGE] received count=1040 shape=(480, 640, 3) queue=0[0m
[self_driving-10] [0m[INFO] [1782483343.828159380] [self_driving]: [OBJECTS] msg_count=125 n=1 names=['crosswalk'][0m
[self_driving-10] [0m[INFO] [1782483344.077081787] [self_driving]: [RIGHT_TURN] elapsed=1.74 cmd=(0.10,-0.50) lane_x=277.0[0m
[self_driving-10] [0m[INFO] [1782483344.149461231] [self_driving]: [1;36m[FSM] INTERSECTION -> LINE_FOLLOW[0m[0m
[self_driving-10] [0m[INFO] [1782483344.149996398] [self_driving]: [RIGHT_TURN] done elapsed=1.82 lane_x=254.5 -> LINE_FOLLOW[0m
[self_driving-10] [33m[WARN] [1782483344.222352694] [self_driving]: [LANE_X_JUMP_REJECT] raw=233.0 last=129.5 diff=103.5 candidate=233.0 cnt=1/4[0m
[self_driving-10] [0m[INFO] [1782483344.223832046] [self_driving]: [RIGHT_TRIGGER] enter ARROW_SIGNAL lane_x=129.5 raw_lane_x=233.0 filter=jump_reject cw_y=192 candidate={'cx': 175, 'cy': 113, 'area': 1410, 'score': 0.8600000143051147}[0m
[self_driving-10] [0m[INFO] [1782483344.224332027] [self_driving]: [1;36m[FSM] LINE_FOLLOW -> ARROW_SIGNAL[0m[0m
[self_driving-10] [0m[INFO] [1782483344.612078620] [self_driving]: [ARROW_SIGNAL] waiting elapsed=0.39/0.40 direction=right[0m
[self_driving-10] [0m[INFO] [1782483344.657367064] [self_driving]: [OBJECTS] msg_count=129 n=1 names=['crosswalk'][0m
[self_driving-10] [0m[INFO] [1782483344.707095527] [self_driving]: [ARROW_SIGNAL] done elapsed=0.48 -> INTERSECTION direction=right[0m
[self_driving-10] [0m[INFO] [1782483344.708662786] [self_driving]: [1;36m[FSM] ARROW_SIGNAL -> INTERSECTION[0m[0m
[self_driving-10] [0m[INFO] [1782483345.149806342] [self_driving]: [RIGHT_TURN] elapsed=0.44 cmd=(0.10,-0.50) lane_x=-1[0m
[self_driving-10] [0m[INFO] [1782483345.678281175] [self_driving]: [IMAGE] received count=1070 shape=(480, 640, 3) queue=0[0m
[self_driving-10] [0m[INFO] [1782483345.684427693] [self_driving]: [RIGHT_TURN] elapsed=0.98 cmd=(0.10,-0.50) lane_x=-1[0m
[self_driving-10] [0m[INFO] [1782483346.243792267] [self_driving]: [RIGHT_TURN] elapsed=1.54 cmd=(0.10,-0.50) lane_x=37.0[0m
[self_driving-10] [0m[INFO] [1782483346.572970471] [self_driving]: [1;36m[FSM] INTERSECTION -> LINE_FOLLOW[0m[0m
[self_driving-10] [0m[INFO] [1782483346.574957211] [self_driving]: [RIGHT_TURN] done elapsed=1.86 lane_x=169.0 -> LINE_FOLLOW[0m
[self_driving-10] [33m[WARN] [1782483346.659406452] [self_driving]: [LANE_X_JUMP_REJECT] raw=221.5 last=129.5 diff=92.0 candidate=233.0 cnt=2/4[0m
[self_driving-10] [0m[INFO] [1782483346.663131526] [self_driving]: [CROSSWALK_SLOW_DONE] return normal speed[0m
[self_driving-10] [0m[INFO] [1782483346.769615656] [self_driving]: [DEBUG_DRIVE] state=LINE_FOLLOW raw_lane_x=145.5 lane_x=145.5 filter=stable linear=0.30 angular=0.10 cw_y=297 right_done=False start_turn=False count_turn=0 traffic=None stop=False[0m
[self_driving-10] [0m[INFO] [1782483346.907242248] [self_driving]: [CROSSWALK_SLOW] y=297 th=180 confirm=4[0m
[self_driving-10] [33m[WARN] [1782483347.173586026] [self_driving]: [LANE_LOST] raw_lane_x=-1 lane_x=-1 filter=lost stop=False state=LINE_FOLLOW safe_linear=0.00 right_ready=False right_done=False[0m
[self_driving-10] [0m[INFO] [1782483347.326550785] [self_driving]: [DEBUG_DRIVE] state=LINE_FOLLOW raw_lane_x=-1 lane_x=-1 filter=lost linear=0.15 angular=0.00 cw_y=297 right_done=False start_turn=False count_turn=0 traffic=None stop=False[0m
[self_driving-10] [0m[INFO] [1782483347.720782414] [self_driving]: [IMAGE] received count=1100 shape=(480, 640, 3) queue=0[0m
[self_driving-10] [33m[WARN] [1782483347.727773988] [self_driving]: [LANE_X_JUMP_REJECT] raw=8.0 last=145.5 diff=137.5 candidate=8.0 cnt=1/4[0m
[self_driving-10] [33m[WARN] [1782483347.763300896] [self_driving]: [LANE_LOST] raw_lane_x=-1 lane_x=-1 filter=lost stop=False state=LINE_FOLLOW safe_linear=0.00 right_ready=False right_done=False[0m
[self_driving-10] [0m[INFO] [1782483347.842181618] [self_driving]: [DEBUG_DRIVE] state=LINE_FOLLOW raw_lane_x=-1 lane_x=-1 filter=lost linear=0.15 angular=0.00 cw_y=297 right_done=False start_turn=False count_turn=0 traffic=None stop=False[0m
[self_driving-10] [33m[WARN] [1782483348.297758562] [self_driving]: [LANE_LOST] raw_lane_x=-1 lane_x=-1 filter=lost stop=False state=LINE_FOLLOW safe_linear=0.00 right_ready=False right_done=False[0m
[self_driving-10] [33m[WARN] [1782483348.387371599] [self_driving]: [LANE_X_JUMP_REJECT] raw=313.0 last=145.5 diff=167.5 candidate=313.0 cnt=1/4[0m
[self_driving-10] [0m[INFO] [1782483348.388105081] [self_driving]: [DEBUG_DRIVE] state=LINE_FOLLOW raw_lane_x=313.0 lane_x=145.5 filter=jump_reject linear=0.15 angular=-0.10 cw_y=297 right_done=False start_turn=False count_turn=0 traffic=None stop=False[0m
[self_driving-10] [33m[WARN] [1782483348.855552488] [self_driving]: [LANE_LOST] raw_lane_x=-1 lane_x=-1 filter=lost stop=False state=LINE_FOLLOW safe_linear=0.00 right_ready=False right_done=False[0m
[self_driving-10] [0m[INFO] [1782483348.929381839] [self_driving]: [DEBUG_DRIVE] state=LINE_FOLLOW raw_lane_x=-1 lane_x=-1 filter=lost linear=0.15 angular=0.00 cw_y=297 right_done=False start_turn=False count_turn=0 traffic=None stop=False[0m
[self_driving-10] [33m[WARN] [1782483349.394795043] [self_driving]: [LANE_LOST] raw_lane_x=-1 lane_x=-1 filter=lost stop=False state=LINE_FOLLOW safe_linear=0.00 right_ready=False right_done=False[0m
[self_driving-10] [0m[INFO] [1782483349.453776710] [self_driving]: [DEBUG_DRIVE] state=LINE_FOLLOW raw_lane_x=-1 lane_x=-1 filter=lost linear=0.15 angular=0.00 cw_y=297 right_done=False start_turn=False count_turn=0 traffic=None stop=False[0m
[self_driving-10] [0m[INFO] [1782483349.609381043] [self_driving]: [CROSSWALK_SLOW_DONE] return normal speed[0m
[self_driving-10] [0m[INFO] [1782483349.721688098] [self_driving]: [IMAGE] received count=1130 shape=(480, 640, 3) queue=0[0m
[self_driving-10] [0m[INFO] [1782483349.850034561] [self_driving]: [CROSSWALK_SLOW] y=297 th=180 confirm=4[0m
[self_driving-10] [33m[WARN] [1782483349.925223172] [self_driving]: [LANE_LOST] raw_lane_x=-1 lane_x=-1 filter=lost stop=False state=LINE_FOLLOW safe_linear=0.00 right_ready=False right_done=False[0m
[self_driving-10] [0m[INFO] [1782483350.005949654] [self_driving]: [DEBUG_DRIVE] state=LINE_FOLLOW raw_lane_x=-1 lane_x=-1 filter=lost linear=0.15 angular=0.00 cw_y=297 right_done=False start_turn=False count_turn=0 traffic=None stop=False[0m
[self_driving-10] [33m[WARN] [1782483350.481636172] [self_driving]: [LANE_LOST] raw_lane_x=-1 lane_x=-1 filter=lost stop=False state=LINE_FOLLOW safe_linear=0.00 right_ready=False right_done=False[0m
[self_driving-10] [0m[INFO] [1782483350.537207264] [self_driving]: [DEBUG_DRIVE] state=LINE_FOLLOW raw_lane_x=-1 lane_x=-1 filter=lost linear=0.15 angular=0.00 cw_y=297 right_done=False start_turn=False count_turn=0 traffic=None stop=False[0m
[self_driving-10] [33m[WARN] [1782483350.990998375] [self_driving]: [LANE_LOST] raw_lane_x=-1 lane_x=-1 filter=lost stop=False state=LINE_FOLLOW safe_linear=0.00 right_ready=False right_done=False[0m
[self_driving-10] [0m[INFO] [1782483351.065362135] [self_driving]: [DEBUG_DRIVE] state=LINE_FOLLOW raw_lane_x=-1 lane_x=-1 filter=lost linear=0.15 angular=0.00 cw_y=297 right_done=False start_turn=False count_turn=0 traffic=None stop=False[0m
[self_driving-10] [33m[WARN] [1782483351.566055023] [self_driving]: [LANE_LOST] raw_lane_x=-1 lane_x=-1 filter=lost stop=False state=LINE_FOLLOW safe_linear=0.00 right_ready=False right_done=False[0m
[self_driving-10] [0m[INFO] [1782483351.568261023] [self_driving]: [DEBUG_DRIVE] state=LINE_FOLLOW raw_lane_x=-1 lane_x=-1 filter=lost linear=0.15 angular=0.00 cw_y=297 right_done=False start_turn=False count_turn=0 traffic=None stop=False[0m
[self_driving-10] [0m[INFO] [1782483351.738182116] [self_driving]: [IMAGE] received count=1160 shape=(480, 640, 3) queue=0[0m
[self_driving-10] [33m[WARN] [1782483352.079079708] [self_driving]: [LANE_LOST] raw_lane_x=-1 lane_x=-1 filter=lost stop=False state=LINE_FOLLOW safe_linear=0.00 right_ready=False right_done=False[0m
[self_driving-10] [0m[INFO] [1782483352.079708893] [self_driving]: [DEBUG_DRIVE] state=LINE_FOLLOW raw_lane_x=-1 lane_x=-1 filter=lost linear=0.15 angular=0.00 cw_y=297 right_done=False start_turn=False count_turn=0 traffic=None stop=False[0m
[self_driving-10] [0m[INFO] [1782483352.552582245] [self_driving]: [CROSSWALK_SLOW_DONE] return normal speed[0m
[self_driving-10] [33m[WARN] [1782483352.611291948] [self_driving]: [LANE_LOST] raw_lane_x=-1 lane_x=-1 filter=lost stop=False state=LINE_FOLLOW safe_linear=0.00 right_ready=False right_done=False[0m
[self_driving-10] [0m[INFO] [1782483352.611855726] [self_driving]: [DEBUG_DRIVE] state=LINE_FOLLOW raw_lane_x=-1 lane_x=-1 filter=lost linear=0.30 angular=0.00 cw_y=297 right_done=False start_turn=False count_turn=0 traffic=None stop=False[0m
[self_driving-10] [0m[INFO] [1782483352.818041763] [self_driving]: [CROSSWALK_SLOW] y=297 th=180 confirm=4[0m
[self_driving-10] [0m[INFO] [1782483352.987234893] [self_driving]: [OBJECTS] msg_count=130 n=1 names=['crosswalk'][0m
[self_driving-10] [33m[WARN] [1782483353.126436893] [self_driving]: [LANE_LOST] raw_lane_x=-1 lane_x=-1 filter=lost stop=False state=LINE_FOLLOW safe_linear=0.00 right_ready=False right_done=False[0m
[self_driving-10] [0m[INFO] [1782483353.127017726] [self_driving]: [DEBUG_DRIVE] state=LINE_FOLLOW raw_lane_x=-1 lane_x=-1 filter=lost linear=0.15 angular=0.00 cw_y=184 right_done=False start_turn=False count_turn=0 traffic=None stop=False[0m
[self_driving-10] [33m[WARN] [1782483353.628745763] [self_driving]: [LANE_LOST] raw_lane_x=-1 lane_x=-1 filter=lost stop=False state=LINE_FOLLOW safe_linear=0.00 right_ready=False right_done=False[0m
[self_driving-10] [0m[INFO] [1782483353.631590596] [self_driving]: [DEBUG_DRIVE] state=LINE_FOLLOW raw_lane_x=-1 lane_x=-1 filter=lost linear=0.15 angular=0.00 cw_y=184 right_done=False start_turn=False count_turn=0 traffic=None stop=False[0m
[self_driving-10] [0m[INFO] [1782483353.748065763] [self_driving]: [IMAGE] received count=1190 shape=(480, 640, 3) queue=0[0m
[self_driving-10] [33m[WARN] [1782483354.165296559] [self_driving]: [LANE_LOST] raw_lane_x=-1 lane_x=-1 filter=lost stop=False state=LINE_FOLLOW safe_linear=0.00 right_ready=False right_done=False[0m
[self_driving-10] [0m[INFO] [1782483354.165983651] [self_driving]: [DEBUG_DRIVE] state=LINE_FOLLOW raw_lane_x=-1 lane_x=-1 filter=lost linear=0.15 angular=0.00 cw_y=184 right_done=False start_turn=False count_turn=0 traffic=None stop=False[0m
[self_driving-10] [33m[WARN] [1782483354.707464929] [self_driving]: [LANE_LOST] raw_lane_x=-1 lane_x=-1 filter=lost stop=False state=LINE_FOLLOW safe_linear=0.00 right_ready=False right_done=False[0m
[self_driving-10] [0m[INFO] [1782483354.709531447] [self_driving]: [DEBUG_DRIVE] state=LINE_FOLLOW raw_lane_x=-1 lane_x=-1 filter=lost linear=0.15 angular=0.00 cw_y=184 right_done=False start_turn=False count_turn=0 traffic=None stop=False[0m
[self_driving-10] [0m[INFO] [1782483354.908231206] [self_driving]: [OBJECTS] msg_count=132 n=1 names=['red'][0m
[self_driving-10] [0m[INFO] [1782483354.910222206] [self_driving]: [TRAFFIC_CANDIDATE] name=red valid=False cx=9 cy=242 area=1748 score=0.31 min_area=800[0m
[self_driving-10] [33m[WARN] [1782483355.225493854] [self_driving]: [LANE_LOST] raw_lane_x=-1 lane_x=-1 filter=lost stop=False state=LINE_FOLLOW safe_linear=0.00 right_ready=False right_done=False[0m
[self_driving-10] [0m[INFO] [1782483355.225982891] [self_driving]: [DEBUG_DRIVE] state=LINE_FOLLOW raw_lane_x=-1 lane_x=-1 filter=lost linear=0.15 angular=0.00 cw_y=0 right_done=False start_turn=False count_turn=0 traffic=None stop=False[0m
[self_driving-10] [0m[INFO] [1782483355.492699502] [self_driving]: [CROSSWALK_SLOW_DONE] return normal speed[0m
[self_driving-10] [33m[WARN] [1782483355.736723409] [self_driving]: [LANE_LOST] raw_lane_x=-1 lane_x=-1 filter=lost stop=False state=LINE_FOLLOW safe_linear=0.00 right_ready=False right_done=False[0m
[self_driving-10] [0m[INFO] [1782483355.740627835] [self_driving]: [DEBUG_DRIVE] state=LINE_FOLLOW raw_lane_x=-1 lane_x=-1 filter=lost linear=0.30 angular=0.00 cw_y=0 right_done=False start_turn=False count_turn=0 traffic=None stop=False[0m
[self_driving-10] [0m[INFO] [1782483355.765477076] [self_driving]: [IMAGE] received count=1220 shape=(480, 640, 3) queue=0[0m
[self_driving-10] [33m[WARN] [1782483356.251097224] [self_driving]: [LANE_LOST] raw_lane_x=-1 lane_x=-1 filter=lost stop=False state=LINE_FOLLOW safe_linear=0.00 right_ready=False right_done=False[0m
[self_driving-10] [0m[INFO] [1782483356.251620335] [self_driving]: [DEBUG_DRIVE] state=LINE_FOLLOW raw_lane_x=-1 lane_x=-1 filter=lost linear=0.30 angular=0.00 cw_y=0 right_done=False start_turn=False count_turn=0 traffic=None stop=False[0m
[self_driving-10] [33m[WARN] [1782483356.824964038] [self_driving]: [LANE_LOST] raw_lane_x=-1 lane_x=-1 filter=lost stop=False state=LINE_FOLLOW safe_linear=0.00 right_ready=False right_done=False[0m
[self_driving-10] [0m[INFO] [1782483356.825821964] [self_driving]: [DEBUG_DRIVE] state=LINE_FOLLOW raw_lane_x=-1 lane_x=-1 filter=lost linear=0.30 angular=0.00 cw_y=0 right_done=False start_turn=False count_turn=0 traffic=None stop=False[0m
[self_driving-10] [33m[WARN] [1782483357.384056334] [self_driving]: [LANE_LOST] raw_lane_x=-1 lane_x=-1 filter=lost stop=False state=LINE_FOLLOW safe_linear=0.00 right_ready=False right_done=False[0m
[self_driving-10] [0m[INFO] [1782483357.384565334] [self_driving]: [DEBUG_DRIVE] state=LINE_FOLLOW raw_lane_x=-1 lane_x=-1 filter=lost linear=0.30 angular=0.00 cw_y=0 right_done=False start_turn=False count_turn=0 traffic=None stop=False[0m
[self_driving-10] [0m[INFO] [1782483357.773412908] [self_driving]: [IMAGE] received count=1250 shape=(480, 640, 3) queue=0[0m
[self_driving-10] [33m[WARN] [1782483357.934844093] [self_driving]: [LANE_LOST] raw_lane_x=-1 lane_x=-1 filter=lost stop=False state=LINE_FOLLOW safe_linear=0.00 right_ready=False right_done=False[0m
[self_driving-10] [0m[INFO] [1782483357.952688612] [self_driving]: [DEBUG_DRIVE] state=LINE_FOLLOW raw_lane_x=-1 lane_x=-1 filter=lost linear=0.30 angular=0.00 cw_y=0 right_done=False start_turn=False count_turn=0 traffic=None stop=False[0m
[self_driving-10] [33m[WARN] [1782483358.448474926] [self_driving]: [LANE_LOST] raw_lane_x=-1 lane_x=-1 filter=lost stop=False state=LINE_FOLLOW safe_linear=0.00 right_ready=False right_done=False[0m
[self_driving-10] [0m[INFO] [1782483358.449100593] [self_driving]: [DEBUG_DRIVE] state=LINE_FOLLOW raw_lane_x=-1 lane_x=-1 filter=lost linear=0.30 angular=0.00 cw_y=0 right_done=False start_turn=False count_turn=0 traffic=None stop=False[0m
[self_driving-10] [33m[WARN] [1782483359.029656593] [self_driving]: [LANE_LOST] raw_lane_x=-1 lane_x=-1 filter=lost stop=False state=LINE_FOLLOW safe_linear=0.00 right_ready=False right_done=False[0m
[self_driving-10] [0m[INFO] [1782483359.030916111] [self_driving]: [DEBUG_DRIVE] state=LINE_FOLLOW raw_lane_x=-1 lane_x=-1 filter=lost linear=0.30 angular=0.00 cw_y=0 right_done=False start_turn=False count_turn=0 traffic=None stop=False[0m
[self_driving-10] [33m[WARN] [1782483359.531738111] [self_driving]: [LANE_LOST] raw_lane_x=-1 lane_x=-1 filter=lost stop=False state=LINE_FOLLOW safe_linear=0.00 right_ready=False right_done=False[0m
[self_driving-10] [0m[INFO] [1782483359.532291037] [self_driving]: [DEBUG_DRIVE] state=LINE_FOLLOW raw_lane_x=-1 lane_x=-1 filter=lost linear=0.30 angular=0.00 cw_y=0 right_done=False start_turn=False count_turn=0 traffic=None stop=False[0m
[self_driving-10] [0m[INFO] [1782483359.806108796] [self_driving]: [IMAGE] received count=1280 shape=(480, 640, 3) queue=0[0m
[self_driving-10] [33m[WARN] [1782483360.072313037] [self_driving]: [LANE_LOST] raw_lane_x=-1 lane_x=-1 filter=lost stop=False state=LINE_FOLLOW safe_linear=0.00 right_ready=False right_done=False[0m
[self_driving-10] [0m[INFO] [1782483360.072888037] [self_driving]: [DEBUG_DRIVE] state=LINE_FOLLOW raw_lane_x=-1 lane_x=-1 filter=lost linear=0.30 angular=0.00 cw_y=0 right_done=False start_turn=False count_turn=0 traffic=None stop=False[0m
[self_driving-10] [33m[WARN] [1782483360.606533055] [self_driving]: [LANE_LOST] raw_lane_x=-1 lane_x=-1 filter=lost stop=False state=LINE_FOLLOW safe_linear=0.00 right_ready=False right_done=False[0m
[self_driving-10] [0m[INFO] [1782483360.613238944] [self_driving]: [DEBUG_DRIVE] state=LINE_FOLLOW raw_lane_x=-1 lane_x=-1 filter=lost linear=0.30 angular=0.00 cw_y=0 right_done=False start_turn=False count_turn=0 traffic=None stop=False[0m
[self_driving-10] [33m[WARN] [1782483361.151258517] [self_driving]: [LANE_LOST] raw_lane_x=-1 lane_x=-1 filter=lost stop=False state=LINE_FOLLOW safe_linear=0.00 right_ready=False right_done=False[0m
[self_driving-10] [0m[INFO] [1782483361.153255795] [self_driving]: [DEBUG_DRIVE] state=LINE_FOLLOW raw_lane_x=-1 lane_x=-1 filter=lost linear=0.30 angular=0.00 cw_y=0 right_done=False start_turn=False count_turn=0 traffic=None stop=False[0m
[self_driving-10] [33m[WARN] [1782483361.697908147] [self_driving]: [LANE_LOST] raw_lane_x=-1 lane_x=-1 filter=lost stop=False state=LINE_FOLLOW safe_linear=0.00 right_ready=False right_done=False[0m
[self_driving-10] [0m[INFO] [1782483361.701685350] [self_driving]: [DEBUG_DRIVE] state=LINE_FOLLOW raw_lane_x=-1 lane_x=-1 filter=lost linear=0.30 angular=0.00 cw_y=0 right_done=False start_turn=False count_turn=0 traffic=None stop=False[0m
[self_driving-10] [0m[INFO] [1782483361.817369887] [self_driving]: [IMAGE] received count=1310 shape=(480, 640, 3) queue=0[0m
[self_driving-10] [33m[WARN] [1782483362.223751313] [self_driving]: [LANE_LOST] raw_lane_x=-1 lane_x=-1 filter=lost stop=False state=LINE_FOLLOW safe_linear=0.00 right_ready=False right_done=False[0m
[self_driving-10] [0m[INFO] [1782483362.225521757] [self_driving]: [DEBUG_DRIVE] state=LINE_FOLLOW raw_lane_x=-1 lane_x=-1 filter=lost linear=0.30 angular=0.00 cw_y=0 right_done=False start_turn=False count_turn=0 traffic=None stop=False[0m
[self_driving-10] [33m[WARN] [1782483362.759744739] [self_driving]: [LANE_LOST] raw_lane_x=-1 lane_x=-1 filter=lost stop=False state=LINE_FOLLOW safe_linear=0.00 right_ready=False right_done=False[0m
[self_driving-10] [0m[INFO] [1782483362.761856424] [self_driving]: [DEBUG_DRIVE] state=LINE_FOLLOW raw_lane_x=-1 lane_x=-1 filter=lost linear=0.30 angular=0.00 cw_y=0 right_done=False start_turn=False count_turn=0 traffic=None stop=False[0m
[self_driving-10] [33m[WARN] [1782483363.303284498] [self_driving]: [LANE_LOST] raw_lane_x=-1 lane_x=-1 filter=lost stop=False state=LINE_FOLLOW safe_linear=0.00 right_ready=False right_done=False[0m
[self_driving-10] [0m[INFO] [1782483363.304082553] [self_driving]: [DEBUG_DRIVE] state=LINE_FOLLOW raw_lane_x=-1 lane_x=-1 filter=lost linear=0.30 angular=0.00 cw_y=0 right_done=False start_turn=False count_turn=0 traffic=None stop=False[0m
[self_driving-10] [0m[INFO] [1782483363.824338479] [self_driving]: [IMAGE] received count=1340 shape=(480, 640, 3) queue=0[0m
[self_driving-10] [33m[WARN] [1782483363.831757219] [self_driving]: [LANE_LOST] raw_lane_x=-1 lane_x=-1 filter=lost stop=False state=LINE_FOLLOW safe_linear=0.00 right_ready=False right_done=False[0m
[self_driving-10] [0m[INFO] [1782483363.832239442] [self_driving]: [DEBUG_DRIVE] state=LINE_FOLLOW raw_lane_x=-1 lane_x=-1 filter=lost linear=0.30 angular=0.00 cw_y=0 right_done=False start_turn=False count_turn=0 traffic=None stop=False[0m
[self_driving-10] [33m[WARN] [1782483364.332715960] [self_driving]: [LANE_LOST] raw_lane_x=-1 lane_x=-1 filter=lost stop=False state=LINE_FOLLOW safe_linear=0.00 right_ready=False right_done=False[0m
[self_driving-10] [0m[INFO] [1782483364.334172460] [self_driving]: [DEBUG_DRIVE] state=LINE_FOLLOW raw_lane_x=-1 lane_x=-1 filter=lost linear=0.30 angular=0.00 cw_y=0 right_done=False start_turn=False count_turn=0 traffic=None stop=False[0m
[self_driving-10] [33m[WARN] [1782483364.853358145] [self_driving]: [LANE_LOST] raw_lane_x=-1 lane_x=-1 filter=lost stop=False state=LINE_FOLLOW safe_linear=0.00 right_ready=False right_done=False[0m
[self_driving-10] [0m[INFO] [1782483364.853849793] [self_driving]: [DEBUG_DRIVE] state=LINE_FOLLOW raw_lane_x=-1 lane_x=-1 filter=lost linear=0.30 angular=0.00 cw_y=0 right_done=False start_turn=False count_turn=0 traffic=None stop=False[0m
[self_driving-10] [33m[WARN] [1782483365.394914515] [self_driving]: [LANE_LOST] raw_lane_x=-1 lane_x=-1 filter=lost stop=False state=LINE_FOLLOW safe_linear=0.00 right_ready=False right_done=False[0m
[self_driving-10] [0m[INFO] [1782483365.395432367] [self_driving]: [DEBUG_DRIVE] state=LINE_FOLLOW raw_lane_x=-1 lane_x=-1 filter=lost linear=0.30 angular=0.00 cw_y=0 right_done=False start_turn=False count_turn=0 traffic=None stop=False[0m
[self_driving-10] [0m[INFO] [1782483365.848516663] [self_driving]: [IMAGE] received count=1370 shape=(480, 640, 3) queue=0[0m
[self_driving-10] [33m[WARN] [1782483365.924210422] [self_driving]: [LANE_LOST] raw_lane_x=-1 lane_x=-1 filter=lost stop=False state=LINE_FOLLOW safe_linear=0.00 right_ready=False right_done=False[0m
[self_driving-10] [0m[INFO] [1782483365.927612977] [self_driving]: [DEBUG_DRIVE] state=LINE_FOLLOW raw_lane_x=-1 lane_x=-1 filter=lost linear=0.30 angular=0.00 cw_y=0 right_done=False start_turn=False count_turn=0 traffic=None stop=False[0m
[self_driving-10] [33m[WARN] [1782483366.461484292] [self_driving]: [LANE_LOST] raw_lane_x=-1 lane_x=-1 filter=lost stop=False state=LINE_FOLLOW safe_linear=0.00 right_ready=False right_done=False[0m
[self_driving-10] [0m[INFO] [1782483366.462767218] [self_driving]: [DEBUG_DRIVE] state=LINE_FOLLOW raw_lane_x=-1 lane_x=-1 filter=lost linear=0.30 angular=0.00 cw_y=0 right_done=False start_turn=False count_turn=0 traffic=None stop=False[0m
[self_driving-10] [33m[WARN] [1782483366.986720495] [self_driving]: [LANE_LOST] raw_lane_x=-1 lane_x=-1 filter=lost stop=False state=LINE_FOLLOW safe_linear=0.00 right_ready=False right_done=False[0m
[self_driving-10] [0m[INFO] [1782483366.987314144] [self_driving]: [DEBUG_DRIVE] state=LINE_FOLLOW raw_lane_x=-1 lane_x=-1 filter=lost linear=0.30 angular=0.00 cw_y=0 right_done=False start_turn=False count_turn=0 traffic=None stop=False[0m
[self_driving-10] [33m[WARN] [1782483367.540372995] [self_driving]: [LANE_LOST] raw_lane_x=-1 lane_x=-1 filter=lost stop=False state=LINE_FOLLOW safe_linear=0.00 right_ready=False right_done=False[0m
[self_driving-10] [0m[INFO] [1782483367.542825125] [self_driving]: [DEBUG_DRIVE] state=LINE_FOLLOW raw_lane_x=-1 lane_x=-1 filter=lost linear=0.30 angular=0.00 cw_y=0 right_done=False start_turn=False count_turn=0 traffic=None stop=False[0m
[self_driving-10] [0m[INFO] [1782483367.868238513] [self_driving]: [IMAGE] received count=1400 shape=(480, 640, 3) queue=0[0m
[self_driving-10] [33m[WARN] [1782483368.085388161] [self_driving]: [LANE_LOST] raw_lane_x=-1 lane_x=-1 filter=lost stop=False state=LINE_FOLLOW safe_linear=0.00 right_ready=False right_done=False[0m
[self_driving-10] [0m[INFO] [1782483368.086293273] [self_driving]: [DEBUG_DRIVE] state=LINE_FOLLOW raw_lane_x=-1 lane_x=-1 filter=lost linear=0.30 angular=0.00 cw_y=0 right_done=False start_turn=False count_turn=0 traffic=None stop=False[0m
[self_driving-10] [33m[WARN] [1782483368.614496180] [self_driving]: [LANE_LOST] raw_lane_x=-1 lane_x=-1 filter=lost stop=False state=LINE_FOLLOW safe_linear=0.00 right_ready=False right_done=False[0m
[self_driving-10] [0m[INFO] [1782483368.615016106] [self_driving]: [DEBUG_DRIVE] state=LINE_FOLLOW raw_lane_x=-1 lane_x=-1 filter=lost linear=0.30 angular=0.00 cw_y=0 right_done=False start_turn=False count_turn=0 traffic=None stop=False[0m
