[INFO] [launch]: All log files can be found below /home/ubuntu/.ros/log/2026-06-26-15-32-41-094860-raspberrypi-670706
[INFO] [launch]: Default logging verbosity is set to INFO
[INFO] [ascamera_node-1]: process started with pid [670722]
[INFO] [static_transform_publisher-2]: process started with pid [670724]
[INFO] [static_transform_publisher-3]: process started with pid [670726]
[INFO] [joint_state_publisher-4]: process started with pid [670728]
[INFO] [robot_state_publisher-5]: process started with pid [670730]
[INFO] [ros_robot_controller-6]: process started with pid [670732]
[INFO] [odom_publisher-7]: process started with pid [670742]
[INFO] [ekf_node-8]: process started with pid [670744]
[INFO] [yolo_detect-9]: process started with pid [670751]
[INFO] [self_driving-10]: process started with pid [670759]
[ascamera_node-1] [0m[INFO] [1782487961.846380053] [as_logger]: hello world angstrong camera ros2 node[0m
[static_transform_publisher-2] [33m[WARN] [1782487961.833215905] []: Old-style arguments are deprecated; see --help for new-style arguments[0m
[static_transform_publisher-3] [33m[WARN] [1782487961.824206775] []: Old-style arguments are deprecated; see --help for new-style arguments[0m
[static_transform_publisher-2] [0m[INFO] [1782487961.901346831] [static_transform_publisher_e4UjkYHpbuvojUOC]: Spinning until stopped - publishing transform
[static_transform_publisher-2] translation: ('0.000000', '0.000000', '0.000000')
[static_transform_publisher-2] rotation: ('-0.500000', '0.499602', '-0.500000', '0.500398')
[static_transform_publisher-2] from 'depth_cam' to 'ascamera_camera_link_0'[0m
[static_transform_publisher-3] [0m[INFO] [1782487961.927377405] [static_transform_publisher_oTM8Hh0opc7DPYHl]: Spinning until stopped - publishing transform
[static_transform_publisher-3] translation: ('0.000000', '0.000000', '0.000000')
[static_transform_publisher-3] rotation: ('-0.500000', '0.499602', '-0.500000', '0.500398')
[static_transform_publisher-3] from 'depth_cam' to 'ascamera_color_0'[0m
[ascamera_node-1] 2026-06-26 15:32:41[INFO] [CameraPublisher.cpp] [1558] [printLaunchParams] get depth_width 640
[ascamera_node-1] 2026-06-26 15:32:41[INFO] [CameraPublisher.cpp] [1559] [printLaunchParams] get depth_height 480
[ascamera_node-1] 2026-06-26 15:32:41[INFO] [CameraPublisher.cpp] [1561] [printLaunchParams] get rgb_width 640
[ascamera_node-1] 2026-06-26 15:32:41[INFO] [CameraPublisher.cpp] [1562] [printLaunchParams] get rgb_height 480
[ascamera_node-1] 2026-06-26 15:32:41[INFO] [CameraPublisher.cpp] [1570] [printLaunchParams] get set_fps 15
[ascamera_node-1] 2026-06-26 15:32:41[INFO] [CameraPublisher.cpp] [1578] [printLaunchParams] get color_pcl 1
[ascamera_node-1] 2026-06-26 15:32:41[INFO] [CameraPublisher.cpp] [1582] [printLaunchParams] get pub_tfTree 1
[ascamera_node-1] 2026-06-26 15:32:41[INFO] [CameraSrv.cpp] [35] [CameraSrv] Angstrong camera server
[ascamera_node-1] 2026-06-26 15:32:41[INFO] [CameraSrv.cpp] [45] [CameraSrv] Angstrong camera sdk version:v1.2.22.20240516
[robot_state_publisher-5] [0m[INFO] [1782487961.994917460] [robot_state_publisher]: got segment base_footprint[0m
[robot_state_publisher-5] [0m[INFO] [1782487961.995085294] [robot_state_publisher]: got segment base_link[0m
[robot_state_publisher-5] [0m[INFO] [1782487961.995107127] [robot_state_publisher]: got segment depth_cam[0m
[robot_state_publisher-5] [0m[INFO] [1782487961.995117627] [robot_state_publisher]: got segment imu_link[0m
[robot_state_publisher-5] [0m[INFO] [1782487961.995124849] [robot_state_publisher]: got segment lidar_frame[0m
[robot_state_publisher-5] [0m[INFO] [1782487961.995131608] [robot_state_publisher]: got segment wheel_lb_Link[0m
[robot_state_publisher-5] [0m[INFO] [1782487961.995140127] [robot_state_publisher]: got segment wheel_lf_Link[0m
[robot_state_publisher-5] [0m[INFO] [1782487961.995147868] [robot_state_publisher]: got segment wheel_rb_Link[0m
[robot_state_publisher-5] [0m[INFO] [1782487961.995154979] [robot_state_publisher]: got segment wheel_rf_Link[0m
[joint_state_publisher-4] [0m[INFO] [1782487962.808124756] [joint_state_publisher]: Waiting for robot_description to be published on the robot_description topic...[0m
[ascamera_node-1] 2026-06-26 15:32:42[INFO] [CameraSrv.cpp] [114] [onAttached] attached
[ascamera_node-1] 2026-06-26 15:32:42[INFO] [CameraSrv.cpp] [145] [onAttached] this is a new attach device, create and open it
[odom_publisher-7] [0m[INFO] [1782487963.056420108] [odom_publisher]: [1;32m0.930000 1.010000[0m[0m
[odom_publisher-7] [0m[INFO] [1782487963.067290182] [odom_publisher]: [1;32mstart[0m[0m
[ros_robot_controller-6] [0m[INFO] [1782487963.373194219] [ros_robot_controller]: 已设置舵机 1 的偏移量为 0[0m
[ros_robot_controller-6] [0m[INFO] [1782487963.374491645] [ros_robot_controller]: 已设置舵机 2 的偏移量为 0[0m
[ros_robot_controller-6] [0m[INFO] [1782487963.375508626] [ros_robot_controller]: 已设置舵机 3 的偏移量为 4[0m
[ros_robot_controller-6] [0m[INFO] [1782487963.376360237] [ros_robot_controller]: 已设置舵机 4 的偏移量为 0[0m
[ros_robot_controller-6] [0m[INFO] [1782487963.380194867] [ros_robot_controller]: [1;32mstart[0m[0m
[self_driving-10] [0m[INFO] [1782487963.572650978] [self_driving]: 시스템 초기화 중...[0m
[ascamera_node-1] 2026-06-26 15:32:43[INFO] [CameraSrv.cpp] [154] [onAttached] get model type 9
[ascamera_node-1] 2026-06-26 15:32:43[INFO] [CameraSrv.cpp] [342] [getConfigFile] get file: /home/ubuntu/third_party_ros2/third_party_ws/src/ascamera/configurationfiles/hp60c_v2_00_20230704_configEncrypt.json
[ascamera_node-1] 2026-06-26 15:32:43[INFO] [CameraPublisher.cpp] [1501] [logCameraPathInfo] usb camera
[ascamera_node-1] 2026-06-26 15:32:43[INFO] [CameraPublisher.cpp] [1502] [logCameraPathInfo] bnum:1
[ascamera_node-1] 2026-06-26 15:32:43[INFO] [CameraPublisher.cpp] [1503] [logCameraPathInfo] dnum:4
[ascamera_node-1] 2026-06-26 15:32:43[INFO] [CameraPublisher.cpp] [1504] [logCameraPathInfo] port_numbers:2
[ascamera_node-1] 2026-06-26 15:32:43[INFO] [CameraPublisher.cpp] [171] [onCameraAttached] create a new publisher info set
[ascamera_node-1] 2026-06-26 15:32:43[INFO] [TfTreeFrameIdInfo.cpp] [11] [TfTreeFrameIdInfo] Namespace /ascamera
[ascamera_node-1] 2026-06-26 15:32:43[INFO] [CameraHp60c.cpp] [128] [open] according to the configuration file.
[ascamera_node-1] 2026-06-26 15:32:43[INFO] [CameraHp60c.cpp] [1528] [parseConfigFileParameter] moduleName:AS_CAM_HP60C
[ascamera_node-1] 2026-06-26 15:32:43[INFO] [CameraHp60c.cpp] [1555] [parseConfigFileParameter] Parsing config file /home/ubuntu/third_party_ros2/third_party_ws/src/ascamera/configurationfiles/hp60c_v2_00_20230704_configEncrypt.json
[ascamera_node-1] 2026-06-26 15:32:43[INFO] [CameraHp60c.cpp] [1620] [parseConfigFileParameter] configuration protocol Version: v2.x
[ascamera_node-1] 2026-06-26 15:32:43[INFO] [CameraHp60c.cpp] [1631] [parseConfigFileParameter] configuration Version: v2.0.0.20230704
[ascamera_node-1] 2026-06-26 15:32:43[INFO] [CameraHp60c.cpp] [1796] [setParamersAfterOpenCam] Camera confiParaEnable true, setting configuration parameter
[ascamera_node-1] 2026-06-26 15:32:45[ERROR] [XuCmdCameraHp60c.cpp] [454] [getMjpegSize] get mjpeg from xu command failed
[ascamera_node-1] 2026-06-26 15:32:45[INFO] [XuCmdCameraHp60c.cpp] [458] [getMjpegSize] mjpeg size:640x480
[ascamera_node-1] 2026-06-26 15:32:45[INFO] [CameraPublisher.cpp] [356] [onCameraOpen] camera opened
[ascamera_node-1] 2026-06-26 15:32:45[INFO] [CameraPublisher.cpp] [370] [onCameraOpen] get config info, ret 0, is_Registration 1
[ascamera_node-1] 2026-06-26 15:32:45[INFO] [Camera.cpp] [61] [init] #camera[0x555682c6a710] SN[ASC60CF08000515]'s firmware version:DLS_VERc20865=:V01.09_2024110714:V01.19_2024110714:L01
[ascamera_node-1] 2026-06-26 15:32:45[INFO] [CameraPublisher.cpp] [1183] [setResolution] set depth resolution: 640 x 480 @ 15fps
[ascamera_node-1] 2026-06-26 15:32:45[INFO] [CameraPublisher.cpp] [1197] [setResolution] set rgb resolution: 640 x 480 @ 15fps
[ascamera_node-1] 2026-06-26 15:32:45[INFO] [CameraHp60c.cpp] [260] [startStreaming] start streaming
[ascamera_node-1] 2026-06-26 15:32:45[INFO] [CameraSrv.cpp] [202] [onAttached] attached end
[ascamera_node-1] 2026-06-26 15:32:46[INFO] [CameraHp60c.cpp] [279] [stopStreaming] stop streaming
[INFO] [apply_calib-11]: process started with pid [670901]
[INFO] [complementary_filter_node-12]: process started with pid [670903]
[apply_calib-11] [0m[INFO] [1782487967.224867402] [imu_calib]: Calibrating gyros; do not move the IMU[0m
[complementary_filter_node-12] [0m[INFO] [1782487967.226049309] [imu_filter]: Starting ComplementaryFilterROS[0m
[apply_calib-11] [0m[INFO] [1782487969.243473808] [imu_calib]: Gyro calibration complete! (bias = [-0.078, 0.018, 0.023])[0m
[self_driving-10] [33m[WARN] [1782487970.581702807] [self_driving]: YOLO 서비스 연결 실패. 계속 진행합니다.[0m
[self_driving-10] [0m[INFO] [1782487970.590736214] [self_driving]: [1;32mFSM v3 Ready: 자동 출발[0m[0m
[self_driving-10] [0m[INFO] [1782487970.591223566] [self_driving]: [1;36m[FSM] WAIT_START → LINE_FOLLOW[0m[0m
[ascamera_node-1] 2026-06-26 15:32:51[INFO] [CameraHp60c.cpp] [260] [startStreaming] start streaming
[ascamera_node-1] 2026-06-26 15:32:53[INFO] [CameraHp60c.cpp] [912] [setInternalParameter] mjpeg info: size(640x480)
[ascamera_node-1] 2026-06-26 15:32:53[INFO] [Camera.cpp] [127] [backgroundThread] SN [ ASC60CF08000515 ]'s parameter:
[ascamera_node-1] 2026-06-26 15:32:53[INFO] [Camera.cpp] [128] [backgroundThread] irfx: 426.962
[ascamera_node-1] 2026-06-26 15:32:53[INFO] [Camera.cpp] [129] [backgroundThread] irfy: 426.374
[ascamera_node-1] 2026-06-26 15:32:53[INFO] [Camera.cpp] [130] [backgroundThread] ircx: 315.403
[ascamera_node-1] 2026-06-26 15:32:53[INFO] [Camera.cpp] [131] [backgroundThread] ircy: 240.933
[ascamera_node-1] 2026-06-26 15:32:53[INFO] [Camera.cpp] [132] [backgroundThread] rgbfx: 570.48
[ascamera_node-1] 2026-06-26 15:32:53[INFO] [Camera.cpp] [133] [backgroundThread] rgbfy: 569.949
[ascamera_node-1] 2026-06-26 15:32:53[INFO] [Camera.cpp] [134] [backgroundThread] rgbcx: 329.75
[ascamera_node-1] 2026-06-26 15:32:53[INFO] [Camera.cpp] [135] [backgroundThread] rgbcy: 238.406
[ascamera_node-1] 
[ascamera_node-1] 2026-06-26 15:32:53[INFO] [CameraHp60c.cpp] [1149] [streamCallback] set gain ret 0, gain 4
[yolo_detect-9] [0m[INFO] [1782487989.014467426] [yolov5_ros2]: Current ROS 2 distribution: humble[0m
[ekf_node-8] Failed to meet update rate! Took 0.026332740999999999787seconds. Try decreasing the rate, limiting sensor output frequency, or limiting the number of sensors.
[self_driving-10] [0m[INFO] [1782487996.869376328] [self_driving]: [1;33m[CW] Stage 0 횡단보도 감지[0m[0m
[self_driving-10] [0m[INFO] [1782487996.869920884] [self_driving]: [1;36m[FSM] LINE_FOLLOW → CROSSWALK_STOP[0m[0m
[self_driving-10] [0m[INFO] [1782487998.888643605] [self_driving]: [CW_STOP] 정지 완료 → Stage 1[0m
[self_driving-10] [0m[INFO] [1782487998.890398457] [self_driving]: [1;36m[FSM] CROSSWALK_STOP → LINE_FOLLOW[0m[0m
[self_driving-10] [0m[INFO] [1782488006.618134193] [self_driving]: [1;33m[CW] Stage 1 횡단보도 감지[0m[0m
[self_driving-10] [0m[INFO] [1782488006.618685156] [self_driving]: [1;36m[FSM] LINE_FOLLOW → CROSSWALK_STOP[0m[0m
[self_driving-10] [0m[INFO] [1782488008.636868803] [self_driving]: [CW_STOP] 정지 완료 → Stage 2[0m
[self_driving-10] [0m[INFO] [1782488008.637954284] [self_driving]: [1;36m[FSM] CROSSWALK_STOP → LINE_FOLLOW[0m[0m
[self_driving-10] [0m[INFO] [1782488013.751697707] [self_driving]: [1;33m[CW] Stage 2 횡단보도 감지[0m[0m
[self_driving-10] [0m[INFO] [1782488013.752195781] [self_driving]: [1;36m[FSM] LINE_FOLLOW → TRAFFIC_LIGHT[0m[0m
[self_driving-10] [33m[WARN] [1782488028.794423050] [self_driving]: [TRAFFIC] 타임아웃 → 강제 출발[0m
[self_driving-10] [0m[INFO] [1782488028.795137661] [self_driving]: [1;36m[FSM] TRAFFIC_LIGHT → LINE_FOLLOW[0m[0m
[self_driving-10] [0m[INFO] [1782488046.282355132] [self_driving]: [1;33m[CW] Stage 3 횡단보도 감지[0m[0m
[self_driving-10] [0m[INFO] [1782488046.284249336] [self_driving]: [1;36m[FSM] LINE_FOLLOW → CROSSWALK_STOP[0m[0m
[self_driving-10] [0m[INFO] [1782488048.294406075] [self_driving]: [CW_STOP] 정지 완료 → Stage 4[0m
[self_driving-10] [0m[INFO] [1782488048.294924946] [self_driving]: [1;36m[FSM] CROSSWALK_STOP → LINE_FOLLOW[0m[0m
