[INFO] [launch]: All log files can be found below /home/ubuntu/.ros/log/2026-06-26-11-22-02-571473-raspberrypi-501710
[INFO] [launch]: Default logging verbosity is set to INFO
[INFO] [ascamera_node-1]: process started with pid [501723]
[INFO] [static_transform_publisher-2]: process started with pid [501725]
[INFO] [static_transform_publisher-3]: process started with pid [501727]
[INFO] [joint_state_publisher-4]: process started with pid [501729]
[INFO] [robot_state_publisher-5]: process started with pid [501731]
[INFO] [ros_robot_controller-6]: process started with pid [501733]
[INFO] [odom_publisher-7]: process started with pid [501736]
[INFO] [ekf_node-8]: process started with pid [501745]
[INFO] [yolo_detect-9]: process started with pid [501754]
[INFO] [self_driving-10]: process started with pid [501763]
[ascamera_node-1] [0m[INFO] [1782472923.304278805] [as_logger]: hello world angstrong camera ros2 node[0m
[static_transform_publisher-2] [33m[WARN] [1782472923.284206194] []: Old-style arguments are deprecated; see --help for new-style arguments[0m
[static_transform_publisher-3] [33m[WARN] [1782472923.292186157] []: Old-style arguments are deprecated; see --help for new-style arguments[0m
[static_transform_publisher-2] [0m[INFO] [1782472923.356593620] [static_transform_publisher_PggIGBamXZaJjd7H]: Spinning until stopped - publishing transform
[static_transform_publisher-2] translation: ('0.000000', '0.000000', '0.000000')
[static_transform_publisher-2] rotation: ('-0.500000', '0.499602', '-0.500000', '0.500398')
[static_transform_publisher-2] from 'depth_cam' to 'ascamera_camera_link_0'[0m
[static_transform_publisher-3] [0m[INFO] [1782472923.403094397] [static_transform_publisher_qafkGF7NUYKpTRWa]: Spinning until stopped - publishing transform
[static_transform_publisher-3] translation: ('0.000000', '0.000000', '0.000000')
[static_transform_publisher-3] rotation: ('-0.500000', '0.499602', '-0.500000', '0.500398')
[static_transform_publisher-3] from 'depth_cam' to 'ascamera_color_0'[0m
[ascamera_node-1] 2026-06-26 11:22:03[INFO] [CameraPublisher.cpp] [1558] [printLaunchParams] get depth_width 640
[ascamera_node-1] 2026-06-26 11:22:03[INFO] [CameraPublisher.cpp] [1559] [printLaunchParams] get depth_height 480
[ascamera_node-1] 2026-06-26 11:22:03[INFO] [CameraPublisher.cpp] [1561] [printLaunchParams] get rgb_width 640
[ascamera_node-1] 2026-06-26 11:22:03[INFO] [CameraPublisher.cpp] [1562] [printLaunchParams] get rgb_height 480
[ascamera_node-1] 2026-06-26 11:22:03[INFO] [CameraPublisher.cpp] [1570] [printLaunchParams] get set_fps 15
[ascamera_node-1] 2026-06-26 11:22:03[INFO] [CameraPublisher.cpp] [1578] [printLaunchParams] get color_pcl 1
[ascamera_node-1] 2026-06-26 11:22:03[INFO] [CameraPublisher.cpp] [1582] [printLaunchParams] get pub_tfTree 1
[ascamera_node-1] 2026-06-26 11:22:03[INFO] [CameraSrv.cpp] [35] [CameraSrv] Angstrong camera server
[ascamera_node-1] 2026-06-26 11:22:03[INFO] [CameraSrv.cpp] [45] [CameraSrv] Angstrong camera sdk version:v1.2.22.20240516
[robot_state_publisher-5] [0m[INFO] [1782472923.489821175] [robot_state_publisher]: got segment base_footprint[0m
[robot_state_publisher-5] [0m[INFO] [1782472923.491246527] [robot_state_publisher]: got segment base_link[0m
[robot_state_publisher-5] [0m[INFO] [1782472923.492634490] [robot_state_publisher]: got segment depth_cam[0m
[robot_state_publisher-5] [0m[INFO] [1782472923.492654860] [robot_state_publisher]: got segment imu_link[0m
[robot_state_publisher-5] [0m[INFO] [1782472923.492664675] [robot_state_publisher]: got segment lidar_frame[0m
[robot_state_publisher-5] [0m[INFO] [1782472923.492672490] [robot_state_publisher]: got segment wheel_lb_Link[0m
[robot_state_publisher-5] [0m[INFO] [1782472923.492679731] [robot_state_publisher]: got segment wheel_lf_Link[0m
[robot_state_publisher-5] [0m[INFO] [1782472923.492686564] [robot_state_publisher]: got segment wheel_rb_Link[0m
[robot_state_publisher-5] [0m[INFO] [1782472923.492696082] [robot_state_publisher]: got segment wheel_rf_Link[0m
[joint_state_publisher-4] [0m[INFO] [1782472923.959252508] [joint_state_publisher]: Waiting for robot_description to be published on the robot_description topic...[0m
[ascamera_node-1] 2026-06-26 11:22:04[INFO] [CameraSrv.cpp] [114] [onAttached] attached
[ascamera_node-1] 2026-06-26 11:22:04[INFO] [CameraSrv.cpp] [145] [onAttached] this is a new attach device, create and open it
[odom_publisher-7] [0m[INFO] [1782472924.569140397] [odom_publisher]: [1;32m0.930000 1.010000[0m[0m
[odom_publisher-7] [0m[INFO] [1782472924.584125026] [odom_publisher]: [1;32mstart[0m[0m
[ros_robot_controller-6] [0m[INFO] [1782472925.093437267] [ros_robot_controller]: 已设置舵机 1 的偏移量为 0[0m
[ros_robot_controller-6] [0m[INFO] [1782472925.094815526] [ros_robot_controller]: 已设置舵机 2 的偏移量为 0[0m
[ros_robot_controller-6] [0m[INFO] [1782472925.096081211] [ros_robot_controller]: 已设置舵机 3 的偏移量为 4[0m
[ros_robot_controller-6] [0m[INFO] [1782472925.097251322] [ros_robot_controller]: 已设置舵机 4 的偏移量为 0[0m
[ros_robot_controller-6] [0m[INFO] [1782472925.100891007] [ros_robot_controller]: [1;32mstart[0m[0m
[ascamera_node-1] 2026-06-26 11:22:05[INFO] [CameraSrv.cpp] [154] [onAttached] get model type 9
[ascamera_node-1] 2026-06-26 11:22:05[INFO] [CameraSrv.cpp] [342] [getConfigFile] get file: /home/ubuntu/third_party_ros2/third_party_ws/src/ascamera/configurationfiles/hp60c_v2_00_20230704_configEncrypt.json
[ascamera_node-1] 2026-06-26 11:22:05[INFO] [CameraPublisher.cpp] [1501] [logCameraPathInfo] usb camera
[ascamera_node-1] 2026-06-26 11:22:05[INFO] [CameraPublisher.cpp] [1502] [logCameraPathInfo] bnum:1
[ascamera_node-1] 2026-06-26 11:22:05[INFO] [CameraPublisher.cpp] [1503] [logCameraPathInfo] dnum:3
[ascamera_node-1] 2026-06-26 11:22:05[INFO] [CameraPublisher.cpp] [1504] [logCameraPathInfo] port_numbers:2
[ascamera_node-1] 2026-06-26 11:22:05[INFO] [CameraPublisher.cpp] [171] [onCameraAttached] create a new publisher info set
[ascamera_node-1] 2026-06-26 11:22:05[INFO] [TfTreeFrameIdInfo.cpp] [11] [TfTreeFrameIdInfo] Namespace /ascamera
[ascamera_node-1] 2026-06-26 11:22:05[INFO] [CameraHp60c.cpp] [128] [open] according to the configuration file.
[ascamera_node-1] 2026-06-26 11:22:05[INFO] [CameraHp60c.cpp] [1528] [parseConfigFileParameter] moduleName:AS_CAM_HP60C
[ascamera_node-1] 2026-06-26 11:22:05[INFO] [CameraHp60c.cpp] [1555] [parseConfigFileParameter] Parsing config file /home/ubuntu/third_party_ros2/third_party_ws/src/ascamera/configurationfiles/hp60c_v2_00_20230704_configEncrypt.json
[ascamera_node-1] 2026-06-26 11:22:05[INFO] [CameraHp60c.cpp] [1620] [parseConfigFileParameter] configuration protocol Version: v2.x
[ascamera_node-1] 2026-06-26 11:22:05[INFO] [CameraHp60c.cpp] [1631] [parseConfigFileParameter] configuration Version: v2.0.0.20230704
[ascamera_node-1] 2026-06-26 11:22:05[INFO] [CameraHp60c.cpp] [1796] [setParamersAfterOpenCam] Camera confiParaEnable true, setting configuration parameter
[ascamera_node-1] 2026-06-26 11:22:06[ERROR] [XuCmdCameraHp60c.cpp] [454] [getMjpegSize] get mjpeg from xu command failed
[ascamera_node-1] 2026-06-26 11:22:06[INFO] [XuCmdCameraHp60c.cpp] [458] [getMjpegSize] mjpeg size:640x480
[ascamera_node-1] 2026-06-26 11:22:06[INFO] [CameraPublisher.cpp] [356] [onCameraOpen] camera opened
[ascamera_node-1] 2026-06-26 11:22:06[INFO] [CameraPublisher.cpp] [370] [onCameraOpen] get config info, ret 0, is_Registration 1
[ascamera_node-1] 2026-06-26 11:22:06[INFO] [Camera.cpp] [61] [init] #camera[0x55562f742710] SN[ASC60CF08000515]'s firmware version:DLS_VERc20865=:V01.09_2024110714:V01.19_2024110714:L01
[ascamera_node-1] 2026-06-26 11:22:06[INFO] [CameraPublisher.cpp] [1183] [setResolution] set depth resolution: 640 x 480 @ 15fps
[ascamera_node-1] 2026-06-26 11:22:06[INFO] [CameraPublisher.cpp] [1197] [setResolution] set rgb resolution: 640 x 480 @ 15fps
[ascamera_node-1] 2026-06-26 11:22:06[INFO] [CameraHp60c.cpp] [260] [startStreaming] start streaming
[ascamera_node-1] 2026-06-26 11:22:06[INFO] [CameraSrv.cpp] [202] [onAttached] attached end
[ascamera_node-1] 2026-06-26 11:22:07[INFO] [CameraHp60c.cpp] [279] [stopStreaming] stop streaming
[INFO] [apply_calib-11]: process started with pid [501905]
[INFO] [complementary_filter_node-12]: process started with pid [501907]
[apply_calib-11] [0m[INFO] [1782472928.668837450] [imu_calib]: Calibrating gyros; do not move the IMU[0m
[complementary_filter_node-12] [0m[INFO] [1782472928.672715913] [imu_filter]: Starting ComplementaryFilterROS[0m
[yolo_detect-9] [0m[INFO] [1782472930.241159523] [yolov5_ros2]: Current ROS 2 distribution: humble[0m
[apply_calib-11] [0m[INFO] [1782472930.701022745] [imu_calib]: Gyro calibration complete! (bias = [-0.012, 0.025, 0.003])[0m
[yolo_detect-9] [0m[INFO] [1782472931.846948133] [yolov5_ros2]: [1;32mstart yolov5 detect[0m[0m
[ascamera_node-1] 2026-06-26 11:22:12[INFO] [CameraHp60c.cpp] [260] [startStreaming] start streaming
[self_driving-10] [0m[INFO] [1782472932.892216595] [self_driving]: [1;32mself driving enter[0m[0m
[self_driving-10] [0m[INFO] [1782472932.900492966] [self_driving]: [1;32mset_running[0m[0m
[self_driving-10] [0m[INFO] [1782472932.904260558] [self_driving]: [1;32mstart[0m[0m
[ascamera_node-1] 2026-06-26 11:22:13[INFO] [CameraHp60c.cpp] [912] [setInternalParameter] mjpeg info: size(640x480)
[ascamera_node-1] 2026-06-26 11:22:14[INFO] [CameraHp60c.cpp] [1149] [streamCallback] set gain ret 0, gain 4
[ascamera_node-1] 2026-06-26 11:22:14[INFO] [Camera.cpp] [127] [backgroundThread] SN [ ASC60CF08000515 ]'s parameter:
[ascamera_node-1] 2026-06-26 11:22:14[INFO] [Camera.cpp] [128] [backgroundThread] irfx: 426.962
[ascamera_node-1] 2026-06-26 11:22:14[INFO] [Camera.cpp] [129] [backgroundThread] irfy: 426.374
[ascamera_node-1] 2026-06-26 11:22:14[INFO] [Camera.cpp] [130] [backgroundThread] ircx: 315.403
[ascamera_node-1] 2026-06-26 11:22:14[INFO] [Camera.cpp] [131] [backgroundThread] ircy: 240.933
[ascamera_node-1] 2026-06-26 11:22:14[INFO] [Camera.cpp] [132] [backgroundThread] rgbfx: 570.48
[ascamera_node-1] 2026-06-26 11:22:14[INFO] [Camera.cpp] [133] [backgroundThread] rgbfy: 569.949
[ascamera_node-1] 2026-06-26 11:22:14[INFO] [Camera.cpp] [134] [backgroundThread] rgbcx: 329.75
[ascamera_node-1] 2026-06-26 11:22:14[INFO] [Camera.cpp] [135] [backgroundThread] rgbcy: 238.406
[ascamera_node-1] 
[self_driving-10] [0m[INFO] [1782472935.103010131] [self_driving]: [1;33m0[0m[0m
[self_driving-10] Exception in thread Thread-1 (main):
[self_driving-10] Traceback (most recent call last):
[self_driving-10]   File "/usr/lib/python3.10/threading.py", line 1016, in _bootstrap_inner
[self_driving-10]     self.run()
[self_driving-10]   File "/usr/lib/python3.10/threading.py", line 953, in run
[self_driving-10]     self._target(*self._args, **self._kwargs)
[self_driving-10]   File "/home/ubuntu/ros2_ws/build/example/example/self_driving/self_driving_LEE.py", line 316, in main
[self_driving-10]     if self.objects_info:
[self_driving-10] AttributeError: 'SelfDrivingNode' object has no attribute 'objects_info'
[self_driving-10] [0m[INFO] [1782472936.584178834] [self_driving]: [1;32mcrosswalk[0m[0m
[self_driving-10] [0m[INFO] [1782472937.828897278] [self_driving]: [1;32mcrosswalk[0m[0m
[self_driving-10] [0m[INFO] [1782472938.454721833] [self_driving]: [1;32mgo[0m[0m
[self_driving-10] [0m[INFO] [1782472940.619279924] [self_driving]: [1;32mcrosswalk[0m[0m
[self_driving-10] [0m[INFO] [1782472940.913728257] [self_driving]: [1;32mcrosswalk[0m[0m
[self_driving-10] [0m[INFO] [1782472942.886602701] [self_driving]: [1;32mred[0m[0m
[self_driving-10] [0m[INFO] [1782472943.203074182] [self_driving]: [1;32mred[0m[0m
[self_driving-10] [0m[INFO] [1782472943.554838571] [self_driving]: [1;32mred[0m[0m
[self_driving-10] [0m[INFO] [1782472943.563108478] [self_driving]: [1;32mcrosswalk[0m[0m
[self_driving-10] [0m[INFO] [1782472943.880792367] [self_driving]: [1;32mcrosswalk[0m[0m
[self_driving-10] [0m[INFO] [1782472943.884179422] [self_driving]: [1;32mred[0m[0m
[self_driving-10] [0m[INFO] [1782472944.212462015] [self_driving]: [1;32mred[0m[0m
[self_driving-10] [0m[INFO] [1782472944.217197015] [self_driving]: [1;32mcrosswalk[0m[0m
[self_driving-10] [0m[INFO] [1782472944.557917366] [self_driving]: [1;32mcrosswalk[0m[0m
[self_driving-10] [0m[INFO] [1782472945.909901199] [self_driving]: [1;32mcrosswalk[0m[0m
[self_driving-10] [0m[INFO] [1782472949.728104511] [self_driving]: [1;32mcrosswalk[0m[0m
[self_driving-10] [0m[INFO] [1782472959.196405598] [self_driving]: [1;32mcrosswalk[0m[0m
[self_driving-10] [0m[INFO] [1782472959.200114450] [self_driving]: [1;32mcrosswalk[0m[0m
[self_driving-10] [0m[INFO] [1782472963.969811447] [self_driving]: [1;32mcrosswalk[0m[0m
[ekf_node-8] Failed to meet update rate! Took 0.013545944000000000734seconds. Try decreasing the rate, limiting sensor output frequency, or limiting the number of sensors.
[self_driving-10] [0m[INFO] [1782472966.473840612] [self_driving]: [1;32mcrosswalk[0m[0m
[ekf_node-8] Failed to meet update rate! Took 0.013592797000000000213seconds. Try decreasing the rate, limiting sensor output frequency, or limiting the number of sensors.
