[INFO] [launch]: All log files can be found below /home/ubuntu/.ros/log/2026-06-26-16-41-22-140663-raspberrypi-1047718
[INFO] [launch]: Default logging verbosity is set to INFO
[INFO] [ascamera_node-1]: process started with pid [1047741]
[INFO] [static_transform_publisher-2]: process started with pid [1047743]
[INFO] [static_transform_publisher-3]: process started with pid [1047745]
[INFO] [joint_state_publisher-4]: process started with pid [1047747]
[INFO] [robot_state_publisher-5]: process started with pid [1047749]
[INFO] [ros_robot_controller-6]: process started with pid [1047751]
[INFO] [odom_publisher-7]: process started with pid [1047762]
[INFO] [ekf_node-8]: process started with pid [1047769]
[INFO] [yolo_detect-9]: process started with pid [1047774]
[INFO] [self_driving-10]: process started with pid [1047776]
[ascamera_node-1] [0m[INFO] [1782492082.921938504] [as_logger]: hello world angstrong camera ros2 node[0m
[static_transform_publisher-2] [33m[WARN] [1782492082.892839652] []: Old-style arguments are deprecated; see --help for new-style arguments[0m
[static_transform_publisher-3] [33m[WARN] [1782492082.884020467] []: Old-style arguments are deprecated; see --help for new-style arguments[0m
[static_transform_publisher-3] [0m[INFO] [1782492083.269225707] [static_transform_publisher_OUd6FIaf5KusjfDz]: Spinning until stopped - publishing transform
[static_transform_publisher-3] translation: ('0.000000', '0.000000', '0.000000')
[static_transform_publisher-3] rotation: ('-0.500000', '0.499602', '-0.500000', '0.500398')
[static_transform_publisher-3] from 'depth_cam' to 'ascamera_color_0'[0m
[static_transform_publisher-2] [0m[INFO] [1782492083.402625633] [static_transform_publisher_NuIFzD8NEIcv8wEv]: Spinning until stopped - publishing transform
[static_transform_publisher-2] translation: ('0.000000', '0.000000', '0.000000')
[static_transform_publisher-2] rotation: ('-0.500000', '0.499602', '-0.500000', '0.500398')
[static_transform_publisher-2] from 'depth_cam' to 'ascamera_camera_link_0'[0m
[ascamera_node-1] 2026-06-26 16:41:23[INFO] [CameraPublisher.cpp] [1558] [printLaunchParams] get depth_width 640
[ascamera_node-1] 2026-06-26 16:41:23[INFO] [CameraPublisher.cpp] [1559] [printLaunchParams] get depth_height 480
[ascamera_node-1] 2026-06-26 16:41:23[INFO] [CameraPublisher.cpp] [1561] [printLaunchParams] get rgb_width 640
[ascamera_node-1] 2026-06-26 16:41:23[INFO] [CameraPublisher.cpp] [1562] [printLaunchParams] get rgb_height 480
[ascamera_node-1] 2026-06-26 16:41:23[INFO] [CameraPublisher.cpp] [1570] [printLaunchParams] get set_fps 15
[ascamera_node-1] 2026-06-26 16:41:23[INFO] [CameraPublisher.cpp] [1578] [printLaunchParams] get color_pcl 1
[ascamera_node-1] 2026-06-26 16:41:23[INFO] [CameraPublisher.cpp] [1582] [printLaunchParams] get pub_tfTree 1
[ascamera_node-1] 2026-06-26 16:41:23[INFO] [CameraSrv.cpp] [35] [CameraSrv] Angstrong camera server
[ascamera_node-1] 2026-06-26 16:41:23[INFO] [CameraSrv.cpp] [45] [CameraSrv] Angstrong camera sdk version:v1.2.22.20240516
[robot_state_publisher-5] [0m[INFO] [1782492083.526977615] [robot_state_publisher]: got segment base_footprint[0m
[robot_state_publisher-5] [0m[INFO] [1782492083.527166152] [robot_state_publisher]: got segment base_link[0m
[robot_state_publisher-5] [0m[INFO] [1782492083.527189133] [robot_state_publisher]: got segment depth_cam[0m
[robot_state_publisher-5] [0m[INFO] [1782492083.527202300] [robot_state_publisher]: got segment imu_link[0m
[robot_state_publisher-5] [0m[INFO] [1782492083.527214263] [robot_state_publisher]: got segment lidar_frame[0m
[robot_state_publisher-5] [0m[INFO] [1782492083.527224393] [robot_state_publisher]: got segment wheel_lb_Link[0m
[robot_state_publisher-5] [0m[INFO] [1782492083.527234281] [robot_state_publisher]: got segment wheel_lf_Link[0m
[robot_state_publisher-5] [0m[INFO] [1782492083.527243707] [robot_state_publisher]: got segment wheel_rb_Link[0m
[robot_state_publisher-5] [0m[INFO] [1782492083.527254855] [robot_state_publisher]: got segment wheel_rf_Link[0m
[odom_publisher-7] [0m[INFO] [1782492084.234542800] [odom_publisher]: [1;32m0.930000 1.010000[0m[0m
[joint_state_publisher-4] [0m[INFO] [1782492084.250290985] [joint_state_publisher]: Waiting for robot_description to be published on the robot_description topic...[0m
[odom_publisher-7] [0m[INFO] [1782492084.267083762] [odom_publisher]: [1;32mstart[0m[0m
[ros_robot_controller-6] [0m[INFO] [1782492084.353616762] [ros_robot_controller]: 已设置舵机 1 的偏移量为 0[0m
[ros_robot_controller-6] [0m[INFO] [1782492084.354699114] [ros_robot_controller]: 已设置舵机 2 的偏移量为 0[0m
[ros_robot_controller-6] [0m[INFO] [1782492084.355349133] [ros_robot_controller]: 已设置舵机 3 的偏移量为 4[0m
[ros_robot_controller-6] [0m[INFO] [1782492084.356207707] [ros_robot_controller]: 已设置舵机 4 的偏移量为 0[0m
[ros_robot_controller-6] [0m[INFO] [1782492084.362201114] [ros_robot_controller]: [1;32mstart[0m[0m
[ascamera_node-1] 2026-06-26 16:41:24[INFO] [CameraSrv.cpp] [114] [onAttached] attached
[ascamera_node-1] 2026-06-26 16:41:24[INFO] [CameraSrv.cpp] [145] [onAttached] this is a new attach device, create and open it
[ascamera_node-1] 2026-06-26 16:41:25[INFO] [CameraSrv.cpp] [154] [onAttached] get model type 9
[ascamera_node-1] 2026-06-26 16:41:25[INFO] [CameraSrv.cpp] [342] [getConfigFile] get file: /home/ubuntu/third_party_ros2/third_party_ws/src/ascamera/configurationfiles/hp60c_v2_00_20230704_configEncrypt.json
[ascamera_node-1] 2026-06-26 16:41:25[INFO] [CameraPublisher.cpp] [1501] [logCameraPathInfo] usb camera
[ascamera_node-1] 2026-06-26 16:41:25[INFO] [CameraPublisher.cpp] [1502] [logCameraPathInfo] bnum:1
[ascamera_node-1] 2026-06-26 16:41:25[INFO] [CameraPublisher.cpp] [1503] [logCameraPathInfo] dnum:4
[ascamera_node-1] 2026-06-26 16:41:25[INFO] [CameraPublisher.cpp] [1504] [logCameraPathInfo] port_numbers:2
[ascamera_node-1] 2026-06-26 16:41:25[INFO] [CameraPublisher.cpp] [171] [onCameraAttached] create a new publisher info set
[ascamera_node-1] 2026-06-26 16:41:25[INFO] [TfTreeFrameIdInfo.cpp] [11] [TfTreeFrameIdInfo] Namespace /ascamera
[ascamera_node-1] 2026-06-26 16:41:25[INFO] [CameraHp60c.cpp] [128] [open] according to the configuration file.
[ascamera_node-1] 2026-06-26 16:41:25[INFO] [CameraHp60c.cpp] [1528] [parseConfigFileParameter] moduleName:AS_CAM_HP60C
[ascamera_node-1] 2026-06-26 16:41:25[INFO] [CameraHp60c.cpp] [1555] [parseConfigFileParameter] Parsing config file /home/ubuntu/third_party_ros2/third_party_ws/src/ascamera/configurationfiles/hp60c_v2_00_20230704_configEncrypt.json
[ascamera_node-1] 2026-06-26 16:41:25[INFO] [CameraHp60c.cpp] [1620] [parseConfigFileParameter] configuration protocol Version: v2.x
[ascamera_node-1] 2026-06-26 16:41:25[INFO] [CameraHp60c.cpp] [1631] [parseConfigFileParameter] configuration Version: v2.0.0.20230704
[ascamera_node-1] 2026-06-26 16:41:25[INFO] [CameraHp60c.cpp] [1796] [setParamersAfterOpenCam] Camera confiParaEnable true, setting configuration parameter
[ascamera_node-1] 2026-06-26 16:41:27[ERROR] [XuCmdCameraHp60c.cpp] [454] [getMjpegSize] get mjpeg from xu command failed
[ascamera_node-1] 2026-06-26 16:41:27[INFO] [XuCmdCameraHp60c.cpp] [458] [getMjpegSize] mjpeg size:640x480
[ascamera_node-1] 2026-06-26 16:41:27[INFO] [CameraPublisher.cpp] [356] [onCameraOpen] camera opened
[ascamera_node-1] 2026-06-26 16:41:27[INFO] [CameraPublisher.cpp] [370] [onCameraOpen] get config info, ret 0, is_Registration 1
[ascamera_node-1] 2026-06-26 16:41:27[INFO] [Camera.cpp] [61] [init] #camera[0x5556350d6710] SN[ASC60CF08000515]'s firmware version:DLS_VERc20865=:V01.09_2024110714:V01.19_2024110714:L01
[ascamera_node-1] 2026-06-26 16:41:27[INFO] [CameraPublisher.cpp] [1183] [setResolution] set depth resolution: 640 x 480 @ 15fps
[ascamera_node-1] 2026-06-26 16:41:27[INFO] [CameraPublisher.cpp] [1197] [setResolution] set rgb resolution: 640 x 480 @ 15fps
[ascamera_node-1] 2026-06-26 16:41:27[INFO] [CameraHp60c.cpp] [260] [startStreaming] start streaming
[ascamera_node-1] 2026-06-26 16:41:27[INFO] [CameraSrv.cpp] [202] [onAttached] attached end
[INFO] [apply_calib-11]: process started with pid [1047923]
[INFO] [complementary_filter_node-12]: process started with pid [1047925]
[complementary_filter_node-12] [0m[INFO] [1782492087.916076927] [imu_filter]: Starting ComplementaryFilterROS[0m
[ascamera_node-1] 2026-06-26 16:41:28[INFO] [CameraHp60c.cpp] [279] [stopStreaming] stop streaming
[apply_calib-11] [0m[INFO] [1782492088.279333482] [imu_calib]: Calibrating gyros; do not move the IMU[0m
[apply_calib-11] [0m[INFO] [1782492090.123773852] [imu_calib]: Gyro calibration complete! (bias = [-0.007, 0.031, -0.001])[0m
[yolo_detect-9] [0m[INFO] [1782492090.479456444] [yolov5_ros2]: Current ROS 2 distribution: humble[0m
[yolo_detect-9] [0m[INFO] [1782492090.899580647] [yolov5_ros2]: [1;32mstart yolov5 detect[0m[0m
[self_driving-10] [0m[INFO] [1782492091.939620999] [self_driving]: [1;32mself driving enter[0m[0m
[self_driving-10] [0m[INFO] [1782492091.949643332] [self_driving]: [1;32mset_running[0m[0m
[self_driving-10] [0m[INFO] [1782492091.954883517] [self_driving]: [1;32mstart[0m[0m
[ascamera_node-1] 2026-06-26 16:41:32[INFO] [CameraHp60c.cpp] [260] [startStreaming] start streaming
[ascamera_node-1] 2026-06-26 16:41:34[INFO] [CameraHp60c.cpp] [912] [setInternalParameter] mjpeg info: size(640x480)
[ascamera_node-1] 2026-06-26 16:41:34[INFO] [CameraHp60c.cpp] [1149] [streamCallback] set gain ret 0, gain 4
[ascamera_node-1] 2026-06-26 16:41:35[INFO] [Camera.cpp] [127] [backgroundThread] SN [ ASC60CF08000515 ]'s parameter:
[ascamera_node-1] 2026-06-26 16:41:35[INFO] [Camera.cpp] [128] [backgroundThread] irfx: 426.962
[ascamera_node-1] 2026-06-26 16:41:35[INFO] [Camera.cpp] [129] [backgroundThread] irfy: 426.374
[ascamera_node-1] 2026-06-26 16:41:35[INFO] [Camera.cpp] [130] [backgroundThread] ircx: 315.403
[ascamera_node-1] 2026-06-26 16:41:35[INFO] [Camera.cpp] [131] [backgroundThread] ircy: 240.933
[ascamera_node-1] 2026-06-26 16:41:35[INFO] [Camera.cpp] [132] [backgroundThread] rgbfx: 570.48
[ascamera_node-1] 2026-06-26 16:41:35[INFO] [Camera.cpp] [133] [backgroundThread] rgbfy: 569.949
[ascamera_node-1] 2026-06-26 16:41:35[INFO] [Camera.cpp] [134] [backgroundThread] rgbcx: 329.75
[ascamera_node-1] 2026-06-26 16:41:35[INFO] [Camera.cpp] [135] [backgroundThread] rgbcy: 238.406
[ascamera_node-1] 
[self_driving-10] [0m[INFO] [1782492095.466025774] [self_driving]: [1;33m0[0m[0m
[self_driving-10] [0m[INFO] [1782492095.474013219] [self_driving]: [1;33m0[0m[0m
[self_driving-10] [0m[INFO] [1782492095.506576867] [self_driving]: [1;33m0[0m[0m
[self_driving-10] [0m[INFO] [1782492095.538175182] [self_driving]: [1;33m0[0m[0m
[self_driving-10] [0m[INFO] [1782492095.565723830] [self_driving]: [1;33m0[0m[0m
[self_driving-10] [0m[INFO] [1782492095.647784182] [self_driving]: [1;33m0[0m[0m
[self_driving-10] [0m[INFO] [1782492095.710948515] [self_driving]: [1;33m0[0m[0m
[self_driving-10] [0m[INFO] [1782492095.782312163] [self_driving]: [1;33m0[0m[0m
[self_driving-10] [0m[INFO] [1782492095.857451718] [self_driving]: [1;33m0[0m[0m
[self_driving-10] [0m[INFO] [1782492095.917012737] [self_driving]: [1;33m0[0m[0m
[self_driving-10] [0m[INFO] [1782492095.972693867] [self_driving]: [1;33m0[0m[0m
[self_driving-10] [0m[INFO] [1782492096.050724348] [self_driving]: [1;33m0[0m[0m
[self_driving-10] [0m[INFO] [1782492096.118093496] [self_driving]: [1;33m0[0m[0m
[self_driving-10] [0m[INFO] [1782492096.195692126] [self_driving]: [1;33m0[0m[0m
[self_driving-10] [0m[INFO] [1782492096.252704274] [self_driving]: [1;33m0[0m[0m
[self_driving-10] [0m[INFO] [1782492096.313698718] [self_driving]: [1;33m0[0m[0m
[self_driving-10] [0m[INFO] [1782492096.387518181] [self_driving]: [1;33m0[0m[0m
[self_driving-10] [0m[INFO] [1782492096.471035200] [self_driving]: [1;33m0[0m[0m
[self_driving-10] [0m[INFO] [1782492096.528050200] [self_driving]: [1;33m0[0m[0m
[self_driving-10] [0m[INFO] [1782492096.588585811] [self_driving]: [1;33m0[0m[0m
[self_driving-10] [0m[INFO] [1782492096.654414681] [self_driving]: [1;33m0[0m[0m
[self_driving-10] [0m[INFO] [1782492096.722620014] [self_driving]: [1;33m0[0m[0m
[self_driving-10] [0m[INFO] [1782492096.791066162] [self_driving]: [1;33m0[0m[0m
[self_driving-10] [0m[INFO] [1782492096.879777922] [self_driving]: [1;33m0[0m[0m
[self_driving-10] [0m[INFO] [1782492096.940997273] [self_driving]: [1;33m0[0m[0m
[self_driving-10] [0m[INFO] [1782492096.998237829] [self_driving]: [1;33m0[0m[0m
[self_driving-10] [0m[INFO] [1782492097.039285755] [self_driving]: [1;33m0[0m[0m
[self_driving-10] [0m[INFO] [1782492097.127316699] [self_driving]: [1;33m0[0m[0m
[self_driving-10] [0m[INFO] [1782492097.204837033] [self_driving]: [1;33m0[0m[0m
[self_driving-10] [0m[INFO] [1782492097.262253366] [self_driving]: [1;33m0[0m[0m
[self_driving-10] [0m[INFO] [1782492097.321788588] [self_driving]: [1;33m0[0m[0m
[self_driving-10] [0m[INFO] [1782492097.393360644] [self_driving]: [1;33m0[0m[0m
[self_driving-10] [0m[INFO] [1782492097.462390792] [self_driving]: [1;33m0[0m[0m
[self_driving-10] [0m[INFO] [1782492097.522810143] [self_driving]: [1;33m0[0m[0m
[self_driving-10] [0m[INFO] [1782492097.600636458] [self_driving]: [1;33m0[0m[0m
[self_driving-10] [0m[INFO] [1782492097.652639921] [self_driving]: [1;33m0[0m[0m
[self_driving-10] [0m[INFO] [1782492097.711986125] [self_driving]: [1;33m0[0m[0m
[self_driving-10] [0m[INFO] [1782492097.789838958] [self_driving]: [1;33m0[0m[0m
[self_driving-10] [0m[INFO] [1782492097.863409865] [self_driving]: [1;33m0[0m[0m
[self_driving-10] [0m[INFO] [1782492097.943215217] [self_driving]: [1;33m0[0m[0m
[self_driving-10] [0m[INFO] [1782492098.003358495] [self_driving]: [1;33m0[0m[0m
[self_driving-10] [0m[INFO] [1782492098.055324180] [self_driving]: [1;33m0[0m[0m
[self_driving-10] [0m[INFO] [1782492098.128598643] [self_driving]: [1;33m0[0m[0m
[self_driving-10] [0m[INFO] [1782492098.204122662] [self_driving]: [1;33m0[0m[0m
[self_driving-10] [0m[INFO] [1782492098.267135939] [self_driving]: [1;33m0[0m[0m
[self_driving-10] [0m[INFO] [1782492098.343253421] [self_driving]: [1;33m0[0m[0m
[self_driving-10] [0m[INFO] [1782492098.405981939] [self_driving]: [1;33m0[0m[0m
[self_driving-10] [0m[INFO] [1782492098.455686661] [self_driving]: [1;33m0[0m[0m
[self_driving-10] [0m[INFO] [1782492098.534301124] [self_driving]: [1;33m0[0m[0m
[self_driving-10] [0m[INFO] [1782492098.610140606] [self_driving]: [1;33m0[0m[0m
[self_driving-10] [0m[INFO] [1782492098.678183365] [self_driving]: [1;33m0[0m[0m
[self_driving-10] [0m[INFO] [1782492098.742715865] [self_driving]: [1;33m0[0m[0m
[self_driving-10] [0m[INFO] [1782492098.798833346] [self_driving]: [1;33m0[0m[0m
[self_driving-10] [0m[INFO] [1782492098.866826143] [self_driving]: [1;33m0[0m[0m
[self_driving-10] [0m[INFO] [1782492098.921681754] [self_driving]: [1;33m0[0m[0m
[self_driving-10] [0m[INFO] [1782492098.989170698] [self_driving]: [1;33m0[0m[0m
[self_driving-10] [0m[INFO] [1782492099.095848624] [self_driving]: [1;33m0[0m[0m
[self_driving-10] [0m[INFO] [1782492099.137750605] [self_driving]: [1;33m0[0m[0m
[self_driving-10] [0m[INFO] [1782492099.213902679] [self_driving]: [1;33m0[0m[0m
[self_driving-10] [0m[INFO] [1782492099.272427754] [self_driving]: [1;33m0[0m[0m
[self_driving-10] [0m[INFO] [1782492099.336039383] [self_driving]: [1;33m0[0m[0m
[self_driving-10] [0m[INFO] [1782492099.396206865] [self_driving]: [1;33m0[0m[0m
[self_driving-10] [0m[INFO] [1782492099.485217216] [self_driving]: [1;33m0[0m[0m
[self_driving-10] [0m[INFO] [1782492099.542197624] [self_driving]: [1;33m0[0m[0m
[self_driving-10] [0m[INFO] [1782492099.618933642] [self_driving]: [1;33m0[0m[0m
[self_driving-10] [0m[INFO] [1782492099.681491105] [self_driving]: [1;33m0[0m[0m
[self_driving-10] [0m[INFO] [1782492099.743807679] [self_driving]: [1;33m0[0m[0m
[self_driving-10] [0m[INFO] [1782492099.821194846] [self_driving]: [1;33m0[0m[0m
[self_driving-10] [0m[INFO] [1782492099.870795920] [self_driving]: [1;33m0[0m[0m
[self_driving-10] [0m[INFO] [1782492099.941909105] [self_driving]: [1;33m0[0m[0m
[self_driving-10] [0m[INFO] [1782492100.017854049] [self_driving]: [1;33m0[0m[0m
[self_driving-10] [0m[INFO] [1782492100.076109975] [self_driving]: [1;33m0[0m[0m
[self_driving-10] [0m[INFO] [1782492100.178225938] [self_driving]: [1;33m0[0m[0m
[self_driving-10] [0m[INFO] [1782492100.222259957] [self_driving]: [1;33m0[0m[0m
[self_driving-10] [0m[INFO] [1782492100.285869290] [self_driving]: [1;33m0[0m[0m
[self_driving-10] [0m[INFO] [1782492100.350715345] [self_driving]: [1;33m0[0m[0m
[self_driving-10] [0m[INFO] [1782492100.421744808] [self_driving]: [1;33m0[0m[0m
[self_driving-10] [0m[INFO] [1782492100.488173105] [self_driving]: [1;33m0[0m[0m
[self_driving-10] [0m[INFO] [1782492100.558071938] [self_driving]: [1;33m0[0m[0m
[self_driving-10] [0m[INFO] [1782492100.609697586] [self_driving]: [1;33m0[0m[0m
[self_driving-10] [0m[INFO] [1782492100.674941475] [self_driving]: [1;33m0[0m[0m
[self_driving-10] [0m[INFO] [1782492100.750524808] [self_driving]: [1;33m0[0m[0m
[self_driving-10] [0m[INFO] [1782492100.826369382] [self_driving]: [1;33m0[0m[0m
[self_driving-10] [0m[INFO] [1782492100.904164660] [self_driving]: [1;33m0[0m[0m
[self_driving-10] [0m[INFO] [1782492100.959537975] [self_driving]: [1;33m0[0m[0m
[self_driving-10] [0m[INFO] [1782492101.019387234] [self_driving]: [1;33m0[0m[0m
[self_driving-10] [0m[INFO] [1782492101.087898604] [self_driving]: [1;33m0[0m[0m
[self_driving-10] [0m[INFO] [1782492101.157685678] [self_driving]: [1;33m0[0m[0m
[self_driving-10] [0m[INFO] [1782492101.224475604] [self_driving]: [1;33m0[0m[0m
[self_driving-10] [0m[INFO] [1782492101.285669271] [self_driving]: [1;33m0[0m[0m
[self_driving-10] [0m[INFO] [1782492101.290345975] [self_driving]: DEBUG_DRIVE lane_x=35.0, linear=0.30, linear_y=0.00, angular=0.10, stop=False, crosswalk_distance=0, start_slow_down=False[0m
[self_driving-10] [0m[INFO] [1782492101.350137308] [self_driving]: [1;33m0[0m[0m
[self_driving-10] [0m[INFO] [1782492101.426180104] [self_driving]: [1;33m0[0m[0m
[self_driving-10] [0m[INFO] [1782492101.489550734] [self_driving]: [1;33m0[0m[0m
[self_driving-10] [0m[INFO] [1782492101.601218197] [self_driving]: [1;33m0[0m[0m
[self_driving-10] [0m[INFO] [1782492101.602825474] [self_driving]: DEBUG_DRIVE lane_x=141.5, linear=0.30, linear_y=0.00, angular=-0.10, stop=False, crosswalk_distance=0, start_slow_down=False[0m
[self_driving-10] [0m[INFO] [1782492101.660175659] [self_driving]: [1;33m0[0m[0m
[self_driving-10] [0m[INFO] [1782492101.663602085] [self_driving]: DEBUG_DRIVE lane_x=142.5, linear=0.30, linear_y=0.00, angular=-0.10, stop=False, crosswalk_distance=0, start_slow_down=False[0m
[self_driving-10] [0m[INFO] [1782492101.737901974] [self_driving]: [1;33m0[0m[0m
[self_driving-10] [0m[INFO] [1782492101.739154789] [self_driving]: DEBUG_DRIVE lane_x=118.5, linear=0.30, linear_y=0.00, angular=0.10, stop=False, crosswalk_distance=0, start_slow_down=False[0m
[self_driving-10] [0m[INFO] [1782492101.800342956] [self_driving]: [1;33m0[0m[0m
[self_driving-10] [0m[INFO] [1782492101.801464141] [self_driving]: DEBUG_DRIVE lane_x=94.5, linear=0.30, linear_y=0.00, angular=0.10, stop=False, crosswalk_distance=0, start_slow_down=False[0m
[self_driving-10] [0m[INFO] [1782492101.864258122] [self_driving]: [1;33m0[0m[0m
[self_driving-10] [0m[INFO] [1782492101.954624937] [self_driving]: [1;33m0[0m[0m
[self_driving-10] [0m[INFO] [1782492101.956843567] [self_driving]: DEBUG_DRIVE lane_x=57.5, linear=0.30, linear_y=0.00, angular=0.10, stop=False, crosswalk_distance=0, start_slow_down=False[0m
[self_driving-10] [0m[INFO] [1782492102.019285974] [self_driving]: [1;33m0[0m[0m
[self_driving-10] [0m[INFO] [1782492102.070856622] [self_driving]: [1;33m0[0m[0m
[self_driving-10] [0m[INFO] [1782492102.121828733] [self_driving]: [1;33m0[0m[0m
[self_driving-10] [0m[INFO] [1782492102.210319789] [self_driving]: [1;33m0[0m[0m
[self_driving-10] [0m[INFO] [1782492102.269729659] [self_driving]: [1;33m0[0m[0m
[self_driving-10] [0m[INFO] [1782492102.345888918] [self_driving]: [1;33m0[0m[0m
[self_driving-10] [0m[INFO] [1782492102.409400344] [self_driving]: [1;33m0[0m[0m
[self_driving-10] [0m[INFO] [1782492102.477936140] [self_driving]: [1;33m0[0m[0m
[self_driving-10] [0m[INFO] [1782492102.542322400] [self_driving]: [1;33m0[0m[0m
[self_driving-10] [0m[INFO] [1782492102.594873066] [self_driving]: [1;33m0[0m[0m
[self_driving-10] [0m[INFO] [1782492102.691884418] [self_driving]: [1;33m0[0m[0m
[self_driving-10] [0m[INFO] [1782492102.745729251] [self_driving]: [1;33m0[0m[0m
[self_driving-10] [0m[INFO] [1782492102.810052437] [self_driving]: [1;33m0[0m[0m
[self_driving-10] [0m[INFO] [1782492102.876151325] [self_driving]: [1;33m0[0m[0m
[self_driving-10] [0m[INFO] [1782492102.933863344] [self_driving]: [1;33m0[0m[0m
[self_driving-10] [0m[INFO] [1782492103.007223751] [self_driving]: [1;33m0[0m[0m
[self_driving-10] [0m[INFO] [1782492103.013443085] [self_driving]: objects=1[0m
[self_driving-10] [0m[INFO] [1782492103.016003048] [self_driving]: [DET] crosswalk: cx=528, cy=64, box=array('i', [445, 3, 611, 125]), score=0.32[0m
[self_driving-10] [0m[INFO] [1782492103.100661048] [self_driving]: [1;33m64[0m[0m
[self_driving-10] [0m[INFO] [1782492103.135537807] [self_driving]: [1;33m64[0m[0m
[self_driving-10] [0m[INFO] [1782492103.209982047] [self_driving]: [1;33m64[0m[0m
[self_driving-10] [0m[INFO] [1782492103.280416436] [self_driving]: [1;33m64[0m[0m
[self_driving-10] [0m[INFO] [1782492103.352524084] [self_driving]: [1;33m64[0m[0m
[self_driving-10] [0m[INFO] [1782492103.422622955] [self_driving]: [1;33m64[0m[0m
[self_driving-10] [0m[INFO] [1782492103.488191140] [self_driving]: [1;33m64[0m[0m
[self_driving-10] [0m[INFO] [1782492103.550782103] [self_driving]: [1;33m64[0m[0m
[self_driving-10] [0m[INFO] [1782492103.615731806] [self_driving]: [1;33m64[0m[0m
[self_driving-10] [0m[INFO] [1782492103.668507714] [self_driving]: [1;33m64[0m[0m
[self_driving-10] [0m[INFO] [1782492103.752111677] [self_driving]: [1;33m64[0m[0m
[self_driving-10] [0m[INFO] [1782492103.825961362] [self_driving]: [1;33m64[0m[0m
[self_driving-10] [0m[INFO] [1782492103.878434936] [self_driving]: [1;33m64[0m[0m
[self_driving-10] [0m[INFO] [1782492103.941371973] [self_driving]: [1;33m64[0m[0m
[self_driving-10] [0m[INFO] [1782492104.023726343] [self_driving]: [1;33m64[0m[0m
[self_driving-10] [0m[INFO] [1782492104.091401028] [self_driving]: [1;33m64[0m[0m
[self_driving-10] [0m[INFO] [1782492104.170508658] [self_driving]: [1;33m64[0m[0m
[self_driving-10] [0m[INFO] [1782492104.225053214] [self_driving]: [1;33m64[0m[0m
[self_driving-10] [0m[INFO] [1782492104.280008565] [self_driving]: [1;33m64[0m[0m
[self_driving-10] [0m[INFO] [1782492104.356012343] [self_driving]: [1;33m64[0m[0m
[self_driving-10] [0m[INFO] [1782492104.428577750] [self_driving]: [1;33m64[0m[0m
[self_driving-10] [0m[INFO] [1782492104.498482695] [self_driving]: [1;33m64[0m[0m
[self_driving-10] [0m[INFO] [1782492104.546691010] [self_driving]: [1;33m64[0m[0m
[self_driving-10] [0m[INFO] [1782492104.636488065] [self_driving]: [1;33m64[0m[0m
[self_driving-10] [0m[INFO] [1782492104.683143565] [self_driving]: [1;33m64[0m[0m
[self_driving-10] [0m[INFO] [1782492104.744462843] [self_driving]: [1;33m64[0m[0m
[self_driving-10] [0m[INFO] [1782492104.824148269] [self_driving]: [1;33m64[0m[0m
