[INFO] [launch]: All log files can be found below /home/ubuntu/.ros/log/2026-06-26-12-06-24-629614-raspberrypi-17886
[INFO] [launch]: Default logging verbosity is set to INFO
[INFO] [ascamera_node-1]: process started with pid [17896]
[INFO] [static_transform_publisher-2]: process started with pid [17898]
[INFO] [static_transform_publisher-3]: process started with pid [17900]
[INFO] [joint_state_publisher-4]: process started with pid [17902]
[INFO] [robot_state_publisher-5]: process started with pid [17904]
[INFO] [ros_robot_controller-6]: process started with pid [17908]
[INFO] [odom_publisher-7]: process started with pid [17918]
[INFO] [ekf_node-8]: process started with pid [17926]
[INFO] [yolo_detect-9]: process started with pid [17935]
[INFO] [self_driving-10]: process started with pid [17940]
[ascamera_node-1] [0m[INFO] [1782475585.386663726] [as_logger]: hello world angstrong camera ros2 node[0m
[static_transform_publisher-2] [33m[WARN] [1782475585.376478430] []: Old-style arguments are deprecated; see --help for new-style arguments[0m
[static_transform_publisher-3] [33m[WARN] [1782475585.371886634] []: Old-style arguments are deprecated; see --help for new-style arguments[0m
[static_transform_publisher-2] [0m[INFO] [1782475585.418370634] [static_transform_publisher_4NN62OXifmUicZUV]: Spinning until stopped - publishing transform
[static_transform_publisher-2] translation: ('0.000000', '0.000000', '0.000000')
[static_transform_publisher-2] rotation: ('-0.500000', '0.499602', '-0.500000', '0.500398')
[static_transform_publisher-2] from 'depth_cam' to 'ascamera_camera_link_0'[0m
[static_transform_publisher-3] [0m[INFO] [1782475585.430324041] [static_transform_publisher_DX4dDJiU06GZc7ge]: Spinning until stopped - publishing transform
[static_transform_publisher-3] translation: ('0.000000', '0.000000', '0.000000')
[static_transform_publisher-3] rotation: ('-0.500000', '0.499602', '-0.500000', '0.500398')
[static_transform_publisher-3] from 'depth_cam' to 'ascamera_color_0'[0m
[robot_state_publisher-5] [0m[INFO] [1782475585.482342393] [robot_state_publisher]: got segment base_footprint[0m
[robot_state_publisher-5] [0m[INFO] [1782475585.484599208] [robot_state_publisher]: got segment base_link[0m
[robot_state_publisher-5] [0m[INFO] [1782475585.484648837] [robot_state_publisher]: got segment depth_cam[0m
[robot_state_publisher-5] [0m[INFO] [1782475585.484660930] [robot_state_publisher]: got segment imu_link[0m
