[INFO] [launch]: All log files can be found below /home/ubuntu/.ros/log/2026-06-27-01-59-43-547908-raspberrypi-1466974
[INFO] [launch]: Default logging verbosity is set to INFO
[INFO] [ascamera_node-1]: process started with pid [1466998]
[INFO] [static_transform_publisher-2]: process started with pid [1467000]
[INFO] [static_transform_publisher-3]: process started with pid [1467002]
[INFO] [joint_state_publisher-4]: process started with pid [1467004]
[INFO] [robot_state_publisher-5]: process started with pid [1467006]
[INFO] [ros_robot_controller-6]: process started with pid [1467014]
[INFO] [odom_publisher-7]: process started with pid [1467026]
[INFO] [ekf_node-8]: process started with pid [1467030]
[INFO] [yolo_detect-9]: process started with pid [1467040]
[INFO] [self_driving-10]: process started with pid [1467043]
[ascamera_node-1] 2026-06-27 01:59:44[INFO] [CameraPublisher.cpp] [1558] [printLaunchParams] get depth_width 640
[ascamera_node-1] 2026-06-27 01:59:44[INFO] [CameraPublisher.cpp] [1559] [printLaunchParams] get depth_height 480
[ascamera_node-1] 2026-06-27 01:59:44[INFO] [CameraPublisher.cpp] [1561] [printLaunchParams] get rgb_width 640
[ascamera_node-1] 2026-06-27 01:59:44[INFO] [CameraPublisher.cpp] [1562] [printLaunchParams] get rgb_height 480
[ascamera_node-1] 2026-06-27 01:59:44[INFO] [CameraPublisher.cpp] [1570] [printLaunchParams] get set_fps 15
[ascamera_node-1] 2026-06-27 01:59:44[INFO] [CameraPublisher.cpp] [1578] [printLaunchParams] get color_pcl 1
[ascamera_node-1] 2026-06-27 01:59:44[INFO] [CameraPublisher.cpp] [1582] [printLaunchParams] get pub_tfTree 1
[ascamera_node-1] 2026-06-27 01:59:44[INFO] [CameraSrv.cpp] [35] [CameraSrv] Angstrong camera server
[ascamera_node-1] 2026-06-27 01:59:44[INFO] [CameraSrv.cpp] [45] [CameraSrv] Angstrong camera sdk version:v1.2.22.20240516
[ascamera_node-1] [0m[INFO] [1782525584.298189115] [as_logger]: hello world angstrong camera ros2 node[0m
[static_transform_publisher-2] [33m[WARN] [1782525584.286472004] []: Old-style arguments are deprecated; see --help for new-style arguments[0m
[static_transform_publisher-3] [33m[WARN] [1782525584.284075930] []: Old-style arguments are deprecated; see --help for new-style arguments[0m
[static_transform_publisher-3] [0m[INFO] [1782525584.307618282] [static_transform_publisher_fBSG7ECTf1psPnqp]: Spinning until stopped - publishing transform
[static_transform_publisher-3] translation: ('0.000000', '0.000000', '0.000000')
[static_transform_publisher-3] rotation: ('-0.500000', '0.499602', '-0.500000', '0.500398')
[static_transform_publisher-3] from 'depth_cam' to 'ascamera_color_0'[0m
[static_transform_publisher-2] [0m[INFO] [1782525584.343655337] [static_transform_publisher_THuc48CwfOyJmsZg]: Spinning until stopped - publishing transform
[static_transform_publisher-2] translation: ('0.000000', '0.000000', '0.000000')
[static_transform_publisher-2] rotation: ('-0.500000', '0.499602', '-0.500000', '0.500398')
[static_transform_publisher-2] from 'depth_cam' to 'ascamera_camera_link_0'[0m
[robot_state_publisher-5] [0m[INFO] [1782525584.378115263] [robot_state_publisher]: got segment base_footprint[0m
[robot_state_publisher-5] [0m[INFO] [1782525584.378276189] [robot_state_publisher]: got segment base_link[0m
[robot_state_publisher-5] [0m[INFO] [1782525584.378302189] [robot_state_publisher]: got segment depth_cam[0m
[robot_state_publisher-5] [0m[INFO] [1782525584.378316782] [robot_state_publisher]: got segment imu_link[0m
[robot_state_publisher-5] [0m[INFO] [1782525584.378325800] [robot_state_publisher]: got segment lidar_frame[0m
[robot_state_publisher-5] [0m[INFO] [1782525584.378334726] [robot_state_publisher]: got segment wheel_lb_Link[0m
[robot_state_publisher-5] [0m[INFO] [1782525584.378345337] [robot_state_publisher]: got segment wheel_lf_Link[0m
[robot_state_publisher-5] [0m[INFO] [1782525584.378355467] [robot_state_publisher]: got segment wheel_rb_Link[0m
[robot_state_publisher-5] [0m[INFO] [1782525584.378458004] [robot_state_publisher]: got segment wheel_rf_Link[0m
[odom_publisher-7] [0m[INFO] [1782525585.000424207] [odom_publisher]: [1;32m0.930000 1.010000[0m[0m
[odom_publisher-7] [0m[INFO] [1782525585.014732411] [odom_publisher]: [1;32mstart[0m[0m
[joint_state_publisher-4] [0m[INFO] [1782525585.120750430] [joint_state_publisher]: Waiting for robot_description to be published on the robot_description topic...[0m
[ascamera_node-1] 2026-06-27 01:59:45[INFO] [CameraSrv.cpp] [114] [onAttached] attached
[ascamera_node-1] 2026-06-27 01:59:45[INFO] [CameraSrv.cpp] [145] [onAttached] this is a new attach device, create and open it
[ros_robot_controller-6] [0m[INFO] [1782525585.774401837] [ros_robot_controller]: 已设置舵机 1 的偏移量为 0[0m
[ros_robot_controller-6] [0m[INFO] [1782525585.775395022] [ros_robot_controller]: 已设置舵机 2 的偏移量为 0[0m
[ros_robot_controller-6] [0m[INFO] [1782525585.776105596] [ros_robot_controller]: 已设置舵机 3 的偏移量为 4[0m
[ros_robot_controller-6] [0m[INFO] [1782525585.777130096] [ros_robot_controller]: 已设置舵机 4 的偏移量为 0[0m
[ros_robot_controller-6] [0m[INFO] [1782525585.781858503] [ros_robot_controller]: [1;32mstart[0m[0m
[ascamera_node-1] 2026-06-27 01:59:46[INFO] [CameraSrv.cpp] [154] [onAttached] get model type 9
[ascamera_node-1] 2026-06-27 01:59:46[INFO] [CameraSrv.cpp] [342] [getConfigFile] get file: /home/ubuntu/third_party_ros2/third_party_ws/src/ascamera/configurationfiles/hp60c_v2_00_20230704_configEncrypt.json
[ascamera_node-1] 2026-06-27 01:59:46[INFO] [CameraPublisher.cpp] [1501] [logCameraPathInfo] usb camera
[ascamera_node-1] 2026-06-27 01:59:46[INFO] [CameraPublisher.cpp] [1502] [logCameraPathInfo] bnum:1
[ascamera_node-1] 2026-06-27 01:59:46[INFO] [CameraPublisher.cpp] [1503] [logCameraPathInfo] dnum:3
[ascamera_node-1] 2026-06-27 01:59:46[INFO] [CameraPublisher.cpp] [1504] [logCameraPathInfo] port_numbers:2
[ascamera_node-1] 2026-06-27 01:59:46[INFO] [CameraPublisher.cpp] [171] [onCameraAttached] create a new publisher info set
[ascamera_node-1] 2026-06-27 01:59:46[INFO] [TfTreeFrameIdInfo.cpp] [11] [TfTreeFrameIdInfo] Namespace /ascamera
[ascamera_node-1] 2026-06-27 01:59:46[INFO] [CameraHp60c.cpp] [128] [open] according to the configuration file.
[ascamera_node-1] 2026-06-27 01:59:46[INFO] [CameraHp60c.cpp] [1528] [parseConfigFileParameter] moduleName:AS_CAM_HP60C
[ascamera_node-1] 2026-06-27 01:59:46[INFO] [CameraHp60c.cpp] [1555] [parseConfigFileParameter] Parsing config file /home/ubuntu/third_party_ros2/third_party_ws/src/ascamera/configurationfiles/hp60c_v2_00_20230704_configEncrypt.json
[ascamera_node-1] 2026-06-27 01:59:46[INFO] [CameraHp60c.cpp] [1620] [parseConfigFileParameter] configuration protocol Version: v2.x
[ascamera_node-1] 2026-06-27 01:59:46[INFO] [CameraHp60c.cpp] [1631] [parseConfigFileParameter] configuration Version: v2.0.0.20230704
[ascamera_node-1] 2026-06-27 01:59:46[ERROR] [UvcCamera.cpp] [105] [open] uvc_open:Busy
[ascamera_node-1] 2026-06-27 01:59:46[ERROR] [as_camera_sdk_api.cpp] [304] [AS_SDK_OpenCamera] init camera error, maybe reopen can solve it
[ascamera_node-1] 2026-06-27 01:59:46[ERROR] [CameraSrv.cpp] [170] [onAttached] open camera, ret: -82
[INFO] [apply_calib-11]: process started with pid [1467173]
[INFO] [complementary_filter_node-12]: process started with pid [1467175]
[complementary_filter_node-12] [0m[INFO] [1782525589.317261075] [imu_filter]: Starting ComplementaryFilterROS[0m
[apply_calib-11] [0m[INFO] [1782525589.678007631] [imu_calib]: Calibrating gyros; do not move the IMU[0m
[yolo_detect-9] [0m[INFO] [1782525590.768012204] [yolov5_ros2]: Current ROS 2 distribution: humble[0m
[yolo_detect-9] [0m[INFO] [1782525591.162550222] [yolov5_ros2]: [1;32mstart yolov5 detect[0m[0m
[apply_calib-11] [0m[INFO] [1782525591.707202018] [imu_calib]: Gyro calibration complete! (bias = [-0.005, 0.031, -0.000])[0m
[self_driving-10] [0m[INFO] [1782525592.201622277] [self_driving]: [1;32mself driving enter[0m[0m
[self_driving-10] [0m[INFO] [1782525592.209978166] [self_driving]: [1;32mset_running[0m[0m
[self_driving-10] [0m[INFO] [1782525592.213392833] [self_driving]: [1;32mstart[0m[0m
