[INFO] [launch]: All log files can be found below /home/ubuntu/.ros/log/2026-06-26-22-57-40-558961-raspberrypi-749219
[INFO] [launch]: Default logging verbosity is set to INFO
[INFO] [ascamera_node-1]: process started with pid [749229]
[INFO] [static_transform_publisher-2]: process started with pid [749231]
[INFO] [static_transform_publisher-3]: process started with pid [749233]
[INFO] [joint_state_publisher-4]: process started with pid [749235]
[INFO] [robot_state_publisher-5]: process started with pid [749237]
[INFO] [ros_robot_controller-6]: process started with pid [749239]
[INFO] [odom_publisher-7]: process started with pid [749241]
[INFO] [ekf_node-8]: process started with pid [749252]
[INFO] [yolo_detect-9]: process started with pid [749264]
[INFO] [self_driving-10]: process started with pid [749272]
[ascamera_node-1] [0m[INFO] [1782514661.298195663] [as_logger]: hello world angstrong camera ros2 node[0m
[static_transform_publisher-2] [33m[WARN] [1782514661.298712237] []: Old-style arguments are deprecated; see --help for new-style arguments[0m
[static_transform_publisher-3] [33m[WARN] [1782514661.295055867] []: Old-style arguments are deprecated; see --help for new-style arguments[0m
[robot_state_publisher-5] [0m[INFO] [1782514661.358510329] [robot_state_publisher]: got segment base_footprint[0m
[robot_state_publisher-5] [0m[INFO] [1782514661.358725367] [robot_state_publisher]: got segment base_link[0m
[robot_state_publisher-5] [0m[INFO] [1782514661.358746626] [robot_state_publisher]: got segment depth_cam[0m
[robot_state_publisher-5] [0m[INFO] [1782514661.358758033] [robot_state_publisher]: got segment imu_link[0m
[robot_state_publisher-5] [0m[INFO] [1782514661.358769681] [robot_state_publisher]: got segment lidar_frame[0m
[robot_state_publisher-5] [0m[INFO] [1782514661.358778496] [robot_state_publisher]: got segment wheel_lb_Link[0m
[robot_state_publisher-5] [0m[INFO] [1782514661.358788681] [robot_state_publisher]: got segment wheel_lf_Link[0m
[robot_state_publisher-5] [0m[INFO] [1782514661.358798107] [robot_state_publisher]: got segment wheel_rb_Link[0m
[robot_state_publisher-5] [0m[INFO] [1782514661.358806996] [robot_state_publisher]: got segment wheel_rf_Link[0m
[static_transform_publisher-3] [0m[INFO] [1782514661.363633181] [static_transform_publisher_FztqioYDywFPtrCa]: Spinning until stopped - publishing transform
[static_transform_publisher-3] translation: ('0.000000', '0.000000', '0.000000')
[static_transform_publisher-3] rotation: ('-0.500000', '0.499602', '-0.500000', '0.500398')
[static_transform_publisher-3] from 'depth_cam' to 'ascamera_color_0'[0m
[ascamera_node-1] 2026-06-26 22:57:41[INFO] [CameraPublisher.cpp] [1558] [printLaunchParams] get depth_width 640
[ascamera_node-1] 2026-06-26 22:57:41[INFO] [CameraPublisher.cpp] [1559] [printLaunchParams] get depth_height 480
[ascamera_node-1] 2026-06-26 22:57:41[INFO] [CameraPublisher.cpp] [1561] [printLaunchParams] get rgb_width 640
[ascamera_node-1] 2026-06-26 22:57:41[INFO] [CameraPublisher.cpp] [1562] [printLaunchParams] get rgb_height 480
[ascamera_node-1] 2026-06-26 22:57:41[INFO] [CameraPublisher.cpp] [1570] [printLaunchParams] get set_fps 15
[ascamera_node-1] 2026-06-26 22:57:41[INFO] [CameraPublisher.cpp] [1578] [printLaunchParams] get color_pcl 1
[ascamera_node-1] 2026-06-26 22:57:41[INFO] [CameraPublisher.cpp] [1582] [printLaunchParams] get pub_tfTree 1
[ascamera_node-1] 2026-06-26 22:57:41[INFO] [CameraSrv.cpp] [35] [CameraSrv] Angstrong camera server
[ascamera_node-1] 2026-06-26 22:57:41[INFO] [CameraSrv.cpp] [45] [CameraSrv] Angstrong camera sdk version:v1.2.22.20240516
[static_transform_publisher-2] [0m[INFO] [1782514661.370978478] [static_transform_publisher_MM5wiB336en3DGec]: Spinning until stopped - publishing transform
[static_transform_publisher-2] translation: ('0.000000', '0.000000', '0.000000')
[static_transform_publisher-2] rotation: ('-0.500000', '0.499602', '-0.500000', '0.500398')
[static_transform_publisher-2] from 'depth_cam' to 'ascamera_camera_link_0'[0m
[odom_publisher-7] [0m[INFO] [1782514662.235947144] [odom_publisher]: [1;32m0.930000 1.010000[0m[0m
[odom_publisher-7] [0m[INFO] [1782514662.258703792] [odom_publisher]: [1;32mstart[0m[0m
[joint_state_publisher-4] [0m[INFO] [1782514662.357646051] [joint_state_publisher]: Waiting for robot_description to be published on the robot_description topic...[0m
[ascamera_node-1] 2026-06-26 22:57:42[INFO] [CameraSrv.cpp] [114] [onAttached] attached
[ascamera_node-1] 2026-06-26 22:57:42[INFO] [CameraSrv.cpp] [145] [onAttached] this is a new attach device, create and open it
[ros_robot_controller-6] [0m[INFO] [1782514662.762453588] [ros_robot_controller]: 已设置舵机 1 的偏移量为 0[0m
[ros_robot_controller-6] [0m[INFO] [1782514662.763677718] [ros_robot_controller]: 已设置舵机 2 的偏移量为 0[0m
[ros_robot_controller-6] [0m[INFO] [1782514662.765738088] [ros_robot_controller]: 已设置舵机 3 的偏移量为 4[0m
[ros_robot_controller-6] [0m[INFO] [1782514662.767254995] [ros_robot_controller]: 已设置舵机 4 的偏移量为 0[0m
[ros_robot_controller-6] [0m[INFO] [1782514662.772619569] [ros_robot_controller]: [1;32mstart[0m[0m
[ascamera_node-1] 2026-06-26 22:57:43[INFO] [CameraSrv.cpp] [154] [onAttached] get model type 9
[ascamera_node-1] 2026-06-26 22:57:43[INFO] [CameraSrv.cpp] [342] [getConfigFile] get file: /home/ubuntu/third_party_ros2/third_party_ws/src/ascamera/configurationfiles/hp60c_v2_00_20230704_configEncrypt.json
[ascamera_node-1] 2026-06-26 22:57:43[INFO] [CameraPublisher.cpp] [1501] [logCameraPathInfo] usb camera
[ascamera_node-1] 2026-06-26 22:57:43[INFO] [CameraPublisher.cpp] [1502] [logCameraPathInfo] bnum:1
[ascamera_node-1] 2026-06-26 22:57:43[INFO] [CameraPublisher.cpp] [1503] [logCameraPathInfo] dnum:3
[ascamera_node-1] 2026-06-26 22:57:43[INFO] [CameraPublisher.cpp] [1504] [logCameraPathInfo] port_numbers:2
[ascamera_node-1] 2026-06-26 22:57:43[INFO] [CameraPublisher.cpp] [171] [onCameraAttached] create a new publisher info set
[ascamera_node-1] 2026-06-26 22:57:43[INFO] [TfTreeFrameIdInfo.cpp] [11] [TfTreeFrameIdInfo] Namespace /ascamera
[self_driving-10] [0m[INFO] [1782514663.426445013] [self_driving]: [INIT] init_process started[0m
[self_driving-10] [0m[INFO] [1782514663.427254458] [self_driving]: [INIT] only_line_follow=False[0m
[self_driving-10] [0m[INFO] [1782514663.427878384] [self_driving]: [INIT] request /yolov5/start[0m
[ascamera_node-1] 2026-06-26 22:57:43[INFO] [CameraHp60c.cpp] [128] [open] according to the configuration file.
[ascamera_node-1] 2026-06-26 22:57:43[INFO] [CameraHp60c.cpp] [1528] [parseConfigFileParameter] moduleName:AS_CAM_HP60C
[ascamera_node-1] 2026-06-26 22:57:43[INFO] [CameraHp60c.cpp] [1555] [parseConfigFileParameter] Parsing config file /home/ubuntu/third_party_ros2/third_party_ws/src/ascamera/configurationfiles/hp60c_v2_00_20230704_configEncrypt.json
[ascamera_node-1] 2026-06-26 22:57:43[INFO] [CameraHp60c.cpp] [1620] [parseConfigFileParameter] configuration protocol Version: v2.x
[ascamera_node-1] 2026-06-26 22:57:43[INFO] [CameraHp60c.cpp] [1631] [parseConfigFileParameter] configuration Version: v2.0.0.20230704
[ascamera_node-1] 2026-06-26 22:57:43[INFO] [CameraHp60c.cpp] [1796] [setParamersAfterOpenCam] Camera confiParaEnable true, setting configuration parameter
[ascamera_node-1] 2026-06-26 22:57:44[ERROR] [XuCmdCameraHp60c.cpp] [454] [getMjpegSize] get mjpeg from xu command failed
[ascamera_node-1] 2026-06-26 22:57:44[INFO] [XuCmdCameraHp60c.cpp] [458] [getMjpegSize] mjpeg size:640x480
[ascamera_node-1] 2026-06-26 22:57:44[INFO] [CameraPublisher.cpp] [356] [onCameraOpen] camera opened
[ascamera_node-1] 2026-06-26 22:57:44[INFO] [CameraPublisher.cpp] [370] [onCameraOpen] get config info, ret 0, is_Registration 1
[ascamera_node-1] 2026-06-26 22:57:44[INFO] [Camera.cpp] [61] [init] #camera[0x5556630ce710] SN[ASC60CF08000515]'s firmware version:DLS_VERc20865=:V01.09_2024110714:V01.19_2024110714:L01
[ascamera_node-1] 2026-06-26 22:57:44[INFO] [CameraPublisher.cpp] [1183] [setResolution] set depth resolution: 640 x 480 @ 15fps
[ascamera_node-1] 2026-06-26 22:57:44[INFO] [CameraPublisher.cpp] [1197] [setResolution] set rgb resolution: 640 x 480 @ 15fps
[ascamera_node-1] 2026-06-26 22:57:44[INFO] [CameraHp60c.cpp] [260] [startStreaming] start streaming
[ascamera_node-1] 2026-06-26 22:57:44[INFO] [CameraSrv.cpp] [202] [onAttached] attached end
[self_driving-10] [33m[WARN] [1782514665.431060309] [self_driving]: [YOLO_SERVICE] service not ready, continue without blocking[0m
[self_driving-10] [0m[INFO] [1782514665.932179771] [self_driving]: [INIT] enter + set_running start[0m
[self_driving-10] [0m[INFO] [1782514665.932751586] [self_driving]: [1;32mself driving enter[0m[0m
[self_driving-10] [0m[INFO] [1782514665.940468401] [self_driving]: [SUB] image=/ascamera/camera_publisher/rgb0/image object=/yolov5_ros2/object_detect[0m
[self_driving-10] [0m[INFO] [1782514665.941163160] [self_driving]: [1;32mset_running[0m[0m
[self_driving-10] [0m[INFO] [1782514665.943799734] [self_driving]: [1;32m[START] hybrid self_driving start: auto LINE_FOLLOW[0m[0m
[INFO] [apply_calib-11]: process started with pid [749409]
[INFO] [complementary_filter_node-12]: process started with pid [749411]
[ascamera_node-1] 2026-06-26 22:57:46[INFO] [CameraHp60c.cpp] [912] [setInternalParameter] mjpeg info: size(640x480)
[complementary_filter_node-12] [0m[INFO] [1782514666.671706067] [imu_filter]: Starting ComplementaryFilterROS[0m
[ascamera_node-1] 2026-06-26 22:57:46[INFO] [Camera.cpp] [127] [backgroundThread] SN [ ASC60CF08000515 ]'s parameter:
[ascamera_node-1] 2026-06-26 22:57:46[INFO] [Camera.cpp] [128] [backgroundThread] irfx: 426.962
[ascamera_node-1] 2026-06-26 22:57:46[INFO] [Camera.cpp] [129] [backgroundThread] irfy: 426.374
[ascamera_node-1] 2026-06-26 22:57:46[INFO] [Camera.cpp] [130] [backgroundThread] ircx: 315.403
[ascamera_node-1] 2026-06-26 22:57:46[INFO] [Camera.cpp] [131] [backgroundThread] ircy: 240.933
[ascamera_node-1] 2026-06-26 22:57:46[INFO] [Camera.cpp] [132] [backgroundThread] rgbfx: 570.48
[ascamera_node-1] 2026-06-26 22:57:46[INFO] [Camera.cpp] [133] [backgroundThread] rgbfy: 569.949
[ascamera_node-1] 2026-06-26 22:57:46[INFO] [Camera.cpp] [134] [backgroundThread] rgbcx: 329.75
[ascamera_node-1] 2026-06-26 22:57:46[INFO] [Camera.cpp] [135] [backgroundThread] rgbcy: 238.406
[ascamera_node-1] 
[self_driving-10] [0m[INFO] [1782514666.964424363] [self_driving]: [IMAGE] received count=1 shape=(480, 640, 3) queue=0[0m
[ascamera_node-1] 2026-06-26 22:57:47[INFO] [CameraHp60c.cpp] [1149] [streamCallback] set gain ret 0, gain 4
[self_driving-10] [33m[WARN] [1782514667.148196382] [self_driving]: [LANE_LOST] raw_lane_x=-1 lane_x=-1 filter=lost stop=False state=LINE_FOLLOW safe_linear=0.00 right_ready=False right_done=False[0m
[self_driving-10] [0m[INFO] [1782514667.149104622] [self_driving]: [DEBUG_DRIVE] state=LINE_FOLLOW raw_lane_x=-1 lane_x=-1 filter=lost linear=0.30 angular=0.00 cw_y=0 right_done=False start_turn=False count_turn=0 traffic=None stop=False[0m
[apply_calib-11] [0m[INFO] [1782514667.656061733] [imu_calib]: Calibrating gyros; do not move the IMU[0m
[self_driving-10] [33m[WARN] [1782514667.715893863] [self_driving]: [LANE_LOST] raw_lane_x=-1 lane_x=-1 filter=lost stop=False state=LINE_FOLLOW safe_linear=0.00 right_ready=False right_done=False[0m
[self_driving-10] [0m[INFO] [1782514667.716477011] [self_driving]: [DEBUG_DRIVE] state=LINE_FOLLOW raw_lane_x=-1 lane_x=-1 filter=lost linear=0.30 angular=0.00 cw_y=0 right_done=False start_turn=False count_turn=0 traffic=None stop=False[0m
[self_driving-10] [33m[WARN] [1782514668.230364233] [self_driving]: [LANE_LOST] raw_lane_x=-1 lane_x=-1 filter=lost stop=False state=LINE_FOLLOW safe_linear=0.00 right_ready=False right_done=False[0m
[self_driving-10] [0m[INFO] [1782514668.230990992] [self_driving]: [DEBUG_DRIVE] state=LINE_FOLLOW raw_lane_x=-1 lane_x=-1 filter=lost linear=0.30 angular=0.00 cw_y=0 right_done=False start_turn=False count_turn=0 traffic=None stop=False[0m
[yolo_detect-9] [0m[INFO] [1782514668.746511270] [yolov5_ros2]: Current ROS 2 distribution: humble[0m
[self_driving-10] [33m[WARN] [1782514668.767455584] [self_driving]: [LANE_LOST] raw_lane_x=-1 lane_x=-1 filter=lost stop=False state=LINE_FOLLOW safe_linear=0.00 right_ready=False right_done=False[0m
[self_driving-10] [0m[INFO] [1782514668.767970529] [self_driving]: [DEBUG_DRIVE] state=LINE_FOLLOW raw_lane_x=-1 lane_x=-1 filter=lost linear=0.30 angular=0.00 cw_y=0 right_done=False start_turn=False count_turn=0 traffic=None stop=False[0m
[self_driving-10] [0m[INFO] [1782514668.967270288] [self_driving]: [IMAGE] received count=31 shape=(480, 640, 3) queue=0[0m
[self_driving-10] [33m[WARN] [1782514669.304341862] [self_driving]: [LANE_LOST] raw_lane_x=-1 lane_x=-1 filter=lost stop=False state=LINE_FOLLOW safe_linear=0.00 right_ready=False right_done=False[0m
[self_driving-10] [0m[INFO] [1782514669.304824769] [self_driving]: [DEBUG_DRIVE] state=LINE_FOLLOW raw_lane_x=-1 lane_x=-1 filter=lost linear=0.30 angular=0.00 cw_y=0 right_done=False start_turn=False count_turn=0 traffic=None stop=False[0m
[apply_calib-11] [0m[INFO] [1782514669.707132695] [imu_calib]: Gyro calibration complete! (bias = [-0.003, 0.029, -0.001])[0m
[self_driving-10] [33m[WARN] [1782514669.853341639] [self_driving]: [LANE_LOST] raw_lane_x=-1 lane_x=-1 filter=lost stop=False state=LINE_FOLLOW safe_linear=0.00 right_ready=False right_done=False[0m
[self_driving-10] [0m[INFO] [1782514669.853835139] [self_driving]: [DEBUG_DRIVE] state=LINE_FOLLOW raw_lane_x=-1 lane_x=-1 filter=lost linear=0.30 angular=0.00 cw_y=0 right_done=False start_turn=False count_turn=0 traffic=None stop=False[0m
[self_driving-10] [33m[WARN] [1782514670.381164046] [self_driving]: [LANE_LOST] raw_lane_x=-1 lane_x=-1 filter=lost stop=False state=LINE_FOLLOW safe_linear=0.00 right_ready=False right_done=False[0m
[self_driving-10] [0m[INFO] [1782514670.381854565] [self_driving]: [DEBUG_DRIVE] state=LINE_FOLLOW raw_lane_x=-1 lane_x=-1 filter=lost linear=0.30 angular=0.00 cw_y=0 right_done=False start_turn=False count_turn=0 traffic=None stop=False[0m
[self_driving-10] [33m[WARN] [1782514670.943787916] [self_driving]: [LANE_LOST] raw_lane_x=-1 lane_x=-1 filter=lost stop=False state=LINE_FOLLOW safe_linear=0.00 right_ready=False right_done=False[0m
[self_driving-10] [0m[INFO] [1782514670.948900287] [self_driving]: [DEBUG_DRIVE] state=LINE_FOLLOW raw_lane_x=-1 lane_x=-1 filter=lost linear=0.30 angular=0.00 cw_y=0 right_done=False start_turn=False count_turn=0 traffic=None stop=False[0m
[self_driving-10] [0m[INFO] [1782514670.999786027] [self_driving]: [IMAGE] received count=61 shape=(480, 640, 3) queue=0[0m
[self_driving-10] [33m[WARN] [1782514671.470678768] [self_driving]: [LANE_LOST] raw_lane_x=-1 lane_x=-1 filter=lost stop=False state=LINE_FOLLOW safe_linear=0.00 right_ready=False right_done=False[0m
[self_driving-10] [0m[INFO] [1782514671.471450972] [self_driving]: [DEBUG_DRIVE] state=LINE_FOLLOW raw_lane_x=-1 lane_x=-1 filter=lost linear=0.30 angular=0.00 cw_y=0 right_done=False start_turn=False count_turn=0 traffic=None stop=False[0m
[self_driving-10] [33m[WARN] [1782514672.020953564] [self_driving]: [LANE_LOST] raw_lane_x=-1 lane_x=-1 filter=lost stop=False state=LINE_FOLLOW safe_linear=0.00 right_ready=False right_done=False[0m
[self_driving-10] [0m[INFO] [1782514672.026965249] [self_driving]: [DEBUG_DRIVE] state=LINE_FOLLOW raw_lane_x=-1 lane_x=-1 filter=lost linear=0.30 angular=0.00 cw_y=0 right_done=False start_turn=False count_turn=0 traffic=None stop=False[0m
[self_driving-10] [33m[WARN] [1782514672.548121804] [self_driving]: [LANE_LOST] raw_lane_x=-1 lane_x=-1 filter=lost stop=False state=LINE_FOLLOW safe_linear=0.00 right_ready=False right_done=False[0m
[self_driving-10] [0m[INFO] [1782514672.548614601] [self_driving]: [DEBUG_DRIVE] state=LINE_FOLLOW raw_lane_x=-1 lane_x=-1 filter=lost linear=0.30 angular=0.00 cw_y=0 right_done=False start_turn=False count_turn=0 traffic=None stop=False[0m
[self_driving-10] [0m[INFO] [1782514673.016797934] [self_driving]: [IMAGE] received count=91 shape=(480, 640, 3) queue=0[0m
[self_driving-10] [33m[WARN] [1782514673.096607582] [self_driving]: [LANE_LOST] raw_lane_x=-1 lane_x=-1 filter=lost stop=False state=LINE_FOLLOW safe_linear=0.00 right_ready=False right_done=False[0m
[self_driving-10] [0m[INFO] [1782514673.097271174] [self_driving]: [DEBUG_DRIVE] state=LINE_FOLLOW raw_lane_x=-1 lane_x=-1 filter=lost linear=0.30 angular=0.00 cw_y=0 right_done=False start_turn=False count_turn=0 traffic=None stop=False[0m
[self_driving-10] [33m[WARN] [1782514673.621853433] [self_driving]: [LANE_LOST] raw_lane_x=-1 lane_x=-1 filter=lost stop=False state=LINE_FOLLOW safe_linear=0.00 right_ready=False right_done=False[0m
[self_driving-10] [0m[INFO] [1782514673.624312007] [self_driving]: [DEBUG_DRIVE] state=LINE_FOLLOW raw_lane_x=-1 lane_x=-1 filter=lost linear=0.30 angular=0.00 cw_y=0 right_done=False start_turn=False count_turn=0 traffic=None stop=False[0m
[self_driving-10] [0m[INFO] [1782514674.194614655] [self_driving]: [DEBUG_DRIVE] state=LINE_FOLLOW raw_lane_x=222.0 lane_x=222.0 filter=init linear=0.30 angular=-0.45 cw_y=0 right_done=False start_turn=False count_turn=1 traffic=None stop=False[0m
[self_driving-10] [0m[INFO] [1782514674.523205988] [self_driving]: [OBJECTS] msg_count=1 n=1 names=['crosswalk'][0m
[self_driving-10] [33m[WARN] [1782514674.594900525] [self_driving]: [LANE_LOST] raw_lane_x=-1 lane_x=-1 filter=lost stop=False state=LINE_FOLLOW safe_linear=0.00 right_ready=False right_done=False[0m
[self_driving-10] [0m[INFO] [1782514674.741120322] [self_driving]: [CROSSWALK_IGNORE] y=19 < th=70[0m
[self_driving-10] [0m[INFO] [1782514674.742057284] [self_driving]: [DEBUG_DRIVE] state=LINE_FOLLOW raw_lane_x=-1 lane_x=-1 filter=lost linear=0.30 angular=0.00 cw_y=19 right_done=False start_turn=False count_turn=5 traffic=None stop=False[0m
[self_driving-10] [0m[INFO] [1782514675.053920321] [self_driving]: [IMAGE] received count=118 shape=(480, 640, 3) queue=0[0m
[self_driving-10] [33m[WARN] [1782514675.142421525] [self_driving]: [LANE_LOST] raw_lane_x=-1 lane_x=-1 filter=lost stop=False state=LINE_FOLLOW safe_linear=0.00 right_ready=False right_done=False[0m
[self_driving-10] [0m[INFO] [1782514675.306233025] [self_driving]: [CROSSWALK_IGNORE] y=19 < th=70[0m
[self_driving-10] [0m[INFO] [1782514675.308116006] [self_driving]: [DEBUG_DRIVE] state=LINE_FOLLOW raw_lane_x=-1 lane_x=-1 filter=lost linear=0.30 angular=0.00 cw_y=19 right_done=False start_turn=False count_turn=5 traffic=None stop=False[0m
[self_driving-10] [0m[INFO] [1782514675.341147414] [self_driving]: [OBJECTS] msg_count=2 n=1 names=['crosswalk'][0m
[self_driving-10] [0m[INFO] [1782514675.814026839] [self_driving]: [CROSSWALK_IGNORE] y=49 < th=70[0m
[self_driving-10] [0m[INFO] [1782514675.814835358] [self_driving]: [DEBUG_DRIVE] state=LINE_FOLLOW raw_lane_x=-1 lane_x=208.5 filter=hold_last linear=0.30 angular=-0.45 cw_y=49 right_done=False start_turn=True count_turn=5 traffic=None stop=False[0m
[self_driving-10] [33m[WARN] [1782514675.884433136] [self_driving]: [LANE_LOST] raw_lane_x=-1 lane_x=-1 filter=lost stop=False state=LINE_FOLLOW safe_linear=0.00 right_ready=False right_done=False[0m
[self_driving-10] [0m[INFO] [1782514676.355910321] [self_driving]: [CROSSWALK_IGNORE] y=49 < th=70[0m
[self_driving-10] [0m[INFO] [1782514676.358035561] [self_driving]: [DEBUG_DRIVE] state=LINE_FOLLOW raw_lane_x=-1 lane_x=-1 filter=lost linear=0.30 angular=0.00 cw_y=49 right_done=False start_turn=True count_turn=5 traffic=None stop=False[0m
[self_driving-10] [33m[WARN] [1782514676.435156598] [self_driving]: [LANE_LOST] raw_lane_x=-1 lane_x=-1 filter=lost stop=False state=LINE_FOLLOW safe_linear=0.00 right_ready=False right_done=False[0m
[self_driving-10] [0m[INFO] [1782514676.899599968] [self_driving]: [CROSSWALK_IGNORE] y=49 < th=70[0m
[self_driving-10] [0m[INFO] [1782514676.901485524] [self_driving]: [DEBUG_DRIVE] state=LINE_FOLLOW raw_lane_x=-1 lane_x=-1 filter=lost linear=0.30 angular=0.00 cw_y=49 right_done=False start_turn=True count_turn=5 traffic=None stop=False[0m
[self_driving-10] [33m[WARN] [1782514676.976315728] [self_driving]: [LANE_LOST] raw_lane_x=-1 lane_x=-1 filter=lost stop=False state=LINE_FOLLOW safe_linear=0.00 right_ready=False right_done=False[0m
[self_driving-10] [0m[INFO] [1782514677.090759265] [self_driving]: [IMAGE] received count=147 shape=(480, 640, 3) queue=0[0m
[self_driving-10] [0m[INFO] [1782514677.442278450] [self_driving]: [CROSSWALK_IGNORE] y=49 < th=70[0m
[self_driving-10] [0m[INFO] [1782514677.445217431] [self_driving]: [DEBUG_DRIVE] state=LINE_FOLLOW raw_lane_x=-1 lane_x=-1 filter=lost linear=0.30 angular=0.00 cw_y=49 right_done=False start_turn=True count_turn=5 traffic=None stop=False[0m
[self_driving-10] [33m[WARN] [1782514677.501980727] [self_driving]: [LANE_LOST] raw_lane_x=-1 lane_x=-1 filter=lost stop=False state=LINE_FOLLOW safe_linear=0.00 right_ready=False right_done=False[0m
[self_driving-10] [0m[INFO] [1782514677.968399283] [self_driving]: [CROSSWALK_IGNORE] y=49 < th=70[0m
[self_driving-10] [0m[INFO] [1782514677.970810227] [self_driving]: [DEBUG_DRIVE] state=LINE_FOLLOW raw_lane_x=-1 lane_x=-1 filter=lost linear=0.30 angular=0.00 cw_y=49 right_done=False start_turn=True count_turn=5 traffic=None stop=False[0m
[self_driving-10] [33m[WARN] [1782514678.044330931] [self_driving]: [LANE_LOST] raw_lane_x=-1 lane_x=-1 filter=lost stop=False state=LINE_FOLLOW safe_linear=0.00 right_ready=False right_done=False[0m
[self_driving-10] [0m[INFO] [1782514678.519155745] [self_driving]: [CROSSWALK_IGNORE] y=49 < th=70[0m
[self_driving-10] [0m[INFO] [1782514678.524204653] [self_driving]: [DEBUG_DRIVE] state=LINE_FOLLOW raw_lane_x=-1 lane_x=-1 filter=lost linear=0.30 angular=0.00 cw_y=49 right_done=False start_turn=True count_turn=5 traffic=None stop=False[0m
[self_driving-10] [33m[WARN] [1782514678.576792597] [self_driving]: [LANE_LOST] raw_lane_x=-1 lane_x=-1 filter=lost stop=False state=LINE_FOLLOW safe_linear=0.00 right_ready=False right_done=False[0m
[self_driving-10] [0m[INFO] [1782514679.049715319] [self_driving]: [CROSSWALK_IGNORE] y=49 < th=70[0m
[self_driving-10] [0m[INFO] [1782514679.052810337] [self_driving]: [DEBUG_DRIVE] state=LINE_FOLLOW raw_lane_x=-1 lane_x=-1 filter=lost linear=0.30 angular=0.00 cw_y=49 right_done=False start_turn=True count_turn=5 traffic=None stop=False[0m
[self_driving-10] [0m[INFO] [1782514679.101470282] [self_driving]: [IMAGE] received count=177 shape=(480, 640, 3) queue=0[0m
[self_driving-10] [33m[WARN] [1782514679.110854078] [self_driving]: [LANE_LOST] raw_lane_x=-1 lane_x=-1 filter=lost stop=False state=LINE_FOLLOW safe_linear=0.00 right_ready=False right_done=False[0m
[self_driving-10] [0m[INFO] [1782514679.587664208] [self_driving]: [CROSSWALK_IGNORE] y=49 < th=70[0m
[self_driving-10] [0m[INFO] [1782514679.588364800] [self_driving]: [DEBUG_DRIVE] state=LINE_FOLLOW raw_lane_x=-1 lane_x=-1 filter=lost linear=0.30 angular=0.00 cw_y=49 right_done=False start_turn=True count_turn=5 traffic=None stop=False[0m
[self_driving-10] [33m[WARN] [1782514679.669639744] [self_driving]: [LANE_LOST] raw_lane_x=-1 lane_x=-1 filter=lost stop=False state=LINE_FOLLOW safe_linear=0.00 right_ready=False right_done=False[0m
[self_driving-10] [0m[INFO] [1782514680.138075152] [self_driving]: [CROSSWALK_IGNORE] y=49 < th=70[0m
[self_driving-10] [0m[INFO] [1782514680.141288115] [self_driving]: [DEBUG_DRIVE] state=LINE_FOLLOW raw_lane_x=-1 lane_x=-1 filter=lost linear=0.30 angular=0.00 cw_y=49 right_done=False start_turn=True count_turn=5 traffic=None stop=False[0m
[self_driving-10] [33m[WARN] [1782514680.667403281] [self_driving]: [LANE_X_JUMP_REJECT] raw=147.0 last=274.5 diff=127.5 candidate=147.0 cnt=1/4[0m
[self_driving-10] [0m[INFO] [1782514680.669192559] [self_driving]: [CROSSWALK_IGNORE] y=49 < th=70[0m
[self_driving-10] [0m[INFO] [1782514680.671518688] [self_driving]: [DEBUG_DRIVE] state=LINE_FOLLOW raw_lane_x=147.0 lane_x=274.5 filter=jump_reject linear=0.30 angular=-0.45 cw_y=49 right_done=False start_turn=True count_turn=13 traffic=None stop=False[0m
[self_driving-10] [0m[INFO] [1782514681.123449392] [self_driving]: [IMAGE] received count=207 shape=(480, 640, 3) queue=0[0m
[self_driving-10] [33m[WARN] [1782514681.203792670] [self_driving]: [LANE_X_JUMP_REJECT] raw=54.5 last=274.5 diff=220.0 candidate=71.0 cnt=2/4[0m
[self_driving-10] [0m[INFO] [1782514681.205466095] [self_driving]: [CROSSWALK_IGNORE] y=49 < th=70[0m
[self_driving-10] [0m[INFO] [1782514681.211014984] [self_driving]: [DEBUG_DRIVE] state=LINE_FOLLOW raw_lane_x=54.5 lane_x=274.5 filter=jump_reject linear=0.30 angular=-0.45 cw_y=49 right_done=False start_turn=True count_turn=21 traffic=None stop=False[0m
[self_driving-10] [33m[WARN] [1782514681.404036836] [self_driving]: [LANE_LOST] raw_lane_x=-1 lane_x=-1 filter=lost stop=False state=LINE_FOLLOW safe_linear=0.00 right_ready=False right_done=False[0m
[self_driving-10] [0m[INFO] [1782514681.743096299] [self_driving]: [CROSSWALK_IGNORE] y=49 < th=70[0m
[self_driving-10] [0m[INFO] [1782514681.746800040] [self_driving]: [DEBUG_DRIVE] state=LINE_FOLLOW raw_lane_x=-1 lane_x=-1 filter=lost linear=0.30 angular=0.00 cw_y=49 right_done=False start_turn=True count_turn=23 traffic=None stop=False[0m
[self_driving-10] [33m[WARN] [1782514681.937699891] [self_driving]: [LANE_LOST] raw_lane_x=-1 lane_x=-1 filter=lost stop=False state=LINE_FOLLOW safe_linear=0.00 right_ready=False right_done=False[0m
[self_driving-10] [0m[INFO] [1782514682.276091984] [self_driving]: [CROSSWALK_IGNORE] y=49 < th=70[0m
[self_driving-10] [0m[INFO] [1782514682.277417558] [self_driving]: [DEBUG_DRIVE] state=LINE_FOLLOW raw_lane_x=-1 lane_x=-1 filter=lost linear=0.30 angular=0.00 cw_y=49 right_done=False start_turn=True count_turn=23 traffic=None stop=False[0m
[self_driving-10] [33m[WARN] [1782514682.601337724] [self_driving]: [LANE_X_JUMP_REJECT] raw=170.5 last=252.5 diff=82.0 candidate=170.5 cnt=1/4[0m
[self_driving-10] [0m[INFO] [1782514682.823675206] [self_driving]: [CROSSWALK_IGNORE] y=49 < th=70[0m
[self_driving-10] [0m[INFO] [1782514682.826508557] [self_driving]: [DEBUG_DRIVE] state=LINE_FOLLOW raw_lane_x=123.5 lane_x=252.5 filter=jump_reject linear=0.30 angular=-0.45 cw_y=49 right_done=False start_turn=True count_turn=29 traffic=None stop=False[0m
[self_driving-10] [0m[INFO] [1782514683.170931205] [self_driving]: [IMAGE] received count=237 shape=(480, 640, 3) queue=0[0m
[self_driving-10] [33m[WARN] [1782514683.194802409] [self_driving]: [LANE_X_JUMP_REJECT] raw=310.5 last=216.0 diff=94.5 candidate=310.5 cnt=1/4[0m
[self_driving-10] [0m[INFO] [1782514683.349646613] [self_driving]: [CROSSWALK_IGNORE] y=49 < th=70[0m
[self_driving-10] [0m[INFO] [1782514683.350378816] [self_driving]: [DEBUG_DRIVE] state=LINE_FOLLOW raw_lane_x=259.0 lane_x=259.0 filter=stable linear=0.30 angular=-0.45 cw_y=49 right_done=False start_turn=True count_turn=37 traffic=None stop=False[0m
[self_driving-10] [33m[WARN] [1782514683.893958168] [self_driving]: [LANE_X_JUMP_REJECT] raw=134.0 last=23.0 diff=111.0 candidate=134.0 cnt=1/4[0m
[self_driving-10] [0m[INFO] [1782514683.894796390] [self_driving]: [CROSSWALK_IGNORE] y=49 < th=70[0m
[self_driving-10] [0m[INFO] [1782514683.895865612] [self_driving]: [DEBUG_DRIVE] state=LINE_FOLLOW raw_lane_x=134.0 lane_x=23.0 filter=jump_reject linear=0.30 angular=0.10 cw_y=49 right_done=False start_turn=False count_turn=0 traffic=None stop=False[0m
[self_driving-10] [0m[INFO] [1782514684.230672205] [self_driving]: [LANE_X_JUMP_ACCEPT] raw=303.5 last=303.5 cnt=4/4[0m
[self_driving-10] [33m[WARN] [1782514684.428820686] [self_driving]: [LANE_X_JUMP_REJECT] raw=87.0 last=280.0 diff=193.0 candidate=119.0 cnt=2/4[0m
[self_driving-10] [0m[INFO] [1782514684.434425445] [self_driving]: [CROSSWALK_IGNORE] y=49 < th=70[0m
[self_driving-10] [0m[INFO] [1782514684.435404945] [self_driving]: [DEBUG_DRIVE] state=LINE_FOLLOW raw_lane_x=87.0 lane_x=280.0 filter=jump_reject linear=0.30 angular=-0.45 cw_y=49 right_done=False start_turn=False count_turn=4 traffic=None stop=False[0m
[self_driving-10] [0m[INFO] [1782514684.955370556] [self_driving]: [CROSSWALK_IGNORE] y=49 < th=70[0m
[self_driving-10] [0m[INFO] [1782514684.957137352] [self_driving]: [DEBUG_DRIVE] state=LINE_FOLLOW raw_lane_x=175.0 lane_x=175.0 filter=stable linear=0.30 angular=0.00 cw_y=49 right_done=False start_turn=True count_turn=0 traffic=None stop=False[0m
[self_driving-10] [0m[INFO] [1782514685.044383815] [self_driving]: [OBJECTS] msg_count=3 n=1 names=['crosswalk'][0m
[self_driving-10] [0m[INFO] [1782514685.231386315] [self_driving]: [IMAGE] received count=268 shape=(480, 640, 3) queue=0[0m
[self_driving-10] [0m[INFO] [1782514685.517602648] [self_driving]: [DEBUG_DRIVE] state=LINE_FOLLOW raw_lane_x=82.0 lane_x=82.0 filter=stable linear=0.30 angular=0.00 cw_y=249 right_done=False start_turn=True count_turn=0 traffic=None stop=False[0m
[self_driving-10] [0m[INFO] [1782514685.842776759] [self_driving]: [OBJECTS] msg_count=6 n=1 names=['crosswalk'][0m
[self_driving-10] [0m[INFO] [1782514686.047112759] [self_driving]: [DEBUG_DRIVE] state=LINE_FOLLOW raw_lane_x=74.5 lane_x=74.5 filter=stable linear=0.30 angular=0.00 cw_y=167 right_done=False start_turn=True count_turn=0 traffic=None stop=False[0m
[self_driving-10] [0m[INFO] [1782514686.572868037] [self_driving]: [DEBUG_DRIVE] state=LINE_FOLLOW raw_lane_x=106.5 lane_x=106.5 filter=stable linear=0.30 angular=0.10 cw_y=178 right_done=False start_turn=False count_turn=0 traffic=None stop=False[0m
[self_driving-10] [0m[INFO] [1782514686.648668611] [self_driving]: [OBJECTS] msg_count=10 n=1 names=['crosswalk'][0m
[self_driving-10] [0m[INFO] [1782514687.082435240] [self_driving]: [DEBUG_DRIVE] state=LINE_FOLLOW raw_lane_x=135.0 lane_x=135.0 filter=stable linear=0.30 angular=-0.10 cw_y=178 right_done=False start_turn=False count_turn=0 traffic=None stop=False[0m
[self_driving-10] [0m[INFO] [1782514687.235605944] [self_driving]: [IMAGE] received count=298 shape=(480, 640, 3) queue=0[0m
[self_driving-10] [0m[INFO] [1782514687.360992833] [self_driving]: [OBJECTS] msg_count=14 n=1 names=['crosswalk'][0m
[self_driving-10] [0m[INFO] [1782514687.594515758] [self_driving]: [DEBUG_DRIVE] state=LINE_FOLLOW raw_lane_x=121.5 lane_x=121.5 filter=stable linear=0.30 angular=0.10 cw_y=185 right_done=False start_turn=False count_turn=0 traffic=None stop=False[0m
[self_driving-10] [0m[INFO] [1782514688.115910925] [self_driving]: [DEBUG_DRIVE] state=LINE_FOLLOW raw_lane_x=146.0 lane_x=146.0 filter=stable linear=0.30 angular=-0.10 cw_y=192 right_done=False start_turn=False count_turn=0 traffic=None stop=False[0m
[self_driving-10] [0m[INFO] [1782514688.126776536] [self_driving]: [OBJECTS] msg_count=17 n=1 names=['crosswalk'][0m
[self_driving-10] [0m[INFO] [1782514688.663415943] [self_driving]: [DEBUG_DRIVE] state=LINE_FOLLOW raw_lane_x=134.5 lane_x=134.5 filter=stable linear=0.30 angular=-0.10 cw_y=205 right_done=False start_turn=False count_turn=0 traffic=None stop=False[0m
[self_driving-10] [0m[INFO] [1782514688.866147276] [self_driving]: [OBJECTS] msg_count=21 n=1 names=['crosswalk'][0m
[self_driving-10] [0m[INFO] [1782514689.201194628] [self_driving]: [CROSSWALK_IGNORE] y=23 < th=70[0m
[self_driving-10] [0m[INFO] [1782514689.202030646] [self_driving]: [DEBUG_DRIVE] state=LINE_FOLLOW raw_lane_x=146.5 lane_x=146.5 filter=stable linear=0.30 angular=-0.10 cw_y=23 right_done=False start_turn=False count_turn=0 traffic=None stop=False[0m
[self_driving-10] [0m[INFO] [1782514689.275337091] [self_driving]: [IMAGE] received count=328 shape=(480, 640, 3) queue=0[0m
[self_driving-10] [0m[INFO] [1782514689.574047331] [self_driving]: [OBJECTS] msg_count=26 n=1 names=['crosswalk'][0m
[self_driving-10] [0m[INFO] [1782514689.746272424] [self_driving]: [DEBUG_DRIVE] state=LINE_FOLLOW raw_lane_x=166.0 lane_x=166.0 filter=stable linear=0.30 angular=-0.10 cw_y=240 right_done=False start_turn=False count_turn=0 traffic=None stop=False[0m
[self_driving-10] [0m[INFO] [1782514690.273150201] [self_driving]: [DEBUG_DRIVE] state=LINE_FOLLOW raw_lane_x=108.0 lane_x=108.0 filter=stable linear=0.30 angular=0.10 cw_y=260 right_done=False start_turn=False count_turn=0 traffic=None stop=False[0m
[self_driving-10] [0m[INFO] [1782514690.324918405] [self_driving]: [OBJECTS] msg_count=28 n=1 names=['crosswalk'][0m
[self_driving-10] [0m[INFO] [1782514690.806422738] [self_driving]: [DEBUG_DRIVE] state=LINE_FOLLOW raw_lane_x=139.5 lane_x=139.5 filter=stable linear=0.30 angular=-0.10 cw_y=419 right_done=False start_turn=False count_turn=0 traffic=None stop=False[0m
[self_driving-10] [0m[INFO] [1782514691.047126219] [self_driving]: [OBJECTS] msg_count=30 n=1 names=['crosswalk'][0m
[self_driving-10] [0m[INFO] [1782514691.278120886] [self_driving]: [IMAGE] received count=358 shape=(480, 640, 3) queue=0[0m
[self_driving-10] [0m[INFO] [1782514691.352741663] [self_driving]: [DEBUG_DRIVE] state=LINE_FOLLOW raw_lane_x=143.0 lane_x=143.0 filter=stable linear=0.30 angular=-0.10 cw_y=455 right_done=False start_turn=False count_turn=0 traffic=None stop=False[0m
[self_driving-10] [0m[INFO] [1782514691.760640663] [self_driving]: [OBJECTS] msg_count=31 n=1 names=['crosswalk'][0m
[self_driving-10] [0m[INFO] [1782514691.891239311] [self_driving]: [DEBUG_DRIVE] state=LINE_FOLLOW raw_lane_x=144.5 lane_x=144.5 filter=stable linear=0.30 angular=-0.10 cw_y=296 right_done=False start_turn=False count_turn=0 traffic=None stop=False[0m
[self_driving-10] [0m[INFO] [1782514692.424975015] [self_driving]: [DEBUG_DRIVE] state=LINE_FOLLOW raw_lane_x=237.0 lane_x=237.0 filter=stable linear=0.30 angular=-0.45 cw_y=358 right_done=False start_turn=False count_turn=4 traffic=None stop=False[0m
[self_driving-10] [33m[WARN] [1782514692.752907422] [self_driving]: [LANE_X_JUMP_REJECT] raw=159.0 last=307.0 diff=148.0 candidate=159.0 cnt=1/4[0m
[self_driving-10] [0m[INFO] [1782514692.972758477] [self_driving]: [DEBUG_DRIVE] state=LINE_FOLLOW raw_lane_x=229.0 lane_x=229.0 filter=stable linear=0.30 angular=-0.45 cw_y=358 right_done=False start_turn=True count_turn=6 traffic=None stop=False[0m
[self_driving-10] [0m[INFO] [1782514693.288505810] [self_driving]: [IMAGE] received count=388 shape=(480, 640, 3) queue=0[0m
[self_driving-10] [0m[INFO] [1782514693.487020644] [self_driving]: [DEBUG_DRIVE] state=LINE_FOLLOW raw_lane_x=-1 lane_x=218.5 filter=hold_last linear=0.30 angular=-0.45 cw_y=358 right_done=False start_turn=True count_turn=3 traffic=None stop=False[0m
[self_driving-10] [33m[WARN] [1782514693.777349384] [self_driving]: [LANE_LOST] raw_lane_x=-1 lane_x=-1 filter=lost stop=False state=LINE_FOLLOW safe_linear=0.00 right_ready=False right_done=False[0m
[self_driving-10] [0m[INFO] [1782514694.027309754] [self_driving]: [DEBUG_DRIVE] state=LINE_FOLLOW raw_lane_x=-1 lane_x=-1 filter=lost linear=0.30 angular=0.00 cw_y=358 right_done=False start_turn=True count_turn=6 traffic=None stop=False[0m
[self_driving-10] [33m[WARN] [1782514694.302275069] [self_driving]: [LANE_LOST] raw_lane_x=-1 lane_x=-1 filter=lost stop=False state=LINE_FOLLOW safe_linear=0.00 right_ready=False right_done=False[0m
[self_driving-10] [0m[INFO] [1782514694.569050976] [self_driving]: [DEBUG_DRIVE] state=LINE_FOLLOW raw_lane_x=-1 lane_x=-1 filter=lost linear=0.30 angular=0.00 cw_y=358 right_done=False start_turn=True count_turn=6 traffic=None stop=False[0m
[self_driving-10] [33m[WARN] [1782514694.857574235] [self_driving]: [LANE_LOST] raw_lane_x=-1 lane_x=-1 filter=lost stop=False state=LINE_FOLLOW safe_linear=0.00 right_ready=False right_done=False[0m
[self_driving-10] [0m[INFO] [1782514695.113983217] [self_driving]: [DEBUG_DRIVE] state=LINE_FOLLOW raw_lane_x=-1 lane_x=-1 filter=lost linear=0.30 angular=0.00 cw_y=358 right_done=False start_turn=True count_turn=6 traffic=None stop=False[0m
[self_driving-10] [0m[INFO] [1782514695.307188846] [self_driving]: [IMAGE] received count=418 shape=(480, 640, 3) queue=0[0m
[self_driving-10] [33m[WARN] [1782514695.385588717] [self_driving]: [LANE_LOST] raw_lane_x=-1 lane_x=-1 filter=lost stop=False state=LINE_FOLLOW safe_linear=0.00 right_ready=False right_done=False[0m
[self_driving-10] [0m[INFO] [1782514695.648523068] [self_driving]: [DEBUG_DRIVE] state=LINE_FOLLOW raw_lane_x=-1 lane_x=-1 filter=lost linear=0.30 angular=0.00 cw_y=358 right_done=False start_turn=True count_turn=6 traffic=None stop=False[0m
[self_driving-10] [33m[WARN] [1782514695.932571661] [self_driving]: [LANE_LOST] raw_lane_x=-1 lane_x=-1 filter=lost stop=False state=LINE_FOLLOW safe_linear=0.00 right_ready=False right_done=False[0m
[self_driving-10] [0m[INFO] [1782514696.194870179] [self_driving]: [DEBUG_DRIVE] state=LINE_FOLLOW raw_lane_x=297.0 lane_x=297.0 filter=stable linear=0.30 angular=-0.45 cw_y=358 right_done=False start_turn=True count_turn=8 traffic=None stop=False[0m
[self_driving-10] [33m[WARN] [1782514696.250083846] [self_driving]: [LANE_X_JUMP_REJECT] raw=213.0 last=297.0 diff=84.0 candidate=213.0 cnt=1/4[0m
[self_driving-10] [0m[INFO] [1782514696.645095642] [self_driving]: [LANE_X_JUMP_ACCEPT] raw=44.5 last=44.5 cnt=4/4[0m
[self_driving-10] [0m[INFO] [1782514696.747284512] [self_driving]: [DEBUG_DRIVE] state=LINE_FOLLOW raw_lane_x=32.0 lane_x=32.0 filter=stable linear=0.30 angular=0.10 cw_y=358 right_done=False start_turn=False count_turn=0 traffic=None stop=False[0m
[self_driving-10] [0m[INFO] [1782514697.267941178] [self_driving]: [DEBUG_DRIVE] state=LINE_FOLLOW raw_lane_x=34.5 lane_x=34.5 filter=stable linear=0.30 angular=0.10 cw_y=358 right_done=False start_turn=False count_turn=0 traffic=None stop=False[0m
[self_driving-10] [0m[INFO] [1782514697.323475808] [self_driving]: [IMAGE] received count=448 shape=(480, 640, 3) queue=0[0m
[self_driving-10] [0m[INFO] [1782514697.453670364] [self_driving]: [OBJECTS] msg_count=33 n=1 names=['crosswalk'][0m
[self_driving-10] [0m[INFO] [1782514697.807336011] [self_driving]: [DEBUG_DRIVE] state=LINE_FOLLOW raw_lane_x=61.5 lane_x=61.5 filter=stable linear=0.30 angular=0.10 cw_y=180 right_done=False start_turn=False count_turn=0 traffic=None stop=False[0m
[self_driving-10] [0m[INFO] [1782514698.244637882] [self_driving]: [OBJECTS] msg_count=37 n=1 names=['go'][0m
[self_driving-10] [0m[INFO] [1782514698.332696159] [self_driving]: [DEBUG_DRIVE] state=LINE_FOLLOW raw_lane_x=116.0 lane_x=116.0 filter=stable linear=0.30 angular=-0.10 cw_y=235 right_done=False start_turn=False count_turn=0 traffic=None stop=False[0m
[self_driving-10] [0m[INFO] [1782514698.879318066] [self_driving]: [DEBUG_DRIVE] state=LINE_FOLLOW raw_lane_x=144.5 lane_x=144.5 filter=stable linear=0.30 angular=-0.10 cw_y=196 right_done=False start_turn=False count_turn=0 traffic=None stop=False[0m
[self_driving-10] [0m[INFO] [1782514699.047175585] [self_driving]: [OBJECTS] msg_count=42 n=1 names=['crosswalk'][0m
[self_driving-10] [0m[INFO] [1782514699.343862696] [self_driving]: [IMAGE] received count=478 shape=(480, 640, 3) queue=0[0m
[self_driving-10] [0m[INFO] [1782514699.402494677] [self_driving]: [DEBUG_DRIVE] state=LINE_FOLLOW raw_lane_x=129.0 lane_x=129.0 filter=stable linear=0.30 angular=0.10 cw_y=204 right_done=False start_turn=False count_turn=0 traffic=None stop=False[0m
[self_driving-10] [0m[INFO] [1782514699.799275103] [self_driving]: [OBJECTS] msg_count=47 n=1 names=['crosswalk'][0m
[self_driving-10] [0m[INFO] [1782514699.942398473] [self_driving]: [DEBUG_DRIVE] state=LINE_FOLLOW raw_lane_x=137.5 lane_x=137.5 filter=stable linear=0.30 angular=0.10 cw_y=0 right_done=False start_turn=False count_turn=0 traffic=None stop=False[0m
[self_driving-10] [0m[INFO] [1782514700.496510195] [self_driving]: [DEBUG_DRIVE] state=LINE_FOLLOW raw_lane_x=136.0 lane_x=136.0 filter=stable linear=0.30 angular=-0.10 cw_y=242 right_done=False start_turn=False count_turn=0 traffic=None stop=False[0m
[self_driving-10] [0m[INFO] [1782514700.576809676] [self_driving]: [OBJECTS] msg_count=51 n=1 names=['crosswalk'][0m
[self_driving-10] [0m[INFO] [1782514701.023818417] [self_driving]: [DEBUG_DRIVE] state=LINE_FOLLOW raw_lane_x=142.0 lane_x=142.0 filter=stable linear=0.30 angular=-0.10 cw_y=299 right_done=False start_turn=False count_turn=0 traffic=None stop=False[0m
[self_driving-10] [0m[INFO] [1782514701.339764028] [self_driving]: [OBJECTS] msg_count=53 n=1 names=['crosswalk'][0m
[self_driving-10] [0m[INFO] [1782514701.372631009] [self_driving]: [IMAGE] received count=508 shape=(480, 640, 3) queue=0[0m
[self_driving-10] [0m[INFO] [1782514701.562496194] [self_driving]: [DEBUG_DRIVE] state=LINE_FOLLOW raw_lane_x=117.0 lane_x=117.0 filter=stable linear=0.30 angular=0.10 cw_y=369 right_done=False start_turn=False count_turn=0 traffic=None stop=False[0m
[self_driving-10] [0m[INFO] [1782514702.119642583] [self_driving]: [DEBUG_DRIVE] state=LINE_FOLLOW raw_lane_x=132.5 lane_x=132.5 filter=stable linear=0.30 angular=0.07 cw_y=448 right_done=False start_turn=False count_turn=0 traffic=None stop=False[0m
[self_driving-10] [0m[INFO] [1782514702.460377064] [self_driving]: [OBJECTS] msg_count=55 n=1 names=['crosswalk'][0m
[self_driving-10] [0m[INFO] [1782514702.628744101] [self_driving]: [DEBUG_DRIVE] state=LINE_FOLLOW raw_lane_x=139.0 lane_x=139.0 filter=stable linear=0.30 angular=-0.10 cw_y=242 right_done=False start_turn=False count_turn=0 traffic=None stop=False[0m
[self_driving-10] [0m[INFO] [1782514703.179774749] [self_driving]: [DEBUG_DRIVE] state=LINE_FOLLOW raw_lane_x=138.0 lane_x=138.0 filter=stable linear=0.30 angular=-0.10 cw_y=242 right_done=False start_turn=False count_turn=0 traffic=None stop=False[0m
[self_driving-10] [0m[INFO] [1782514703.436548230] [self_driving]: [IMAGE] received count=539 shape=(480, 640, 3) queue=0[0m
[self_driving-10] [0m[INFO] [1782514703.706500249] [self_driving]: [DEBUG_DRIVE] state=LINE_FOLLOW raw_lane_x=202.0 lane_x=202.0 filter=stable linear=0.30 angular=-0.45 cw_y=242 right_done=False start_turn=False count_turn=1 traffic=None stop=False[0m
[self_driving-10] [33m[WARN] [1782514704.183123637] [self_driving]: [LANE_X_JUMP_REJECT] raw=75.5 last=242.5 diff=167.0 candidate=75.5 cnt=1/4[0m
[self_driving-10] [0m[INFO] [1782514704.274058100] [self_driving]: [DEBUG_DRIVE] state=LINE_FOLLOW raw_lane_x=98.0 lane_x=242.5 filter=jump_reject linear=0.30 angular=-0.45 cw_y=242 right_done=False start_turn=True count_turn=3 traffic=None stop=False[0m
[self_driving-10] [33m[WARN] [1782514704.725070118] [self_driving]: [LANE_X_JUMP_REJECT] raw=177.5 last=267.5 diff=90.0 candidate=159.5 cnt=2/4[0m
[self_driving-10] [0m[INFO] [1782514704.786863100] [self_driving]: [DEBUG_DRIVE] state=LINE_FOLLOW raw_lane_x=221.0 lane_x=221.0 filter=stable linear=0.30 angular=-0.45 cw_y=242 right_done=False start_turn=True count_turn=5 traffic=None stop=False[0m
[self_driving-10] [33m[WARN] [1782514705.316204840] [self_driving]: [LANE_LOST] raw_lane_x=-1 lane_x=-1 filter=lost stop=False state=LINE_FOLLOW safe_linear=0.00 right_ready=False right_done=False[0m
[self_driving-10] [0m[INFO] [1782514705.317678248] [self_driving]: [DEBUG_DRIVE] state=LINE_FOLLOW raw_lane_x=-1 lane_x=-1 filter=lost linear=0.30 angular=0.00 cw_y=242 right_done=False start_turn=True count_turn=12 traffic=None stop=False[0m
[self_driving-10] [0m[INFO] [1782514705.450974914] [self_driving]: [IMAGE] received count=569 shape=(480, 640, 3) queue=0[0m
[self_driving-10] [33m[WARN] [1782514705.867564192] [self_driving]: [LANE_LOST] raw_lane_x=-1 lane_x=-1 filter=lost stop=False state=LINE_FOLLOW safe_linear=0.00 right_ready=False right_done=False[0m
[self_driving-10] [0m[INFO] [1782514705.872065321] [self_driving]: [DEBUG_DRIVE] state=LINE_FOLLOW raw_lane_x=-1 lane_x=-1 filter=lost linear=0.30 angular=0.00 cw_y=242 right_done=False start_turn=True count_turn=12 traffic=None stop=False[0m
[self_driving-10] [33m[WARN] [1782514706.390711932] [self_driving]: [LANE_LOST] raw_lane_x=-1 lane_x=-1 filter=lost stop=False state=LINE_FOLLOW safe_linear=0.00 right_ready=False right_done=False[0m
[self_driving-10] [0m[INFO] [1782514706.391360284] [self_driving]: [DEBUG_DRIVE] state=LINE_FOLLOW raw_lane_x=-1 lane_x=-1 filter=lost linear=0.30 angular=0.00 cw_y=242 right_done=False start_turn=True count_turn=12 traffic=None stop=False[0m
[self_driving-10] [33m[WARN] [1782514706.935803210] [self_driving]: [LANE_LOST] raw_lane_x=-1 lane_x=-1 filter=lost stop=False state=LINE_FOLLOW safe_linear=0.00 right_ready=False right_done=False[0m
[self_driving-10] [0m[INFO] [1782514706.936342876] [self_driving]: [DEBUG_DRIVE] state=LINE_FOLLOW raw_lane_x=-1 lane_x=-1 filter=lost linear=0.30 angular=0.00 cw_y=242 right_done=False start_turn=True count_turn=12 traffic=None stop=False[0m
[self_driving-10] [0m[INFO] [1782514707.480950876] [self_driving]: [IMAGE] received count=599 shape=(480, 640, 3) queue=0[0m
[self_driving-10] [33m[WARN] [1782514707.495243950] [self_driving]: [LANE_LOST] raw_lane_x=-1 lane_x=-1 filter=lost stop=False state=LINE_FOLLOW safe_linear=0.00 right_ready=False right_done=False[0m
[self_driving-10] [0m[INFO] [1782514707.496822987] [self_driving]: [DEBUG_DRIVE] state=LINE_FOLLOW raw_lane_x=-1 lane_x=-1 filter=lost linear=0.30 angular=0.00 cw_y=242 right_done=False start_turn=True count_turn=12 traffic=None stop=False[0m
[self_driving-10] [33m[WARN] [1782514708.004909339] [self_driving]: [LANE_LOST] raw_lane_x=-1 lane_x=-1 filter=lost stop=False state=LINE_FOLLOW safe_linear=0.00 right_ready=False right_done=False[0m
[self_driving-10] [0m[INFO] [1782514708.005471839] [self_driving]: [DEBUG_DRIVE] state=LINE_FOLLOW raw_lane_x=-1 lane_x=-1 filter=lost linear=0.30 angular=0.00 cw_y=242 right_done=False start_turn=True count_turn=12 traffic=None stop=False[0m
[self_driving-10] [33m[WARN] [1782514708.556325042] [self_driving]: [LANE_LOST] raw_lane_x=-1 lane_x=-1 filter=lost stop=False state=LINE_FOLLOW safe_linear=0.00 right_ready=False right_done=False[0m
[self_driving-10] [0m[INFO] [1782514708.556876375] [self_driving]: [DEBUG_DRIVE] state=LINE_FOLLOW raw_lane_x=-1 lane_x=-1 filter=lost linear=0.30 angular=0.00 cw_y=242 right_done=False start_turn=True count_turn=12 traffic=None stop=False[0m
[self_driving-10] [33m[WARN] [1782514709.093195783] [self_driving]: [LANE_LOST] raw_lane_x=-1 lane_x=-1 filter=lost stop=False state=LINE_FOLLOW safe_linear=0.00 right_ready=False right_done=False[0m
[self_driving-10] [0m[INFO] [1782514709.093762153] [self_driving]: [DEBUG_DRIVE] state=LINE_FOLLOW raw_lane_x=-1 lane_x=-1 filter=lost linear=0.30 angular=0.00 cw_y=242 right_done=False start_turn=True count_turn=12 traffic=None stop=False[0m
[self_driving-10] [0m[INFO] [1782514709.542407153] [self_driving]: [IMAGE] received count=630 shape=(480, 640, 3) queue=0[0m
[self_driving-10] [33m[WARN] [1782514709.631419430] [self_driving]: [LANE_LOST] raw_lane_x=-1 lane_x=-1 filter=lost stop=False state=LINE_FOLLOW safe_linear=0.00 right_ready=False right_done=False[0m
[self_driving-10] [0m[INFO] [1782514709.632630245] [self_driving]: [DEBUG_DRIVE] state=LINE_FOLLOW raw_lane_x=-1 lane_x=-1 filter=lost linear=0.30 angular=0.00 cw_y=242 right_done=False start_turn=True count_turn=12 traffic=None stop=False[0m
[self_driving-10] [0m[INFO] [1782514710.163508060] [self_driving]: [DEBUG_DRIVE] state=LINE_FOLLOW raw_lane_x=299.0 lane_x=299.0 filter=stable linear=0.30 angular=-0.45 cw_y=242 right_done=False start_turn=True count_turn=13 traffic=None stop=False[0m
[self_driving-10] [33m[WARN] [1782514710.503042763] [self_driving]: [LANE_X_JUMP_REJECT] raw=31.0 last=116.0 diff=85.0 candidate=31.0 cnt=1/4[0m
[self_driving-10] [0m[INFO] [1782514710.722385782] [self_driving]: [DEBUG_DRIVE] state=LINE_FOLLOW raw_lane_x=-1 lane_x=116.0 filter=hold_last linear=0.30 angular=0.10 cw_y=242 right_done=False start_turn=False count_turn=0 traffic=None stop=False[0m
[self_driving-10] [0m[INFO] [1782514710.962839633] [self_driving]: [LANE_X_JUMP_ACCEPT] raw=12.0 last=12.0 cnt=4/4[0m
[self_driving-10] [0m[INFO] [1782514711.236332411] [self_driving]: [DEBUG_DRIVE] state=LINE_FOLLOW raw_lane_x=32.5 lane_x=32.5 filter=stable linear=0.30 angular=0.10 cw_y=242 right_done=False start_turn=False count_turn=0 traffic=None stop=False[0m
[self_driving-10] [0m[INFO] [1782514711.566798966] [self_driving]: [IMAGE] received count=660 shape=(480, 640, 3) queue=0[0m
[self_driving-10] [0m[INFO] [1782514711.733505874] [self_driving]: [OBJECTS] msg_count=56 n=1 names=['crosswalk'][0m
[self_driving-10] [0m[INFO] [1782514711.787423799] [self_driving]: [DEBUG_DRIVE] state=LINE_FOLLOW raw_lane_x=57.0 lane_x=57.0 filter=stable linear=0.30 angular=0.10 cw_y=177 right_done=False start_turn=False count_turn=0 traffic=None stop=False[0m
[self_driving-10] [0m[INFO] [1782514712.321809169] [self_driving]: [DEBUG_DRIVE] state=LINE_FOLLOW raw_lane_x=146.0 lane_x=146.0 filter=stable linear=0.30 angular=-0.10 cw_y=0 right_done=False start_turn=False count_turn=0 traffic=None stop=False[0m
[self_driving-10] [0m[INFO] [1782514712.454135392] [self_driving]: [OBJECTS] msg_count=62 n=1 names=['go'][0m
[self_driving-10] [0m[INFO] [1782514712.863899262] [self_driving]: [DEBUG_DRIVE] state=LINE_FOLLOW raw_lane_x=171.0 lane_x=171.0 filter=stable linear=0.30 angular=-0.10 cw_y=187 right_done=False start_turn=False count_turn=0 traffic=None stop=False[0m
[self_driving-10] [0m[INFO] [1782514713.197643299] [self_driving]: [OBJECTS] msg_count=68 n=1 names=['crosswalk'][0m
[self_driving-10] [0m[INFO] [1782514713.203234391] [self_driving]: [TRAFFIC_CANDIDATE] name=red valid=False cx=625 cy=67 area=272 score=0.38 min_area=800[0m
[self_driving-10] [0m[INFO] [1782514713.393833002] [self_driving]: [DEBUG_DRIVE] state=LINE_FOLLOW raw_lane_x=180.5 lane_x=180.5 filter=stable linear=0.30 angular=-0.10 cw_y=0 right_done=False start_turn=False count_turn=0 traffic=None stop=False[0m
[self_driving-10] [0m[INFO] [1782514713.578464687] [self_driving]: [IMAGE] received count=690 shape=(480, 640, 3) queue=0[0m
[self_driving-10] [0m[INFO] [1782514713.922428483] [self_driving]: [OBJECTS] msg_count=74 n=1 names=['go'][0m
[self_driving-10] [0m[INFO] [1782514713.932137539] [self_driving]: [DEBUG_DRIVE] state=LINE_FOLLOW raw_lane_x=87.0 lane_x=87.0 filter=stable linear=0.30 angular=0.10 cw_y=203 right_done=False start_turn=False count_turn=0 traffic=None stop=False[0m
[self_driving-10] [0m[INFO] [1782514714.470184557] [self_driving]: [DEBUG_DRIVE] state=LINE_FOLLOW raw_lane_x=147.0 lane_x=147.0 filter=stable linear=0.30 angular=-0.10 cw_y=318 right_done=False start_turn=False count_turn=0 traffic=None stop=False[0m
[self_driving-10] [0m[INFO] [1782514714.629913927] [self_driving]: [OBJECTS] msg_count=79 n=1 names=['crosswalk'][0m
[self_driving-10] [0m[INFO] [1782514714.991394186] [self_driving]: [DEBUG_DRIVE] state=LINE_FOLLOW raw_lane_x=141.5 lane_x=141.5 filter=stable linear=0.30 angular=-0.10 cw_y=0 right_done=False start_turn=False count_turn=0 traffic=None stop=False[0m
[self_driving-10] [0m[INFO] [1782514715.376757575] [self_driving]: [OBJECTS] msg_count=85 n=1 names=['go'][0m
[self_driving-10] [0m[INFO] [1782514715.548960242] [self_driving]: [DEBUG_DRIVE] state=LINE_FOLLOW raw_lane_x=142.0 lane_x=142.0 filter=stable linear=0.30 angular=-0.10 cw_y=0 right_done=False start_turn=False count_turn=0 traffic=None stop=False[0m
[self_driving-10] [0m[INFO] [1782514715.605922482] [self_driving]: [IMAGE] received count=720 shape=(480, 640, 3) queue=0[0m
[self_driving-10] [0m[INFO] [1782514716.073954908] [self_driving]: [DEBUG_DRIVE] state=LINE_FOLLOW raw_lane_x=129.5 lane_x=129.5 filter=stable linear=0.30 angular=0.10 cw_y=0 right_done=False start_turn=False count_turn=0 traffic=None stop=False[0m
[self_driving-10] [0m[INFO] [1782514716.127769760] [self_driving]: [OBJECTS] msg_count=87 n=1 names=['crosswalk'][0m
[self_driving-10] [0m[INFO] [1782514716.617641760] [self_driving]: [DEBUG_DRIVE] state=LINE_FOLLOW raw_lane_x=127.0 lane_x=127.0 filter=stable linear=0.30 angular=-0.10 cw_y=0 right_done=False start_turn=False count_turn=0 traffic=None stop=False[0m
[self_driving-10] [0m[INFO] [1782514716.805430037] [self_driving]: [OBJECTS] msg_count=90 n=1 names=['crosswalk'][0m
[self_driving-10] [0m[INFO] [1782514717.157372296] [self_driving]: [DEBUG_DRIVE] state=LINE_FOLLOW raw_lane_x=129.5 lane_x=129.5 filter=stable linear=0.30 angular=0.10 cw_y=441 right_done=False start_turn=False count_turn=0 traffic=None stop=False[0m
[self_driving-10] [0m[INFO] [1782514717.624882444] [self_driving]: [IMAGE] received count=750 shape=(480, 640, 3) queue=0[0m
[self_driving-10] [0m[INFO] [1782514717.696027666] [self_driving]: [DEBUG_DRIVE] state=LINE_FOLLOW raw_lane_x=174.5 lane_x=174.5 filter=stable linear=0.30 angular=-0.10 cw_y=441 right_done=False start_turn=False count_turn=0 traffic=None stop=False[0m
[self_driving-10] [0m[INFO] [1782514718.233888610] [self_driving]: [DEBUG_DRIVE] state=LINE_FOLLOW raw_lane_x=246.0 lane_x=246.0 filter=stable linear=0.30 angular=-0.45 cw_y=441 right_done=False start_turn=True count_turn=1 traffic=None stop=False[0m
[self_driving-10] [33m[WARN] [1782514718.305746462] [self_driving]: [LANE_X_JUMP_REJECT] raw=88.5 last=246.0 diff=157.5 candidate=88.5 cnt=1/4[0m
[self_driving-10] [0m[INFO] [1782514718.764087499] [self_driving]: [DEBUG_DRIVE] state=LINE_FOLLOW raw_lane_x=159.5 lane_x=272.5 filter=jump_reject linear=0.30 angular=-0.45 cw_y=441 right_done=False start_turn=True count_turn=3 traffic=None stop=False[0m
[self_driving-10] [33m[WARN] [1782514718.831865462] [self_driving]: [LANE_X_JUMP_REJECT] raw=159.0 last=272.5 diff=113.5 candidate=159.5 cnt=2/4[0m
[self_driving-10] [0m[INFO] [1782514719.294410239] [self_driving]: [DEBUG_DRIVE] state=LINE_FOLLOW raw_lane_x=-1 lane_x=269.5 filter=hold_last linear=0.30 angular=-0.45 cw_y=441 right_done=False start_turn=True count_turn=11 traffic=None stop=False[0m
[self_driving-10] [33m[WARN] [1782514719.385026147] [self_driving]: [LANE_LOST] raw_lane_x=-1 lane_x=-1 filter=lost stop=False state=LINE_FOLLOW safe_linear=0.00 right_ready=False right_done=False[0m
[self_driving-10] [0m[INFO] [1782514719.634051054] [self_driving]: [IMAGE] received count=780 shape=(480, 640, 3) queue=0[0m
[self_driving-10] [0m[INFO] [1782514719.837183609] [self_driving]: [DEBUG_DRIVE] state=LINE_FOLLOW raw_lane_x=-1 lane_x=-1 filter=lost linear=0.30 angular=0.00 cw_y=441 right_done=False start_turn=True count_turn=11 traffic=None stop=False[0m
[self_driving-10] [33m[WARN] [1782514719.907211665] [self_driving]: [LANE_LOST] raw_lane_x=-1 lane_x=-1 filter=lost stop=False state=LINE_FOLLOW safe_linear=0.00 right_ready=False right_done=False[0m
[self_driving-10] [0m[INFO] [1782514720.378320294] [self_driving]: [DEBUG_DRIVE] state=LINE_FOLLOW raw_lane_x=-1 lane_x=-1 filter=lost linear=0.30 angular=0.00 cw_y=441 right_done=False start_turn=True count_turn=11 traffic=None stop=False[0m
[self_driving-10] [33m[WARN] [1782514720.433544739] [self_driving]: [LANE_LOST] raw_lane_x=-1 lane_x=-1 filter=lost stop=False state=LINE_FOLLOW safe_linear=0.00 right_ready=False right_done=False[0m
[self_driving-10] [0m[INFO] [1782514720.917088109] [self_driving]: [DEBUG_DRIVE] state=LINE_FOLLOW raw_lane_x=-1 lane_x=-1 filter=lost linear=0.30 angular=0.00 cw_y=441 right_done=False start_turn=True count_turn=11 traffic=None stop=False[0m
[self_driving-10] [33m[WARN] [1782514720.974400868] [self_driving]: [LANE_LOST] raw_lane_x=-1 lane_x=-1 filter=lost stop=False state=LINE_FOLLOW safe_linear=0.00 right_ready=False right_done=False[0m
[self_driving-10] [0m[INFO] [1782514721.460796312] [self_driving]: [DEBUG_DRIVE] state=LINE_FOLLOW raw_lane_x=-1 lane_x=-1 filter=lost linear=0.30 angular=0.00 cw_y=441 right_done=False start_turn=True count_turn=11 traffic=None stop=False[0m
[self_driving-10] [33m[WARN] [1782514721.526280423] [self_driving]: [LANE_LOST] raw_lane_x=-1 lane_x=-1 filter=lost stop=False state=LINE_FOLLOW safe_linear=0.00 right_ready=False right_done=False[0m
[self_driving-10] [0m[INFO] [1782514721.653493942] [self_driving]: [IMAGE] received count=810 shape=(480, 640, 3) queue=0[0m
[self_driving-10] [33m[WARN] [1782514721.979940441] [self_driving]: [LANE_X_JUMP_REJECT] raw=221.5 last=308.5 diff=87.0 candidate=221.5 cnt=1/4[0m
[self_driving-10] [0m[INFO] [1782514721.981203738] [self_driving]: [DEBUG_DRIVE] state=LINE_FOLLOW raw_lane_x=221.5 lane_x=308.5 filter=jump_reject linear=0.30 angular=-0.45 cw_y=441 right_done=False start_turn=True count_turn=13 traffic=None stop=False[0m
[self_driving-10] [0m[INFO] [1782514722.455664663] [self_driving]: [LANE_X_JUMP_ACCEPT] raw=89.5 last=89.5 cnt=4/4[0m
[self_driving-10] [0m[INFO] [1782514722.528746960] [self_driving]: [DEBUG_DRIVE] state=LINE_FOLLOW raw_lane_x=77.5 lane_x=77.5 filter=stable linear=0.30 angular=0.10 cw_y=441 right_done=False start_turn=False count_turn=0 traffic=None stop=False[0m
[self_driving-10] [0m[INFO] [1782514723.038141200] [self_driving]: [OBJECTS] msg_count=91 n=1 names=['crosswalk'][0m
[self_driving-10] [0m[INFO] [1782514723.087768089] [self_driving]: [DEBUG_DRIVE] state=LINE_FOLLOW raw_lane_x=80.5 lane_x=80.5 filter=stable linear=0.30 angular=0.10 cw_y=168 right_done=False start_turn=False count_turn=0 traffic=None stop=False[0m
[self_driving-10] [0m[INFO] [1782514723.433825552] [self_driving]: [RIGHT_CANDIDATE] valid=False reject=['small_area'] cnt=0 cx=216 cy=128 area=962 score=0.84 done=False[0m
[self_driving-10] [0m[INFO] [1782514723.611230033] [self_driving]: [DEBUG_DRIVE] state=LINE_FOLLOW raw_lane_x=129.5 lane_x=129.5 filter=stable linear=0.30 angular=-0.10 cw_y=187 right_done=False start_turn=False count_turn=0 traffic=None stop=False[0m
[self_driving-10] [0m[INFO] [1782514723.655150107] [self_driving]: [IMAGE] received count=840 shape=(480, 640, 3) queue=0[0m
[self_driving-10] [0m[INFO] [1782514723.835388718] [self_driving]: [OBJECTS] msg_count=95 n=1 names=['right'][0m
[self_driving-10] [0m[INFO] [1782514723.835923144] [self_driving]: [RIGHT_CANDIDATE] valid=False reject=['small_area'] cnt=0 cx=162 cy=123 area=1218 score=0.88 done=False[0m
[self_driving-10] [0m[INFO] [1782514724.142936107] [self_driving]: [DEBUG_DRIVE] state=LINE_FOLLOW raw_lane_x=150.5 lane_x=150.5 filter=stable linear=0.30 angular=-0.10 cw_y=191 right_done=False start_turn=False count_turn=0 traffic=None stop=False[0m
[self_driving-10] [0m[INFO] [1782514724.255409922] [self_driving]: [RIGHT_CANDIDATE] valid=False reject=['small_area'] cnt=0 cx=171 cy=119 area=1380 score=0.87 done=False[0m
[self_driving-10] [0m[INFO] [1782514724.665144218] [self_driving]: [OBJECTS] msg_count=99 n=1 names=['crosswalk'][0m
[self_driving-10] [0m[INFO] [1782514724.683128792] [self_driving]: [DEBUG_DRIVE] state=LINE_FOLLOW raw_lane_x=143.0 lane_x=143.0 filter=stable linear=0.30 angular=-0.10 cw_y=205 right_done=False start_turn=False count_turn=0 traffic=None stop=False[0m
[self_driving-10] [0m[INFO] [1782514725.020260125] [self_driving]: [RIGHT_CANDIDATE] valid=True reject=[] cnt=0 cx=123 cy=108 area=3024 score=0.90 done=False[0m
[self_driving-10] [0m[INFO] [1782514725.217208773] [self_driving]: [DEBUG_DRIVE] state=LINE_FOLLOW raw_lane_x=127.5 lane_x=127.5 filter=stable linear=0.30 angular=0.10 cw_y=216 right_done=False start_turn=False count_turn=0 traffic=None stop=False[0m
[self_driving-10] [0m[INFO] [1782514725.376455291] [self_driving]: [OBJECTS] msg_count=104 n=1 names=['crosswalk'][0m
[self_driving-10] [0m[INFO] [1782514725.380795254] [self_driving]: [RIGHT_CANDIDATE] valid=True reject=[] cnt=1 cx=43 cy=98 area=5166 score=0.84 done=False[0m
[self_driving-10] [0m[INFO] [1782514725.381602625] [self_driving]: [RIGHT_READY] cx=43 cy=98 area=5166 score=0.84[0m
[self_driving-10] [0m[INFO] [1782514725.441527365] [self_driving]: [RIGHT_TRIGGER] enter ARROW_SIGNAL lane_x=134.5 raw_lane_x=134.5 filter=stable cw_y=0 candidate={'cx': 43, 'cy': 98, 'area': 5166, 'score': 0.8399999737739563}[0m
[self_driving-10] [0m[INFO] [1782514725.447947328] [self_driving]: [1;36m[FSM] LINE_FOLLOW -> ARROW_SIGNAL[0m[0m
[self_driving-10] [0m[INFO] [1782514725.672422550] [self_driving]: [IMAGE] received count=870 shape=(480, 640, 3) queue=0[0m
[self_driving-10] [0m[INFO] [1782514725.755984643] [self_driving]: [ARROW_SIGNAL] waiting elapsed=0.31/0.40 direction=right[0m
[self_driving-10] [0m[INFO] [1782514725.894882680] [self_driving]: [ARROW_SIGNAL] done elapsed=0.45 -> INTERSECTION direction=right[0m
[self_driving-10] [0m[INFO] [1782514725.895441884] [self_driving]: [1;36m[FSM] ARROW_SIGNAL -> INTERSECTION[0m[0m
[self_driving-10] [0m[INFO] [1782514726.145941309] [self_driving]: [OBJECTS] msg_count=107 n=1 names=['crosswalk'][0m
[self_driving-10] [0m[INFO] [1782514726.298940606] [self_driving]: [RIGHT_TURN] elapsed=0.40 cmd=(0.10,-0.50) lane_x=105.0[0m
[self_driving-10] [0m[INFO] [1782514726.839253865] [self_driving]: [RIGHT_TURN] elapsed=0.94 cmd=(0.10,-0.50) lane_x=-1[0m
[self_driving-10] [0m[INFO] [1782514726.923341976] [self_driving]: [OBJECTS] msg_count=109 n=1 names=['crosswalk'][0m
[self_driving-10] [0m[INFO] [1782514727.385053920] [self_driving]: [RIGHT_TURN] elapsed=1.49 cmd=(0.10,-0.50) lane_x=255.5[0m
[self_driving-10] [0m[INFO] [1782514727.674067346] [self_driving]: [OBJECTS] msg_count=111 n=1 names=['crosswalk'][0m
[self_driving-10] [0m[INFO] [1782514727.717237605] [self_driving]: [IMAGE] received count=900 shape=(480, 640, 3) queue=0[0m
[self_driving-10] [0m[INFO] [1782514727.734047734] [self_driving]: [1;36m[FSM] INTERSECTION -> LINE_FOLLOW[0m[0m
[self_driving-10] [0m[INFO] [1782514727.734870438] [self_driving]: [RIGHT_TURN] done elapsed=1.84 lane_x=301.5 -> LINE_FOLLOW[0m
[self_driving-10] [33m[WARN] [1782514727.779671753] [self_driving]: [LANE_X_JUMP_REJECT] raw=279.0 last=134.5 diff=144.5 candidate=279.0 cnt=1/4[0m
[self_driving-10] [0m[INFO] [1782514727.899990179] [self_driving]: [DEBUG_DRIVE] state=LINE_FOLLOW raw_lane_x=233.5 lane_x=134.5 filter=jump_reject linear=0.30 angular=-0.10 cw_y=361 right_done=False start_turn=False count_turn=0 traffic=None stop=False[0m
[self_driving-10] [0m[INFO] [1782514728.414146012] [self_driving]: [OBJECTS] msg_count=113 n=1 names=['crosswalk'][0m
[self_driving-10] [0m[INFO] [1782514728.476727734] [self_driving]: [DEBUG_DRIVE] state=LINE_FOLLOW raw_lane_x=-1 lane_x=29.5 filter=hold_last linear=0.30 angular=0.10 cw_y=388 right_done=False start_turn=False count_turn=0 traffic=None stop=False[0m
[self_driving-10] [33m[WARN] [1782514728.590594901] [self_driving]: [LANE_LOST] raw_lane_x=-1 lane_x=-1 filter=lost stop=False state=LINE_FOLLOW safe_linear=0.00 right_ready=False right_done=False[0m
[self_driving-10] [0m[INFO] [1782514728.976123974] [self_driving]: [CROSSWALK_IGNORE] y=22 < th=70[0m
[self_driving-10] [0m[INFO] [1782514728.981015141] [self_driving]: [DEBUG_DRIVE] state=LINE_FOLLOW raw_lane_x=39.0 lane_x=39.0 filter=stable linear=0.30 angular=0.10 cw_y=22 right_done=False start_turn=False count_turn=0 traffic=None stop=False[0m
[self_driving-10] [0m[INFO] [1782514729.193782326] [self_driving]: [OBJECTS] msg_count=117 n=1 names=['crosswalk'][0m
[self_driving-10] [33m[WARN] [1782514729.376818196] [self_driving]: [LANE_X_JUMP_REJECT] raw=161.5 last=50.0 diff=111.5 candidate=161.5 cnt=1/4[0m
[self_driving-10] [0m[INFO] [1782514729.528868937] [self_driving]: [CROSSWALK_IGNORE] y=26 < th=70[0m
[self_driving-10] [0m[INFO] [1782514729.529660344] [self_driving]: [DEBUG_DRIVE] state=LINE_FOLLOW raw_lane_x=180.0 lane_x=50.0 filter=jump_reject linear=0.30 angular=0.10 cw_y=26 right_done=False start_turn=False count_turn=0 traffic=None stop=False[0m
[self_driving-10] [0m[INFO] [1782514729.772104937] [self_driving]: [IMAGE] received count=931 shape=(480, 640, 3) queue=0[0m
[self_driving-10] [33m[WARN] [1782514729.914587307] [self_driving]: [LANE_X_JUMP_REJECT] raw=305.0 last=50.0 diff=255.0 candidate=294.0 cnt=2/4[0m
[self_driving-10] [0m[INFO] [1782514730.051315011] [self_driving]: [CROSSWALK_IGNORE] y=26 < th=70[0m
[self_driving-10] [0m[INFO] [1782514730.053077511] [self_driving]: [DEBUG_DRIVE] state=LINE_FOLLOW raw_lane_x=203.0 lane_x=50.0 filter=jump_reject linear=0.30 angular=0.10 cw_y=26 right_done=False start_turn=False count_turn=0 traffic=None stop=False[0m
[self_driving-10] [33m[WARN] [1782514730.461022251] [self_driving]: [LANE_X_JUMP_REJECT] raw=276.5 last=50.0 diff=226.5 candidate=245.5 cnt=2/4[0m
[self_driving-10] [0m[INFO] [1782514730.600053381] [self_driving]: [CROSSWALK_IGNORE] y=26 < th=70[0m
[self_driving-10] [33m[WARN] [1782514730.601862492] [self_driving]: [LANE_LOST] raw_lane_x=-1 lane_x=-1 filter=lost stop=False state=LINE_FOLLOW safe_linear=0.00 right_ready=False right_done=False[0m
[self_driving-10] [0m[INFO] [1782514730.603483010] [self_driving]: [DEBUG_DRIVE] state=LINE_FOLLOW raw_lane_x=-1 lane_x=-1 filter=lost linear=0.30 angular=0.00 cw_y=26 right_done=False start_turn=False count_turn=0 traffic=None stop=False[0m
[self_driving-10] [33m[WARN] [1782514730.996751269] [self_driving]: [LANE_X_JUMP_REJECT] raw=264.0 last=50.0 diff=214.0 candidate=264.0 cnt=1/4[0m
[self_driving-10] [0m[INFO] [1782514731.161345269] [self_driving]: [CROSSWALK_IGNORE] y=26 < th=70[0m
[self_driving-10] [0m[INFO] [1782514731.167388862] [self_driving]: [DEBUG_DRIVE] state=LINE_FOLLOW raw_lane_x=266.5 lane_x=50.0 filter=jump_reject linear=0.30 angular=0.10 cw_y=26 right_done=False start_turn=False count_turn=0 traffic=None stop=False[0m
[self_driving-10] [33m[WARN] [1782514731.211411214] [self_driving]: [LANE_LOST] raw_lane_x=-1 lane_x=-1 filter=lost stop=False state=LINE_FOLLOW safe_linear=0.00 right_ready=False right_done=False[0m
[self_driving-10] [0m[INFO] [1782514731.395010380] [self_driving]: [LANE_X_JUMP_ACCEPT] raw=294.0 last=294.0 cnt=4/4[0m
[self_driving-10] [0m[INFO] [1782514731.743206065] [self_driving]: [CROSSWALK_IGNORE] y=26 < th=70[0m
[self_driving-10] [0m[INFO] [1782514731.746369658] [self_driving]: [DEBUG_DRIVE] state=LINE_FOLLOW raw_lane_x=189.5 lane_x=189.5 filter=stable linear=0.30 angular=-0.10 cw_y=26 right_done=False start_turn=False count_turn=0 traffic=None stop=False[0m
[self_driving-10] [0m[INFO] [1782514731.789797232] [self_driving]: [IMAGE] received count=961 shape=(480, 640, 3) queue=0[0m
[self_driving-10] [33m[WARN] [1782514732.001638436] [self_driving]: [LANE_X_JUMP_REJECT] raw=19.0 last=266.0 diff=247.0 candidate=19.0 cnt=1/4[0m
[self_driving-10] [0m[INFO] [1782514732.273540880] [self_driving]: [CROSSWALK_IGNORE] y=26 < th=70[0m
[self_driving-10] [0m[INFO] [1782514732.274238584] [self_driving]: [DEBUG_DRIVE] state=LINE_FOLLOW raw_lane_x=304.0 lane_x=212.0 filter=jump_reject linear=0.30 angular=-0.45 cw_y=26 right_done=False start_turn=True count_turn=1 traffic=None stop=False[0m
[self_driving-10] [33m[WARN] [1782514732.548719083] [self_driving]: [LANE_LOST] raw_lane_x=-1 lane_x=-1 filter=lost stop=False state=LINE_FOLLOW safe_linear=0.00 right_ready=False right_done=False[0m
[self_driving-10] [33m[WARN] [1782514732.688650787] [self_driving]: [LANE_X_JUMP_REJECT] raw=300.5 last=212.0 diff=88.5 candidate=312.0 cnt=3/4[0m
[self_driving-10] [0m[INFO] [1782514732.746728954] [self_driving]: [LANE_X_JUMP_ACCEPT] raw=300.0 last=300.0 cnt=4/4[0m
[self_driving-10] [0m[INFO] [1782514732.812848676] [self_driving]: [CROSSWALK_IGNORE] y=26 < th=70[0m
[self_driving-10] [0m[INFO] [1782514732.813638768] [self_driving]: [DEBUG_DRIVE] state=LINE_FOLLOW raw_lane_x=248.0 lane_x=248.0 filter=stable linear=0.30 angular=-0.45 cw_y=26 right_done=False start_turn=True count_turn=7 traffic=None stop=False[0m
[self_driving-10] [0m[INFO] [1782514732.988577398] [self_driving]: [OBJECTS] msg_count=118 n=1 names=['crosswalk'][0m
[self_driving-10] [0m[INFO] [1782514733.344756138] [self_driving]: [DEBUG_DRIVE] state=LINE_FOLLOW raw_lane_x=119.5 lane_x=119.5 filter=stable linear=0.30 angular=0.00 cw_y=90 right_done=False start_turn=True count_turn=0 traffic=None stop=False[0m
[self_driving-10] [0m[INFO] [1782514733.817941805] [self_driving]: [IMAGE] received count=991 shape=(480, 640, 3) queue=0[0m
[self_driving-10] [0m[INFO] [1782514733.890150490] [self_driving]: [DEBUG_DRIVE] state=LINE_FOLLOW raw_lane_x=272.0 lane_x=272.0 filter=stable linear=0.30 angular=-0.45 cw_y=361 right_done=False start_turn=True count_turn=6 traffic=None stop=False[0m
[self_driving-10] [33m[WARN] [1782514733.956372805] [self_driving]: [LANE_X_JUMP_REJECT] raw=189.0 last=272.0 diff=83.0 candidate=189.0 cnt=1/4[0m
[self_driving-10] [0m[INFO] [1782514734.168154638] [self_driving]: [OBJECTS] msg_count=120 n=1 names=['crosswalk'][0m
[self_driving-10] [33m[WARN] [1782514734.302861730] [self_driving]: [LANE_LOST] raw_lane_x=-1 lane_x=-1 filter=lost stop=False state=LINE_FOLLOW safe_linear=0.00 right_ready=False right_done=False[0m
[self_driving-10] [0m[INFO] [1782514734.425668027] [self_driving]: [DEBUG_DRIVE] state=LINE_FOLLOW raw_lane_x=-1 lane_x=-1 filter=lost linear=0.30 angular=0.00 cw_y=170 right_done=False start_turn=True count_turn=11 traffic=None stop=False[0m
[self_driving-10] [33m[WARN] [1782514734.708903415] [self_driving]: [LANE_X_JUMP_REJECT] raw=11.5 last=272.0 diff=260.5 candidate=43.5 cnt=3/4[0m
[self_driving-10] [0m[INFO] [1782514734.959395934] [self_driving]: [DEBUG_DRIVE] state=LINE_FOLLOW raw_lane_x=297.0 lane_x=297.0 filter=stable linear=0.30 angular=-0.45 cw_y=170 right_done=False start_turn=True count_turn=16 traffic=None stop=False[0m
[self_driving-10] [33m[WARN] [1782514735.366105396] [self_driving]: [LANE_LOST] raw_lane_x=-1 lane_x=-1 filter=lost stop=False state=LINE_FOLLOW safe_linear=0.00 right_ready=False right_done=False[0m
[self_driving-10] [0m[INFO] [1782514735.496127619] [self_driving]: [DEBUG_DRIVE] state=LINE_FOLLOW raw_lane_x=-1 lane_x=-1 filter=lost linear=0.30 angular=0.00 cw_y=170 right_done=False start_turn=True count_turn=21 traffic=None stop=False[0m
[self_driving-10] [0m[INFO] [1782514735.831289304] [self_driving]: [IMAGE] received count=1021 shape=(480, 640, 3) queue=0[0m
[self_driving-10] [33m[WARN] [1782514735.900039896] [self_driving]: [LANE_LOST] raw_lane_x=-1 lane_x=-1 filter=lost stop=False state=LINE_FOLLOW safe_linear=0.00 right_ready=False right_done=False[0m
[self_driving-10] [0m[INFO] [1782514736.039962118] [self_driving]: [DEBUG_DRIVE] state=LINE_FOLLOW raw_lane_x=-1 lane_x=-1 filter=lost linear=0.30 angular=0.00 cw_y=170 right_done=False start_turn=True count_turn=21 traffic=None stop=False[0m
[self_driving-10] [33m[WARN] [1782514736.438879322] [self_driving]: [LANE_LOST] raw_lane_x=-1 lane_x=-1 filter=lost stop=False state=LINE_FOLLOW safe_linear=0.00 right_ready=False right_done=False[0m
[self_driving-10] [0m[INFO] [1782514736.578953174] [self_driving]: [DEBUG_DRIVE] state=LINE_FOLLOW raw_lane_x=-1 lane_x=-1 filter=lost linear=0.30 angular=0.00 cw_y=170 right_done=False start_turn=True count_turn=21 traffic=None stop=False[0m
[self_driving-10] [33m[WARN] [1782514736.991680284] [self_driving]: [LANE_LOST] raw_lane_x=-1 lane_x=-1 filter=lost stop=False state=LINE_FOLLOW safe_linear=0.00 right_ready=False right_done=False[0m
[self_driving-10] [0m[INFO] [1782514737.138993766] [self_driving]: [DEBUG_DRIVE] state=LINE_FOLLOW raw_lane_x=-1 lane_x=-1 filter=lost linear=0.30 angular=0.00 cw_y=170 right_done=False start_turn=True count_turn=21 traffic=None stop=False[0m
[self_driving-10] [33m[WARN] [1782514737.619207303] [self_driving]: [LANE_LOST] raw_lane_x=-1 lane_x=-1 filter=lost stop=False state=LINE_FOLLOW safe_linear=0.00 right_ready=False right_done=False[0m
[self_driving-10] [0m[INFO] [1782514737.674193840] [self_driving]: [DEBUG_DRIVE] state=LINE_FOLLOW raw_lane_x=-1 lane_x=-1 filter=lost linear=0.30 angular=0.00 cw_y=170 right_done=False start_turn=True count_turn=27 traffic=None stop=False[0m
[self_driving-10] [0m[INFO] [1782514737.877203488] [self_driving]: [IMAGE] received count=1050 shape=(480, 640, 3) queue=0[0m
[self_driving-10] [33m[WARN] [1782514738.160041358] [self_driving]: [LANE_LOST] raw_lane_x=-1 lane_x=-1 filter=lost stop=False state=LINE_FOLLOW safe_linear=0.00 right_ready=False right_done=False[0m
[self_driving-10] [0m[INFO] [1782514738.217154802] [self_driving]: [DEBUG_DRIVE] state=LINE_FOLLOW raw_lane_x=-1 lane_x=-1 filter=lost linear=0.30 angular=0.00 cw_y=170 right_done=False start_turn=True count_turn=27 traffic=None stop=False[0m
[self_driving-10] [33m[WARN] [1782514738.679895320] [self_driving]: [LANE_LOST] raw_lane_x=-1 lane_x=-1 filter=lost stop=False state=LINE_FOLLOW safe_linear=0.00 right_ready=False right_done=False[0m
[self_driving-10] [0m[INFO] [1782514738.756663950] [self_driving]: [DEBUG_DRIVE] state=LINE_FOLLOW raw_lane_x=-1 lane_x=-1 filter=lost linear=0.30 angular=0.00 cw_y=170 right_done=False start_turn=True count_turn=27 traffic=None stop=False[0m
[self_driving-10] [33m[WARN] [1782514739.217604987] [self_driving]: [LANE_LOST] raw_lane_x=-1 lane_x=-1 filter=lost stop=False state=LINE_FOLLOW safe_linear=0.00 right_ready=False right_done=False[0m
[self_driving-10] [0m[INFO] [1782514739.290493783] [self_driving]: [DEBUG_DRIVE] state=LINE_FOLLOW raw_lane_x=-1 lane_x=-1 filter=lost linear=0.30 angular=0.00 cw_y=170 right_done=False start_turn=True count_turn=27 traffic=None stop=False[0m
[self_driving-10] [33m[WARN] [1782514739.764330227] [self_driving]: [LANE_LOST] raw_lane_x=-1 lane_x=-1 filter=lost stop=False state=LINE_FOLLOW safe_linear=0.00 right_ready=False right_done=False[0m
[self_driving-10] [0m[INFO] [1782514739.835306394] [self_driving]: [DEBUG_DRIVE] state=LINE_FOLLOW raw_lane_x=-1 lane_x=-1 filter=lost linear=0.30 angular=0.00 cw_y=170 right_done=False start_turn=True count_turn=27 traffic=None stop=False[0m
[self_driving-10] [0m[INFO] [1782514739.901447801] [self_driving]: [IMAGE] received count=1080 shape=(480, 640, 3) queue=0[0m
[self_driving-10] [33m[WARN] [1782514740.311266338] [self_driving]: [LANE_LOST] raw_lane_x=-1 lane_x=-1 filter=lost stop=False state=LINE_FOLLOW safe_linear=0.00 right_ready=False right_done=False[0m
[self_driving-10] [0m[INFO] [1782514740.370471042] [self_driving]: [DEBUG_DRIVE] state=LINE_FOLLOW raw_lane_x=-1 lane_x=-1 filter=lost linear=0.30 angular=0.00 cw_y=170 right_done=False start_turn=True count_turn=27 traffic=None stop=False[0m
[self_driving-10] [33m[WARN] [1782514740.835990912] [self_driving]: [LANE_LOST] raw_lane_x=-1 lane_x=-1 filter=lost stop=False state=LINE_FOLLOW safe_linear=0.00 right_ready=False right_done=False[0m
[self_driving-10] [0m[INFO] [1782514740.907372004] [self_driving]: [DEBUG_DRIVE] state=LINE_FOLLOW raw_lane_x=-1 lane_x=-1 filter=lost linear=0.30 angular=0.00 cw_y=170 right_done=False start_turn=True count_turn=27 traffic=None stop=False[0m
[self_driving-10] [0m[INFO] [1782514740.985539023] [self_driving]: [OBJECTS] msg_count=122 n=1 names=['go'][0m
[self_driving-10] [33m[WARN] [1782514741.396671985] [self_driving]: [LANE_LOST] raw_lane_x=-1 lane_x=-1 filter=lost stop=False state=LINE_FOLLOW safe_linear=0.00 right_ready=False right_done=False[0m
[self_driving-10] [0m[INFO] [1782514741.445870578] [self_driving]: [DEBUG_DRIVE] state=LINE_FOLLOW raw_lane_x=-1 lane_x=-1 filter=lost linear=0.30 angular=0.00 cw_y=0 right_done=False start_turn=True count_turn=27 traffic=None stop=False[0m
[self_driving-10] [0m[INFO] [1782514741.909300744] [self_driving]: [IMAGE] received count=1110 shape=(480, 640, 3) queue=0[0m
[self_driving-10] [33m[WARN] [1782514741.921448689] [self_driving]: [LANE_LOST] raw_lane_x=-1 lane_x=-1 filter=lost stop=False state=LINE_FOLLOW safe_linear=0.00 right_ready=False right_done=False[0m
[self_driving-10] [0m[INFO] [1782514741.976084781] [self_driving]: [DEBUG_DRIVE] state=LINE_FOLLOW raw_lane_x=-1 lane_x=-1 filter=lost linear=0.30 angular=0.00 cw_y=0 right_done=False start_turn=True count_turn=27 traffic=None stop=False[0m
[self_driving-10] [33m[WARN] [1782514742.440518633] [self_driving]: [LANE_LOST] raw_lane_x=-1 lane_x=-1 filter=lost stop=False state=LINE_FOLLOW safe_linear=0.00 right_ready=False right_done=False[0m
[self_driving-10] [0m[INFO] [1782514742.504779744] [self_driving]: [DEBUG_DRIVE] state=LINE_FOLLOW raw_lane_x=-1 lane_x=-1 filter=lost linear=0.30 angular=0.00 cw_y=0 right_done=False start_turn=True count_turn=27 traffic=None stop=False[0m
[self_driving-10] [33m[WARN] [1782514743.006113744] [self_driving]: [LANE_LOST] raw_lane_x=-1 lane_x=-1 filter=lost stop=False state=LINE_FOLLOW safe_linear=0.00 right_ready=False right_done=False[0m
[self_driving-10] [0m[INFO] [1782514743.006848096] [self_driving]: [DEBUG_DRIVE] state=LINE_FOLLOW raw_lane_x=-1 lane_x=-1 filter=lost linear=0.30 angular=0.00 cw_y=0 right_done=False start_turn=True count_turn=27 traffic=None stop=False[0m
[self_driving-10] [33m[WARN] [1782514743.510437447] [self_driving]: [LANE_LOST] raw_lane_x=-1 lane_x=-1 filter=lost stop=False state=LINE_FOLLOW safe_linear=0.00 right_ready=False right_done=False[0m
[self_driving-10] [0m[INFO] [1782514743.511048818] [self_driving]: [DEBUG_DRIVE] state=LINE_FOLLOW raw_lane_x=-1 lane_x=-1 filter=lost linear=0.30 angular=0.00 cw_y=0 right_done=False start_turn=True count_turn=27 traffic=None stop=False[0m
[self_driving-10] [0m[INFO] [1782514743.918041077] [self_driving]: [IMAGE] received count=1140 shape=(480, 640, 3) queue=0[0m
[self_driving-10] [33m[WARN] [1782514744.087981484] [self_driving]: [LANE_LOST] raw_lane_x=-1 lane_x=-1 filter=lost stop=False state=LINE_FOLLOW safe_linear=0.00 right_ready=False right_done=False[0m
[self_driving-10] [0m[INFO] [1782514744.091776595] [self_driving]: [DEBUG_DRIVE] state=LINE_FOLLOW raw_lane_x=-1 lane_x=-1 filter=lost linear=0.30 angular=0.00 cw_y=0 right_done=False start_turn=True count_turn=27 traffic=None stop=False[0m
[self_driving-10] [0m[INFO] [1782514744.407452206] [self_driving]: [OBJECTS] msg_count=123 n=1 names=['crosswalk'][0m
[self_driving-10] [33m[WARN] [1782514744.601536669] [self_driving]: [LANE_LOST] raw_lane_x=-1 lane_x=-1 filter=lost stop=False state=LINE_FOLLOW safe_linear=0.00 right_ready=False right_done=False[0m
[self_driving-10] [0m[INFO] [1782514744.602014706] [self_driving]: [DEBUG_DRIVE] state=LINE_FOLLOW raw_lane_x=-1 lane_x=-1 filter=lost linear=0.30 angular=0.00 cw_y=79 right_done=False start_turn=True count_turn=27 traffic=None stop=False[0m
[self_driving-10] [0m[INFO] [1782514744.800190872] [self_driving]: [TRAFFIC_CANDIDATE] name=red valid=False cx=618 cy=222 area=4042 score=0.27 min_area=800[0m
[self_driving-10] [33m[WARN] [1782514745.138443391] [self_driving]: [LANE_LOST] raw_lane_x=-1 lane_x=-1 filter=lost stop=False state=LINE_FOLLOW safe_linear=0.00 right_ready=False right_done=False[0m
[self_driving-10] [0m[INFO] [1782514745.141916854] [self_driving]: [DEBUG_DRIVE] state=LINE_FOLLOW raw_lane_x=-1 lane_x=-1 filter=lost linear=0.30 angular=0.00 cw_y=0 right_done=False start_turn=True count_turn=27 traffic=None stop=False[0m
[self_driving-10] [33m[WARN] [1782514745.665528501] [self_driving]: [LANE_LOST] raw_lane_x=-1 lane_x=-1 filter=lost stop=False state=LINE_FOLLOW safe_linear=0.00 right_ready=False right_done=False[0m
[self_driving-10] [0m[INFO] [1782514745.666013168] [self_driving]: [DEBUG_DRIVE] state=LINE_FOLLOW raw_lane_x=-1 lane_x=-1 filter=lost linear=0.30 angular=0.00 cw_y=0 right_done=False start_turn=True count_turn=27 traffic=None stop=False[0m
[self_driving-10] [0m[INFO] [1782514745.942040316] [self_driving]: [IMAGE] received count=1170 shape=(480, 640, 3) queue=0[0m
[self_driving-10] [33m[WARN] [1782514746.207879557] [self_driving]: [LANE_LOST] raw_lane_x=-1 lane_x=-1 filter=lost stop=False state=LINE_FOLLOW safe_linear=0.00 right_ready=False right_done=False[0m
[self_driving-10] [0m[INFO] [1782514746.211166779] [self_driving]: [DEBUG_DRIVE] state=LINE_FOLLOW raw_lane_x=-1 lane_x=-1 filter=lost linear=0.30 angular=0.00 cw_y=0 right_done=False start_turn=True count_turn=27 traffic=None stop=False[0m
[self_driving-10] [33m[WARN] [1782514746.763505890] [self_driving]: [LANE_LOST] raw_lane_x=-1 lane_x=-1 filter=lost stop=False state=LINE_FOLLOW safe_linear=0.00 right_ready=False right_done=False[0m
[self_driving-10] [0m[INFO] [1782514746.764201519] [self_driving]: [DEBUG_DRIVE] state=LINE_FOLLOW raw_lane_x=-1 lane_x=-1 filter=lost linear=0.30 angular=0.00 cw_y=0 right_done=False start_turn=True count_turn=27 traffic=None stop=False[0m
[self_driving-10] [33m[WARN] [1782514747.282458760] [self_driving]: [LANE_LOST] raw_lane_x=-1 lane_x=-1 filter=lost stop=False state=LINE_FOLLOW safe_linear=0.00 right_ready=False right_done=False[0m
[self_driving-10] [0m[INFO] [1782514747.283134371] [self_driving]: [DEBUG_DRIVE] state=LINE_FOLLOW raw_lane_x=-1 lane_x=-1 filter=lost linear=0.30 angular=0.00 cw_y=0 right_done=False start_turn=True count_turn=27 traffic=None stop=False[0m
[self_driving-10] [33m[WARN] [1782514747.827057093] [self_driving]: [LANE_LOST] raw_lane_x=-1 lane_x=-1 filter=lost stop=False state=LINE_FOLLOW safe_linear=0.00 right_ready=False right_done=False[0m
[self_driving-10] [0m[INFO] [1782514747.827670500] [self_driving]: [DEBUG_DRIVE] state=LINE_FOLLOW raw_lane_x=-1 lane_x=-1 filter=lost linear=0.30 angular=0.00 cw_y=0 right_done=False start_turn=True count_turn=27 traffic=None stop=False[0m
[self_driving-10] [0m[INFO] [1782514747.983706815] [self_driving]: [IMAGE] received count=1200 shape=(480, 640, 3) queue=0[0m
[self_driving-10] [33m[WARN] [1782514748.387942055] [self_driving]: [LANE_LOST] raw_lane_x=-1 lane_x=-1 filter=lost stop=False state=LINE_FOLLOW safe_linear=0.00 right_ready=False right_done=False[0m
[self_driving-10] [0m[INFO] [1782514748.391062796] [self_driving]: [DEBUG_DRIVE] state=LINE_FOLLOW raw_lane_x=-1 lane_x=-1 filter=lost linear=0.30 angular=0.00 cw_y=0 right_done=False start_turn=True count_turn=27 traffic=None stop=False[0m
[self_driving-10] [33m[WARN] [1782514748.905126833] [self_driving]: [LANE_LOST] raw_lane_x=-1 lane_x=-1 filter=lost stop=False state=LINE_FOLLOW safe_linear=0.00 right_ready=False right_done=False[0m
[self_driving-10] [0m[INFO] [1782514748.905706092] [self_driving]: [DEBUG_DRIVE] state=LINE_FOLLOW raw_lane_x=-1 lane_x=-1 filter=lost linear=0.30 angular=0.00 cw_y=0 right_done=False start_turn=True count_turn=27 traffic=None stop=False[0m
[self_driving-10] [33m[WARN] [1782514749.435429647] [self_driving]: [LANE_LOST] raw_lane_x=-1 lane_x=-1 filter=lost stop=False state=LINE_FOLLOW safe_linear=0.00 right_ready=False right_done=False[0m
[self_driving-10] [0m[INFO] [1782514749.436236833] [self_driving]: [DEBUG_DRIVE] state=LINE_FOLLOW raw_lane_x=-1 lane_x=-1 filter=lost linear=0.30 angular=0.00 cw_y=0 right_done=False start_turn=True count_turn=27 traffic=None stop=False[0m
[self_driving-10] [33m[WARN] [1782514749.979238573] [self_driving]: [LANE_LOST] raw_lane_x=-1 lane_x=-1 filter=lost stop=False state=LINE_FOLLOW safe_linear=0.00 right_ready=False right_done=False[0m
[self_driving-10] [0m[INFO] [1782514749.979870091] [self_driving]: [DEBUG_DRIVE] state=LINE_FOLLOW raw_lane_x=-1 lane_x=-1 filter=lost linear=0.30 angular=0.00 cw_y=0 right_done=False start_turn=True count_turn=27 traffic=None stop=False[0m
[self_driving-10] [0m[INFO] [1782514750.044679091] [self_driving]: [IMAGE] received count=1231 shape=(480, 640, 3) queue=0[0m
[self_driving-10] [33m[WARN] [1782514750.509322054] [self_driving]: [LANE_LOST] raw_lane_x=-1 lane_x=-1 filter=lost stop=False state=LINE_FOLLOW safe_linear=0.00 right_ready=False right_done=False[0m
[self_driving-10] [0m[INFO] [1782514750.511668332] [self_driving]: [DEBUG_DRIVE] state=LINE_FOLLOW raw_lane_x=-1 lane_x=-1 filter=lost linear=0.30 angular=0.00 cw_y=0 right_done=False start_turn=True count_turn=27 traffic=None stop=False[0m
[self_driving-10] [33m[WARN] [1782514751.059558406] [self_driving]: [LANE_LOST] raw_lane_x=-1 lane_x=-1 filter=lost stop=False state=LINE_FOLLOW safe_linear=0.00 right_ready=False right_done=False[0m
[self_driving-10] [0m[INFO] [1782514751.060348739] [self_driving]: [DEBUG_DRIVE] state=LINE_FOLLOW raw_lane_x=-1 lane_x=-1 filter=lost linear=0.30 angular=0.00 cw_y=0 right_done=False start_turn=True count_turn=27 traffic=None stop=False[0m
[self_driving-10] [33m[WARN] [1782514751.600250165] [self_driving]: [LANE_LOST] raw_lane_x=-1 lane_x=-1 filter=lost stop=False state=LINE_FOLLOW safe_linear=0.00 right_ready=False right_done=False[0m
[self_driving-10] [0m[INFO] [1782514751.607050553] [self_driving]: [DEBUG_DRIVE] state=LINE_FOLLOW raw_lane_x=-1 lane_x=-1 filter=lost linear=0.30 angular=0.00 cw_y=0 right_done=False start_turn=True count_turn=27 traffic=None stop=False[0m
[self_driving-10] [0m[INFO] [1782514752.125274498] [self_driving]: [IMAGE] received count=1262 shape=(480, 640, 3) queue=0[0m
[self_driving-10] [33m[WARN] [1782514752.138098701] [self_driving]: [LANE_LOST] raw_lane_x=-1 lane_x=-1 filter=lost stop=False state=LINE_FOLLOW safe_linear=0.00 right_ready=False right_done=False[0m
[self_driving-10] [0m[INFO] [1782514752.138709683] [self_driving]: [DEBUG_DRIVE] state=LINE_FOLLOW raw_lane_x=-1 lane_x=-1 filter=lost linear=0.30 angular=0.00 cw_y=0 right_done=False start_turn=True count_turn=27 traffic=None stop=False[0m
