[INFO] [launch]: All log files can be found below /home/ubuntu/.ros/log/2026-06-27-02-39-16-628066-raspberrypi-1617620
[INFO] [launch]: Default logging verbosity is set to INFO
[INFO] [ascamera_node-1]: process started with pid [1617630]
[INFO] [static_transform_publisher-2]: process started with pid [1617632]
[INFO] [static_transform_publisher-3]: process started with pid [1617634]
[INFO] [joint_state_publisher-4]: process started with pid [1617636]
[INFO] [robot_state_publisher-5]: process started with pid [1617638]
[INFO] [ros_robot_controller-6]: process started with pid [1617656]
[INFO] [odom_publisher-7]: process started with pid [1617660]
[INFO] [ekf_node-8]: process started with pid [1617662]
[INFO] [yolo_detect-9]: process started with pid [1617664]
[INFO] [self_driving-10]: process started with pid [1617666]
[static_transform_publisher-2] [33m[WARN] [1782527957.346168719] []: Old-style arguments are deprecated; see --help for new-style arguments[0m
[static_transform_publisher-3] [33m[WARN] [1782527957.346851775] []: Old-style arguments are deprecated; see --help for new-style arguments[0m
[static_transform_publisher-3] [0m[INFO] [1782527957.366348460] [static_transform_publisher_ytpKy4raIwiGW861]: Spinning until stopped - publishing transform
[static_transform_publisher-3] translation: ('0.000000', '0.000000', '0.000000')
[static_transform_publisher-3] rotation: ('-0.500000', '0.499602', '-0.500000', '0.500398')
[static_transform_publisher-3] from 'depth_cam' to 'ascamera_color_0'[0m
[ascamera_node-1] [0m[INFO] [1782527957.395395738] [as_logger]: hello world angstrong camera ros2 node[0m
[static_transform_publisher-2] [0m[INFO] [1782527957.395866145] [static_transform_publisher_1uHy6TmrPiZV2KCB]: Spinning until stopped - publishing transform
[static_transform_publisher-2] translation: ('0.000000', '0.000000', '0.000000')
[static_transform_publisher-2] rotation: ('-0.500000', '0.499602', '-0.500000', '0.500398')
[static_transform_publisher-2] from 'depth_cam' to 'ascamera_camera_link_0'[0m
[ekf_node-8] [37;1m2026-06-27 02:39:17.409 [31;1m[[37;1mRTPS_TRANSPORT_SHM[31;1m Error] [37mFailed init_port fastrtps_port58421: open_and_lock_file failed[34;1m -> Function [36mopen_port_internal[m
[robot_state_publisher-5] [37;1m2026-06-27 02:39:17.412 [31;1m[[37;1mRTPS_TRANSPORT_SHM[31;1m Error] [37mFailed init_port fastrtps_port58421: open_and_lock_file failed[34;1m -> Function [36mopen_port_internal[m
[robot_state_publisher-5] [37;1m2026-06-27 02:39:17.412 [31;1m[[37;1mRTPS_TRANSPORT_SHM[31;1m Error] [37mFailed init_port fastrtps_port58427: open_and_lock_file failed[34;1m -> Function [36mopen_port_internal[m
[ascamera_node-1] 2026-06-27 02:39:17[INFO] [CameraPublisher.cpp] [1558] [printLaunchParams] get depth_width 640
[ascamera_node-1] 2026-06-27 02:39:17[INFO] [CameraPublisher.cpp] [1559] [printLaunchParams] get depth_height 480
[ascamera_node-1] 2026-06-27 02:39:17[INFO] [CameraPublisher.cpp] [1561] [printLaunchParams] get rgb_width 640
[ascamera_node-1] 2026-06-27 02:39:17[INFO] [CameraPublisher.cpp] [1562] [printLaunchParams] get rgb_height 480
[ascamera_node-1] 2026-06-27 02:39:17[INFO] [CameraPublisher.cpp] [1570] [printLaunchParams] get set_fps 15
[ascamera_node-1] 2026-06-27 02:39:17[INFO] [CameraPublisher.cpp] [1578] [printLaunchParams] get color_pcl 1
[ascamera_node-1] 2026-06-27 02:39:17[INFO] [CameraPublisher.cpp] [1582] [printLaunchParams] get pub_tfTree 1
[ascamera_node-1] 2026-06-27 02:39:17[INFO] [CameraSrv.cpp] [35] [CameraSrv] Angstrong camera server
[ascamera_node-1] 2026-06-27 02:39:17[INFO] [CameraSrv.cpp] [45] [CameraSrv] Angstrong camera sdk version:v1.2.22.20240516
[robot_state_publisher-5] [0m[INFO] [1782527957.569196830] [robot_state_publisher]: got segment base_footprint[0m
[robot_state_publisher-5] [0m[INFO] [1782527957.569344201] [robot_state_publisher]: got segment base_link[0m
[robot_state_publisher-5] [0m[INFO] [1782527957.569358201] [robot_state_publisher]: got segment depth_cam[0m
[robot_state_publisher-5] [0m[INFO] [1782527957.569366256] [robot_state_publisher]: got segment imu_link[0m
[robot_state_publisher-5] [0m[INFO] [1782527957.569375793] [robot_state_publisher]: got segment lidar_frame[0m
[robot_state_publisher-5] [0m[INFO] [1782527957.569383052] [robot_state_publisher]: got segment wheel_lb_Link[0m
[robot_state_publisher-5] [0m[INFO] [1782527957.569390960] [robot_state_publisher]: got segment wheel_lf_Link[0m
[robot_state_publisher-5] [0m[INFO] [1782527957.569398386] [robot_state_publisher]: got segment wheel_rb_Link[0m
[robot_state_publisher-5] [0m[INFO] [1782527957.569405886] [robot_state_publisher]: got segment wheel_rf_Link[0m
[joint_state_publisher-4] [37;1m2026-06-27 02:39:17.857 [31;1m[[37;1mRTPS_TRANSPORT_SHM[31;1m Error] [37mFailed init_port fastrtps_port58421: open_and_lock_file failed[34;1m -> Function [36mopen_port_internal[m
[joint_state_publisher-4] [37;1m2026-06-27 02:39:17.858 [31;1m[[37;1mRTPS_TRANSPORT_SHM[31;1m Error] [37mFailed init_port fastrtps_port58427: open_and_lock_file failed[34;1m -> Function [36mopen_port_internal[m
[joint_state_publisher-4] [0m[INFO] [1782527958.030935460] [joint_state_publisher]: Waiting for robot_description to be published on the robot_description topic...[0m
[ros_robot_controller-6] [37;1m2026-06-27 02:39:18.249 [31;1m[[37;1mRTPS_TRANSPORT_SHM[31;1m Error] [37mFailed init_port fastrtps_port58421: open_and_lock_file failed[34;1m -> Function [36mopen_port_internal[m
[ros_robot_controller-6] [37;1m2026-06-27 02:39:18.249 [31;1m[[37;1mRTPS_TRANSPORT_SHM[31;1m Error] [37mFailed init_port fastrtps_port58427: open_and_lock_file failed[34;1m -> Function [36mopen_port_internal[m
[odom_publisher-7] [37;1m2026-06-27 02:39:18.306 [31;1m[[37;1mRTPS_TRANSPORT_SHM[31;1m Error] [37mFailed init_port fastrtps_port58421: open_and_lock_file failed[34;1m -> Function [36mopen_port_internal[m
[odom_publisher-7] [37;1m2026-06-27 02:39:18.307 [31;1m[[37;1mRTPS_TRANSPORT_SHM[31;1m Error] [37mFailed init_port fastrtps_port58427: open_and_lock_file failed[34;1m -> Function [36mopen_port_internal[m
[ascamera_node-1] 2026-06-27 02:39:18[INFO] [CameraSrv.cpp] [114] [onAttached] attached
[ascamera_node-1] 2026-06-27 02:39:18[INFO] [CameraSrv.cpp] [145] [onAttached] this is a new attach device, create and open it
[odom_publisher-7] [0m[INFO] [1782527958.703944385] [odom_publisher]: [1;32m0.930000 1.010000[0m[0m
[odom_publisher-7] [0m[INFO] [1782527958.716774089] [odom_publisher]: [1;32mstart[0m[0m
[self_driving-10] [37;1m2026-06-27 02:39:18.752 [31;1m[[37;1mRTPS_TRANSPORT_SHM[31;1m Error] [37mFailed init_port fastrtps_port58421: open_and_lock_file failed[34;1m -> Function [36mopen_port_internal[m
[self_driving-10] [37;1m2026-06-27 02:39:18.752 [31;1m[[37;1mRTPS_TRANSPORT_SHM[31;1m Error] [37mFailed init_port fastrtps_port58427: open_and_lock_file failed[34;1m -> Function [36mopen_port_internal[m
[ros_robot_controller-6] [0m[INFO] [1782527959.369017551] [ros_robot_controller]: 已设置舵机 1 的偏移量为 0[0m
[ros_robot_controller-6] [0m[INFO] [1782527959.371432829] [ros_robot_controller]: 已设置舵机 2 的偏移量为 0[0m
[ros_robot_controller-6] [0m[INFO] [1782527959.372939570] [ros_robot_controller]: 已设置舵机 3 的偏移量为 4[0m
[ros_robot_controller-6] [0m[INFO] [1782527959.374708033] [ros_robot_controller]: 已设置舵机 4 的偏移量为 0[0m
[ros_robot_controller-6] [0m[INFO] [1782527959.380249811] [ros_robot_controller]: [1;32mstart[0m[0m
[ascamera_node-1] 2026-06-27 02:39:19[INFO] [CameraSrv.cpp] [154] [onAttached] get model type 9
[ascamera_node-1] 2026-06-27 02:39:19[INFO] [CameraSrv.cpp] [342] [getConfigFile] get file: /home/ubuntu/third_party_ros2/third_party_ws/src/ascamera/configurationfiles/hp60c_v2_00_20230704_configEncrypt.json
[ascamera_node-1] 2026-06-27 02:39:19[INFO] [CameraPublisher.cpp] [1501] [logCameraPathInfo] usb camera
[ascamera_node-1] 2026-06-27 02:39:19[INFO] [CameraPublisher.cpp] [1502] [logCameraPathInfo] bnum:1
[ascamera_node-1] 2026-06-27 02:39:19[INFO] [CameraPublisher.cpp] [1503] [logCameraPathInfo] dnum:10
[ascamera_node-1] 2026-06-27 02:39:19[INFO] [CameraPublisher.cpp] [1504] [logCameraPathInfo] port_numbers:2
[ascamera_node-1] 2026-06-27 02:39:19[INFO] [CameraPublisher.cpp] [171] [onCameraAttached] create a new publisher info set
[ascamera_node-1] 2026-06-27 02:39:19[INFO] [TfTreeFrameIdInfo.cpp] [11] [TfTreeFrameIdInfo] Namespace /ascamera
[ascamera_node-1] 2026-06-27 02:39:19[INFO] [CameraHp60c.cpp] [128] [open] according to the configuration file.
[ascamera_node-1] 2026-06-27 02:39:19[INFO] [CameraHp60c.cpp] [1528] [parseConfigFileParameter] moduleName:AS_CAM_HP60C
[ascamera_node-1] 2026-06-27 02:39:19[INFO] [CameraHp60c.cpp] [1555] [parseConfigFileParameter] Parsing config file /home/ubuntu/third_party_ros2/third_party_ws/src/ascamera/configurationfiles/hp60c_v2_00_20230704_configEncrypt.json
[ascamera_node-1] 2026-06-27 02:39:19[INFO] [CameraHp60c.cpp] [1620] [parseConfigFileParameter] configuration protocol Version: v2.x
[ascamera_node-1] 2026-06-27 02:39:19[INFO] [CameraHp60c.cpp] [1631] [parseConfigFileParameter] configuration Version: v2.0.0.20230704
[ascamera_node-1] 2026-06-27 02:39:19[INFO] [CameraHp60c.cpp] [1796] [setParamersAfterOpenCam] Camera confiParaEnable true, setting configuration parameter
[ascamera_node-1] 2026-06-27 02:39:21[ERROR] [XuCmdCameraHp60c.cpp] [454] [getMjpegSize] get mjpeg from xu command failed
[ascamera_node-1] 2026-06-27 02:39:21[INFO] [XuCmdCameraHp60c.cpp] [458] [getMjpegSize] mjpeg size:640x480
[ascamera_node-1] 2026-06-27 02:39:21[INFO] [CameraPublisher.cpp] [356] [onCameraOpen] camera opened
[ascamera_node-1] 2026-06-27 02:39:21[INFO] [CameraPublisher.cpp] [370] [onCameraOpen] get config info, ret 0, is_Registration 1
[ascamera_node-1] 2026-06-27 02:39:21[INFO] [Camera.cpp] [61] [init] #camera[0x5555c2172710] SN[ASC60CF08000515]'s firmware version:DLS_VERc20865=:V01.09_2024110714:V01.19_2024110714:L01
[ascamera_node-1] 2026-06-27 02:39:21[INFO] [CameraPublisher.cpp] [1183] [setResolution] set depth resolution: 640 x 480 @ 15fps
[ascamera_node-1] 2026-06-27 02:39:21[INFO] [CameraPublisher.cpp] [1197] [setResolution] set rgb resolution: 640 x 480 @ 15fps
[ascamera_node-1] 2026-06-27 02:39:21[INFO] [CameraHp60c.cpp] [260] [startStreaming] start streaming
[ascamera_node-1] 2026-06-27 02:39:21[INFO] [CameraSrv.cpp] [202] [onAttached] attached end
[ascamera_node-1] 2026-06-27 02:39:22[INFO] [CameraHp60c.cpp] [279] [stopStreaming] stop streaming
[INFO] [apply_calib-11]: process started with pid [1617820]
[INFO] [complementary_filter_node-12]: process started with pid [1617822]
[apply_calib-11] [37;1m2026-06-27 02:39:22.354 [31;1m[[37;1mRTPS_TRANSPORT_SHM[31;1m Error] [37mFailed init_port fastrtps_port58421: open_and_lock_file failed[34;1m -> Function [36mopen_port_internal[m
[apply_calib-11] [37;1m2026-06-27 02:39:22.355 [31;1m[[37;1mRTPS_TRANSPORT_SHM[31;1m Error] [37mFailed init_port fastrtps_port58427: open_and_lock_file failed[34;1m -> Function [36mopen_port_internal[m
[complementary_filter_node-12] [37;1m2026-06-27 02:39:22.356 [31;1m[[37;1mRTPS_TRANSPORT_SHM[31;1m Error] [37mFailed init_port fastrtps_port58421: open_and_lock_file failed[34;1m -> Function [36mopen_port_internal[m
[complementary_filter_node-12] [37;1m2026-06-27 02:39:22.357 [31;1m[[37;1mRTPS_TRANSPORT_SHM[31;1m Error] [37mFailed init_port fastrtps_port58427: open_and_lock_file failed[34;1m -> Function [36mopen_port_internal[m
[complementary_filter_node-12] [0m[INFO] [1782527962.764019920] [imu_filter]: Starting ComplementaryFilterROS[0m
[apply_calib-11] [0m[INFO] [1782527962.764318309] [imu_calib]: Calibrating gyros; do not move the IMU[0m
[yolo_detect-9] [37;1m2026-06-27 02:39:24.036 [31;1m[[37;1mRTPS_TRANSPORT_SHM[31;1m Error] [37mFailed init_port fastrtps_port58421: open_and_lock_file failed[34;1m -> Function [36mopen_port_internal[m
[yolo_detect-9] [37;1m2026-06-27 02:39:24.037 [31;1m[[37;1mRTPS_TRANSPORT_SHM[31;1m Error] [37mFailed init_port fastrtps_port58427: open_and_lock_file failed[34;1m -> Function [36mopen_port_internal[m
[yolo_detect-9] [0m[INFO] [1782527964.135734900] [yolov5_ros2]: Current ROS 2 distribution: humble[0m
[yolo_detect-9] [0m[INFO] [1782527964.533134789] [yolov5_ros2]: [1;32mstart yolov5 detect[0m[0m
[apply_calib-11] [0m[INFO] [1782527964.795554419] [imu_calib]: Gyro calibration complete! (bias = [-0.012, 0.031, -0.000])[0m
[self_driving-10] [0m[INFO] [1782527965.573003418] [self_driving]: [1;32mself driving enter[0m[0m
[self_driving-10] [0m[INFO] [1782527965.580745992] [self_driving]: [1;32mset_running[0m[0m
[self_driving-10] [0m[INFO] [1782527965.583504381] [self_driving]: [1;32mstart[0m[0m
[ascamera_node-1] 2026-06-27 02:39:26[INFO] [CameraHp60c.cpp] [260] [startStreaming] start streaming
[ascamera_node-1] 2026-06-27 02:39:27[WARN] [CameraHp60c.cpp] [785] [processRawData] wrong size, read :16290,but framesize:1615224902
[ascamera_node-1] 2026-06-27 02:39:27[WARN] [CameraHp60c.cpp] [785] [processRawData] wrong size, read :16291,but framesize:3093346400
[ascamera_node-1] 2026-06-27 02:39:27[WARN] [CameraHp60c.cpp] [785] [processRawData] wrong size, read :16288,but framesize:1631805763
[ascamera_node-1] 2026-06-27 02:39:27[WARN] [CameraHp60c.cpp] [785] [processRawData] wrong size, read :16287,but framesize:2069849439
[ascamera_node-1] 2026-06-27 02:39:27[WARN] [CameraHp60c.cpp] [785] [processRawData] wrong size, read :32576,but framesize:1600479099
[ascamera_node-1] 2026-06-27 02:39:27[WARN] [CameraHp60c.cpp] [785] [processRawData] wrong size, read :16289,but framesize:3747536734
[ascamera_node-1] 2026-06-27 02:39:27[WARN] [CameraHp60c.cpp] [785] [processRawData] wrong size, read :16289,but framesize:73270366
[ascamera_node-1] 2026-06-27 02:39:27[WARN] [CameraHp60c.cpp] [785] [processRawData] wrong size, read :16289,but framesize:2506337891
[ascamera_node-1] 2026-06-27 02:39:27[WARN] [CameraHp60c.cpp] [785] [processRawData] wrong size, read :16290,but framesize:1656513164
[ascamera_node-1] 2026-06-27 02:39:27[WARN] [CameraHp60c.cpp] [785] [processRawData] wrong size, read :32572,but framesize:3965893730
[ascamera_node-1] 2026-06-27 02:39:27[WARN] [CameraHp60c.cpp] [785] [processRawData] wrong size, read :32576,but framesize:1615224834
[ascamera_node-1] 2026-06-27 02:39:27[WARN] [CameraHp60c.cpp] [785] [processRawData] wrong size, read :644022,but framesize:1596088142
[ascamera_node-1] 2026-06-27 02:39:28[INFO] [CameraHp60c.cpp] [912] [setInternalParameter] mjpeg info: size(640x480)
[ascamera_node-1] 2026-06-27 02:39:28[INFO] [Camera.cpp] [127] [backgroundThread] SN [ ASC60CF08000515 ]'s parameter:
[ascamera_node-1] 2026-06-27 02:39:28[INFO] [Camera.cpp] [128] [backgroundThread] irfx: 426.962
[ascamera_node-1] 2026-06-27 02:39:28[INFO] [Camera.cpp] [129] [backgroundThread] irfy: 426.374
[ascamera_node-1] 2026-06-27 02:39:28[INFO] [Camera.cpp] [130] [backgroundThread] ircx: 315.403
[ascamera_node-1] 2026-06-27 02:39:28[INFO] [Camera.cpp] [131] [backgroundThread] ircy: 240.933
[ascamera_node-1] 2026-06-27 02:39:28[INFO] [Camera.cpp] [132] [backgroundThread] rgbfx: 570.48
[ascamera_node-1] 2026-06-27 02:39:28[INFO] [Camera.cpp] [133] [backgroundThread] rgbfy: 569.949
[ascamera_node-1] 2026-06-27 02:39:28[INFO] [Camera.cpp] [134] [backgroundThread] rgbcx: 329.75
[ascamera_node-1] 2026-06-27 02:39:28[INFO] [Camera.cpp] [135] [backgroundThread] rgbcy: 238.406
[ascamera_node-1] 
[self_driving-10] [0m[INFO] [1782527968.388047861] [self_driving]: [1;33m0[0m[0m
[self_driving-10] [0m[INFO] [1782527968.397423250] [self_driving]: [1;33m0[0m[0m
[self_driving-10] [0m[INFO] [1782527968.431592583] [self_driving]: [1;33m0[0m[0m
[self_driving-10] [0m[INFO] [1782527968.457399583] [self_driving]: [1;33m0[0m[0m
[self_driving-10] [0m[INFO] [1782527968.503319861] [self_driving]: [1;33m0[0m[0m
[self_driving-10] [0m[INFO] [1782527968.562613546] [self_driving]: [1;33m0[0m[0m
[self_driving-10] [0m[INFO] [1782527968.658794027] [self_driving]: [1;33m0[0m[0m
[ascamera_node-1] 2026-06-27 02:39:28[INFO] [CameraHp60c.cpp] [1149] [streamCallback] set gain ret 0, gain 4
[self_driving-10] [0m[INFO] [1782527968.796971101] [self_driving]: [1;33m0[0m[0m
[self_driving-10] [0m[INFO] [1782527968.838026731] [self_driving]: [1;33m0[0m[0m
[self_driving-10] [0m[INFO] [1782527968.915501416] [self_driving]: [1;33m0[0m[0m
[self_driving-10] [0m[INFO] [1782527968.982460972] [self_driving]: [1;33m0[0m[0m
[self_driving-10] [0m[INFO] [1782527969.057211546] [self_driving]: [1;33m0[0m[0m
[self_driving-10] [0m[INFO] [1782527969.109732972] [self_driving]: [1;33m0[0m[0m
[self_driving-10] [0m[INFO] [1782527969.178283027] [self_driving]: [1;33m0[0m[0m
[self_driving-10] [0m[INFO] [1782527969.239429971] [self_driving]: [1;33m0[0m[0m
[self_driving-10] [0m[INFO] [1782527969.326613453] [self_driving]: [1;33m0[0m[0m
[self_driving-10] [0m[INFO] [1782527969.393557286] [self_driving]: [1;33m0[0m[0m
[self_driving-10] [0m[INFO] [1782527969.457194879] [self_driving]: [1;33m0[0m[0m
[self_driving-10] [0m[INFO] [1782527969.516270638] [self_driving]: [1;33m0[0m[0m
[self_driving-10] [0m[INFO] [1782527969.578311323] [self_driving]: [1;33m0[0m[0m
[self_driving-10] [0m[INFO] [1782527969.654160471] [self_driving]: [1;33m0[0m[0m
[self_driving-10] [0m[INFO] [1782527969.743688601] [self_driving]: [1;33m0[0m[0m
[self_driving-10] [0m[INFO] [1782527969.799269804] [self_driving]: [1;33m0[0m[0m
[self_driving-10] [0m[INFO] [1782527969.856367193] [self_driving]: [1;33m0[0m[0m
[self_driving-10] [0m[INFO] [1782527969.917270878] [self_driving]: [1;33m0[0m[0m
[self_driving-10] [0m[INFO] [1782527969.987794804] [self_driving]: [1;33m0[0m[0m
[self_driving-10] [0m[INFO] [1782527970.056208989] [self_driving]: [1;33m0[0m[0m
[self_driving-10] [0m[INFO] [1782527970.120586415] [self_driving]: [1;33m0[0m[0m
[self_driving-10] [0m[INFO] [1782527970.192371915] [self_driving]: [1;33m0[0m[0m
[self_driving-10] [0m[INFO] [1782527970.254995156] [self_driving]: [1;33m0[0m[0m
[self_driving-10] [0m[INFO] [1782527970.330132508] [self_driving]: [1;33m0[0m[0m
[self_driving-10] [0m[INFO] [1782527970.409505267] [self_driving]: [1;33m0[0m[0m
[self_driving-10] [0m[INFO] [1782527970.452945897] [self_driving]: [1;33m0[0m[0m
[self_driving-10] [0m[INFO] [1782527970.518212397] [self_driving]: [1;33m0[0m[0m
[self_driving-10] [0m[INFO] [1782527970.584397508] [self_driving]: [1;33m0[0m[0m
[self_driving-10] [0m[INFO] [1782527970.662941063] [self_driving]: [1;33m0[0m[0m
[self_driving-10] [0m[INFO] [1782527970.751108804] [self_driving]: [1;33m0[0m[0m
[self_driving-10] [0m[INFO] [1782527970.807920952] [self_driving]: [1;33m0[0m[0m
[self_driving-10] [0m[INFO] [1782527970.865452822] [self_driving]: [1;33m0[0m[0m
[self_driving-10] [0m[INFO] [1782527970.940559174] [self_driving]: [1;33m0[0m[0m
[self_driving-10] [0m[INFO] [1782527970.998695211] [self_driving]: [1;33m0[0m[0m
[self_driving-10] [0m[INFO] [1782527971.059194452] [self_driving]: [1;33m0[0m[0m
[self_driving-10] [0m[INFO] [1782527971.159655230] [self_driving]: [1;33m0[0m[0m
[self_driving-10] [0m[INFO] [1782527971.208922489] [self_driving]: [1;33m0[0m[0m
[self_driving-10] [0m[INFO] [1782527971.269218618] [self_driving]: [1;33m0[0m[0m
[self_driving-10] [0m[INFO] [1782527971.337416711] [self_driving]: [1;33m0[0m[0m
[self_driving-10] [0m[INFO] [1782527971.406299822] [self_driving]: [1;33m0[0m[0m
[self_driving-10] [0m[INFO] [1782527971.483302748] [self_driving]: [1;33m0[0m[0m
[self_driving-10] [0m[INFO] [1782527971.546032359] [self_driving]: [1;33m0[0m[0m
[self_driving-10] [0m[INFO] [1782527971.603421989] [self_driving]: [1;33m0[0m[0m
[self_driving-10] [0m[INFO] [1782527971.668080026] [self_driving]: [1;33m0[0m[0m
[self_driving-10] [0m[INFO] [1782527971.738985766] [self_driving]: [1;33m0[0m[0m
[self_driving-10] [0m[INFO] [1782527971.820818470] [self_driving]: [1;33m0[0m[0m
[self_driving-10] [0m[INFO] [1782527971.857509044] [self_driving]: [1;33m0[0m[0m
[self_driving-10] [0m[INFO] [1782527971.925711544] [self_driving]: [1;33m0[0m[0m
[self_driving-10] [0m[INFO] [1782527972.019217303] [self_driving]: [1;33m0[0m[0m
[self_driving-10] [0m[INFO] [1782527972.086119655] [self_driving]: [1;33m0[0m[0m
[self_driving-10] [0m[INFO] [1782527972.140418044] [self_driving]: [1;33m0[0m[0m
[self_driving-10] [0m[INFO] [1782527972.224959729] [self_driving]: [1;33m0[0m[0m
[self_driving-10] [0m[INFO] [1782527972.274142710] [self_driving]: [1;33m0[0m[0m
[self_driving-10] [0m[INFO] [1782527972.340008710] [self_driving]: [1;33m0[0m[0m
[self_driving-10] [0m[INFO] [1782527972.411774766] [self_driving]: [1;33m0[0m[0m
[self_driving-10] [0m[INFO] [1782527972.479150636] [self_driving]: [1;33m0[0m[0m
[self_driving-10] [0m[INFO] [1782527972.526956618] [self_driving]: [1;33m0[0m[0m
[self_driving-10] [0m[INFO] [1782527972.628282969] [self_driving]: [1;33m0[0m[0m
[self_driving-10] [0m[INFO] [1782527972.689178488] [self_driving]: [1;33m0[0m[0m
[self_driving-10] [0m[INFO] [1782527972.747475617] [self_driving]: [1;33m0[0m[0m
[self_driving-10] [0m[INFO] [1782527972.798881821] [self_driving]: [1;33m0[0m[0m
[self_driving-10] [0m[INFO] [1782527972.879459266] [self_driving]: [1;33m0[0m[0m
[self_driving-10] [0m[INFO] [1782527972.970246321] [self_driving]: [1;33m0[0m[0m
[self_driving-10] [0m[INFO] [1782527973.027672914] [self_driving]: [1;33m0[0m[0m
[self_driving-10] [0m[INFO] [1782527973.081443136] [self_driving]: [1;33m0[0m[0m
[self_driving-10] [0m[INFO] [1782527973.153349691] [self_driving]: [1;33m0[0m[0m
[self_driving-10] [0m[INFO] [1782527973.221374691] [self_driving]: [1;33m0[0m[0m
[self_driving-10] [0m[INFO] [1782527973.278308191] [self_driving]: [1;33m0[0m[0m
[self_driving-10] [0m[INFO] [1782527973.372503525] [self_driving]: [1;33m0[0m[0m
[self_driving-10] [0m[INFO] [1782527973.438091117] [self_driving]: [1;33m0[0m[0m
[self_driving-10] [0m[INFO] [1782527973.468040969] [self_driving]: [1;33m0[0m[0m
[self_driving-10] [0m[INFO] [1782527973.550690876] [self_driving]: [1;33m0[0m[0m
[self_driving-10] [0m[INFO] [1782527973.617828710] [self_driving]: [1;33m0[0m[0m
[self_driving-10] [0m[INFO] [1782527973.673193358] [self_driving]: [1;33m0[0m[0m
[self_driving-10] [0m[INFO] [1782527973.750295821] [self_driving]: [1;33m0[0m[0m
[self_driving-10] [0m[INFO] [1782527973.828062209] [self_driving]: [1;33m0[0m[0m
[self_driving-10] [0m[INFO] [1782527973.891786043] [self_driving]: [1;33m0[0m[0m
[self_driving-10] [0m[INFO] [1782527973.960632006] [self_driving]: [1;33m0[0m[0m
[self_driving-10] [0m[INFO] [1782527974.016972598] [self_driving]: [1;33m0[0m[0m
[self_driving-10] [0m[INFO] [1782527974.088309357] [self_driving]: [1;33m0[0m[0m
[self_driving-10] [0m[INFO] [1782527974.156516080] [self_driving]: [1;33m0[0m[0m
[self_driving-10] [0m[INFO] [1782527974.211292135] [self_driving]: [1;33m0[0m[0m
[self_driving-10] [0m[INFO] [1782527974.272600098] [self_driving]: [1;33m0[0m[0m
[self_driving-10] [0m[INFO] [1782527974.352763468] [self_driving]: [1;33m0[0m[0m
[self_driving-10] [0m[INFO] [1782527974.430643450] [self_driving]: [1;33m0[0m[0m
[self_driving-10] [0m[INFO] [1782527974.487343172] [self_driving]: [1;33m0[0m[0m
[self_driving-10] [0m[INFO] [1782527974.545327339] [self_driving]: [1;33m0[0m[0m
[self_driving-10] [0m[INFO] [1782527974.623625302] [self_driving]: [1;33m0[0m[0m
[self_driving-10] [0m[INFO] [1782527974.696627746] [self_driving]: [1;33m0[0m[0m
[self_driving-10] [0m[INFO] [1782527974.769924931] [self_driving]: [1;33m0[0m[0m
[self_driving-10] [0m[INFO] [1782527974.813076413] [self_driving]: [1;33m0[0m[0m
[self_driving-10] [0m[INFO] [1782527974.894166524] [self_driving]: [1;33m0[0m[0m
[self_driving-10] [0m[INFO] [1782527974.947655098] [self_driving]: [1;33m0[0m[0m
[self_driving-10] [0m[INFO] [1782527975.034384412] [self_driving]: [1;33m0[0m[0m
[self_driving-10] [0m[INFO] [1782527975.084724986] [self_driving]: [1;33m0[0m[0m
[self_driving-10] [0m[INFO] [1782527975.172535690] [self_driving]: [1;33m0[0m[0m
[self_driving-10] [0m[INFO] [1782527975.229242894] [self_driving]: [1;33m0[0m[0m
[self_driving-10] [0m[INFO] [1782527975.288556616] [self_driving]: [1;33m0[0m[0m
[self_driving-10] [0m[INFO] [1782527975.364167486] [self_driving]: [1;33m0[0m[0m
[self_driving-10] [0m[INFO] [1782527975.423176190] [self_driving]: [1;33m0[0m[0m
[self_driving-10] [0m[INFO] [1782527975.508454560] [self_driving]: [1;33m0[0m[0m
[self_driving-10] [0m[INFO] [1782527975.557374134] [self_driving]: [1;33m0[0m[0m
[self_driving-10] [0m[INFO] [1782527975.627444319] [self_driving]: [1;33m0[0m[0m
[self_driving-10] [0m[INFO] [1782527975.703127042] [self_driving]: [1;33m0[0m[0m
[self_driving-10] [0m[INFO] [1782527975.769270505] [self_driving]: [1;33m0[0m[0m
[self_driving-10] [0m[INFO] [1782527975.842282005] [self_driving]: [1;33m0[0m[0m
[self_driving-10] [0m[INFO] [1782527975.904931042] [self_driving]: [1;33m0[0m[0m
[self_driving-10] [0m[INFO] [1782527975.958419375] [self_driving]: [1;33m0[0m[0m
[self_driving-10] [0m[INFO] [1782527976.040935967] [self_driving]: [1;33m0[0m[0m
[self_driving-10] [0m[INFO] [1782527976.099627653] [self_driving]: [1;33m0[0m[0m
[self_driving-10] [0m[INFO] [1782527976.185993208] [self_driving]: [1;33m0[0m[0m
[self_driving-10] [0m[INFO] [1782527976.230762801] [self_driving]: [1;33m0[0m[0m
[self_driving-10] [0m[INFO] [1782527976.304145226] [self_driving]: [1;33m0[0m[0m
[self_driving-10] [0m[INFO] [1782527976.362454875] [self_driving]: [1;33m0[0m[0m
[self_driving-10] [0m[INFO] [1782527976.429553338] [self_driving]: [1;33m0[0m[0m
[self_driving-10] [0m[INFO] [1782527976.518775115] [self_driving]: [1;33m0[0m[0m
[self_driving-10] [0m[INFO] [1782527976.580125652] [self_driving]: [1;33m0[0m[0m
[self_driving-10] [0m[INFO] [1782527976.637863782] [self_driving]: [1;33m0[0m[0m
[self_driving-10] [0m[INFO] [1782527976.700249078] [self_driving]: [1;33m0[0m[0m
[self_driving-10] [0m[INFO] [1782527976.784067634] [self_driving]: [1;33m0[0m[0m
[self_driving-10] [0m[INFO] [1782527976.828429689] [self_driving]: [1;33m0[0m[0m
[self_driving-10] [0m[INFO] [1782527976.926113745] [self_driving]: [1;33m0[0m[0m
[self_driving-10] [0m[INFO] [1782527976.975601393] [self_driving]: [1;33m0[0m[0m
[self_driving-10] [0m[INFO] [1782527977.029921652] [self_driving]: [1;33m0[0m[0m
[self_driving-10] [0m[INFO] [1782527977.109766337] [self_driving]: [1;33m0[0m[0m
[self_driving-10] [0m[INFO] [1782527977.169353282] [self_driving]: [1;33m0[0m[0m
[self_driving-10] [0m[INFO] [1782527977.252523411] [self_driving]: [1;33m0[0m[0m
[self_driving-10] [0m[INFO] [1782527977.315248430] [self_driving]: [1;33m0[0m[0m
[self_driving-10] [0m[INFO] [1782527977.379255170] [self_driving]: [1;33m0[0m[0m
[self_driving-10] [0m[INFO] [1782527977.458121818] [self_driving]: [1;33m0[0m[0m
[self_driving-10] [0m[INFO] [1782527977.513808504] [self_driving]: [1;33m0[0m[0m
[self_driving-10] [0m[INFO] [1782527977.586866504] [self_driving]: [1;33m0[0m[0m
[self_driving-10] [0m[INFO] [1782527977.649722763] [self_driving]: [1;33m0[0m[0m
[self_driving-10] [0m[INFO] [1782527977.720842763] [self_driving]: [1;33m0[0m[0m
[self_driving-10] [0m[INFO] [1782527977.769604559] [self_driving]: [1;33m0[0m[0m
[self_driving-10] [0m[INFO] [1782527977.853444151] [self_driving]: [1;33m0[0m[0m
[self_driving-10] [0m[INFO] [1782527977.935029707] [self_driving]: [1;33m0[0m[0m
[self_driving-10] [0m[INFO] [1782527977.994217522] [self_driving]: [1;33m0[0m[0m
[self_driving-10] [0m[INFO] [1782527978.053603855] [self_driving]: [1;33m0[0m[0m
[self_driving-10] [0m[INFO] [1782527978.122422188] [self_driving]: [1;33m0[0m[0m
[self_driving-10] [0m[INFO] [1782527978.173810299] [self_driving]: [1;33m0[0m[0m
[self_driving-10] [0m[INFO] [1782527978.256453781] [self_driving]: [1;33m0[0m[0m
[self_driving-10] [0m[INFO] [1782527978.328929040] [self_driving]: [1;33m0[0m[0m
[self_driving-10] [0m[INFO] [1782527978.384594873] [self_driving]: [1;33m0[0m[0m
[self_driving-10] [0m[INFO] [1782527978.459546873] [self_driving]: [1;33m0[0m[0m
[self_driving-10] [0m[INFO] [1782527978.528873096] [self_driving]: [1;33m0[0m[0m
[self_driving-10] [0m[INFO] [1782527978.576019651] [self_driving]: [1;33m0[0m[0m
[self_driving-10] [0m[INFO] [1782527978.668637151] [self_driving]: [1;33m0[0m[0m
[self_driving-10] [0m[INFO] [1782527978.734548373] [self_driving]: [1;33m0[0m[0m
[self_driving-10] [0m[INFO] [1782527978.788437281] [self_driving]: [1;33m0[0m[0m
[self_driving-10] [0m[INFO] [1782527978.848390632] [self_driving]: [1;33m0[0m[0m
[self_driving-10] [0m[INFO] [1782527978.914080355] [self_driving]: [1;33m0[0m[0m
[self_driving-10] [0m[INFO] [1782527979.013048577] [self_driving]: [1;33m0[0m[0m
[self_driving-10] [0m[INFO] [1782527979.055011836] [self_driving]: [1;33m0[0m[0m
[self_driving-10] [0m[INFO] [1782527979.113927854] [self_driving]: [1;33m0[0m[0m
[self_driving-10] [0m[INFO] [1782527979.190300428] [self_driving]: [1;33m0[0m[0m
[self_driving-10] [0m[INFO] [1782527979.259879669] [self_driving]: [1;33m0[0m[0m
[self_driving-10] [0m[INFO] [1782527979.344799799] [self_driving]: [1;33m0[0m[0m
[self_driving-10] [0m[INFO] [1782527979.405013632] [self_driving]: [1;33m0[0m[0m
[self_driving-10] [0m[INFO] [1782527979.469215743] [self_driving]: [1;33m0[0m[0m
[self_driving-10] [0m[INFO] [1782527979.516614743] [self_driving]: [1;33m0[0m[0m
[self_driving-10] [0m[INFO] [1782527979.601628280] [self_driving]: [1;33m0[0m[0m
[self_driving-10] [0m[INFO] [1782527979.665948354] [self_driving]: [1;33m0[0m[0m
[self_driving-10] [0m[INFO] [1782527979.736705595] [self_driving]: [1;33m0[0m[0m
[self_driving-10] [0m[INFO] [1782527979.811958317] [self_driving]: [1;33m0[0m[0m
[self_driving-10] [0m[INFO] [1782527979.877505076] [self_driving]: [1;33m0[0m[0m
[self_driving-10] [0m[INFO] [1782527979.934351095] [self_driving]: [1;33m0[0m[0m
[self_driving-10] [0m[INFO] [1782527980.013534354] [self_driving]: [1;33m0[0m[0m
[self_driving-10] [0m[INFO] [1782527980.056582446] [self_driving]: [1;33m0[0m[0m
[self_driving-10] [0m[INFO] [1782527980.144474243] [self_driving]: [1;33m0[0m[0m
[self_driving-10] [0m[INFO] [1782527980.200911280] [self_driving]: [1;33m0[0m[0m
[self_driving-10] [0m[INFO] [1782527980.262040354] [self_driving]: [1;33m0[0m[0m
[self_driving-10] [0m[INFO] [1782527980.347591613] [self_driving]: [1;33m0[0m[0m
[self_driving-10] [0m[INFO] [1782527980.398315243] [self_driving]: [1;33m0[0m[0m
[self_driving-10] [0m[INFO] [1782527980.475152872] [self_driving]: [1;33m0[0m[0m
[self_driving-10] [0m[INFO] [1782527980.547481983] [self_driving]: [1;33m0[0m[0m
[self_driving-10] [0m[INFO] [1782527980.597685428] [self_driving]: [1;33m0[0m[0m
[self_driving-10] [0m[INFO] [1782527980.667421168] [self_driving]: [1;33m0[0m[0m
[self_driving-10] [0m[INFO] [1782527980.737531094] [self_driving]: [1;33m0[0m[0m
[self_driving-10] [0m[INFO] [1782527980.824583705] [self_driving]: [1;33m0[0m[0m
[self_driving-10] [0m[INFO] [1782527980.860007205] [self_driving]: [1;33m0[0m[0m
[self_driving-10] [0m[INFO] [1782527980.941712094] [self_driving]: [1;33m0[0m[0m
[self_driving-10] [0m[INFO] [1782527981.009396316] [self_driving]: [1;33m0[0m[0m
[self_driving-10] [0m[INFO] [1782527981.068836927] [self_driving]: [1;33m0[0m[0m
[self_driving-10] [0m[INFO] [1782527981.149615650] [self_driving]: [1;33m0[0m[0m
[self_driving-10] [0m[INFO] [1782527981.217370501] [self_driving]: [1;33m0[0m[0m
[self_driving-10] [0m[INFO] [1782527981.271432372] [self_driving]: [1;33m0[0m[0m
[self_driving-10] [0m[INFO] [1782527981.355929705] [self_driving]: [1;33m0[0m[0m
[self_driving-10] [0m[INFO] [1782527981.413487149] [self_driving]: [1;33m0[0m[0m
[self_driving-10] [0m[INFO] [1782527981.492176612] [self_driving]: [1;33m0[0m[0m
[self_driving-10] [0m[INFO] [1782527981.543150760] [self_driving]: [1;33m0[0m[0m
[self_driving-10] [0m[INFO] [1782527981.607946501] [self_driving]: [1;33m0[0m[0m
[self_driving-10] [0m[INFO] [1782527981.680694594] [self_driving]: [1;33m0[0m[0m
[self_driving-10] [0m[INFO] [1782527981.741198871] [self_driving]: [1;33m0[0m[0m
[self_driving-10] [0m[INFO] [1782527981.802007020] [self_driving]: [1;33m0[0m[0m
