[INFO] [launch]: All log files can be found below /home/ubuntu/.ros/log/2026-06-27-05-27-51-419831-raspberrypi-25652
[INFO] [launch]: Default logging verbosity is set to INFO
[INFO] [ascamera_node-1]: process started with pid [25672]
[INFO] [static_transform_publisher-2]: process started with pid [25674]
[INFO] [static_transform_publisher-3]: process started with pid [25676]
[INFO] [joint_state_publisher-4]: process started with pid [25678]
[INFO] [robot_state_publisher-5]: process started with pid [25680]
[INFO] [ros_robot_controller-6]: process started with pid [25682]
[INFO] [odom_publisher-7]: process started with pid [25684]
[INFO] [ekf_node-8]: process started with pid [25686]
[INFO] [yolo_detect-9]: process started with pid [25688]
[INFO] [self_driving-10]: process started with pid [25690]
[static_transform_publisher-2] [33m[WARN] [1782538072.225370454] []: Old-style arguments are deprecated; see --help for new-style arguments[0m
[static_transform_publisher-3] [33m[WARN] [1782538072.241171009] []: Old-style arguments are deprecated; see --help for new-style arguments[0m
[ascamera_node-1] [0m[INFO] [1782538072.271333954] [as_logger]: hello world angstrong camera ros2 node[0m
[static_transform_publisher-2] [0m[INFO] [1782538072.338259843] [static_transform_publisher_wNj8UyGhpWiNKAds]: Spinning until stopped - publishing transform
[static_transform_publisher-2] translation: ('0.000000', '0.000000', '0.000000')
[static_transform_publisher-2] rotation: ('-0.500000', '0.499602', '-0.500000', '0.500398')
[static_transform_publisher-2] from 'depth_cam' to 'ascamera_camera_link_0'[0m
[static_transform_publisher-3] [0m[INFO] [1782538072.349556676] [static_transform_publisher_gwkbgA8wchiynYOq]: Spinning until stopped - publishing transform
[static_transform_publisher-3] translation: ('0.000000', '0.000000', '0.000000')
[static_transform_publisher-3] rotation: ('-0.500000', '0.499602', '-0.500000', '0.500398')
[static_transform_publisher-3] from 'depth_cam' to 'ascamera_color_0'[0m
[ascamera_node-1] 2026-06-27 05:27:52[INFO] [CameraPublisher.cpp] [1558] [printLaunchParams] get depth_width 640
[ascamera_node-1] 2026-06-27 05:27:52[INFO] [CameraPublisher.cpp] [1559] [printLaunchParams] get depth_height 480
[ascamera_node-1] 2026-06-27 05:27:52[INFO] [CameraPublisher.cpp] [1561] [printLaunchParams] get rgb_width 640
[ascamera_node-1] 2026-06-27 05:27:52[INFO] [CameraPublisher.cpp] [1562] [printLaunchParams] get rgb_height 480
[ascamera_node-1] 2026-06-27 05:27:52[INFO] [CameraPublisher.cpp] [1570] [printLaunchParams] get set_fps 15
[ascamera_node-1] 2026-06-27 05:27:52[INFO] [CameraPublisher.cpp] [1578] [printLaunchParams] get color_pcl 1
[ascamera_node-1] 2026-06-27 05:27:52[INFO] [CameraPublisher.cpp] [1582] [printLaunchParams] get pub_tfTree 1
[ascamera_node-1] 2026-06-27 05:27:52[INFO] [CameraSrv.cpp] [35] [CameraSrv] Angstrong camera server
[ascamera_node-1] 2026-06-27 05:27:52[INFO] [CameraSrv.cpp] [45] [CameraSrv] Angstrong camera sdk version:v1.2.22.20240516
[robot_state_publisher-5] [0m[INFO] [1782538072.390682991] [robot_state_publisher]: got segment base_footprint[0m
[robot_state_publisher-5] [0m[INFO] [1782538072.390881417] [robot_state_publisher]: got segment base_link[0m
[robot_state_publisher-5] [0m[INFO] [1782538072.390900713] [robot_state_publisher]: got segment depth_cam[0m
[robot_state_publisher-5] [0m[INFO] [1782538072.390910509] [robot_state_publisher]: got segment imu_link[0m
[robot_state_publisher-5] [0m[INFO] [1782538072.390919769] [robot_state_publisher]: got segment lidar_frame[0m
[robot_state_publisher-5] [0m[INFO] [1782538072.390928472] [robot_state_publisher]: got segment wheel_lb_Link[0m
[robot_state_publisher-5] [0m[INFO] [1782538072.390937231] [robot_state_publisher]: got segment wheel_lf_Link[0m
[robot_state_publisher-5] [0m[INFO] [1782538072.390946213] [robot_state_publisher]: got segment wheel_rb_Link[0m
[robot_state_publisher-5] [0m[INFO] [1782538072.390954991] [robot_state_publisher]: got segment wheel_rf_Link[0m
[odom_publisher-7] [0m[INFO] [1782538073.169080027] [odom_publisher]: [1;32m0.930000 1.010000[0m[0m
[joint_state_publisher-4] [0m[INFO] [1782538073.192730787] [joint_state_publisher]: Waiting for robot_description to be published on the robot_description topic...[0m
[odom_publisher-7] [0m[INFO] [1782538073.211749435] [odom_publisher]: [1;32mstart[0m[0m
[ascamera_node-1] 2026-06-27 05:27:53[INFO] [CameraSrv.cpp] [114] [onAttached] attached
[ascamera_node-1] 2026-06-27 05:27:53[INFO] [CameraSrv.cpp] [145] [onAttached] this is a new attach device, create and open it
[ros_robot_controller-6] [0m[INFO] [1782538073.866528323] [ros_robot_controller]: 已设置舵机 1 的偏移量为 0[0m
[ros_robot_controller-6] [0m[INFO] [1782538073.867393786] [ros_robot_controller]: 已设置舵机 2 的偏移量为 0[0m
[ros_robot_controller-6] [0m[INFO] [1782538073.868217008] [ros_robot_controller]: 已设置舵机 3 的偏移量为 4[0m
[ros_robot_controller-6] [0m[INFO] [1782538073.869135601] [ros_robot_controller]: 已设置舵机 4 的偏移量为 0[0m
[ros_robot_controller-6] [0m[INFO] [1782538073.872650249] [ros_robot_controller]: [1;32mstart[0m[0m
[ascamera_node-1] 2026-06-27 05:27:54[INFO] [CameraSrv.cpp] [154] [onAttached] get model type 9
[ascamera_node-1] 2026-06-27 05:27:54[INFO] [CameraSrv.cpp] [342] [getConfigFile] get file: /home/ubuntu/third_party_ros2/third_party_ws/src/ascamera/configurationfiles/hp60c_v2_00_20230704_configEncrypt.json
[ascamera_node-1] 2026-06-27 05:27:54[INFO] [CameraPublisher.cpp] [1501] [logCameraPathInfo] usb camera
[ascamera_node-1] 2026-06-27 05:27:54[INFO] [CameraPublisher.cpp] [1502] [logCameraPathInfo] bnum:1
[ascamera_node-1] 2026-06-27 05:27:54[INFO] [CameraPublisher.cpp] [1503] [logCameraPathInfo] dnum:3
[ascamera_node-1] 2026-06-27 05:27:54[INFO] [CameraPublisher.cpp] [1504] [logCameraPathInfo] port_numbers:2
[ascamera_node-1] 2026-06-27 05:27:54[INFO] [CameraPublisher.cpp] [171] [onCameraAttached] create a new publisher info set
[ascamera_node-1] 2026-06-27 05:27:54[INFO] [TfTreeFrameIdInfo.cpp] [11] [TfTreeFrameIdInfo] Namespace /ascamera
[ascamera_node-1] 2026-06-27 05:27:54[INFO] [CameraHp60c.cpp] [128] [open] according to the configuration file.
[ascamera_node-1] 2026-06-27 05:27:54[INFO] [CameraHp60c.cpp] [1528] [parseConfigFileParameter] moduleName:AS_CAM_HP60C
[ascamera_node-1] 2026-06-27 05:27:54[INFO] [CameraHp60c.cpp] [1555] [parseConfigFileParameter] Parsing config file /home/ubuntu/third_party_ros2/third_party_ws/src/ascamera/configurationfiles/hp60c_v2_00_20230704_configEncrypt.json
[ascamera_node-1] 2026-06-27 05:27:54[INFO] [CameraHp60c.cpp] [1620] [parseConfigFileParameter] configuration protocol Version: v2.x
[ascamera_node-1] 2026-06-27 05:27:54[INFO] [CameraHp60c.cpp] [1631] [parseConfigFileParameter] configuration Version: v2.0.0.20230704
[ascamera_node-1] 2026-06-27 05:27:54[INFO] [CameraHp60c.cpp] [1796] [setParamersAfterOpenCam] Camera confiParaEnable true, setting configuration parameter
[ascamera_node-1] 2026-06-27 05:27:56[ERROR] [XuCmdCameraHp60c.cpp] [454] [getMjpegSize] get mjpeg from xu command failed
[ascamera_node-1] 2026-06-27 05:27:56[INFO] [XuCmdCameraHp60c.cpp] [458] [getMjpegSize] mjpeg size:640x480
[ascamera_node-1] 2026-06-27 05:27:56[INFO] [CameraPublisher.cpp] [356] [onCameraOpen] camera opened
[ascamera_node-1] 2026-06-27 05:27:56[INFO] [CameraPublisher.cpp] [370] [onCameraOpen] get config info, ret 0, is_Registration 1
[ascamera_node-1] 2026-06-27 05:27:56[INFO] [Camera.cpp] [61] [init] #camera[0x5555997fe710] SN[ASC60CF08000515]'s firmware version:DLS_VERc20865=:V01.09_2024110714:V01.19_2024110714:L01
[ascamera_node-1] 2026-06-27 05:27:56[INFO] [CameraPublisher.cpp] [1183] [setResolution] set depth resolution: 640 x 480 @ 15fps
[ascamera_node-1] 2026-06-27 05:27:56[INFO] [CameraPublisher.cpp] [1197] [setResolution] set rgb resolution: 640 x 480 @ 15fps
[ascamera_node-1] 2026-06-27 05:27:56[INFO] [CameraHp60c.cpp] [260] [startStreaming] start streaming
[ascamera_node-1] 2026-06-27 05:27:56[INFO] [CameraSrv.cpp] [202] [onAttached] attached end
[ascamera_node-1] 2026-06-27 05:27:57[INFO] [CameraHp60c.cpp] [279] [stopStreaming] stop streaming
[INFO] [apply_calib-11]: process started with pid [25850]
[INFO] [complementary_filter_node-12]: process started with pid [25852]
[apply_calib-11] [0m[INFO] [1782538077.585209747] [imu_calib]: Calibrating gyros; do not move the IMU[0m
[complementary_filter_node-12] [0m[INFO] [1782538077.598311932] [imu_filter]: Starting ComplementaryFilterROS[0m
[apply_calib-11] [0m[INFO] [1782538079.527063431] [imu_calib]: Gyro calibration complete! (bias = [-0.009, 0.031, 0.000])[0m
[yolo_detect-9] [0m[INFO] [1782538079.971808449] [yolov5_ros2]: Current ROS 2 distribution: humble[0m
[yolo_detect-9] [0m[INFO] [1782538080.966745782] [yolov5_ros2]: [1;32mstart yolov5 detect[0m[0m
[ascamera_node-1] 2026-06-27 05:28:01[INFO] [CameraHp60c.cpp] [260] [startStreaming] start streaming
[self_driving-10] [0m[INFO] [1782538082.005598633] [self_driving]: [1;32m자율주행 진입[0m[0m
[self_driving-10] [0m[INFO] [1782538082.013259874] [self_driving]: [1;32m실행 상태 설정[0m[0m
[self_driving-10] [0m[INFO] [1782538082.015641281] [self_driving]: [1;32mstart[0m[0m
[ascamera_node-1] 2026-06-27 05:28:03[INFO] [CameraHp60c.cpp] [912] [setInternalParameter] mjpeg info: size(640x480)
[ascamera_node-1] 2026-06-27 05:28:03[INFO] [CameraHp60c.cpp] [1149] [streamCallback] set gain ret 0, gain 4
[ascamera_node-1] 2026-06-27 05:28:03[INFO] [Camera.cpp] [127] [backgroundThread] SN [ ASC60CF08000515 ]'s parameter:
[ascamera_node-1] 2026-06-27 05:28:03[INFO] [Camera.cpp] [128] [backgroundThread] irfx: 426.962
[ascamera_node-1] 2026-06-27 05:28:03[INFO] [Camera.cpp] [129] [backgroundThread] irfy: 426.374
[ascamera_node-1] 2026-06-27 05:28:03[INFO] [Camera.cpp] [130] [backgroundThread] ircx: 315.403
[ascamera_node-1] 2026-06-27 05:28:03[INFO] [Camera.cpp] [131] [backgroundThread] ircy: 240.933
[ascamera_node-1] 2026-06-27 05:28:03[INFO] [Camera.cpp] [132] [backgroundThread] rgbfx: 570.48
[ascamera_node-1] 2026-06-27 05:28:03[INFO] [Camera.cpp] [133] [backgroundThread] rgbfy: 569.949
[ascamera_node-1] 2026-06-27 05:28:03[INFO] [Camera.cpp] [134] [backgroundThread] rgbcx: 329.75
[ascamera_node-1] 2026-06-27 05:28:03[INFO] [Camera.cpp] [135] [backgroundThread] rgbcy: 238.406
[ascamera_node-1] 
[self_driving-10] [0m[INFO] [1782538088.783940370] [self_driving]: [1;32mcrosswalk[0m[0m
[self_driving-10] [0m[INFO] [1782538090.052932925] [self_driving]: [1;32mcrosswalk[0m[0m
[self_driving-10] [0m[INFO] [1782538102.098997973] [self_driving]: [1;32mcrosswalk[0m[0m
[self_driving-10] [0m[INFO] [1782538104.020952879] [self_driving]: [1;32mcrosswalk[0m[0m
[self_driving-10] [0m[INFO] [1782538104.338660231] [self_driving]: [1;32mcrosswalk[0m[0m
[self_driving-10] [0m[INFO] [1782538104.678235934] [self_driving]: [1;32mcrosswalk[0m[0m
[self_driving-10] [0m[INFO] [1782538104.977001231] [self_driving]: [1;32mcrosswalk[0m[0m
[self_driving-10] [0m[INFO] [1782538105.292651008] [self_driving]: [1;32mcrosswalk[0m[0m
[self_driving-10] [0m[INFO] [1782538105.296271193] [self_driving]: [1;32mcrosswalk[0m[0m
[self_driving-10] [0m[INFO] [1782538105.626114138] [self_driving]: [1;32mcrosswalk[0m[0m
[self_driving-10] [0m[INFO] [1782538105.950723137] [self_driving]: [1;32mcrosswalk[0m[0m
[self_driving-10] [0m[INFO] [1782538117.950340501] [self_driving]: [1;32mcrosswalk[0m[0m
