[INFO] [launch]: All log files can be found below /home/ubuntu/.ros/log/2026-06-27-15-50-15-163193-raspberrypi-381260
[INFO] [launch]: Default logging verbosity is set to INFO
[INFO] [ascamera_node-1]: process started with pid [381270]
[INFO] [static_transform_publisher-2]: process started with pid [381272]
[INFO] [static_transform_publisher-3]: process started with pid [381274]
[INFO] [joint_state_publisher-4]: process started with pid [381276]
[INFO] [robot_state_publisher-5]: process started with pid [381278]
[INFO] [ros_robot_controller-6]: process started with pid [381281]
[INFO] [odom_publisher-7]: process started with pid [381298]
[INFO] [ekf_node-8]: process started with pid [381303]
[INFO] [yolo_detect-9]: process started with pid [381311]
[INFO] [self_driving-10]: process started with pid [381323]
[ascamera_node-1] [0m[INFO] [1782575415.900659512] [as_logger]: hello world angstrong camera ros2 node[0m
[static_transform_publisher-2] [33m[WARN] [1782575415.886106531] []: Old-style arguments are deprecated; see --help for new-style arguments[0m
[static_transform_publisher-3] [33m[WARN] [1782575415.890237346] []: Old-style arguments are deprecated; see --help for new-style arguments[0m
[static_transform_publisher-2] [0m[INFO] [1782575415.926285475] [static_transform_publisher_FYDvV7wmlS6v2NrW]: Spinning until stopped - publishing transform
[static_transform_publisher-2] translation: ('0.000000', '0.000000', '0.000000')
[static_transform_publisher-2] rotation: ('-0.500000', '0.499602', '-0.500000', '0.500398')
[static_transform_publisher-2] from 'depth_cam' to 'ascamera_camera_link_0'[0m
[robot_state_publisher-5] [0m[INFO] [1782575415.930222438] [robot_state_publisher]: got segment base_footprint[0m
[robot_state_publisher-5] [0m[INFO] [1782575415.930392235] [robot_state_publisher]: got segment base_link[0m
[robot_state_publisher-5] [0m[INFO] [1782575415.930418716] [robot_state_publisher]: got segment depth_cam[0m
[robot_state_publisher-5] [0m[INFO] [1782575415.930428272] [robot_state_publisher]: got segment imu_link[0m
[robot_state_publisher-5] [0m[INFO] [1782575415.930436661] [robot_state_publisher]: got segment lidar_frame[0m
[robot_state_publisher-5] [0m[INFO] [1782575415.930446235] [robot_state_publisher]: got segment wheel_lb_Link[0m
[robot_state_publisher-5] [0m[INFO] [1782575415.930454809] [robot_state_publisher]: got segment wheel_lf_Link[0m
[robot_state_publisher-5] [0m[INFO] [1782575415.930463438] [robot_state_publisher]: got segment wheel_rb_Link[0m
[robot_state_publisher-5] [0m[INFO] [1782575415.930474142] [robot_state_publisher]: got segment wheel_rf_Link[0m
[static_transform_publisher-3] [0m[INFO] [1782575415.941023883] [static_transform_publisher_5afiXhFx6mmrZfBe]: Spinning until stopped - publishing transform
[static_transform_publisher-3] translation: ('0.000000', '0.000000', '0.000000')
[static_transform_publisher-3] rotation: ('-0.500000', '0.499602', '-0.500000', '0.500398')
[static_transform_publisher-3] from 'depth_cam' to 'ascamera_color_0'[0m
[ascamera_node-1] 2026-06-27 15:50:15[INFO] [CameraPublisher.cpp] [1558] [printLaunchParams] get depth_width 640
[ascamera_node-1] 2026-06-27 15:50:15[INFO] [CameraPublisher.cpp] [1559] [printLaunchParams] get depth_height 480
[ascamera_node-1] 2026-06-27 15:50:15[INFO] [CameraPublisher.cpp] [1561] [printLaunchParams] get rgb_width 640
[ascamera_node-1] 2026-06-27 15:50:15[INFO] [CameraPublisher.cpp] [1562] [printLaunchParams] get rgb_height 480
[ascamera_node-1] 2026-06-27 15:50:15[INFO] [CameraPublisher.cpp] [1570] [printLaunchParams] get set_fps 15
[ascamera_node-1] 2026-06-27 15:50:15[INFO] [CameraPublisher.cpp] [1578] [printLaunchParams] get color_pcl 1
[ascamera_node-1] 2026-06-27 15:50:15[INFO] [CameraPublisher.cpp] [1582] [printLaunchParams] get pub_tfTree 1
[ascamera_node-1] 2026-06-27 15:50:15[INFO] [CameraSrv.cpp] [35] [CameraSrv] Angstrong camera server
[ascamera_node-1] 2026-06-27 15:50:15[INFO] [CameraSrv.cpp] [45] [CameraSrv] Angstrong camera sdk version:v1.2.22.20240516
[odom_publisher-7] [0m[INFO] [1782575416.642569605] [odom_publisher]: [1;32m0.930000 1.010000[0m[0m
[odom_publisher-7] [0m[INFO] [1782575416.664060271] [odom_publisher]: [1;32mstart[0m[0m
[joint_state_publisher-4] [0m[INFO] [1782575416.954535512] [joint_state_publisher]: Waiting for robot_description to be published on the robot_description topic...[0m
[ascamera_node-1] 2026-06-27 15:50:16[INFO] [CameraSrv.cpp] [114] [onAttached] attached
[ascamera_node-1] 2026-06-27 15:50:16[INFO] [CameraSrv.cpp] [145] [onAttached] this is a new attach device, create and open it
[self_driving-10] [0m[INFO] [1782575417.399976678] [self_driving]: [INIT] init_process started[0m
[self_driving-10] [0m[INFO] [1782575417.400600512] [self_driving]: [INIT] only_line_follow=False[0m
[self_driving-10] [0m[INFO] [1782575417.401214771] [self_driving]: [INIT] request /yolov5/start[0m
[ros_robot_controller-6] [0m[INFO] [1782575417.533020234] [ros_robot_controller]: 已设置舵机 1 的偏移量为 0[0m
[ros_robot_controller-6] [0m[INFO] [1782575417.534229048] [ros_robot_controller]: 已设置舵机 2 的偏移量为 0[0m
[ros_robot_controller-6] [0m[INFO] [1782575417.535045734] [ros_robot_controller]: 已设置舵机 3 的偏移量为 4[0m
[ros_robot_controller-6] [0m[INFO] [1782575417.536055993] [ros_robot_controller]: 已设置舵机 4 的偏移量为 0[0m
[ros_robot_controller-6] [0m[INFO] [1782575417.540211289] [ros_robot_controller]: [1;32mstart[0m[0m
[ascamera_node-1] 2026-06-27 15:50:18[INFO] [CameraSrv.cpp] [154] [onAttached] get model type 9
[ascamera_node-1] 2026-06-27 15:50:18[INFO] [CameraSrv.cpp] [342] [getConfigFile] get file: /home/ubuntu/third_party_ros2/third_party_ws/src/ascamera/configurationfiles/hp60c_v2_00_20230704_configEncrypt.json
[ascamera_node-1] 2026-06-27 15:50:18[INFO] [CameraPublisher.cpp] [1501] [logCameraPathInfo] usb camera
[ascamera_node-1] 2026-06-27 15:50:18[INFO] [CameraPublisher.cpp] [1502] [logCameraPathInfo] bnum:1
[ascamera_node-1] 2026-06-27 15:50:18[INFO] [CameraPublisher.cpp] [1503] [logCameraPathInfo] dnum:3
[ascamera_node-1] 2026-06-27 15:50:18[INFO] [CameraPublisher.cpp] [1504] [logCameraPathInfo] port_numbers:2
[ascamera_node-1] 2026-06-27 15:50:18[INFO] [CameraPublisher.cpp] [171] [onCameraAttached] create a new publisher info set
[ascamera_node-1] 2026-06-27 15:50:18[INFO] [TfTreeFrameIdInfo.cpp] [11] [TfTreeFrameIdInfo] Namespace /ascamera
[ascamera_node-1] 2026-06-27 15:50:18[INFO] [CameraHp60c.cpp] [128] [open] according to the configuration file.
[ascamera_node-1] 2026-06-27 15:50:18[INFO] [CameraHp60c.cpp] [1528] [parseConfigFileParameter] moduleName:AS_CAM_HP60C
[ascamera_node-1] 2026-06-27 15:50:18[INFO] [CameraHp60c.cpp] [1555] [parseConfigFileParameter] Parsing config file /home/ubuntu/third_party_ros2/third_party_ws/src/ascamera/configurationfiles/hp60c_v2_00_20230704_configEncrypt.json
[ascamera_node-1] 2026-06-27 15:50:18[INFO] [CameraHp60c.cpp] [1620] [parseConfigFileParameter] configuration protocol Version: v2.x
[ascamera_node-1] 2026-06-27 15:50:18[INFO] [CameraHp60c.cpp] [1631] [parseConfigFileParameter] configuration Version: v2.0.0.20230704
[ascamera_node-1] 2026-06-27 15:50:18[INFO] [CameraHp60c.cpp] [1796] [setParamersAfterOpenCam] Camera confiParaEnable true, setting configuration parameter
[self_driving-10] [33m[WARN] [1782575419.404539158] [self_driving]: [YOLO_SERVICE] service not ready, continue without blocking[0m
[ascamera_node-1] 2026-06-27 15:50:19[ERROR] [XuCmdCameraHp60c.cpp] [454] [getMjpegSize] get mjpeg from xu command failed
[ascamera_node-1] 2026-06-27 15:50:19[INFO] [XuCmdCameraHp60c.cpp] [458] [getMjpegSize] mjpeg size:640x480
[ascamera_node-1] 2026-06-27 15:50:19[INFO] [CameraPublisher.cpp] [356] [onCameraOpen] camera opened
[ascamera_node-1] 2026-06-27 15:50:19[INFO] [CameraPublisher.cpp] [370] [onCameraOpen] get config info, ret 0, is_Registration 1
[ascamera_node-1] 2026-06-27 15:50:19[INFO] [Camera.cpp] [61] [init] #camera[0x55563f706710] SN[ASC60CF08000515]'s firmware version:DLS_VERc20865=:V01.09_2024110714:V01.19_2024110714:L01
[ascamera_node-1] 2026-06-27 15:50:19[INFO] [CameraPublisher.cpp] [1183] [setResolution] set depth resolution: 640 x 480 @ 15fps
[ascamera_node-1] 2026-06-27 15:50:19[INFO] [CameraPublisher.cpp] [1197] [setResolution] set rgb resolution: 640 x 480 @ 15fps
[ascamera_node-1] 2026-06-27 15:50:19[INFO] [CameraHp60c.cpp] [260] [startStreaming] start streaming
[ascamera_node-1] 2026-06-27 15:50:19[INFO] [CameraSrv.cpp] [202] [onAttached] attached end
[self_driving-10] [0m[INFO] [1782575419.905685788] [self_driving]: [INIT] enter + set_running start[0m
[self_driving-10] [0m[INFO] [1782575419.906248843] [self_driving]: [1;32mself driving enter[0m[0m
[self_driving-10] [0m[INFO] [1782575419.916947306] [self_driving]: [SUB] image=/ascamera/camera_publisher/rgb0/image object=/yolov5_ros2/object_detect[0m
[self_driving-10] [0m[INFO] [1782575419.917716047] [self_driving]: [1;32mset_running[0m[0m
[self_driving-10] [0m[INFO] [1782575419.919873732] [self_driving]: [1;32m[START] hybrid self_driving start: auto LINE_FOLLOW[0m[0m
[INFO] [apply_calib-11]: process started with pid [381456]
[INFO] [complementary_filter_node-12]: process started with pid [381458]
[ascamera_node-1] 2026-06-27 15:50:20[WARN] [CameraHp60c.cpp] [785] [processRawData] wrong size, read :16288,but framesize:1590255283
[ascamera_node-1] 2026-06-27 15:50:20[WARN] [CameraHp60c.cpp] [785] [processRawData] wrong size, read :16290,but framesize:1588813491
[ascamera_node-1] 2026-06-27 15:50:20[WARN] [CameraHp60c.cpp] [785] [processRawData] wrong size, read :16290,but framesize:1654940324
[ascamera_node-1] 2026-06-27 15:50:20[WARN] [CameraHp60c.cpp] [785] [processRawData] wrong size, read :16290,but framesize:1631805786
[ascamera_node-1] 2026-06-27 15:50:20[WARN] [CameraHp60c.cpp] [785] [processRawData] wrong size, read :16290,but framesize:1624203448
[ascamera_node-1] 2026-06-27 15:50:20[WARN] [CameraHp60c.cpp] [785] [processRawData] wrong size, read :16288,but framesize:1610768363
[ascamera_node-1] 2026-06-27 15:50:20[WARN] [CameraHp60c.cpp] [785] [processRawData] wrong size, read :16287,but framesize:1952483936
[ascamera_node-1] 2026-06-27 15:50:20[WARN] [CameraHp60c.cpp] [785] [processRawData] wrong size, read :16288,but framesize:1581604443
[ascamera_node-1] 2026-06-27 15:50:20[WARN] [CameraHp60c.cpp] [785] [processRawData] wrong size, read :32579,but framesize:3277713246
[ascamera_node-1] 2026-06-27 15:50:20[WARN] [CameraHp60c.cpp] [785] [processRawData] wrong size, read :4481,but framesize:0
[complementary_filter_node-12] [0m[INFO] [1782575420.953108917] [imu_filter]: Starting ComplementaryFilterROS[0m
[apply_calib-11] [0m[INFO] [1782575420.956966732] [imu_calib]: Calibrating gyros; do not move the IMU[0m
[ascamera_node-1] 2026-06-27 15:50:21[INFO] [CameraHp60c.cpp] [912] [setInternalParameter] mjpeg info: size(640x480)
[ascamera_node-1] 2026-06-27 15:50:21[INFO] [Camera.cpp] [127] [backgroundThread] SN [ ASC60CF08000515 ]'s parameter:
[ascamera_node-1] 2026-06-27 15:50:21[INFO] [Camera.cpp] [128] [backgroundThread] irfx: 426.962
[ascamera_node-1] 2026-06-27 15:50:21[INFO] [Camera.cpp] [129] [backgroundThread] irfy: 426.374
[ascamera_node-1] 2026-06-27 15:50:21[INFO] [Camera.cpp] [130] [backgroundThread] ircx: 315.403
[ascamera_node-1] 2026-06-27 15:50:21[INFO] [Camera.cpp] [131] [backgroundThread] ircy: 240.933
[ascamera_node-1] 2026-06-27 15:50:21[INFO] [Camera.cpp] [132] [backgroundThread] rgbfx: 570.48
[ascamera_node-1] 2026-06-27 15:50:21[INFO] [Camera.cpp] [133] [backgroundThread] rgbfy: 569.949
[ascamera_node-1] 2026-06-27 15:50:21[INFO] [Camera.cpp] [134] [backgroundThread] rgbcx: 329.75
[ascamera_node-1] 2026-06-27 15:50:21[INFO] [Camera.cpp] [135] [backgroundThread] rgbcy: 238.406
[ascamera_node-1] 
[ascamera_node-1] 2026-06-27 15:50:21[INFO] [CameraHp60c.cpp] [1149] [streamCallback] set gain ret 0, gain 4
[self_driving-10] [0m[INFO] [1782575421.819552305] [self_driving]: [IMAGE] received count=1 shape=(480, 640, 3) queue=0[0m
[self_driving-10] [33m[WARN] [1782575421.984148287] [self_driving]: [IMAGE] queue full -> drop oldest frame[0m
[self_driving-10] [33m[WARN] [1782575421.998791935] [self_driving]: [LANE_LOST] raw_lane_x=-1 lane_x=-1 filter=lost stop=False state=LINE_FOLLOW safe_linear=0.05 right_ready=False right_done=False[0m
[self_driving-10] [0m[INFO] [1782575421.999377787] [self_driving]: [DEBUG_DRIVE] state=LINE_FOLLOW raw_lane_x=-1 lane_x=-1 filter=lost linear=0.30 angular=0.00 cw_y=0 right_done=False start_turn=False count_turn=0 traffic=None stop=False[0m
[self_driving-10] [33m[WARN] [1782575422.527966712] [self_driving]: [LANE_LOST] raw_lane_x=-1 lane_x=-1 filter=lost stop=False state=LINE_FOLLOW safe_linear=0.05 right_ready=False right_done=False[0m
[self_driving-10] [0m[INFO] [1782575422.528489045] [self_driving]: [DEBUG_DRIVE] state=LINE_FOLLOW raw_lane_x=-1 lane_x=-1 filter=lost linear=0.30 angular=0.00 cw_y=0 right_done=False start_turn=False count_turn=0 traffic=None stop=False[0m
[yolo_detect-9] [0m[INFO] [1782575422.589224212] [yolov5_ros2]: Current ROS 2 distribution: humble[0m
[apply_calib-11] [0m[INFO] [1782575423.000932693] [imu_calib]: Gyro calibration complete! (bias = [-0.003, 0.186, -0.029])[0m
[self_driving-10] [33m[WARN] [1782575423.078825712] [self_driving]: [LANE_LOST] raw_lane_x=-1 lane_x=-1 filter=lost stop=False state=LINE_FOLLOW safe_linear=0.05 right_ready=False right_done=False[0m
[self_driving-10] [0m[INFO] [1782575423.083688749] [self_driving]: [DEBUG_DRIVE] state=LINE_FOLLOW raw_lane_x=-1 lane_x=-1 filter=lost linear=0.30 angular=0.00 cw_y=0 right_done=False start_turn=False count_turn=0 traffic=None stop=False[0m
[self_driving-10] [33m[WARN] [1782575423.614398823] [self_driving]: [LANE_LOST] raw_lane_x=-1 lane_x=-1 filter=lost stop=False state=LINE_FOLLOW safe_linear=0.05 right_ready=False right_done=False[0m
[self_driving-10] [0m[INFO] [1782575423.615153934] [self_driving]: [DEBUG_DRIVE] state=LINE_FOLLOW raw_lane_x=-1 lane_x=-1 filter=lost linear=0.30 angular=0.00 cw_y=0 right_done=False start_turn=False count_turn=0 traffic=None stop=False[0m
[self_driving-10] [0m[INFO] [1782575423.881958748] [self_driving]: [IMAGE] received count=32 shape=(480, 640, 3) queue=0[0m
[self_driving-10] [33m[WARN] [1782575424.152497174] [self_driving]: [LANE_LOST] raw_lane_x=-1 lane_x=-1 filter=lost stop=False state=LINE_FOLLOW safe_linear=0.05 right_ready=False right_done=False[0m
[self_driving-10] [0m[INFO] [1782575424.153248933] [self_driving]: [DEBUG_DRIVE] state=LINE_FOLLOW raw_lane_x=-1 lane_x=-1 filter=lost linear=0.30 angular=0.00 cw_y=0 right_done=False start_turn=False count_turn=0 traffic=None stop=False[0m
[self_driving-10] [33m[WARN] [1782575424.714183248] [self_driving]: [LANE_LOST] raw_lane_x=-1 lane_x=-1 filter=lost stop=False state=LINE_FOLLOW safe_linear=0.05 right_ready=False right_done=False[0m
[self_driving-10] [0m[INFO] [1782575424.714835340] [self_driving]: [DEBUG_DRIVE] state=LINE_FOLLOW raw_lane_x=-1 lane_x=-1 filter=lost linear=0.30 angular=0.00 cw_y=0 right_done=False start_turn=False count_turn=0 traffic=None stop=False[0m
[self_driving-10] [33m[WARN] [1782575425.234075729] [self_driving]: [LANE_LOST] raw_lane_x=-1 lane_x=-1 filter=lost stop=False state=LINE_FOLLOW safe_linear=0.05 right_ready=False right_done=False[0m
[self_driving-10] [0m[INFO] [1782575425.234584007] [self_driving]: [DEBUG_DRIVE] state=LINE_FOLLOW raw_lane_x=-1 lane_x=-1 filter=lost linear=0.30 angular=0.00 cw_y=0 right_done=False start_turn=False count_turn=0 traffic=None stop=False[0m
[self_driving-10] [33m[WARN] [1782575425.767379377] [self_driving]: [LANE_LOST] raw_lane_x=-1 lane_x=-1 filter=lost stop=False state=LINE_FOLLOW safe_linear=0.05 right_ready=False right_done=False[0m
[self_driving-10] [0m[INFO] [1782575425.768054118] [self_driving]: [DEBUG_DRIVE] state=LINE_FOLLOW raw_lane_x=-1 lane_x=-1 filter=lost linear=0.30 angular=0.00 cw_y=0 right_done=False start_turn=False count_turn=0 traffic=None stop=False[0m
[self_driving-10] [0m[INFO] [1782575425.915887562] [self_driving]: [IMAGE] received count=62 shape=(480, 640, 3) queue=0[0m
[self_driving-10] [33m[WARN] [1782575426.322896173] [self_driving]: [LANE_LOST] raw_lane_x=-1 lane_x=-1 filter=lost stop=False state=LINE_FOLLOW safe_linear=0.05 right_ready=False right_done=False[0m
[self_driving-10] [0m[INFO] [1782575426.323499321] [self_driving]: [DEBUG_DRIVE] state=LINE_FOLLOW raw_lane_x=-1 lane_x=-1 filter=lost linear=0.30 angular=0.00 cw_y=0 right_done=False start_turn=False count_turn=0 traffic=None stop=False[0m
[self_driving-10] [33m[WARN] [1782575426.844732358] [self_driving]: [LANE_LOST] raw_lane_x=-1 lane_x=-1 filter=lost stop=False state=LINE_FOLLOW safe_linear=0.05 right_ready=False right_done=False[0m
[self_driving-10] [0m[INFO] [1782575426.845412413] [self_driving]: [DEBUG_DRIVE] state=LINE_FOLLOW raw_lane_x=-1 lane_x=-1 filter=lost linear=0.30 angular=0.00 cw_y=0 right_done=False start_turn=False count_turn=0 traffic=None stop=False[0m
[self_driving-10] [0m[INFO] [1782575427.392191580] [self_driving]: [DEBUG_DRIVE] state=LINE_FOLLOW raw_lane_x=-1 lane_x=110.5 filter=hold_last linear=0.30 angular=0.10 cw_y=0 right_done=False start_turn=False count_turn=0 traffic=None stop=False[0m
[self_driving-10] [33m[WARN] [1782575427.707878524] [self_driving]: [LANE_LOST] raw_lane_x=-1 lane_x=-1 filter=lost stop=False state=LINE_FOLLOW safe_linear=0.05 right_ready=False right_done=False[0m
[self_driving-10] [0m[INFO] [1782575427.909330913] [self_driving]: [DEBUG_DRIVE] state=LINE_FOLLOW raw_lane_x=-1 lane_x=-1 filter=lost linear=0.30 angular=0.00 cw_y=0 right_done=False start_turn=False count_turn=0 traffic=None stop=False[0m
[self_driving-10] [0m[INFO] [1782575427.971156098] [self_driving]: [IMAGE] received count=93 shape=(480, 640, 3) queue=0[0m
[self_driving-10] [33m[WARN] [1782575428.273777894] [self_driving]: [LANE_LOST] raw_lane_x=-1 lane_x=-1 filter=lost stop=False state=LINE_FOLLOW safe_linear=0.05 right_ready=False right_done=False[0m
[self_driving-10] [0m[INFO] [1782575428.471900616] [self_driving]: [DEBUG_DRIVE] state=LINE_FOLLOW raw_lane_x=-1 lane_x=-1 filter=lost linear=0.30 angular=0.00 cw_y=0 right_done=False start_turn=False count_turn=0 traffic=None stop=False[0m
[self_driving-10] [33m[WARN] [1782575428.787205042] [self_driving]: [LANE_LOST] raw_lane_x=-1 lane_x=-1 filter=lost stop=False state=LINE_FOLLOW safe_linear=0.05 right_ready=False right_done=False[0m
[self_driving-10] [0m[INFO] [1782575429.004463208] [self_driving]: [DEBUG_DRIVE] state=LINE_FOLLOW raw_lane_x=-1 lane_x=-1 filter=lost linear=0.30 angular=0.00 cw_y=0 right_done=False start_turn=False count_turn=0 traffic=None stop=False[0m
[self_driving-10] [33m[WARN] [1782575429.065041264] [self_driving]: [LANE_X_JUMP_REJECT] raw=283.5 last=110.5 diff=173.0 candidate=283.5 cnt=1/4[0m
[self_driving-10] [33m[WARN] [1782575429.341611801] [self_driving]: [LANE_LOST] raw_lane_x=-1 lane_x=-1 filter=lost stop=False state=LINE_FOLLOW safe_linear=0.05 right_ready=False right_done=False[0m
[self_driving-10] [0m[INFO] [1782575429.539588412] [self_driving]: [DEBUG_DRIVE] state=LINE_FOLLOW raw_lane_x=-1 lane_x=-1 filter=lost linear=0.30 angular=0.00 cw_y=0 right_done=False start_turn=False count_turn=0 traffic=None stop=False[0m
[self_driving-10] [33m[WARN] [1782575429.872161837] [self_driving]: [LANE_LOST] raw_lane_x=-1 lane_x=-1 filter=lost stop=False state=LINE_FOLLOW safe_linear=0.05 right_ready=False right_done=False[0m
[self_driving-10] [0m[INFO] [1782575430.020905874] [self_driving]: [IMAGE] received count=123 shape=(480, 640, 3) queue=0[0m
[self_driving-10] [0m[INFO] [1782575430.040602522] [self_driving]: [DEBUG_DRIVE] state=LINE_FOLLOW raw_lane_x=-1 lane_x=-1 filter=lost linear=0.30 angular=0.00 cw_y=0 right_done=False start_turn=False count_turn=0 traffic=None stop=False[0m
[self_driving-10] [33m[WARN] [1782575430.408572596] [self_driving]: [LANE_LOST] raw_lane_x=-1 lane_x=-1 filter=lost stop=False state=LINE_FOLLOW safe_linear=0.05 right_ready=False right_done=False[0m
[self_driving-10] [0m[INFO] [1782575430.597772189] [self_driving]: [DEBUG_DRIVE] state=LINE_FOLLOW raw_lane_x=-1 lane_x=-1 filter=lost linear=0.30 angular=0.00 cw_y=0 right_done=False start_turn=False count_turn=0 traffic=None stop=False[0m
[self_driving-10] [33m[WARN] [1782575430.940938929] [self_driving]: [LANE_LOST] raw_lane_x=-1 lane_x=-1 filter=lost stop=False state=LINE_FOLLOW safe_linear=0.05 right_ready=False right_done=False[0m
[self_driving-10] [0m[INFO] [1782575431.159743818] [self_driving]: [DEBUG_DRIVE] state=LINE_FOLLOW raw_lane_x=-1 lane_x=-1 filter=lost linear=0.30 angular=0.00 cw_y=0 right_done=False start_turn=False count_turn=0 traffic=None stop=False[0m
[self_driving-10] [33m[WARN] [1782575431.475380244] [self_driving]: [LANE_LOST] raw_lane_x=-1 lane_x=-1 filter=lost stop=False state=LINE_FOLLOW safe_linear=0.05 right_ready=False right_done=False[0m
[self_driving-10] [0m[INFO] [1782575431.671863188] [self_driving]: [DEBUG_DRIVE] state=LINE_FOLLOW raw_lane_x=-1 lane_x=-1 filter=lost linear=0.30 angular=0.00 cw_y=0 right_done=False start_turn=False count_turn=0 traffic=None stop=False[0m
[self_driving-10] [33m[WARN] [1782575432.011393706] [self_driving]: [LANE_LOST] raw_lane_x=-1 lane_x=-1 filter=lost stop=False state=LINE_FOLLOW safe_linear=0.05 right_ready=False right_done=False[0m
[self_driving-10] [0m[INFO] [1782575432.071234466] [self_driving]: [IMAGE] received count=154 shape=(480, 640, 3) queue=0[0m
[self_driving-10] [0m[INFO] [1782575432.238656095] [self_driving]: [DEBUG_DRIVE] state=LINE_FOLLOW raw_lane_x=-1 lane_x=-1 filter=lost linear=0.30 angular=0.00 cw_y=0 right_done=False start_turn=False count_turn=0 traffic=None stop=False[0m
[self_driving-10] [0m[INFO] [1782575432.560627428] [self_driving]: [OBJECTS] msg_count=1 n=1 names=['crosswalk'][0m
[self_driving-10] [33m[WARN] [1782575432.562378317] [self_driving]: [LANE_LOST] raw_lane_x=-1 lane_x=-1 filter=lost stop=False state=LINE_FOLLOW safe_linear=0.05 right_ready=False right_done=False[0m
[self_driving-10] [0m[INFO] [1782575432.766401262] [self_driving]: [CROSSWALK_IGNORE] y=13 < th=180[0m
[self_driving-10] [0m[INFO] [1782575432.769910150] [self_driving]: [DEBUG_DRIVE] state=LINE_FOLLOW raw_lane_x=-1 lane_x=-1 filter=lost linear=0.30 angular=0.00 cw_y=13 right_done=False start_turn=False count_turn=0 traffic=None stop=False[0m
[self_driving-10] [33m[WARN] [1782575433.101393650] [self_driving]: [LANE_LOST] raw_lane_x=-1 lane_x=-1 filter=lost stop=False state=LINE_FOLLOW safe_linear=0.05 right_ready=False right_done=False[0m
[self_driving-10] [0m[INFO] [1782575433.299490780] [self_driving]: [CROSSWALK_IGNORE] y=13 < th=180[0m
[self_driving-10] [0m[INFO] [1782575433.304403928] [self_driving]: [DEBUG_DRIVE] state=LINE_FOLLOW raw_lane_x=-1 lane_x=-1 filter=lost linear=0.30 angular=0.00 cw_y=13 right_done=False start_turn=False count_turn=0 traffic=None stop=False[0m
[self_driving-10] [33m[WARN] [1782575433.636606817] [self_driving]: [LANE_LOST] raw_lane_x=-1 lane_x=-1 filter=lost stop=False state=LINE_FOLLOW safe_linear=0.05 right_ready=False right_done=False[0m
[self_driving-10] [0m[INFO] [1782575433.848381113] [self_driving]: [CROSSWALK_IGNORE] y=13 < th=180[0m
[self_driving-10] [0m[INFO] [1782575433.858145835] [self_driving]: [DEBUG_DRIVE] state=LINE_FOLLOW raw_lane_x=-1 lane_x=-1 filter=lost linear=0.30 angular=0.00 cw_y=13 right_done=False start_turn=False count_turn=0 traffic=None stop=False[0m
[self_driving-10] [0m[INFO] [1782575434.091721983] [self_driving]: [IMAGE] received count=184 shape=(480, 640, 3) queue=0[0m
[self_driving-10] [33m[WARN] [1782575434.186538890] [self_driving]: [LANE_LOST] raw_lane_x=-1 lane_x=-1 filter=lost stop=False state=LINE_FOLLOW safe_linear=0.05 right_ready=False right_done=False[0m
[self_driving-10] [0m[INFO] [1782575434.368670538] [self_driving]: [CROSSWALK_IGNORE] y=13 < th=180[0m
[self_driving-10] [0m[INFO] [1782575434.370887131] [self_driving]: [DEBUG_DRIVE] state=LINE_FOLLOW raw_lane_x=-1 lane_x=-1 filter=lost linear=0.30 angular=0.00 cw_y=13 right_done=False start_turn=False count_turn=0 traffic=None stop=False[0m
[self_driving-10] [33m[WARN] [1782575434.711638186] [self_driving]: [LANE_LOST] raw_lane_x=-1 lane_x=-1 filter=lost stop=False state=LINE_FOLLOW safe_linear=0.05 right_ready=False right_done=False[0m
[self_driving-10] [0m[INFO] [1782575434.883781020] [self_driving]: [OBJECTS] msg_count=2 n=1 names=['crosswalk'][0m
[self_driving-10] [0m[INFO] [1782575434.934321575] [self_driving]: [DEBUG_DRIVE] state=LINE_FOLLOW raw_lane_x=-1 lane_x=-1 filter=lost linear=0.30 angular=0.00 cw_y=242 right_done=False start_turn=False count_turn=0 traffic=None stop=False[0m
[self_driving-10] [0m[INFO] [1782575435.099534075] [self_driving]: [CROSSWALK_SLOW] y=242 th=180 confirm=4[0m
[self_driving-10] [33m[WARN] [1782575435.237111482] [self_driving]: [LANE_X_JUMP_REJECT] raw=21.5 last=110.5 diff=89.0 candidate=21.5 cnt=1/4[0m
[self_driving-10] [33m[WARN] [1782575435.321166112] [self_driving]: [LANE_LOST] raw_lane_x=-1 lane_x=-1 filter=lost stop=False state=LINE_FOLLOW safe_linear=0.05 right_ready=False right_done=False[0m
[self_driving-10] [0m[INFO] [1782575435.439648149] [self_driving]: [CROSSWALK_IGNORE] y=39 < th=180[0m
[self_driving-10] [0m[INFO] [1782575435.440443630] [self_driving]: [DEBUG_DRIVE] state=LINE_FOLLOW raw_lane_x=-1 lane_x=-1 filter=lost linear=0.15 angular=0.00 cw_y=39 right_done=False start_turn=False count_turn=0 traffic=None stop=False[0m
[self_driving-10] [33m[WARN] [1782575435.792559945] [self_driving]: [LANE_X_JUMP_REJECT] raw=257.5 last=110.5 diff=147.0 candidate=257.5 cnt=1/4[0m
[self_driving-10] [33m[WARN] [1782575435.903816000] [self_driving]: [LANE_LOST] raw_lane_x=-1 lane_x=-1 filter=lost stop=False state=LINE_FOLLOW safe_linear=0.05 right_ready=False right_done=False[0m
[self_driving-10] [0m[INFO] [1782575435.990336278] [self_driving]: [CROSSWALK_IGNORE] y=39 < th=180[0m
[self_driving-10] [0m[INFO] [1782575435.991079297] [self_driving]: [DEBUG_DRIVE] state=LINE_FOLLOW raw_lane_x=-1 lane_x=-1 filter=lost linear=0.15 angular=0.00 cw_y=39 right_done=False start_turn=False count_turn=0 traffic=None stop=False[0m
[self_driving-10] [0m[INFO] [1782575436.024474352] [self_driving]: [OBJECTS] msg_count=4 n=1 names=['crosswalk'][0m
[self_driving-10] [0m[INFO] [1782575436.107105889] [self_driving]: [IMAGE] received count=214 shape=(480, 640, 3) queue=0[0m
[self_driving-10] [33m[WARN] [1782575436.381809371] [self_driving]: [LANE_X_JUMP_REJECT] raw=241.5 last=110.5 diff=131.0 candidate=210.0 cnt=2/4[0m
[self_driving-10] [0m[INFO] [1782575436.522857574] [self_driving]: [CROSSWALK_IGNORE] y=33 < th=180[0m
[self_driving-10] [0m[INFO] [1782575436.524071908] [self_driving]: [DEBUG_DRIVE] state=LINE_FOLLOW raw_lane_x=124.5 lane_x=124.5 filter=stable linear=0.15 angular=-0.10 cw_y=33 right_done=False start_turn=False count_turn=0 traffic=None stop=False[0m
[self_driving-10] [33m[WARN] [1782575436.933296611] [self_driving]: [LANE_X_JUMP_REJECT] raw=279.0 last=128.0 diff=151.0 candidate=257.5 cnt=2/4[0m
[self_driving-10] [0m[INFO] [1782575437.070438629] [self_driving]: [CROSSWALK_IGNORE] y=33 < th=180[0m
[self_driving-10] [0m[INFO] [1782575437.071436203] [self_driving]: [DEBUG_DRIVE] state=LINE_FOLLOW raw_lane_x=220.5 lane_x=128.0 filter=jump_reject linear=0.15 angular=0.10 cw_y=33 right_done=False start_turn=False count_turn=0 traffic=None stop=False[0m
[self_driving-10] [0m[INFO] [1782575437.142956463] [self_driving]: [OBJECTS] msg_count=5 n=1 names=['crosswalk'][0m
[self_driving-10] [0m[INFO] [1782575437.276064463] [self_driving]: [LANE_X_JUMP_ACCEPT] raw=247.0 last=247.0 cnt=4/4[0m
[self_driving-10] [0m[INFO] [1782575437.607655870] [self_driving]: [DEBUG_DRIVE] state=LINE_FOLLOW raw_lane_x=183.0 lane_x=183.0 filter=stable linear=0.15 angular=-0.10 cw_y=220 right_done=False start_turn=False count_turn=0 traffic=None stop=False[0m
[self_driving-10] [0m[INFO] [1782575437.795162962] [self_driving]: [CROSSWALK_SLOW_DONE] return normal speed[0m
[self_driving-10] [0m[INFO] [1782575437.911751814] [self_driving]: [OBJECTS] msg_count=8 n=1 names=['crosswalk'][0m
[self_driving-10] [0m[INFO] [1782575438.061554981] [self_driving]: [CROSSWALK_SLOW] y=320 th=180 confirm=4[0m
[self_driving-10] [0m[INFO] [1782575438.127200481] [self_driving]: [IMAGE] received count=244 shape=(480, 640, 3) queue=0[0m
[self_driving-10] [0m[INFO] [1782575438.136351777] [self_driving]: [DEBUG_DRIVE] state=LINE_FOLLOW raw_lane_x=139.5 lane_x=139.5 filter=stable linear=0.15 angular=-0.10 cw_y=320 right_done=False start_turn=False count_turn=0 traffic=None stop=False[0m
[self_driving-10] [0m[INFO] [1782575438.632703221] [self_driving]: [OBJECTS] msg_count=13 n=1 names=['go'][0m
[self_driving-10] [0m[INFO] [1782575438.685937795] [self_driving]: [CROSSWALK_IGNORE] y=179 < th=180[0m
[self_driving-10] [0m[INFO] [1782575438.687475277] [self_driving]: [DEBUG_DRIVE] state=LINE_FOLLOW raw_lane_x=125.5 lane_x=125.5 filter=stable linear=0.15 angular=0.10 cw_y=179 right_done=False start_turn=False count_turn=0 traffic=None stop=False[0m
[self_driving-10] [0m[INFO] [1782575439.214901665] [self_driving]: [DEBUG_DRIVE] state=LINE_FOLLOW raw_lane_x=139.0 lane_x=139.0 filter=stable linear=0.15 angular=-0.10 cw_y=184 right_done=False start_turn=False count_turn=0 traffic=None stop=False[0m
[self_driving-10] [0m[INFO] [1782575439.380731572] [self_driving]: [OBJECTS] msg_count=19 n=1 names=['crosswalk'][0m
[self_driving-10] [0m[INFO] [1782575439.745147757] [self_driving]: [DEBUG_DRIVE] state=LINE_FOLLOW raw_lane_x=133.0 lane_x=133.0 filter=stable linear=0.15 angular=-0.10 cw_y=188 right_done=False start_turn=False count_turn=0 traffic=None stop=False[0m
[self_driving-10] [0m[INFO] [1782575440.134806109] [self_driving]: [OBJECTS] msg_count=26 n=1 names=['crosswalk'][0m
[self_driving-10] [0m[INFO] [1782575440.145755794] [self_driving]: [IMAGE] received count=274 shape=(480, 640, 3) queue=0[0m
[self_driving-10] [0m[INFO] [1782575440.300294813] [self_driving]: [DEBUG_DRIVE] state=LINE_FOLLOW raw_lane_x=132.5 lane_x=132.5 filter=stable linear=0.15 angular=-0.10 cw_y=192 right_done=False start_turn=False count_turn=0 traffic=None stop=False[0m
[self_driving-10] [0m[INFO] [1782575440.746819924] [self_driving]: [CROSSWALK_SLOW_DONE] return normal speed[0m
[self_driving-10] [0m[INFO] [1782575440.818244386] [self_driving]: [DEBUG_DRIVE] state=LINE_FOLLOW raw_lane_x=128.5 lane_x=128.5 filter=stable linear=0.30 angular=0.10 cw_y=197 right_done=False start_turn=False count_turn=0 traffic=None stop=False[0m
[self_driving-10] [0m[INFO] [1782575440.909106016] [self_driving]: [OBJECTS] msg_count=32 n=1 names=['crosswalk'][0m
[self_driving-10] [0m[INFO] [1782575441.032947646] [self_driving]: [CROSSWALK_SLOW] y=199 th=180 confirm=4[0m
[self_driving-10] [0m[INFO] [1782575441.366756701] [self_driving]: [DEBUG_DRIVE] state=LINE_FOLLOW raw_lane_x=123.5 lane_x=123.5 filter=stable linear=0.15 angular=0.10 cw_y=0 right_done=False start_turn=False count_turn=0 traffic=None stop=False[0m
[self_driving-10] [0m[INFO] [1782575441.723310571] [self_driving]: [OBJECTS] msg_count=37 n=1 names=['go'][0m
[self_driving-10] [0m[INFO] [1782575441.888992015] [self_driving]: [DEBUG_DRIVE] state=LINE_FOLLOW raw_lane_x=140.5 lane_x=140.5 filter=stable linear=0.15 angular=-0.10 cw_y=206 right_done=False start_turn=False count_turn=0 traffic=None stop=False[0m
[self_driving-10] [0m[INFO] [1782575442.189475997] [self_driving]: [IMAGE] received count=304 shape=(480, 640, 3) queue=0[0m
[self_driving-10] [0m[INFO] [1782575442.428424811] [self_driving]: [DEBUG_DRIVE] state=LINE_FOLLOW raw_lane_x=121.0 lane_x=121.0 filter=stable linear=0.15 angular=0.10 cw_y=0 right_done=False start_turn=False count_turn=0 traffic=None stop=False[0m
[self_driving-10] [0m[INFO] [1782575442.478226330] [self_driving]: [OBJECTS] msg_count=43 n=1 names=['go'][0m
[self_driving-10] [0m[INFO] [1782575442.966037107] [self_driving]: [DEBUG_DRIVE] state=LINE_FOLLOW raw_lane_x=131.5 lane_x=131.5 filter=stable linear=0.15 angular=0.10 cw_y=0 right_done=False start_turn=False count_turn=0 traffic=None stop=False[0m
[self_driving-10] [0m[INFO] [1782575443.226690663] [self_driving]: [OBJECTS] msg_count=47 n=1 names=['crosswalk'][0m
[self_driving-10] [0m[INFO] [1782575443.498950903] [self_driving]: [DEBUG_DRIVE] state=LINE_FOLLOW raw_lane_x=140.0 lane_x=140.0 filter=stable linear=0.15 angular=-0.10 cw_y=241 right_done=False start_turn=False count_turn=0 traffic=None stop=False[0m
[self_driving-10] [0m[INFO] [1782575443.721414125] [self_driving]: [CROSSWALK_SLOW_DONE] return normal speed[0m
[self_driving-10] [0m[INFO] [1782575443.971397736] [self_driving]: [CROSSWALK_SLOW] y=254 th=180 confirm=4[0m
[self_driving-10] [0m[INFO] [1782575444.005491033] [self_driving]: [OBJECTS] msg_count=49 n=1 names=['crosswalk'][0m
[self_driving-10] [0m[INFO] [1782575444.059020699] [self_driving]: [DEBUG_DRIVE] state=LINE_FOLLOW raw_lane_x=134.5 lane_x=134.5 filter=stable linear=0.15 angular=-0.10 cw_y=266 right_done=False start_turn=False count_turn=0 traffic=None stop=False[0m
[self_driving-10] [0m[INFO] [1782575444.261003570] [self_driving]: [IMAGE] received count=335 shape=(480, 640, 3) queue=0[0m
[self_driving-10] [0m[INFO] [1782575444.581600829] [self_driving]: [DEBUG_DRIVE] state=LINE_FOLLOW raw_lane_x=135.0 lane_x=135.0 filter=stable linear=0.15 angular=-0.10 cw_y=285 right_done=False start_turn=False count_turn=0 traffic=None stop=False[0m
[self_driving-10] [0m[INFO] [1782575444.742374421] [self_driving]: [OBJECTS] msg_count=51 n=1 names=['crosswalk'][0m
[self_driving-10] [0m[INFO] [1782575445.115881143] [self_driving]: [DEBUG_DRIVE] state=LINE_FOLLOW raw_lane_x=126.0 lane_x=126.0 filter=stable linear=0.15 angular=0.10 cw_y=403 right_done=False start_turn=False count_turn=0 traffic=None stop=False[0m
[self_driving-10] [0m[INFO] [1782575445.548883661] [self_driving]: [OBJECTS] msg_count=54 n=1 names=['crosswalk'][0m
[self_driving-10] [0m[INFO] [1782575445.666663828] [self_driving]: [DEBUG_DRIVE] state=LINE_FOLLOW raw_lane_x=126.5 lane_x=126.5 filter=stable linear=0.15 angular=0.10 cw_y=421 right_done=False start_turn=False count_turn=0 traffic=None stop=False[0m
[self_driving-10] [0m[INFO] [1782575446.187047235] [self_driving]: [DEBUG_DRIVE] state=LINE_FOLLOW raw_lane_x=127.5 lane_x=127.5 filter=stable linear=0.15 angular=0.10 cw_y=449 right_done=False start_turn=False count_turn=0 traffic=None stop=False[0m
[self_driving-10] [0m[INFO] [1782575446.266765698] [self_driving]: [IMAGE] received count=365 shape=(480, 640, 3) queue=0[0m
[self_driving-10] [0m[INFO] [1782575446.655472327] [self_driving]: [CROSSWALK_SLOW_DONE] return normal speed[0m
[self_driving-10] [0m[INFO] [1782575446.762861031] [self_driving]: [DEBUG_DRIVE] state=LINE_FOLLOW raw_lane_x=138.0 lane_x=138.0 filter=stable linear=0.30 angular=-0.10 cw_y=449 right_done=False start_turn=False count_turn=0 traffic=None stop=False[0m
[self_driving-10] [0m[INFO] [1782575446.924110587] [self_driving]: [CROSSWALK_SLOW] y=449 th=180 confirm=4[0m
[self_driving-10] [0m[INFO] [1782575447.075198846] [self_driving]: [OBJECTS] msg_count=56 n=1 names=['crosswalk'][0m
[self_driving-10] [0m[INFO] [1782575447.263759068] [self_driving]: [DEBUG_DRIVE] state=LINE_FOLLOW raw_lane_x=139.5 lane_x=139.5 filter=stable linear=0.15 angular=-0.10 cw_y=441 right_done=False start_turn=False count_turn=0 traffic=None stop=False[0m
[self_driving-10] [0m[INFO] [1782575447.833356586] [self_driving]: [DEBUG_DRIVE] state=LINE_FOLLOW raw_lane_x=123.0 lane_x=123.0 filter=stable linear=0.15 angular=0.10 cw_y=441 right_done=False start_turn=False count_turn=0 traffic=None stop=False[0m
[self_driving-10] [0m[INFO] [1782575448.277233012] [self_driving]: [IMAGE] received count=395 shape=(480, 640, 3) queue=0[0m
[self_driving-10] [0m[INFO] [1782575448.347572456] [self_driving]: [DEBUG_DRIVE] state=LINE_FOLLOW raw_lane_x=125.5 lane_x=125.5 filter=stable linear=0.15 angular=-0.10 cw_y=441 right_done=False start_turn=False count_turn=0 traffic=None stop=False[0m
[self_driving-10] [0m[INFO] [1782575448.892283530] [self_driving]: [DEBUG_DRIVE] state=LINE_FOLLOW raw_lane_x=125.5 lane_x=125.5 filter=stable linear=0.15 angular=0.10 cw_y=441 right_done=False start_turn=False count_turn=0 traffic=None stop=False[0m
[self_driving-10] [0m[INFO] [1782575449.430350233] [self_driving]: [DEBUG_DRIVE] state=LINE_FOLLOW raw_lane_x=127.5 lane_x=127.5 filter=stable linear=0.15 angular=0.10 cw_y=441 right_done=False start_turn=False count_turn=0 traffic=None stop=False[0m
[self_driving-10] [0m[INFO] [1782575449.612264344] [self_driving]: [CROSSWALK_SLOW_DONE] return normal speed[0m
[self_driving-10] [0m[INFO] [1782575449.640774270] [self_driving]: [OBJECTS] msg_count=57 n=1 names=['crosswalk'][0m
[self_driving-10] [0m[INFO] [1782575449.894336288] [self_driving]: [CROSSWALK_SLOW] y=348 th=180 confirm=4[0m
[self_driving-10] [0m[INFO] [1782575449.971503288] [self_driving]: [DEBUG_DRIVE] state=LINE_FOLLOW raw_lane_x=145.0 lane_x=145.0 filter=stable linear=0.15 angular=-0.10 cw_y=348 right_done=False start_turn=False count_turn=0 traffic=None stop=False[0m
[self_driving-10] [0m[INFO] [1782575450.294714547] [self_driving]: [IMAGE] received count=425 shape=(480, 640, 3) queue=0[0m
[self_driving-10] [0m[INFO] [1782575450.496270177] [self_driving]: [DEBUG_DRIVE] state=LINE_FOLLOW raw_lane_x=161.0 lane_x=161.0 filter=stable linear=0.15 angular=-0.10 cw_y=348 right_done=False start_turn=False count_turn=0 traffic=None stop=False[0m
[self_driving-10] [0m[INFO] [1782575451.027391362] [self_driving]: [DEBUG_DRIVE] state=LINE_FOLLOW raw_lane_x=201.5 lane_x=201.5 filter=stable linear=0.15 angular=-0.45 cw_y=348 right_done=False start_turn=False count_turn=1 traffic=None stop=False[0m
[self_driving-10] [0m[INFO] [1782575451.572876639] [self_driving]: [DEBUG_DRIVE] state=LINE_FOLLOW raw_lane_x=282.0 lane_x=282.0 filter=stable linear=0.15 angular=-0.45 cw_y=348 right_done=False start_turn=True count_turn=3 traffic=None stop=False[0m
[self_driving-10] [33m[WARN] [1782575451.777066287] [self_driving]: [LANE_X_JUMP_REJECT] raw=117.0 last=292.5 diff=175.5 candidate=117.0 cnt=1/4[0m
[self_driving-10] [0m[INFO] [1782575451.989241398] [self_driving]: [LANE_X_JUMP_ACCEPT] raw=150.0 last=150.0 cnt=4/4[0m
[self_driving-10] [0m[INFO] [1782575452.102501176] [self_driving]: [DEBUG_DRIVE] state=LINE_FOLLOW raw_lane_x=166.5 lane_x=166.5 filter=stable linear=0.15 angular=0.00 cw_y=348 right_done=False start_turn=True count_turn=0 traffic=None stop=False[0m
[self_driving-10] [0m[INFO] [1782575452.327911380] [self_driving]: [IMAGE] received count=455 shape=(480, 640, 3) queue=0[0m
[self_driving-10] [0m[INFO] [1782575452.582107639] [self_driving]: [CROSSWALK_SLOW_DONE] return normal speed[0m
[self_driving-10] [0m[INFO] [1782575452.646282750] [self_driving]: [DEBUG_DRIVE] state=LINE_FOLLOW raw_lane_x=267.0 lane_x=267.0 filter=stable linear=0.30 angular=-0.45 cw_y=348 right_done=False start_turn=True count_turn=6 traffic=None stop=False[0m
[self_driving-10] [0m[INFO] [1782575452.858460916] [self_driving]: [CROSSWALK_SLOW] y=348 th=180 confirm=4[0m
[self_driving-10] [0m[INFO] [1782575453.202765601] [self_driving]: [DEBUG_DRIVE] state=LINE_FOLLOW raw_lane_x=270.5 lane_x=270.5 filter=stable linear=0.15 angular=-0.45 cw_y=348 right_done=False start_turn=True count_turn=14 traffic=None stop=False[0m
[self_driving-10] [0m[INFO] [1782575453.721357545] [self_driving]: [DEBUG_DRIVE] state=LINE_FOLLOW raw_lane_x=280.0 lane_x=280.0 filter=stable linear=0.15 angular=-0.45 cw_y=348 right_done=False start_turn=True count_turn=22 traffic=None stop=False[0m
[self_driving-10] [0m[INFO] [1782575454.267520082] [self_driving]: [DEBUG_DRIVE] state=LINE_FOLLOW raw_lane_x=284.0 lane_x=284.0 filter=stable linear=0.15 angular=-0.45 cw_y=348 right_done=False start_turn=True count_turn=30 traffic=None stop=False[0m
[self_driving-10] [0m[INFO] [1782575454.329464656] [self_driving]: [IMAGE] received count=485 shape=(480, 640, 3) queue=0[0m
[self_driving-10] [0m[INFO] [1782575454.809184878] [self_driving]: [DEBUG_DRIVE] state=LINE_FOLLOW raw_lane_x=153.5 lane_x=153.5 filter=stable linear=0.15 angular=-0.10 cw_y=348 right_done=False start_turn=False count_turn=0 traffic=None stop=False[0m
[self_driving-10] [0m[INFO] [1782575454.888152971] [self_driving]: [OBJECTS] msg_count=58 n=1 names=['crosswalk'][0m
[self_driving-10] [0m[INFO] [1782575455.344494933] [self_driving]: [DEBUG_DRIVE] state=LINE_FOLLOW raw_lane_x=139.0 lane_x=139.0 filter=stable linear=0.15 angular=-0.10 cw_y=196 right_done=False start_turn=False count_turn=0 traffic=None stop=False[0m
[self_driving-10] [0m[INFO] [1782575455.538099155] [self_driving]: [CROSSWALK_SLOW_DONE] return normal speed[0m
[self_driving-10] [0m[INFO] [1782575455.639610915] [self_driving]: [OBJECTS] msg_count=61 n=1 names=['crosswalk'][0m
[self_driving-10] [0m[INFO] [1782575455.879161970] [self_driving]: [CROSSWALK_IGNORE] y=177 < th=180[0m
[self_driving-10] [0m[INFO] [1782575455.879778229] [self_driving]: [DEBUG_DRIVE] state=LINE_FOLLOW raw_lane_x=124.0 lane_x=124.0 filter=stable linear=0.30 angular=0.10 cw_y=177 right_done=False start_turn=False count_turn=0 traffic=None stop=False[0m
[self_driving-10] [0m[INFO] [1782575456.332513933] [self_driving]: [IMAGE] received count=515 shape=(480, 640, 3) queue=0[0m
[self_driving-10] [0m[INFO] [1782575456.406553970] [self_driving]: [CROSSWALK_IGNORE] y=175 < th=180[0m
[self_driving-10] [0m[INFO] [1782575456.408378525] [self_driving]: [DEBUG_DRIVE] state=LINE_FOLLOW raw_lane_x=139.0 lane_x=139.0 filter=stable linear=0.30 angular=-0.10 cw_y=175 right_done=False start_turn=False count_turn=0 traffic=None stop=False[0m
[self_driving-10] [0m[INFO] [1782575456.458692729] [self_driving]: [OBJECTS] msg_count=66 n=1 names=['go'][0m
[self_driving-10] [0m[INFO] [1782575456.939587118] [self_driving]: [DEBUG_DRIVE] state=LINE_FOLLOW raw_lane_x=128.5 lane_x=128.5 filter=stable linear=0.30 angular=0.10 cw_y=180 right_done=False start_turn=False count_turn=0 traffic=None stop=False[0m
[self_driving-10] [0m[INFO] [1782575457.083597043] [self_driving]: [CROSSWALK_SLOW] y=180 th=180 confirm=4[0m
[self_driving-10] [0m[INFO] [1782575457.226532136] [self_driving]: [OBJECTS] msg_count=71 n=1 names=['crosswalk'][0m
[self_driving-10] [0m[INFO] [1782575457.229489451] [self_driving]: [TRAFFIC_CANDIDATE] name=red valid=False cx=540 cy=70 area=196 score=0.30 min_area=800[0m
[self_driving-10] [0m[INFO] [1782575457.488412525] [self_driving]: [DEBUG_DRIVE] state=LINE_FOLLOW raw_lane_x=133.5 lane_x=133.5 filter=stable linear=0.15 angular=-0.10 cw_y=0 right_done=False start_turn=False count_turn=0 traffic=None stop=False[0m
[self_driving-10] [0m[INFO] [1782575457.970209710] [self_driving]: [OBJECTS] msg_count=77 n=1 names=['crosswalk'][0m
[self_driving-10] [0m[INFO] [1782575457.979709654] [self_driving]: [TRAFFIC_CANDIDATE] name=red valid=False cx=558 cy=57 area=324 score=0.46 min_area=800[0m
[self_driving-10] [0m[INFO] [1782575458.062255580] [self_driving]: [DEBUG_DRIVE] state=LINE_FOLLOW raw_lane_x=132.0 lane_x=132.0 filter=stable linear=0.15 angular=-0.10 cw_y=0 right_done=False start_turn=False count_turn=0 traffic=None stop=False[0m
[self_driving-10] [0m[INFO] [1782575458.346120450] [self_driving]: [IMAGE] received count=545 shape=(480, 640, 3) queue=0[0m
[self_driving-10] [0m[INFO] [1782575458.565036968] [self_driving]: [DEBUG_DRIVE] state=LINE_FOLLOW raw_lane_x=134.5 lane_x=134.5 filter=stable linear=0.15 angular=0.10 cw_y=0 right_done=False start_turn=False count_turn=0 traffic=None stop=False[0m
[self_driving-10] [0m[INFO] [1782575458.780141950] [self_driving]: [OBJECTS] msg_count=84 n=1 names=['go'][0m
[self_driving-10] [0m[INFO] [1782575458.784801876] [self_driving]: [TRAFFIC_CANDIDATE] name=red valid=False cx=583 cy=46 area=289 score=0.60 min_area=800[0m
[self_driving-10] [0m[INFO] [1782575459.096532709] [self_driving]: [DEBUG_DRIVE] state=LINE_FOLLOW raw_lane_x=117.5 lane_x=117.5 filter=stable linear=0.15 angular=0.10 cw_y=0 right_done=False start_turn=False count_turn=0 traffic=None stop=False[0m
[self_driving-10] [0m[INFO] [1782575459.531478709] [self_driving]: [OBJECTS] msg_count=92 n=1 names=['go'][0m
[self_driving-10] [0m[INFO] [1782575459.537169283] [self_driving]: [TRAFFIC_CANDIDATE] name=red valid=False cx=632 cy=40 area=260 score=0.71 min_area=800[0m
[self_driving-10] [0m[INFO] [1782575459.629456523] [self_driving]: [DEBUG_DRIVE] state=LINE_FOLLOW raw_lane_x=143.5 lane_x=143.5 filter=stable linear=0.15 angular=-0.10 cw_y=0 right_done=False start_turn=False count_turn=0 traffic=None stop=False[0m
[self_driving-10] [0m[INFO] [1782575459.765138523] [self_driving]: [CROSSWALK_SLOW_DONE] return normal speed[0m
[self_driving-10] [0m[INFO] [1782575460.179678708] [self_driving]: [DEBUG_DRIVE] state=LINE_FOLLOW raw_lane_x=140.0 lane_x=140.0 filter=stable linear=0.30 angular=-0.10 cw_y=0 right_done=False start_turn=False count_turn=0 traffic=None stop=False[0m
[self_driving-10] [0m[INFO] [1782575460.314702986] [self_driving]: [OBJECTS] msg_count=99 n=1 names=['crosswalk'][0m
[self_driving-10] [0m[INFO] [1782575460.387447430] [self_driving]: [IMAGE] received count=575 shape=(480, 640, 3) queue=0[0m
[self_driving-10] [0m[INFO] [1782575460.706647078] [self_driving]: [DEBUG_DRIVE] state=LINE_FOLLOW raw_lane_x=99.5 lane_x=99.5 filter=stable linear=0.30 angular=0.10 cw_y=0 right_done=False start_turn=False count_turn=0 traffic=None stop=False[0m
[self_driving-10] [0m[INFO] [1782575461.098956689] [self_driving]: [OBJECTS] msg_count=104 n=1 names=['go'][0m
[self_driving-10] [0m[INFO] [1782575461.210598930] [self_driving]: [DEBUG_DRIVE] state=LINE_FOLLOW raw_lane_x=157.5 lane_x=157.5 filter=stable linear=0.30 angular=-0.10 cw_y=0 right_done=False start_turn=False count_turn=0 traffic=None stop=False[0m
[self_driving-10] [0m[INFO] [1782575461.731285948] [self_driving]: [CROSSWALK_SLOW] y=270 th=180 confirm=4[0m
[self_driving-10] [0m[INFO] [1782575461.733483596] [self_driving]: [DEBUG_DRIVE] state=LINE_FOLLOW raw_lane_x=131.5 lane_x=131.5 filter=stable linear=0.15 angular=0.10 cw_y=270 right_done=False start_turn=False count_turn=0 traffic=None stop=False[0m
[self_driving-10] [0m[INFO] [1782575461.878617004] [self_driving]: [OBJECTS] msg_count=107 n=1 names=['crosswalk'][0m
[self_driving-10] [0m[INFO] [1782575462.260462670] [self_driving]: [DEBUG_DRIVE] state=LINE_FOLLOW raw_lane_x=123.5 lane_x=123.5 filter=stable linear=0.15 angular=-0.10 cw_y=0 right_done=False start_turn=False count_turn=0 traffic=None stop=False[0m
[self_driving-10] [0m[INFO] [1782575462.392449818] [self_driving]: [IMAGE] received count=605 shape=(480, 640, 3) queue=0[0m
[self_driving-10] [0m[INFO] [1782575462.795917207] [self_driving]: [DEBUG_DRIVE] state=LINE_FOLLOW raw_lane_x=134.5 lane_x=134.5 filter=stable linear=0.15 angular=-0.10 cw_y=410 right_done=False start_turn=False count_turn=0 traffic=None stop=False[0m
[self_driving-10] [0m[INFO] [1782575463.341111373] [self_driving]: [DEBUG_DRIVE] state=LINE_FOLLOW raw_lane_x=124.5 lane_x=124.5 filter=stable linear=0.15 angular=0.10 cw_y=410 right_done=False start_turn=False count_turn=0 traffic=None stop=False[0m
[self_driving-10] [0m[INFO] [1782575463.882957058] [self_driving]: [DEBUG_DRIVE] state=LINE_FOLLOW raw_lane_x=133.0 lane_x=133.0 filter=stable linear=0.15 angular=-0.10 cw_y=410 right_done=False start_turn=False count_turn=0 traffic=None stop=False[0m
[self_driving-10] [0m[INFO] [1782575464.143695780] [self_driving]: [OBJECTS] msg_count=111 n=1 names=['crosswalk'][0m
[self_driving-10] [0m[INFO] [1782575464.393456650] [self_driving]: [IMAGE] received count=635 shape=(480, 640, 3) queue=0[0m
[self_driving-10] [0m[INFO] [1782575464.399090909] [self_driving]: [CROSSWALK_SLOW_DONE] return normal speed[0m
[self_driving-10] [0m[INFO] [1782575464.404334946] [self_driving]: [DEBUG_DRIVE] state=LINE_FOLLOW raw_lane_x=135.5 lane_x=135.5 filter=stable linear=0.15 angular=-0.10 cw_y=364 right_done=False start_turn=False count_turn=0 traffic=None stop=False[0m
[self_driving-10] [0m[INFO] [1782575464.687232835] [self_driving]: [CROSSWALK_SLOW] y=364 th=180 confirm=4[0m
[self_driving-10] [0m[INFO] [1782575464.970518039] [self_driving]: [DEBUG_DRIVE] state=LINE_FOLLOW raw_lane_x=205.5 lane_x=205.5 filter=stable linear=0.15 angular=-0.45 cw_y=364 right_done=False start_turn=False count_turn=2 traffic=None stop=False[0m
[self_driving-10] [0m[INFO] [1782575465.482863872] [self_driving]: [DEBUG_DRIVE] state=LINE_FOLLOW raw_lane_x=193.0 lane_x=193.0 filter=stable linear=0.15 angular=0.00 cw_y=364 right_done=False start_turn=True count_turn=0 traffic=None stop=False[0m
[self_driving-10] [33m[WARN] [1782575465.959254371] [self_driving]: [LANE_X_JUMP_REJECT] raw=101.0 last=280.0 diff=179.0 candidate=101.0 cnt=1/4[0m
[self_driving-10] [0m[INFO] [1782575466.023239279] [self_driving]: [DEBUG_DRIVE] state=LINE_FOLLOW raw_lane_x=102.0 lane_x=280.0 filter=jump_reject linear=0.15 angular=-0.45 cw_y=364 right_done=False start_turn=True count_turn=7 traffic=None stop=False[0m
[self_driving-10] [0m[INFO] [1782575466.161747001] [self_driving]: [LANE_X_JUMP_ACCEPT] raw=135.0 last=135.0 cnt=4/4[0m
[self_driving-10] [0m[INFO] [1782575466.433066501] [self_driving]: [IMAGE] received count=665 shape=(480, 640, 3) queue=0[0m
[self_driving-10] [0m[INFO] [1782575466.550974464] [self_driving]: [DEBUG_DRIVE] state=LINE_FOLLOW raw_lane_x=199.0 lane_x=199.0 filter=stable linear=0.15 angular=0.00 cw_y=364 right_done=False start_turn=True count_turn=0 traffic=None stop=False[0m
[self_driving-10] [0m[INFO] [1782575467.101205204] [self_driving]: [DEBUG_DRIVE] state=LINE_FOLLOW raw_lane_x=302.0 lane_x=302.0 filter=stable linear=0.15 angular=-0.45 cw_y=364 right_done=False start_turn=True count_turn=8 traffic=None stop=False[0m
[self_driving-10] [0m[INFO] [1782575467.371816241] [self_driving]: [CROSSWALK_SLOW_DONE] return normal speed[0m
[self_driving-10] [0m[INFO] [1782575467.642531759] [self_driving]: [CROSSWALK_SLOW] y=364 th=180 confirm=4[0m
[self_driving-10] [0m[INFO] [1782575467.645357593] [self_driving]: [DEBUG_DRIVE] state=LINE_FOLLOW raw_lane_x=307.5 lane_x=307.5 filter=stable linear=0.15 angular=-0.45 cw_y=364 right_done=False start_turn=True count_turn=16 traffic=None stop=False[0m
[self_driving-10] [0m[INFO] [1782575468.163920370] [self_driving]: [DEBUG_DRIVE] state=LINE_FOLLOW raw_lane_x=258.5 lane_x=258.5 filter=stable linear=0.15 angular=-0.45 cw_y=364 right_done=False start_turn=True count_turn=24 traffic=None stop=False[0m
[self_driving-10] [0m[INFO] [1782575468.495595666] [self_driving]: [IMAGE] received count=696 shape=(480, 640, 3) queue=0[0m
[self_driving-10] [0m[INFO] [1782575468.737034277] [self_driving]: [DEBUG_DRIVE] state=LINE_FOLLOW raw_lane_x=283.0 lane_x=283.0 filter=stable linear=0.15 angular=-0.45 cw_y=364 right_done=False start_turn=True count_turn=32 traffic=None stop=False[0m
[self_driving-10] [0m[INFO] [1782575469.058724351] [self_driving]: [OBJECTS] msg_count=112 n=1 names=['right'][0m
[self_driving-10] [0m[INFO] [1782575469.060548110] [self_driving]: [RIGHT_CANDIDATE] valid=False reject=['small_area'] cnt=0 cx=586 cy=121 area=775 score=0.85 done=False[0m
[self_driving-10] [0m[INFO] [1782575469.264747203] [self_driving]: [DEBUG_DRIVE] state=LINE_FOLLOW raw_lane_x=155.0 lane_x=155.0 filter=stable linear=0.15 angular=-0.10 cw_y=0 right_done=False start_turn=False count_turn=0 traffic=None stop=False[0m
[self_driving-10] [0m[INFO] [1782575469.781453758] [self_driving]: [DEBUG_DRIVE] state=LINE_FOLLOW raw_lane_x=117.0 lane_x=117.0 filter=stable linear=0.15 angular=0.10 cw_y=185 right_done=False start_turn=False count_turn=0 traffic=None stop=False[0m
[self_driving-10] [0m[INFO] [1782575469.807351851] [self_driving]: [OBJECTS] msg_count=115 n=1 names=['crosswalk'][0m
[self_driving-10] [0m[INFO] [1782575469.810472369] [self_driving]: [RIGHT_CANDIDATE] valid=False reject=['small_area'] cnt=0 cx=340 cy=124 area=800 score=0.84 done=False[0m
[self_driving-10] [0m[INFO] [1782575470.213387369] [self_driving]: [RIGHT_CANDIDATE] valid=False reject=['low_score', 'small_area'] cnt=0 cx=239 cy=123 area=986 score=0.35 done=False[0m
[self_driving-10] [0m[INFO] [1782575470.328310091] [self_driving]: [CROSSWALK_SLOW_DONE] return normal speed[0m
[self_driving-10] [0m[INFO] [1782575470.329898239] [self_driving]: [DEBUG_DRIVE] state=LINE_FOLLOW raw_lane_x=141.0 lane_x=141.0 filter=stable linear=0.15 angular=-0.10 cw_y=0 right_done=False start_turn=False count_turn=0 traffic=None stop=False[0m
[self_driving-10] [0m[INFO] [1782575470.523122109] [self_driving]: [IMAGE] received count=726 shape=(480, 640, 3) queue=0[0m
[self_driving-10] [0m[INFO] [1782575470.575592906] [self_driving]: [OBJECTS] msg_count=121 n=1 names=['crosswalk'][0m
[self_driving-10] [0m[INFO] [1782575470.577978332] [self_driving]: [RIGHT_CANDIDATE] valid=False reject=['small_area'] cnt=0 cx=211 cy=119 area=1092 score=0.85 done=False[0m
[self_driving-10] [0m[INFO] [1782575470.798057332] [self_driving]: [CROSSWALK_SLOW] y=186 th=180 confirm=4[0m
[self_driving-10] [0m[INFO] [1782575470.866686702] [self_driving]: [DEBUG_DRIVE] state=LINE_FOLLOW raw_lane_x=117.5 lane_x=117.5 filter=stable linear=0.15 angular=0.10 cw_y=186 right_done=False start_turn=False count_turn=0 traffic=None stop=False[0m
[self_driving-10] [0m[INFO] [1782575470.969616202] [self_driving]: [RIGHT_CANDIDATE] valid=False reject=['small_area'] cnt=0 cx=196 cy=115 area=1276 score=0.85 done=False[0m
[self_driving-10] [0m[INFO] [1782575471.331710035] [self_driving]: [OBJECTS] msg_count=127 n=1 names=['crosswalk'][0m
[self_driving-10] [0m[INFO] [1782575471.415621905] [self_driving]: [DEBUG_DRIVE] state=LINE_FOLLOW raw_lane_x=143.5 lane_x=143.5 filter=stable linear=0.15 angular=-0.10 cw_y=188 right_done=False start_turn=False count_turn=0 traffic=None stop=False[0m
[self_driving-10] [0m[INFO] [1782575471.930878942] [self_driving]: [DEBUG_DRIVE] state=LINE_FOLLOW raw_lane_x=133.5 lane_x=133.5 filter=stable linear=0.15 angular=0.10 cw_y=194 right_done=False start_turn=False count_turn=0 traffic=None stop=False[0m
[self_driving-10] [0m[INFO] [1782575472.063953683] [self_driving]: [OBJECTS] msg_count=131 n=1 names=['right'][0m
[self_driving-10] [0m[INFO] [1782575472.065075497] [self_driving]: [RIGHT_CANDIDATE] valid=False reject=['small_area'] cnt=0 cx=137 cy=107 area=2337 score=0.86 done=False[0m
[self_driving-10] [0m[INFO] [1782575472.436940145] [self_driving]: [RIGHT_CANDIDATE] valid=False reject=['small_area'] cnt=0 cx=162 cy=106 area=2494 score=0.88 done=False[0m
[self_driving-10] [0m[INFO] [1782575472.503090497] [self_driving]: [DEBUG_DRIVE] state=LINE_FOLLOW raw_lane_x=119.5 lane_x=119.5 filter=stable linear=0.15 angular=0.10 cw_y=204 right_done=False start_turn=False count_turn=0 traffic=None stop=False[0m
[self_driving-10] [0m[INFO] [1782575472.530683164] [self_driving]: [IMAGE] received count=756 shape=(480, 640, 3) queue=0[0m
[self_driving-10] [0m[INFO] [1782575472.815745478] [self_driving]: [OBJECTS] msg_count=136 n=1 names=['crosswalk'][0m
[self_driving-10] [0m[INFO] [1782575473.006645478] [self_driving]: [DEBUG_DRIVE] state=LINE_FOLLOW raw_lane_x=131.5 lane_x=131.5 filter=stable linear=0.15 angular=0.10 cw_y=208 right_done=False start_turn=False count_turn=0 traffic=None stop=False[0m
[self_driving-10] [0m[INFO] [1782575473.215996219] [self_driving]: [RIGHT_CANDIDATE] valid=True reject=[] cnt=0 cx=91 cy=98 area=4144 score=0.85 done=False[0m
[self_driving-10] [0m[INFO] [1782575473.471988608] [self_driving]: [CROSSWALK_SLOW_DONE] return normal speed[0m
[self_driving-10] [0m[INFO] [1782575473.545330978] [self_driving]: [DEBUG_DRIVE] state=LINE_FOLLOW raw_lane_x=128.0 lane_x=128.0 filter=stable linear=0.30 angular=0.10 cw_y=214 right_done=False start_turn=False count_turn=0 traffic=None stop=False[0m
[self_driving-10] [0m[INFO] [1782575473.589799571] [self_driving]: [OBJECTS] msg_count=141 n=1 names=['crosswalk'][0m
[self_driving-10] [0m[INFO] [1782575473.594917182] [self_driving]: [RIGHT_CANDIDATE] valid=True reject=[] cnt=1 cx=43 cy=92 area=5494 score=0.86 done=False[0m
[self_driving-10] [0m[INFO] [1782575473.595603626] [self_driving]: [RIGHT_READY] cx=43 cy=92 area=5494 score=0.86[0m
[self_driving-10] [0m[INFO] [1782575473.634731645] [self_driving]: [RIGHT_TRIGGER] enter ARROW_SIGNAL lane_x=130.0 raw_lane_x=130.0 filter=stable cw_y=0 candidate={'cx': 43, 'cy': 92, 'area': 5494, 'score': 0.8600000143051147}[0m
[self_driving-10] [0m[INFO] [1782575473.635702071] [self_driving]: [1;36m[FSM] LINE_FOLLOW -> ARROW_SIGNAL[0m[0m
[self_driving-10] [0m[INFO] [1782575473.964199719] [self_driving]: [RIGHT_CANDIDATE] valid=True reject=[] cnt=0 cx=30 cy=81 area=5880 score=0.83 done=False[0m
[self_driving-10] [0m[INFO] [1782575474.088881700] [self_driving]: [ARROW_SIGNAL] done elapsed=0.45 -> INTERSECTION direction=right[0m
[self_driving-10] [0m[INFO] [1782575474.089392218] [self_driving]: [1;36m[FSM] ARROW_SIGNAL -> INTERSECTION[0m[0m
[self_driving-10] [0m[INFO] [1782575474.168505422] [self_driving]: [RIGHT_TURN] elapsed=0.08 cmd=(0.10,-0.50) lane_x=136.0[0m
[self_driving-10] [0m[INFO] [1782575474.330145348] [self_driving]: [OBJECTS] msg_count=145 n=1 names=['crosswalk'][0m
[self_driving-10] [0m[INFO] [1782575474.337215848] [self_driving]: [RIGHT_CANDIDATE] valid=False reject=['small_area'] cnt=1 cx=9 cy=71 area=2106 score=0.59 done=False[0m
[self_driving-10] [0m[INFO] [1782575474.539853885] [self_driving]: [IMAGE] received count=786 shape=(480, 640, 3) queue=0[0m
[self_driving-10] [0m[INFO] [1782575474.676828459] [self_driving]: [RIGHT_TURN] elapsed=0.59 cmd=(0.10,-0.50) lane_x=33.0[0m
[self_driving-10] [0m[INFO] [1782575475.072267848] [self_driving]: [OBJECTS] msg_count=148 n=1 names=['crosswalk'][0m
[self_driving-10] [0m[INFO] [1782575475.229390662] [self_driving]: [RIGHT_TURN] elapsed=1.14 cmd=(0.10,-0.50) lane_x=-1[0m
[self_driving-10] [0m[INFO] [1782575475.770176569] [self_driving]: [RIGHT_TURN] elapsed=1.68 cmd=(0.10,-0.50) lane_x=231.0[0m
[self_driving-10] [0m[INFO] [1782575475.835186199] [self_driving]: [OBJECTS] msg_count=150 n=1 names=['crosswalk'][0m
[self_driving-10] [0m[INFO] [1782575476.292095069] [self_driving]: [RIGHT_TURN] elapsed=2.20 cmd=(0.10,-0.50) lane_x=263.0[0m
[self_driving-10] [0m[INFO] [1782575476.566630328] [self_driving]: [IMAGE] received count=816 shape=(480, 640, 3) queue=0[0m
[self_driving-10] [0m[INFO] [1782575476.581771384] [self_driving]: [OBJECTS] msg_count=152 n=1 names=['crosswalk'][0m
[self_driving-10] [0m[INFO] [1782575476.839941587] [self_driving]: [RIGHT_TURN] elapsed=2.75 cmd=(0.10,-0.50) lane_x=136.5[0m
[self_driving-10] [0m[INFO] [1782575477.300571976] [self_driving]: [1;36m[FSM] INTERSECTION -> LINE_FOLLOW[0m[0m
[self_driving-10] [0m[INFO] [1782575477.301244957] [self_driving]: [RIGHT_TURN] done elapsed=3.21 lane_x=21.0 -> LINE_FOLLOW[0m
[self_driving-10] [0m[INFO] [1782575477.343231642] [self_driving]: [OBJECTS] msg_count=154 n=1 names=['crosswalk'][0m
[self_driving-10] [33m[WARN] [1782575477.390420642] [self_driving]: [LANE_X_JUMP_REJECT] raw=14.5 last=130.0 diff=115.5 candidate=14.5 cnt=1/4[0m
[self_driving-10] [0m[INFO] [1782575477.393207846] [self_driving]: [DEBUG_DRIVE] state=LINE_FOLLOW raw_lane_x=14.5 lane_x=130.0 filter=jump_reject linear=0.30 angular=0.00 cw_y=382 right_done=False start_turn=False count_turn=0 traffic=None stop=False[0m
[self_driving-10] [33m[WARN] [1782575477.461731383] [self_driving]: [LANE_LOST] raw_lane_x=-1 lane_x=-1 filter=lost stop=False state=LINE_FOLLOW safe_linear=0.05 right_ready=False right_done=False[0m
[self_driving-10] [0m[INFO] [1782575477.502499476] [self_driving]: [CROSSWALK_SLOW] y=382 th=180 confirm=4[0m
[self_driving-10] [0m[INFO] [1782575477.923443827] [self_driving]: [DEBUG_DRIVE] state=LINE_FOLLOW raw_lane_x=-1 lane_x=-1 filter=lost linear=0.15 angular=0.00 cw_y=387 right_done=False start_turn=False count_turn=0 traffic=None stop=False[0m
[self_driving-10] [33m[WARN] [1782575477.974040457] [self_driving]: [LANE_LOST] raw_lane_x=-1 lane_x=-1 filter=lost stop=False state=LINE_FOLLOW safe_linear=0.05 right_ready=False right_done=False[0m
[self_driving-10] [0m[INFO] [1782575478.117249346] [self_driving]: [OBJECTS] msg_count=156 n=1 names=['crosswalk'][0m
[self_driving-10] [0m[INFO] [1782575478.452416864] [self_driving]: [DEBUG_DRIVE] state=LINE_FOLLOW raw_lane_x=-1 lane_x=-1 filter=lost linear=0.15 angular=0.00 cw_y=454 right_done=False start_turn=False count_turn=0 traffic=None stop=False[0m
[self_driving-10] [33m[WARN] [1782575478.537285012] [self_driving]: [LANE_LOST] raw_lane_x=-1 lane_x=-1 filter=lost stop=False state=LINE_FOLLOW safe_linear=0.05 right_ready=False right_done=False[0m
[self_driving-10] [0m[INFO] [1782575478.575813382] [self_driving]: [IMAGE] received count=846 shape=(480, 640, 3) queue=0[0m
[self_driving-10] [0m[INFO] [1782575478.863531845] [self_driving]: [OBJECTS] msg_count=158 n=1 names=['park'][0m
[self_driving-10] [0m[INFO] [1782575478.864070716] [self_driving]: [PARK_CANDIDATE] valid=False cx=392 cy=129 area=240 score=0.71 right_done=False park_done=False[0m
[self_driving-10] [0m[INFO] [1782575479.001406401] [self_driving]: [CROSSWALK_IGNORE] y=164 < th=180[0m
[self_driving-10] [0m[INFO] [1782575479.004516253] [self_driving]: [DEBUG_DRIVE] state=LINE_FOLLOW raw_lane_x=-1 lane_x=-1 filter=lost linear=0.15 angular=0.00 cw_y=164 right_done=False start_turn=False count_turn=0 traffic=None stop=False[0m
[self_driving-10] [33m[WARN] [1782575479.058330475] [self_driving]: [LANE_LOST] raw_lane_x=-1 lane_x=-1 filter=lost stop=False state=LINE_FOLLOW safe_linear=0.05 right_ready=False right_done=False[0m
[self_driving-10] [0m[INFO] [1782575479.273824845] [self_driving]: [PARK_COUNT] count=1/1 park_x=393 cw_y=460 right_done=False candidate={'cx': 393, 'cy': 129, 'area': 256, 'score': 0.699999988079071, 'right_done': False}[0m
[self_driving-10] [0m[INFO] [1782575479.275968826] [self_driving]: [PARK_START] stop and run park_action[0m
[self_driving-10] [0m[INFO] [1782575479.278148401] [self_driving]: [1;36m[FSM] LINE_FOLLOW -> PARKING[0m[0m
[self_driving-10] [0m[INFO] [1782575479.615843308] [self_driving]: [OBJECTS] msg_count=164 n=1 names=['park'][0m
[self_driving-10] [0m[INFO] [1782575479.621928456] [self_driving]: [PARK_CANDIDATE] valid=False cx=387 cy=130 area=240 score=0.61 right_done=False park_done=True[0m
[self_driving-10] [0m[INFO] [1782575479.622673456] [self_driving]: [TRAFFIC_CLEAR_STOP] clear stale red stop -> resume slow/line follow[0m
[self_driving-10] [0m[INFO] [1782575480.325721178] [self_driving]: [OBJECTS] msg_count=167 n=1 names=['go'][0m
[self_driving-10] [0m[INFO] [1782575480.329722289] [self_driving]: [PARK_CANDIDATE] valid=True cx=388 cy=128 area=255 score=0.57 right_done=False park_done=True[0m
[self_driving-10] [0m[INFO] [1782575480.590950715] [self_driving]: [IMAGE] received count=876 shape=(480, 640, 3) queue=0[0m
[self_driving-10] [0m[INFO] [1782575481.013927900] [self_driving]: [OBJECTS] msg_count=173 n=1 names=['park'][0m
[self_driving-10] [0m[INFO] [1782575481.014415011] [self_driving]: [PARK_CANDIDATE] valid=True cx=391 cy=129 area=255 score=0.64 right_done=False park_done=True[0m
[self_driving-10] [0m[INFO] [1782575481.182410585] [self_driving]: [PARK_DONE] park_action complete -> DONE[0m
[self_driving-10] [0m[INFO] [1782575481.183286529] [self_driving]: [1;36m[FSM] PARKING -> LINE_FOLLOW[0m[0m
[self_driving-10] [0m[INFO] [1782575481.219434418] [self_driving]: [CROSSWALK_SLOW_DONE] return normal speed[0m
[self_driving-10] [0m[INFO] [1782575481.219966418] [self_driving]: [PARK_COUNT] count=2/1 park_x=391 cw_y=0 right_done=False candidate={'cx': 391, 'cy': 129, 'area': 255, 'score': 0.6399999856948853, 'right_done': False}[0m
[self_driving-10] [0m[INFO] [1782575481.220516399] [self_driving]: [PARK_START] stop and run park_action[0m
[self_driving-10] [0m[INFO] [1782575481.222933899] [self_driving]: [1;36m[FSM] LINE_FOLLOW -> PARKING[0m[0m
[self_driving-10] [0m[INFO] [1782575481.764025603] [self_driving]: [OBJECTS] msg_count=177 n=1 names=['park'][0m
[self_driving-10] [0m[INFO] [1782575481.764994473] [self_driving]: [PARK_CANDIDATE] valid=True cx=391 cy=129 area=255 score=0.66 right_done=False park_done=True[0m
[self_driving-10] [0m[INFO] [1782575482.485883121] [self_driving]: [OBJECTS] msg_count=181 n=1 names=['crosswalk'][0m
[self_driving-10] [0m[INFO] [1782575482.611215436] [self_driving]: [IMAGE] received count=906 shape=(480, 640, 3) queue=0[0m
[self_driving-10] [0m[INFO] [1782575482.841644176] [self_driving]: [PARK_CANDIDATE] valid=True cx=390 cy=129 area=255 score=0.71 right_done=False park_done=True[0m
[self_driving-10] [0m[INFO] [1782575483.131015213] [self_driving]: [PARK_DONE] park_action complete -> DONE[0m
[self_driving-10] [0m[INFO] [1782575483.131686472] [self_driving]: [1;36m[FSM] PARKING -> LINE_FOLLOW[0m[0m
[self_driving-10] [0m[INFO] [1782575483.163681157] [self_driving]: [PARK_COUNT] count=3/1 park_x=390 cw_y=0 right_done=False candidate={'cx': 390, 'cy': 129, 'area': 255, 'score': 0.7099999785423279, 'right_done': False}[0m
[self_driving-10] [0m[INFO] [1782575483.164143787] [self_driving]: [PARK_START] stop and run park_action[0m
[self_driving-10] [0m[INFO] [1782575483.166393935] [self_driving]: [1;36m[FSM] LINE_FOLLOW -> PARKING[0m[0m
[self_driving-10] [0m[INFO] [1782575483.211075306] [self_driving]: [OBJECTS] msg_count=184 n=1 names=['park'][0m
[self_driving-10] [0m[INFO] [1782575483.603397509] [self_driving]: [PARK_CANDIDATE] valid=True cx=390 cy=129 area=255 score=0.70 right_done=False park_done=True[0m
[self_driving-10] [0m[INFO] [1782575483.959490157] [self_driving]: [OBJECTS] msg_count=189 n=1 names=['crosswalk'][0m
[self_driving-10] [0m[INFO] [1782575484.314596601] [self_driving]: [PARK_CANDIDATE] valid=True cx=388 cy=129 area=272 score=0.63 right_done=False park_done=True[0m
[self_driving-10] [0m[INFO] [1782575484.620416416] [self_driving]: [IMAGE] received count=936 shape=(480, 640, 3) queue=0[0m
[self_driving-10] [0m[INFO] [1782575484.666435694] [self_driving]: [OBJECTS] msg_count=192 n=1 names=['park'][0m
[self_driving-10] [0m[INFO] [1782575485.033587805] [self_driving]: [PARK_CANDIDATE] valid=True cx=389 cy=129 area=288 score=0.64 right_done=False park_done=True[0m
[self_driving-10] [0m[INFO] [1782575485.070375212] [self_driving]: [PARK_DONE] park_action complete -> DONE[0m
[self_driving-10] [0m[INFO] [1782575485.070952730] [self_driving]: [1;36m[FSM] PARKING -> LINE_FOLLOW[0m[0m
[self_driving-10] [0m[INFO] [1782575485.120586267] [self_driving]: [CROSSWALK_IGNORE] y=165 < th=180[0m
[self_driving-10] [0m[INFO] [1782575485.121111582] [self_driving]: [PARK_COUNT] count=4/1 park_x=389 cw_y=165 right_done=False candidate={'cx': 389, 'cy': 129, 'area': 288, 'score': 0.6399999856948853, 'right_done': False}[0m
[self_driving-10] [0m[INFO] [1782575485.125172249] [self_driving]: [PARK_START] stop and run park_action[0m
[self_driving-10] [0m[INFO] [1782575485.129551064] [self_driving]: [1;36m[FSM] LINE_FOLLOW -> PARKING[0m[0m
[self_driving-10] [0m[INFO] [1782575485.391898693] [self_driving]: [OBJECTS] msg_count=197 n=1 names=['park'][0m
[self_driving-10] [0m[INFO] [1782575485.777539526] [self_driving]: [PARK_CANDIDATE] valid=True cx=389 cy=129 area=288 score=0.65 right_done=False park_done=True[0m
[self_driving-10] [0m[INFO] [1782575486.179627193] [self_driving]: [OBJECTS] msg_count=203 n=1 names=['park'][0m
[self_driving-10] [0m[INFO] [1782575486.589497655] [self_driving]: [PARK_CANDIDATE] valid=True cx=387 cy=128 area=272 score=0.61 right_done=False park_done=True[0m
[self_driving-10] [0m[INFO] [1782575486.644540767] [self_driving]: [IMAGE] received count=966 shape=(480, 640, 3) queue=0[0m
[self_driving-10] [0m[INFO] [1782575486.938975803] [self_driving]: [OBJECTS] msg_count=208 n=1 names=['go'][0m
[self_driving-10] [0m[INFO] [1782575487.034847137] [self_driving]: [PARK_DONE] park_action complete -> DONE[0m
[self_driving-10] [0m[INFO] [1782575487.035359822] [self_driving]: [1;36m[FSM] PARKING -> LINE_FOLLOW[0m[0m
[self_driving-10] [0m[INFO] [1782575487.053670211] [self_driving]: [PARK_COUNT] count=5/1 park_x=387 cw_y=0 right_done=False candidate={'cx': 387, 'cy': 128, 'area': 255, 'score': 0.5899999737739563, 'right_done': False}[0m
[self_driving-10] [0m[INFO] [1782575487.054149081] [self_driving]: [PARK_START] stop and run park_action[0m
[self_driving-10] [0m[INFO] [1782575487.058112748] [self_driving]: [1;36m[FSM] LINE_FOLLOW -> PARKING[0m[0m
[self_driving-10] [0m[INFO] [1782575487.313189062] [self_driving]: [PARK_CANDIDATE] valid=True cx=388 cy=128 area=272 score=0.52 right_done=False park_done=True[0m
[self_driving-10] [0m[INFO] [1782575487.678149840] [self_driving]: [OBJECTS] msg_count=212 n=1 names=['go'][0m
[self_driving-10] [0m[INFO] [1782575488.071266673] [self_driving]: [PARK_CANDIDATE] valid=True cx=388 cy=128 area=272 score=0.53 right_done=False park_done=True[0m
[self_driving-10] [0m[INFO] [1782575488.417135358] [self_driving]: [OBJECTS] msg_count=216 n=1 names=['park'][0m
[self_driving-10] [0m[INFO] [1782575488.652494006] [self_driving]: [IMAGE] received count=996 shape=(480, 640, 3) queue=0[0m
[self_driving-10] [0m[INFO] [1782575488.764232099] [self_driving]: [PARK_CANDIDATE] valid=True cx=383 cy=129 area=255 score=0.63 right_done=False park_done=True[0m
[self_driving-10] [0m[INFO] [1782575488.962321098] [self_driving]: [PARK_DONE] park_action complete -> DONE[0m
[self_driving-10] [0m[INFO] [1782575488.962831747] [self_driving]: [1;36m[FSM] PARKING -> LINE_FOLLOW[0m[0m
[self_driving-10] [0m[INFO] [1782575489.011128673] [self_driving]: [PARK_COUNT] count=6/1 park_x=383 cw_y=0 right_done=False candidate={'cx': 383, 'cy': 129, 'area': 255, 'score': 0.6299999952316284, 'right_done': False}[0m
[self_driving-10] [0m[INFO] [1782575489.011591135] [self_driving]: [PARK_START] stop and run park_action[0m
[self_driving-10] [0m[INFO] [1782575489.012767376] [self_driving]: [1;36m[FSM] LINE_FOLLOW -> PARKING[0m[0m
[self_driving-10] [0m[INFO] [1782575489.142304617] [self_driving]: [OBJECTS] msg_count=221 n=1 names=['park'][0m
[self_driving-10] [0m[INFO] [1782575489.484338413] [self_driving]: [PARK_CANDIDATE] valid=True cx=382 cy=129 area=255 score=0.65 right_done=False park_done=True[0m
[self_driving-10] [0m[INFO] [1782575489.878838302] [self_driving]: [OBJECTS] msg_count=227 n=1 names=['go'][0m
[self_driving-10] [0m[INFO] [1782575490.230548487] [self_driving]: [PARK_CANDIDATE] valid=True cx=379 cy=128 area=255 score=0.31 right_done=False park_done=True[0m
[self_driving-10] [0m[INFO] [1782575490.576877005] [self_driving]: [OBJECTS] msg_count=231 n=1 names=['park'][0m
[self_driving-10] [0m[INFO] [1782575490.668977690] [self_driving]: [IMAGE] received count=1026 shape=(480, 640, 3) queue=0[0m
[self_driving-10] [0m[INFO] [1782575490.916354931] [self_driving]: [PARK_DONE] park_action complete -> DONE[0m
[self_driving-10] [0m[INFO] [1782575490.917580320] [self_driving]: [1;36m[FSM] PARKING -> LINE_FOLLOW[0m[0m
[self_driving-10] [0m[INFO] [1782575490.954521116] [self_driving]: [PARK_COUNT] count=7/1 park_x=381 cw_y=0 right_done=False candidate={'cx': 381, 'cy': 128, 'area': 272, 'score': 0.5899999737739563, 'right_done': False}[0m
[self_driving-10] [0m[INFO] [1782575490.962139560] [self_driving]: [PARK_START] stop and run park_action[0m
[self_driving-10] [0m[INFO] [1782575490.966906431] [self_driving]: [1;36m[FSM] LINE_FOLLOW -> PARKING[0m[0m
[self_driving-10] [0m[INFO] [1782575491.307129893] [self_driving]: [OBJECTS] msg_count=236 n=1 names=['go'][0m
[self_driving-10] [0m[INFO] [1782575491.309038116] [self_driving]: [PARK_CANDIDATE] valid=True cx=382 cy=128 area=272 score=0.58 right_done=False park_done=True[0m
[self_driving-10] [0m[INFO] [1782575492.046538671] [self_driving]: [OBJECTS] msg_count=241 n=1 names=['park'][0m
[self_driving-10] [0m[INFO] [1782575492.047060319] [self_driving]: [PARK_CANDIDATE] valid=True cx=382 cy=128 area=272 score=0.59 right_done=False park_done=True[0m
[self_driving-10] [0m[INFO] [1782575492.703952485] [self_driving]: [IMAGE] received count=1056 shape=(480, 640, 3) queue=0[0m
[self_driving-10] [0m[INFO] [1782575492.770979300] [self_driving]: [OBJECTS] msg_count=247 n=1 names=['park'][0m
[self_driving-10] [0m[INFO] [1782575492.771472596] [self_driving]: [PARK_CANDIDATE] valid=True cx=374 cy=129 area=288 score=0.68 right_done=False park_done=True[0m
[self_driving-10] [0m[INFO] [1782575492.872457800] [self_driving]: [PARK_DONE] park_action complete -> DONE[0m
[self_driving-10] [0m[INFO] [1782575492.884335559] [self_driving]: [1;36m[FSM] PARKING -> LINE_FOLLOW[0m[0m
[self_driving-10] [0m[INFO] [1782575492.909709522] [self_driving]: [CROSSWALK_IGNORE] y=165 < th=180[0m
[self_driving-10] [0m[INFO] [1782575492.910968300] [self_driving]: [PARK_COUNT] count=8/1 park_x=374 cw_y=165 right_done=False candidate={'cx': 374, 'cy': 129, 'area': 288, 'score': 0.6800000071525574, 'right_done': False}[0m
[self_driving-10] [0m[INFO] [1782575492.911495078] [self_driving]: [PARK_START] stop and run park_action[0m
[self_driving-10] [0m[INFO] [1782575492.912182855] [self_driving]: [1;36m[FSM] LINE_FOLLOW -> PARKING[0m[0m
[self_driving-10] [0m[INFO] [1782575493.474827299] [self_driving]: [OBJECTS] msg_count=252 n=1 names=['crosswalk'][0m
[self_driving-10] [0m[INFO] [1782575493.828552392] [self_driving]: [PARK_CANDIDATE] valid=True cx=375 cy=129 area=255 score=0.61 right_done=False park_done=True[0m
[self_driving-10] [0m[INFO] [1782575494.200274669] [self_driving]: [OBJECTS] msg_count=256 n=1 names=['park'][0m
[self_driving-10] [0m[INFO] [1782575494.569543521] [self_driving]: [PARK_CANDIDATE] valid=True cx=368 cy=129 area=272 score=0.53 right_done=False park_done=True[0m
[self_driving-10] [0m[INFO] [1782575494.711040336] [self_driving]: [IMAGE] received count=1086 shape=(480, 640, 3) queue=0[0m
[self_driving-10] [0m[INFO] [1782575494.814372391] [self_driving]: [PARK_DONE] park_action complete -> DONE[0m
[self_driving-10] [0m[INFO] [1782575494.815126373] [self_driving]: [1;36m[FSM] PARKING -> LINE_FOLLOW[0m[0m
[self_driving-10] [0m[INFO] [1782575494.835629725] [self_driving]: [CROSSWALK_IGNORE] y=165 < th=180[0m
[self_driving-10] [0m[INFO] [1782575494.837168854] [self_driving]: [PARK_COUNT] count=9/1 park_x=368 cw_y=165 right_done=False candidate={'cx': 368, 'cy': 129, 'area': 272, 'score': 0.5299999713897705, 'right_done': False}[0m
[self_driving-10] [0m[INFO] [1782575494.837830484] [self_driving]: [PARK_START] stop and run park_action[0m
[self_driving-10] [0m[INFO] [1782575494.841012706] [self_driving]: [1;36m[FSM] LINE_FOLLOW -> PARKING[0m[0m
[self_driving-10] [0m[INFO] [1782575494.937213669] [self_driving]: [OBJECTS] msg_count=260 n=1 names=['park'][0m
[self_driving-10] [0m[INFO] [1782575495.662678817] [self_driving]: [OBJECTS] msg_count=265 n=1 names=['park'][0m
[self_driving-10] [0m[INFO] [1782575495.663198576] [self_driving]: [PARK_CANDIDATE] valid=True cx=367 cy=129 area=272 score=0.57 right_done=False park_done=True[0m
[self_driving-10] [0m[INFO] [1782575496.372184613] [self_driving]: [OBJECTS] msg_count=269 n=1 names=['go'][0m
[self_driving-10] [0m[INFO] [1782575496.722148353] [self_driving]: [PARK_CANDIDATE] valid=True cx=363 cy=128 area=255 score=0.39 right_done=False park_done=True[0m
[self_driving-10] [0m[INFO] [1782575496.731676149] [self_driving]: [IMAGE] received count=1116 shape=(480, 640, 3) queue=0[0m
[self_driving-10] [0m[INFO] [1782575496.759240872] [self_driving]: [PARK_DONE] park_action complete -> DONE[0m
[self_driving-10] [0m[INFO] [1782575496.761769909] [self_driving]: [1;36m[FSM] PARKING -> LINE_FOLLOW[0m[0m
[self_driving-10] [0m[INFO] [1782575496.792340409] [self_driving]: [CROSSWALK_IGNORE] y=164 < th=180[0m
[self_driving-10] [0m[INFO] [1782575496.798071075] [self_driving]: [PARK_COUNT] count=10/1 park_x=363 cw_y=164 right_done=False candidate={'cx': 363, 'cy': 128, 'area': 255, 'score': 0.38999998569488525, 'right_done': False}[0m
[self_driving-10] [0m[INFO] [1782575496.799480798] [self_driving]: [PARK_START] stop and run park_action[0m
[self_driving-10] [0m[INFO] [1782575496.800495594] [self_driving]: [1;36m[FSM] LINE_FOLLOW -> PARKING[0m[0m
[self_driving-10] [0m[INFO] [1782575497.079389149] [self_driving]: [OBJECTS] msg_count=274 n=1 names=['go'][0m
[self_driving-10] [0m[INFO] [1782575497.435631464] [self_driving]: [PARK_CANDIDATE] valid=True cx=364 cy=128 area=255 score=0.38 right_done=False park_done=True[0m
[self_driving-10] [0m[INFO] [1782575497.785299371] [self_driving]: [OBJECTS] msg_count=277 n=1 names=['park'][0m
[self_driving-10] [0m[INFO] [1782575498.156590574] [self_driving]: [PARK_CANDIDATE] valid=True cx=353 cy=129 area=255 score=0.50 right_done=False park_done=True[0m
[self_driving-10] [0m[INFO] [1782575498.517249982] [self_driving]: [OBJECTS] msg_count=281 n=1 names=['crosswalk'][0m
[self_driving-10] [0m[INFO] [1782575498.706123111] [self_driving]: [PARK_DONE] park_action complete -> DONE[0m
[self_driving-10] [0m[INFO] [1782575498.706646500] [self_driving]: [1;36m[FSM] PARKING -> LINE_FOLLOW[0m[0m
[self_driving-10] [0m[INFO] [1782575498.734225445] [self_driving]: [IMAGE] received count=1146 shape=(480, 640, 3) queue=0[0m
[self_driving-10] [0m[INFO] [1782575498.740562963] [self_driving]: [PARK_COUNT] count=11/1 park_x=352 cw_y=0 right_done=False candidate={'cx': 352, 'cy': 129, 'area': 255, 'score': 0.2800000011920929, 'right_done': False}[0m
[self_driving-10] [0m[INFO] [1782575498.741049111] [self_driving]: [PARK_START] stop and run park_action[0m
[self_driving-10] [0m[INFO] [1782575498.741878296] [self_driving]: [1;36m[FSM] LINE_FOLLOW -> PARKING[0m[0m
[self_driving-10] [0m[INFO] [1782575498.905873704] [self_driving]: [PARK_CANDIDATE] valid=True cx=352 cy=129 area=255 score=0.33 right_done=False park_done=True[0m
[self_driving-10] [0m[INFO] [1782575499.246274463] [self_driving]: [OBJECTS] msg_count=285 n=1 names=['go'][0m
[self_driving-10] [0m[INFO] [1782575499.600159963] [self_driving]: [PARK_CANDIDATE] valid=True cx=353 cy=129 area=255 score=0.57 right_done=False park_done=True[0m
[self_driving-10] [0m[INFO] [1782575499.952004185] [self_driving]: [OBJECTS] msg_count=291 n=1 names=['park'][0m
[self_driving-10] [0m[INFO] [1782575500.334962518] [self_driving]: [PARK_CANDIDATE] valid=False cx=351 cy=129 area=224 score=0.67 right_done=False park_done=True[0m
[self_driving-10] [0m[INFO] [1782575500.644113147] [self_driving]: [PARK_DONE] park_action complete -> DONE[0m
[self_driving-10] [0m[INFO] [1782575500.644576480] [self_driving]: [1;36m[FSM] PARKING -> LINE_FOLLOW[0m[0m
[self_driving-10] [0m[INFO] [1782575500.692310499] [self_driving]: [CROSSWALK_IGNORE] y=165 < th=180[0m
[self_driving-10] [33m[WARN] [1782575500.693291351] [self_driving]: [LANE_LOST] raw_lane_x=-1 lane_x=-1 filter=lost stop=False state=LINE_FOLLOW safe_linear=0.05 right_ready=False right_done=False[0m
[self_driving-10] [0m[INFO] [1782575500.693816499] [self_driving]: [DEBUG_DRIVE] state=LINE_FOLLOW raw_lane_x=-1 lane_x=-1 filter=lost linear=0.30 angular=0.00 cw_y=165 right_done=False start_turn=False count_turn=0 traffic=None stop=False[0m
[self_driving-10] [0m[INFO] [1782575500.711795591] [self_driving]: [OBJECTS] msg_count=294 n=1 names=['park'][0m
[self_driving-10] [0m[INFO] [1782575500.764917258] [self_driving]: [IMAGE] received count=1176 shape=(480, 640, 3) queue=0[0m
[self_driving-10] [0m[INFO] [1782575501.088479628] [self_driving]: [PARK_CANDIDATE] valid=False cx=352 cy=129 area=224 score=0.60 right_done=False park_done=True[0m
[self_driving-10] [0m[INFO] [1782575501.236729850] [self_driving]: [CROSSWALK_IGNORE] y=165 < th=180[0m
[self_driving-10] [33m[WARN] [1782575501.239487073] [self_driving]: [LANE_LOST] raw_lane_x=-1 lane_x=-1 filter=lost stop=False state=LINE_FOLLOW safe_linear=0.05 right_ready=False right_done=False[0m
[self_driving-10] [0m[INFO] [1782575501.240905258] [self_driving]: [DEBUG_DRIVE] state=LINE_FOLLOW raw_lane_x=-1 lane_x=-1 filter=lost linear=0.30 angular=0.00 cw_y=165 right_done=False start_turn=False count_turn=0 traffic=None stop=False[0m
[self_driving-10] [0m[INFO] [1782575501.462699295] [self_driving]: [OBJECTS] msg_count=298 n=1 names=['park'][0m
[self_driving-10] [0m[INFO] [1782575501.780760258] [self_driving]: [CROSSWALK_IGNORE] y=165 < th=180[0m
[self_driving-10] [33m[WARN] [1782575501.781477591] [self_driving]: [LANE_LOST] raw_lane_x=-1 lane_x=-1 filter=lost stop=False state=LINE_FOLLOW safe_linear=0.05 right_ready=False right_done=False[0m
[self_driving-10] [0m[INFO] [1782575501.782294498] [self_driving]: [DEBUG_DRIVE] state=LINE_FOLLOW raw_lane_x=-1 lane_x=-1 filter=lost linear=0.30 angular=0.00 cw_y=165 right_done=False start_turn=False count_turn=0 traffic=None stop=False[0m
[self_driving-10] [0m[INFO] [1782575501.849886906] [self_driving]: [PARK_CANDIDATE] valid=False cx=352 cy=129 area=224 score=0.61 right_done=False park_done=True[0m
[self_driving-10] [0m[INFO] [1782575502.205609387] [self_driving]: [OBJECTS] msg_count=302 n=1 names=['park'][0m
[self_driving-10] [0m[INFO] [1782575502.256963479] [self_driving]: [PARK_COUNT] count=1/1 park_x=330 cw_y=0 right_done=False candidate={'cx': 330, 'cy': 129, 'area': 255, 'score': 0.5199999809265137, 'right_done': False}[0m
[self_driving-10] [0m[INFO] [1782575502.257958202] [self_driving]: [PARK_START] stop and run park_action[0m
[self_driving-10] [0m[INFO] [1782575502.259466535] [self_driving]: [1;36m[FSM] LINE_FOLLOW -> PARKING[0m[0m
[self_driving-10] [0m[INFO] [1782575502.602076090] [self_driving]: [PARK_CANDIDATE] valid=True cx=340 cy=129 area=270 score=0.71 right_done=False park_done=True[0m
[self_driving-10] [0m[INFO] [1782575502.777159794] [self_driving]: [IMAGE] received count=1206 shape=(480, 640, 3) queue=0[0m
[self_driving-10] [0m[INFO] [1782575502.955748164] [self_driving]: [OBJECTS] msg_count=308 n=1 names=['crosswalk'][0m
[self_driving-10] [0m[INFO] [1782575503.306875775] [self_driving]: [PARK_CANDIDATE] valid=True cx=343 cy=128 area=252 score=0.42 right_done=False park_done=True[0m
[self_driving-10] [0m[INFO] [1782575503.667407960] [self_driving]: [OBJECTS] msg_count=314 n=1 names=['crosswalk'][0m
[self_driving-10] [0m[INFO] [1782575504.041344627] [self_driving]: [PARK_CANDIDATE] valid=True cx=343 cy=128 area=252 score=0.51 right_done=False park_done=True[0m
[self_driving-10] [0m[INFO] [1782575504.162300071] [self_driving]: [PARK_DONE] park_action complete -> DONE[0m
[self_driving-10] [0m[INFO] [1782575504.162792034] [self_driving]: [1;36m[FSM] PARKING -> LINE_FOLLOW[0m[0m
[self_driving-10] [0m[INFO] [1782575504.187405756] [self_driving]: [PARK_COUNT] count=2/1 park_x=343 cw_y=0 right_done=False candidate={'cx': 343, 'cy': 128, 'area': 252, 'score': 0.5099999904632568, 'right_done': False}[0m
[self_driving-10] [0m[INFO] [1782575504.187989034] [self_driving]: [PARK_START] stop and run park_action[0m
[self_driving-10] [0m[INFO] [1782575504.191090238] [self_driving]: [1;36m[FSM] LINE_FOLLOW -> PARKING[0m[0m
[self_driving-10] [0m[INFO] [1782575504.403918441] [self_driving]: [OBJECTS] msg_count=320 n=1 names=['crosswalk'][0m
[self_driving-10] [0m[INFO] [1782575504.781394071] [self_driving]: [IMAGE] received count=1236 shape=(480, 640, 3) queue=0[0m
[self_driving-10] [0m[INFO] [1782575504.797970033] [self_driving]: [PARK_CANDIDATE] valid=True cx=343 cy=128 area=252 score=0.50 right_done=False park_done=True[0m
[self_driving-10] [0m[INFO] [1782575505.142939070] [self_driving]: [OBJECTS] msg_count=325 n=1 names=['crosswalk'][0m
[self_driving-10] [0m[INFO] [1782575505.877252051] [self_driving]: [OBJECTS] msg_count=329 n=1 names=['go'][0m
[self_driving-10] [0m[INFO] [1782575506.094701848] [self_driving]: [PARK_DONE] park_action complete -> DONE[0m
[self_driving-10] [0m[INFO] [1782575506.096539125] [self_driving]: [1;36m[FSM] PARKING -> LINE_FOLLOW[0m[0m
[self_driving-10] [0m[INFO] [1782575506.133292236] [self_driving]: [PARK_COUNT] count=3/1 park_x=343 cw_y=0 right_done=False candidate={'cx': 343, 'cy': 128, 'area': 252, 'score': 0.5, 'right_done': False}[0m
[self_driving-10] [0m[INFO] [1782575506.133851514] [self_driving]: [PARK_START] stop and run park_action[0m
[self_driving-10] [0m[INFO] [1782575506.137464922] [self_driving]: [1;36m[FSM] LINE_FOLLOW -> PARKING[0m[0m
[self_driving-10] [0m[INFO] [1782575506.622531421] [self_driving]: [OBJECTS] msg_count=331 n=1 names=['go'][0m
[self_driving-10] [0m[INFO] [1782575506.802465903] [self_driving]: [IMAGE] received count=1266 shape=(480, 640, 3) queue=0[0m
[self_driving-10] [0m[INFO] [1782575507.323635717] [self_driving]: [OBJECTS] msg_count=333 n=1 names=['go'][0m
[self_driving-10] [0m[INFO] [1782575507.332763365] [self_driving]: [PARK_CANDIDATE] valid=True cx=337 cy=128 area=288 score=0.55 right_done=False park_done=True[0m
[self_driving-10] [0m[INFO] [1782575508.041870624] [self_driving]: [PARK_DONE] park_action complete -> DONE[0m
[self_driving-10] [0m[INFO] [1782575508.042767198] [self_driving]: [1;36m[FSM] PARKING -> LINE_FOLLOW[0m[0m
[self_driving-10] [0m[INFO] [1782575508.044473624] [self_driving]: [OBJECTS] msg_count=337 n=1 names=['go'][0m
[self_driving-10] [0m[INFO] [1782575508.098138513] [self_driving]: [PARK_COUNT] count=4/1 park_x=338 cw_y=0 right_done=False candidate={'cx': 338, 'cy': 127, 'area': 304, 'score': 0.6600000262260437, 'right_done': False}[0m
[self_driving-10] [0m[INFO] [1782575508.098796291] [self_driving]: [PARK_START] stop and run park_action[0m
[self_driving-10] [0m[INFO] [1782575508.101876550] [self_driving]: [1;36m[FSM] LINE_FOLLOW -> PARKING[0m[0m
[self_driving-10] [0m[INFO] [1782575508.786517420] [self_driving]: [OBJECTS] msg_count=339 n=1 names=['park'][0m
[self_driving-10] [0m[INFO] [1782575508.788168957] [self_driving]: [PARK_CANDIDATE] valid=True cx=335 cy=127 area=285 score=0.44 right_done=False park_done=True[0m
[self_driving-10] [0m[INFO] [1782575508.838843716] [self_driving]: [IMAGE] received count=1296 shape=(480, 640, 3) queue=0[0m
[self_driving-10] [0m[INFO] [1782575509.499067549] [self_driving]: [OBJECTS] msg_count=341 n=1 names=['crosswalk'][0m
[self_driving-10] [0m[INFO] [1782575510.006615086] [self_driving]: [PARK_DONE] park_action complete -> DONE[0m
[self_driving-10] [0m[INFO] [1782575510.007748827] [self_driving]: [1;36m[FSM] PARKING -> LINE_FOLLOW[0m[0m
[self_driving-10] [0m[INFO] [1782575510.040658530] [self_driving]: [CROSSWALK_IGNORE] y=116 < th=180[0m
[self_driving-10] [0m[INFO] [1782575510.041208790] [self_driving]: [PARK_COUNT] count=5/1 park_x=335 cw_y=116 right_done=False candidate={'cx': 335, 'cy': 127, 'area': 285, 'score': 0.4399999976158142, 'right_done': False}[0m
[self_driving-10] [0m[INFO] [1782575510.041747604] [self_driving]: [PARK_START] stop and run park_action[0m
[self_driving-10] [0m[INFO] [1782575510.042504382] [self_driving]: [1;36m[FSM] LINE_FOLLOW -> PARKING[0m[0m
[self_driving-10] [0m[INFO] [1782575510.909104882] [self_driving]: [IMAGE] received count=1327 shape=(480, 640, 3) queue=0[0m
[self_driving-10] [0m[INFO] [1782575510.931118456] [self_driving]: [OBJECTS] msg_count=342 n=1 names=['crosswalk'][0m
[self_driving-10] [0m[INFO] [1782575511.945636288] [self_driving]: [PARK_DONE] park_action complete -> DONE[0m
[self_driving-10] [0m[INFO] [1782575511.946123548] [self_driving]: [1;36m[FSM] PARKING -> LINE_FOLLOW[0m[0m
[self_driving-10] [0m[INFO] [1782575511.975799418] [self_driving]: [PARK_COUNT] count=6/1 park_x=335 cw_y=180 right_done=False candidate={'cx': 335, 'cy': 127, 'area': 285, 'score': 0.4399999976158142, 'right_done': False}[0m
[self_driving-10] [0m[INFO] [1782575511.976360863] [self_driving]: [PARK_START] stop and run park_action[0m
[self_driving-10] [0m[INFO] [1782575511.976993251] [self_driving]: [1;36m[FSM] LINE_FOLLOW -> PARKING[0m[0m
[self_driving-10] [0m[INFO] [1782575512.932571936] [self_driving]: [IMAGE] received count=1357 shape=(480, 640, 3) queue=0[0m
[self_driving-10] [0m[INFO] [1782575513.879524417] [self_driving]: [PARK_DONE] park_action complete -> DONE[0m
[self_driving-10] [0m[INFO] [1782575513.880077010] [self_driving]: [1;36m[FSM] PARKING -> LINE_FOLLOW[0m[0m
[self_driving-10] [0m[INFO] [1782575513.925544658] [self_driving]: [PARK_COUNT] count=7/1 park_x=335 cw_y=180 right_done=False candidate={'cx': 335, 'cy': 127, 'area': 285, 'score': 0.4399999976158142, 'right_done': False}[0m
[self_driving-10] [0m[INFO] [1782575513.926665195] [self_driving]: [PARK_START] stop and run park_action[0m
[self_driving-10] [0m[INFO] [1782575513.928329269] [self_driving]: [1;36m[FSM] LINE_FOLLOW -> PARKING[0m[0m
[self_driving-10] [0m[INFO] [1782575514.941439602] [self_driving]: [IMAGE] received count=1387 shape=(480, 640, 3) queue=0[0m
[self_driving-10] [0m[INFO] [1782575515.831554249] [self_driving]: [PARK_DONE] park_action complete -> DONE[0m
[self_driving-10] [0m[INFO] [1782575515.832013008] [self_driving]: [1;36m[FSM] PARKING -> LINE_FOLLOW[0m[0m
[self_driving-10] [0m[INFO] [1782575515.876311786] [self_driving]: [PARK_COUNT] count=8/1 park_x=335 cw_y=180 right_done=False candidate={'cx': 335, 'cy': 127, 'area': 285, 'score': 0.4399999976158142, 'right_done': False}[0m
[self_driving-10] [0m[INFO] [1782575515.878424971] [self_driving]: [PARK_START] stop and run park_action[0m
[self_driving-10] [0m[INFO] [1782575515.881924119] [self_driving]: [1;36m[FSM] LINE_FOLLOW -> PARKING[0m[0m
[self_driving-10] [0m[INFO] [1782575516.976765730] [self_driving]: [IMAGE] received count=1417 shape=(480, 640, 3) queue=0[0m
[self_driving-10] [0m[INFO] [1782575517.787412174] [self_driving]: [PARK_DONE] park_action complete -> DONE[0m
[self_driving-10] [0m[INFO] [1782575517.790249359] [self_driving]: [1;36m[FSM] PARKING -> LINE_FOLLOW[0m[0m
[self_driving-10] [0m[INFO] [1782575517.844782766] [self_driving]: [CROSSWALK_SLOW] y=180 th=180 confirm=4[0m
[self_driving-10] [0m[INFO] [1782575517.845226785] [self_driving]: [TRAFFIC_NONE_RELEASE] no valid traffic -> stop=False[0m
[self_driving-10] [0m[INFO] [1782575517.845951637] [self_driving]: [PARK_COUNT] count=9/1 park_x=335 cw_y=180 right_done=False candidate={'cx': 335, 'cy': 127, 'area': 285, 'score': 0.4399999976158142, 'right_done': False}[0m
[self_driving-10] [0m[INFO] [1782575517.846426674] [self_driving]: [PARK_START] stop and run park_action[0m
[self_driving-10] [0m[INFO] [1782575517.849045378] [self_driving]: [1;36m[FSM] LINE_FOLLOW -> PARKING[0m[0m
[self_driving-10] [0m[INFO] [1782575518.669689303] [self_driving]: [OBJECTS] msg_count=343 n=1 names=['crosswalk'][0m
[self_driving-10] [0m[INFO] [1782575518.673057840] [self_driving]: [TRAFFIC_CLEAR_STOP] clear stale red stop -> resume slow/line follow[0m
[self_driving-10] [0m[INFO] [1782575519.051408284] [self_driving]: [IMAGE] received count=1443 shape=(480, 640, 3) queue=0[0m
[self_driving-10] [0m[INFO] [1782575519.772865913] [self_driving]: [PARK_DONE] park_action complete -> DONE[0m
[self_driving-10] [0m[INFO] [1782575519.773854617] [self_driving]: [1;36m[FSM] PARKING -> LINE_FOLLOW[0m[0m
[self_driving-10] [0m[INFO] [1782575519.833795043] [self_driving]: [CROSSWALK_IGNORE] y=176 < th=180[0m
[self_driving-10] [0m[INFO] [1782575519.834398413] [self_driving]: [PARK_COUNT] count=10/1 park_x=335 cw_y=176 right_done=False candidate={'cx': 335, 'cy': 127, 'area': 285, 'score': 0.4399999976158142, 'right_done': False}[0m
[self_driving-10] [0m[INFO] [1782575519.834897154] [self_driving]: [PARK_START] stop and run park_action[0m
[self_driving-10] [0m[INFO] [1782575519.839035913] [self_driving]: [1;36m[FSM] LINE_FOLLOW -> PARKING[0m[0m
[self_driving-10] [0m[INFO] [1782575521.104190616] [self_driving]: [IMAGE] received count=1472 shape=(480, 640, 3) queue=0[0m
[self_driving-10] [0m[INFO] [1782575521.742295023] [self_driving]: [PARK_DONE] park_action complete -> DONE[0m
[self_driving-10] [0m[INFO] [1782575521.742906338] [self_driving]: [1;36m[FSM] PARKING -> LINE_FOLLOW[0m[0m
[self_driving-10] [0m[INFO] [1782575521.771332042] [self_driving]: [CROSSWALK_IGNORE] y=176 < th=180[0m
[self_driving-10] [0m[INFO] [1782575521.771817820] [self_driving]: [TRAFFIC_NONE_RELEASE] no valid traffic -> stop=False[0m
[self_driving-10] [0m[INFO] [1782575521.772304579] [self_driving]: [CROSSWALK_SLOW_DONE] return normal speed[0m
[self_driving-10] [0m[INFO] [1782575521.772813320] [self_driving]: [PARK_COUNT] count=11/1 park_x=335 cw_y=176 right_done=False candidate={'cx': 335, 'cy': 127, 'area': 285, 'score': 0.4399999976158142, 'right_done': False}[0m
[self_driving-10] [0m[INFO] [1782575521.773480579] [self_driving]: [PARK_START] stop and run park_action[0m
[self_driving-10] [0m[INFO] [1782575521.774799357] [self_driving]: [1;36m[FSM] LINE_FOLLOW -> PARKING[0m[0m
[self_driving-10] [0m[INFO] [1782575523.119458300] [self_driving]: [IMAGE] received count=1502 shape=(480, 640, 3) queue=0[0m
[self_driving-10] [0m[INFO] [1782575523.679304244] [self_driving]: [PARK_DONE] park_action complete -> DONE[0m
[self_driving-10] [0m[INFO] [1782575523.681546152] [self_driving]: [1;36m[FSM] PARKING -> LINE_FOLLOW[0m[0m
[self_driving-10] [0m[INFO] [1782575523.735957856] [self_driving]: [CROSSWALK_IGNORE] y=176 < th=180[0m
[self_driving-10] [0m[INFO] [1782575523.736488393] [self_driving]: [PARK_COUNT] count=12/1 park_x=335 cw_y=176 right_done=False candidate={'cx': 335, 'cy': 127, 'area': 285, 'score': 0.4399999976158142, 'right_done': False}[0m
[self_driving-10] [0m[INFO] [1782575523.737167411] [self_driving]: [PARK_START] stop and run park_action[0m
[self_driving-10] [0m[INFO] [1782575523.739302022] [self_driving]: [1;36m[FSM] LINE_FOLLOW -> PARKING[0m[0m
