[INFO] [launch]: All log files can be found below /home/ubuntu/.ros/log/2026-06-27-11-37-20-817568-raspberrypi-361632
[INFO] [launch]: Default logging verbosity is set to INFO
[INFO] [ascamera_node-1]: process started with pid [361648]
[INFO] [static_transform_publisher-2]: process started with pid [361650]
[INFO] [static_transform_publisher-3]: process started with pid [361652]
[INFO] [joint_state_publisher-4]: process started with pid [361654]
[INFO] [robot_state_publisher-5]: process started with pid [361656]
[INFO] [ros_robot_controller-6]: process started with pid [361659]
[INFO] [odom_publisher-7]: process started with pid [361668]
[INFO] [ekf_node-8]: process started with pid [361671]
[INFO] [yolo_detect-9]: process started with pid [361673]
[INFO] [self_driving-10]: process started with pid [361677]
[ascamera_node-1] [0m[INFO] [1782560241.547498956] [as_logger]: hello world angstrong camera ros2 node[0m
[static_transform_publisher-2] [33m[WARN] [1782560241.554171438] []: Old-style arguments are deprecated; see --help for new-style arguments[0m
[static_transform_publisher-3] [33m[WARN] [1782560241.532927827] []: Old-style arguments are deprecated; see --help for new-style arguments[0m
[static_transform_publisher-3] [0m[INFO] [1782560241.562491419] [static_transform_publisher_FuDSLjlL9vm0wpTp]: Spinning until stopped - publishing transform
[static_transform_publisher-3] translation: ('0.000000', '0.000000', '0.000000')
[static_transform_publisher-3] rotation: ('-0.500000', '0.499602', '-0.500000', '0.500398')
[static_transform_publisher-3] from 'depth_cam' to 'ascamera_color_0'[0m
[static_transform_publisher-2] [0m[INFO] [1782560241.604833586] [static_transform_publisher_tgFZaCz18QlmbrP8]: Spinning until stopped - publishing transform
[static_transform_publisher-2] translation: ('0.000000', '0.000000', '0.000000')
[static_transform_publisher-2] rotation: ('-0.500000', '0.499602', '-0.500000', '0.500398')
[static_transform_publisher-2] from 'depth_cam' to 'ascamera_camera_link_0'[0m
[ascamera_node-1] 2026-06-27 11:37:21[INFO] [CameraPublisher.cpp] [1558] [printLaunchParams] get depth_width 640
[ascamera_node-1] 2026-06-27 11:37:21[INFO] [CameraPublisher.cpp] [1559] [printLaunchParams] get depth_height 480
[ascamera_node-1] 2026-06-27 11:37:21[INFO] [CameraPublisher.cpp] [1561] [printLaunchParams] get rgb_width 640
[ascamera_node-1] 2026-06-27 11:37:21[INFO] [CameraPublisher.cpp] [1562] [printLaunchParams] get rgb_height 480
[ascamera_node-1] 2026-06-27 11:37:21[INFO] [CameraPublisher.cpp] [1570] [printLaunchParams] get set_fps 15
[ascamera_node-1] 2026-06-27 11:37:21[INFO] [CameraPublisher.cpp] [1578] [printLaunchParams] get color_pcl 1
[ascamera_node-1] 2026-06-27 11:37:21[INFO] [CameraPublisher.cpp] [1582] [printLaunchParams] get pub_tfTree 1
[ascamera_node-1] 2026-06-27 11:37:21[INFO] [CameraSrv.cpp] [35] [CameraSrv] Angstrong camera server
[ascamera_node-1] 2026-06-27 11:37:21[INFO] [CameraSrv.cpp] [45] [CameraSrv] Angstrong camera sdk version:v1.2.22.20240516
[robot_state_publisher-5] [0m[INFO] [1782560241.663266456] [robot_state_publisher]: got segment base_footprint[0m
[robot_state_publisher-5] [0m[INFO] [1782560241.663422938] [robot_state_publisher]: got segment base_link[0m
[robot_state_publisher-5] [0m[INFO] [1782560241.663439567] [robot_state_publisher]: got segment depth_cam[0m
[robot_state_publisher-5] [0m[INFO] [1782560241.663448438] [robot_state_publisher]: got segment imu_link[0m
[robot_state_publisher-5] [0m[INFO] [1782560241.663457623] [robot_state_publisher]: got segment lidar_frame[0m
[robot_state_publisher-5] [0m[INFO] [1782560241.663466734] [robot_state_publisher]: got segment wheel_lb_Link[0m
[robot_state_publisher-5] [0m[INFO] [1782560241.663476419] [robot_state_publisher]: got segment wheel_lf_Link[0m
[robot_state_publisher-5] [0m[INFO] [1782560241.663485123] [robot_state_publisher]: got segment wheel_rb_Link[0m
[robot_state_publisher-5] [0m[INFO] [1782560241.663493641] [robot_state_publisher]: got segment wheel_rf_Link[0m
[joint_state_publisher-4] [0m[INFO] [1782560242.392750123] [joint_state_publisher]: Waiting for robot_description to be published on the robot_description topic...[0m
[odom_publisher-7] [0m[INFO] [1782560242.517278734] [odom_publisher]: [1;32m0.930000 1.010000[0m[0m
[odom_publisher-7] [0m[INFO] [1782560242.537520122] [odom_publisher]: [1;32mstart[0m[0m
[ascamera_node-1] 2026-06-27 11:37:22[INFO] [CameraSrv.cpp] [114] [onAttached] attached
[ascamera_node-1] 2026-06-27 11:37:22[INFO] [CameraSrv.cpp] [145] [onAttached] this is a new attach device, create and open it
[self_driving-10] [0m[INFO] [1782560243.101080178] [self_driving]: [INIT] init_process started[0m
[self_driving-10] [0m[INFO] [1782560243.101897844] [self_driving]: [INIT] only_line_follow=False[0m
[self_driving-10] [0m[INFO] [1782560243.102423233] [self_driving]: [INIT] request /yolov5/start[0m
[ros_robot_controller-6] [0m[INFO] [1782560243.109819881] [ros_robot_controller]: 已设置舵机 1 的偏移量为 0[0m
[ros_robot_controller-6] [0m[INFO] [1782560243.111316918] [ros_robot_controller]: 已设置舵机 2 的偏移量为 0[0m
[ros_robot_controller-6] [0m[INFO] [1782560243.112236344] [ros_robot_controller]: 已设置舵机 3 的偏移量为 4[0m
[ros_robot_controller-6] [0m[INFO] [1782560243.113241844] [ros_robot_controller]: 已设置舵机 4 的偏移量为 0[0m
[ros_robot_controller-6] [0m[INFO] [1782560243.117410807] [ros_robot_controller]: [1;32mstart[0m[0m
[ascamera_node-1] 2026-06-27 11:37:23[INFO] [CameraSrv.cpp] [154] [onAttached] get model type 9
[ascamera_node-1] 2026-06-27 11:37:23[INFO] [CameraSrv.cpp] [342] [getConfigFile] get file: /home/ubuntu/third_party_ros2/third_party_ws/src/ascamera/configurationfiles/hp60c_v2_00_20230704_configEncrypt.json
[ascamera_node-1] 2026-06-27 11:37:23[INFO] [CameraPublisher.cpp] [1501] [logCameraPathInfo] usb camera
[ascamera_node-1] 2026-06-27 11:37:23[INFO] [CameraPublisher.cpp] [1502] [logCameraPathInfo] bnum:1
[ascamera_node-1] 2026-06-27 11:37:23[INFO] [CameraPublisher.cpp] [1503] [logCameraPathInfo] dnum:3
[ascamera_node-1] 2026-06-27 11:37:23[INFO] [CameraPublisher.cpp] [1504] [logCameraPathInfo] port_numbers:2
[ascamera_node-1] 2026-06-27 11:37:23[INFO] [CameraPublisher.cpp] [171] [onCameraAttached] create a new publisher info set
[ascamera_node-1] 2026-06-27 11:37:23[INFO] [TfTreeFrameIdInfo.cpp] [11] [TfTreeFrameIdInfo] Namespace /ascamera
[ascamera_node-1] 2026-06-27 11:37:23[INFO] [CameraHp60c.cpp] [128] [open] according to the configuration file.
[ascamera_node-1] 2026-06-27 11:37:23[INFO] [CameraHp60c.cpp] [1528] [parseConfigFileParameter] moduleName:AS_CAM_HP60C
[ascamera_node-1] 2026-06-27 11:37:23[INFO] [CameraHp60c.cpp] [1555] [parseConfigFileParameter] Parsing config file /home/ubuntu/third_party_ros2/third_party_ws/src/ascamera/configurationfiles/hp60c_v2_00_20230704_configEncrypt.json
[ascamera_node-1] 2026-06-27 11:37:23[INFO] [CameraHp60c.cpp] [1620] [parseConfigFileParameter] configuration protocol Version: v2.x
[ascamera_node-1] 2026-06-27 11:37:23[INFO] [CameraHp60c.cpp] [1631] [parseConfigFileParameter] configuration Version: v2.0.0.20230704
[ascamera_node-1] 2026-06-27 11:37:23[INFO] [CameraHp60c.cpp] [1796] [setParamersAfterOpenCam] Camera confiParaEnable true, setting configuration parameter
[self_driving-10] [33m[WARN] [1782560245.105786825] [self_driving]: [YOLO_SERVICE] service not ready, continue without blocking[0m
[ascamera_node-1] 2026-06-27 11:37:25[ERROR] [XuCmdCameraHp60c.cpp] [454] [getMjpegSize] get mjpeg from xu command failed
[ascamera_node-1] 2026-06-27 11:37:25[INFO] [XuCmdCameraHp60c.cpp] [458] [getMjpegSize] mjpeg size:640x480
[ascamera_node-1] 2026-06-27 11:37:25[INFO] [CameraPublisher.cpp] [356] [onCameraOpen] camera opened
[ascamera_node-1] 2026-06-27 11:37:25[INFO] [CameraPublisher.cpp] [370] [onCameraOpen] get config info, ret 0, is_Registration 1
[ascamera_node-1] 2026-06-27 11:37:25[INFO] [Camera.cpp] [61] [init] #camera[0x5555bebee710] SN[ASC60CF08000515]'s firmware version:DLS_VERc20865=:V01.09_2024110714:V01.19_2024110714:L01
[ascamera_node-1] 2026-06-27 11:37:25[INFO] [CameraPublisher.cpp] [1183] [setResolution] set depth resolution: 640 x 480 @ 15fps
[ascamera_node-1] 2026-06-27 11:37:25[INFO] [CameraPublisher.cpp] [1197] [setResolution] set rgb resolution: 640 x 480 @ 15fps
[ascamera_node-1] 2026-06-27 11:37:25[INFO] [CameraHp60c.cpp] [260] [startStreaming] start streaming
[ascamera_node-1] 2026-06-27 11:37:25[INFO] [CameraSrv.cpp] [202] [onAttached] attached end
[self_driving-10] [0m[INFO] [1782560245.607035639] [self_driving]: [INIT] enter + set_running start[0m
[self_driving-10] [0m[INFO] [1782560245.607657547] [self_driving]: [1;32mself driving enter[0m[0m
[self_driving-10] [0m[INFO] [1782560245.617182491] [self_driving]: [SUB] image=/ascamera/camera_publisher/rgb0/image object=/yolov5_ros2/object_detect[0m
[self_driving-10] [0m[INFO] [1782560245.618191213] [self_driving]: [1;32mset_running[0m[0m
[self_driving-10] [0m[INFO] [1782560245.623371565] [self_driving]: [1;32m[START] hybrid self_driving start: auto LINE_FOLLOW[0m[0m
[INFO] [apply_calib-11]: process started with pid [361828]
[INFO] [complementary_filter_node-12]: process started with pid [361830]
[complementary_filter_node-12] [0m[INFO] [1782560246.571517490] [imu_filter]: Starting ComplementaryFilterROS[0m
[ascamera_node-1] 2026-06-27 11:37:26[INFO] [CameraHp60c.cpp] [912] [setInternalParameter] mjpeg info: size(640x480)
[ascamera_node-1] 2026-06-27 11:37:27[INFO] [Camera.cpp] [127] [backgroundThread] SN [ ASC60CF08000515 ]'s parameter:
[ascamera_node-1] 2026-06-27 11:37:27[INFO] [Camera.cpp] [128] [backgroundThread] irfx: 426.962
[ascamera_node-1] 2026-06-27 11:37:27[INFO] [Camera.cpp] [129] [backgroundThread] irfy: 426.374
[ascamera_node-1] 2026-06-27 11:37:27[INFO] [Camera.cpp] [130] [backgroundThread] ircx: 315.403
[ascamera_node-1] 2026-06-27 11:37:27[INFO] [Camera.cpp] [131] [backgroundThread] ircy: 240.933
[ascamera_node-1] 2026-06-27 11:37:27[INFO] [Camera.cpp] [132] [backgroundThread] rgbfx: 570.48
[ascamera_node-1] 2026-06-27 11:37:27[INFO] [Camera.cpp] [133] [backgroundThread] rgbfy: 569.949
[ascamera_node-1] 2026-06-27 11:37:27[INFO] [Camera.cpp] [134] [backgroundThread] rgbcx: 329.75
[ascamera_node-1] 2026-06-27 11:37:27[INFO] [Camera.cpp] [135] [backgroundThread] rgbcy: 238.406
[ascamera_node-1] 
[ascamera_node-1] 2026-06-27 11:37:27[INFO] [CameraHp60c.cpp] [1149] [streamCallback] set gain ret 0, gain 4
[self_driving-10] [0m[INFO] [1782560247.536787601] [self_driving]: [IMAGE] received count=1 shape=(480, 640, 3) queue=0[0m
[apply_calib-11] [0m[INFO] [1782560247.565160842] [imu_calib]: Calibrating gyros; do not move the IMU[0m
[self_driving-10] [33m[WARN] [1782560247.716078193] [self_driving]: [LANE_LOST] raw_lane_x=-1 lane_x=-1 filter=lost stop=False state=LINE_FOLLOW safe_linear=0.00 right_ready=False right_done=False[0m
[self_driving-10] [0m[INFO] [1782560247.716713897] [self_driving]: [DEBUG_DRIVE] state=LINE_FOLLOW raw_lane_x=-1 lane_x=-1 filter=lost linear=0.30 angular=0.00 cw_y=0 right_done=False start_turn=False count_turn=0 traffic=None stop=False[0m
[yolo_detect-9] [0m[INFO] [1782560248.073912415] [yolov5_ros2]: Current ROS 2 distribution: humble[0m
[self_driving-10] [33m[WARN] [1782560248.252867545] [self_driving]: [LANE_LOST] raw_lane_x=-1 lane_x=-1 filter=lost stop=False state=LINE_FOLLOW safe_linear=0.00 right_ready=False right_done=False[0m
[self_driving-10] [0m[INFO] [1782560248.253457786] [self_driving]: [DEBUG_DRIVE] state=LINE_FOLLOW raw_lane_x=-1 lane_x=-1 filter=lost linear=0.30 angular=0.00 cw_y=0 right_done=False start_turn=False count_turn=0 traffic=None stop=False[0m
[self_driving-10] [33m[WARN] [1782560248.760297526] [self_driving]: [LANE_LOST] raw_lane_x=-1 lane_x=-1 filter=lost stop=False state=LINE_FOLLOW safe_linear=0.00 right_ready=False right_done=False[0m
[self_driving-10] [0m[INFO] [1782560248.765119378] [self_driving]: [DEBUG_DRIVE] state=LINE_FOLLOW raw_lane_x=-1 lane_x=-1 filter=lost linear=0.30 angular=0.00 cw_y=0 right_done=False start_turn=False count_turn=0 traffic=None stop=False[0m
[self_driving-10] [33m[WARN] [1782560249.315126600] [self_driving]: [LANE_LOST] raw_lane_x=-1 lane_x=-1 filter=lost stop=False state=LINE_FOLLOW safe_linear=0.00 right_ready=False right_done=False[0m
[self_driving-10] [0m[INFO] [1782560249.316186767] [self_driving]: [DEBUG_DRIVE] state=LINE_FOLLOW raw_lane_x=-1 lane_x=-1 filter=lost linear=0.30 angular=0.00 cw_y=0 right_done=False start_turn=False count_turn=0 traffic=None stop=False[0m
[self_driving-10] [0m[INFO] [1782560249.559345674] [self_driving]: [IMAGE] received count=26 shape=(480, 640, 3) queue=0[0m
[apply_calib-11] [0m[INFO] [1782560249.707441229] [imu_calib]: Gyro calibration complete! (bias = [-0.047, -0.145, 0.075])[0m
[self_driving-10] [33m[WARN] [1782560249.872888081] [self_driving]: [LANE_LOST] raw_lane_x=-1 lane_x=-1 filter=lost stop=False state=LINE_FOLLOW safe_linear=0.00 right_ready=False right_done=False[0m
[self_driving-10] [0m[INFO] [1782560249.873663803] [self_driving]: [DEBUG_DRIVE] state=LINE_FOLLOW raw_lane_x=-1 lane_x=-1 filter=lost linear=0.30 angular=0.00 cw_y=0 right_done=False start_turn=False count_turn=0 traffic=None stop=False[0m
[self_driving-10] [33m[WARN] [1782560250.373794099] [self_driving]: [LANE_LOST] raw_lane_x=-1 lane_x=-1 filter=lost stop=False state=LINE_FOLLOW safe_linear=0.00 right_ready=False right_done=False[0m
[self_driving-10] [0m[INFO] [1782560250.374354933] [self_driving]: [DEBUG_DRIVE] state=LINE_FOLLOW raw_lane_x=-1 lane_x=-1 filter=lost linear=0.30 angular=0.00 cw_y=0 right_done=False start_turn=False count_turn=0 traffic=None stop=False[0m
[self_driving-10] [0m[INFO] [1782560250.548698432] [self_driving]: [OBJECTS] msg_count=1 n=1 names=['crosswalk'][0m
[self_driving-10] [0m[INFO] [1782560250.920573951] [self_driving]: [CROSSWALK_IGNORE] y=90 < th=180[0m
[self_driving-10] [33m[WARN] [1782560250.921471247] [self_driving]: [LANE_LOST] raw_lane_x=-1 lane_x=-1 filter=lost stop=False state=LINE_FOLLOW safe_linear=0.00 right_ready=False right_done=False[0m
[self_driving-10] [0m[INFO] [1782560250.928369266] [self_driving]: [DEBUG_DRIVE] state=LINE_FOLLOW raw_lane_x=-1 lane_x=-1 filter=lost linear=0.30 angular=0.00 cw_y=90 right_done=False start_turn=False count_turn=0 traffic=None stop=False[0m
[self_driving-10] [0m[INFO] [1782560251.494904210] [self_driving]: [CROSSWALK_IGNORE] y=90 < th=180[0m
[self_driving-10] [33m[WARN] [1782560251.495767136] [self_driving]: [LANE_LOST] raw_lane_x=-1 lane_x=-1 filter=lost stop=False state=LINE_FOLLOW safe_linear=0.00 right_ready=False right_done=False[0m
[self_driving-10] [0m[INFO] [1782560251.496800562] [self_driving]: [DEBUG_DRIVE] state=LINE_FOLLOW raw_lane_x=-1 lane_x=-1 filter=lost linear=0.30 angular=0.00 cw_y=90 right_done=False start_turn=False count_turn=0 traffic=None stop=False[0m
[self_driving-10] [0m[INFO] [1782560251.578230987] [self_driving]: [IMAGE] received count=51 shape=(480, 640, 3) queue=0[0m
[self_driving-10] [0m[INFO] [1782560252.060414432] [self_driving]: [CROSSWALK_IGNORE] y=90 < th=180[0m
[self_driving-10] [33m[WARN] [1782560252.061712524] [self_driving]: [LANE_LOST] raw_lane_x=-1 lane_x=-1 filter=lost stop=False state=LINE_FOLLOW safe_linear=0.00 right_ready=False right_done=False[0m
[self_driving-10] [0m[INFO] [1782560252.062238987] [self_driving]: [DEBUG_DRIVE] state=LINE_FOLLOW raw_lane_x=-1 lane_x=-1 filter=lost linear=0.30 angular=0.00 cw_y=90 right_done=False start_turn=False count_turn=0 traffic=None stop=False[0m
[self_driving-10] [0m[INFO] [1782560252.611516413] [self_driving]: [CROSSWALK_IGNORE] y=90 < th=180[0m
[self_driving-10] [33m[WARN] [1782560252.612414968] [self_driving]: [LANE_LOST] raw_lane_x=-1 lane_x=-1 filter=lost stop=False state=LINE_FOLLOW safe_linear=0.00 right_ready=False right_done=False[0m
[self_driving-10] [0m[INFO] [1782560252.613147431] [self_driving]: [DEBUG_DRIVE] state=LINE_FOLLOW raw_lane_x=-1 lane_x=-1 filter=lost linear=0.30 angular=0.00 cw_y=90 right_done=False start_turn=False count_turn=0 traffic=None stop=False[0m
[self_driving-10] [0m[INFO] [1782560253.180184857] [self_driving]: [CROSSWALK_IGNORE] y=90 < th=180[0m
[self_driving-10] [33m[WARN] [1782560253.185914709] [self_driving]: [LANE_LOST] raw_lane_x=-1 lane_x=-1 filter=lost stop=False state=LINE_FOLLOW safe_linear=0.00 right_ready=False right_done=False[0m
[self_driving-10] [0m[INFO] [1782560253.187324579] [self_driving]: [DEBUG_DRIVE] state=LINE_FOLLOW raw_lane_x=-1 lane_x=-1 filter=lost linear=0.30 angular=0.00 cw_y=90 right_done=False start_turn=False count_turn=0 traffic=None stop=False[0m
[self_driving-10] [0m[INFO] [1782560253.637966153] [self_driving]: [IMAGE] received count=77 shape=(480, 640, 3) queue=0[0m
[self_driving-10] [0m[INFO] [1782560253.712060801] [self_driving]: [CROSSWALK_IGNORE] y=90 < th=180[0m
[self_driving-10] [33m[WARN] [1782560253.712998245] [self_driving]: [LANE_LOST] raw_lane_x=-1 lane_x=-1 filter=lost stop=False state=LINE_FOLLOW safe_linear=0.00 right_ready=False right_done=False[0m
[self_driving-10] [0m[INFO] [1782560253.713518319] [self_driving]: [DEBUG_DRIVE] state=LINE_FOLLOW raw_lane_x=-1 lane_x=-1 filter=lost linear=0.30 angular=0.00 cw_y=90 right_done=False start_turn=False count_turn=0 traffic=None stop=False[0m
[self_driving-10] [0m[INFO] [1782560254.095099301] [self_driving]: [OBJECTS] msg_count=2 n=1 names=['crosswalk'][0m
[self_driving-10] [0m[INFO] [1782560254.249120467] [self_driving]: [CROSSWALK_IGNORE] y=62 < th=180[0m
[self_driving-10] [33m[WARN] [1782560254.251441615] [self_driving]: [LANE_LOST] raw_lane_x=-1 lane_x=-1 filter=lost stop=False state=LINE_FOLLOW safe_linear=0.00 right_ready=False right_done=False[0m
[self_driving-10] [0m[INFO] [1782560254.252966782] [self_driving]: [DEBUG_DRIVE] state=LINE_FOLLOW raw_lane_x=-1 lane_x=-1 filter=lost linear=0.30 angular=0.00 cw_y=62 right_done=False start_turn=False count_turn=0 traffic=None stop=False[0m
[self_driving-10] [0m[INFO] [1782560254.774750411] [self_driving]: [CROSSWALK_IGNORE] y=23 < th=180[0m
[self_driving-10] [33m[WARN] [1782560254.776724615] [self_driving]: [LANE_LOST] raw_lane_x=-1 lane_x=-1 filter=lost stop=False state=LINE_FOLLOW safe_linear=0.00 right_ready=False right_done=False[0m
[self_driving-10] [0m[INFO] [1782560254.777816763] [self_driving]: [DEBUG_DRIVE] state=LINE_FOLLOW raw_lane_x=-1 lane_x=-1 filter=lost linear=0.30 angular=0.00 cw_y=23 right_done=False start_turn=False count_turn=0 traffic=None stop=False[0m
[self_driving-10] [0m[INFO] [1782560255.309219837] [self_driving]: [CROSSWALK_IGNORE] y=23 < th=180[0m
[self_driving-10] [33m[WARN] [1782560255.310573541] [self_driving]: [LANE_LOST] raw_lane_x=-1 lane_x=-1 filter=lost stop=False state=LINE_FOLLOW safe_linear=0.00 right_ready=False right_done=False[0m
[self_driving-10] [0m[INFO] [1782560255.311180652] [self_driving]: [DEBUG_DRIVE] state=LINE_FOLLOW raw_lane_x=-1 lane_x=-1 filter=lost linear=0.30 angular=0.00 cw_y=23 right_done=False start_turn=False count_turn=0 traffic=None stop=False[0m
[self_driving-10] [0m[INFO] [1782560255.647823652] [self_driving]: [IMAGE] received count=107 shape=(480, 640, 3) queue=0[0m
[self_driving-10] [0m[INFO] [1782560255.870106707] [self_driving]: [CROSSWALK_IGNORE] y=23 < th=180[0m
[self_driving-10] [33m[WARN] [1782560255.871281966] [self_driving]: [LANE_LOST] raw_lane_x=-1 lane_x=-1 filter=lost stop=False state=LINE_FOLLOW safe_linear=0.00 right_ready=False right_done=False[0m
[self_driving-10] [0m[INFO] [1782560255.874396281] [self_driving]: [DEBUG_DRIVE] state=LINE_FOLLOW raw_lane_x=-1 lane_x=-1 filter=lost linear=0.30 angular=0.00 cw_y=23 right_done=False start_turn=False count_turn=0 traffic=None stop=False[0m
[self_driving-10] [0m[INFO] [1782560256.391677114] [self_driving]: [CROSSWALK_IGNORE] y=23 < th=180[0m
[self_driving-10] [33m[WARN] [1782560256.393508022] [self_driving]: [LANE_LOST] raw_lane_x=-1 lane_x=-1 filter=lost stop=False state=LINE_FOLLOW safe_linear=0.00 right_ready=False right_done=False[0m
[self_driving-10] [0m[INFO] [1782560256.394242448] [self_driving]: [DEBUG_DRIVE] state=LINE_FOLLOW raw_lane_x=-1 lane_x=-1 filter=lost linear=0.30 angular=0.00 cw_y=23 right_done=False start_turn=False count_turn=0 traffic=None stop=False[0m
[self_driving-10] [0m[INFO] [1782560256.931577466] [self_driving]: [CROSSWALK_IGNORE] y=23 < th=180[0m
[self_driving-10] [33m[WARN] [1782560256.936813281] [self_driving]: [LANE_LOST] raw_lane_x=-1 lane_x=-1 filter=lost stop=False state=LINE_FOLLOW safe_linear=0.00 right_ready=False right_done=False[0m
[self_driving-10] [0m[INFO] [1782560256.937321688] [self_driving]: [DEBUG_DRIVE] state=LINE_FOLLOW raw_lane_x=-1 lane_x=-1 filter=lost linear=0.30 angular=0.00 cw_y=23 right_done=False start_turn=False count_turn=0 traffic=None stop=False[0m
[self_driving-10] [0m[INFO] [1782560257.477593391] [self_driving]: [CROSSWALK_IGNORE] y=23 < th=180[0m
[self_driving-10] [33m[WARN] [1782560257.481014873] [self_driving]: [LANE_LOST] raw_lane_x=-1 lane_x=-1 filter=lost stop=False state=LINE_FOLLOW safe_linear=0.00 right_ready=False right_done=False[0m
[self_driving-10] [0m[INFO] [1782560257.483526891] [self_driving]: [DEBUG_DRIVE] state=LINE_FOLLOW raw_lane_x=-1 lane_x=-1 filter=lost linear=0.30 angular=0.00 cw_y=23 right_done=False start_turn=False count_turn=0 traffic=None stop=False[0m
[self_driving-10] [0m[INFO] [1782560257.668674021] [self_driving]: [IMAGE] received count=137 shape=(480, 640, 3) queue=0[0m
[self_driving-10] [0m[INFO] [1782560258.014443780] [self_driving]: [CROSSWALK_IGNORE] y=23 < th=180[0m
[self_driving-10] [33m[WARN] [1782560258.015234558] [self_driving]: [LANE_LOST] raw_lane_x=-1 lane_x=-1 filter=lost stop=False state=LINE_FOLLOW safe_linear=0.00 right_ready=False right_done=False[0m
[self_driving-10] [0m[INFO] [1782560258.017112372] [self_driving]: [DEBUG_DRIVE] state=LINE_FOLLOW raw_lane_x=-1 lane_x=-1 filter=lost linear=0.30 angular=0.00 cw_y=23 right_done=False start_turn=False count_turn=0 traffic=None stop=False[0m
[self_driving-10] [0m[INFO] [1782560258.565530872] [self_driving]: [CROSSWALK_IGNORE] y=23 < th=180[0m
[self_driving-10] [33m[WARN] [1782560258.567565150] [self_driving]: [LANE_LOST] raw_lane_x=-1 lane_x=-1 filter=lost stop=False state=LINE_FOLLOW safe_linear=0.00 right_ready=False right_done=False[0m
[self_driving-10] [0m[INFO] [1782560258.568070168] [self_driving]: [DEBUG_DRIVE] state=LINE_FOLLOW raw_lane_x=-1 lane_x=-1 filter=lost linear=0.30 angular=0.00 cw_y=23 right_done=False start_turn=False count_turn=0 traffic=None stop=False[0m
[self_driving-10] [0m[INFO] [1782560259.072013724] [self_driving]: [CROSSWALK_IGNORE] y=23 < th=180[0m
[self_driving-10] [33m[WARN] [1782560259.075459187] [self_driving]: [LANE_LOST] raw_lane_x=-1 lane_x=-1 filter=lost stop=False state=LINE_FOLLOW safe_linear=0.00 right_ready=False right_done=False[0m
[self_driving-10] [0m[INFO] [1782560259.077409853] [self_driving]: [DEBUG_DRIVE] state=LINE_FOLLOW raw_lane_x=-1 lane_x=-1 filter=lost linear=0.30 angular=0.00 cw_y=23 right_done=False start_turn=False count_turn=0 traffic=None stop=False[0m
[self_driving-10] [0m[INFO] [1782560259.615319020] [self_driving]: [CROSSWALK_IGNORE] y=23 < th=180[0m
[self_driving-10] [33m[WARN] [1782560259.616525723] [self_driving]: [LANE_LOST] raw_lane_x=-1 lane_x=-1 filter=lost stop=False state=LINE_FOLLOW safe_linear=0.00 right_ready=False right_done=False[0m
[self_driving-10] [0m[INFO] [1782560259.617106909] [self_driving]: [DEBUG_DRIVE] state=LINE_FOLLOW raw_lane_x=-1 lane_x=-1 filter=lost linear=0.30 angular=0.00 cw_y=23 right_done=False start_turn=False count_turn=0 traffic=None stop=False[0m
[self_driving-10] [0m[INFO] [1782560259.676096131] [self_driving]: [IMAGE] received count=167 shape=(480, 640, 3) queue=0[0m
[self_driving-10] [0m[INFO] [1782560260.148878927] [self_driving]: [CROSSWALK_IGNORE] y=23 < th=180[0m
[self_driving-10] [33m[WARN] [1782560260.150807519] [self_driving]: [LANE_LOST] raw_lane_x=-1 lane_x=-1 filter=lost stop=False state=LINE_FOLLOW safe_linear=0.00 right_ready=False right_done=False[0m
[self_driving-10] [0m[INFO] [1782560260.151373353] [self_driving]: [DEBUG_DRIVE] state=LINE_FOLLOW raw_lane_x=-1 lane_x=-1 filter=lost linear=0.30 angular=0.00 cw_y=23 right_done=False start_turn=False count_turn=0 traffic=None stop=False[0m
[self_driving-10] [0m[INFO] [1782560260.696083556] [self_driving]: [CROSSWALK_IGNORE] y=23 < th=180[0m
[self_driving-10] [33m[WARN] [1782560260.696849630] [self_driving]: [LANE_LOST] raw_lane_x=-1 lane_x=-1 filter=lost stop=False state=LINE_FOLLOW safe_linear=0.00 right_ready=False right_done=False[0m
[self_driving-10] [0m[INFO] [1782560260.698646538] [self_driving]: [DEBUG_DRIVE] state=LINE_FOLLOW raw_lane_x=-1 lane_x=-1 filter=lost linear=0.30 angular=0.00 cw_y=23 right_done=False start_turn=False count_turn=0 traffic=None stop=False[0m
[self_driving-10] [0m[INFO] [1782560261.240503074] [self_driving]: [CROSSWALK_IGNORE] y=23 < th=180[0m
[self_driving-10] [0m[INFO] [1782560261.245515722] [self_driving]: [DEBUG_DRIVE] state=LINE_FOLLOW raw_lane_x=15.0 lane_x=15.0 filter=init linear=0.30 angular=0.10 cw_y=23 right_done=False start_turn=False count_turn=0 traffic=None stop=False[0m
[self_driving-10] [0m[INFO] [1782560261.687085111] [self_driving]: [IMAGE] received count=197 shape=(480, 640, 3) queue=0[0m
[self_driving-10] [0m[INFO] [1782560261.772150907] [self_driving]: [CROSSWALK_IGNORE] y=23 < th=180[0m
[self_driving-10] [0m[INFO] [1782560261.772846759] [self_driving]: [DEBUG_DRIVE] state=LINE_FOLLOW raw_lane_x=-1 lane_x=123.0 filter=hold_last linear=0.30 angular=0.10 cw_y=23 right_done=False start_turn=False count_turn=0 traffic=None stop=False[0m
[self_driving-10] [33m[WARN] [1782560261.846290759] [self_driving]: [LANE_LOST] raw_lane_x=-1 lane_x=-1 filter=lost stop=False state=LINE_FOLLOW safe_linear=0.00 right_ready=False right_done=False[0m
[self_driving-10] [0m[INFO] [1782560262.305664425] [self_driving]: [CROSSWALK_IGNORE] y=23 < th=180[0m
[self_driving-10] [0m[INFO] [1782560262.309215463] [self_driving]: [DEBUG_DRIVE] state=LINE_FOLLOW raw_lane_x=-1 lane_x=-1 filter=lost linear=0.30 angular=0.00 cw_y=23 right_done=False start_turn=False count_turn=0 traffic=None stop=False[0m
[self_driving-10] [33m[WARN] [1782560262.377854370] [self_driving]: [LANE_LOST] raw_lane_x=-1 lane_x=-1 filter=lost stop=False state=LINE_FOLLOW safe_linear=0.00 right_ready=False right_done=False[0m
[self_driving-10] [33m[WARN] [1782560262.643465592] [self_driving]: [LANE_X_JUMP_REJECT] raw=295.0 last=123.0 diff=172.0 candidate=295.0 cnt=1/4[0m
[self_driving-10] [0m[INFO] [1782560262.840758277] [self_driving]: [CROSSWALK_IGNORE] y=23 < th=180[0m
[self_driving-10] [0m[INFO] [1782560262.843720221] [self_driving]: [DEBUG_DRIVE] state=LINE_FOLLOW raw_lane_x=-1 lane_x=-1 filter=lost linear=0.30 angular=0.00 cw_y=23 right_done=False start_turn=False count_turn=0 traffic=None stop=False[0m
[self_driving-10] [33m[WARN] [1782560262.919898036] [self_driving]: [LANE_LOST] raw_lane_x=-1 lane_x=-1 filter=lost stop=False state=LINE_FOLLOW safe_linear=0.00 right_ready=False right_done=False[0m
[self_driving-10] [0m[INFO] [1782560263.389781610] [self_driving]: [CROSSWALK_IGNORE] y=23 < th=180[0m
[self_driving-10] [0m[INFO] [1782560263.390982184] [self_driving]: [DEBUG_DRIVE] state=LINE_FOLLOW raw_lane_x=42.0 lane_x=42.0 filter=stable linear=0.30 angular=0.10 cw_y=23 right_done=False start_turn=False count_turn=0 traffic=None stop=False[0m
[self_driving-10] [0m[INFO] [1782560263.701614388] [self_driving]: [IMAGE] received count=227 shape=(480, 640, 3) queue=0[0m
[self_driving-10] [33m[WARN] [1782560263.783617351] [self_driving]: [LANE_LOST] raw_lane_x=-1 lane_x=-1 filter=lost stop=False state=LINE_FOLLOW safe_linear=0.00 right_ready=False right_done=False[0m
[self_driving-10] [0m[INFO] [1782560263.927999591] [self_driving]: [CROSSWALK_IGNORE] y=23 < th=180[0m
[self_driving-10] [0m[INFO] [1782560263.930888387] [self_driving]: [DEBUG_DRIVE] state=LINE_FOLLOW raw_lane_x=-1 lane_x=-1 filter=lost linear=0.30 angular=0.00 cw_y=23 right_done=False start_turn=False count_turn=0 traffic=None stop=False[0m
[self_driving-10] [33m[WARN] [1782560264.338464684] [self_driving]: [LANE_LOST] raw_lane_x=-1 lane_x=-1 filter=lost stop=False state=LINE_FOLLOW safe_linear=0.00 right_ready=False right_done=False[0m
[self_driving-10] [0m[INFO] [1782560264.466671591] [self_driving]: [CROSSWALK_IGNORE] y=23 < th=180[0m
[self_driving-10] [0m[INFO] [1782560264.469149295] [self_driving]: [DEBUG_DRIVE] state=LINE_FOLLOW raw_lane_x=-1 lane_x=-1 filter=lost linear=0.30 angular=0.00 cw_y=23 right_done=False start_turn=False count_turn=0 traffic=None stop=False[0m
[self_driving-10] [33m[WARN] [1782560264.856394035] [self_driving]: [LANE_LOST] raw_lane_x=-1 lane_x=-1 filter=lost stop=False state=LINE_FOLLOW safe_linear=0.00 right_ready=False right_done=False[0m
[self_driving-10] [0m[INFO] [1782560265.002443739] [self_driving]: [CROSSWALK_IGNORE] y=23 < th=180[0m
[self_driving-10] [0m[INFO] [1782560265.006433554] [self_driving]: [DEBUG_DRIVE] state=LINE_FOLLOW raw_lane_x=-1 lane_x=-1 filter=lost linear=0.30 angular=0.00 cw_y=23 right_done=False start_turn=False count_turn=0 traffic=None stop=False[0m
[self_driving-10] [33m[WARN] [1782560265.404967942] [self_driving]: [LANE_LOST] raw_lane_x=-1 lane_x=-1 filter=lost stop=False state=LINE_FOLLOW safe_linear=0.00 right_ready=False right_done=False[0m
[self_driving-10] [0m[INFO] [1782560265.543091775] [self_driving]: [CROSSWALK_IGNORE] y=23 < th=180[0m
[self_driving-10] [0m[INFO] [1782560265.543814072] [self_driving]: [DEBUG_DRIVE] state=LINE_FOLLOW raw_lane_x=-1 lane_x=-1 filter=lost linear=0.30 angular=0.00 cw_y=23 right_done=False start_turn=False count_turn=0 traffic=None stop=False[0m
[self_driving-10] [0m[INFO] [1782560265.741462794] [self_driving]: [IMAGE] received count=257 shape=(480, 640, 3) queue=0[0m
[self_driving-10] [33m[WARN] [1782560265.954818423] [self_driving]: [LANE_LOST] raw_lane_x=-1 lane_x=-1 filter=lost stop=False state=LINE_FOLLOW safe_linear=0.00 right_ready=False right_done=False[0m
[self_driving-10] [0m[INFO] [1782560266.081863090] [self_driving]: [CROSSWALK_IGNORE] y=23 < th=180[0m
[self_driving-10] [0m[INFO] [1782560266.084300960] [self_driving]: [DEBUG_DRIVE] state=LINE_FOLLOW raw_lane_x=-1 lane_x=-1 filter=lost linear=0.30 angular=0.00 cw_y=23 right_done=False start_turn=False count_turn=0 traffic=None stop=False[0m
[self_driving-10] [33m[WARN] [1782560266.481939645] [self_driving]: [LANE_LOST] raw_lane_x=-1 lane_x=-1 filter=lost stop=False state=LINE_FOLLOW safe_linear=0.00 right_ready=False right_done=False[0m
[self_driving-10] [0m[INFO] [1782560266.623759367] [self_driving]: [CROSSWALK_IGNORE] y=23 < th=180[0m
[self_driving-10] [0m[INFO] [1782560266.624792053] [self_driving]: [DEBUG_DRIVE] state=LINE_FOLLOW raw_lane_x=-1 lane_x=-1 filter=lost linear=0.30 angular=0.00 cw_y=23 right_done=False start_turn=False count_turn=0 traffic=None stop=False[0m
[self_driving-10] [33m[WARN] [1782560267.011259830] [self_driving]: [LANE_LOST] raw_lane_x=-1 lane_x=-1 filter=lost stop=False state=LINE_FOLLOW safe_linear=0.00 right_ready=False right_done=False[0m
[self_driving-10] [0m[INFO] [1782560267.138826960] [self_driving]: [CROSSWALK_IGNORE] y=23 < th=180[0m
[self_driving-10] [0m[INFO] [1782560267.139472441] [self_driving]: [DEBUG_DRIVE] state=LINE_FOLLOW raw_lane_x=-1 lane_x=-1 filter=lost linear=0.30 angular=0.00 cw_y=23 right_done=False start_turn=False count_turn=0 traffic=None stop=False[0m
[self_driving-10] [33m[WARN] [1782560267.554050015] [self_driving]: [LANE_LOST] raw_lane_x=-1 lane_x=-1 filter=lost stop=False state=LINE_FOLLOW safe_linear=0.00 right_ready=False right_done=False[0m
[self_driving-10] [0m[INFO] [1782560267.696983367] [self_driving]: [CROSSWALK_IGNORE] y=23 < th=180[0m
[self_driving-10] [0m[INFO] [1782560267.698649644] [self_driving]: [DEBUG_DRIVE] state=LINE_FOLLOW raw_lane_x=-1 lane_x=-1 filter=lost linear=0.30 angular=0.00 cw_y=23 right_done=False start_turn=False count_turn=0 traffic=None stop=False[0m
[self_driving-10] [0m[INFO] [1782560267.807158089] [self_driving]: [IMAGE] received count=288 shape=(480, 640, 3) queue=0[0m
[self_driving-10] [0m[INFO] [1782560267.925486293] [self_driving]: [OBJECTS] msg_count=4 n=1 names=['crosswalk'][0m
[self_driving-10] [33m[WARN] [1782560267.953022422] [self_driving]: [LANE_X_JUMP_REJECT] raw=198.0 last=42.0 diff=156.0 candidate=198.0 cnt=1/4[0m
[self_driving-10] [33m[WARN] [1782560268.143198070] [self_driving]: [LANE_LOST] raw_lane_x=-1 lane_x=-1 filter=lost stop=False state=LINE_FOLLOW safe_linear=0.00 right_ready=False right_done=False[0m
[self_driving-10] [0m[INFO] [1782560268.228747978] [self_driving]: [CROSSWALK_IGNORE] y=18 < th=180[0m
[self_driving-10] [0m[INFO] [1782560268.229614255] [self_driving]: [DEBUG_DRIVE] state=LINE_FOLLOW raw_lane_x=-1 lane_x=-1 filter=lost linear=0.30 angular=0.00 cw_y=18 right_done=False start_turn=False count_turn=0 traffic=None stop=False[0m
[self_driving-10] [33m[WARN] [1782560268.476420218] [self_driving]: [LANE_X_JUMP_REJECT] raw=309.5 last=42.0 diff=267.5 candidate=308.5 cnt=3/4[0m
[self_driving-10] [0m[INFO] [1782560268.546976348] [self_driving]: [LANE_X_JUMP_ACCEPT] raw=289.5 last=289.5 cnt=4/4[0m
[self_driving-10] [0m[INFO] [1782560268.761336607] [self_driving]: [CROSSWALK_IGNORE] y=18 < th=180[0m
[self_driving-10] [0m[INFO] [1782560268.762660588] [self_driving]: [DEBUG_DRIVE] state=LINE_FOLLOW raw_lane_x=114.5 lane_x=289.5 filter=jump_reject linear=0.30 angular=-0.45 cw_y=18 right_done=False start_turn=False count_turn=4 traffic=None stop=False[0m
[self_driving-10] [0m[INFO] [1782560268.835881718] [self_driving]: [LANE_X_JUMP_ACCEPT] raw=116.5 last=116.5 cnt=4/4[0m
[self_driving-10] [0m[INFO] [1782560269.310206773] [self_driving]: [CROSSWALK_IGNORE] y=18 < th=180[0m
[self_driving-10] [0m[INFO] [1782560269.312953625] [self_driving]: [DEBUG_DRIVE] state=LINE_FOLLOW raw_lane_x=224.5 lane_x=224.5 filter=stable linear=0.30 angular=-0.45 cw_y=18 right_done=False start_turn=False count_turn=4 traffic=None stop=False[0m
[self_driving-10] [0m[INFO] [1782560269.581397551] [self_driving]: [OBJECTS] msg_count=5 n=1 names=['crosswalk'][0m
[self_driving-10] [0m[INFO] [1782560269.820478495] [self_driving]: [IMAGE] received count=318 shape=(480, 640, 3) queue=0[0m
[self_driving-10] [0m[INFO] [1782560269.825757662] [self_driving]: [CROSSWALK_SLOW] y=270 th=180 confirm=4[0m
[self_driving-10] [0m[INFO] [1782560269.826936921] [self_driving]: [DEBUG_DRIVE] state=LINE_FOLLOW raw_lane_x=115.0 lane_x=115.0 filter=stable linear=0.15 angular=0.10 cw_y=270 right_done=False start_turn=False count_turn=0 traffic=None stop=False[0m
[self_driving-10] [0m[INFO] [1782560270.267596569] [self_driving]: [OBJECTS] msg_count=9 n=1 names=['crosswalk'][0m
[self_driving-10] [0m[INFO] [1782560270.382722532] [self_driving]: [DEBUG_DRIVE] state=LINE_FOLLOW raw_lane_x=137.0 lane_x=137.0 filter=stable linear=0.15 angular=-0.10 cw_y=327 right_done=False start_turn=False count_turn=0 traffic=None stop=False[0m
[self_driving-10] [0m[INFO] [1782560270.913504717] [self_driving]: [DEBUG_DRIVE] state=LINE_FOLLOW raw_lane_x=126.5 lane_x=126.5 filter=stable linear=0.15 angular=0.10 cw_y=184 right_done=False start_turn=False count_turn=0 traffic=None stop=False[0m
[self_driving-10] [0m[INFO] [1782560270.925972124] [self_driving]: [OBJECTS] msg_count=12 n=1 names=['crosswalk'][0m
[self_driving-10] [0m[INFO] [1782560271.453893809] [self_driving]: [CROSSWALK_IGNORE] y=12 < th=180[0m
[self_driving-10] [0m[INFO] [1782560271.455047402] [self_driving]: [DEBUG_DRIVE] state=LINE_FOLLOW raw_lane_x=132.5 lane_x=132.5 filter=stable linear=0.15 angular=0.10 cw_y=12 right_done=False start_turn=False count_turn=0 traffic=None stop=False[0m
[self_driving-10] [0m[INFO] [1782560271.568421716] [self_driving]: [OBJECTS] msg_count=19 n=1 names=['crosswalk'][0m
[self_driving-10] [0m[INFO] [1782560271.832817605] [self_driving]: [IMAGE] received count=348 shape=(480, 640, 3) queue=0[0m
[self_driving-10] [0m[INFO] [1782560271.994655883] [self_driving]: [CROSSWALK_IGNORE] y=12 < th=180[0m
[self_driving-10] [0m[INFO] [1782560271.996634086] [self_driving]: [DEBUG_DRIVE] state=LINE_FOLLOW raw_lane_x=144.5 lane_x=144.5 filter=stable linear=0.15 angular=-0.10 cw_y=12 right_done=False start_turn=False count_turn=0 traffic=None stop=False[0m
[self_driving-10] [0m[INFO] [1782560272.279445086] [self_driving]: [OBJECTS] msg_count=27 n=1 names=['crosswalk'][0m
[self_driving-10] [0m[INFO] [1782560272.526206790] [self_driving]: [CROSSWALK_IGNORE] y=9 < th=180[0m
[self_driving-10] [0m[INFO] [1782560272.526723419] [self_driving]: [CROSSWALK_SLOW_DONE] return normal speed[0m
[self_driving-10] [0m[INFO] [1782560272.527304345] [self_driving]: [DEBUG_DRIVE] state=LINE_FOLLOW raw_lane_x=138.0 lane_x=138.0 filter=stable linear=0.15 angular=-0.10 cw_y=9 right_done=False start_turn=False count_turn=0 traffic=None stop=False[0m
[self_driving-10] [0m[INFO] [1782560272.963607049] [self_driving]: [OBJECTS] msg_count=35 n=1 names=['crosswalk'][0m
[self_driving-10] [0m[INFO] [1782560273.063403012] [self_driving]: [CROSSWALK_IGNORE] y=9 < th=180[0m
[self_driving-10] [0m[INFO] [1782560273.064688808] [self_driving]: [DEBUG_DRIVE] state=LINE_FOLLOW raw_lane_x=169.5 lane_x=169.5 filter=stable linear=0.30 angular=-0.10 cw_y=9 right_done=False start_turn=False count_turn=0 traffic=None stop=False[0m
[self_driving-10] [0m[INFO] [1782560273.597015752] [self_driving]: [CROSSWALK_IGNORE] y=6 < th=180[0m
[self_driving-10] [0m[INFO] [1782560273.598379345] [self_driving]: [DEBUG_DRIVE] state=LINE_FOLLOW raw_lane_x=136.0 lane_x=136.0 filter=stable linear=0.30 angular=-0.10 cw_y=6 right_done=False start_turn=False count_turn=0 traffic=None stop=False[0m
[self_driving-10] [0m[INFO] [1782560273.622438771] [self_driving]: [OBJECTS] msg_count=43 n=1 names=['go'][0m
[self_driving-10] [0m[INFO] [1782560273.863966196] [self_driving]: [IMAGE] received count=378 shape=(480, 640, 3) queue=0[0m
[self_driving-10] [0m[INFO] [1782560274.144382641] [self_driving]: [CROSSWALK_IGNORE] y=4 < th=180[0m
[self_driving-10] [0m[INFO] [1782560274.147292233] [self_driving]: [DEBUG_DRIVE] state=LINE_FOLLOW raw_lane_x=135.5 lane_x=135.5 filter=stable linear=0.30 angular=-0.10 cw_y=4 right_done=False start_turn=False count_turn=0 traffic=None stop=False[0m
[self_driving-10] [0m[INFO] [1782560274.345173511] [self_driving]: [OBJECTS] msg_count=51 n=1 names=['crosswalk'][0m
[self_driving-10] [0m[INFO] [1782560274.668737733] [self_driving]: [DEBUG_DRIVE] state=LINE_FOLLOW raw_lane_x=131.5 lane_x=131.5 filter=stable linear=0.30 angular=-0.10 cw_y=253 right_done=False start_turn=False count_turn=0 traffic=None stop=False[0m
[self_driving-10] [0m[INFO] [1782560274.868546677] [self_driving]: [CROSSWALK_SLOW] y=253 th=180 confirm=4[0m
[self_driving-10] [0m[INFO] [1782560275.003997899] [self_driving]: [OBJECTS] msg_count=54 n=1 names=['crosswalk'][0m
[self_driving-10] [0m[INFO] [1782560275.210271677] [self_driving]: [DEBUG_DRIVE] state=LINE_FOLLOW raw_lane_x=128.5 lane_x=128.5 filter=stable linear=0.15 angular=0.10 cw_y=282 right_done=False start_turn=False count_turn=0 traffic=None stop=False[0m
[self_driving-10] [0m[INFO] [1782560275.676180399] [self_driving]: [OBJECTS] msg_count=56 n=1 names=['crosswalk'][0m
[self_driving-10] [0m[INFO] [1782560275.745161695] [self_driving]: [DEBUG_DRIVE] state=LINE_FOLLOW raw_lane_x=124.0 lane_x=124.0 filter=stable linear=0.15 angular=0.10 cw_y=411 right_done=False start_turn=False count_turn=0 traffic=None stop=False[0m
[self_driving-10] [0m[INFO] [1782560275.875854732] [self_driving]: [IMAGE] received count=408 shape=(480, 640, 3) queue=0[0m
[self_driving-10] [0m[INFO] [1782560276.277315676] [self_driving]: [DEBUG_DRIVE] state=LINE_FOLLOW raw_lane_x=128.0 lane_x=128.0 filter=stable linear=0.15 angular=0.10 cw_y=468 right_done=False start_turn=False count_turn=0 traffic=None stop=False[0m
[self_driving-10] [0m[INFO] [1782560276.835932472] [self_driving]: [DEBUG_DRIVE] state=LINE_FOLLOW raw_lane_x=143.5 lane_x=143.5 filter=stable linear=0.15 angular=-0.10 cw_y=468 right_done=False start_turn=False count_turn=0 traffic=None stop=False[0m
[self_driving-10] [0m[INFO] [1782560276.993251028] [self_driving]: [OBJECTS] msg_count=58 n=1 names=['crosswalk'][0m
[self_driving-10] [0m[INFO] [1782560277.377113454] [self_driving]: [DEBUG_DRIVE] state=LINE_FOLLOW raw_lane_x=133.5 lane_x=133.5 filter=stable linear=0.15 angular=-0.10 cw_y=422 right_done=False start_turn=False count_turn=0 traffic=None stop=False[0m
[self_driving-10] [0m[INFO] [1782560277.553329898] [self_driving]: [CROSSWALK_SLOW_DONE] return normal speed[0m
[self_driving-10] [0m[INFO] [1782560277.828450824] [self_driving]: [CROSSWALK_SLOW] y=422 th=180 confirm=4[0m
[self_driving-10] [0m[INFO] [1782560277.884923194] [self_driving]: [IMAGE] received count=438 shape=(480, 640, 3) queue=0[0m
[self_driving-10] [0m[INFO] [1782560277.892874083] [self_driving]: [DEBUG_DRIVE] state=LINE_FOLLOW raw_lane_x=136.5 lane_x=136.5 filter=stable linear=0.15 angular=-0.10 cw_y=422 right_done=False start_turn=False count_turn=0 traffic=None stop=False[0m
[self_driving-10] [0m[INFO] [1782560278.440199194] [self_driving]: [DEBUG_DRIVE] state=LINE_FOLLOW raw_lane_x=132.0 lane_x=132.0 filter=stable linear=0.15 angular=-0.10 cw_y=422 right_done=False start_turn=False count_turn=0 traffic=None stop=False[0m
[self_driving-10] [0m[INFO] [1782560278.986205693] [self_driving]: [DEBUG_DRIVE] state=LINE_FOLLOW raw_lane_x=128.5 lane_x=128.5 filter=stable linear=0.15 angular=0.10 cw_y=422 right_done=False start_turn=False count_turn=0 traffic=None stop=False[0m
[self_driving-10] [0m[INFO] [1782560279.273032138] [self_driving]: [OBJECTS] msg_count=59 n=1 names=['crosswalk'][0m
[self_driving-10] [0m[INFO] [1782560279.500178915] [self_driving]: [DEBUG_DRIVE] state=LINE_FOLLOW raw_lane_x=135.0 lane_x=135.0 filter=stable linear=0.15 angular=-0.10 cw_y=317 right_done=False start_turn=False count_turn=0 traffic=None stop=False[0m
[self_driving-10] [0m[INFO] [1782560279.909576545] [self_driving]: [IMAGE] received count=468 shape=(480, 640, 3) queue=0[0m
[self_driving-10] [0m[INFO] [1782560280.044518267] [self_driving]: [DEBUG_DRIVE] state=LINE_FOLLOW raw_lane_x=133.5 lane_x=133.5 filter=stable linear=0.15 angular=0.05 cw_y=344 right_done=False start_turn=False count_turn=0 traffic=None stop=False[0m
[self_driving-10] [0m[INFO] [1782560280.524148952] [self_driving]: [CROSSWALK_SLOW_DONE] return normal speed[0m
[self_driving-10] [0m[INFO] [1782560280.587043970] [self_driving]: [DEBUG_DRIVE] state=LINE_FOLLOW raw_lane_x=155.5 lane_x=155.5 filter=stable linear=0.30 angular=-0.10 cw_y=344 right_done=False start_turn=False count_turn=0 traffic=None stop=False[0m
[self_driving-10] [0m[INFO] [1782560280.786201174] [self_driving]: [CROSSWALK_SLOW] y=344 th=180 confirm=4[0m
[self_driving-10] [0m[INFO] [1782560281.126506636] [self_driving]: [DEBUG_DRIVE] state=LINE_FOLLOW raw_lane_x=225.5 lane_x=225.5 filter=stable linear=0.15 angular=-0.45 cw_y=344 right_done=False start_turn=False count_turn=5 traffic=None stop=False[0m
[self_driving-10] [0m[INFO] [1782560281.674397562] [self_driving]: [DEBUG_DRIVE] state=LINE_FOLLOW raw_lane_x=296.5 lane_x=296.5 filter=stable linear=0.15 angular=-0.45 cw_y=344 right_done=False start_turn=True count_turn=7 traffic=None stop=False[0m
[self_driving-10] [33m[WARN] [1782560281.795549840] [self_driving]: [LANE_X_JUMP_REJECT] raw=123.5 last=296.0 diff=172.5 candidate=123.5 cnt=1/4[0m
[self_driving-10] [0m[INFO] [1782560281.939818951] [self_driving]: [IMAGE] received count=498 shape=(480, 640, 3) queue=0[0m
[self_driving-10] [0m[INFO] [1782560281.988661988] [self_driving]: [LANE_X_JUMP_ACCEPT] raw=155.5 last=155.5 cnt=4/4[0m
[self_driving-10] [0m[INFO] [1782560282.198550969] [self_driving]: [DEBUG_DRIVE] state=LINE_FOLLOW raw_lane_x=185.5 lane_x=185.5 filter=stable linear=0.15 angular=0.00 cw_y=344 right_done=False start_turn=True count_turn=0 traffic=None stop=False[0m
[self_driving-10] [0m[INFO] [1782560282.745544987] [self_driving]: [DEBUG_DRIVE] state=LINE_FOLLOW raw_lane_x=266.0 lane_x=266.0 filter=stable linear=0.15 angular=-0.45 cw_y=344 right_done=False start_turn=True count_turn=8 traffic=None stop=False[0m
[self_driving-10] [0m[INFO] [1782560283.280103246] [self_driving]: [DEBUG_DRIVE] state=LINE_FOLLOW raw_lane_x=271.5 lane_x=271.5 filter=stable linear=0.15 angular=-0.45 cw_y=344 right_done=False start_turn=True count_turn=16 traffic=None stop=False[0m
[self_driving-10] [0m[INFO] [1782560283.477502246] [self_driving]: [CROSSWALK_SLOW_DONE] return normal speed[0m
[self_driving-10] [0m[INFO] [1782560283.756402505] [self_driving]: [CROSSWALK_SLOW] y=344 th=180 confirm=4[0m
[self_driving-10] [0m[INFO] [1782560283.814594061] [self_driving]: [DEBUG_DRIVE] state=LINE_FOLLOW raw_lane_x=308.5 lane_x=308.5 filter=stable linear=0.15 angular=-0.45 cw_y=344 right_done=False start_turn=True count_turn=24 traffic=None stop=False[0m
[self_driving-10] [0m[INFO] [1782560283.999749487] [self_driving]: [IMAGE] received count=529 shape=(480, 640, 3) queue=0[0m
[self_driving-10] [0m[INFO] [1782560284.344482598] [self_driving]: [DEBUG_DRIVE] state=LINE_FOLLOW raw_lane_x=252.5 lane_x=252.5 filter=stable linear=0.15 angular=-0.45 cw_y=344 right_done=False start_turn=True count_turn=32 traffic=None stop=False[0m
[self_driving-10] [0m[INFO] [1782560284.554784653] [self_driving]: [OBJECTS] msg_count=61 n=1 names=['crosswalk'][0m
[self_driving-10] [0m[INFO] [1782560284.906787764] [self_driving]: [DEBUG_DRIVE] state=LINE_FOLLOW raw_lane_x=151.0 lane_x=151.0 filter=stable linear=0.15 angular=-0.10 cw_y=0 right_done=False start_turn=False count_turn=0 traffic=None stop=False[0m
[self_driving-10] [0m[INFO] [1782560285.217843245] [self_driving]: [OBJECTS] msg_count=65 n=1 names=['crosswalk'][0m
[self_driving-10] [0m[INFO] [1782560285.414171282] [self_driving]: [CROSSWALK_IGNORE] y=177 < th=180[0m
[self_driving-10] [0m[INFO] [1782560285.416060708] [self_driving]: [DEBUG_DRIVE] state=LINE_FOLLOW raw_lane_x=129.0 lane_x=129.0 filter=stable linear=0.15 angular=-0.10 cw_y=177 right_done=False start_turn=False count_turn=0 traffic=None stop=False[0m
[self_driving-10] [0m[INFO] [1782560285.877341319] [self_driving]: [OBJECTS] msg_count=70 n=1 names=['go'][0m
[self_driving-10] [0m[INFO] [1782560285.958783745] [self_driving]: [CROSSWALK_IGNORE] y=177 < th=180[0m
[self_driving-10] [0m[INFO] [1782560285.960391411] [self_driving]: [DEBUG_DRIVE] state=LINE_FOLLOW raw_lane_x=127.0 lane_x=127.0 filter=stable linear=0.15 angular=-0.10 cw_y=177 right_done=False start_turn=False count_turn=0 traffic=None stop=False[0m
[self_driving-10] [0m[INFO] [1782560286.027693134] [self_driving]: [IMAGE] received count=559 shape=(480, 640, 3) queue=0[0m
[self_driving-10] [0m[INFO] [1782560286.431760226] [self_driving]: [CROSSWALK_SLOW_DONE] return normal speed[0m
[self_driving-10] [0m[INFO] [1782560286.504531856] [self_driving]: [CROSSWALK_IGNORE] y=178 < th=180[0m
[self_driving-10] [0m[INFO] [1782560286.507573189] [self_driving]: [DEBUG_DRIVE] state=LINE_FOLLOW raw_lane_x=133.5 lane_x=133.5 filter=stable linear=0.30 angular=-0.10 cw_y=178 right_done=False start_turn=False count_turn=0 traffic=None stop=False[0m
[self_driving-10] [0m[INFO] [1782560286.580268300] [self_driving]: [OBJECTS] msg_count=75 n=1 names=['crosswalk'][0m
[self_driving-10] [0m[INFO] [1782560286.843902040] [self_driving]: [CROSSWALK_SLOW] y=180 th=180 confirm=4[0m
[self_driving-10] [0m[INFO] [1782560287.051010003] [self_driving]: [DEBUG_DRIVE] state=LINE_FOLLOW raw_lane_x=122.0 lane_x=122.0 filter=stable linear=0.15 angular=0.10 cw_y=181 right_done=False start_turn=False count_turn=0 traffic=None stop=False[0m
[self_driving-10] [0m[INFO] [1782560287.256277577] [self_driving]: [OBJECTS] msg_count=80 n=1 names=['crosswalk'][0m
[self_driving-10] [0m[INFO] [1782560287.570730207] [self_driving]: [DEBUG_DRIVE] state=LINE_FOLLOW raw_lane_x=150.0 lane_x=150.0 filter=stable linear=0.15 angular=-0.10 cw_y=183 right_done=False start_turn=False count_turn=0 traffic=None stop=False[0m
[self_driving-10] [0m[INFO] [1782560287.930848188] [self_driving]: [OBJECTS] msg_count=86 n=1 names=['crosswalk'][0m
[self_driving-10] [0m[INFO] [1782560288.034287040] [self_driving]: [IMAGE] received count=589 shape=(480, 640, 3) queue=0[0m
[self_driving-10] [0m[INFO] [1782560288.114020003] [self_driving]: [DEBUG_DRIVE] state=LINE_FOLLOW raw_lane_x=122.5 lane_x=122.5 filter=stable linear=0.15 angular=0.10 cw_y=188 right_done=False start_turn=False count_turn=0 traffic=None stop=False[0m
[self_driving-10] [0m[INFO] [1782560288.627579299] [self_driving]: [OBJECTS] msg_count=92 n=1 names=['crosswalk'][0m
[self_driving-10] [0m[INFO] [1782560288.673382484] [self_driving]: [DEBUG_DRIVE] state=LINE_FOLLOW raw_lane_x=133.5 lane_x=133.5 filter=stable linear=0.15 angular=-0.10 cw_y=192 right_done=False start_turn=False count_turn=0 traffic=None stop=False[0m
[self_driving-10] [0m[INFO] [1782560289.192195465] [self_driving]: [DEBUG_DRIVE] state=LINE_FOLLOW raw_lane_x=132.0 lane_x=132.0 filter=stable linear=0.15 angular=-0.10 cw_y=196 right_done=False start_turn=False count_turn=0 traffic=None stop=False[0m
[self_driving-10] [0m[INFO] [1782560289.301802150] [self_driving]: [OBJECTS] msg_count=96 n=1 names=['crosswalk'][0m
[self_driving-10] [0m[INFO] [1782560289.525990983] [self_driving]: [CROSSWALK_SLOW_DONE] return normal speed[0m
[self_driving-10] [0m[INFO] [1782560289.731641039] [self_driving]: [DEBUG_DRIVE] state=LINE_FOLLOW raw_lane_x=134.0 lane_x=134.0 filter=stable linear=0.30 angular=-0.10 cw_y=201 right_done=False start_turn=False count_turn=0 traffic=None stop=False[0m
[self_driving-10] [0m[INFO] [1782560289.808678909] [self_driving]: [CROSSWALK_SLOW] y=201 th=180 confirm=4[0m
[self_driving-10] [0m[INFO] [1782560290.051250668] [self_driving]: [IMAGE] received count=619 shape=(480, 640, 3) queue=0[0m
[self_driving-10] [0m[INFO] [1782560290.232118501] [self_driving]: [OBJECTS] msg_count=101 n=1 names=['go'][0m
[self_driving-10] [0m[INFO] [1782560290.270313131] [self_driving]: [DEBUG_DRIVE] state=LINE_FOLLOW raw_lane_x=90.5 lane_x=90.5 filter=stable linear=0.15 angular=0.10 cw_y=330 right_done=False start_turn=False count_turn=0 traffic=None stop=False[0m
[self_driving-10] [0m[INFO] [1782560290.808572297] [self_driving]: [DEBUG_DRIVE] state=LINE_FOLLOW raw_lane_x=133.5 lane_x=133.5 filter=stable linear=0.15 angular=-0.10 cw_y=397 right_done=False start_turn=False count_turn=0 traffic=None stop=False[0m
[self_driving-10] [0m[INFO] [1782560290.925180742] [self_driving]: [OBJECTS] msg_count=106 n=1 names=['crosswalk'][0m
[self_driving-10] [0m[INFO] [1782560291.343374186] [self_driving]: [DEBUG_DRIVE] state=LINE_FOLLOW raw_lane_x=138.5 lane_x=138.5 filter=stable linear=0.15 angular=-0.10 cw_y=0 right_done=False start_turn=False count_turn=0 traffic=None stop=False[0m
[self_driving-10] [0m[INFO] [1782560291.560549038] [self_driving]: [OBJECTS] msg_count=110 n=1 names=['crosswalk'][0m
[self_driving-10] [0m[INFO] [1782560291.870682926] [self_driving]: [DEBUG_DRIVE] state=LINE_FOLLOW raw_lane_x=137.5 lane_x=137.5 filter=stable linear=0.15 angular=-0.10 cw_y=0 right_done=False start_turn=False count_turn=0 traffic=None stop=False[0m
[self_driving-10] [0m[INFO] [1782560292.073842945] [self_driving]: [IMAGE] received count=649 shape=(480, 640, 3) queue=0[0m
[self_driving-10] [0m[INFO] [1782560292.248544537] [self_driving]: [OBJECTS] msg_count=113 n=1 names=['crosswalk'][0m
[self_driving-10] [0m[INFO] [1782560292.420627685] [self_driving]: [DEBUG_DRIVE] state=LINE_FOLLOW raw_lane_x=151.0 lane_x=151.0 filter=stable linear=0.15 angular=-0.10 cw_y=0 right_done=False start_turn=False count_turn=0 traffic=None stop=False[0m
[self_driving-10] [0m[INFO] [1782560292.493860648] [self_driving]: [CROSSWALK_SLOW_DONE] return normal speed[0m
[self_driving-10] [0m[INFO] [1782560292.938519796] [self_driving]: [OBJECTS] msg_count=117 n=1 names=['crosswalk'][0m
[self_driving-10] [0m[INFO] [1782560292.947759741] [self_driving]: [DEBUG_DRIVE] state=LINE_FOLLOW raw_lane_x=118.0 lane_x=118.0 filter=stable linear=0.30 angular=0.10 cw_y=269 right_done=False start_turn=False count_turn=0 traffic=None stop=False[0m
[self_driving-10] [0m[INFO] [1782560293.491330907] [self_driving]: [CROSSWALK_SLOW] y=289 th=180 confirm=4[0m
[self_driving-10] [0m[INFO] [1782560293.492688740] [self_driving]: [DEBUG_DRIVE] state=LINE_FOLLOW raw_lane_x=117.0 lane_x=117.0 filter=stable linear=0.15 angular=0.10 cw_y=289 right_done=False start_turn=False count_turn=0 traffic=None stop=False[0m
[self_driving-10] [0m[INFO] [1782560293.593890629] [self_driving]: [OBJECTS] msg_count=121 n=1 names=['crosswalk'][0m
[self_driving-10] [0m[INFO] [1782560294.032000925] [self_driving]: [DEBUG_DRIVE] state=LINE_FOLLOW raw_lane_x=134.0 lane_x=134.0 filter=stable linear=0.15 angular=-0.10 cw_y=0 right_done=False start_turn=False count_turn=0 traffic=None stop=False[0m
[self_driving-10] [0m[INFO] [1782560294.093187925] [self_driving]: [IMAGE] received count=679 shape=(480, 640, 3) queue=0[0m
[self_driving-10] [0m[INFO] [1782560294.261057740] [self_driving]: [OBJECTS] msg_count=125 n=1 names=['crosswalk'][0m
[self_driving-10] [0m[INFO] [1782560294.552696980] [self_driving]: [DEBUG_DRIVE] state=LINE_FOLLOW raw_lane_x=134.0 lane_x=134.0 filter=stable linear=0.15 angular=0.10 cw_y=440 right_done=False start_turn=False count_turn=0 traffic=None stop=False[0m
[self_driving-10] [0m[INFO] [1782560295.110328221] [self_driving]: [DEBUG_DRIVE] state=LINE_FOLLOW raw_lane_x=135.0 lane_x=135.0 filter=stable linear=0.15 angular=-0.10 cw_y=440 right_done=False start_turn=False count_turn=0 traffic=None stop=False[0m
[self_driving-10] [0m[INFO] [1782560295.330963961] [self_driving]: [OBJECTS] msg_count=126 n=1 names=['crosswalk'][0m
[self_driving-10] [0m[INFO] [1782560295.628160146] [self_driving]: [DEBUG_DRIVE] state=LINE_FOLLOW raw_lane_x=138.5 lane_x=138.5 filter=stable linear=0.15 angular=-0.10 cw_y=298 right_done=False start_turn=False count_turn=0 traffic=None stop=False[0m
[self_driving-10] [0m[INFO] [1782560296.108480461] [self_driving]: [IMAGE] received count=709 shape=(480, 640, 3) queue=0[0m
[self_driving-10] [0m[INFO] [1782560296.179156053] [self_driving]: [CROSSWALK_SLOW_DONE] return normal speed[0m
[self_driving-10] [0m[INFO] [1782560296.179989979] [self_driving]: [DEBUG_DRIVE] state=LINE_FOLLOW raw_lane_x=126.5 lane_x=126.5 filter=stable linear=0.15 angular=0.10 cw_y=298 right_done=False start_turn=False count_turn=0 traffic=None stop=False[0m
[self_driving-10] [0m[INFO] [1782560296.456102424] [self_driving]: [CROSSWALK_SLOW] y=298 th=180 confirm=4[0m
[self_driving-10] [0m[INFO] [1782560296.725026479] [self_driving]: [DEBUG_DRIVE] state=LINE_FOLLOW raw_lane_x=211.5 lane_x=211.5 filter=stable linear=0.15 angular=-0.45 cw_y=298 right_done=False start_turn=False count_turn=1 traffic=None stop=False[0m
[self_driving-10] [0m[INFO] [1782560297.249885608] [self_driving]: [DEBUG_DRIVE] state=LINE_FOLLOW raw_lane_x=194.0 lane_x=194.0 filter=stable linear=0.15 angular=0.00 cw_y=298 right_done=False start_turn=True count_turn=0 traffic=None stop=False[0m
[self_driving-10] [0m[INFO] [1782560297.777494034] [self_driving]: [DEBUG_DRIVE] state=LINE_FOLLOW raw_lane_x=293.5 lane_x=293.5 filter=stable linear=0.15 angular=-0.45 cw_y=298 right_done=False start_turn=True count_turn=6 traffic=None stop=False[0m
[self_driving-10] [33m[WARN] [1782560297.860348534] [self_driving]: [LANE_X_JUMP_REJECT] raw=107.0 last=293.5 diff=186.5 candidate=107.0 cnt=1/4[0m
[self_driving-10] [0m[INFO] [1782560298.113965904] [self_driving]: [IMAGE] received count=739 shape=(480, 640, 3) queue=0[0m
[self_driving-10] [0m[INFO] [1782560298.254663700] [self_driving]: [LANE_X_JUMP_ACCEPT] raw=176.0 last=176.0 cnt=4/4[0m
[self_driving-10] [0m[INFO] [1782560298.317762126] [self_driving]: [DEBUG_DRIVE] state=LINE_FOLLOW raw_lane_x=176.0 lane_x=176.0 filter=stable linear=0.15 angular=0.00 cw_y=298 right_done=False start_turn=True count_turn=0 traffic=None stop=False[0m
[self_driving-10] [0m[INFO] [1782560298.852425163] [self_driving]: [DEBUG_DRIVE] state=LINE_FOLLOW raw_lane_x=260.5 lane_x=260.5 filter=stable linear=0.15 angular=-0.45 cw_y=298 right_done=False start_turn=True count_turn=7 traffic=None stop=False[0m
[self_driving-10] [0m[INFO] [1782560299.144509255] [self_driving]: [CROSSWALK_SLOW_DONE] return normal speed[0m
[self_driving-10] [0m[INFO] [1782560299.411461922] [self_driving]: [CROSSWALK_SLOW] y=298 th=180 confirm=4[0m
[self_driving-10] [0m[INFO] [1782560299.412650589] [self_driving]: [DEBUG_DRIVE] state=LINE_FOLLOW raw_lane_x=268.0 lane_x=268.0 filter=stable linear=0.15 angular=-0.45 cw_y=298 right_done=False start_turn=True count_turn=15 traffic=None stop=False[0m
[self_driving-10] [0m[INFO] [1782560299.936892236] [self_driving]: [DEBUG_DRIVE] state=LINE_FOLLOW raw_lane_x=267.0 lane_x=267.0 filter=stable linear=0.15 angular=-0.45 cw_y=298 right_done=False start_turn=True count_turn=23 traffic=None stop=False[0m
[self_driving-10] [0m[INFO] [1782560300.142212773] [self_driving]: [IMAGE] received count=769 shape=(480, 640, 3) queue=0[0m
[self_driving-10] [0m[INFO] [1782560300.379306292] [self_driving]: [OBJECTS] msg_count=127 n=1 names=['right'][0m
[self_driving-10] [0m[INFO] [1782560300.380115218] [self_driving]: [RIGHT_CANDIDATE] valid=False reject=['small_area'] cnt=0 cx=620 cy=124 area=780 score=0.86 done=False[0m
[self_driving-10] [0m[INFO] [1782560300.481644143] [self_driving]: [DEBUG_DRIVE] state=LINE_FOLLOW raw_lane_x=214.5 lane_x=214.5 filter=stable linear=0.15 angular=-0.45 cw_y=0 right_done=False start_turn=True count_turn=31 traffic=None stop=False[0m
[self_driving-10] [0m[INFO] [1782560300.721995810] [self_driving]: [RIGHT_CANDIDATE] valid=False reject=['small_area'] cnt=0 cx=543 cy=123 area=768 score=0.85 done=False[0m
[self_driving-10] [0m[INFO] [1782560301.004395625] [self_driving]: [DEBUG_DRIVE] state=LINE_FOLLOW raw_lane_x=150.0 lane_x=150.0 filter=stable linear=0.15 angular=-0.10 cw_y=184 right_done=False start_turn=False count_turn=0 traffic=None stop=False[0m
[self_driving-10] [0m[INFO] [1782560301.056678532] [self_driving]: [OBJECTS] msg_count=131 n=1 names=['crosswalk'][0m
[self_driving-10] [0m[INFO] [1782560301.401491958] [self_driving]: [RIGHT_CANDIDATE] valid=False reject=['small_area'] cnt=0 cx=340 cy=123 area=720 score=0.72 done=False[0m
[self_driving-10] [0m[INFO] [1782560301.553721050] [self_driving]: [DEBUG_DRIVE] state=LINE_FOLLOW raw_lane_x=122.0 lane_x=122.0 filter=stable linear=0.15 angular=0.10 cw_y=0 right_done=False start_turn=False count_turn=0 traffic=None stop=False[0m
[self_driving-10] [0m[INFO] [1782560301.740240476] [self_driving]: [OBJECTS] msg_count=136 n=1 names=['crosswalk'][0m
[self_driving-10] [0m[INFO] [1782560301.743120513] [self_driving]: [RIGHT_CANDIDATE] valid=False reject=['small_area'] cnt=0 cx=255 cy=123 area=999 score=0.85 done=False[0m
[self_driving-10] [0m[INFO] [1782560302.070653939] [self_driving]: [RIGHT_CANDIDATE] valid=False reject=['small_area'] cnt=0 cx=229 cy=120 area=1092 score=0.82 done=False[0m
[self_driving-10] [0m[INFO] [1782560302.107357568] [self_driving]: [CROSSWALK_SLOW_DONE] return normal speed[0m
[self_driving-10] [0m[INFO] [1782560302.117278957] [self_driving]: [DEBUG_DRIVE] state=LINE_FOLLOW raw_lane_x=133.5 lane_x=133.5 filter=stable linear=0.15 angular=-0.10 cw_y=186 right_done=False start_turn=False count_turn=0 traffic=None stop=False[0m
[self_driving-10] [0m[INFO] [1782560302.157119402] [self_driving]: [IMAGE] received count=799 shape=(480, 640, 3) queue=0[0m
[self_driving-10] [0m[INFO] [1782560302.357562883] [self_driving]: [CROSSWALK_SLOW] y=186 th=180 confirm=4[0m
[self_driving-10] [0m[INFO] [1782560302.406657661] [self_driving]: [OBJECTS] msg_count=141 n=1 names=['crosswalk'][0m
[self_driving-10] [0m[INFO] [1782560302.408664698] [self_driving]: [RIGHT_CANDIDATE] valid=False reject=['small_area'] cnt=0 cx=207 cy=117 area=1148 score=0.85 done=False[0m
[self_driving-10] [0m[INFO] [1782560302.639749938] [self_driving]: [DEBUG_DRIVE] state=LINE_FOLLOW raw_lane_x=125.5 lane_x=125.5 filter=stable linear=0.15 angular=0.10 cw_y=186 right_done=False start_turn=False count_turn=0 traffic=None stop=False[0m
[self_driving-10] [0m[INFO] [1782560302.741591216] [self_driving]: [RIGHT_CANDIDATE] valid=False reject=['small_area'] cnt=0 cx=216 cy=113 area=1350 score=0.84 done=False[0m
[self_driving-10] [0m[INFO] [1782560303.072317346] [self_driving]: [OBJECTS] msg_count=147 n=1 names=['crosswalk'][0m
[self_driving-10] [0m[INFO] [1782560303.074397216] [self_driving]: [RIGHT_CANDIDATE] valid=False reject=['small_area'] cnt=0 cx=210 cy=113 area=1518 score=0.85 done=False[0m
[self_driving-10] [0m[INFO] [1782560303.181143531] [self_driving]: [DEBUG_DRIVE] state=LINE_FOLLOW raw_lane_x=140.0 lane_x=140.0 filter=stable linear=0.15 angular=-0.10 cw_y=189 right_done=False start_turn=False count_turn=0 traffic=None stop=False[0m
[self_driving-10] [0m[INFO] [1782560303.436186716] [self_driving]: [RIGHT_CANDIDATE] valid=False reject=['small_area'] cnt=0 cx=182 cy=111 area=1785 score=0.86 done=False[0m
[self_driving-10] [0m[INFO] [1782560303.703411438] [self_driving]: [DEBUG_DRIVE] state=LINE_FOLLOW raw_lane_x=131.5 lane_x=131.5 filter=stable linear=0.15 angular=0.10 cw_y=195 right_done=False start_turn=False count_turn=0 traffic=None stop=False[0m
[self_driving-10] [0m[INFO] [1782560303.751921104] [self_driving]: [OBJECTS] msg_count=153 n=1 names=['crosswalk'][0m
[self_driving-10] [0m[INFO] [1782560304.097145456] [self_driving]: [RIGHT_CANDIDATE] valid=False reject=['small_area'] cnt=0 cx=163 cy=107 area=2200 score=0.90 done=False[0m
[self_driving-10] [0m[INFO] [1782560304.177437086] [self_driving]: [IMAGE] received count=829 shape=(480, 640, 3) queue=0[0m
[self_driving-10] [0m[INFO] [1782560304.252311456] [self_driving]: [DEBUG_DRIVE] state=LINE_FOLLOW raw_lane_x=134.5 lane_x=134.5 filter=stable linear=0.15 angular=0.10 cw_y=201 right_done=False start_turn=False count_turn=0 traffic=None stop=False[0m
[self_driving-10] [0m[INFO] [1782560304.458186586] [self_driving]: [OBJECTS] msg_count=158 n=1 names=['crosswalk'][0m
[self_driving-10] [0m[INFO] [1782560304.460375419] [self_driving]: [RIGHT_CANDIDATE] valid=False reject=['small_area'] cnt=0 cx=133 cy=106 area=2745 score=0.89 done=False[0m
[self_driving-10] [0m[INFO] [1782560304.776428048] [self_driving]: [DEBUG_DRIVE] state=LINE_FOLLOW raw_lane_x=131.5 lane_x=131.5 filter=stable linear=0.15 angular=-0.10 cw_y=206 right_done=False start_turn=False count_turn=0 traffic=None stop=False[0m
[self_driving-10] [0m[INFO] [1782560304.796405826] [self_driving]: [RIGHT_CANDIDATE] valid=True reject=[] cnt=0 cx=115 cy=102 area=3332 score=0.87 done=False[0m
[self_driving-10] [0m[INFO] [1782560305.051928919] [self_driving]: [CROSSWALK_SLOW_DONE] return normal speed[0m
[self_driving-10] [0m[INFO] [1782560305.138553233] [self_driving]: [OBJECTS] msg_count=164 n=1 names=['crosswalk'][0m
[self_driving-10] [0m[INFO] [1782560305.143631585] [self_driving]: [RIGHT_CANDIDATE] valid=True reject=[] cnt=1 cx=84 cy=97 area=4088 score=0.85 done=False[0m
[self_driving-10] [0m[INFO] [1782560305.144429567] [self_driving]: [RIGHT_READY] cx=84 cy=97 area=4088 score=0.85[0m
[self_driving-10] [0m[INFO] [1782560305.200258826] [self_driving]: [RIGHT_TRIGGER] enter ARROW_SIGNAL lane_x=126.0 raw_lane_x=126.0 filter=stable cw_y=0 candidate={'cx': 84, 'cy': 97, 'area': 4088, 'score': 0.8500000238418579}[0m
[self_driving-10] [0m[INFO] [1782560305.200717696] [self_driving]: [1;36m[FSM] LINE_FOLLOW -> ARROW_SIGNAL[0m[0m
[self_driving-10] [0m[INFO] [1782560305.322056437] [self_driving]: [ARROW_SIGNAL] waiting elapsed=0.12/0.40 direction=right[0m
[self_driving-10] [0m[INFO] [1782560305.491189011] [self_driving]: [RIGHT_CANDIDATE] valid=True reject=[] cnt=0 cx=36 cy=89 area=5440 score=0.87 done=False[0m
[self_driving-10] [0m[INFO] [1782560305.637528437] [self_driving]: [ARROW_SIGNAL] done elapsed=0.44 -> INTERSECTION direction=right[0m
[self_driving-10] [0m[INFO] [1782560305.638181196] [self_driving]: [1;36m[FSM] ARROW_SIGNAL -> INTERSECTION[0m[0m
[self_driving-10] [0m[INFO] [1782560305.819903103] [self_driving]: [OBJECTS] msg_count=170 n=1 names=['crosswalk'][0m
[self_driving-10] [0m[INFO] [1782560305.823634140] [self_driving]: [RIGHT_CANDIDATE] valid=True reject=[] cnt=1 cx=24 cy=82 area=4944 score=0.80 done=False[0m
[self_driving-10] [0m[INFO] [1782560305.824727381] [self_driving]: [RIGHT_READY] cx=24 cy=82 area=4944 score=0.80[0m
[self_driving-10] [0m[INFO] [1782560305.875739511] [self_driving]: [RIGHT_TURN] elapsed=0.24 cmd=(0.10,-0.50) lane_x=144.5[0m
[self_driving-10] [0m[INFO] [1782560306.193587640] [self_driving]: [IMAGE] received count=859 shape=(480, 640, 3) queue=0[0m
[self_driving-10] [0m[INFO] [1782560306.399628140] [self_driving]: [RIGHT_TURN] elapsed=0.76 cmd=(0.10,-0.50) lane_x=-1[0m
[self_driving-10] [0m[INFO] [1782560306.514150881] [self_driving]: [OBJECTS] msg_count=173 n=1 names=['crosswalk'][0m
[self_driving-10] [0m[INFO] [1782560306.938691695] [self_driving]: [RIGHT_TURN] elapsed=1.30 cmd=(0.10,-0.50) lane_x=-1[0m
[self_driving-10] [0m[INFO] [1782560307.172314788] [self_driving]: [OBJECTS] msg_count=175 n=1 names=['crosswalk'][0m
[self_driving-10] [0m[INFO] [1782560307.478093195] [self_driving]: [RIGHT_TURN] elapsed=1.84 cmd=(0.10,-0.50) lane_x=254.5[0m
[self_driving-10] [0m[INFO] [1782560307.540346287] [self_driving]: [RIGHT_TURN] done elapsed=1.90 lane_x=244.5 -> LINE_FOLLOW. . . .[0m
[self_driving-10] [0m[INFO] [1782560307.540821028] [self_driving]: [1;36m[FSM] INTERSECTION -> PARKING[0m[0m
[self_driving-10] [0m[INFO] [1782560307.594280343] [self_driving]: [PARK!!!!] park_action start[0m
[self_driving-10] [33m[WARN] [1782560307.797531972] [self_driving]: [IMAGE] queue full -> drop oldest frame[0m
[self_driving-10] [0m[INFO] [1782560307.840762787] [self_driving]: [OBJECTS] msg_count=177 n=1 names=['crosswalk'][0m
[self_driving-10] [33m[WARN] [1782560307.869072250] [self_driving]: [IMAGE] queue full -> drop oldest frame[0m
[self_driving-10] [33m[WARN] [1782560307.940057083] [self_driving]: [IMAGE] queue full -> drop oldest frame[0m
[self_driving-10] [33m[WARN] [1782560308.002580102] [self_driving]: [IMAGE] queue full -> drop oldest frame[0m
[self_driving-10] [33m[WARN] [1782560308.076834065] [self_driving]: [IMAGE] queue full -> drop oldest frame[0m
[self_driving-10] [33m[WARN] [1782560308.134522343] [self_driving]: [IMAGE] queue full -> drop oldest frame[0m
[self_driving-10] [0m[INFO] [1782560308.212610602] [self_driving]: [IMAGE] received count=889 shape=(480, 640, 3) queue=2[0m
[self_driving-10] [33m[WARN] [1782560308.213939417] [self_driving]: [IMAGE] queue full -> drop oldest frame[0m
[self_driving-10] [33m[WARN] [1782560308.268671602] [self_driving]: [IMAGE] queue full -> drop oldest frame[0m
[self_driving-10] [33m[WARN] [1782560308.336263342] [self_driving]: [IMAGE] queue full -> drop oldest frame[0m
[self_driving-10] [33m[WARN] [1782560308.402272379] [self_driving]: [IMAGE] queue full -> drop oldest frame[0m
[self_driving-10] [33m[WARN] [1782560308.470163231] [self_driving]: [IMAGE] queue full -> drop oldest frame[0m
[self_driving-10] [33m[WARN] [1782560308.535330935] [self_driving]: [IMAGE] queue full -> drop oldest frame[0m
[self_driving-10] [33m[WARN] [1782560308.608571953] [self_driving]: [IMAGE] queue full -> drop oldest frame[0m
[self_driving-10] [33m[WARN] [1782560308.674582250] [self_driving]: [IMAGE] queue full -> drop oldest frame[0m
[self_driving-10] [33m[WARN] [1782560308.742438768] [self_driving]: [IMAGE] queue full -> drop oldest frame[0m
[self_driving-10] [0m[INFO] [1782560308.793659046] [self_driving]: [OBJECTS] msg_count=179 n=1 names=['crosswalk'][0m
[self_driving-10] [33m[WARN] [1782560308.829584435] [self_driving]: [IMAGE] queue full -> drop oldest frame[0m
[self_driving-10] [33m[WARN] [1782560308.861214101] [self_driving]: [IMAGE] queue full -> drop oldest frame[0m
[self_driving-10] [33m[WARN] [1782560308.943252953] [self_driving]: [IMAGE] queue full -> drop oldest frame[0m
[self_driving-10] [33m[WARN] [1782560309.005414305] [self_driving]: [IMAGE] queue full -> drop oldest frame[0m
[self_driving-10] [33m[WARN] [1782560309.077988009] [self_driving]: [IMAGE] queue full -> drop oldest frame[0m
[self_driving-10] [33m[WARN] [1782560309.159971712] [self_driving]: [IMAGE] queue full -> drop oldest frame[0m
[self_driving-10] [33m[WARN] [1782560309.215926453] [self_driving]: [IMAGE] queue full -> drop oldest frame[0m
[self_driving-10] [33m[WARN] [1782560309.269928657] [self_driving]: [IMAGE] queue full -> drop oldest frame[0m
[self_driving-10] [33m[WARN] [1782560309.344642860] [self_driving]: [IMAGE] queue full -> drop oldest frame[0m
[self_driving-10] [33m[WARN] [1782560309.406376509] [self_driving]: [IMAGE] queue full -> drop oldest frame[0m
[self_driving-10] [33m[WARN] [1782560309.492988194] [self_driving]: [IMAGE] queue full -> drop oldest frame[0m
[self_driving-10] [33m[WARN] [1782560309.545301990] [self_driving]: [IMAGE] queue full -> drop oldest frame[0m
[self_driving-10] [33m[WARN] [1782560309.616323749] [self_driving]: [IMAGE] queue full -> drop oldest frame[0m
[self_driving-10] [33m[WARN] [1782560309.685316638] [self_driving]: [IMAGE] queue full -> drop oldest frame[0m
[self_driving-10] [33m[WARN] [1782560309.739204471] [self_driving]: [IMAGE] queue full -> drop oldest frame[0m
[self_driving-10] [33m[WARN] [1782560309.813935805] [self_driving]: [IMAGE] queue full -> drop oldest frame[0m
[self_driving-10] [33m[WARN] [1782560309.894531879] [self_driving]: [IMAGE] queue full -> drop oldest frame[0m
[self_driving-10] [33m[WARN] [1782560309.940143767] [self_driving]: [IMAGE] queue full -> drop oldest frame[0m
[self_driving-10] [33m[WARN] [1782560310.013803786] [self_driving]: [IMAGE] queue full -> drop oldest frame[0m
[self_driving-10] [33m[WARN] [1782560310.086691749] [self_driving]: [IMAGE] queue full -> drop oldest frame[0m
[self_driving-10] [33m[WARN] [1782560310.158346064] [self_driving]: [IMAGE] queue full -> drop oldest frame[0m
[self_driving-10] [0m[INFO] [1782560310.223499138] [self_driving]: [IMAGE] received count=919 shape=(480, 640, 3) queue=2[0m
[self_driving-10] [33m[WARN] [1782560310.226402619] [self_driving]: [IMAGE] queue full -> drop oldest frame[0m
[self_driving-10] [33m[WARN] [1782560310.292285286] [self_driving]: [IMAGE] queue full -> drop oldest frame[0m
[self_driving-10] [33m[WARN] [1782560310.352545064] [self_driving]: [IMAGE] queue full -> drop oldest frame[0m
[self_driving-10] [33m[WARN] [1782560310.431587267] [self_driving]: [IMAGE] queue full -> drop oldest frame[0m
[self_driving-10] [33m[WARN] [1782560310.485576156] [self_driving]: [IMAGE] queue full -> drop oldest frame[0m
[self_driving-10] [0m[INFO] [1782560310.498537008] [self_driving]: [PARK!!!!] park_action complete -> DONE[0m
[self_driving-10] [0m[INFO] [1782560310.499058675] [self_driving]: [1;36m[FSM] PARKING -> DONE[0m[0m
[self_driving-10] [0m[INFO] [1782560310.703875267] [self_driving]: [OBJECTS] msg_count=180 n=1 names=['green'][0m
[self_driving-10] [0m[INFO] [1782560310.704608248] [self_driving]: [TRAFFIC_CANDIDATE] name=green valid=False cx=172 cy=214 area=9017 score=0.25 min_area=800[0m
[self_driving-10] [0m[INFO] [1782560311.344419007] [self_driving]: [OBJECTS] msg_count=182 n=1 names=['green'][0m
[self_driving-10] [0m[INFO] [1782560311.347000285] [self_driving]: [TRAFFIC_CANDIDATE] name=green valid=True cx=80 cy=212 area=6498 score=0.75 min_area=800[0m
[self_driving-10] [0m[INFO] [1782560312.225137081] [self_driving]: [IMAGE] received count=949 shape=(480, 640, 3) queue=0[0m
[self_driving-10] [0m[INFO] [1782560314.259805580] [self_driving]: [IMAGE] received count=979 shape=(480, 640, 3) queue=0[0m
[self_driving-10] [0m[INFO] [1782560316.273567319] [self_driving]: [IMAGE] received count=1009 shape=(480, 640, 3) queue=0[0m
[self_driving-10] [0m[INFO] [1782560316.790534412] [self_driving]: [OBJECTS] msg_count=183 n=1 names=['crosswalk'][0m
[self_driving-10] [0m[INFO] [1782560316.791430449] [self_driving]: [TRAFFIC_CLEAR] no valid red/green in current object msg -> clear stale traffic[0m
[self_driving-10] [0m[INFO] [1782560317.422207670] [self_driving]: [OBJECTS] msg_count=185 n=1 names=['crosswalk'][0m
[self_driving-10] [0m[INFO] [1782560318.282258318] [self_driving]: [IMAGE] received count=1039 shape=(480, 640, 3) queue=0[0m
[self_driving-10] [0m[INFO] [1782560318.984486503] [self_driving]: [OBJECTS] msg_count=188 n=1 names=['crosswalk'][0m
[self_driving-10] [0m[INFO] [1782560319.626118614] [self_driving]: [OBJECTS] msg_count=189 n=1 names=['crosswalk'][0m
[self_driving-10] [0m[INFO] [1782560320.366072965] [self_driving]: [IMAGE] received count=1070 shape=(480, 640, 3) queue=0[0m
[self_driving-10] [0m[INFO] [1782560322.170563594] [self_driving]: [OBJECTS] msg_count=192 n=1 names=['crosswalk'][0m
[self_driving-10] [0m[INFO] [1782560322.386078686] [self_driving]: [IMAGE] received count=1100 shape=(480, 640, 3) queue=0[0m
[self_driving-10] [0m[INFO] [1782560322.859250741] [self_driving]: [OBJECTS] msg_count=195 n=1 names=['crosswalk'][0m
[self_driving-10] [0m[INFO] [1782560323.485470259] [self_driving]: [OBJECTS] msg_count=198 n=1 names=['crosswalk'][0m
[self_driving-10] [0m[INFO] [1782560324.398874314] [self_driving]: [IMAGE] received count=1130 shape=(480, 640, 3) queue=0[0m
[self_driving-10] [0m[INFO] [1782560325.971845980] [self_driving]: [OBJECTS] msg_count=201 n=1 names=['crosswalk'][0m
[self_driving-10] [0m[INFO] [1782560326.432535739] [self_driving]: [IMAGE] received count=1160 shape=(480, 640, 3) queue=0[0m
[self_driving-10] [0m[INFO] [1782560327.812852183] [self_driving]: [OBJECTS] msg_count=204 n=1 names=['crosswalk'][0m
[self_driving-10] [0m[INFO] [1782560328.452710886] [self_driving]: [IMAGE] received count=1186 shape=(480, 640, 3) queue=0[0m
[self_driving-10] [0m[INFO] [1782560329.656890348] [self_driving]: [OBJECTS] msg_count=205 n=1 names=['crosswalk'][0m
[self_driving-10] [0m[INFO] [1782560329.980869904] [self_driving]: [TRAFFIC_CANDIDATE] name=red valid=True cx=628 cy=120 area=1302 score=0.49 min_area=800[0m
[self_driving-10] [0m[INFO] [1782560330.511936496] [self_driving]: [IMAGE] received count=1214 shape=(480, 640, 3) queue=0[0m
[self_driving-10] [0m[INFO] [1782560332.529016569] [self_driving]: [IMAGE] received count=1244 shape=(480, 640, 3) queue=0[0m
[self_driving-10] [0m[INFO] [1782560334.602213845] [self_driving]: [IMAGE] received count=1272 shape=(480, 640, 3) queue=0[0m
[self_driving-10] [0m[INFO] [1782560336.626379715] [self_driving]: [IMAGE] received count=1300 shape=(480, 640, 3) queue=0[0m
[self_driving-10] [0m[INFO] [1782560338.649535343] [self_driving]: [IMAGE] received count=1330 shape=(480, 640, 3) queue=0[0m
[self_driving-10] [0m[INFO] [1782560340.654572971] [self_driving]: [IMAGE] received count=1360 shape=(480, 640, 3) queue=0[0m
