[INFO] [launch]: All log files can be found below /home/ubuntu/.ros/log/2026-06-27-11-27-13-124771-raspberrypi-337297
[INFO] [launch]: Default logging verbosity is set to INFO
[INFO] [ascamera_node-1]: process started with pid [337313]
[INFO] [static_transform_publisher-2]: process started with pid [337315]
[INFO] [static_transform_publisher-3]: process started with pid [337317]
[INFO] [joint_state_publisher-4]: process started with pid [337319]
[INFO] [robot_state_publisher-5]: process started with pid [337321]
[INFO] [ros_robot_controller-6]: process started with pid [337323]
[INFO] [odom_publisher-7]: process started with pid [337325]
[INFO] [ekf_node-8]: process started with pid [337327]
[INFO] [yolo_detect-9]: process started with pid [337338]
[INFO] [self_driving-10]: process started with pid [337343]
[ascamera_node-1] [0m[INFO] [1782559633.866009041] [as_logger]: hello world angstrong camera ros2 node[0m
[static_transform_publisher-2] [33m[WARN] [1782559633.861743800] []: Old-style arguments are deprecated; see --help for new-style arguments[0m
[static_transform_publisher-3] [33m[WARN] [1782559633.858101541] []: Old-style arguments are deprecated; see --help for new-style arguments[0m
[robot_state_publisher-5] [0m[INFO] [1782559633.903299300] [robot_state_publisher]: got segment base_footprint[0m
[robot_state_publisher-5] [0m[INFO] [1782559633.903451504] [robot_state_publisher]: got segment base_link[0m
[robot_state_publisher-5] [0m[INFO] [1782559633.903471800] [robot_state_publisher]: got segment depth_cam[0m
[robot_state_publisher-5] [0m[INFO] [1782559633.903486115] [robot_state_publisher]: got segment imu_link[0m
[robot_state_publisher-5] [0m[INFO] [1782559633.903498596] [robot_state_publisher]: got segment lidar_frame[0m
[robot_state_publisher-5] [0m[INFO] [1782559633.903508189] [robot_state_publisher]: got segment wheel_lb_Link[0m
[robot_state_publisher-5] [0m[INFO] [1782559633.903516948] [robot_state_publisher]: got segment wheel_lf_Link[0m
[robot_state_publisher-5] [0m[INFO] [1782559633.903527578] [robot_state_publisher]: got segment wheel_rb_Link[0m
[robot_state_publisher-5] [0m[INFO] [1782559633.903537485] [robot_state_publisher]: got segment wheel_rf_Link[0m
[static_transform_publisher-3] [0m[INFO] [1782559633.908580948] [static_transform_publisher_kdGvDEagczzu3UUm]: Spinning until stopped - publishing transform
[static_transform_publisher-3] translation: ('0.000000', '0.000000', '0.000000')
[static_transform_publisher-3] rotation: ('-0.500000', '0.499602', '-0.500000', '0.500398')
[static_transform_publisher-3] from 'depth_cam' to 'ascamera_color_0'[0m
[static_transform_publisher-2] [0m[INFO] [1782559633.925940337] [static_transform_publisher_fHtr7jSVI6wjabcP]: Spinning until stopped - publishing transform
[static_transform_publisher-2] translation: ('0.000000', '0.000000', '0.000000')
[static_transform_publisher-2] rotation: ('-0.500000', '0.499602', '-0.500000', '0.500398')
[static_transform_publisher-2] from 'depth_cam' to 'ascamera_camera_link_0'[0m
[ascamera_node-1] 2026-06-27 11:27:13[INFO] [CameraPublisher.cpp] [1558] [printLaunchParams] get depth_width 640
[ascamera_node-1] 2026-06-27 11:27:13[INFO] [CameraPublisher.cpp] [1559] [printLaunchParams] get depth_height 480
[ascamera_node-1] 2026-06-27 11:27:13[INFO] [CameraPublisher.cpp] [1561] [printLaunchParams] get rgb_width 640
[ascamera_node-1] 2026-06-27 11:27:13[INFO] [CameraPublisher.cpp] [1562] [printLaunchParams] get rgb_height 480
[ascamera_node-1] 2026-06-27 11:27:13[INFO] [CameraPublisher.cpp] [1570] [printLaunchParams] get set_fps 15
[ascamera_node-1] 2026-06-27 11:27:13[INFO] [CameraPublisher.cpp] [1578] [printLaunchParams] get color_pcl 1
[ascamera_node-1] 2026-06-27 11:27:13[INFO] [CameraPublisher.cpp] [1582] [printLaunchParams] get pub_tfTree 1
[ascamera_node-1] 2026-06-27 11:27:13[INFO] [CameraSrv.cpp] [35] [CameraSrv] Angstrong camera server
[ascamera_node-1] 2026-06-27 11:27:13[INFO] [CameraSrv.cpp] [45] [CameraSrv] Angstrong camera sdk version:v1.2.22.20240516
[odom_publisher-7] [0m[INFO] [1782559634.591093596] [odom_publisher]: [1;32m0.930000 1.010000[0m[0m
[odom_publisher-7] [0m[INFO] [1782559634.644180355] [odom_publisher]: [1;32mstart[0m[0m
[joint_state_publisher-4] [0m[INFO] [1782559634.722432540] [joint_state_publisher]: Waiting for robot_description to be published on the robot_description topic...[0m
[ascamera_node-1] 2026-06-27 11:27:14[INFO] [CameraSrv.cpp] [114] [onAttached] attached
[ascamera_node-1] 2026-06-27 11:27:14[INFO] [CameraSrv.cpp] [145] [onAttached] this is a new attach device, create and open it
[ros_robot_controller-6] [0m[INFO] [1782559635.309593670] [ros_robot_controller]: 已设置舵机 1 的偏移量为 0[0m
[ros_robot_controller-6] [0m[INFO] [1782559635.311686484] [ros_robot_controller]: 已设置舵机 2 的偏移量为 0[0m
[ros_robot_controller-6] [0m[INFO] [1782559635.313539244] [ros_robot_controller]: 已设置舵机 3 的偏移量为 4[0m
[ros_robot_controller-6] [0m[INFO] [1782559635.314494707] [ros_robot_controller]: 已设置舵机 4 的偏移量为 0[0m
[ros_robot_controller-6] [0m[INFO] [1782559635.321757651] [ros_robot_controller]: [1;32mstart[0m[0m
[self_driving-10] [0m[INFO] [1782559635.519373355] [self_driving]: [INIT] init_process started[0m
[self_driving-10] [0m[INFO] [1782559635.519920466] [self_driving]: [INIT] only_line_follow=False[0m
[self_driving-10] [0m[INFO] [1782559635.520384688] [self_driving]: [INIT] request /yolov5/start[0m
[ascamera_node-1] 2026-06-27 11:27:15[INFO] [CameraSrv.cpp] [154] [onAttached] get model type 9
[ascamera_node-1] 2026-06-27 11:27:15[INFO] [CameraSrv.cpp] [342] [getConfigFile] get file: /home/ubuntu/third_party_ros2/third_party_ws/src/ascamera/configurationfiles/hp60c_v2_00_20230704_configEncrypt.json
[ascamera_node-1] 2026-06-27 11:27:15[INFO] [CameraPublisher.cpp] [1501] [logCameraPathInfo] usb camera
[ascamera_node-1] 2026-06-27 11:27:15[INFO] [CameraPublisher.cpp] [1502] [logCameraPathInfo] bnum:1
[ascamera_node-1] 2026-06-27 11:27:15[INFO] [CameraPublisher.cpp] [1503] [logCameraPathInfo] dnum:3
[ascamera_node-1] 2026-06-27 11:27:15[INFO] [CameraPublisher.cpp] [1504] [logCameraPathInfo] port_numbers:2
[ascamera_node-1] 2026-06-27 11:27:15[INFO] [CameraPublisher.cpp] [171] [onCameraAttached] create a new publisher info set
[ascamera_node-1] 2026-06-27 11:27:15[INFO] [TfTreeFrameIdInfo.cpp] [11] [TfTreeFrameIdInfo] Namespace /ascamera
[ascamera_node-1] 2026-06-27 11:27:16[INFO] [CameraHp60c.cpp] [128] [open] according to the configuration file.
[ascamera_node-1] 2026-06-27 11:27:16[INFO] [CameraHp60c.cpp] [1528] [parseConfigFileParameter] moduleName:AS_CAM_HP60C
[ascamera_node-1] 2026-06-27 11:27:16[INFO] [CameraHp60c.cpp] [1555] [parseConfigFileParameter] Parsing config file /home/ubuntu/third_party_ros2/third_party_ws/src/ascamera/configurationfiles/hp60c_v2_00_20230704_configEncrypt.json
[ascamera_node-1] 2026-06-27 11:27:16[INFO] [CameraHp60c.cpp] [1620] [parseConfigFileParameter] configuration protocol Version: v2.x
[ascamera_node-1] 2026-06-27 11:27:16[INFO] [CameraHp60c.cpp] [1631] [parseConfigFileParameter] configuration Version: v2.0.0.20230704
[ascamera_node-1] 2026-06-27 11:27:16[INFO] [CameraHp60c.cpp] [1796] [setParamersAfterOpenCam] Camera confiParaEnable true, setting configuration parameter
[self_driving-10] [33m[WARN] [1782559637.523538279] [self_driving]: [YOLO_SERVICE] service not ready, continue without blocking[0m
[ascamera_node-1] 2026-06-27 11:27:17[ERROR] [XuCmdCameraHp60c.cpp] [454] [getMjpegSize] get mjpeg from xu command failed
[ascamera_node-1] 2026-06-27 11:27:17[INFO] [XuCmdCameraHp60c.cpp] [458] [getMjpegSize] mjpeg size:640x480
[ascamera_node-1] 2026-06-27 11:27:17[INFO] [CameraPublisher.cpp] [356] [onCameraOpen] camera opened
[ascamera_node-1] 2026-06-27 11:27:17[INFO] [CameraPublisher.cpp] [370] [onCameraOpen] get config info, ret 0, is_Registration 1
[ascamera_node-1] 2026-06-27 11:27:17[INFO] [Camera.cpp] [61] [init] #camera[0x55563b372710] SN[ASC60CF08000515]'s firmware version:DLS_VERc20865=:V01.09_2024110714:V01.19_2024110714:L01
[ascamera_node-1] 2026-06-27 11:27:17[INFO] [CameraPublisher.cpp] [1183] [setResolution] set depth resolution: 640 x 480 @ 15fps
[ascamera_node-1] 2026-06-27 11:27:17[INFO] [CameraPublisher.cpp] [1197] [setResolution] set rgb resolution: 640 x 480 @ 15fps
[ascamera_node-1] 2026-06-27 11:27:17[INFO] [CameraHp60c.cpp] [260] [startStreaming] start streaming
[ascamera_node-1] 2026-06-27 11:27:17[INFO] [CameraSrv.cpp] [202] [onAttached] attached end
[self_driving-10] [0m[INFO] [1782559638.024655242] [self_driving]: [INIT] enter + set_running start[0m
[self_driving-10] [0m[INFO] [1782559638.025165909] [self_driving]: [1;32mself driving enter[0m[0m
[self_driving-10] [0m[INFO] [1782559638.033856020] [self_driving]: [SUB] image=/ascamera/camera_publisher/rgb0/image object=/yolov5_ros2/object_detect[0m
[self_driving-10] [0m[INFO] [1782559638.034592631] [self_driving]: [1;32mset_running[0m[0m
[self_driving-10] [0m[INFO] [1782559638.037556575] [self_driving]: [1;32m[START] hybrid self_driving start: auto LINE_FOLLOW[0m[0m
[INFO] [apply_calib-11]: process started with pid [337493]
[INFO] [complementary_filter_node-12]: process started with pid [337495]
[ascamera_node-1] 2026-06-27 11:27:19[INFO] [CameraHp60c.cpp] [912] [setInternalParameter] mjpeg info: size(640x480)
[complementary_filter_node-12] [0m[INFO] [1782559639.231761871] [imu_filter]: Starting ComplementaryFilterROS[0m
[apply_calib-11] [0m[INFO] [1782559639.255716501] [imu_calib]: Calibrating gyros; do not move the IMU[0m
[ascamera_node-1] 2026-06-27 11:27:19[INFO] [Camera.cpp] [127] [backgroundThread] SN [ ASC60CF08000515 ]'s parameter:
[ascamera_node-1] 2026-06-27 11:27:19[INFO] [Camera.cpp] [128] [backgroundThread] irfx: 426.962
[ascamera_node-1] 2026-06-27 11:27:19[INFO] [Camera.cpp] [129] [backgroundThread] irfy: 426.374
[ascamera_node-1] 2026-06-27 11:27:19[INFO] [Camera.cpp] [130] [backgroundThread] ircx: 315.403
[ascamera_node-1] 2026-06-27 11:27:19[INFO] [Camera.cpp] [131] [backgroundThread] ircy: 240.933
[ascamera_node-1] 2026-06-27 11:27:19[INFO] [Camera.cpp] [132] [backgroundThread] rgbfx: 570.48
[ascamera_node-1] 2026-06-27 11:27:19[INFO] [Camera.cpp] [133] [backgroundThread] rgbfy: 569.949
[ascamera_node-1] 2026-06-27 11:27:19[INFO] [Camera.cpp] [134] [backgroundThread] rgbcx: 329.75
[ascamera_node-1] 2026-06-27 11:27:19[INFO] [Camera.cpp] [135] [backgroundThread] rgbcy: 238.406
[ascamera_node-1] 
[self_driving-10] [0m[INFO] [1782559639.634735148] [self_driving]: [IMAGE] received count=1 shape=(480, 640, 3) queue=0[0m
[ascamera_node-1] 2026-06-27 11:27:19[INFO] [CameraHp60c.cpp] [1149] [streamCallback] set gain ret 0, gain 4
[self_driving-10] [33m[WARN] [1782559639.811915278] [self_driving]: [LANE_LOST] raw_lane_x=-1 lane_x=-1 filter=lost stop=False state=LINE_FOLLOW safe_linear=0.00 right_ready=False right_done=False[0m
[self_driving-10] [0m[INFO] [1782559639.812538963] [self_driving]: [DEBUG_DRIVE] state=LINE_FOLLOW raw_lane_x=-1 lane_x=-1 filter=lost linear=0.30 angular=0.00 cw_y=0 right_done=False start_turn=False count_turn=0 traffic=None stop=False[0m
[self_driving-10] [33m[WARN] [1782559640.351790055] [self_driving]: [LANE_LOST] raw_lane_x=-1 lane_x=-1 filter=lost stop=False state=LINE_FOLLOW safe_linear=0.00 right_ready=False right_done=False[0m
[self_driving-10] [0m[INFO] [1782559640.352444259] [self_driving]: [DEBUG_DRIVE] state=LINE_FOLLOW raw_lane_x=-1 lane_x=-1 filter=lost linear=0.30 angular=0.00 cw_y=0 right_done=False start_turn=False count_turn=0 traffic=None stop=False[0m
[yolo_detect-9] [0m[INFO] [1782559640.833692963] [yolov5_ros2]: Current ROS 2 distribution: humble[0m
[self_driving-10] [33m[WARN] [1782559640.916836796] [self_driving]: [LANE_LOST] raw_lane_x=-1 lane_x=-1 filter=lost stop=False state=LINE_FOLLOW safe_linear=0.00 right_ready=False right_done=False[0m
[self_driving-10] [0m[INFO] [1782559640.917487740] [self_driving]: [DEBUG_DRIVE] state=LINE_FOLLOW raw_lane_x=-1 lane_x=-1 filter=lost linear=0.30 angular=0.00 cw_y=0 right_done=False start_turn=False count_turn=0 traffic=None stop=False[0m
[apply_calib-11] [0m[INFO] [1782559641.315841870] [imu_calib]: Gyro calibration complete! (bias = [-0.017, 0.074, -0.038])[0m
[self_driving-10] [33m[WARN] [1782559641.497793184] [self_driving]: [LANE_LOST] raw_lane_x=-1 lane_x=-1 filter=lost stop=False state=LINE_FOLLOW safe_linear=0.00 right_ready=False right_done=False[0m
[self_driving-10] [0m[INFO] [1782559641.498524684] [self_driving]: [DEBUG_DRIVE] state=LINE_FOLLOW raw_lane_x=-1 lane_x=-1 filter=lost linear=0.30 angular=0.00 cw_y=0 right_done=False start_turn=False count_turn=0 traffic=None stop=False[0m
[self_driving-10] [0m[INFO] [1782559641.644914610] [self_driving]: [IMAGE] received count=25 shape=(480, 640, 3) queue=0[0m
[self_driving-10] [0m[INFO] [1782559641.972521814] [self_driving]: [OBJECTS] msg_count=1 n=1 names=['red'][0m
[self_driving-10] [0m[INFO] [1782559641.973506832] [self_driving]: [TRAFFIC_CANDIDATE] name=red valid=False cx=581 cy=326 area=11682 score=0.32 min_area=800[0m
[self_driving-10] [33m[WARN] [1782559642.005810388] [self_driving]: [LANE_LOST] raw_lane_x=-1 lane_x=-1 filter=lost stop=False state=LINE_FOLLOW safe_linear=0.00 right_ready=False right_done=False[0m
[self_driving-10] [0m[INFO] [1782559642.006953147] [self_driving]: [DEBUG_DRIVE] state=LINE_FOLLOW raw_lane_x=-1 lane_x=-1 filter=lost linear=0.30 angular=0.00 cw_y=0 right_done=False start_turn=False count_turn=0 traffic=None stop=False[0m
[self_driving-10] [33m[WARN] [1782559642.535906350] [self_driving]: [LANE_LOST] raw_lane_x=-1 lane_x=-1 filter=lost stop=False state=LINE_FOLLOW safe_linear=0.00 right_ready=False right_done=False[0m
[self_driving-10] [0m[INFO] [1782559642.537327276] [self_driving]: [DEBUG_DRIVE] state=LINE_FOLLOW raw_lane_x=-1 lane_x=-1 filter=lost linear=0.30 angular=0.00 cw_y=0 right_done=False start_turn=False count_turn=0 traffic=None stop=False[0m
[self_driving-10] [33m[WARN] [1782559643.100279369] [self_driving]: [LANE_LOST] raw_lane_x=-1 lane_x=-1 filter=lost stop=False state=LINE_FOLLOW safe_linear=0.00 right_ready=False right_done=False[0m
[self_driving-10] [0m[INFO] [1782559643.100857906] [self_driving]: [DEBUG_DRIVE] state=LINE_FOLLOW raw_lane_x=-1 lane_x=-1 filter=lost linear=0.30 angular=0.00 cw_y=0 right_done=False start_turn=False count_turn=0 traffic=None stop=False[0m
[self_driving-10] [0m[INFO] [1782559643.675953998] [self_driving]: [IMAGE] received count=50 shape=(480, 640, 3) queue=0[0m
[self_driving-10] [33m[WARN] [1782559643.687438942] [self_driving]: [LANE_LOST] raw_lane_x=-1 lane_x=-1 filter=lost stop=False state=LINE_FOLLOW safe_linear=0.00 right_ready=False right_done=False[0m
[self_driving-10] [0m[INFO] [1782559643.688844461] [self_driving]: [DEBUG_DRIVE] state=LINE_FOLLOW raw_lane_x=-1 lane_x=-1 filter=lost linear=0.30 angular=0.00 cw_y=0 right_done=False start_turn=False count_turn=0 traffic=None stop=False[0m
[self_driving-10] [0m[INFO] [1782559644.224744072] [self_driving]: [OBJECTS] msg_count=2 n=1 names=['red'][0m
[self_driving-10] [0m[INFO] [1782559644.229153442] [self_driving]: [TRAFFIC_CANDIDATE] name=red valid=False cx=564 cy=293 area=10246 score=0.27 min_area=800[0m
[self_driving-10] [33m[WARN] [1782559644.232296590] [self_driving]: [LANE_LOST] raw_lane_x=-1 lane_x=-1 filter=lost stop=False state=LINE_FOLLOW safe_linear=0.00 right_ready=False right_done=False[0m
[self_driving-10] [0m[INFO] [1782559644.233235498] [self_driving]: [DEBUG_DRIVE] state=LINE_FOLLOW raw_lane_x=-1 lane_x=-1 filter=lost linear=0.30 angular=0.00 cw_y=0 right_done=False start_turn=False count_turn=0 traffic=None stop=False[0m
[self_driving-10] [33m[WARN] [1782559644.801924664] [self_driving]: [LANE_LOST] raw_lane_x=-1 lane_x=-1 filter=lost stop=False state=LINE_FOLLOW safe_linear=0.00 right_ready=False right_done=False[0m
[self_driving-10] [0m[INFO] [1782559644.802538460] [self_driving]: [DEBUG_DRIVE] state=LINE_FOLLOW raw_lane_x=-1 lane_x=-1 filter=lost linear=0.30 angular=0.00 cw_y=0 right_done=False start_turn=False count_turn=0 traffic=None stop=False[0m
[self_driving-10] [33m[WARN] [1782559645.366554441] [self_driving]: [LANE_LOST] raw_lane_x=-1 lane_x=-1 filter=lost stop=False state=LINE_FOLLOW safe_linear=0.00 right_ready=False right_done=False[0m
[self_driving-10] [0m[INFO] [1782559645.367066349] [self_driving]: [DEBUG_DRIVE] state=LINE_FOLLOW raw_lane_x=-1 lane_x=-1 filter=lost linear=0.30 angular=0.00 cw_y=0 right_done=False start_turn=False count_turn=0 traffic=None stop=False[0m
[self_driving-10] [0m[INFO] [1782559645.766289015] [self_driving]: [IMAGE] received count=76 shape=(480, 640, 3) queue=0[0m
[self_driving-10] [33m[WARN] [1782559645.929620645] [self_driving]: [LANE_LOST] raw_lane_x=-1 lane_x=-1 filter=lost stop=False state=LINE_FOLLOW safe_linear=0.00 right_ready=False right_done=False[0m
[self_driving-10] [0m[INFO] [1782559645.930489404] [self_driving]: [DEBUG_DRIVE] state=LINE_FOLLOW raw_lane_x=-1 lane_x=-1 filter=lost linear=0.30 angular=0.00 cw_y=0 right_done=False start_turn=False count_turn=0 traffic=None stop=False[0m
[self_driving-10] [0m[INFO] [1782559646.080490237] [self_driving]: [OBJECTS] msg_count=3 n=1 names=['right'][0m
[self_driving-10] [0m[INFO] [1782559646.083755682] [self_driving]: [RIGHT_CANDIDATE] valid=False reject=['low_score', 'small_area'] cnt=0 cx=117 cy=64 area=899 score=0.32 done=False[0m
[self_driving-10] [33m[WARN] [1782559646.505335255] [self_driving]: [LANE_LOST] raw_lane_x=-1 lane_x=-1 filter=lost stop=False state=LINE_FOLLOW safe_linear=0.00 right_ready=False right_done=False[0m
[self_driving-10] [0m[INFO] [1782559646.505958533] [self_driving]: [DEBUG_DRIVE] state=LINE_FOLLOW raw_lane_x=-1 lane_x=-1 filter=lost linear=0.30 angular=0.00 cw_y=0 right_done=False start_turn=False count_turn=0 traffic=None stop=False[0m
[self_driving-10] [33m[WARN] [1782559647.063394033] [self_driving]: [LANE_LOST] raw_lane_x=-1 lane_x=-1 filter=lost stop=False state=LINE_FOLLOW safe_linear=0.00 right_ready=False right_done=False[0m
[self_driving-10] [0m[INFO] [1782559647.070102274] [self_driving]: [DEBUG_DRIVE] state=LINE_FOLLOW raw_lane_x=-1 lane_x=-1 filter=lost linear=0.30 angular=0.00 cw_y=0 right_done=False start_turn=False count_turn=0 traffic=None stop=False[0m
[self_driving-10] [33m[WARN] [1782559647.631296866] [self_driving]: [LANE_LOST] raw_lane_x=-1 lane_x=-1 filter=lost stop=False state=LINE_FOLLOW safe_linear=0.00 right_ready=False right_done=False[0m
[self_driving-10] [0m[INFO] [1782559647.631833107] [self_driving]: [DEBUG_DRIVE] state=LINE_FOLLOW raw_lane_x=-1 lane_x=-1 filter=lost linear=0.30 angular=0.00 cw_y=0 right_done=False start_turn=False count_turn=0 traffic=None stop=False[0m
[self_driving-10] [0m[INFO] [1782559647.775438921] [self_driving]: [IMAGE] received count=101 shape=(480, 640, 3) queue=0[0m
[self_driving-10] [33m[WARN] [1782559648.193749551] [self_driving]: [LANE_LOST] raw_lane_x=-1 lane_x=-1 filter=lost stop=False state=LINE_FOLLOW safe_linear=0.00 right_ready=False right_done=False[0m
[self_driving-10] [0m[INFO] [1782559648.194545125] [self_driving]: [DEBUG_DRIVE] state=LINE_FOLLOW raw_lane_x=-1 lane_x=-1 filter=lost linear=0.30 angular=0.00 cw_y=0 right_done=False start_turn=False count_turn=0 traffic=None stop=False[0m
[self_driving-10] [33m[WARN] [1782559648.767755865] [self_driving]: [LANE_LOST] raw_lane_x=-1 lane_x=-1 filter=lost stop=False state=LINE_FOLLOW safe_linear=0.00 right_ready=False right_done=False[0m
[self_driving-10] [0m[INFO] [1782559648.768741495] [self_driving]: [DEBUG_DRIVE] state=LINE_FOLLOW raw_lane_x=-1 lane_x=-1 filter=lost linear=0.30 angular=0.00 cw_y=0 right_done=False start_turn=False count_turn=0 traffic=None stop=False[0m
[self_driving-10] [33m[WARN] [1782559649.320299346] [self_driving]: [LANE_LOST] raw_lane_x=-1 lane_x=-1 filter=lost stop=False state=LINE_FOLLOW safe_linear=0.00 right_ready=False right_done=False[0m
[self_driving-10] [0m[INFO] [1782559649.320870550] [self_driving]: [DEBUG_DRIVE] state=LINE_FOLLOW raw_lane_x=-1 lane_x=-1 filter=lost linear=0.30 angular=0.00 cw_y=0 right_done=False start_turn=False count_turn=0 traffic=None stop=False[0m
[self_driving-10] [33m[WARN] [1782559649.470435828] [self_driving]: [LANE_X_JUMP_REJECT] raw=40.5 last=244.5 diff=204.0 candidate=40.5 cnt=1/4[0m
[self_driving-10] [0m[INFO] [1782559649.580373902] [self_driving]: [OBJECTS] msg_count=4 n=1 names=['crosswalk'][0m
[self_driving-10] [0m[INFO] [1782559649.837932531] [self_driving]: [IMAGE] received count=127 shape=(480, 640, 3) queue=0[0m
[self_driving-10] [0m[INFO] [1782559649.848894309] [self_driving]: [CROSSWALK_IGNORE] y=84 < th=180[0m
[self_driving-10] [33m[WARN] [1782559649.851201216] [self_driving]: [LANE_LOST] raw_lane_x=-1 lane_x=-1 filter=lost stop=False state=LINE_FOLLOW safe_linear=0.00 right_ready=False right_done=False[0m
[self_driving-10] [0m[INFO] [1782559649.851708920] [self_driving]: [DEBUG_DRIVE] state=LINE_FOLLOW raw_lane_x=-1 lane_x=-1 filter=lost linear=0.30 angular=0.00 cw_y=84 right_done=False start_turn=False count_turn=5 traffic=None stop=False[0m
[self_driving-10] [0m[INFO] [1782559650.382366012] [self_driving]: [CROSSWALK_IGNORE] y=84 < th=180[0m
[self_driving-10] [33m[WARN] [1782559650.385532753] [self_driving]: [LANE_LOST] raw_lane_x=-1 lane_x=-1 filter=lost stop=False state=LINE_FOLLOW safe_linear=0.00 right_ready=False right_done=False[0m
[self_driving-10] [0m[INFO] [1782559650.386183087] [self_driving]: [DEBUG_DRIVE] state=LINE_FOLLOW raw_lane_x=-1 lane_x=-1 filter=lost linear=0.30 angular=0.00 cw_y=84 right_done=False start_turn=False count_turn=5 traffic=None stop=False[0m
[self_driving-10] [0m[INFO] [1782559650.912145401] [self_driving]: [CROSSWALK_IGNORE] y=84 < th=180[0m
[self_driving-10] [33m[WARN] [1782559650.912874938] [self_driving]: [LANE_LOST] raw_lane_x=-1 lane_x=-1 filter=lost stop=False state=LINE_FOLLOW safe_linear=0.00 right_ready=False right_done=False[0m
[self_driving-10] [0m[INFO] [1782559650.913335697] [self_driving]: [DEBUG_DRIVE] state=LINE_FOLLOW raw_lane_x=-1 lane_x=-1 filter=lost linear=0.30 angular=0.00 cw_y=84 right_done=False start_turn=False count_turn=5 traffic=None stop=False[0m
[self_driving-10] [0m[INFO] [1782559651.444994364] [self_driving]: [CROSSWALK_IGNORE] y=84 < th=180[0m
[self_driving-10] [33m[WARN] [1782559651.449149845] [self_driving]: [LANE_LOST] raw_lane_x=-1 lane_x=-1 filter=lost stop=False state=LINE_FOLLOW safe_linear=0.00 right_ready=False right_done=False[0m
[self_driving-10] [0m[INFO] [1782559651.450865012] [self_driving]: [DEBUG_DRIVE] state=LINE_FOLLOW raw_lane_x=-1 lane_x=-1 filter=lost linear=0.30 angular=0.00 cw_y=84 right_done=False start_turn=False count_turn=5 traffic=None stop=False[0m
[self_driving-10] [0m[INFO] [1782559651.855089104] [self_driving]: [IMAGE] received count=157 shape=(480, 640, 3) queue=0[0m
[self_driving-10] [0m[INFO] [1782559652.001235697] [self_driving]: [CROSSWALK_IGNORE] y=84 < th=180[0m
[self_driving-10] [33m[WARN] [1782559652.003735567] [self_driving]: [LANE_LOST] raw_lane_x=-1 lane_x=-1 filter=lost stop=False state=LINE_FOLLOW safe_linear=0.00 right_ready=False right_done=False[0m
[self_driving-10] [0m[INFO] [1782559652.004897826] [self_driving]: [DEBUG_DRIVE] state=LINE_FOLLOW raw_lane_x=-1 lane_x=-1 filter=lost linear=0.30 angular=0.00 cw_y=84 right_done=False start_turn=False count_turn=5 traffic=None stop=False[0m
[self_driving-10] [0m[INFO] [1782559652.511282307] [self_driving]: [CROSSWALK_IGNORE] y=84 < th=180[0m
[self_driving-10] [33m[WARN] [1782559652.512028345] [self_driving]: [LANE_LOST] raw_lane_x=-1 lane_x=-1 filter=lost stop=False state=LINE_FOLLOW safe_linear=0.00 right_ready=False right_done=False[0m
[self_driving-10] [0m[INFO] [1782559652.512494641] [self_driving]: [DEBUG_DRIVE] state=LINE_FOLLOW raw_lane_x=-1 lane_x=-1 filter=lost linear=0.30 angular=0.00 cw_y=84 right_done=False start_turn=False count_turn=5 traffic=None stop=False[0m
[self_driving-10] [0m[INFO] [1782559653.040417696] [self_driving]: [CROSSWALK_IGNORE] y=84 < th=180[0m
[self_driving-10] [0m[INFO] [1782559653.041266918] [self_driving]: [DEBUG_DRIVE] state=LINE_FOLLOW raw_lane_x=-1 lane_x=180.5 filter=hold_last linear=0.30 angular=-0.10 cw_y=84 right_done=False start_turn=False count_turn=0 traffic=None stop=False[0m
[self_driving-10] [33m[WARN] [1782559653.366068492] [self_driving]: [LANE_LOST] raw_lane_x=-1 lane_x=-1 filter=lost stop=False state=LINE_FOLLOW safe_linear=0.00 right_ready=False right_done=False[0m
[self_driving-10] [0m[INFO] [1782559653.597746103] [self_driving]: [CROSSWALK_IGNORE] y=84 < th=180[0m
[self_driving-10] [0m[INFO] [1782559653.599782566] [self_driving]: [DEBUG_DRIVE] state=LINE_FOLLOW raw_lane_x=-1 lane_x=-1 filter=lost linear=0.30 angular=0.00 cw_y=84 right_done=False start_turn=False count_turn=0 traffic=None stop=False[0m
[self_driving-10] [0m[INFO] [1782559653.911675807] [self_driving]: [IMAGE] received count=185 shape=(480, 640, 3) queue=0[0m
[self_driving-10] [33m[WARN] [1782559653.919703547] [self_driving]: [LANE_LOST] raw_lane_x=-1 lane_x=-1 filter=lost stop=False state=LINE_FOLLOW safe_linear=0.00 right_ready=False right_done=False[0m
[self_driving-10] [0m[INFO] [1782559654.159542455] [self_driving]: [CROSSWALK_IGNORE] y=84 < th=180[0m
[self_driving-10] [0m[INFO] [1782559654.161052177] [self_driving]: [DEBUG_DRIVE] state=LINE_FOLLOW raw_lane_x=-1 lane_x=-1 filter=lost linear=0.30 angular=0.00 cw_y=84 right_done=False start_turn=False count_turn=0 traffic=None stop=False[0m
[self_driving-10] [33m[WARN] [1782559654.454549510] [self_driving]: [LANE_LOST] raw_lane_x=-1 lane_x=-1 filter=lost stop=False state=LINE_FOLLOW safe_linear=0.00 right_ready=False right_done=False[0m
[self_driving-10] [0m[INFO] [1782559654.716610325] [self_driving]: [CROSSWALK_IGNORE] y=84 < th=180[0m
[self_driving-10] [0m[INFO] [1782559654.719429362] [self_driving]: [DEBUG_DRIVE] state=LINE_FOLLOW raw_lane_x=-1 lane_x=-1 filter=lost linear=0.30 angular=0.00 cw_y=84 right_done=False start_turn=False count_turn=0 traffic=None stop=False[0m
[self_driving-10] [33m[WARN] [1782559654.982834806] [self_driving]: [LANE_LOST] raw_lane_x=-1 lane_x=-1 filter=lost stop=False state=LINE_FOLLOW safe_linear=0.00 right_ready=False right_done=False[0m
[self_driving-10] [0m[INFO] [1782559655.270030695] [self_driving]: [CROSSWALK_IGNORE] y=84 < th=180[0m
[self_driving-10] [0m[INFO] [1782559655.280883750] [self_driving]: [DEBUG_DRIVE] state=LINE_FOLLOW raw_lane_x=-1 lane_x=-1 filter=lost linear=0.30 angular=0.00 cw_y=84 right_done=False start_turn=False count_turn=0 traffic=None stop=False[0m
[self_driving-10] [33m[WARN] [1782559655.332393898] [self_driving]: [LANE_X_JUMP_REJECT] raw=97.5 last=180.5 diff=83.0 candidate=97.5 cnt=1/4[0m
[self_driving-10] [0m[INFO] [1782559655.784784324] [self_driving]: [CROSSWALK_IGNORE] y=84 < th=180[0m
[self_driving-10] [0m[INFO] [1782559655.785551176] [self_driving]: [DEBUG_DRIVE] state=LINE_FOLLOW raw_lane_x=223.0 lane_x=223.0 filter=stable linear=0.30 angular=-0.45 cw_y=84 right_done=False start_turn=False count_turn=1 traffic=None stop=False[0m
[self_driving-10] [0m[INFO] [1782559655.927328602] [self_driving]: [IMAGE] received count=214 shape=(480, 640, 3) queue=0[0m
[self_driving-10] [33m[WARN] [1782559656.206210750] [self_driving]: [LANE_X_JUMP_REJECT] raw=18.0 last=312.0 diff=294.0 candidate=18.0 cnt=1/4[0m
[self_driving-10] [0m[INFO] [1782559656.228467027] [self_driving]: [OBJECTS] msg_count=5 n=1 names=['crosswalk'][0m
[self_driving-10] [0m[INFO] [1782559656.340853046] [self_driving]: [DEBUG_DRIVE] state=LINE_FOLLOW raw_lane_x=29.0 lane_x=312.0 filter=jump_reject linear=0.30 angular=-0.45 cw_y=247 right_done=False start_turn=True count_turn=3 traffic=None stop=False[0m
[self_driving-10] [0m[INFO] [1782559656.400243250] [self_driving]: [LANE_X_JUMP_ACCEPT] raw=21.0 last=21.0 cnt=4/4[0m
[self_driving-10] [0m[INFO] [1782559656.475825027] [self_driving]: [CROSSWALK_SLOW] y=247 th=180 confirm=4[0m
[self_driving-10] [0m[INFO] [1782559656.860241990] [self_driving]: [DEBUG_DRIVE] state=LINE_FOLLOW raw_lane_x=139.5 lane_x=139.5 filter=stable linear=0.15 angular=0.00 cw_y=234 right_done=False start_turn=True count_turn=0 traffic=None stop=False[0m
[self_driving-10] [0m[INFO] [1782559656.905944175] [self_driving]: [OBJECTS] msg_count=9 n=1 names=['crosswalk'][0m
[self_driving-10] [0m[INFO] [1782559657.407655471] [self_driving]: [CROSSWALK_IGNORE] y=125 < th=180[0m
[self_driving-10] [0m[INFO] [1782559657.410983175] [self_driving]: [DEBUG_DRIVE] state=LINE_FOLLOW raw_lane_x=71.0 lane_x=71.0 filter=stable linear=0.15 angular=0.00 cw_y=125 right_done=False start_turn=True count_turn=0 traffic=None stop=False[0m
[self_driving-10] [0m[INFO] [1782559657.569490564] [self_driving]: [OBJECTS] msg_count=13 n=1 names=['crosswalk'][0m
[self_driving-10] [0m[INFO] [1782559657.944174156] [self_driving]: [IMAGE] received count=244 shape=(480, 640, 3) queue=0[0m
[self_driving-10] [0m[INFO] [1782559657.956244582] [self_driving]: [CROSSWALK_IGNORE] y=91 < th=180[0m
[self_driving-10] [0m[INFO] [1782559657.958586489] [self_driving]: [DEBUG_DRIVE] state=LINE_FOLLOW raw_lane_x=140.0 lane_x=140.0 filter=stable linear=0.15 angular=0.00 cw_y=91 right_done=False start_turn=True count_turn=0 traffic=None stop=False[0m
[self_driving-10] [0m[INFO] [1782559658.336771971] [self_driving]: [OBJECTS] msg_count=18 n=1 names=['crosswalk'][0m
[self_driving-10] [0m[INFO] [1782559658.472032489] [self_driving]: [DEBUG_DRIVE] state=LINE_FOLLOW raw_lane_x=134.0 lane_x=134.0 filter=stable linear=0.15 angular=0.10 cw_y=193 right_done=False start_turn=False count_turn=0 traffic=None stop=False[0m
[self_driving-10] [0m[INFO] [1782559659.018533359] [self_driving]: [DEBUG_DRIVE] state=LINE_FOLLOW raw_lane_x=134.0 lane_x=134.0 filter=stable linear=0.15 angular=-0.10 cw_y=185 right_done=False start_turn=False count_turn=0 traffic=None stop=False[0m
[self_driving-10] [0m[INFO] [1782559659.033883730] [self_driving]: [OBJECTS] msg_count=20 n=1 names=['crosswalk'][0m
[self_driving-10] [0m[INFO] [1782559659.162994841] [self_driving]: [CROSSWALK_SLOW_DONE] return normal speed[0m
[self_driving-10] [0m[INFO] [1782559659.434177785] [self_driving]: [CROSSWALK_SLOW] y=189 th=180 confirm=4[0m
[self_driving-10] [0m[INFO] [1782559659.554022951] [self_driving]: [DEBUG_DRIVE] state=LINE_FOLLOW raw_lane_x=146.5 lane_x=146.5 filter=stable linear=0.15 angular=-0.10 cw_y=189 right_done=False start_turn=False count_turn=0 traffic=None stop=False[0m
[self_driving-10] [0m[INFO] [1782559659.695397840] [self_driving]: [OBJECTS] msg_count=25 n=1 names=['crosswalk'][0m
[self_driving-10] [0m[INFO] [1782559659.955943840] [self_driving]: [IMAGE] received count=274 shape=(480, 640, 3) queue=0[0m
[self_driving-10] [0m[INFO] [1782559660.088869673] [self_driving]: [DEBUG_DRIVE] state=LINE_FOLLOW raw_lane_x=134.0 lane_x=134.0 filter=stable linear=0.15 angular=-0.10 cw_y=195 right_done=False start_turn=False count_turn=0 traffic=None stop=False[0m
[self_driving-10] [0m[INFO] [1782559660.376421266] [self_driving]: [OBJECTS] msg_count=30 n=1 names=['crosswalk'][0m
[self_driving-10] [0m[INFO] [1782559660.637602229] [self_driving]: [CROSSWALK_IGNORE] y=10 < th=180[0m
[self_driving-10] [0m[INFO] [1782559660.639950154] [self_driving]: [DEBUG_DRIVE] state=LINE_FOLLOW raw_lane_x=131.0 lane_x=131.0 filter=stable linear=0.15 angular=-0.10 cw_y=10 right_done=False start_turn=False count_turn=0 traffic=None stop=False[0m
[self_driving-10] [0m[INFO] [1782559661.073073747] [self_driving]: [OBJECTS] msg_count=37 n=1 names=['crosswalk'][0m
[self_driving-10] [0m[INFO] [1782559661.176899673] [self_driving]: [CROSSWALK_IGNORE] y=6 < th=180[0m
[self_driving-10] [0m[INFO] [1782559661.179046099] [self_driving]: [DEBUG_DRIVE] state=LINE_FOLLOW raw_lane_x=114.5 lane_x=114.5 filter=stable linear=0.15 angular=0.10 cw_y=6 right_done=False start_turn=False count_turn=0 traffic=None stop=False[0m
[self_driving-10] [0m[INFO] [1782559661.711071246] [self_driving]: [CROSSWALK_IGNORE] y=4 < th=180[0m
[self_driving-10] [0m[INFO] [1782559661.716805246] [self_driving]: [DEBUG_DRIVE] state=LINE_FOLLOW raw_lane_x=135.0 lane_x=135.0 filter=stable linear=0.15 angular=-0.10 cw_y=4 right_done=False start_turn=False count_turn=0 traffic=None stop=False[0m
[self_driving-10] [0m[INFO] [1782559661.776439265] [self_driving]: [OBJECTS] msg_count=43 n=1 names=['crosswalk'][0m
[self_driving-10] [0m[INFO] [1782559661.976418950] [self_driving]: [IMAGE] received count=304 shape=(480, 640, 3) queue=0[0m
[self_driving-10] [0m[INFO] [1782559662.190005413] [self_driving]: [CROSSWALK_SLOW_DONE] return normal speed[0m
[self_driving-10] [0m[INFO] [1782559662.237705098] [self_driving]: [CROSSWALK_IGNORE] y=4 < th=180[0m
[self_driving-10] [0m[INFO] [1782559662.239181209] [self_driving]: [DEBUG_DRIVE] state=LINE_FOLLOW raw_lane_x=135.0 lane_x=135.0 filter=stable linear=0.30 angular=-0.10 cw_y=4 right_done=False start_turn=False count_turn=0 traffic=None stop=False[0m
[self_driving-10] [0m[INFO] [1782559662.440128227] [self_driving]: [OBJECTS] msg_count=49 n=1 names=['crosswalk'][0m
[self_driving-10] [0m[INFO] [1782559662.780994487] [self_driving]: [CROSSWALK_IGNORE] y=3 < th=180[0m
[self_driving-10] [0m[INFO] [1782559662.783856764] [self_driving]: [DEBUG_DRIVE] state=LINE_FOLLOW raw_lane_x=123.0 lane_x=123.0 filter=stable linear=0.30 angular=0.10 cw_y=237 right_done=False start_turn=False count_turn=0 traffic=None stop=False[0m
[self_driving-10] [0m[INFO] [1782559663.051214190] [self_driving]: [CROSSWALK_SLOW] y=237 th=180 confirm=4[0m
[self_driving-10] [0m[INFO] [1782559663.151087338] [self_driving]: [OBJECTS] msg_count=53 n=1 names=['crosswalk'][0m
[self_driving-10] [0m[INFO] [1782559663.325449338] [self_driving]: [DEBUG_DRIVE] state=LINE_FOLLOW raw_lane_x=134.0 lane_x=134.0 filter=stable linear=0.15 angular=-0.10 cw_y=246 right_done=False start_turn=False count_turn=0 traffic=None stop=False[0m
[self_driving-10] [0m[INFO] [1782559663.828377579] [self_driving]: [OBJECTS] msg_count=55 n=1 names=['crosswalk'][0m
[self_driving-10] [0m[INFO] [1782559663.869368171] [self_driving]: [DEBUG_DRIVE] state=LINE_FOLLOW raw_lane_x=127.0 lane_x=127.0 filter=stable linear=0.15 angular=0.10 cw_y=299 right_done=False start_turn=False count_turn=0 traffic=None stop=False[0m
[self_driving-10] [0m[INFO] [1782559663.986895782] [self_driving]: [IMAGE] received count=334 shape=(480, 640, 3) queue=0[0m
[self_driving-10] [0m[INFO] [1782559664.395434374] [self_driving]: [DEBUG_DRIVE] state=LINE_FOLLOW raw_lane_x=135.0 lane_x=135.0 filter=stable linear=0.15 angular=-0.10 cw_y=365 right_done=False start_turn=False count_turn=0 traffic=None stop=False[0m
[self_driving-10] [0m[INFO] [1782559664.540074837] [self_driving]: [OBJECTS] msg_count=57 n=1 names=['crosswalk'][0m
[self_driving-10] [0m[INFO] [1782559664.938687448] [self_driving]: [DEBUG_DRIVE] state=LINE_FOLLOW raw_lane_x=124.5 lane_x=124.5 filter=stable linear=0.15 angular=0.10 cw_y=437 right_done=False start_turn=False count_turn=0 traffic=None stop=False[0m
[self_driving-10] [0m[INFO] [1782559665.455004874] [self_driving]: [DEBUG_DRIVE] state=LINE_FOLLOW raw_lane_x=130.5 lane_x=130.5 filter=stable linear=0.15 angular=-0.10 cw_y=437 right_done=False start_turn=False count_turn=0 traffic=None stop=False[0m
[self_driving-10] [0m[INFO] [1782559665.580683633] [self_driving]: [OBJECTS] msg_count=60 n=1 names=['crosswalk'][0m
[self_driving-10] [0m[INFO] [1782559665.743811577] [self_driving]: [CROSSWALK_SLOW_DONE] return normal speed[0m
[self_driving-10] [0m[INFO] [1782559666.006855485] [self_driving]: [IMAGE] received count=364 shape=(480, 640, 3) queue=0[0m
[self_driving-10] [0m[INFO] [1782559666.017311911] [self_driving]: [CROSSWALK_SLOW] y=399 th=180 confirm=4[0m
[self_driving-10] [0m[INFO] [1782559666.018421540] [self_driving]: [DEBUG_DRIVE] state=LINE_FOLLOW raw_lane_x=145.0 lane_x=145.0 filter=stable linear=0.15 angular=-0.10 cw_y=399 right_done=False start_turn=False count_turn=0 traffic=None stop=False[0m
[self_driving-10] [0m[INFO] [1782559666.250417966] [self_driving]: [OBJECTS] msg_count=62 n=1 names=['crosswalk'][0m
[self_driving-10] [0m[INFO] [1782559666.546677540] [self_driving]: [DEBUG_DRIVE] state=LINE_FOLLOW raw_lane_x=134.5 lane_x=134.5 filter=stable linear=0.15 angular=-0.10 cw_y=460 right_done=False start_turn=False count_turn=0 traffic=None stop=False[0m
[self_driving-10] [0m[INFO] [1782559667.090644262] [self_driving]: [DEBUG_DRIVE] state=LINE_FOLLOW raw_lane_x=135.5 lane_x=135.5 filter=stable linear=0.15 angular=-0.10 cw_y=460 right_done=False start_turn=False count_turn=0 traffic=None stop=False[0m
[self_driving-10] [0m[INFO] [1782559667.629267502] [self_driving]: [DEBUG_DRIVE] state=LINE_FOLLOW raw_lane_x=130.0 lane_x=130.0 filter=stable linear=0.15 angular=0.00 cw_y=460 right_done=False start_turn=False count_turn=0 traffic=None stop=False[0m
[self_driving-10] [0m[INFO] [1782559668.018678557] [self_driving]: [IMAGE] received count=394 shape=(480, 640, 3) queue=0[0m
[self_driving-10] [0m[INFO] [1782559668.158533057] [self_driving]: [DEBUG_DRIVE] state=LINE_FOLLOW raw_lane_x=127.5 lane_x=127.5 filter=stable linear=0.15 angular=-0.10 cw_y=460 right_done=False start_turn=False count_turn=0 traffic=None stop=False[0m
[self_driving-10] [0m[INFO] [1782559668.589716798] [self_driving]: [OBJECTS] msg_count=63 n=1 names=['crosswalk'][0m
[self_driving-10] [0m[INFO] [1782559668.699390150] [self_driving]: [CROSSWALK_SLOW_DONE] return normal speed[0m
[self_driving-10] [0m[INFO] [1782559668.702322816] [self_driving]: [DEBUG_DRIVE] state=LINE_FOLLOW raw_lane_x=130.5 lane_x=130.5 filter=stable linear=0.15 angular=-0.10 cw_y=333 right_done=False start_turn=False count_turn=0 traffic=None stop=False[0m
[self_driving-10] [0m[INFO] [1782559668.985212853] [self_driving]: [CROSSWALK_SLOW] y=333 th=180 confirm=4[0m
[self_driving-10] [0m[INFO] [1782559669.245589649] [self_driving]: [DEBUG_DRIVE] state=LINE_FOLLOW raw_lane_x=145.0 lane_x=145.0 filter=stable linear=0.15 angular=-0.10 cw_y=333 right_done=False start_turn=False count_turn=0 traffic=None stop=False[0m
[self_driving-10] [0m[INFO] [1782559669.775292279] [self_driving]: [DEBUG_DRIVE] state=LINE_FOLLOW raw_lane_x=202.0 lane_x=202.0 filter=stable linear=0.15 angular=-0.45 cw_y=333 right_done=False start_turn=False count_turn=1 traffic=None stop=False[0m
[self_driving-10] [0m[INFO] [1782559670.042091816] [self_driving]: [IMAGE] received count=424 shape=(480, 640, 3) queue=0[0m
[self_driving-10] [0m[INFO] [1782559670.319701482] [self_driving]: [DEBUG_DRIVE] state=LINE_FOLLOW raw_lane_x=203.5 lane_x=203.5 filter=stable linear=0.15 angular=-0.45 cw_y=333 right_done=False start_turn=False count_turn=1 traffic=None stop=False[0m
[self_driving-10] [33m[WARN] [1782559670.783114389] [self_driving]: [LANE_X_JUMP_REJECT] raw=121.5 last=302.0 diff=180.5 candidate=121.5 cnt=1/4[0m
[self_driving-10] [0m[INFO] [1782559670.844570463] [self_driving]: [DEBUG_DRIVE] state=LINE_FOLLOW raw_lane_x=125.5 lane_x=302.0 filter=jump_reject linear=0.15 angular=-0.45 cw_y=333 right_done=False start_turn=True count_turn=3 traffic=None stop=False[0m
[self_driving-10] [0m[INFO] [1782559670.992313482] [self_driving]: [LANE_X_JUMP_ACCEPT] raw=135.0 last=135.0 cnt=4/4[0m
[self_driving-10] [0m[INFO] [1782559671.397235352] [self_driving]: [DEBUG_DRIVE] state=LINE_FOLLOW raw_lane_x=219.0 lane_x=219.0 filter=stable linear=0.15 angular=-0.45 cw_y=333 right_done=False start_turn=True count_turn=2 traffic=None stop=False[0m
[self_driving-10] [0m[INFO] [1782559671.667102815] [self_driving]: [CROSSWALK_SLOW_DONE] return normal speed[0m
[self_driving-10] [0m[INFO] [1782559671.923403907] [self_driving]: [CROSSWALK_SLOW] y=333 th=180 confirm=4[0m
[self_driving-10] [0m[INFO] [1782559671.924457592] [self_driving]: [DEBUG_DRIVE] state=LINE_FOLLOW raw_lane_x=301.0 lane_x=301.0 filter=stable linear=0.15 angular=-0.45 cw_y=333 right_done=False start_turn=True count_turn=10 traffic=None stop=False[0m
[self_driving-10] [0m[INFO] [1782559672.060866222] [self_driving]: [IMAGE] received count=454 shape=(480, 640, 3) queue=0[0m
[self_driving-10] [0m[INFO] [1782559672.448909184] [self_driving]: [DEBUG_DRIVE] state=LINE_FOLLOW raw_lane_x=282.0 lane_x=282.0 filter=stable linear=0.15 angular=-0.45 cw_y=333 right_done=False start_turn=True count_turn=18 traffic=None stop=False[0m
[self_driving-10] [0m[INFO] [1782559673.015139443] [self_driving]: [DEBUG_DRIVE] state=LINE_FOLLOW raw_lane_x=269.0 lane_x=269.0 filter=stable linear=0.15 angular=-0.45 cw_y=333 right_done=False start_turn=True count_turn=26 traffic=None stop=False[0m
[self_driving-10] [0m[INFO] [1782559673.542645480] [self_driving]: [DEBUG_DRIVE] state=LINE_FOLLOW raw_lane_x=256.5 lane_x=256.5 filter=stable linear=0.15 angular=-0.45 cw_y=333 right_done=False start_turn=True count_turn=34 traffic=None stop=False[0m
[self_driving-10] [0m[INFO] [1782559673.960549424] [self_driving]: [OBJECTS] msg_count=64 n=1 names=['go'][0m
[self_driving-10] [0m[INFO] [1782559674.072697202] [self_driving]: [IMAGE] received count=484 shape=(480, 640, 3) queue=0[0m
[self_driving-10] [0m[INFO] [1782559674.078461776] [self_driving]: [CROSSWALK_IGNORE] y=175 < th=180[0m
[self_driving-10] [0m[INFO] [1782559674.079721443] [self_driving]: [DEBUG_DRIVE] state=LINE_FOLLOW raw_lane_x=147.5 lane_x=147.5 filter=stable linear=0.15 angular=-0.10 cw_y=175 right_done=False start_turn=False count_turn=0 traffic=None stop=False[0m
[self_driving-10] [0m[INFO] [1782559674.607472239] [self_driving]: [CROSSWALK_IGNORE] y=177 < th=180[0m
[self_driving-10] [0m[INFO] [1782559674.609238646] [self_driving]: [CROSSWALK_SLOW_DONE] return normal speed[0m
[self_driving-10] [0m[INFO] [1782559674.610133350] [self_driving]: [DEBUG_DRIVE] state=LINE_FOLLOW raw_lane_x=134.0 lane_x=134.0 filter=stable linear=0.15 angular=-0.10 cw_y=177 right_done=False start_turn=False count_turn=0 traffic=None stop=False[0m
[self_driving-10] [0m[INFO] [1782559674.646661776] [self_driving]: [OBJECTS] msg_count=70 n=1 names=['crosswalk'][0m
[self_driving-10] [0m[INFO] [1782559675.147162868] [self_driving]: [CROSSWALK_IGNORE] y=177 < th=180[0m
[self_driving-10] [0m[INFO] [1782559675.150651368] [self_driving]: [DEBUG_DRIVE] state=LINE_FOLLOW raw_lane_x=126.5 lane_x=126.5 filter=stable linear=0.30 angular=0.10 cw_y=177 right_done=False start_turn=False count_turn=0 traffic=None stop=False[0m
[self_driving-10] [0m[INFO] [1782559675.313107090] [self_driving]: [OBJECTS] msg_count=76 n=1 names=['go'][0m
[self_driving-10] [0m[INFO] [1782559675.671581960] [self_driving]: [DEBUG_DRIVE] state=LINE_FOLLOW raw_lane_x=139.0 lane_x=139.0 filter=stable linear=0.30 angular=-0.10 cw_y=0 right_done=False start_turn=False count_turn=0 traffic=None stop=False[0m
[self_driving-10] [0m[INFO] [1782559675.679050831] [self_driving]: [TRAFFIC_CANDIDATE] name=red valid=False cx=485 cy=76 area=195 score=0.33 min_area=800[0m
[self_driving-10] [0m[INFO] [1782559676.000516460] [self_driving]: [OBJECTS] msg_count=82 n=1 names=['go'][0m
[self_driving-10] [0m[INFO] [1782559676.073061997] [self_driving]: [IMAGE] received count=514 shape=(480, 640, 3) queue=0[0m
[self_driving-10] [0m[INFO] [1782559676.222608201] [self_driving]: [CROSSWALK_SLOW] y=182 th=180 confirm=4[0m
[self_driving-10] [0m[INFO] [1782559676.223343645] [self_driving]: [DEBUG_DRIVE] state=LINE_FOLLOW raw_lane_x=136.5 lane_x=136.5 filter=stable linear=0.15 angular=-0.10 cw_y=182 right_done=False start_turn=False count_turn=0 traffic=None stop=False[0m
[self_driving-10] [0m[INFO] [1782559676.665500386] [self_driving]: [OBJECTS] msg_count=85 n=1 names=['crosswalk'][0m
[self_driving-10] [0m[INFO] [1782559676.759083386] [self_driving]: [DEBUG_DRIVE] state=LINE_FOLLOW raw_lane_x=133.5 lane_x=133.5 filter=stable linear=0.15 angular=-0.10 cw_y=191 right_done=False start_turn=False count_turn=0 traffic=None stop=False[0m
[self_driving-10] [0m[INFO] [1782559677.018155163] [self_driving]: [TRAFFIC_CANDIDATE] name=red valid=False cx=536 cy=53 area=324 score=0.29 min_area=800[0m
[self_driving-10] [0m[INFO] [1782559677.292789978] [self_driving]: [DEBUG_DRIVE] state=LINE_FOLLOW raw_lane_x=135.0 lane_x=135.0 filter=stable linear=0.15 angular=-0.10 cw_y=0 right_done=False start_turn=False count_turn=0 traffic=None stop=False[0m
[self_driving-10] [0m[INFO] [1782559677.331986737] [self_driving]: [OBJECTS] msg_count=92 n=1 names=['go'][0m
[self_driving-10] [0m[INFO] [1782559677.705510348] [self_driving]: [TRAFFIC_CANDIDATE] name=red valid=False cx=575 cy=41 area=506 score=0.75 min_area=800[0m
[self_driving-10] [0m[INFO] [1782559677.832068033] [self_driving]: [DEBUG_DRIVE] state=LINE_FOLLOW raw_lane_x=131.5 lane_x=131.5 filter=stable linear=0.15 angular=-0.10 cw_y=0 right_done=False start_turn=False count_turn=0 traffic=None stop=False[0m
[self_driving-10] [0m[INFO] [1782559678.038790311] [self_driving]: [OBJECTS] msg_count=100 n=1 names=['crosswalk'][0m
[self_driving-10] [0m[INFO] [1782559678.106924385] [self_driving]: [IMAGE] received count=544 shape=(480, 640, 3) queue=0[0m
[self_driving-10] [0m[INFO] [1782559678.372839181] [self_driving]: [DEBUG_DRIVE] state=LINE_FOLLOW raw_lane_x=107.5 lane_x=107.5 filter=stable linear=0.15 angular=0.10 cw_y=0 right_done=False start_turn=False count_turn=0 traffic=None stop=False[0m
[self_driving-10] [0m[INFO] [1782559678.390612940] [self_driving]: [TRAFFIC_CANDIDATE] name=red valid=False cx=599 cy=37 area=625 score=0.73 min_area=800[0m
[self_driving-10] [0m[INFO] [1782559678.721626959] [self_driving]: [OBJECTS] msg_count=108 n=1 names=['crosswalk'][0m
[self_driving-10] [0m[INFO] [1782559678.777180273] [self_driving]: [TRAFFIC_RED_STOP] area=868 cw_y=0[0m
[self_driving-10] [33m[WARN] [1782559678.777988903] [self_driving]: [STOP_HOLD] raw_lane_x=130.0 lane_x=130.0 filter=stable stop=True state=LINE_FOLLOW safe_linear=0.00 cw_y=0 traffic=red right_ready=False right_done=False[0m
[self_driving-10] [0m[INFO] [1782559678.855655477] [self_driving]: [TRAFFIC_RED_STOP] area=868 cw_y=0[0m
[self_driving-10] [0m[INFO] [1782559678.900394662] [self_driving]: [TRAFFIC_RED_STOP] area=868 cw_y=0[0m
[self_driving-10] [0m[INFO] [1782559678.901187421] [self_driving]: [DEBUG_DRIVE] state=LINE_FOLLOW raw_lane_x=133.5 lane_x=133.5 filter=stable linear=0.30 angular=0.00 cw_y=0 right_done=False start_turn=False count_turn=0 traffic=red stop=True[0m
[self_driving-10] [0m[INFO] [1782559678.965128810] [self_driving]: [TRAFFIC_RED_STOP] area=868 cw_y=0[0m
[self_driving-10] [0m[INFO] [1782559679.055510366] [self_driving]: [TRAFFIC_RED_STOP] area=868 cw_y=0[0m
[self_driving-10] [0m[INFO] [1782559679.064790699] [self_driving]: [TRAFFIC_CLEAR] no valid red/green in current object msg -> clear stale traffic[0m
[self_driving-10] [0m[INFO] [1782559679.065267884] [self_driving]: [TRAFFIC_CLEAR_STOP] clear stale red stop -> resume slow/line follow[0m
[self_driving-10] [0m[INFO] [1782559679.130528810] [self_driving]: [CROSSWALK_SLOW_DONE] return normal speed[0m
[self_driving-10] [0m[INFO] [1782559679.395422088] [self_driving]: [OBJECTS] msg_count=114 n=1 names=['crosswalk'][0m
[self_driving-10] [0m[INFO] [1782559679.460810588] [self_driving]: [DEBUG_DRIVE] state=LINE_FOLLOW raw_lane_x=139.0 lane_x=139.0 filter=stable linear=0.30 angular=-0.10 cw_y=470 right_done=False start_turn=False count_turn=0 traffic=None stop=False[0m
[self_driving-10] [0m[INFO] [1782559679.640254699] [self_driving]: [CROSSWALK_SLOW] y=470 th=180 confirm=4[0m
[self_driving-10] [0m[INFO] [1782559679.988773217] [self_driving]: [DEBUG_DRIVE] state=LINE_FOLLOW raw_lane_x=134.0 lane_x=134.0 filter=stable linear=0.15 angular=-0.10 cw_y=0 right_done=False start_turn=False count_turn=0 traffic=None stop=False[0m
[self_driving-10] [0m[INFO] [1782559680.076498698] [self_driving]: [OBJECTS] msg_count=119 n=1 names=['crosswalk'][0m
[self_driving-10] [0m[INFO] [1782559680.114631402] [self_driving]: [IMAGE] received count=574 shape=(480, 640, 3) queue=0[0m
[self_driving-10] [0m[INFO] [1782559680.529447420] [self_driving]: [DEBUG_DRIVE] state=LINE_FOLLOW raw_lane_x=140.0 lane_x=140.0 filter=stable linear=0.15 angular=-0.10 cw_y=0 right_done=False start_turn=False count_turn=0 traffic=None stop=False[0m
[self_driving-10] [0m[INFO] [1782559680.735529661] [self_driving]: [OBJECTS] msg_count=123 n=1 names=['go'][0m
[self_driving-10] [0m[INFO] [1782559681.059605513] [self_driving]: [DEBUG_DRIVE] state=LINE_FOLLOW raw_lane_x=122.5 lane_x=122.5 filter=stable linear=0.15 angular=0.10 cw_y=275 right_done=False start_turn=False count_turn=0 traffic=None stop=False[0m
[self_driving-10] [0m[INFO] [1782559681.390103994] [self_driving]: [OBJECTS] msg_count=125 n=1 names=['crosswalk'][0m
[self_driving-10] [0m[INFO] [1782559681.596923698] [self_driving]: [DEBUG_DRIVE] state=LINE_FOLLOW raw_lane_x=139.0 lane_x=139.0 filter=stable linear=0.15 angular=-0.10 cw_y=0 right_done=False start_turn=False count_turn=0 traffic=None stop=False[0m
[self_driving-10] [0m[INFO] [1782559682.073598308] [self_driving]: [OBJECTS] msg_count=128 n=1 names=['crosswalk'][0m
[self_driving-10] [0m[INFO] [1782559682.140480123] [self_driving]: [IMAGE] received count=604 shape=(480, 640, 3) queue=0[0m
[self_driving-10] [0m[INFO] [1782559682.148737586] [self_driving]: [DEBUG_DRIVE] state=LINE_FOLLOW raw_lane_x=124.0 lane_x=124.0 filter=stable linear=0.15 angular=0.10 cw_y=0 right_done=False start_turn=False count_turn=0 traffic=None stop=False[0m
[self_driving-10] [0m[INFO] [1782559682.326280845] [self_driving]: [CROSSWALK_SLOW_DONE] return normal speed[0m
[self_driving-10] [0m[INFO] [1782559682.661083160] [self_driving]: [DEBUG_DRIVE] state=LINE_FOLLOW raw_lane_x=136.5 lane_x=136.5 filter=stable linear=0.30 angular=-0.10 cw_y=0 right_done=False start_turn=False count_turn=0 traffic=None stop=False[0m
[self_driving-10] [0m[INFO] [1782559682.729786771] [self_driving]: [OBJECTS] msg_count=132 n=1 names=['crosswalk'][0m
[self_driving-10] [0m[INFO] [1782559682.927534530] [self_driving]: [CROSSWALK_SLOW] y=426 th=180 confirm=4[0m
[self_driving-10] [0m[INFO] [1782559683.210046326] [self_driving]: [DEBUG_DRIVE] state=LINE_FOLLOW raw_lane_x=127.5 lane_x=127.5 filter=stable linear=0.15 angular=0.10 cw_y=454 right_done=False start_turn=False count_turn=0 traffic=None stop=False[0m
[self_driving-10] [0m[INFO] [1782559683.776992011] [self_driving]: [DEBUG_DRIVE] state=LINE_FOLLOW raw_lane_x=130.5 lane_x=130.5 filter=stable linear=0.15 angular=0.10 cw_y=454 right_done=False start_turn=False count_turn=0 traffic=None stop=False[0m
[self_driving-10] [0m[INFO] [1782559684.087506103] [self_driving]: [OBJECTS] msg_count=134 n=1 names=['crosswalk'][0m
[self_driving-10] [0m[INFO] [1782559684.144078233] [self_driving]: [IMAGE] received count=634 shape=(480, 640, 3) queue=0[0m
[self_driving-10] [0m[INFO] [1782559684.291810566] [self_driving]: [DEBUG_DRIVE] state=LINE_FOLLOW raw_lane_x=129.0 lane_x=129.0 filter=stable linear=0.15 angular=0.10 cw_y=325 right_done=False start_turn=False count_turn=0 traffic=None stop=False[0m
[self_driving-10] [0m[INFO] [1782559684.811871436] [self_driving]: [DEBUG_DRIVE] state=LINE_FOLLOW raw_lane_x=141.0 lane_x=141.0 filter=stable linear=0.15 angular=-0.10 cw_y=325 right_done=False start_turn=False count_turn=0 traffic=None stop=False[0m
[self_driving-10] [0m[INFO] [1782559685.352161177] [self_driving]: [DEBUG_DRIVE] state=LINE_FOLLOW raw_lane_x=165.0 lane_x=165.0 filter=stable linear=0.15 angular=-0.10 cw_y=325 right_done=False start_turn=False count_turn=0 traffic=None stop=False[0m
[self_driving-10] [0m[INFO] [1782559685.618590269] [self_driving]: [CROSSWALK_SLOW_DONE] return normal speed[0m
[self_driving-10] [0m[INFO] [1782559685.898078306] [self_driving]: [CROSSWALK_SLOW] y=325 th=180 confirm=4[0m
[self_driving-10] [0m[INFO] [1782559685.898812973] [self_driving]: [DEBUG_DRIVE] state=LINE_FOLLOW raw_lane_x=219.5 lane_x=219.5 filter=stable linear=0.15 angular=-0.45 cw_y=325 right_done=False start_turn=False count_turn=3 traffic=None stop=False[0m
[self_driving-10] [0m[INFO] [1782559686.153043565] [self_driving]: [IMAGE] received count=664 shape=(480, 640, 3) queue=0[0m
[self_driving-10] [33m[WARN] [1782559686.160102380] [self_driving]: [LANE_X_JUMP_REJECT] raw=128.5 last=263.0 diff=134.5 candidate=128.5 cnt=1/4[0m
[self_driving-10] [0m[INFO] [1782559686.374733954] [self_driving]: [LANE_X_JUMP_ACCEPT] raw=152.0 last=152.0 cnt=4/4[0m
[self_driving-10] [0m[INFO] [1782559686.451763454] [self_driving]: [DEBUG_DRIVE] state=LINE_FOLLOW raw_lane_x=142.5 lane_x=142.5 filter=stable linear=0.15 angular=0.00 cw_y=325 right_done=False start_turn=True count_turn=0 traffic=None stop=False[0m
[self_driving-10] [0m[INFO] [1782559686.989339805] [self_driving]: [DEBUG_DRIVE] state=LINE_FOLLOW raw_lane_x=257.0 lane_x=257.0 filter=stable linear=0.15 angular=-0.45 cw_y=325 right_done=False start_turn=True count_turn=3 traffic=None stop=False[0m
[self_driving-10] [33m[WARN] [1782559687.175755824] [self_driving]: [LANE_X_JUMP_REJECT] raw=159.5 last=306.5 diff=147.0 candidate=159.5 cnt=1/4[0m
[self_driving-10] [0m[INFO] [1782559687.522163064] [self_driving]: [DEBUG_DRIVE] state=LINE_FOLLOW raw_lane_x=234.0 lane_x=234.0 filter=stable linear=0.15 angular=-0.45 cw_y=325 right_done=False start_turn=True count_turn=11 traffic=None stop=False[0m
[self_driving-10] [0m[INFO] [1782559688.036848638] [self_driving]: [DEBUG_DRIVE] state=LINE_FOLLOW raw_lane_x=272.5 lane_x=272.5 filter=stable linear=0.15 angular=-0.45 cw_y=325 right_done=False start_turn=True count_turn=19 traffic=None stop=False[0m
[self_driving-10] [0m[INFO] [1782559688.172350231] [self_driving]: [IMAGE] received count=694 shape=(480, 640, 3) queue=0[0m
[self_driving-10] [0m[INFO] [1782559688.577542119] [self_driving]: [CROSSWALK_SLOW_DONE] return normal speed[0m
[self_driving-10] [0m[INFO] [1782559688.579041101] [self_driving]: [DEBUG_DRIVE] state=LINE_FOLLOW raw_lane_x=295.0 lane_x=295.0 filter=stable linear=0.15 angular=-0.45 cw_y=325 right_done=False start_turn=True count_turn=27 traffic=None stop=False[0m
[self_driving-10] [0m[INFO] [1782559688.864875101] [self_driving]: [CROSSWALK_SLOW] y=325 th=180 confirm=4[0m
[self_driving-10] [0m[INFO] [1782559689.134071249] [self_driving]: [DEBUG_DRIVE] state=LINE_FOLLOW raw_lane_x=313.0 lane_x=313.0 filter=stable linear=0.15 angular=-0.45 cw_y=325 right_done=False start_turn=True count_turn=35 traffic=None stop=False[0m
[self_driving-10] [0m[INFO] [1782559689.372377730] [self_driving]: [OBJECTS] msg_count=135 n=1 names=['right'][0m
[self_driving-10] [0m[INFO] [1782559689.373540008] [self_driving]: [RIGHT_CANDIDATE] valid=False reject=['small_area'] cnt=0 cx=607 cy=122 area=783 score=0.78 done=False[0m
[self_driving-10] [0m[INFO] [1782559689.666777359] [self_driving]: [DEBUG_DRIVE] state=LINE_FOLLOW raw_lane_x=195.0 lane_x=195.0 filter=stable linear=0.15 angular=-0.10 cw_y=0 right_done=False start_turn=False count_turn=0 traffic=None stop=False[0m
[self_driving-10] [0m[INFO] [1782559689.696739785] [self_driving]: [RIGHT_CANDIDATE] valid=False reject=['small_area'] cnt=0 cx=498 cy=124 area=690 score=0.79 done=False[0m
[self_driving-10] [0m[INFO] [1782559690.039616693] [self_driving]: [OBJECTS] msg_count=139 n=1 names=['crosswalk'][0m
[self_driving-10] [0m[INFO] [1782559690.192384748] [self_driving]: [IMAGE] received count=724 shape=(480, 640, 3) queue=0[0m
[self_driving-10] [0m[INFO] [1782559690.203464711] [self_driving]: [DEBUG_DRIVE] state=LINE_FOLLOW raw_lane_x=134.5 lane_x=134.5 filter=stable linear=0.15 angular=0.10 cw_y=185 right_done=False start_turn=False count_turn=0 traffic=None stop=False[0m
[self_driving-10] [0m[INFO] [1782559690.700042822] [self_driving]: [OBJECTS] msg_count=143 n=1 names=['crosswalk'][0m
[self_driving-10] [0m[INFO] [1782559690.748525211] [self_driving]: [DEBUG_DRIVE] state=LINE_FOLLOW raw_lane_x=123.5 lane_x=123.5 filter=stable linear=0.15 angular=0.10 cw_y=186 right_done=False start_turn=False count_turn=0 traffic=None stop=False[0m
[self_driving-10] [0m[INFO] [1782559691.036485229] [self_driving]: [RIGHT_CANDIDATE] valid=False reject=['small_area'] cnt=0 cx=207 cy=118 area=1189 score=0.85 done=False[0m
[self_driving-10] [0m[INFO] [1782559691.261805377] [self_driving]: [DEBUG_DRIVE] state=LINE_FOLLOW raw_lane_x=139.0 lane_x=139.0 filter=stable linear=0.15 angular=-0.10 cw_y=186 right_done=False start_turn=False count_turn=0 traffic=None stop=False[0m
[self_driving-10] [0m[INFO] [1782559691.375870099] [self_driving]: [OBJECTS] msg_count=148 n=1 names=['crosswalk'][0m
[self_driving-10] [0m[INFO] [1782559691.534181840] [self_driving]: [CROSSWALK_SLOW_DONE] return normal speed[0m
[self_driving-10] [0m[INFO] [1782559691.713378099] [self_driving]: [RIGHT_CANDIDATE] valid=False reject=['small_area'] cnt=0 cx=179 cy=113 area=1440 score=0.85 done=False[0m
[self_driving-10] [0m[INFO] [1782559691.817638877] [self_driving]: [CROSSWALK_SLOW] y=187 th=180 confirm=4[0m
[self_driving-10] [0m[INFO] [1782559691.818482266] [self_driving]: [DEBUG_DRIVE] state=LINE_FOLLOW raw_lane_x=124.5 lane_x=124.5 filter=stable linear=0.15 angular=0.10 cw_y=187 right_done=False start_turn=False count_turn=0 traffic=None stop=False[0m
[self_driving-10] [0m[INFO] [1782559692.045463395] [self_driving]: [OBJECTS] msg_count=152 n=1 names=['crosswalk'][0m
[self_driving-10] [0m[INFO] [1782559692.047663191] [self_driving]: [RIGHT_CANDIDATE] valid=False reject=['small_area'] cnt=0 cx=174 cy=113 area=1504 score=0.85 done=False[0m
[self_driving-10] [0m[INFO] [1782559692.206003302] [self_driving]: [IMAGE] received count=754 shape=(480, 640, 3) queue=0[0m
[self_driving-10] [0m[INFO] [1782559692.356039061] [self_driving]: [DEBUG_DRIVE] state=LINE_FOLLOW raw_lane_x=130.0 lane_x=130.0 filter=stable linear=0.15 angular=-0.10 cw_y=191 right_done=False start_turn=False count_turn=0 traffic=None stop=False[0m
[self_driving-10] [0m[INFO] [1782559692.405187765] [self_driving]: [RIGHT_CANDIDATE] valid=False reject=['small_area'] cnt=0 cx=180 cy=112 area=1785 score=0.85 done=False[0m
[self_driving-10] [0m[INFO] [1782559692.728664246] [self_driving]: [OBJECTS] msg_count=158 n=1 names=['crosswalk'][0m
[self_driving-10] [0m[INFO] [1782559692.734358413] [self_driving]: [RIGHT_CANDIDATE] valid=False reject=['small_area'] cnt=0 cx=149 cy=110 area=2106 score=0.87 done=False[0m
[self_driving-10] [0m[INFO] [1782559692.891077969] [self_driving]: [DEBUG_DRIVE] state=LINE_FOLLOW raw_lane_x=143.5 lane_x=143.5 filter=stable linear=0.15 angular=-0.10 cw_y=199 right_done=False start_turn=False count_turn=0 traffic=None stop=False[0m
[self_driving-10] [0m[INFO] [1782559693.058632968] [self_driving]: [RIGHT_CANDIDATE] valid=True reject=[] cnt=0 cx=123 cy=106 area=2880 score=0.90 done=False[0m
[self_driving-10] [0m[INFO] [1782559693.394465635] [self_driving]: [OBJECTS] msg_count=164 n=1 names=['crosswalk'][0m
[self_driving-10] [0m[INFO] [1782559693.397064098] [self_driving]: [RIGHT_CANDIDATE] valid=True reject=[] cnt=1 cx=125 cy=104 area=2928 score=0.88 done=False[0m
[self_driving-10] [0m[INFO] [1782559693.397799894] [self_driving]: [RIGHT_READY] cx=125 cy=104 area=2928 score=0.88[0m
[self_driving-10] [0m[INFO] [1782559693.440948894] [self_driving]: [RIGHT_TRIGGER] enter ARROW_SIGNAL lane_x=107.0 raw_lane_x=107.0 filter=stable cw_y=208 candidate={'cx': 125, 'cy': 104, 'area': 2928, 'score': 0.8799999952316284}[0m
[self_driving-10] [0m[INFO] [1782559693.442986690] [self_driving]: [1;36m[FSM] LINE_FOLLOW -> ARROW_SIGNAL[0m[0m
[self_driving-10] [0m[INFO] [1782559693.498318283] [self_driving]: [ARROW_SIGNAL] waiting elapsed=0.06/0.40 direction=right[0m
[self_driving-10] [0m[INFO] [1782559693.729543042] [self_driving]: [RIGHT_CANDIDATE] valid=True reject=[] cnt=0 cx=95 cy=101 area=4032 score=0.84 done=False[0m
[self_driving-10] [0m[INFO] [1782559693.879665357] [self_driving]: [ARROW_SIGNAL] done elapsed=0.44 -> INTERSECTION direction=right[0m
[self_driving-10] [0m[INFO] [1782559693.880178209] [self_driving]: [1;36m[FSM] ARROW_SIGNAL -> INTERSECTION[0m[0m
[self_driving-10] [0m[INFO] [1782559694.026853968] [self_driving]: [RIGHT_TURN] elapsed=0.14 cmd=(0.10,-0.50) lane_x=118.0[0m
[self_driving-10] [0m[INFO] [1782559694.061447431] [self_driving]: [OBJECTS] msg_count=170 n=1 names=['crosswalk'][0m
[self_driving-10] [0m[INFO] [1782559694.065000449] [self_driving]: [RIGHT_CANDIDATE] valid=True reject=[] cnt=1 cx=59 cy=94 area=5330 score=0.84 done=False[0m
[self_driving-10] [0m[INFO] [1782559694.066172449] [self_driving]: [RIGHT_READY] cx=59 cy=94 area=5330 score=0.84[0m
[self_driving-10] [0m[INFO] [1782559694.220018764] [self_driving]: [IMAGE] received count=784 shape=(480, 640, 3) queue=0[0m
[self_driving-10] [0m[INFO] [1782559694.457377838] [self_driving]: [RIGHT_CANDIDATE] valid=True reject=[] cnt=0 cx=24 cy=86 area=4324 score=0.81 done=False[0m
[self_driving-10] [0m[INFO] [1782559694.583029116] [self_driving]: [RIGHT_TURN] elapsed=0.70 cmd=(0.10,-0.50) lane_x=-1[0m
[self_driving-10] [0m[INFO] [1782559694.806257356] [self_driving]: [OBJECTS] msg_count=176 n=1 names=['crosswalk'][0m
[self_driving-10] [0m[INFO] [1782559694.809124338] [self_driving]: [RIGHT_CANDIDATE] valid=True reject=[] cnt=1 cx=17 cy=81 area=3468 score=0.71 done=False[0m
[self_driving-10] [0m[INFO] [1782559694.809893986] [self_driving]: [RIGHT_READY] cx=17 cy=81 area=3468 score=0.71[0m
[self_driving-10] [0m[INFO] [1782559695.113222375] [self_driving]: [RIGHT_TURN] elapsed=1.23 cmd=(0.10,-0.50) lane_x=-1[0m
[self_driving-10] [0m[INFO] [1782559695.142371356] [self_driving]: [RIGHT_CANDIDATE] valid=True reject=[] cnt=0 cx=15 cy=82 area=3030 score=0.67 done=False[0m
[self_driving-10] [0m[INFO] [1782559695.495375634] [self_driving]: [OBJECTS] msg_count=180 n=1 names=['crosswalk'][0m
[self_driving-10] [0m[INFO] [1782559695.651514041] [self_driving]: [RIGHT_TURN] elapsed=1.77 cmd=(0.10,-0.50) lane_x=-1[0m
[self_driving-10] [0m[INFO] [1782559695.710921522] [self_driving]: [RIGHT_TURN] done elapsed=1.83 lane_x=144.0 -> LINE_FOLLOW. . . .[0m
[self_driving-10] [0m[INFO] [1782559695.711418041] [self_driving]: [1;36m[FSM] INTERSECTION -> PARKING[0m[0m
[self_driving-10] [0m[INFO] [1782559695.782821411] [self_driving]: [PARK!!!!] park_action start[0m
[self_driving-10] [33m[WARN] [1782559695.973215041] [self_driving]: [IMAGE] queue full -> drop oldest frame[0m
[self_driving-10] [33m[WARN] [1782559696.042661393] [self_driving]: [IMAGE] queue full -> drop oldest frame[0m
[self_driving-10] [33m[WARN] [1782559696.111002763] [self_driving]: [IMAGE] queue full -> drop oldest frame[0m
[self_driving-10] [0m[INFO] [1782559696.123173578] [self_driving]: [OBJECTS] msg_count=182 n=1 names=['crosswalk'][0m
[self_driving-10] [33m[WARN] [1782559696.187788096] [self_driving]: [IMAGE] queue full -> drop oldest frame[0m
[self_driving-10] [0m[INFO] [1782559696.233830115] [self_driving]: [IMAGE] received count=814 shape=(480, 640, 3) queue=2[0m
[self_driving-10] [33m[WARN] [1782559696.234464170] [self_driving]: [IMAGE] queue full -> drop oldest frame[0m
[self_driving-10] [33m[WARN] [1782559696.320528133] [self_driving]: [IMAGE] queue full -> drop oldest frame[0m
[self_driving-10] [33m[WARN] [1782559696.380906578] [self_driving]: [IMAGE] queue full -> drop oldest frame[0m
[self_driving-10] [33m[WARN] [1782559696.444688096] [self_driving]: [IMAGE] queue full -> drop oldest frame[0m
[self_driving-10] [33m[WARN] [1782559696.512499948] [self_driving]: [IMAGE] queue full -> drop oldest frame[0m
[self_driving-10] [33m[WARN] [1782559696.580614726] [self_driving]: [IMAGE] queue full -> drop oldest frame[0m
[self_driving-10] [33m[WARN] [1782559696.636543355] [self_driving]: [IMAGE] queue full -> drop oldest frame[0m
[self_driving-10] [33m[WARN] [1782559696.720855929] [self_driving]: [IMAGE] queue full -> drop oldest frame[0m
[self_driving-10] [0m[INFO] [1782559696.764305522] [self_driving]: [OBJECTS] msg_count=184 n=1 names=['crosswalk'][0m
[self_driving-10] [33m[WARN] [1782559696.787944374] [self_driving]: [IMAGE] queue full -> drop oldest frame[0m
[self_driving-10] [33m[WARN] [1782559696.845435114] [self_driving]: [IMAGE] queue full -> drop oldest frame[0m
[self_driving-10] [33m[WARN] [1782559696.919789170] [self_driving]: [IMAGE] queue full -> drop oldest frame[0m
[self_driving-10] [33m[WARN] [1782559696.976969911] [self_driving]: [IMAGE] queue full -> drop oldest frame[0m
[self_driving-10] [33m[WARN] [1782559697.052362985] [self_driving]: [IMAGE] queue full -> drop oldest frame[0m
[self_driving-10] [33m[WARN] [1782559697.131451355] [self_driving]: [IMAGE] queue full -> drop oldest frame[0m
[self_driving-10] [33m[WARN] [1782559697.179158466] [self_driving]: [IMAGE] queue full -> drop oldest frame[0m
[self_driving-10] [33m[WARN] [1782559697.245157114] [self_driving]: [IMAGE] queue full -> drop oldest frame[0m
[self_driving-10] [33m[WARN] [1782559697.306255910] [self_driving]: [IMAGE] queue full -> drop oldest frame[0m
[self_driving-10] [33m[WARN] [1782559697.384392966] [self_driving]: [IMAGE] queue full -> drop oldest frame[0m
[self_driving-10] [0m[INFO] [1782559697.389721410] [self_driving]: [OBJECTS] msg_count=186 n=1 names=['crosswalk'][0m
[self_driving-10] [33m[WARN] [1782559697.449345466] [self_driving]: [IMAGE] queue full -> drop oldest frame[0m
[self_driving-10] [33m[WARN] [1782559697.513896595] [self_driving]: [IMAGE] queue full -> drop oldest frame[0m
[self_driving-10] [33m[WARN] [1782559697.586150373] [self_driving]: [IMAGE] queue full -> drop oldest frame[0m
[self_driving-10] [33m[WARN] [1782559697.650808318] [self_driving]: [IMAGE] queue full -> drop oldest frame[0m
[self_driving-10] [0m[INFO] [1782559697.690695503] [self_driving]: [TRAFFIC_CANDIDATE] name=green valid=False cx=100 cy=123 area=374 score=0.37 min_area=800[0m
[self_driving-10] [33m[WARN] [1782559697.722318929] [self_driving]: [IMAGE] queue full -> drop oldest frame[0m
[self_driving-10] [33m[WARN] [1782559697.791156577] [self_driving]: [IMAGE] queue full -> drop oldest frame[0m
[self_driving-10] [33m[WARN] [1782559697.845651817] [self_driving]: [IMAGE] queue full -> drop oldest frame[0m
[self_driving-10] [33m[WARN] [1782559697.926694484] [self_driving]: [IMAGE] queue full -> drop oldest frame[0m
[self_driving-10] [33m[WARN] [1782559697.980006299] [self_driving]: [IMAGE] queue full -> drop oldest frame[0m
[self_driving-10] [33m[WARN] [1782559698.072846540] [self_driving]: [IMAGE] queue full -> drop oldest frame[0m
[self_driving-10] [33m[WARN] [1782559698.128420262] [self_driving]: [IMAGE] queue full -> drop oldest frame[0m
[self_driving-10] [33m[WARN] [1782559698.181065484] [self_driving]: [IMAGE] queue full -> drop oldest frame[0m
[self_driving-10] [0m[INFO] [1782559698.247559854] [self_driving]: [IMAGE] received count=844 shape=(480, 640, 3) queue=2[0m
[self_driving-10] [33m[WARN] [1782559698.251977502] [self_driving]: [IMAGE] queue full -> drop oldest frame[0m
[self_driving-10] [33m[WARN] [1782559698.333654188] [self_driving]: [IMAGE] queue full -> drop oldest frame[0m
[self_driving-10] [33m[WARN] [1782559698.392675391] [self_driving]: [IMAGE] queue full -> drop oldest frame[0m
[self_driving-10] [33m[WARN] [1782559698.474319928] [self_driving]: [IMAGE] queue full -> drop oldest frame[0m
[self_driving-10] [33m[WARN] [1782559698.528630039] [self_driving]: [IMAGE] queue full -> drop oldest frame[0m
[self_driving-10] [33m[WARN] [1782559698.595701928] [self_driving]: [IMAGE] queue full -> drop oldest frame[0m
[self_driving-10] [33m[WARN] [1782559698.682925317] [self_driving]: [IMAGE] queue full -> drop oldest frame[0m
[self_driving-10] [0m[INFO] [1782559698.695993669] [self_driving]: [PARK!!!!] park_action complete -> DONE[0m
[self_driving-10] [0m[INFO] [1782559698.696547447] [self_driving]: [1;36m[FSM] PARKING -> DONE[0m[0m
[self_driving-10] [0m[INFO] [1782559699.587489391] [self_driving]: [OBJECTS] msg_count=188 n=1 names=['crosswalk'][0m
[self_driving-10] [0m[INFO] [1782559700.219897983] [self_driving]: [OBJECTS] msg_count=190 n=1 names=['crosswalk'][0m
[self_driving-10] [0m[INFO] [1782559700.275428094] [self_driving]: [IMAGE] received count=874 shape=(480, 640, 3) queue=0[0m
[self_driving-10] [0m[INFO] [1782559700.863773001] [self_driving]: [OBJECTS] msg_count=192 n=1 names=['crosswalk'][0m
[self_driving-10] [0m[INFO] [1782559701.499381723] [self_driving]: [OBJECTS] msg_count=194 n=1 names=['crosswalk'][0m
[self_driving-10] [0m[INFO] [1782559702.115137333] [self_driving]: [OBJECTS] msg_count=196 n=1 names=['crosswalk'][0m
[self_driving-10] [0m[INFO] [1782559702.282805074] [self_driving]: [IMAGE] received count=904 shape=(480, 640, 3) queue=0[0m
[self_driving-10] [0m[INFO] [1782559703.106862870] [self_driving]: [OBJECTS] msg_count=198 n=1 names=['crosswalk'][0m
[self_driving-10] [0m[INFO] [1782559703.734394018] [self_driving]: [OBJECTS] msg_count=199 n=1 names=['crosswalk'][0m
[self_driving-10] [0m[INFO] [1782559704.300652684] [self_driving]: [IMAGE] received count=934 shape=(480, 640, 3) queue=0[0m
[self_driving-10] [0m[INFO] [1782559706.316078979] [self_driving]: [IMAGE] received count=963 shape=(480, 640, 3) queue=0[0m
[self_driving-10] [0m[INFO] [1782559707.176502534] [self_driving]: [OBJECTS] msg_count=200 n=1 names=['crosswalk'][0m
[self_driving-10] [0m[INFO] [1782559708.340445237] [self_driving]: [IMAGE] received count=988 shape=(480, 640, 3) queue=0[0m
[self_driving-10] [0m[INFO] [1782559709.604742310] [self_driving]: [OBJECTS] msg_count=202 n=1 names=['crosswalk'][0m
[self_driving-10] [0m[INFO] [1782559710.361270717] [self_driving]: [IMAGE] received count=1014 shape=(480, 640, 3) queue=0[0m
[self_driving-10] [0m[INFO] [1782559712.389386605] [self_driving]: [IMAGE] received count=1044 shape=(480, 640, 3) queue=0[0m
[self_driving-10] [0m[INFO] [1782559714.299046474] [self_driving]: [OBJECTS] msg_count=203 n=1 names=['crosswalk'][0m
[self_driving-10] [0m[INFO] [1782559714.417603382] [self_driving]: [IMAGE] received count=1074 shape=(480, 640, 3) queue=0[0m
[self_driving-10] [0m[INFO] [1782559714.972171104] [self_driving]: [OBJECTS] msg_count=204 n=1 names=['crosswalk'][0m
[self_driving-10] [0m[INFO] [1782559716.418096806] [self_driving]: [IMAGE] received count=1104 shape=(480, 640, 3) queue=0[0m
[self_driving-10] [0m[INFO] [1782559718.437272324] [self_driving]: [IMAGE] received count=1134 shape=(480, 640, 3) queue=0[0m
[self_driving-10] [0m[INFO] [1782559720.443292304] [self_driving]: [IMAGE] received count=1164 shape=(480, 640, 3) queue=0[0m
[self_driving-10] [0m[INFO] [1782559722.453894377] [self_driving]: [IMAGE] received count=1194 shape=(480, 640, 3) queue=0[0m
[self_driving-10] [0m[INFO] [1782559723.548750302] [self_driving]: [OBJECTS] msg_count=205 n=1 names=['crosswalk'][0m
[self_driving-10] [0m[INFO] [1782559724.473195672] [self_driving]: [IMAGE] received count=1224 shape=(480, 640, 3) queue=0[0m
[self_driving-10] [0m[INFO] [1782559726.506207115] [self_driving]: [IMAGE] received count=1253 shape=(480, 640, 3) queue=0[0m
[self_driving-10] [0m[INFO] [1782559728.519458781] [self_driving]: [IMAGE] received count=1283 shape=(480, 640, 3) queue=0[0m
[self_driving-10] [0m[INFO] [1782559730.567882224] [self_driving]: [IMAGE] received count=1313 shape=(480, 640, 3) queue=0[0m
[self_driving-10] [0m[INFO] [1782559732.578730612] [self_driving]: [IMAGE] received count=1343 shape=(480, 640, 3) queue=0[0m
[self_driving-10] [0m[INFO] [1782559734.597039518] [self_driving]: [IMAGE] received count=1373 shape=(480, 640, 3) queue=0[0m
[self_driving-10] [0m[INFO] [1782559736.603470387] [self_driving]: [IMAGE] received count=1403 shape=(480, 640, 3) queue=0[0m
