[INFO] [launch]: All log files can be found below /home/ubuntu/.ros/log/2026-06-27-16-00-29-986822-raspberrypi-416786
[INFO] [launch]: Default logging verbosity is set to INFO
[INFO] [ascamera_node-1]: process started with pid [416802]
[INFO] [static_transform_publisher-2]: process started with pid [416804]
[INFO] [static_transform_publisher-3]: process started with pid [416806]
[INFO] [joint_state_publisher-4]: process started with pid [416808]
[INFO] [robot_state_publisher-5]: process started with pid [416810]
[INFO] [ros_robot_controller-6]: process started with pid [416812]
[INFO] [odom_publisher-7]: process started with pid [416820]
[INFO] [ekf_node-8]: process started with pid [416833]
[INFO] [yolo_detect-9]: process started with pid [416835]
[INFO] [self_driving-10]: process started with pid [416838]
[static_transform_publisher-2] [33m[WARN] [1782576030.702878350] []: Old-style arguments are deprecated; see --help for new-style arguments[0m
[static_transform_publisher-2] [0m[INFO] [1782576030.723765350] [static_transform_publisher_wrX3bZTuRpLfqKVv]: Spinning until stopped - publishing transform
[static_transform_publisher-2] translation: ('0.000000', '0.000000', '0.000000')
[static_transform_publisher-2] rotation: ('-0.500000', '0.499602', '-0.500000', '0.500398')
[static_transform_publisher-2] from 'depth_cam' to 'ascamera_camera_link_0'[0m
[static_transform_publisher-3] [33m[WARN] [1782576030.705884442] []: Old-style arguments are deprecated; see --help for new-style arguments[0m
[ascamera_node-1] [0m[INFO] [1782576030.745393868] [as_logger]: hello world angstrong camera ros2 node[0m
[static_transform_publisher-3] [0m[INFO] [1782576030.752253590] [static_transform_publisher_X6BNHY451CbAqePg]: Spinning until stopped - publishing transform
[static_transform_publisher-3] translation: ('0.000000', '0.000000', '0.000000')
[static_transform_publisher-3] rotation: ('-0.500000', '0.499602', '-0.500000', '0.500398')
[static_transform_publisher-3] from 'depth_cam' to 'ascamera_color_0'[0m
[ascamera_node-1] 2026-06-27 16:00:30[INFO] [CameraPublisher.cpp] [1558] [printLaunchParams] get depth_width 640
[ascamera_node-1] 2026-06-27 16:00:30[INFO] [CameraPublisher.cpp] [1559] [printLaunchParams] get depth_height 480
[ascamera_node-1] 2026-06-27 16:00:30[INFO] [CameraPublisher.cpp] [1561] [printLaunchParams] get rgb_width 640
[ascamera_node-1] 2026-06-27 16:00:30[INFO] [CameraPublisher.cpp] [1562] [printLaunchParams] get rgb_height 480
[ascamera_node-1] 2026-06-27 16:00:30[INFO] [CameraPublisher.cpp] [1570] [printLaunchParams] get set_fps 15
[ascamera_node-1] 2026-06-27 16:00:30[INFO] [CameraPublisher.cpp] [1578] [printLaunchParams] get color_pcl 1
[ascamera_node-1] 2026-06-27 16:00:30[INFO] [CameraPublisher.cpp] [1582] [printLaunchParams] get pub_tfTree 1
[ascamera_node-1] 2026-06-27 16:00:30[INFO] [CameraSrv.cpp] [35] [CameraSrv] Angstrong camera server
[ascamera_node-1] 2026-06-27 16:00:30[INFO] [CameraSrv.cpp] [45] [CameraSrv] Angstrong camera sdk version:v1.2.22.20240516
[robot_state_publisher-5] [0m[INFO] [1782576030.801226887] [robot_state_publisher]: got segment base_footprint[0m
[robot_state_publisher-5] [0m[INFO] [1782576030.803297609] [robot_state_publisher]: got segment base_link[0m
[robot_state_publisher-5] [0m[INFO] [1782576030.803356831] [robot_state_publisher]: got segment depth_cam[0m
[robot_state_publisher-5] [0m[INFO] [1782576030.803381368] [robot_state_publisher]: got segment imu_link[0m
[robot_state_publisher-5] [0m[INFO] [1782576030.803394016] [robot_state_publisher]: got segment lidar_frame[0m
[robot_state_publisher-5] [0m[INFO] [1782576030.803405072] [robot_state_publisher]: got segment wheel_lb_Link[0m
[robot_state_publisher-5] [0m[INFO] [1782576030.803530776] [robot_state_publisher]: got segment wheel_lf_Link[0m
[robot_state_publisher-5] [0m[INFO] [1782576030.803556831] [robot_state_publisher]: got segment wheel_rb_Link[0m
[robot_state_publisher-5] [0m[INFO] [1782576030.803569350] [robot_state_publisher]: got segment wheel_rf_Link[0m
[joint_state_publisher-4] [0m[INFO] [1782576031.556939849] [joint_state_publisher]: Waiting for robot_description to be published on the robot_description topic...[0m
[odom_publisher-7] [0m[INFO] [1782576031.631133108] [odom_publisher]: [1;32m0.930000 1.010000[0m[0m
[odom_publisher-7] [0m[INFO] [1782576031.646703701] [odom_publisher]: [1;32mstart[0m[0m
[ascamera_node-1] 2026-06-27 16:00:31[INFO] [CameraSrv.cpp] [114] [onAttached] attached
[ascamera_node-1] 2026-06-27 16:00:31[INFO] [CameraSrv.cpp] [145] [onAttached] this is a new attach device, create and open it
[ros_robot_controller-6] [0m[INFO] [1782576032.120890071] [ros_robot_controller]: 已设置舵机 1 的偏移量为 0[0m
[ros_robot_controller-6] [0m[INFO] [1782576032.122534275] [ros_robot_controller]: 已设置舵机 2 的偏移量为 0[0m
[ros_robot_controller-6] [0m[INFO] [1782576032.123439386] [ros_robot_controller]: 已设置舵机 3 的偏移量为 4[0m
[ros_robot_controller-6] [0m[INFO] [1782576032.124367497] [ros_robot_controller]: 已设置舵机 4 的偏移量为 0[0m
[ros_robot_controller-6] [0m[INFO] [1782576032.129850904] [ros_robot_controller]: [1;32mstart[0m[0m
[self_driving-10] [0m[INFO] [1782576032.384406978] [self_driving]: [INIT] init_process started[0m
[self_driving-10] [0m[INFO] [1782576032.385003663] [self_driving]: [INIT] only_line_follow=False[0m
[self_driving-10] [0m[INFO] [1782576032.385928034] [self_driving]: [INIT] request /yolov5/start[0m
[ascamera_node-1] 2026-06-27 16:00:32[INFO] [CameraSrv.cpp] [154] [onAttached] get model type 9
[ascamera_node-1] 2026-06-27 16:00:32[INFO] [CameraSrv.cpp] [342] [getConfigFile] get file: /home/ubuntu/third_party_ros2/third_party_ws/src/ascamera/configurationfiles/hp60c_v2_00_20230704_configEncrypt.json
[ascamera_node-1] 2026-06-27 16:00:32[INFO] [CameraPublisher.cpp] [1501] [logCameraPathInfo] usb camera
[ascamera_node-1] 2026-06-27 16:00:32[INFO] [CameraPublisher.cpp] [1502] [logCameraPathInfo] bnum:1
[ascamera_node-1] 2026-06-27 16:00:32[INFO] [CameraPublisher.cpp] [1503] [logCameraPathInfo] dnum:3
[ascamera_node-1] 2026-06-27 16:00:32[INFO] [CameraPublisher.cpp] [1504] [logCameraPathInfo] port_numbers:2
[ascamera_node-1] 2026-06-27 16:00:32[INFO] [CameraPublisher.cpp] [171] [onCameraAttached] create a new publisher info set
[ascamera_node-1] 2026-06-27 16:00:32[INFO] [TfTreeFrameIdInfo.cpp] [11] [TfTreeFrameIdInfo] Namespace /ascamera
[ascamera_node-1] 2026-06-27 16:00:32[INFO] [CameraHp60c.cpp] [128] [open] according to the configuration file.
[ascamera_node-1] 2026-06-27 16:00:32[INFO] [CameraHp60c.cpp] [1528] [parseConfigFileParameter] moduleName:AS_CAM_HP60C
[ascamera_node-1] 2026-06-27 16:00:32[INFO] [CameraHp60c.cpp] [1555] [parseConfigFileParameter] Parsing config file /home/ubuntu/third_party_ros2/third_party_ws/src/ascamera/configurationfiles/hp60c_v2_00_20230704_configEncrypt.json
[ascamera_node-1] 2026-06-27 16:00:32[INFO] [CameraHp60c.cpp] [1620] [parseConfigFileParameter] configuration protocol Version: v2.x
[ascamera_node-1] 2026-06-27 16:00:32[INFO] [CameraHp60c.cpp] [1631] [parseConfigFileParameter] configuration Version: v2.0.0.20230704
[ascamera_node-1] 2026-06-27 16:00:32[INFO] [CameraHp60c.cpp] [1796] [setParamersAfterOpenCam] Camera confiParaEnable true, setting configuration parameter
[self_driving-10] [33m[WARN] [1782576034.389181477] [self_driving]: [YOLO_SERVICE] service not ready, continue without blocking[0m
[ascamera_node-1] 2026-06-27 16:00:34[ERROR] [XuCmdCameraHp60c.cpp] [454] [getMjpegSize] get mjpeg from xu command failed
[ascamera_node-1] 2026-06-27 16:00:34[INFO] [XuCmdCameraHp60c.cpp] [458] [getMjpegSize] mjpeg size:640x480
[ascamera_node-1] 2026-06-27 16:00:34[INFO] [CameraPublisher.cpp] [356] [onCameraOpen] camera opened
[ascamera_node-1] 2026-06-27 16:00:34[INFO] [CameraPublisher.cpp] [370] [onCameraOpen] get config info, ret 0, is_Registration 1
[ascamera_node-1] 2026-06-27 16:00:34[INFO] [Camera.cpp] [61] [init] #camera[0x5555a8622710] SN[ASC60CF08000515]'s firmware version:DLS_VERc20865=:V01.09_2024110714:V01.19_2024110714:L01
[ascamera_node-1] 2026-06-27 16:00:34[INFO] [CameraPublisher.cpp] [1183] [setResolution] set depth resolution: 640 x 480 @ 15fps
[ascamera_node-1] 2026-06-27 16:00:34[INFO] [CameraPublisher.cpp] [1197] [setResolution] set rgb resolution: 640 x 480 @ 15fps
[ascamera_node-1] 2026-06-27 16:00:34[INFO] [CameraHp60c.cpp] [260] [startStreaming] start streaming
[ascamera_node-1] 2026-06-27 16:00:34[INFO] [CameraSrv.cpp] [202] [onAttached] attached end
[self_driving-10] [0m[INFO] [1782576034.890296366] [self_driving]: [INIT] enter + set_running start[0m
[self_driving-10] [0m[INFO] [1782576034.890884514] [self_driving]: [1;32mself driving enter[0m[0m
[self_driving-10] [0m[INFO] [1782576034.898978847] [self_driving]: [SUB] image=/ascamera/camera_publisher/rgb0/image object=/yolov5_ros2/object_detect[0m
[self_driving-10] [0m[INFO] [1782576034.899612995] [self_driving]: [1;32mset_running[0m[0m
[self_driving-10] [0m[INFO] [1782576034.902321440] [self_driving]: [1;32m[START] hybrid self_driving start: auto LINE_FOLLOW[0m[0m
[INFO] [apply_calib-11]: process started with pid [416983]
[INFO] [complementary_filter_node-12]: process started with pid [416985]
[complementary_filter_node-12] [0m[INFO] [1782576035.739437847] [imu_filter]: Starting ComplementaryFilterROS[0m
[ascamera_node-1] 2026-06-27 16:00:35[WARN] [CameraHp60c.cpp] [785] [processRawData] wrong size, read :16161,but framesize:0
[ascamera_node-1] 2026-06-27 16:00:35[WARN] [CameraHp60c.cpp] [785] [processRawData] wrong size, read :261958,but framesize:0
[apply_calib-11] [0m[INFO] [1782576035.778813495] [imu_calib]: Calibrating gyros; do not move the IMU[0m
[ascamera_node-1] 2026-06-27 16:00:35[WARN] [CameraHp60c.cpp] [785] [processRawData] wrong size, read :35036,but framesize:664922017
[ascamera_node-1] 2026-06-27 16:00:35[INFO] [CameraHp60c.cpp] [912] [setInternalParameter] mjpeg info: size(640x480)
[ascamera_node-1] 2026-06-27 16:00:36[INFO] [Camera.cpp] [127] [backgroundThread] SN [ ASC60CF08000515 ]'s parameter:
[ascamera_node-1] 2026-06-27 16:00:36[INFO] [Camera.cpp] [128] [backgroundThread] irfx: 426.962
[ascamera_node-1] 2026-06-27 16:00:36[INFO] [Camera.cpp] [129] [backgroundThread] irfy: 426.374
[ascamera_node-1] 2026-06-27 16:00:36[INFO] [Camera.cpp] [130] [backgroundThread] ircx: 315.403
[ascamera_node-1] 2026-06-27 16:00:36[INFO] [Camera.cpp] [131] [backgroundThread] ircy: 240.933
[ascamera_node-1] 2026-06-27 16:00:36[INFO] [Camera.cpp] [132] [backgroundThread] rgbfx: 570.48
[ascamera_node-1] 2026-06-27 16:00:36[INFO] [Camera.cpp] [133] [backgroundThread] rgbfy: 569.949
[ascamera_node-1] 2026-06-27 16:00:36[INFO] [Camera.cpp] [134] [backgroundThread] rgbcx: 329.75
[ascamera_node-1] 2026-06-27 16:00:36[INFO] [Camera.cpp] [135] [backgroundThread] rgbcy: 238.406
[ascamera_node-1] 
[ascamera_node-1] 2026-06-27 16:00:36[INFO] [CameraHp60c.cpp] [1149] [streamCallback] set gain ret 0, gain 4
[self_driving-10] [0m[INFO] [1782576036.613329587] [self_driving]: [IMAGE] received count=1 shape=(480, 640, 3) queue=0[0m
[self_driving-10] [33m[WARN] [1782576036.783412716] [self_driving]: [IMAGE] queue full -> drop oldest frame[0m
[self_driving-10] [33m[WARN] [1782576036.796571605] [self_driving]: [LANE_LOST] raw_lane_x=-1 lane_x=-1 filter=lost stop=False state=LINE_FOLLOW safe_linear=0.05 right_ready=False right_done=False[0m
[self_driving-10] [0m[INFO] [1782576036.797269939] [self_driving]: [DEBUG_DRIVE] state=LINE_FOLLOW raw_lane_x=-1 lane_x=-1 filter=lost linear=0.30 angular=0.00 cw_y=0 right_done=False start_turn=False count_turn=0 traffic=None stop=False[0m
[self_driving-10] [33m[WARN] [1782576037.325584901] [self_driving]: [LANE_LOST] raw_lane_x=-1 lane_x=-1 filter=lost stop=False state=LINE_FOLLOW safe_linear=0.05 right_ready=False right_done=False[0m
[self_driving-10] [0m[INFO] [1782576037.326318475] [self_driving]: [DEBUG_DRIVE] state=LINE_FOLLOW raw_lane_x=-1 lane_x=-1 filter=lost linear=0.30 angular=0.00 cw_y=0 right_done=False start_turn=False count_turn=0 traffic=None stop=False[0m
[yolo_detect-9] [0m[INFO] [1782576037.770966808] [yolov5_ros2]: Current ROS 2 distribution: humble[0m
[apply_calib-11] [0m[INFO] [1782576037.818778049] [imu_calib]: Gyro calibration complete! (bias = [-0.044, 0.251, 0.085])[0m
[self_driving-10] [33m[WARN] [1782576037.864136605] [self_driving]: [LANE_LOST] raw_lane_x=-1 lane_x=-1 filter=lost stop=False state=LINE_FOLLOW safe_linear=0.05 right_ready=False right_done=False[0m
[self_driving-10] [0m[INFO] [1782576037.864728438] [self_driving]: [DEBUG_DRIVE] state=LINE_FOLLOW raw_lane_x=-1 lane_x=-1 filter=lost linear=0.30 angular=0.00 cw_y=0 right_done=False start_turn=False count_turn=0 traffic=None stop=False[0m
[self_driving-10] [33m[WARN] [1782576038.366524882] [self_driving]: [LANE_LOST] raw_lane_x=-1 lane_x=-1 filter=lost stop=False state=LINE_FOLLOW safe_linear=0.05 right_ready=False right_done=False[0m
[self_driving-10] [0m[INFO] [1782576038.367918827] [self_driving]: [DEBUG_DRIVE] state=LINE_FOLLOW raw_lane_x=-1 lane_x=-1 filter=lost linear=0.30 angular=0.00 cw_y=0 right_done=False start_turn=False count_turn=0 traffic=None stop=False[0m
[self_driving-10] [0m[INFO] [1782576038.622308826] [self_driving]: [IMAGE] received count=31 shape=(480, 640, 3) queue=0[0m
[self_driving-10] [33m[WARN] [1782576038.896066937] [self_driving]: [LANE_LOST] raw_lane_x=-1 lane_x=-1 filter=lost stop=False state=LINE_FOLLOW safe_linear=0.05 right_ready=False right_done=False[0m
[self_driving-10] [0m[INFO] [1782576038.896672289] [self_driving]: [DEBUG_DRIVE] state=LINE_FOLLOW raw_lane_x=-1 lane_x=-1 filter=lost linear=0.30 angular=0.00 cw_y=0 right_done=False start_turn=False count_turn=0 traffic=None stop=False[0m
[self_driving-10] [33m[WARN] [1782576039.424770252] [self_driving]: [LANE_LOST] raw_lane_x=-1 lane_x=-1 filter=lost stop=False state=LINE_FOLLOW safe_linear=0.05 right_ready=False right_done=False[0m
[self_driving-10] [0m[INFO] [1782576039.425321085] [self_driving]: [DEBUG_DRIVE] state=LINE_FOLLOW raw_lane_x=-1 lane_x=-1 filter=lost linear=0.30 angular=0.00 cw_y=0 right_done=False start_turn=False count_turn=0 traffic=None stop=False[0m
[self_driving-10] [0m[INFO] [1782576039.970157733] [self_driving]: [DEBUG_DRIVE] state=LINE_FOLLOW raw_lane_x=-1 lane_x=78.0 filter=hold_last linear=0.30 angular=0.10 cw_y=0 right_done=False start_turn=False count_turn=0 traffic=None stop=False[0m
[self_driving-10] [33m[WARN] [1782576040.157196622] [self_driving]: [LANE_LOST] raw_lane_x=-1 lane_x=-1 filter=lost stop=False state=LINE_FOLLOW safe_linear=0.05 right_ready=False right_done=False[0m
[self_driving-10] [0m[INFO] [1782576040.498878122] [self_driving]: [DEBUG_DRIVE] state=LINE_FOLLOW raw_lane_x=-1 lane_x=-1 filter=lost linear=0.30 angular=0.00 cw_y=0 right_done=False start_turn=False count_turn=0 traffic=None stop=False[0m
[self_driving-10] [0m[INFO] [1782576040.629597418] [self_driving]: [IMAGE] received count=61 shape=(480, 640, 3) queue=0[0m
[self_driving-10] [33m[WARN] [1782576040.702685492] [self_driving]: [LANE_LOST] raw_lane_x=-1 lane_x=-1 filter=lost stop=False state=LINE_FOLLOW safe_linear=0.05 right_ready=False right_done=False[0m
[self_driving-10] [0m[INFO] [1782576041.048129788] [self_driving]: [DEBUG_DRIVE] state=LINE_FOLLOW raw_lane_x=-1 lane_x=-1 filter=lost linear=0.30 angular=0.00 cw_y=0 right_done=False start_turn=False count_turn=0 traffic=None stop=False[0m
[self_driving-10] [33m[WARN] [1782576041.248377954] [self_driving]: [LANE_LOST] raw_lane_x=-1 lane_x=-1 filter=lost stop=False state=LINE_FOLLOW safe_linear=0.05 right_ready=False right_done=False[0m
[self_driving-10] [0m[INFO] [1782576041.574674917] [self_driving]: [DEBUG_DRIVE] state=LINE_FOLLOW raw_lane_x=23.5 lane_x=23.5 filter=stable linear=0.30 angular=0.10 cw_y=0 right_done=False start_turn=False count_turn=0 traffic=None stop=False[0m
[self_driving-10] [33m[WARN] [1782576042.128572602] [self_driving]: [LANE_LOST] raw_lane_x=-1 lane_x=-1 filter=lost stop=False state=LINE_FOLLOW safe_linear=0.05 right_ready=False right_done=False[0m
[self_driving-10] [0m[INFO] [1782576042.132558361] [self_driving]: [DEBUG_DRIVE] state=LINE_FOLLOW raw_lane_x=-1 lane_x=-1 filter=lost linear=0.30 angular=0.00 cw_y=0 right_done=False start_turn=False count_turn=0 traffic=None stop=False[0m
[self_driving-10] [0m[INFO] [1782576042.648804750] [self_driving]: [IMAGE] received count=91 shape=(480, 640, 3) queue=0[0m
[self_driving-10] [33m[WARN] [1782576042.658533398] [self_driving]: [LANE_LOST] raw_lane_x=-1 lane_x=-1 filter=lost stop=False state=LINE_FOLLOW safe_linear=0.05 right_ready=False right_done=False[0m
[self_driving-10] [0m[INFO] [1782576042.659094324] [self_driving]: [DEBUG_DRIVE] state=LINE_FOLLOW raw_lane_x=-1 lane_x=-1 filter=lost linear=0.30 angular=0.00 cw_y=0 right_done=False start_turn=False count_turn=0 traffic=None stop=False[0m
[self_driving-10] [33m[WARN] [1782576043.183145287] [self_driving]: [LANE_LOST] raw_lane_x=-1 lane_x=-1 filter=lost stop=False state=LINE_FOLLOW safe_linear=0.05 right_ready=False right_done=False[0m
[self_driving-10] [0m[INFO] [1782576043.185507435] [self_driving]: [DEBUG_DRIVE] state=LINE_FOLLOW raw_lane_x=-1 lane_x=-1 filter=lost linear=0.30 angular=0.00 cw_y=0 right_done=False start_turn=False count_turn=0 traffic=None stop=False[0m
[self_driving-10] [33m[WARN] [1782576043.723972046] [self_driving]: [LANE_LOST] raw_lane_x=-1 lane_x=-1 filter=lost stop=False state=LINE_FOLLOW safe_linear=0.05 right_ready=False right_done=False[0m
[self_driving-10] [0m[INFO] [1782576043.724588583] [self_driving]: [DEBUG_DRIVE] state=LINE_FOLLOW raw_lane_x=-1 lane_x=-1 filter=lost linear=0.30 angular=0.00 cw_y=0 right_done=False start_turn=False count_turn=0 traffic=None stop=False[0m
[self_driving-10] [0m[INFO] [1782576044.274242008] [self_driving]: [DEBUG_DRIVE] state=LINE_FOLLOW raw_lane_x=41.5 lane_x=41.5 filter=stable linear=0.30 angular=0.10 cw_y=0 right_done=False start_turn=False count_turn=0 traffic=None stop=False[0m
[self_driving-10] [0m[INFO] [1782576044.661574175] [self_driving]: [IMAGE] received count=121 shape=(480, 640, 3) queue=0[0m
[self_driving-10] [0m[INFO] [1782576044.815038897] [self_driving]: [DEBUG_DRIVE] state=LINE_FOLLOW raw_lane_x=-1 lane_x=89.5 filter=hold_last linear=0.30 angular=0.10 cw_y=0 right_done=False start_turn=False count_turn=0 traffic=None stop=False[0m
[self_driving-10] [33m[WARN] [1782576045.065456008] [self_driving]: [LANE_LOST] raw_lane_x=-1 lane_x=-1 filter=lost stop=False state=LINE_FOLLOW safe_linear=0.05 right_ready=False right_done=False[0m
[self_driving-10] [0m[INFO] [1782576045.074470063] [self_driving]: [OBJECTS] msg_count=1 n=1 names=['crosswalk'][0m
[self_driving-10] [0m[INFO] [1782576045.339885619] [self_driving]: [CROSSWALK_IGNORE] y=40 < th=180[0m
[self_driving-10] [0m[INFO] [1782576045.343230730] [self_driving]: [DEBUG_DRIVE] state=LINE_FOLLOW raw_lane_x=-1 lane_x=17.5 filter=hold_last linear=0.30 angular=0.10 cw_y=40 right_done=False start_turn=False count_turn=0 traffic=None stop=False[0m
[self_driving-10] [33m[WARN] [1782576045.607987174] [self_driving]: [LANE_LOST] raw_lane_x=-1 lane_x=-1 filter=lost stop=False state=LINE_FOLLOW safe_linear=0.05 right_ready=False right_done=False[0m
[self_driving-10] [0m[INFO] [1782576045.888571859] [self_driving]: [CROSSWALK_IGNORE] y=40 < th=180[0m
[self_driving-10] [0m[INFO] [1782576045.892260841] [self_driving]: [DEBUG_DRIVE] state=LINE_FOLLOW raw_lane_x=-1 lane_x=-1 filter=lost linear=0.30 angular=0.00 cw_y=40 right_done=False start_turn=False count_turn=0 traffic=None stop=False[0m
[self_driving-10] [33m[WARN] [1782576046.154085748] [self_driving]: [LANE_LOST] raw_lane_x=-1 lane_x=-1 filter=lost stop=False state=LINE_FOLLOW safe_linear=0.05 right_ready=False right_done=False[0m
[self_driving-10] [0m[INFO] [1782576046.414899748] [self_driving]: [CROSSWALK_IGNORE] y=40 < th=180[0m
[self_driving-10] [0m[INFO] [1782576046.415921711] [self_driving]: [DEBUG_DRIVE] state=LINE_FOLLOW raw_lane_x=-1 lane_x=-1 filter=lost linear=0.30 angular=0.00 cw_y=40 right_done=False start_turn=False count_turn=0 traffic=None stop=False[0m
[self_driving-10] [33m[WARN] [1782576046.491748414] [self_driving]: [LANE_X_JUMP_REJECT] raw=316.0 last=17.5 diff=298.5 candidate=316.0 cnt=1/4[0m
[self_driving-10] [0m[INFO] [1782576046.607693711] [self_driving]: [OBJECTS] msg_count=3 n=1 names=['crosswalk'][0m
[self_driving-10] [0m[INFO] [1782576046.680221359] [self_driving]: [IMAGE] received count=151 shape=(480, 640, 3) queue=0[0m
[self_driving-10] [33m[WARN] [1782576046.691708155] [self_driving]: [LANE_LOST] raw_lane_x=-1 lane_x=-1 filter=lost stop=False state=LINE_FOLLOW safe_linear=0.05 right_ready=False right_done=False[0m
[self_driving-10] [0m[INFO] [1782576046.946938396] [self_driving]: [CROSSWALK_IGNORE] y=45 < th=180[0m
[self_driving-10] [0m[INFO] [1782576046.949025433] [self_driving]: [DEBUG_DRIVE] state=LINE_FOLLOW raw_lane_x=-1 lane_x=-1 filter=lost linear=0.30 angular=0.00 cw_y=45 right_done=False start_turn=False count_turn=0 traffic=None stop=False[0m
[self_driving-10] [33m[WARN] [1782576047.214219488] [self_driving]: [LANE_LOST] raw_lane_x=-1 lane_x=-1 filter=lost stop=False state=LINE_FOLLOW safe_linear=0.05 right_ready=False right_done=False[0m
[self_driving-10] [0m[INFO] [1782576047.501777395] [self_driving]: [CROSSWALK_IGNORE] y=53 < th=180[0m
[self_driving-10] [0m[INFO] [1782576047.503452414] [self_driving]: [DEBUG_DRIVE] state=LINE_FOLLOW raw_lane_x=-1 lane_x=-1 filter=lost linear=0.30 angular=0.00 cw_y=53 right_done=False start_turn=False count_turn=0 traffic=None stop=False[0m
[self_driving-10] [33m[WARN] [1782576047.772832451] [self_driving]: [LANE_LOST] raw_lane_x=-1 lane_x=-1 filter=lost stop=False state=LINE_FOLLOW safe_linear=0.05 right_ready=False right_done=False[0m
[self_driving-10] [0m[INFO] [1782576048.026352302] [self_driving]: [CROSSWALK_IGNORE] y=53 < th=180[0m
[self_driving-10] [0m[INFO] [1782576048.028653802] [self_driving]: [DEBUG_DRIVE] state=LINE_FOLLOW raw_lane_x=-1 lane_x=-1 filter=lost linear=0.30 angular=0.00 cw_y=53 right_done=False start_turn=False count_turn=0 traffic=None stop=False[0m
[self_driving-10] [0m[INFO] [1782576048.566536246] [self_driving]: [CROSSWALK_IGNORE] y=53 < th=180[0m
[self_driving-10] [0m[INFO] [1782576048.568152950] [self_driving]: [DEBUG_DRIVE] state=LINE_FOLLOW raw_lane_x=216.5 lane_x=216.5 filter=stable linear=0.30 angular=-0.45 cw_y=53 right_done=False start_turn=False count_turn=1 traffic=None stop=False[0m
[self_driving-10] [0m[INFO] [1782576048.685642987] [self_driving]: [IMAGE] received count=181 shape=(480, 640, 3) queue=0[0m
[self_driving-10] [0m[INFO] [1782576048.860124098] [self_driving]: [OBJECTS] msg_count=5 n=1 names=['crosswalk'][0m
[self_driving-10] [0m[INFO] [1782576049.101158079] [self_driving]: [CROSSWALK_SLOW] y=475 th=180 confirm=4[0m
[self_driving-10] [0m[INFO] [1782576049.106144728] [self_driving]: [DEBUG_DRIVE] state=LINE_FOLLOW raw_lane_x=145.5 lane_x=145.5 filter=stable linear=0.15 angular=0.00 cw_y=475 right_done=False start_turn=True count_turn=0 traffic=None stop=False[0m
[self_driving-10] [33m[WARN] [1782576049.236305524] [self_driving]: [LANE_X_JUMP_REJECT] raw=73.5 last=194.5 diff=121.0 candidate=73.5 cnt=1/4[0m
[self_driving-10] [0m[INFO] [1782576049.437390079] [self_driving]: [LANE_X_JUMP_ACCEPT] raw=65.5 last=65.5 cnt=4/4[0m
[self_driving-10] [0m[INFO] [1782576049.634491931] [self_driving]: [OBJECTS] msg_count=7 n=1 names=['crosswalk'][0m
[self_driving-10] [0m[INFO] [1782576049.655339783] [self_driving]: [DEBUG_DRIVE] state=LINE_FOLLOW raw_lane_x=62.5 lane_x=62.5 filter=stable linear=0.15 angular=0.00 cw_y=464 right_done=False start_turn=True count_turn=0 traffic=None stop=False[0m
[self_driving-10] [0m[INFO] [1782576050.173678060] [self_driving]: [DEBUG_DRIVE] state=LINE_FOLLOW raw_lane_x=60.5 lane_x=60.5 filter=stable linear=0.15 angular=0.00 cw_y=224 right_done=False start_turn=True count_turn=0 traffic=None stop=False[0m
[self_driving-10] [0m[INFO] [1782576050.390408542] [self_driving]: [OBJECTS] msg_count=11 n=1 names=['crosswalk'][0m
[self_driving-10] [0m[INFO] [1782576050.708984153] [self_driving]: [IMAGE] received count=211 shape=(480, 640, 3) queue=0[0m
[self_driving-10] [0m[INFO] [1782576050.720847578] [self_driving]: [DEBUG_DRIVE] state=LINE_FOLLOW raw_lane_x=61.0 lane_x=61.0 filter=stable linear=0.15 angular=0.00 cw_y=183 right_done=False start_turn=True count_turn=0 traffic=None stop=False[0m
[self_driving-10] [0m[INFO] [1782576051.168751837] [self_driving]: [OBJECTS] msg_count=16 n=1 names=['go'][0m
[self_driving-10] [0m[INFO] [1782576051.253506152] [self_driving]: [DEBUG_DRIVE] state=LINE_FOLLOW raw_lane_x=64.5 lane_x=64.5 filter=stable linear=0.15 angular=0.10 cw_y=186 right_done=False start_turn=False count_turn=0 traffic=None stop=False[0m
[self_driving-10] [0m[INFO] [1782576051.780092244] [self_driving]: [CROSSWALK_SLOW_DONE] return normal speed[0m
[self_driving-10] [0m[INFO] [1782576051.780854744] [self_driving]: [DEBUG_DRIVE] state=LINE_FOLLOW raw_lane_x=104.0 lane_x=104.0 filter=stable linear=0.15 angular=0.10 cw_y=190 right_done=False start_turn=False count_turn=0 traffic=None stop=False[0m
[self_driving-10] [0m[INFO] [1782576051.906200374] [self_driving]: [OBJECTS] msg_count=22 n=1 names=['crosswalk'][0m
[self_driving-10] [0m[INFO] [1782576052.048281115] [self_driving]: [CROSSWALK_SLOW] y=193 th=180 confirm=4[0m
[self_driving-10] [0m[INFO] [1782576052.331129892] [self_driving]: [DEBUG_DRIVE] state=LINE_FOLLOW raw_lane_x=141.0 lane_x=141.0 filter=stable linear=0.15 angular=-0.10 cw_y=196 right_done=False start_turn=False count_turn=0 traffic=None stop=False[0m
[self_driving-10] [0m[INFO] [1782576052.656084448] [self_driving]: [OBJECTS] msg_count=26 n=1 names=['crosswalk'][0m
[self_driving-10] [0m[INFO] [1782576052.720409133] [self_driving]: [IMAGE] received count=241 shape=(480, 640, 3) queue=0[0m
[self_driving-10] [0m[INFO] [1782576052.851941873] [self_driving]: [DEBUG_DRIVE] state=LINE_FOLLOW raw_lane_x=146.0 lane_x=146.0 filter=stable linear=0.15 angular=-0.10 cw_y=199 right_done=False start_turn=False count_turn=0 traffic=None stop=False[0m
[self_driving-10] [0m[INFO] [1782576053.391614910] [self_driving]: [DEBUG_DRIVE] state=LINE_FOLLOW raw_lane_x=127.5 lane_x=127.5 filter=stable linear=0.15 angular=-0.10 cw_y=204 right_done=False start_turn=False count_turn=0 traffic=None stop=False[0m
[self_driving-10] [0m[INFO] [1782576053.431222040] [self_driving]: [OBJECTS] msg_count=31 n=1 names=['crosswalk'][0m
[self_driving-10] [0m[INFO] [1782576053.946151428] [self_driving]: [DEBUG_DRIVE] state=LINE_FOLLOW raw_lane_x=126.0 lane_x=126.0 filter=stable linear=0.15 angular=0.10 cw_y=0 right_done=False start_turn=False count_turn=0 traffic=None stop=False[0m
[self_driving-10] [0m[INFO] [1782576054.169788595] [self_driving]: [OBJECTS] msg_count=37 n=1 names=['crosswalk'][0m
[self_driving-10] [0m[INFO] [1782576054.478745113] [self_driving]: [DEBUG_DRIVE] state=LINE_FOLLOW raw_lane_x=134.0 lane_x=134.0 filter=stable linear=0.15 angular=-0.10 cw_y=0 right_done=False start_turn=False count_turn=0 traffic=None stop=False[0m
[self_driving-10] [0m[INFO] [1782576054.740774391] [self_driving]: [IMAGE] received count=271 shape=(480, 640, 3) queue=0[0m
[self_driving-10] [0m[INFO] [1782576054.748657335] [self_driving]: [CROSSWALK_SLOW_DONE] return normal speed[0m
[self_driving-10] [0m[INFO] [1782576054.966690928] [self_driving]: [OBJECTS] msg_count=41 n=1 names=['crosswalk'][0m
[self_driving-10] [0m[INFO] [1782576055.044069224] [self_driving]: [DEBUG_DRIVE] state=LINE_FOLLOW raw_lane_x=135.0 lane_x=135.0 filter=stable linear=0.30 angular=-0.10 cw_y=240 right_done=False start_turn=False count_turn=0 traffic=None stop=False[0m
[self_driving-10] [0m[INFO] [1782576055.214655076] [self_driving]: [CROSSWALK_SLOW] y=240 th=180 confirm=4[0m
[self_driving-10] [0m[INFO] [1782576055.554808150] [self_driving]: [DEBUG_DRIVE] state=LINE_FOLLOW raw_lane_x=119.5 lane_x=119.5 filter=stable linear=0.15 angular=0.10 cw_y=252 right_done=False start_turn=False count_turn=0 traffic=None stop=False[0m
[self_driving-10] [0m[INFO] [1782576055.723225557] [self_driving]: [OBJECTS] msg_count=43 n=1 names=['crosswalk'][0m
[self_driving-10] [0m[INFO] [1782576056.095098149] [self_driving]: [DEBUG_DRIVE] state=LINE_FOLLOW raw_lane_x=136.0 lane_x=136.0 filter=stable linear=0.15 angular=-0.10 cw_y=267 right_done=False start_turn=False count_turn=0 traffic=None stop=False[0m
[self_driving-10] [0m[INFO] [1782576056.466326205] [self_driving]: [OBJECTS] msg_count=45 n=1 names=['crosswalk'][0m
[self_driving-10] [0m[INFO] [1782576056.623955668] [self_driving]: [DEBUG_DRIVE] state=LINE_FOLLOW raw_lane_x=126.5 lane_x=126.5 filter=stable linear=0.15 angular=0.10 cw_y=350 right_done=False start_turn=False count_turn=0 traffic=None stop=False[0m
[self_driving-10] [0m[INFO] [1782576056.744680612] [self_driving]: [IMAGE] received count=301 shape=(480, 640, 3) queue=0[0m
[self_driving-10] [0m[INFO] [1782576057.155166389] [self_driving]: [DEBUG_DRIVE] state=LINE_FOLLOW raw_lane_x=118.0 lane_x=118.0 filter=stable linear=0.15 angular=0.10 cw_y=387 right_done=False start_turn=False count_turn=0 traffic=None stop=False[0m
[self_driving-10] [0m[INFO] [1782576057.252144778] [self_driving]: [OBJECTS] msg_count=47 n=1 names=['crosswalk'][0m
[self_driving-10] [0m[INFO] [1782576057.728860574] [self_driving]: [DEBUG_DRIVE] state=LINE_FOLLOW raw_lane_x=126.5 lane_x=126.5 filter=stable linear=0.15 angular=0.10 cw_y=463 right_done=False start_turn=False count_turn=0 traffic=None stop=False[0m
[self_driving-10] [0m[INFO] [1782576057.910802167] [self_driving]: [CROSSWALK_SLOW_DONE] return normal speed[0m
[self_driving-10] [0m[INFO] [1782576058.182895648] [self_driving]: [CROSSWALK_SLOW] y=463 th=180 confirm=4[0m
[self_driving-10] [0m[INFO] [1782576058.250226759] [self_driving]: [DEBUG_DRIVE] state=LINE_FOLLOW raw_lane_x=137.0 lane_x=137.0 filter=stable linear=0.15 angular=-0.10 cw_y=463 right_done=False start_turn=False count_turn=0 traffic=None stop=False[0m
[self_driving-10] [0m[INFO] [1782576058.414434222] [self_driving]: [OBJECTS] msg_count=49 n=1 names=['crosswalk'][0m
[self_driving-10] [0m[INFO] [1782576058.770754277] [self_driving]: [IMAGE] received count=331 shape=(480, 640, 3) queue=0[0m
[self_driving-10] [0m[INFO] [1782576058.777801129] [self_driving]: [DEBUG_DRIVE] state=LINE_FOLLOW raw_lane_x=134.5 lane_x=134.5 filter=stable linear=0.15 angular=-0.10 cw_y=397 right_done=False start_turn=False count_turn=0 traffic=None stop=False[0m
[self_driving-10] [0m[INFO] [1782576059.320582407] [self_driving]: [DEBUG_DRIVE] state=LINE_FOLLOW raw_lane_x=132.5 lane_x=132.5 filter=stable linear=0.15 angular=0.10 cw_y=397 right_done=False start_turn=False count_turn=0 traffic=None stop=False[0m
[self_driving-10] [0m[INFO] [1782576059.842800295] [self_driving]: [DEBUG_DRIVE] state=LINE_FOLLOW raw_lane_x=136.5 lane_x=136.5 filter=stable linear=0.15 angular=-0.10 cw_y=397 right_done=False start_turn=False count_turn=0 traffic=None stop=False[0m
[self_driving-10] [0m[INFO] [1782576060.394901795] [self_driving]: [DEBUG_DRIVE] state=LINE_FOLLOW raw_lane_x=135.5 lane_x=135.5 filter=stable linear=0.15 angular=-0.10 cw_y=397 right_done=False start_turn=False count_turn=0 traffic=None stop=False[0m
[self_driving-10] [0m[INFO] [1782576060.789028239] [self_driving]: [IMAGE] received count=361 shape=(480, 640, 3) queue=0[0m
[self_driving-10] [0m[INFO] [1782576060.864748702] [self_driving]: [CROSSWALK_SLOW_DONE] return normal speed[0m
[self_driving-10] [0m[INFO] [1782576060.931688128] [self_driving]: [DEBUG_DRIVE] state=LINE_FOLLOW raw_lane_x=141.5 lane_x=141.5 filter=stable linear=0.30 angular=-0.10 cw_y=397 right_done=False start_turn=False count_turn=0 traffic=None stop=False[0m
[self_driving-10] [0m[INFO] [1782576061.147854998] [self_driving]: [CROSSWALK_SLOW] y=397 th=180 confirm=4[0m
[self_driving-10] [0m[INFO] [1782576061.452824979] [self_driving]: [DEBUG_DRIVE] state=LINE_FOLLOW raw_lane_x=138.5 lane_x=138.5 filter=stable linear=0.15 angular=0.10 cw_y=397 right_done=False start_turn=False count_turn=0 traffic=None stop=False[0m
[self_driving-10] [0m[INFO] [1782576062.007791053] [self_driving]: [DEBUG_DRIVE] state=LINE_FOLLOW raw_lane_x=161.0 lane_x=161.0 filter=stable linear=0.15 angular=-0.10 cw_y=397 right_done=False start_turn=False count_turn=0 traffic=None stop=False[0m
[self_driving-10] [0m[INFO] [1782576062.540367997] [self_driving]: [DEBUG_DRIVE] state=LINE_FOLLOW raw_lane_x=196.5 lane_x=196.5 filter=stable linear=0.15 angular=-0.10 cw_y=397 right_done=False start_turn=False count_turn=0 traffic=None stop=False[0m
[self_driving-10] [0m[INFO] [1782576062.794392553] [self_driving]: [IMAGE] received count=391 shape=(480, 640, 3) queue=0[0m
[self_driving-10] [0m[INFO] [1782576063.078515016] [self_driving]: [DEBUG_DRIVE] state=LINE_FOLLOW raw_lane_x=279.0 lane_x=279.0 filter=stable linear=0.15 angular=-0.45 cw_y=397 right_done=False start_turn=False count_turn=5 traffic=None stop=False[0m
[self_driving-10] [33m[WARN] [1782576063.274747497] [self_driving]: [LANE_X_JUMP_REJECT] raw=128.5 last=302.5 diff=174.0 candidate=128.5 cnt=1/4[0m
[self_driving-10] [0m[INFO] [1782576063.481562867] [self_driving]: [LANE_X_JUMP_ACCEPT] raw=159.5 last=159.5 cnt=4/4[0m
[self_driving-10] [0m[INFO] [1782576063.604287941] [self_driving]: [DEBUG_DRIVE] state=LINE_FOLLOW raw_lane_x=179.0 lane_x=179.0 filter=stable linear=0.15 angular=0.00 cw_y=397 right_done=False start_turn=True count_turn=0 traffic=None stop=False[0m
[self_driving-10] [0m[INFO] [1782576063.872640219] [self_driving]: [CROSSWALK_SLOW_DONE] return normal speed[0m
[self_driving-10] [0m[INFO] [1782576064.159936107] [self_driving]: [CROSSWALK_SLOW] y=397 th=180 confirm=4[0m
[self_driving-10] [0m[INFO] [1782576064.161248941] [self_driving]: [DEBUG_DRIVE] state=LINE_FOLLOW raw_lane_x=283.0 lane_x=283.0 filter=stable linear=0.15 angular=-0.45 cw_y=397 right_done=False start_turn=True count_turn=7 traffic=None stop=False[0m
[self_driving-10] [33m[WARN] [1782576064.293661441] [self_driving]: [LANE_X_JUMP_REJECT] raw=226.5 last=307.0 diff=80.5 candidate=226.5 cnt=1/4[0m
[self_driving-10] [0m[INFO] [1782576064.693227348] [self_driving]: [DEBUG_DRIVE] state=LINE_FOLLOW raw_lane_x=276.0 lane_x=276.0 filter=stable linear=0.15 angular=-0.45 cw_y=397 right_done=False start_turn=True count_turn=15 traffic=None stop=False[0m
[self_driving-10] [0m[INFO] [1782576064.818503922] [self_driving]: [IMAGE] received count=421 shape=(480, 640, 3) queue=0[0m
[self_driving-10] [0m[INFO] [1782576065.260530311] [self_driving]: [DEBUG_DRIVE] state=LINE_FOLLOW raw_lane_x=290.0 lane_x=290.0 filter=stable linear=0.15 angular=-0.45 cw_y=397 right_done=False start_turn=True count_turn=23 traffic=None stop=False[0m
[self_driving-10] [0m[INFO] [1782576065.775422421] [self_driving]: [DEBUG_DRIVE] state=LINE_FOLLOW raw_lane_x=286.0 lane_x=286.0 filter=stable linear=0.15 angular=-0.45 cw_y=397 right_done=False start_turn=True count_turn=31 traffic=None stop=False[0m
[self_driving-10] [0m[INFO] [1782576066.295410662] [self_driving]: [DEBUG_DRIVE] state=LINE_FOLLOW raw_lane_x=163.0 lane_x=163.0 filter=stable linear=0.15 angular=-0.10 cw_y=397 right_done=False start_turn=False count_turn=0 traffic=None stop=False[0m
[self_driving-10] [0m[INFO] [1782576066.332835865] [self_driving]: [OBJECTS] msg_count=50 n=1 names=['crosswalk'][0m
[self_driving-10] [0m[INFO] [1782576066.795708921] [self_driving]: [DEBUG_DRIVE] state=LINE_FOLLOW raw_lane_x=133.0 lane_x=133.0 filter=stable linear=0.15 angular=-0.10 cw_y=194 right_done=False start_turn=False count_turn=0 traffic=None stop=False[0m
[self_driving-10] [0m[INFO] [1782576066.838183606] [self_driving]: [IMAGE] received count=451 shape=(480, 640, 3) queue=0[0m
[self_driving-10] [0m[INFO] [1782576066.844753143] [self_driving]: [CROSSWALK_SLOW_DONE] return normal speed[0m
[self_driving-10] [0m[INFO] [1782576067.092817217] [self_driving]: [OBJECTS] msg_count=53 n=1 names=['crosswalk'][0m
[self_driving-10] [0m[INFO] [1782576067.306329328] [self_driving]: [CROSSWALK_IGNORE] y=175 < th=180[0m
[self_driving-10] [0m[INFO] [1782576067.307150772] [self_driving]: [DEBUG_DRIVE] state=LINE_FOLLOW raw_lane_x=127.5 lane_x=127.5 filter=stable linear=0.30 angular=0.10 cw_y=175 right_done=False start_turn=False count_turn=0 traffic=None stop=False[0m
[self_driving-10] [0m[INFO] [1782576067.840555439] [self_driving]: [CROSSWALK_IGNORE] y=177 < th=180[0m
[self_driving-10] [0m[INFO] [1782576067.842803346] [self_driving]: [DEBUG_DRIVE] state=LINE_FOLLOW raw_lane_x=142.5 lane_x=142.5 filter=stable linear=0.30 angular=-0.10 cw_y=177 right_done=False start_turn=False count_turn=0 traffic=None stop=False[0m
[self_driving-10] [0m[INFO] [1782576067.869759087] [self_driving]: [OBJECTS] msg_count=58 n=1 names=['go'][0m
[self_driving-10] [0m[INFO] [1782576068.395970735] [self_driving]: [CROSSWALK_IGNORE] y=179 < th=180[0m
[self_driving-10] [0m[INFO] [1782576068.396710031] [self_driving]: [DEBUG_DRIVE] state=LINE_FOLLOW raw_lane_x=123.0 lane_x=123.0 filter=stable linear=0.30 angular=0.10 cw_y=179 right_done=False start_turn=False count_turn=0 traffic=None stop=False[0m
[self_driving-10] [0m[INFO] [1782576068.622669049] [self_driving]: [OBJECTS] msg_count=62 n=1 names=['crosswalk'][0m
[self_driving-10] [0m[INFO] [1782576068.839440864] [self_driving]: [IMAGE] received count=481 shape=(480, 640, 3) queue=0[0m
[self_driving-10] [0m[INFO] [1782576068.847438308] [self_driving]: [CROSSWALK_SLOW] y=183 th=180 confirm=4[0m
[self_driving-10] [0m[INFO] [1782576068.935140956] [self_driving]: [DEBUG_DRIVE] state=LINE_FOLLOW raw_lane_x=132.0 lane_x=132.0 filter=stable linear=0.15 angular=-0.10 cw_y=183 right_done=False start_turn=False count_turn=0 traffic=None stop=False[0m
[self_driving-10] [0m[INFO] [1782576069.391869734] [self_driving]: [OBJECTS] msg_count=68 n=1 names=['crosswalk'][0m
[self_driving-10] [0m[INFO] [1782576069.467498697] [self_driving]: [DEBUG_DRIVE] state=LINE_FOLLOW raw_lane_x=142.5 lane_x=142.5 filter=stable linear=0.15 angular=-0.10 cw_y=193 right_done=False start_turn=False count_turn=0 traffic=None stop=False[0m
[self_driving-10] [0m[INFO] [1782576070.004693308] [self_driving]: [DEBUG_DRIVE] state=LINE_FOLLOW raw_lane_x=120.0 lane_x=120.0 filter=stable linear=0.15 angular=0.10 cw_y=200 right_done=False start_turn=False count_turn=0 traffic=None stop=False[0m
[self_driving-10] [0m[INFO] [1782576070.163477234] [self_driving]: [OBJECTS] msg_count=72 n=1 names=['go'][0m
[self_driving-10] [0m[INFO] [1782576070.532607104] [self_driving]: [DEBUG_DRIVE] state=LINE_FOLLOW raw_lane_x=121.0 lane_x=121.0 filter=stable linear=0.15 angular=0.10 cw_y=208 right_done=False start_turn=False count_turn=0 traffic=None stop=False[0m
[self_driving-10] [0m[INFO] [1782576070.856796252] [self_driving]: [IMAGE] received count=511 shape=(480, 640, 3) queue=0[0m
[self_driving-10] [0m[INFO] [1782576070.952669196] [self_driving]: [OBJECTS] msg_count=78 n=1 names=['crosswalk'][0m
[self_driving-10] [0m[INFO] [1782576070.957392789] [self_driving]: [TRAFFIC_CANDIDATE] name=green valid=False cx=584 cy=128 area=572 score=0.49 min_area=800[0m
[self_driving-10] [0m[INFO] [1782576071.072663881] [self_driving]: [DEBUG_DRIVE] state=LINE_FOLLOW raw_lane_x=150.0 lane_x=150.0 filter=stable linear=0.15 angular=-0.10 cw_y=0 right_done=False start_turn=False count_turn=0 traffic=None stop=False[0m
[self_driving-10] [0m[INFO] [1782576071.549455881] [self_driving]: [CROSSWALK_SLOW_DONE] return normal speed[0m
[self_driving-10] [0m[INFO] [1782576071.604325233] [self_driving]: [DEBUG_DRIVE] state=LINE_FOLLOW raw_lane_x=130.0 lane_x=130.0 filter=stable linear=0.30 angular=0.10 cw_y=0 right_done=False start_turn=False count_turn=0 traffic=None stop=False[0m
[self_driving-10] [0m[INFO] [1782576071.745929603] [self_driving]: [OBJECTS] msg_count=84 n=1 names=['go'][0m
[self_driving-10] [0m[INFO] [1782576072.179179306] [self_driving]: [DEBUG_DRIVE] state=LINE_FOLLOW raw_lane_x=120.0 lane_x=120.0 filter=stable linear=0.30 angular=0.10 cw_y=0 right_done=False start_turn=False count_turn=0 traffic=None stop=False[0m
[self_driving-10] [0m[INFO] [1782576072.519407121] [self_driving]: [OBJECTS] msg_count=87 n=1 names=['crosswalk'][0m
[self_driving-10] [0m[INFO] [1782576072.691554214] [self_driving]: [DEBUG_DRIVE] state=LINE_FOLLOW raw_lane_x=128.5 lane_x=128.5 filter=stable linear=0.30 angular=-0.10 cw_y=0 right_done=False start_turn=False count_turn=0 traffic=None stop=False[0m
[self_driving-10] [0m[INFO] [1782576072.884456417] [self_driving]: [IMAGE] received count=541 shape=(480, 640, 3) queue=0[0m
[self_driving-10] [0m[INFO] [1782576073.218007324] [self_driving]: [DEBUG_DRIVE] state=LINE_FOLLOW raw_lane_x=122.5 lane_x=122.5 filter=stable linear=0.30 angular=0.10 cw_y=0 right_done=False start_turn=False count_turn=0 traffic=None stop=False[0m
[self_driving-10] [0m[INFO] [1782576073.291687250] [self_driving]: [OBJECTS] msg_count=91 n=1 names=['go'][0m
[self_driving-10] [0m[INFO] [1782576073.763424750] [self_driving]: [DEBUG_DRIVE] state=LINE_FOLLOW raw_lane_x=127.0 lane_x=127.0 filter=stable linear=0.30 angular=0.10 cw_y=408 right_done=False start_turn=False count_turn=0 traffic=None stop=False[0m
[self_driving-10] [0m[INFO] [1782576073.903332694] [self_driving]: [CROSSWALK_SLOW] y=408 th=180 confirm=4[0m
[self_driving-10] [0m[INFO] [1782576074.296665546] [self_driving]: [DEBUG_DRIVE] state=LINE_FOLLOW raw_lane_x=164.0 lane_x=164.0 filter=stable linear=0.15 angular=-0.10 cw_y=408 right_done=False start_turn=False count_turn=0 traffic=None stop=False[0m
[self_driving-10] [0m[INFO] [1782576074.861093212] [self_driving]: [DEBUG_DRIVE] state=LINE_FOLLOW raw_lane_x=130.5 lane_x=130.5 filter=stable linear=0.15 angular=0.10 cw_y=408 right_done=False start_turn=False count_turn=0 traffic=None stop=False[0m
[self_driving-10] [0m[INFO] [1782576074.903841620] [self_driving]: [IMAGE] received count=571 shape=(480, 640, 3) queue=0[0m
[self_driving-10] [0m[INFO] [1782576075.375674842] [self_driving]: [DEBUG_DRIVE] state=LINE_FOLLOW raw_lane_x=145.0 lane_x=145.0 filter=stable linear=0.15 angular=-0.10 cw_y=408 right_done=False start_turn=False count_turn=0 traffic=None stop=False[0m
[self_driving-10] [0m[INFO] [1782576075.922456563] [self_driving]: [DEBUG_DRIVE] state=LINE_FOLLOW raw_lane_x=199.5 lane_x=199.5 filter=stable linear=0.15 angular=-0.10 cw_y=408 right_done=False start_turn=False count_turn=0 traffic=None stop=False[0m
[self_driving-10] [0m[INFO] [1782576076.453743637] [self_driving]: [DEBUG_DRIVE] state=LINE_FOLLOW raw_lane_x=196.0 lane_x=196.0 filter=stable linear=0.15 angular=-0.10 cw_y=408 right_done=False start_turn=False count_turn=0 traffic=None stop=False[0m
[self_driving-10] [0m[INFO] [1782576076.587661378] [self_driving]: [CROSSWALK_SLOW_DONE] return normal speed[0m
[self_driving-10] [0m[INFO] [1782576076.857193396] [self_driving]: [CROSSWALK_SLOW] y=408 th=180 confirm=4[0m
[self_driving-10] [0m[INFO] [1782576076.908369822] [self_driving]: [IMAGE] received count=601 shape=(480, 640, 3) queue=0[0m
[self_driving-10] [33m[WARN] [1782576076.918319192] [self_driving]: [LANE_X_JUMP_REJECT] raw=123.5 last=292.0 diff=168.5 candidate=123.5 cnt=1/4[0m
[self_driving-10] [0m[INFO] [1782576076.994060655] [self_driving]: [DEBUG_DRIVE] state=LINE_FOLLOW raw_lane_x=159.0 lane_x=292.0 filter=jump_reject linear=0.15 angular=-0.45 cw_y=408 right_done=False start_turn=True count_turn=2 traffic=None stop=False[0m
[self_driving-10] [0m[INFO] [1782576077.536737155] [self_driving]: [DEBUG_DRIVE] state=LINE_FOLLOW raw_lane_x=266.5 lane_x=266.5 filter=stable linear=0.15 angular=-0.45 cw_y=408 right_done=False start_turn=True count_turn=10 traffic=None stop=False[0m
[self_driving-10] [0m[INFO] [1782576078.070231933] [self_driving]: [DEBUG_DRIVE] state=LINE_FOLLOW raw_lane_x=279.0 lane_x=279.0 filter=stable linear=0.15 angular=-0.45 cw_y=408 right_done=False start_turn=True count_turn=18 traffic=None stop=False[0m
[self_driving-10] [0m[INFO] [1782576078.592766932] [self_driving]: [DEBUG_DRIVE] state=LINE_FOLLOW raw_lane_x=248.5 lane_x=248.5 filter=stable linear=0.15 angular=-0.45 cw_y=408 right_done=False start_turn=True count_turn=26 traffic=None stop=False[0m
[self_driving-10] [0m[INFO] [1782576078.952843858] [self_driving]: [IMAGE] received count=631 shape=(480, 640, 3) queue=0[0m
[self_driving-10] [0m[INFO] [1782576079.141272710] [self_driving]: [DEBUG_DRIVE] state=LINE_FOLLOW raw_lane_x=258.0 lane_x=258.0 filter=stable linear=0.15 angular=-0.45 cw_y=408 right_done=False start_turn=True count_turn=34 traffic=None stop=False[0m
[self_driving-10] [0m[INFO] [1782576079.539331932] [self_driving]: [CROSSWALK_SLOW_DONE] return normal speed[0m
[self_driving-10] [0m[INFO] [1782576079.656654802] [self_driving]: [OBJECTS] msg_count=93 n=1 names=['crosswalk'][0m
[self_driving-10] [0m[INFO] [1782576079.706578283] [self_driving]: [DEBUG_DRIVE] state=LINE_FOLLOW raw_lane_x=149.0 lane_x=149.0 filter=stable linear=0.30 angular=-0.10 cw_y=212 right_done=False start_turn=False count_turn=0 traffic=None stop=False[0m
[self_driving-10] [0m[INFO] [1782576079.819455191] [self_driving]: [CROSSWALK_SLOW] y=212 th=180 confirm=4[0m
[self_driving-10] [0m[INFO] [1782576080.215512894] [self_driving]: [DEBUG_DRIVE] state=LINE_FOLLOW raw_lane_x=131.5 lane_x=131.5 filter=stable linear=0.15 angular=0.10 cw_y=182 right_done=False start_turn=False count_turn=0 traffic=None stop=False[0m
[self_driving-10] [0m[INFO] [1782576080.473127209] [self_driving]: [OBJECTS] msg_count=96 n=1 names=['crosswalk'][0m
[self_driving-10] [0m[INFO] [1782576080.752946024] [self_driving]: [DEBUG_DRIVE] state=LINE_FOLLOW raw_lane_x=121.0 lane_x=121.0 filter=stable linear=0.15 angular=0.10 cw_y=182 right_done=False start_turn=False count_turn=0 traffic=None stop=False[0m
[self_driving-10] [0m[INFO] [1782576080.954297042] [self_driving]: [IMAGE] received count=661 shape=(480, 640, 3) queue=0[0m
[self_driving-10] [0m[INFO] [1782576081.243602005] [self_driving]: [OBJECTS] msg_count=100 n=1 names=['crosswalk'][0m
[self_driving-10] [0m[INFO] [1782576081.353010319] [self_driving]: [DEBUG_DRIVE] state=LINE_FOLLOW raw_lane_x=129.5 lane_x=129.5 filter=stable linear=0.15 angular=0.06 cw_y=184 right_done=False start_turn=False count_turn=0 traffic=None stop=False[0m
[self_driving-10] [0m[INFO] [1782576081.893739560] [self_driving]: [DEBUG_DRIVE] state=LINE_FOLLOW raw_lane_x=100.5 lane_x=100.5 filter=stable linear=0.15 angular=0.10 cw_y=186 right_done=False start_turn=False count_turn=0 traffic=None stop=False[0m
[self_driving-10] [0m[INFO] [1782576081.964979134] [self_driving]: [OBJECTS] msg_count=104 n=1 names=['crosswalk'][0m
[self_driving-10] [0m[INFO] [1782576082.416455263] [self_driving]: [DEBUG_DRIVE] state=LINE_FOLLOW raw_lane_x=124.0 lane_x=124.0 filter=stable linear=0.15 angular=0.10 cw_y=264 right_done=False start_turn=False count_turn=0 traffic=None stop=False[0m
[self_driving-10] [0m[INFO] [1782576082.554326245] [self_driving]: [CROSSWALK_SLOW_DONE] return normal speed[0m
[self_driving-10] [33m[WARN] [1782576082.618419004] [self_driving]: [LANE_X_JUMP_REJECT] raw=213.0 last=120.0 diff=93.0 candidate=213.0 cnt=1/4[0m
[self_driving-10] [0m[INFO] [1782576082.709097633] [self_driving]: [OBJECTS] msg_count=108 n=1 names=['crosswalk'][0m
[self_driving-10] [0m[INFO] [1782576082.955491874] [self_driving]: [CROSSWALK_IGNORE] y=5 < th=180[0m
[self_driving-10] [0m[INFO] [1782576082.956395504] [self_driving]: [DEBUG_DRIVE] state=LINE_FOLLOW raw_lane_x=267.0 lane_x=120.0 filter=jump_reject linear=0.30 angular=0.10 cw_y=5 right_done=False start_turn=False count_turn=0 traffic=None stop=False[0m
[self_driving-10] [0m[INFO] [1782576083.033029059] [self_driving]: [IMAGE] received count=687 shape=(480, 640, 3) queue=0[0m
[self_driving-10] [33m[WARN] [1782576083.139463318] [self_driving]: [LANE_X_JUMP_REJECT] raw=299.5 last=120.0 diff=179.5 candidate=299.5 cnt=1/4[0m
[self_driving-10] [0m[INFO] [1782576083.342878985] [self_driving]: [LANE_X_JUMP_ACCEPT] raw=307.0 last=307.0 cnt=4/4[0m
[self_driving-10] [0m[INFO] [1782576083.343730985] [self_driving]: [CROSSWALK_SLOW] y=198 th=180 confirm=4[0m
[self_driving-10] [0m[INFO] [1782576083.444775763] [self_driving]: [OBJECTS] msg_count=113 n=1 names=['crosswalk'][0m
[self_driving-10] [0m[INFO] [1782576083.527198911] [self_driving]: [DEBUG_DRIVE] state=LINE_FOLLOW raw_lane_x=260.0 lane_x=260.0 filter=stable linear=0.15 angular=-0.45 cw_y=339 right_done=False start_turn=False count_turn=3 traffic=None stop=False[0m
[self_driving-10] [0m[INFO] [1782576083.810622262] [self_driving]: [RIGHT_CANDIDATE] valid=False reject=['small_area'] cnt=0 cx=250 cy=107 area=2440 score=0.88 done=False[0m
[self_driving-10] [0m[INFO] [1782576084.082936318] [self_driving]: [DEBUG_DRIVE] state=LINE_FOLLOW raw_lane_x=186.5 lane_x=186.5 filter=stable linear=0.15 angular=0.00 cw_y=208 right_done=False start_turn=True count_turn=0 traffic=None stop=False[0m
[self_driving-10] [0m[INFO] [1782576084.191948096] [self_driving]: [OBJECTS] msg_count=118 n=1 names=['crosswalk'][0m
[self_driving-10] [0m[INFO] [1782576084.195907947] [self_driving]: [RIGHT_CANDIDATE] valid=True reject=[] cnt=0 cx=260 cy=100 area=3528 score=0.86 done=False[0m
[self_driving-10] [0m[INFO] [1782576084.548378040] [self_driving]: [RIGHT_CANDIDATE] valid=True reject=[] cnt=1 cx=278 cy=86 area=6110 score=0.89 done=False[0m
[self_driving-10] [0m[INFO] [1782576084.551345447] [self_driving]: [RIGHT_READY] cx=278 cy=86 area=6110 score=0.89[0m
[self_driving-10] [0m[INFO] [1782576084.592279929] [self_driving]: [RIGHT_TRIGGER] enter ARROW_SIGNAL lane_x=140.0 raw_lane_x=140.0 filter=stable cw_y=0 candidate={'cx': 278, 'cy': 86, 'area': 6110, 'score': 0.8899999856948853}[0m
[self_driving-10] [0m[INFO] [1782576084.593839484] [self_driving]: [1;36m[FSM] LINE_FOLLOW -> ARROW_SIGNAL[0m[0m
[self_driving-10] [0m[INFO] [1782576084.658564910] [self_driving]: [ARROW_SIGNAL] waiting elapsed=0.06/0.40 direction=right[0m
[self_driving-10] [0m[INFO] [1782576084.902375447] [self_driving]: [OBJECTS] msg_count=123 n=1 names=['right'][0m
[self_driving-10] [0m[INFO] [1782576084.903032040] [self_driving]: [RIGHT_CANDIDATE] valid=True reject=[] cnt=0 cx=161 cy=70 area=10004 score=0.76 done=False[0m
[self_driving-10] [0m[INFO] [1782576085.046268854] [self_driving]: [IMAGE] received count=712 shape=(480, 640, 3) queue=0[0m
[self_driving-10] [0m[INFO] [1782576085.050427873] [self_driving]: [ARROW_SIGNAL] done elapsed=0.46 -> INTERSECTION direction=right[0m
[self_driving-10] [0m[INFO] [1782576085.051107725] [self_driving]: [1;36m[FSM] ARROW_SIGNAL -> INTERSECTION[0m[0m
[self_driving-10] [0m[INFO] [1782576085.215203002] [self_driving]: [RIGHT_TURN] elapsed=0.16 cmd=(0.10,-0.50) lane_x=135.5[0m
[self_driving-10] [0m[INFO] [1782576085.624565650] [self_driving]: [OBJECTS] msg_count=125 n=1 names=['crosswalk'][0m
[self_driving-10] [0m[INFO] [1782576085.777265687] [self_driving]: [RIGHT_TURN] elapsed=0.73 cmd=(0.10,-0.50) lane_x=-1[0m
[self_driving-10] [0m[INFO] [1782576086.326756261] [self_driving]: [RIGHT_TURN] elapsed=1.28 cmd=(0.10,-0.50) lane_x=-1[0m
[self_driving-10] [0m[INFO] [1782576086.359170631] [self_driving]: [OBJECTS] msg_count=127 n=1 names=['crosswalk'][0m
[self_driving-10] [0m[INFO] [1782576086.916234187] [self_driving]: [RIGHT_TURN] elapsed=1.86 cmd=(0.10,-0.50) lane_x=91.0[0m
[self_driving-10] [0m[INFO] [1782576087.058436501] [self_driving]: [IMAGE] received count=737 shape=(480, 640, 3) queue=0[0m
[self_driving-10] [0m[INFO] [1782576087.090525001] [self_driving]: [OBJECTS] msg_count=129 n=1 names=['crosswalk'][0m
[self_driving-10] [0m[INFO] [1782576087.490433631] [self_driving]: [RIGHT_TURN] elapsed=2.43 cmd=(0.10,-0.50) lane_x=241.0[0m
[self_driving-10] [0m[INFO] [1782576088.024837834] [self_driving]: [RIGHT_TURN] elapsed=2.97 cmd=(0.10,-0.50) lane_x=98.0[0m
[self_driving-10] [0m[INFO] [1782576088.181552760] [self_driving]: [OBJECTS] msg_count=131 n=1 names=['crosswalk'][0m
[self_driving-10] [0m[INFO] [1782576088.299057112] [self_driving]: [1;36m[FSM] INTERSECTION -> LINE_FOLLOW[0m[0m
[self_driving-10] [0m[INFO] [1782576088.299679815] [self_driving]: [RIGHT_TURN] done elapsed=3.25 lane_x=23.0 -> LINE_FOLLOW[0m
[self_driving-10] [33m[WARN] [1782576088.358200130] [self_driving]: [LANE_X_JUMP_REJECT] raw=11.0 last=140.0 diff=129.0 candidate=11.0 cnt=1/4[0m
[self_driving-10] [0m[INFO] [1782576088.359421408] [self_driving]: [CROSSWALK_SLOW_DONE] return normal speed[0m
[self_driving-10] [33m[WARN] [1782576088.448506019] [self_driving]: [LANE_LOST] raw_lane_x=-1 lane_x=-1 filter=lost stop=False state=LINE_FOLLOW safe_linear=0.05 right_ready=False right_done=False[0m
[self_driving-10] [0m[INFO] [1782576088.525273019] [self_driving]: [DEBUG_DRIVE] state=LINE_FOLLOW raw_lane_x=-1 lane_x=-1 filter=lost linear=0.30 angular=0.00 cw_y=357 right_done=False start_turn=False count_turn=0 traffic=None stop=False[0m
[self_driving-10] [0m[INFO] [1782576088.680348315] [self_driving]: [CROSSWALK_SLOW] y=357 th=180 confirm=4[0m
[self_driving-10] [0m[INFO] [1782576088.943539148] [self_driving]: [OBJECTS] msg_count=133 n=1 names=['crosswalk'][0m
[self_driving-10] [33m[WARN] [1782576088.998999463] [self_driving]: [LANE_LOST] raw_lane_x=-1 lane_x=-1 filter=lost stop=False state=LINE_FOLLOW safe_linear=0.05 right_ready=False right_done=False[0m
[self_driving-10] [0m[INFO] [1782576089.066863889] [self_driving]: [IMAGE] received count=762 shape=(480, 640, 3) queue=0[0m
[self_driving-10] [0m[INFO] [1782576089.075340204] [self_driving]: [DEBUG_DRIVE] state=LINE_FOLLOW raw_lane_x=-1 lane_x=-1 filter=lost linear=0.15 angular=0.00 cw_y=418 right_done=False start_turn=False count_turn=0 traffic=None stop=False[0m
[self_driving-10] [33m[WARN] [1782576089.567773222] [self_driving]: [LANE_LOST] raw_lane_x=-1 lane_x=-1 filter=lost stop=False state=LINE_FOLLOW safe_linear=0.05 right_ready=False right_done=False[0m
[self_driving-10] [0m[INFO] [1782576089.650960555] [self_driving]: [DEBUG_DRIVE] state=LINE_FOLLOW raw_lane_x=-1 lane_x=-1 filter=lost linear=0.15 angular=0.00 cw_y=443 right_done=False start_turn=False count_turn=0 traffic=None stop=False[0m
[self_driving-10] [0m[INFO] [1782576089.679652148] [self_driving]: [OBJECTS] msg_count=135 n=1 names=['crosswalk'][0m
[self_driving-10] [0m[INFO] [1782576089.681427740] [self_driving]: [PARK_CANDIDATE] valid=False cx=350 cy=129 area=224 score=0.40 right_done=False park_done=False[0m
[self_driving-10] [33m[WARN] [1782576090.074425648] [self_driving]: [LANE_LOST] raw_lane_x=-1 lane_x=-1 filter=lost stop=False state=LINE_FOLLOW safe_linear=0.05 right_ready=False right_done=False[0m
[self_driving-10] [0m[INFO] [1782576090.205702740] [self_driving]: [CROSSWALK_IGNORE] y=164 < th=180[0m
[self_driving-10] [0m[INFO] [1782576090.207084259] [self_driving]: [DEBUG_DRIVE] state=LINE_FOLLOW raw_lane_x=-1 lane_x=-1 filter=lost linear=0.15 angular=0.00 cw_y=164 right_done=False start_turn=False count_turn=0 traffic=None stop=False[0m
[self_driving-10] [0m[INFO] [1782576090.499876981] [self_driving]: [OBJECTS] msg_count=141 n=1 names=['go'][0m
[self_driving-10] [0m[INFO] [1782576090.505601925] [self_driving]: [PARK_CANDIDATE] valid=False cx=347 cy=130 area=224 score=0.44 right_done=False park_done=False[0m
[self_driving-10] [33m[WARN] [1782576090.625962888] [self_driving]: [LANE_LOST] raw_lane_x=-1 lane_x=-1 filter=lost stop=False state=LINE_FOLLOW safe_linear=0.05 right_ready=False right_done=False[0m
[self_driving-10] [0m[INFO] [1782576090.773711888] [self_driving]: [DEBUG_DRIVE] state=LINE_FOLLOW raw_lane_x=-1 lane_x=-1 filter=lost linear=0.15 angular=0.00 cw_y=0 right_done=False start_turn=False count_turn=0 traffic=None stop=False[0m
[self_driving-10] [0m[INFO] [1782576091.095630406] [self_driving]: [IMAGE] received count=787 shape=(480, 640, 3) queue=0[0m
[self_driving-10] [33m[WARN] [1782576091.176185573] [self_driving]: [LANE_LOST] raw_lane_x=-1 lane_x=-1 filter=lost stop=False state=LINE_FOLLOW safe_linear=0.05 right_ready=False right_done=False[0m
[self_driving-10] [0m[INFO] [1782576091.221562851] [self_driving]: [OBJECTS] msg_count=146 n=1 names=['go'][0m
[self_driving-10] [0m[INFO] [1782576091.228341425] [self_driving]: [PARK_CANDIDATE] valid=True cx=348 cy=129 area=272 score=0.42 right_done=False park_done=False[0m
[self_driving-10] [0m[INFO] [1782576091.277420925] [self_driving]: [PARK_COUNT] count=1/1 park_x=348 cw_y=0 right_done=False candidate={'cx': 348, 'cy': 129, 'area': 272, 'score': 0.41999998688697815, 'right_done': False}[0m
[self_driving-10] [0m[INFO] [1782576091.278342165] [self_driving]: [PARK_START] stop and run park_action[0m
[self_driving-10] [0m[INFO] [1782576091.281169758] [self_driving]: [1;36m[FSM] LINE_FOLLOW -> PARKING[0m[0m
[self_driving-10] [0m[INFO] [1782576091.572598480] [self_driving]: [TRAFFIC_CLEAR_STOP] clear stale red stop -> resume slow/line follow[0m
[self_driving-10] [0m[INFO] [1782576091.925805739] [self_driving]: [OBJECTS] msg_count=150 n=1 names=['park'][0m
[self_driving-10] [0m[INFO] [1782576091.926713109] [self_driving]: [PARK_CANDIDATE] valid=True cx=349 cy=129 area=255 score=0.65 right_done=False park_done=True[0m
[self_driving-10] [0m[INFO] [1782576092.661872387] [self_driving]: [OBJECTS] msg_count=154 n=1 names=['go'][0m
[self_driving-10] [0m[INFO] [1782576092.669747276] [self_driving]: [PARK_CANDIDATE] valid=True cx=348 cy=128 area=255 score=0.47 right_done=False park_done=True[0m
[self_driving-10] [0m[INFO] [1782576093.110555738] [self_driving]: [IMAGE] received count=812 shape=(480, 640, 3) queue=0[0m
[self_driving-10] [0m[INFO] [1782576093.186366461] [self_driving]: [PARK_DONE] park_action complete -> DONE[0m
[self_driving-10] [0m[INFO] [1782576093.186872331] [self_driving]: [1;36m[FSM] PARKING -> LINE_FOLLOW[0m[0m
[self_driving-10] [0m[INFO] [1782576093.283099331] [self_driving]: [CROSSWALK_SLOW_DONE] return normal speed[0m
[self_driving-10] [0m[INFO] [1782576093.283606016] [self_driving]: [PARK_COUNT] count=2/1 park_x=348 cw_y=0 right_done=False candidate={'cx': 348, 'cy': 128, 'area': 255, 'score': 0.5099999904632568, 'right_done': False}[0m
[self_driving-10] [0m[INFO] [1782576093.284657812] [self_driving]: [PARK_START] stop and run park_action[0m
[self_driving-10] [0m[INFO] [1782576093.286126960] [self_driving]: [1;36m[FSM] LINE_FOLLOW -> PARKING[0m[0m
[self_driving-10] [0m[INFO] [1782576093.352882294] [self_driving]: [OBJECTS] msg_count=160 n=1 names=['go'][0m
[self_driving-10] [0m[INFO] [1782576093.359086664] [self_driving]: [PARK_CANDIDATE] valid=False cx=348 cy=128 area=238 score=0.47 right_done=False park_done=True[0m
[self_driving-10] [0m[INFO] [1782576094.028090330] [self_driving]: [OBJECTS] msg_count=166 n=1 names=['go'][0m
[self_driving-10] [0m[INFO] [1782576094.031497608] [self_driving]: [PARK_CANDIDATE] valid=True cx=348 cy=128 area=272 score=0.49 right_done=False park_done=True[0m
[self_driving-10] [0m[INFO] [1782576094.752331460] [self_driving]: [OBJECTS] msg_count=172 n=1 names=['crosswalk'][0m
[self_driving-10] [0m[INFO] [1782576094.757124534] [self_driving]: [PARK_CANDIDATE] valid=True cx=347 cy=128 area=272 score=0.51 right_done=False park_done=True[0m
[self_driving-10] [0m[INFO] [1782576095.140018385] [self_driving]: [IMAGE] received count=837 shape=(480, 640, 3) queue=0[0m
[self_driving-10] [0m[INFO] [1782576095.192538830] [self_driving]: [PARK_DONE] park_action complete -> DONE[0m
[self_driving-10] [0m[INFO] [1782576095.193037089] [self_driving]: [1;36m[FSM] PARKING -> LINE_FOLLOW[0m[0m
[self_driving-10] [0m[INFO] [1782576095.217956478] [self_driving]: [CROSSWALK_IGNORE] y=165 < th=180[0m
[self_driving-10] [0m[INFO] [1782576095.219854015] [self_driving]: [PARK_COUNT] count=3/1 park_x=347 cw_y=165 right_done=False candidate={'cx': 347, 'cy': 128, 'area': 272, 'score': 0.6200000047683716, 'right_done': False}[0m
[self_driving-10] [0m[INFO] [1782576095.220411367] [self_driving]: [PARK_START] stop and run park_action[0m
[self_driving-10] [0m[INFO] [1782576095.222060996] [self_driving]: [1;36m[FSM] LINE_FOLLOW -> PARKING[0m[0m
[self_driving-10] [0m[INFO] [1782576095.454315774] [self_driving]: [OBJECTS] msg_count=178 n=1 names=['crosswalk'][0m
[self_driving-10] [0m[INFO] [1782576095.455978959] [self_driving]: [PARK_CANDIDATE] valid=True cx=347 cy=128 area=255 score=0.49 right_done=False park_done=True[0m
[self_driving-10] [0m[INFO] [1782576096.145177255] [self_driving]: [OBJECTS] msg_count=184 n=1 names=['go'][0m
[self_driving-10] [0m[INFO] [1782576096.151824885] [self_driving]: [PARK_CANDIDATE] valid=False cx=347 cy=128 area=238 score=0.56 right_done=False park_done=True[0m
[self_driving-10] [0m[INFO] [1782576096.875405773] [self_driving]: [OBJECTS] msg_count=188 n=1 names=['go'][0m
[self_driving-10] [0m[INFO] [1782576097.126814847] [self_driving]: [PARK_DONE] park_action complete -> DONE[0m
[self_driving-10] [0m[INFO] [1782576097.127341162] [self_driving]: [1;36m[FSM] PARKING -> LINE_FOLLOW[0m[0m
[self_driving-10] [0m[INFO] [1782576097.139122273] [self_driving]: [IMAGE] received count=862 shape=(480, 640, 3) queue=0[0m
[self_driving-10] [0m[INFO] [1782576097.149836217] [self_driving]: [CROSSWALK_IGNORE] y=166 < th=180[0m
[self_driving-10] [0m[INFO] [1782576097.150505773] [self_driving]: [PARK_RESET] count=3 park_x=-1 cw_y=166 right_done=False[0m
[self_driving-10] [33m[WARN] [1782576097.151225866] [self_driving]: [LANE_LOST] raw_lane_x=-1 lane_x=-1 filter=lost stop=False state=LINE_FOLLOW safe_linear=0.05 right_ready=False right_done=False[0m
[self_driving-10] [0m[INFO] [1782576097.153224532] [self_driving]: [DEBUG_DRIVE] state=LINE_FOLLOW raw_lane_x=-1 lane_x=-1 filter=lost linear=0.30 angular=0.00 cw_y=166 right_done=False start_turn=False count_turn=0 traffic=None stop=False[0m
[self_driving-10] [0m[INFO] [1782576097.255701014] [self_driving]: [PARK_CANDIDATE] valid=False cx=347 cy=129 area=238 score=0.40 right_done=False park_done=True[0m
[self_driving-10] [0m[INFO] [1782576097.632039773] [self_driving]: [OBJECTS] msg_count=193 n=1 names=['go'][0m
[self_driving-10] [0m[INFO] [1782576097.703003087] [self_driving]: [CROSSWALK_IGNORE] y=166 < th=180[0m
[self_driving-10] [33m[WARN] [1782576097.704545736] [self_driving]: [LANE_LOST] raw_lane_x=-1 lane_x=-1 filter=lost stop=False state=LINE_FOLLOW safe_linear=0.05 right_ready=False right_done=False[0m
[self_driving-10] [0m[INFO] [1782576097.705249476] [self_driving]: [DEBUG_DRIVE] state=LINE_FOLLOW raw_lane_x=-1 lane_x=-1 filter=lost linear=0.30 angular=0.00 cw_y=166 right_done=False start_turn=False count_turn=0 traffic=None stop=False[0m
[self_driving-10] [33m[WARN] [1782576098.238128198] [self_driving]: [LANE_LOST] raw_lane_x=-1 lane_x=-1 filter=lost stop=False state=LINE_FOLLOW safe_linear=0.05 right_ready=False right_done=False[0m
[self_driving-10] [0m[INFO] [1782576098.238824569] [self_driving]: [DEBUG_DRIVE] state=LINE_FOLLOW raw_lane_x=-1 lane_x=-1 filter=lost linear=0.30 angular=0.00 cw_y=0 right_done=False start_turn=False count_turn=0 traffic=None stop=False[0m
[self_driving-10] [0m[INFO] [1782576098.380858217] [self_driving]: [OBJECTS] msg_count=196 n=1 names=['park'][0m
[self_driving-10] [0m[INFO] [1782576098.381343809] [self_driving]: [PARK_CANDIDATE] valid=True cx=344 cy=129 area=255 score=0.56 right_done=False park_done=True[0m
[self_driving-10] [0m[INFO] [1782576098.452921809] [self_driving]: [PARK_COUNT] count=1/1 park_x=344 cw_y=166 right_done=False candidate={'cx': 344, 'cy': 129, 'area': 255, 'score': 0.5600000023841858, 'right_done': False}[0m
[self_driving-10] [0m[INFO] [1782576098.456521031] [self_driving]: [PARK_START] stop and run park_action[0m
[self_driving-10] [0m[INFO] [1782576098.466371402] [self_driving]: [1;36m[FSM] LINE_FOLLOW -> PARKING[0m[0m
[self_driving-10] [0m[INFO] [1782576099.135290309] [self_driving]: [OBJECTS] msg_count=201 n=1 names=['crosswalk'][0m
[self_driving-10] [0m[INFO] [1782576099.139305976] [self_driving]: [PARK_CANDIDATE] valid=True cx=342 cy=128 area=270 score=0.33 right_done=False park_done=True[0m
[self_driving-10] [0m[INFO] [1782576099.175554457] [self_driving]: [IMAGE] received count=892 shape=(480, 640, 3) queue=0[0m
[self_driving-10] [0m[INFO] [1782576099.860650179] [self_driving]: [OBJECTS] msg_count=206 n=1 names=['go'][0m
[self_driving-10] [0m[INFO] [1782576100.370301549] [self_driving]: [PARK_DONE] park_action complete -> DONE[0m
[self_driving-10] [0m[INFO] [1782576100.370771290] [self_driving]: [1;36m[FSM] PARKING -> LINE_FOLLOW[0m[0m
[self_driving-10] [0m[INFO] [1782576100.391133049] [self_driving]: [CROSSWALK_IGNORE] y=165 < th=180[0m
[self_driving-10] [0m[INFO] [1782576100.392976530] [self_driving]: [PARK_COUNT] count=2/1 park_x=342 cw_y=165 right_done=False candidate={'cx': 342, 'cy': 128, 'area': 270, 'score': 0.33000001311302185, 'right_done': False}[0m
[self_driving-10] [0m[INFO] [1782576100.397895864] [self_driving]: [PARK_START] stop and run park_action[0m
[self_driving-10] [0m[INFO] [1782576100.401226141] [self_driving]: [1;36m[FSM] LINE_FOLLOW -> PARKING[0m[0m
[self_driving-10] [0m[INFO] [1782576100.601744252] [self_driving]: [OBJECTS] msg_count=210 n=1 names=['crosswalk'][0m
[self_driving-10] [0m[INFO] [1782576101.187442585] [self_driving]: [IMAGE] received count=922 shape=(480, 640, 3) queue=0[0m
[self_driving-10] [0m[INFO] [1782576101.343717585] [self_driving]: [OBJECTS] msg_count=214 n=1 names=['crosswalk'][0m
[self_driving-10] [0m[INFO] [1782576102.066832881] [self_driving]: [OBJECTS] msg_count=218 n=1 names=['go'][0m
[self_driving-10] [0m[INFO] [1782576102.306969585] [self_driving]: [PARK_DONE] park_action complete -> DONE[0m
[self_driving-10] [0m[INFO] [1782576102.307424011] [self_driving]: [1;36m[FSM] PARKING -> LINE_FOLLOW[0m[0m
[self_driving-10] [0m[INFO] [1782576102.331173159] [self_driving]: [PARK_COUNT] count=3/1 park_x=342 cw_y=0 right_done=False candidate={'cx': 342, 'cy': 128, 'area': 270, 'score': 0.33000001311302185, 'right_done': False}[0m
[self_driving-10] [0m[INFO] [1782576102.331938288] [self_driving]: [PARK_START] stop and run park_action[0m
[self_driving-10] [0m[INFO] [1782576102.332810640] [self_driving]: [1;36m[FSM] LINE_FOLLOW -> PARKING[0m[0m
[self_driving-10] [0m[INFO] [1782576102.826573825] [self_driving]: [OBJECTS] msg_count=221 n=1 names=['go'][0m
[self_driving-10] [0m[INFO] [1782576103.206351714] [self_driving]: [IMAGE] received count=952 shape=(480, 640, 3) queue=0[0m
[self_driving-10] [0m[INFO] [1782576103.544934010] [self_driving]: [OBJECTS] msg_count=224 n=1 names=['crosswalk'][0m
[self_driving-10] [0m[INFO] [1782576104.234303176] [self_driving]: [PARK_DONE] park_action complete -> DONE[0m
[self_driving-10] [0m[INFO] [1782576104.234755639] [self_driving]: [1;36m[FSM] PARKING -> LINE_FOLLOW[0m[0m
[self_driving-10] [0m[INFO] [1782576104.255451269] [self_driving]: [OBJECTS] msg_count=228 n=1 names=['go'][0m
[self_driving-10] [0m[INFO] [1782576104.309734898] [self_driving]: [CROSSWALK_IGNORE] y=166 < th=180[0m
[self_driving-10] [0m[INFO] [1782576104.310284287] [self_driving]: [PARK_COUNT] count=4/1 park_x=342 cw_y=166 right_done=False candidate={'cx': 342, 'cy': 128, 'area': 270, 'score': 0.33000001311302185, 'right_done': False}[0m
[self_driving-10] [0m[INFO] [1782576104.310723787] [self_driving]: [PARK_START] stop and run park_action[0m
[self_driving-10] [0m[INFO] [1782576104.315623861] [self_driving]: [1;36m[FSM] LINE_FOLLOW -> PARKING[0m[0m
[self_driving-10] [0m[INFO] [1782576104.968141528] [self_driving]: [OBJECTS] msg_count=232 n=1 names=['go'][0m
[self_driving-10] [0m[INFO] [1782576105.273290972] [self_driving]: [IMAGE] received count=983 shape=(480, 640, 3) queue=0[0m
[self_driving-10] [0m[INFO] [1782576105.714432360] [self_driving]: [OBJECTS] msg_count=236 n=1 names=['go'][0m
[self_driving-10] [0m[INFO] [1782576106.234817675] [self_driving]: [PARK_DONE] park_action complete -> DONE[0m
[self_driving-10] [0m[INFO] [1782576106.235459916] [self_driving]: [1;36m[FSM] PARKING -> LINE_FOLLOW[0m[0m
[self_driving-10] [0m[INFO] [1782576106.241377712] [self_driving]: [PARK_COUNT] count=5/1 park_x=342 cw_y=0 right_done=False candidate={'cx': 342, 'cy': 128, 'area': 270, 'score': 0.33000001311302185, 'right_done': False}[0m
[self_driving-10] [0m[INFO] [1782576106.242484953] [self_driving]: [PARK_START] stop and run park_action[0m
[self_driving-10] [0m[INFO] [1782576106.245070119] [self_driving]: [1;36m[FSM] LINE_FOLLOW -> PARKING[0m[0m
[self_driving-10] [0m[INFO] [1782576106.449976508] [self_driving]: [OBJECTS] msg_count=238 n=1 names=['go'][0m
[self_driving-10] [0m[INFO] [1782576106.454710045] [self_driving]: [PARK_CANDIDATE] valid=True cx=340 cy=128 area=270 score=0.44 right_done=False park_done=True[0m
[self_driving-10] [0m[INFO] [1782576107.199979730] [self_driving]: [OBJECTS] msg_count=242 n=1 names=['park'][0m
[self_driving-10] [0m[INFO] [1782576107.201617341] [self_driving]: [PARK_CANDIDATE] valid=True cx=340 cy=128 area=270 score=0.64 right_done=False park_done=True[0m
[self_driving-10] [0m[INFO] [1782576107.294489174] [self_driving]: [IMAGE] received count=1013 shape=(480, 640, 3) queue=0[0m
[self_driving-10] [0m[INFO] [1782576107.908555248] [self_driving]: [OBJECTS] msg_count=245 n=1 names=['park'][0m
[self_driving-10] [0m[INFO] [1782576107.909356841] [self_driving]: [PARK_CANDIDATE] valid=True cx=339 cy=129 area=288 score=0.64 right_done=False park_done=True[0m
[self_driving-10] [0m[INFO] [1782576108.151821878] [self_driving]: [PARK_DONE] park_action complete -> DONE[0m
[self_driving-10] [0m[INFO] [1782576108.152471859] [self_driving]: [1;36m[FSM] PARKING -> LINE_FOLLOW[0m[0m
[self_driving-10] [0m[INFO] [1782576108.166847692] [self_driving]: [PARK_COUNT] count=6/1 park_x=339 cw_y=0 right_done=False candidate={'cx': 339, 'cy': 129, 'area': 288, 'score': 0.6399999856948853, 'right_done': False}[0m
[self_driving-10] [0m[INFO] [1782576108.167325303] [self_driving]: [PARK_START] stop and run park_action[0m
[self_driving-10] [0m[INFO] [1782576108.167886192] [self_driving]: [1;36m[FSM] LINE_FOLLOW -> PARKING[0m[0m
[self_driving-10] [0m[INFO] [1782576108.625365285] [self_driving]: [OBJECTS] msg_count=248 n=1 names=['go'][0m
[self_driving-10] [0m[INFO] [1782576108.629221229] [self_driving]: [PARK_CANDIDATE] valid=True cx=338 cy=129 area=270 score=0.53 right_done=False park_done=True[0m
[self_driving-10] [0m[INFO] [1782576109.301374321] [self_driving]: [IMAGE] received count=1043 shape=(480, 640, 3) queue=0[0m
[self_driving-10] [0m[INFO] [1782576109.374635118] [self_driving]: [OBJECTS] msg_count=252 n=1 names=['park'][0m
[self_driving-10] [0m[INFO] [1782576109.375670488] [self_driving]: [PARK_CANDIDATE] valid=True cx=333 cy=128 area=272 score=0.59 right_done=False park_done=True[0m
[self_driving-10] [0m[INFO] [1782576110.070516099] [self_driving]: [PARK_DONE] park_action complete -> DONE[0m
[self_driving-10] [0m[INFO] [1782576110.071039673] [self_driving]: [1;36m[FSM] PARKING -> LINE_FOLLOW[0m[0m
[self_driving-10] [0m[INFO] [1782576110.089160728] [self_driving]: [OBJECTS] msg_count=256 n=1 names=['go'][0m
[self_driving-10] [0m[INFO] [1782576110.095648136] [self_driving]: [PARK_CANDIDATE] valid=True cx=336 cy=129 area=270 score=0.29 right_done=False park_done=True[0m
[self_driving-10] [0m[INFO] [1782576110.129455543] [self_driving]: [PARK_COUNT] count=7/1 park_x=336 cw_y=0 right_done=False candidate={'cx': 336, 'cy': 129, 'area': 270, 'score': 0.28999999165534973, 'right_done': False}[0m
[self_driving-10] [0m[INFO] [1782576110.132204154] [self_driving]: [PARK_START] stop and run park_action[0m
[self_driving-10] [0m[INFO] [1782576110.133827506] [self_driving]: [1;36m[FSM] LINE_FOLLOW -> PARKING[0m[0m
[self_driving-10] [0m[INFO] [1782576110.833595246] [self_driving]: [OBJECTS] msg_count=259 n=1 names=['go'][0m
[self_driving-10] [0m[INFO] [1782576110.836906728] [self_driving]: [PARK_CANDIDATE] valid=True cx=336 cy=129 area=270 score=0.40 right_done=False park_done=True[0m
[self_driving-10] [0m[INFO] [1782576111.334909783] [self_driving]: [IMAGE] received count=1073 shape=(480, 640, 3) queue=0[0m
[self_driving-10] [0m[INFO] [1782576111.574479820] [self_driving]: [OBJECTS] msg_count=263 n=1 names=['park'][0m
[self_driving-10] [0m[INFO] [1782576111.575423209] [self_driving]: [PARK_CANDIDATE] valid=True cx=333 cy=128 area=272 score=0.66 right_done=False park_done=True[0m
[self_driving-10] [0m[INFO] [1782576112.038768246] [self_driving]: [PARK_DONE] park_action complete -> DONE[0m
[self_driving-10] [0m[INFO] [1782576112.039454209] [self_driving]: [1;36m[FSM] PARKING -> LINE_FOLLOW[0m[0m
[self_driving-10] [0m[INFO] [1782576112.083400505] [self_driving]: [CROSSWALK_IGNORE] y=166 < th=180[0m
[self_driving-10] [0m[INFO] [1782576112.083932986] [self_driving]: [PARK_COUNT] count=8/1 park_x=333 cw_y=166 right_done=False candidate={'cx': 333, 'cy': 128, 'area': 272, 'score': 0.5799999833106995, 'right_done': False}[0m
[self_driving-10] [0m[INFO] [1782576112.084400597] [self_driving]: [PARK_START] stop and run park_action[0m
[self_driving-10] [0m[INFO] [1782576112.085792153] [self_driving]: [1;36m[FSM] LINE_FOLLOW -> PARKING[0m[0m
[self_driving-10] [0m[INFO] [1782576112.298137282] [self_driving]: [OBJECTS] msg_count=266 n=1 names=['park'][0m
[self_driving-10] [0m[INFO] [1782576112.299225208] [self_driving]: [PARK_CANDIDATE] valid=True cx=333 cy=128 area=272 score=0.57 right_done=False park_done=True[0m
[self_driving-10] [0m[INFO] [1782576112.984185856] [self_driving]: [OBJECTS] msg_count=269 n=1 names=['park'][0m
[self_driving-10] [0m[INFO] [1782576112.985343708] [self_driving]: [PARK_CANDIDATE] valid=True cx=333 cy=128 area=272 score=0.64 right_done=False park_done=True[0m
[self_driving-10] [0m[INFO] [1782576113.335320189] [self_driving]: [IMAGE] received count=1103 shape=(480, 640, 3) queue=0[0m
[self_driving-10] [0m[INFO] [1782576113.708097171] [self_driving]: [OBJECTS] msg_count=271 n=1 names=['park'][0m
[self_driving-10] [0m[INFO] [1782576113.708955282] [self_driving]: [PARK_CANDIDATE] valid=True cx=330 cy=129 area=255 score=0.36 right_done=False park_done=True[0m
[self_driving-10] [0m[INFO] [1782576113.990518652] [self_driving]: [PARK_DONE] park_action complete -> DONE[0m
[self_driving-10] [0m[INFO] [1782576113.991520226] [self_driving]: [1;36m[FSM] PARKING -> LINE_FOLLOW[0m[0m
[self_driving-10] [0m[INFO] [1782576114.026556356] [self_driving]: [PARK_COUNT] count=9/1 park_x=330 cw_y=0 right_done=False candidate={'cx': 330, 'cy': 129, 'area': 255, 'score': 0.36000001430511475, 'right_done': False}[0m
[self_driving-10] [0m[INFO] [1782576114.029011763] [self_driving]: [PARK_START] stop and run park_action[0m
[self_driving-10] [0m[INFO] [1782576114.032388430] [self_driving]: [1;36m[FSM] LINE_FOLLOW -> PARKING[0m[0m
[self_driving-10] [0m[INFO] [1782576114.431276670] [self_driving]: [OBJECTS] msg_count=273 n=1 names=['park'][0m
[self_driving-10] [0m[INFO] [1782576114.431981263] [self_driving]: [PARK_CANDIDATE] valid=True cx=330 cy=129 area=255 score=0.34 right_done=False park_done=True[0m
[self_driving-10] [0m[INFO] [1782576115.151882947] [self_driving]: [OBJECTS] msg_count=277 n=1 names=['park'][0m
[self_driving-10] [0m[INFO] [1782576115.152978503] [self_driving]: [PARK_CANDIDATE] valid=True cx=330 cy=129 area=255 score=0.47 right_done=False park_done=True[0m
[self_driving-10] [0m[INFO] [1782576115.359772929] [self_driving]: [IMAGE] received count=1133 shape=(480, 640, 3) queue=0[0m
[self_driving-10] [0m[INFO] [1782576115.903546169] [self_driving]: [OBJECTS] msg_count=279 n=1 names=['park'][0m
[self_driving-10] [0m[INFO] [1782576115.904322799] [self_driving]: [PARK_CANDIDATE] valid=True cx=326 cy=129 area=270 score=0.68 right_done=False park_done=True[0m
[self_driving-10] [0m[INFO] [1782576115.934753836] [self_driving]: [PARK_DONE] park_action complete -> DONE[0m
[self_driving-10] [0m[INFO] [1782576115.935310410] [self_driving]: [1;36m[FSM] PARKING -> LINE_FOLLOW[0m[0m
[self_driving-10] [0m[INFO] [1782576115.988037225] [self_driving]: [PARK_COUNT] count=10/1 park_x=326 cw_y=0 right_done=False candidate={'cx': 326, 'cy': 129, 'area': 270, 'score': 0.6800000071525574, 'right_done': False}[0m
[self_driving-10] [0m[INFO] [1782576115.988902225] [self_driving]: [PARK_START] stop and run park_action[0m
[self_driving-10] [0m[INFO] [1782576115.989717317] [self_driving]: [1;36m[FSM] LINE_FOLLOW -> PARKING[0m[0m
[self_driving-10] [0m[INFO] [1782576116.609788743] [self_driving]: [OBJECTS] msg_count=282 n=1 names=['park'][0m
[self_driving-10] [0m[INFO] [1782576116.610976595] [self_driving]: [PARK_CANDIDATE] valid=True cx=326 cy=129 area=270 score=0.66 right_done=False park_done=True[0m
[self_driving-10] [0m[INFO] [1782576117.345078317] [self_driving]: [OBJECTS] msg_count=284 n=1 names=['park'][0m
[self_driving-10] [0m[INFO] [1782576117.346334705] [self_driving]: [PARK_CANDIDATE] valid=True cx=320 cy=129 area=272 score=0.45 right_done=False park_done=True[0m
[self_driving-10] [0m[INFO] [1782576117.397062539] [self_driving]: [IMAGE] received count=1163 shape=(480, 640, 3) queue=0[0m
[self_driving-10] [0m[INFO] [1782576117.893715761] [self_driving]: [PARK_DONE] park_action complete -> DONE[0m
[self_driving-10] [0m[INFO] [1782576117.894437020] [self_driving]: [1;36m[FSM] PARKING -> LINE_FOLLOW[0m[0m
[self_driving-10] [0m[INFO] [1782576117.922223038] [self_driving]: [PARK_COUNT] count=11/1 park_x=320 cw_y=0 right_done=False candidate={'cx': 320, 'cy': 129, 'area': 255, 'score': 0.5199999809265137, 'right_done': False}[0m
[self_driving-10] [0m[INFO] [1782576117.923873705] [self_driving]: [PARK_START] stop and run park_action[0m
[self_driving-10] [0m[INFO] [1782576117.926206131] [self_driving]: [1;36m[FSM] LINE_FOLLOW -> PARKING[0m[0m
[self_driving-10] [0m[INFO] [1782576118.088210149] [self_driving]: [OBJECTS] msg_count=288 n=1 names=['park'][0m
[self_driving-10] [0m[INFO] [1782576118.089437464] [self_driving]: [PARK_CANDIDATE] valid=True cx=320 cy=129 area=255 score=0.58 right_done=False park_done=True[0m
[self_driving-10] [0m[INFO] [1782576118.799200945] [self_driving]: [OBJECTS] msg_count=291 n=1 names=['park'][0m
[self_driving-10] [0m[INFO] [1782576118.799697945] [self_driving]: [PARK_CANDIDATE] valid=True cx=320 cy=129 area=255 score=0.63 right_done=False park_done=True[0m
[self_driving-10] [0m[INFO] [1782576119.398388686] [self_driving]: [IMAGE] received count=1193 shape=(480, 640, 3) queue=0[0m
[self_driving-10] [0m[INFO] [1782576119.514524463] [self_driving]: [OBJECTS] msg_count=295 n=1 names=['park'][0m
[self_driving-10] [0m[INFO] [1782576119.515114389] [self_driving]: [PARK_CANDIDATE] valid=True cx=317 cy=129 area=288 score=0.60 right_done=False park_done=True[0m
[self_driving-10] [0m[INFO] [1782576119.830038334] [self_driving]: [PARK_DONE] park_action complete -> DONE[0m
[self_driving-10] [0m[INFO] [1782576119.830558685] [self_driving]: [1;36m[FSM] PARKING -> LINE_FOLLOW[0m[0m
[self_driving-10] [0m[INFO] [1782576119.873918278] [self_driving]: [CROSSWALK_IGNORE] y=166 < th=180[0m
[self_driving-10] [0m[INFO] [1782576119.876200834] [self_driving]: [PARK_COUNT] count=12/1 park_x=317 cw_y=166 right_done=False candidate={'cx': 317, 'cy': 129, 'area': 288, 'score': 0.6000000238418579, 'right_done': False}[0m
[self_driving-10] [0m[INFO] [1782576119.877390704] [self_driving]: [PARK_START] stop and run park_action[0m
[self_driving-10] [0m[INFO] [1782576119.879097852] [self_driving]: [1;36m[FSM] LINE_FOLLOW -> PARKING[0m[0m
[self_driving-10] [0m[INFO] [1782576120.277907222] [self_driving]: [OBJECTS] msg_count=299 n=1 names=['park'][0m
[self_driving-10] [0m[INFO] [1782576120.278794315] [self_driving]: [PARK_CANDIDATE] valid=True cx=317 cy=129 area=288 score=0.62 right_done=False park_done=True[0m
[self_driving-10] [0m[INFO] [1782576120.969260500] [self_driving]: [OBJECTS] msg_count=302 n=1 names=['park'][0m
[self_driving-10] [0m[INFO] [1782576120.970048351] [self_driving]: [PARK_CANDIDATE] valid=True cx=316 cy=128 area=255 score=0.55 right_done=False park_done=True[0m
[self_driving-10] [0m[INFO] [1782576121.417898018] [self_driving]: [IMAGE] received count=1223 shape=(480, 640, 3) queue=0[0m
[self_driving-10] [0m[INFO] [1782576121.690790314] [self_driving]: [OBJECTS] msg_count=305 n=1 names=['go'][0m
[self_driving-10] [0m[INFO] [1782576121.781496092] [self_driving]: [PARK_DONE] park_action complete -> DONE[0m
[self_driving-10] [0m[INFO] [1782576121.783820462] [self_driving]: [1;36m[FSM] PARKING -> LINE_FOLLOW[0m[0m
[self_driving-10] [0m[INFO] [1782576121.842108777] [self_driving]: [PARK_COUNT] count=13/1 park_x=310 cw_y=0 right_done=False candidate={'cx': 310, 'cy': 129, 'area': 255, 'score': 0.6800000071525574, 'right_done': False}[0m
[self_driving-10] [0m[INFO] [1782576121.845038647] [self_driving]: [PARK_START] stop and run park_action[0m
[self_driving-10] [0m[INFO] [1782576121.847961999] [self_driving]: [1;36m[FSM] LINE_FOLLOW -> PARKING[0m[0m
[self_driving-10] [0m[INFO] [1782576122.076504184] [self_driving]: [PARK_CANDIDATE] valid=True cx=310 cy=130 area=270 score=0.72 right_done=False park_done=True[0m
[self_driving-10] [0m[INFO] [1782576122.437404869] [self_driving]: [OBJECTS] msg_count=307 n=1 names=['park'][0m
[self_driving-10] [0m[INFO] [1782576122.791716628] [self_driving]: [PARK_CANDIDATE] valid=True cx=310 cy=130 area=270 score=0.73 right_done=False park_done=True[0m
[self_driving-10] [0m[INFO] [1782576123.134328128] [self_driving]: [OBJECTS] msg_count=311 n=1 names=['go'][0m
[self_driving-10] [0m[INFO] [1782576123.429963257] [self_driving]: [IMAGE] received count=1253 shape=(480, 640, 3) queue=0[0m
[self_driving-10] [0m[INFO] [1782576123.504643239] [self_driving]: [PARK_CANDIDATE] valid=True cx=308 cy=129 area=270 score=0.65 right_done=False park_done=True[0m
[self_driving-10] [0m[INFO] [1782576123.753720498] [self_driving]: [PARK_DONE] park_action complete -> DONE[0m
[self_driving-10] [0m[INFO] [1782576123.755143757] [self_driving]: [1;36m[FSM] PARKING -> LINE_FOLLOW[0m[0m
[self_driving-10] [0m[INFO] [1782576123.766214702] [self_driving]: [PARK_COUNT] count=14/1 park_x=308 cw_y=0 right_done=False candidate={'cx': 308, 'cy': 129, 'area': 270, 'score': 0.6499999761581421, 'right_done': False}[0m
[self_driving-10] [0m[INFO] [1782576123.766778109] [self_driving]: [PARK_START] stop and run park_action[0m
[self_driving-10] [0m[INFO] [1782576123.767382979] [self_driving]: [1;36m[FSM] LINE_FOLLOW -> PARKING[0m[0m
[self_driving-10] [0m[INFO] [1782576123.872260683] [self_driving]: [OBJECTS] msg_count=315 n=1 names=['go'][0m
[self_driving-10] [0m[INFO] [1782576124.269263053] [self_driving]: [PARK_CANDIDATE] valid=True cx=308 cy=129 area=270 score=0.61 right_done=False park_done=True[0m
[self_driving-10] [0m[INFO] [1782576124.624437146] [self_driving]: [OBJECTS] msg_count=319 n=1 names=['go'][0m
[self_driving-10] [0m[INFO] [1782576124.978071330] [self_driving]: [PARK_CANDIDATE] valid=True cx=307 cy=128 area=272 score=0.68 right_done=False park_done=True[0m
[self_driving-10] [0m[INFO] [1782576125.334395775] [self_driving]: [OBJECTS] msg_count=323 n=1 names=['go'][0m
[self_driving-10] [0m[INFO] [1782576125.443866275] [self_driving]: [IMAGE] received count=1283 shape=(480, 640, 3) queue=0[0m
[self_driving-10] [0m[INFO] [1782576125.672697108] [self_driving]: [PARK_DONE] park_action complete -> DONE[0m
[self_driving-10] [0m[INFO] [1782576125.673257052] [self_driving]: [1;36m[FSM] PARKING -> LINE_FOLLOW[0m[0m
[self_driving-10] [0m[INFO] [1782576125.705867867] [self_driving]: [PARK_CANDIDATE] valid=True cx=306 cy=128 area=252 score=0.34 right_done=False park_done=True[0m
[self_driving-10] [33m[WARN] [1782576125.720530237] [self_driving]: [LANE_X_JUMP_REJECT] raw=314.5 last=140.0 diff=174.5 candidate=314.5 cnt=1/4[0m
[self_driving-10] [0m[INFO] [1782576125.721348904] [self_driving]: [CROSSWALK_IGNORE] y=166 < th=180[0m
[self_driving-10] [0m[INFO] [1782576125.722296274] [self_driving]: [PARK_COUNT] count=15/1 park_x=306 cw_y=166 right_done=False candidate={'cx': 306, 'cy': 128, 'area': 252, 'score': 0.3400000035762787, 'right_done': False}[0m
[self_driving-10] [0m[INFO] [1782576125.723024571] [self_driving]: [PARK_START] stop and run park_action[0m
[self_driving-10] [0m[INFO] [1782576125.724477830] [self_driving]: [1;36m[FSM] LINE_FOLLOW -> PARKING[0m[0m
[self_driving-10] [0m[INFO] [1782576126.110805885] [self_driving]: [OBJECTS] msg_count=329 n=1 names=['park'][0m
[self_driving-10] [0m[INFO] [1782576126.790605089] [self_driving]: [OBJECTS] msg_count=330 n=1 names=['crosswalk'][0m
[self_driving-10] [0m[INFO] [1782576127.452989533] [self_driving]: [IMAGE] received count=1313 shape=(480, 640, 3) queue=0[0m
[self_driving-10] [0m[INFO] [1782576127.630240459] [self_driving]: [PARK_DONE] park_action complete -> DONE[0m
[self_driving-10] [0m[INFO] [1782576127.633051922] [self_driving]: [1;36m[FSM] PARKING -> LINE_FOLLOW[0m[0m
[self_driving-10] [0m[INFO] [1782576127.662207866] [self_driving]: [CROSSWALK_IGNORE] y=8 < th=180[0m
[self_driving-10] [0m[INFO] [1782576127.662892051] [self_driving]: [PARK_COUNT] count=16/1 park_x=306 cw_y=8 right_done=False candidate={'cx': 306, 'cy': 129, 'area': 252, 'score': 0.6100000143051147, 'right_done': False}[0m
[self_driving-10] [0m[INFO] [1782576127.663330440] [self_driving]: [PARK_START] stop and run park_action[0m
[self_driving-10] [0m[INFO] [1782576127.664097218] [self_driving]: [1;36m[FSM] LINE_FOLLOW -> PARKING[0m[0m
[self_driving-10] [0m[INFO] [1782576128.228981514] [self_driving]: [OBJECTS] msg_count=331 n=1 names=['crosswalk'][0m
[self_driving-10] [0m[INFO] [1782576129.474760957] [self_driving]: [IMAGE] received count=1343 shape=(480, 640, 3) queue=0[0m
[self_driving-10] [0m[INFO] [1782576129.569381328] [self_driving]: [PARK_DONE] park_action complete -> DONE[0m
[self_driving-10] [0m[INFO] [1782576129.570148494] [self_driving]: [1;36m[FSM] PARKING -> LINE_FOLLOW[0m[0m
[self_driving-10] [0m[INFO] [1782576129.617740902] [self_driving]: [PARK_COUNT] count=17/1 park_x=306 cw_y=306 right_done=False candidate={'cx': 306, 'cy': 129, 'area': 252, 'score': 0.6100000143051147, 'right_done': False}[0m
[self_driving-10] [0m[INFO] [1782576129.618318476] [self_driving]: [PARK_START] stop and run park_action[0m
[self_driving-10] [0m[INFO] [1782576129.620424013] [self_driving]: [1;36m[FSM] LINE_FOLLOW -> PARKING[0m[0m
[self_driving-10] [0m[INFO] [1782576131.492581308] [self_driving]: [IMAGE] received count=1372 shape=(480, 640, 3) queue=0[0m
[self_driving-10] [0m[INFO] [1782576131.526346901] [self_driving]: [PARK_DONE] park_action complete -> DONE[0m
[self_driving-10] [0m[INFO] [1782576131.526797956] [self_driving]: [1;36m[FSM] PARKING -> LINE_FOLLOW[0m[0m
[self_driving-10] [0m[INFO] [1782576131.588926901] [self_driving]: [PARK_COUNT] count=18/1 park_x=306 cw_y=306 right_done=False candidate={'cx': 306, 'cy': 129, 'area': 252, 'score': 0.6100000143051147, 'right_done': False}[0m
[self_driving-10] [0m[INFO] [1782576131.592514512] [self_driving]: [PARK_START] stop and run park_action[0m
[self_driving-10] [0m[INFO] [1782576131.593299586] [self_driving]: [1;36m[FSM] LINE_FOLLOW -> PARKING[0m[0m
[self_driving-10] [0m[INFO] [1782576133.501742066] [self_driving]: [PARK_DONE] park_action complete -> DONE[0m
[self_driving-10] [0m[INFO] [1782576133.502486011] [self_driving]: [1;36m[FSM] PARKING -> LINE_FOLLOW[0m[0m
[self_driving-10] [0m[INFO] [1782576133.527120029] [self_driving]: [IMAGE] received count=1401 shape=(480, 640, 3) queue=0[0m
[self_driving-10] [0m[INFO] [1782576133.540449270] [self_driving]: [PARK_COUNT] count=19/1 park_x=306 cw_y=306 right_done=False candidate={'cx': 306, 'cy': 129, 'area': 252, 'score': 0.6100000143051147, 'right_done': False}[0m
[self_driving-10] [0m[INFO] [1782576133.541164011] [self_driving]: [PARK_START] stop and run park_action[0m
[self_driving-10] [0m[INFO] [1782576133.542923825] [self_driving]: [1;36m[FSM] LINE_FOLLOW -> PARKING[0m[0m
[self_driving-10] [0m[INFO] [1782576135.451373787] [self_driving]: [PARK_DONE] park_action complete -> DONE[0m
[self_driving-10] [0m[INFO] [1782576135.454563232] [self_driving]: [1;36m[FSM] PARKING -> LINE_FOLLOW[0m[0m
[self_driving-10] [0m[INFO] [1782576135.458846306] [self_driving]: [CROSSWALK_SLOW] y=306 th=180 confirm=4[0m
[self_driving-10] [0m[INFO] [1782576135.459548546] [self_driving]: [TRAFFIC_NONE_RELEASE] no valid traffic -> stop=False[0m
[self_driving-10] [0m[INFO] [1782576135.463710769] [self_driving]: [PARK_COUNT] count=20/1 park_x=306 cw_y=306 right_done=False candidate={'cx': 306, 'cy': 129, 'area': 252, 'score': 0.6100000143051147, 'right_done': False}[0m
[self_driving-10] [0m[INFO] [1782576135.465090713] [self_driving]: [PARK_START] stop and run park_action[0m
[self_driving-10] [0m[INFO] [1782576135.466094102] [self_driving]: [1;36m[FSM] LINE_FOLLOW -> PARKING[0m[0m
[self_driving-10] [0m[INFO] [1782576135.593391102] [self_driving]: [IMAGE] received count=1432 shape=(480, 640, 3) queue=0[0m
[self_driving-10] [0m[INFO] [1782576137.383322175] [self_driving]: [PARK_DONE] park_action complete -> DONE[0m
[self_driving-10] [0m[INFO] [1782576137.392697638] [self_driving]: [1;36m[FSM] PARKING -> LINE_FOLLOW[0m[0m
[self_driving-10] [0m[INFO] [1782576137.403920564] [self_driving]: [TRAFFIC_NONE_RELEASE] no valid traffic -> stop=False[0m
[self_driving-10] [0m[INFO] [1782576137.404531545] [self_driving]: [PARK_COUNT] count=21/1 park_x=306 cw_y=306 right_done=False candidate={'cx': 306, 'cy': 129, 'area': 252, 'score': 0.6100000143051147, 'right_done': False}[0m
[self_driving-10] [0m[INFO] [1782576137.405210119] [self_driving]: [PARK_START] stop and run park_action[0m
[self_driving-10] [0m[INFO] [1782576137.409951212] [self_driving]: [1;36m[FSM] LINE_FOLLOW -> PARKING[0m[0m
[self_driving-10] [0m[INFO] [1782576137.607221712] [self_driving]: [IMAGE] received count=1460 shape=(480, 640, 3) queue=0[0m
[self_driving-10] [0m[INFO] [1782576139.314444100] [self_driving]: [PARK_DONE] park_action complete -> DONE[0m
[self_driving-10] [0m[INFO] [1782576139.317600970] [self_driving]: [1;36m[FSM] PARKING -> LINE_FOLLOW[0m[0m
[self_driving-10] [0m[INFO] [1782576139.378445470] [self_driving]: [TRAFFIC_NONE_RELEASE] no valid traffic -> stop=False[0m
[self_driving-10] [0m[INFO] [1782576139.378995933] [self_driving]: [CROSSWALK_SLOW_DONE] return normal speed[0m
[self_driving-10] [0m[INFO] [1782576139.379459970] [self_driving]: [PARK_COUNT] count=22/1 park_x=306 cw_y=306 right_done=False candidate={'cx': 306, 'cy': 129, 'area': 252, 'score': 0.6100000143051147, 'right_done': False}[0m
[self_driving-10] [0m[INFO] [1782576139.379847155] [self_driving]: [PARK_START] stop and run park_action[0m
[self_driving-10] [0m[INFO] [1782576139.380436155] [self_driving]: [1;36m[FSM] LINE_FOLLOW -> PARKING[0m[0m
[self_driving-10] [0m[INFO] [1782576139.613346007] [self_driving]: [IMAGE] received count=1487 shape=(480, 640, 3) queue=0[0m
[self_driving-10] [0m[INFO] [1782576141.284381247] [self_driving]: [PARK_DONE] park_action complete -> DONE[0m
[self_driving-10] [0m[INFO] [1782576141.287987543] [self_driving]: [1;36m[FSM] PARKING -> LINE_FOLLOW[0m[0m
[self_driving-10] [33m[WARN] [1782576141.312009487] [self_driving]: [LANE_X_JUMP_REJECT] raw=236.0 last=140.0 diff=96.0 candidate=236.0 cnt=1/4[0m
[self_driving-10] [0m[INFO] [1782576141.312539821] [self_driving]: [PARK_COUNT] count=23/1 park_x=306 cw_y=306 right_done=False candidate={'cx': 306, 'cy': 129, 'area': 252, 'score': 0.6100000143051147, 'right_done': False}[0m
[self_driving-10] [0m[INFO] [1782576141.312941617] [self_driving]: [PARK_START] stop and run park_action[0m
[self_driving-10] [0m[INFO] [1782576141.313492858] [self_driving]: [1;36m[FSM] LINE_FOLLOW -> PARKING[0m[0m
[self_driving-10] [0m[INFO] [1782576141.619951969] [self_driving]: [IMAGE] received count=1512 shape=(480, 640, 3) queue=0[0m
[self_driving-10] [0m[INFO] [1782576143.218229357] [self_driving]: [PARK_DONE] park_action complete -> DONE[0m
[self_driving-10] [0m[INFO] [1782576143.218769671] [self_driving]: [1;36m[FSM] PARKING -> LINE_FOLLOW[0m[0m
[self_driving-10] [0m[INFO] [1782576143.242410949] [self_driving]: [PARK_COUNT] count=24/1 park_x=306 cw_y=306 right_done=False candidate={'cx': 306, 'cy': 129, 'area': 252, 'score': 0.6100000143051147, 'right_done': False}[0m
[self_driving-10] [0m[INFO] [1782576143.242938171] [self_driving]: [PARK_START] stop and run park_action[0m
[self_driving-10] [0m[INFO] [1782576143.243784079] [self_driving]: [1;36m[FSM] LINE_FOLLOW -> PARKING[0m[0m
[self_driving-10] [0m[INFO] [1782576143.638298968] [self_driving]: [IMAGE] received count=1537 shape=(480, 640, 3) queue=0[0m
