[INFO] [launch]: All log files can be found below /home/ubuntu/.ros/log/2026-06-27-15-12-00-744080-raspberrypi-221573
[INFO] [launch]: Default logging verbosity is set to INFO
[INFO] [ascamera_node-1]: process started with pid [221583]
[INFO] [static_transform_publisher-2]: process started with pid [221585]
[INFO] [static_transform_publisher-3]: process started with pid [221587]
[INFO] [joint_state_publisher-4]: process started with pid [221589]
[INFO] [robot_state_publisher-5]: process started with pid [221591]
[INFO] [ros_robot_controller-6]: process started with pid [221594]
[INFO] [odom_publisher-7]: process started with pid [221598]
[INFO] [ekf_node-8]: process started with pid [221603]
[INFO] [yolo_detect-9]: process started with pid [221606]
[INFO] [self_driving-10]: process started with pid [221614]
[static_transform_publisher-2] [33m[WARN] [1782573121.491901417] []: Old-style arguments are deprecated; see --help for new-style arguments[0m
[static_transform_publisher-3] [33m[WARN] [1782573121.488301306] []: Old-style arguments are deprecated; see --help for new-style arguments[0m
[static_transform_publisher-3] [0m[INFO] [1782573121.520477880] [static_transform_publisher_jiEWlMk32UOqbd05]: Spinning until stopped - publishing transform
[static_transform_publisher-3] translation: ('0.000000', '0.000000', '0.000000')
[static_transform_publisher-3] rotation: ('-0.500000', '0.499602', '-0.500000', '0.500398')
[static_transform_publisher-3] from 'depth_cam' to 'ascamera_color_0'[0m
[static_transform_publisher-2] [0m[INFO] [1782573121.539712621] [static_transform_publisher_QyKrL9u8R4SQoaTk]: Spinning until stopped - publishing transform
[static_transform_publisher-2] translation: ('0.000000', '0.000000', '0.000000')
[static_transform_publisher-2] rotation: ('-0.500000', '0.499602', '-0.500000', '0.500398')
[static_transform_publisher-2] from 'depth_cam' to 'ascamera_camera_link_0'[0m
[robot_state_publisher-5] [0m[INFO] [1782573121.556447232] [robot_state_publisher]: got segment base_footprint[0m
[ascamera_node-1] [0m[INFO] [1782573121.558208435] [as_logger]: hello world angstrong camera ros2 node[0m
[robot_state_publisher-5] [0m[INFO] [1782573121.561993232] [robot_state_publisher]: got segment base_link[0m
[robot_state_publisher-5] [0m[INFO] [1782573121.562012602] [robot_state_publisher]: got segment depth_cam[0m
[robot_state_publisher-5] [0m[INFO] [1782573121.562026361] [robot_state_publisher]: got segment imu_link[0m
[robot_state_publisher-5] [0m[INFO] [1782573121.562033639] [robot_state_publisher]: got segment lidar_frame[0m
[robot_state_publisher-5] [0m[INFO] [1782573121.562040361] [robot_state_publisher]: got segment wheel_lb_Link[0m
[robot_state_publisher-5] [0m[INFO] [1782573121.562047602] [robot_state_publisher]: got segment wheel_lf_Link[0m
[robot_state_publisher-5] [0m[INFO] [1782573121.562053954] [robot_state_publisher]: got segment wheel_rb_Link[0m
[robot_state_publisher-5] [0m[INFO] [1782573121.562060787] [robot_state_publisher]: got segment wheel_rf_Link[0m
[ascamera_node-1] 2026-06-27 15:12:01[INFO] [CameraPublisher.cpp] [1558] [printLaunchParams] get depth_width 640
[ascamera_node-1] 2026-06-27 15:12:01[INFO] [CameraPublisher.cpp] [1559] [printLaunchParams] get depth_height 480
[ascamera_node-1] 2026-06-27 15:12:01[INFO] [CameraPublisher.cpp] [1561] [printLaunchParams] get rgb_width 640
[ascamera_node-1] 2026-06-27 15:12:01[INFO] [CameraPublisher.cpp] [1562] [printLaunchParams] get rgb_height 480
[ascamera_node-1] 2026-06-27 15:12:01[INFO] [CameraPublisher.cpp] [1570] [printLaunchParams] get set_fps 15
[ascamera_node-1] 2026-06-27 15:12:01[INFO] [CameraPublisher.cpp] [1578] [printLaunchParams] get color_pcl 1
[ascamera_node-1] 2026-06-27 15:12:01[INFO] [CameraPublisher.cpp] [1582] [printLaunchParams] get pub_tfTree 1
[ascamera_node-1] 2026-06-27 15:12:01[INFO] [CameraSrv.cpp] [35] [CameraSrv] Angstrong camera server
[ascamera_node-1] 2026-06-27 15:12:01[INFO] [CameraSrv.cpp] [45] [CameraSrv] Angstrong camera sdk version:v1.2.22.20240516
[joint_state_publisher-4] [0m[INFO] [1782573122.238705954] [joint_state_publisher]: Waiting for robot_description to be published on the robot_description topic...[0m
[odom_publisher-7] [0m[INFO] [1782573122.461851342] [odom_publisher]: [1;32m0.930000 1.010000[0m[0m
[odom_publisher-7] [0m[INFO] [1782573122.479338379] [odom_publisher]: [1;32mstart[0m[0m
[ascamera_node-1] 2026-06-27 15:12:02[INFO] [CameraSrv.cpp] [114] [onAttached] attached
[ascamera_node-1] 2026-06-27 15:12:02[INFO] [CameraSrv.cpp] [145] [onAttached] this is a new attach device, create and open it
[ros_robot_controller-6] [0m[INFO] [1782573122.841931750] [ros_robot_controller]: 已设置舵机 1 的偏移量为 0[0m
[ros_robot_controller-6] [0m[INFO] [1782573122.843526287] [ros_robot_controller]: 已设置舵机 2 的偏移量为 0[0m
[ros_robot_controller-6] [0m[INFO] [1782573122.845172027] [ros_robot_controller]: 已设置舵机 3 的偏移量为 4[0m
[ros_robot_controller-6] [0m[INFO] [1782573122.846033712] [ros_robot_controller]: 已设置舵机 4 的偏移量为 0[0m
[ros_robot_controller-6] [0m[INFO] [1782573122.851294361] [ros_robot_controller]: [1;32mstart[0m[0m
[self_driving-10] [0m[INFO] [1782573123.004854749] [self_driving]: [INIT] init_process started[0m
[self_driving-10] [0m[INFO] [1782573123.005395305] [self_driving]: [INIT] only_line_follow=False[0m
[self_driving-10] [0m[INFO] [1782573123.006251842] [self_driving]: [INIT] request /yolov5/start[0m
[ascamera_node-1] 2026-06-27 15:12:03[INFO] [CameraSrv.cpp] [154] [onAttached] get model type 9
[ascamera_node-1] 2026-06-27 15:12:03[INFO] [CameraSrv.cpp] [342] [getConfigFile] get file: /home/ubuntu/third_party_ros2/third_party_ws/src/ascamera/configurationfiles/hp60c_v2_00_20230704_configEncrypt.json
[ascamera_node-1] 2026-06-27 15:12:03[INFO] [CameraPublisher.cpp] [1501] [logCameraPathInfo] usb camera
[ascamera_node-1] 2026-06-27 15:12:03[INFO] [CameraPublisher.cpp] [1502] [logCameraPathInfo] bnum:1
[ascamera_node-1] 2026-06-27 15:12:03[INFO] [CameraPublisher.cpp] [1503] [logCameraPathInfo] dnum:3
[ascamera_node-1] 2026-06-27 15:12:03[INFO] [CameraPublisher.cpp] [1504] [logCameraPathInfo] port_numbers:2
[ascamera_node-1] 2026-06-27 15:12:03[INFO] [CameraPublisher.cpp] [171] [onCameraAttached] create a new publisher info set
[ascamera_node-1] 2026-06-27 15:12:03[INFO] [TfTreeFrameIdInfo.cpp] [11] [TfTreeFrameIdInfo] Namespace /ascamera
[ascamera_node-1] 2026-06-27 15:12:03[INFO] [CameraHp60c.cpp] [128] [open] according to the configuration file.
[ascamera_node-1] 2026-06-27 15:12:03[INFO] [CameraHp60c.cpp] [1528] [parseConfigFileParameter] moduleName:AS_CAM_HP60C
[ascamera_node-1] 2026-06-27 15:12:03[INFO] [CameraHp60c.cpp] [1555] [parseConfigFileParameter] Parsing config file /home/ubuntu/third_party_ros2/third_party_ws/src/ascamera/configurationfiles/hp60c_v2_00_20230704_configEncrypt.json
[ascamera_node-1] 2026-06-27 15:12:03[INFO] [CameraHp60c.cpp] [1620] [parseConfigFileParameter] configuration protocol Version: v2.x
[ascamera_node-1] 2026-06-27 15:12:03[INFO] [CameraHp60c.cpp] [1631] [parseConfigFileParameter] configuration Version: v2.0.0.20230704
[ascamera_node-1] 2026-06-27 15:12:03[INFO] [CameraHp60c.cpp] [1796] [setParamersAfterOpenCam] Camera confiParaEnable true, setting configuration parameter
[self_driving-10] [33m[WARN] [1782573125.009308063] [self_driving]: [YOLO_SERVICE] service not ready, continue without blocking[0m
[ascamera_node-1] 2026-06-27 15:12:05[ERROR] [XuCmdCameraHp60c.cpp] [454] [getMjpegSize] get mjpeg from xu command failed
[ascamera_node-1] 2026-06-27 15:12:05[INFO] [XuCmdCameraHp60c.cpp] [458] [getMjpegSize] mjpeg size:640x480
[ascamera_node-1] 2026-06-27 15:12:05[INFO] [CameraPublisher.cpp] [356] [onCameraOpen] camera opened
[ascamera_node-1] 2026-06-27 15:12:05[INFO] [CameraPublisher.cpp] [370] [onCameraOpen] get config info, ret 0, is_Registration 1
[ascamera_node-1] 2026-06-27 15:12:05[INFO] [Camera.cpp] [61] [init] #camera[0x55561e01a710] SN[ASC60CF08000515]'s firmware version:DLS_VERc20865=:V01.09_2024110714:V01.19_2024110714:L01
[ascamera_node-1] 2026-06-27 15:12:05[INFO] [CameraPublisher.cpp] [1183] [setResolution] set depth resolution: 640 x 480 @ 15fps
[ascamera_node-1] 2026-06-27 15:12:05[INFO] [CameraPublisher.cpp] [1197] [setResolution] set rgb resolution: 640 x 480 @ 15fps
[ascamera_node-1] 2026-06-27 15:12:05[INFO] [CameraHp60c.cpp] [260] [startStreaming] start streaming
[ascamera_node-1] 2026-06-27 15:12:05[INFO] [CameraSrv.cpp] [202] [onAttached] attached end
[self_driving-10] [0m[INFO] [1782573125.510425785] [self_driving]: [INIT] enter + set_running start[0m
[self_driving-10] [0m[INFO] [1782573125.510917952] [self_driving]: [1;32mself driving enter[0m[0m
[self_driving-10] [0m[INFO] [1782573125.518837896] [self_driving]: [SUB] image=/ascamera/camera_publisher/rgb0/image object=/yolov5_ros2/object_detect[0m
[self_driving-10] [0m[INFO] [1782573125.519707081] [self_driving]: [1;32mset_running[0m[0m
[self_driving-10] [0m[INFO] [1782573125.522160378] [self_driving]: [1;32m[START] hybrid self_driving start: auto LINE_FOLLOW[0m[0m
[INFO] [apply_calib-11]: process started with pid [221769]
[INFO] [complementary_filter_node-12]: process started with pid [221771]
[complementary_filter_node-12] [0m[INFO] [1782573126.522907210] [imu_filter]: Starting ComplementaryFilterROS[0m
[ascamera_node-1] 2026-06-27 15:12:06[INFO] [CameraHp60c.cpp] [912] [setInternalParameter] mjpeg info: size(640x480)
[ascamera_node-1] 2026-06-27 15:12:07[INFO] [Camera.cpp] [127] [backgroundThread] SN [ ASC60CF08000515 ]'s parameter:
[ascamera_node-1] 2026-06-27 15:12:07[INFO] [Camera.cpp] [128] [backgroundThread] irfx: 426.962
[ascamera_node-1] 2026-06-27 15:12:07[INFO] [Camera.cpp] [129] [backgroundThread] irfy: 426.374
[ascamera_node-1] 2026-06-27 15:12:07[INFO] [Camera.cpp] [130] [backgroundThread] ircx: 315.403
[ascamera_node-1] 2026-06-27 15:12:07[INFO] [Camera.cpp] [131] [backgroundThread] ircy: 240.933
[ascamera_node-1] 2026-06-27 15:12:07[INFO] [Camera.cpp] [132] [backgroundThread] rgbfx: 570.48
[ascamera_node-1] 2026-06-27 15:12:07[INFO] [Camera.cpp] [133] [backgroundThread] rgbfy: 569.949
[ascamera_node-1] 2026-06-27 15:12:07[INFO] [Camera.cpp] [134] [backgroundThread] rgbcx: 329.75
[ascamera_node-1] 2026-06-27 15:12:07[INFO] [Camera.cpp] [135] [backgroundThread] rgbcy: 238.406
[ascamera_node-1] 
[ascamera_node-1] 2026-06-27 15:12:07[INFO] [CameraHp60c.cpp] [1149] [streamCallback] set gain ret 0, gain 4
[apply_calib-11] [0m[INFO] [1782573127.527942413] [imu_calib]: Calibrating gyros; do not move the IMU[0m
[self_driving-10] [0m[INFO] [1782573127.554088006] [self_driving]: [IMAGE] received count=1 shape=(480, 640, 3) queue=0[0m
[self_driving-10] [0m[INFO] [1782573127.735086580] [self_driving]: [DEBUG_DRIVE] state=LINE_FOLLOW raw_lane_x=119.0 lane_x=119.0 filter=init linear=0.30 angular=0.10 cw_y=0 right_done=False start_turn=False count_turn=0 traffic=None stop=False[0m
[yolo_detect-9] [0m[INFO] [1782573128.182009209] [yolov5_ros2]: Current ROS 2 distribution: humble[0m
[self_driving-10] [0m[INFO] [1782573128.264562876] [self_driving]: [DEBUG_DRIVE] state=LINE_FOLLOW raw_lane_x=133.5 lane_x=133.5 filter=stable linear=0.30 angular=-0.10 cw_y=0 right_done=False start_turn=False count_turn=0 traffic=None stop=False[0m
[self_driving-10] [0m[INFO] [1782573128.771361931] [self_driving]: [DEBUG_DRIVE] state=LINE_FOLLOW raw_lane_x=142.5 lane_x=142.5 filter=stable linear=0.30 angular=-0.10 cw_y=0 right_done=False start_turn=False count_turn=0 traffic=None stop=False[0m
[self_driving-10] [0m[INFO] [1782573129.049633301] [self_driving]: [OBJECTS] msg_count=1 n=1 names=['crosswalk'][0m
[self_driving-10] [0m[INFO] [1782573129.322358060] [self_driving]: [CROSSWALK_SLOW] y=200 th=180 confirm=4[0m
[self_driving-10] [0m[INFO] [1782573129.323308986] [self_driving]: [DEBUG_DRIVE] state=LINE_FOLLOW raw_lane_x=135.5 lane_x=135.5 filter=stable linear=0.15 angular=-0.10 cw_y=200 right_done=False start_turn=False count_turn=0 traffic=None stop=False[0m
[self_driving-10] [0m[INFO] [1782573129.568808060] [self_driving]: [IMAGE] received count=26 shape=(480, 640, 3) queue=0[0m
[apply_calib-11] [0m[INFO] [1782573129.652713968] [imu_calib]: Gyro calibration complete! (bias = [-0.010, 0.021, -0.018])[0m
[self_driving-10] [0m[INFO] [1782573129.831266338] [self_driving]: [OBJECTS] msg_count=7 n=1 names=['crosswalk'][0m
[self_driving-10] [0m[INFO] [1782573129.905253634] [self_driving]: [DEBUG_DRIVE] state=LINE_FOLLOW raw_lane_x=123.5 lane_x=123.5 filter=stable linear=0.15 angular=0.10 cw_y=202 right_done=False start_turn=False count_turn=0 traffic=None stop=False[0m
[self_driving-10] [0m[INFO] [1782573130.468902301] [self_driving]: [CROSSWALK_IGNORE] y=6 < th=180[0m
[self_driving-10] [0m[INFO] [1782573130.472702060] [self_driving]: [DEBUG_DRIVE] state=LINE_FOLLOW raw_lane_x=139.5 lane_x=139.5 filter=stable linear=0.15 angular=-0.10 cw_y=6 right_done=False start_turn=False count_turn=0 traffic=None stop=False[0m
[self_driving-10] [0m[INFO] [1782573130.639485134] [self_driving]: [OBJECTS] msg_count=14 n=1 names=['crosswalk'][0m
[self_driving-10] [0m[INFO] [1782573131.011584615] [self_driving]: [DEBUG_DRIVE] state=LINE_FOLLOW raw_lane_x=128.5 lane_x=128.5 filter=stable linear=0.15 angular=-0.10 cw_y=227 right_done=False start_turn=False count_turn=0 traffic=None stop=False[0m
[self_driving-10] [0m[INFO] [1782573131.375825522] [self_driving]: [OBJECTS] msg_count=21 n=1 names=['crosswalk'][0m
[self_driving-10] [0m[INFO] [1782573131.581951318] [self_driving]: [IMAGE] received count=51 shape=(480, 640, 3) queue=0[0m
[self_driving-10] [0m[INFO] [1782573131.590569022] [self_driving]: [DEBUG_DRIVE] state=LINE_FOLLOW raw_lane_x=128.0 lane_x=128.0 filter=stable linear=0.15 angular=0.10 cw_y=235 right_done=False start_turn=False count_turn=0 traffic=None stop=False[0m
[self_driving-10] [0m[INFO] [1782573132.068168688] [self_driving]: [CROSSWALK_SLOW_DONE] return normal speed[0m
[self_driving-10] [0m[INFO] [1782573132.088690540] [self_driving]: [OBJECTS] msg_count=23 n=1 names=['crosswalk'][0m
[self_driving-10] [0m[INFO] [1782573132.172405485] [self_driving]: [DEBUG_DRIVE] state=LINE_FOLLOW raw_lane_x=127.5 lane_x=127.5 filter=stable linear=0.30 angular=0.10 cw_y=254 right_done=False start_turn=False count_turn=0 traffic=None stop=False[0m
[self_driving-10] [0m[INFO] [1782573132.392584911] [self_driving]: [CROSSWALK_SLOW] y=254 th=180 confirm=4[0m
[self_driving-10] [0m[INFO] [1782573132.715181947] [self_driving]: [DEBUG_DRIVE] state=LINE_FOLLOW raw_lane_x=126.5 lane_x=126.5 filter=stable linear=0.15 angular=0.10 cw_y=272 right_done=False start_turn=False count_turn=0 traffic=None stop=False[0m
[self_driving-10] [0m[INFO] [1782573132.816981781] [self_driving]: [OBJECTS] msg_count=25 n=1 names=['crosswalk'][0m
[self_driving-10] [0m[INFO] [1782573133.286665614] [self_driving]: [DEBUG_DRIVE] state=LINE_FOLLOW raw_lane_x=144.5 lane_x=144.5 filter=stable linear=0.15 angular=-0.10 cw_y=416 right_done=False start_turn=False count_turn=0 traffic=None stop=False[0m
[self_driving-10] [0m[INFO] [1782573133.526452410] [self_driving]: [OBJECTS] msg_count=28 n=1 names=['crosswalk'][0m
[self_driving-10] [0m[INFO] [1782573133.607427891] [self_driving]: [IMAGE] received count=76 shape=(480, 640, 3) queue=0[0m
[self_driving-10] [0m[INFO] [1782573133.846303687] [self_driving]: [DEBUG_DRIVE] state=LINE_FOLLOW raw_lane_x=130.0 lane_x=130.0 filter=stable linear=0.15 angular=-0.10 cw_y=350 right_done=False start_turn=False count_turn=0 traffic=None stop=False[0m
[self_driving-10] [0m[INFO] [1782573134.279192354] [self_driving]: [OBJECTS] msg_count=30 n=1 names=['crosswalk'][0m
[self_driving-10] [0m[INFO] [1782573134.421242891] [self_driving]: [DEBUG_DRIVE] state=LINE_FOLLOW raw_lane_x=124.5 lane_x=124.5 filter=stable linear=0.15 angular=0.10 cw_y=441 right_done=False start_turn=False count_turn=0 traffic=None stop=False[0m
[self_driving-10] [0m[INFO] [1782573134.976017520] [self_driving]: [DEBUG_DRIVE] state=LINE_FOLLOW raw_lane_x=136.5 lane_x=136.5 filter=stable linear=0.15 angular=-0.10 cw_y=441 right_done=False start_turn=False count_turn=0 traffic=None stop=False[0m
[self_driving-10] [0m[INFO] [1782573135.067176761] [self_driving]: [CROSSWALK_SLOW_DONE] return normal speed[0m
[self_driving-10] [0m[INFO] [1782573135.385451446] [self_driving]: [CROSSWALK_SLOW] y=441 th=180 confirm=4[0m
[self_driving-10] [0m[INFO] [1782573135.532850094] [self_driving]: [DEBUG_DRIVE] state=LINE_FOLLOW raw_lane_x=152.0 lane_x=152.0 filter=stable linear=0.15 angular=-0.10 cw_y=441 right_done=False start_turn=False count_turn=0 traffic=None stop=False[0m
[self_driving-10] [0m[INFO] [1782573135.614648390] [self_driving]: [IMAGE] received count=101 shape=(480, 640, 3) queue=0[0m
[self_driving-10] [0m[INFO] [1782573136.115604982] [self_driving]: [DEBUG_DRIVE] state=LINE_FOLLOW raw_lane_x=125.5 lane_x=125.5 filter=stable linear=0.15 angular=0.10 cw_y=441 right_done=False start_turn=False count_turn=0 traffic=None stop=False[0m
[self_driving-10] [0m[INFO] [1782573136.665269019] [self_driving]: [DEBUG_DRIVE] state=LINE_FOLLOW raw_lane_x=121.0 lane_x=121.0 filter=stable linear=0.15 angular=0.10 cw_y=441 right_done=False start_turn=False count_turn=0 traffic=None stop=False[0m
[self_driving-10] [0m[INFO] [1782573137.168471130] [self_driving]: [DEBUG_DRIVE] state=LINE_FOLLOW raw_lane_x=131.5 lane_x=131.5 filter=stable linear=0.15 angular=0.10 cw_y=441 right_done=False start_turn=False count_turn=0 traffic=None stop=False[0m
[self_driving-10] [0m[INFO] [1782573137.626506389] [self_driving]: [IMAGE] received count=126 shape=(480, 640, 3) queue=0[0m
[self_driving-10] [0m[INFO] [1782573137.707047463] [self_driving]: [DEBUG_DRIVE] state=LINE_FOLLOW raw_lane_x=137.0 lane_x=137.0 filter=stable linear=0.15 angular=-0.10 cw_y=441 right_done=False start_turn=False count_turn=0 traffic=None stop=False[0m
[self_driving-10] [0m[INFO] [1782573137.797400537] [self_driving]: [OBJECTS] msg_count=31 n=1 names=['crosswalk'][0m
[self_driving-10] [0m[INFO] [1782573138.115965037] [self_driving]: [CROSSWALK_SLOW_DONE] return normal speed[0m
[self_driving-10] [0m[INFO] [1782573138.210375148] [self_driving]: [DEBUG_DRIVE] state=LINE_FOLLOW raw_lane_x=135.5 lane_x=135.5 filter=stable linear=0.30 angular=-0.10 cw_y=339 right_done=False start_turn=False count_turn=0 traffic=None stop=False[0m
[self_driving-10] [0m[INFO] [1782573138.448054407] [self_driving]: [CROSSWALK_SLOW] y=339 th=180 confirm=4[0m
[self_driving-10] [0m[INFO] [1782573138.767408647] [self_driving]: [DEBUG_DRIVE] state=LINE_FOLLOW raw_lane_x=202.5 lane_x=202.5 filter=stable linear=0.15 angular=-0.45 cw_y=339 right_done=False start_turn=False count_turn=2 traffic=None stop=False[0m
[self_driving-10] [0m[INFO] [1782573139.324689647] [self_driving]: [DEBUG_DRIVE] state=LINE_FOLLOW raw_lane_x=196.5 lane_x=196.5 filter=stable linear=0.15 angular=-0.10 cw_y=339 right_done=False start_turn=False count_turn=0 traffic=None stop=False[0m
[self_driving-10] [0m[INFO] [1782573139.638835536] [self_driving]: [IMAGE] received count=151 shape=(480, 640, 3) queue=0[0m
[self_driving-10] [33m[WARN] [1782573139.887309591] [self_driving]: [LANE_X_JUMP_REJECT] raw=113.5 last=287.5 diff=174.0 candidate=113.5 cnt=1/4[0m
[self_driving-10] [0m[INFO] [1782573139.889487147] [self_driving]: [DEBUG_DRIVE] state=LINE_FOLLOW raw_lane_x=113.5 lane_x=287.5 filter=jump_reject linear=0.15 angular=-0.45 cw_y=339 right_done=False start_turn=True count_turn=1 traffic=None stop=False[0m
[self_driving-10] [0m[INFO] [1782573140.365008758] [self_driving]: [LANE_X_JUMP_ACCEPT] raw=181.0 last=181.0 cnt=4/4[0m
[self_driving-10] [0m[INFO] [1782573140.460328387] [self_driving]: [DEBUG_DRIVE] state=LINE_FOLLOW raw_lane_x=205.5 lane_x=205.5 filter=stable linear=0.15 angular=-0.45 cw_y=339 right_done=False start_turn=True count_turn=1 traffic=None stop=False[0m
[self_driving-10] [0m[INFO] [1782573141.021342424] [self_driving]: [DEBUG_DRIVE] state=LINE_FOLLOW raw_lane_x=240.0 lane_x=240.0 filter=stable linear=0.15 angular=-0.45 cw_y=339 right_done=False start_turn=True count_turn=8 traffic=None stop=False[0m
[self_driving-10] [0m[INFO] [1782573141.177854331] [self_driving]: [CROSSWALK_SLOW_DONE] return normal speed[0m
[self_driving-10] [0m[INFO] [1782573141.506717664] [self_driving]: [CROSSWALK_SLOW] y=339 th=180 confirm=4[0m
[self_driving-10] [0m[INFO] [1782573141.596465312] [self_driving]: [DEBUG_DRIVE] state=LINE_FOLLOW raw_lane_x=302.5 lane_x=302.5 filter=stable linear=0.15 angular=-0.45 cw_y=339 right_done=False start_turn=True count_turn=15 traffic=None stop=False[0m
[self_driving-10] [0m[INFO] [1782573141.656727109] [self_driving]: [IMAGE] received count=176 shape=(480, 640, 3) queue=0[0m
[self_driving-10] [0m[INFO] [1782573142.152081090] [self_driving]: [DEBUG_DRIVE] state=LINE_FOLLOW raw_lane_x=249.5 lane_x=249.5 filter=stable linear=0.15 angular=-0.45 cw_y=339 right_done=False start_turn=True count_turn=22 traffic=None stop=False[0m
[self_driving-10] [0m[INFO] [1782573142.566984145] [self_driving]: [OBJECTS] msg_count=32 n=1 names=['crosswalk'][0m
[self_driving-10] [0m[INFO] [1782573142.721083478] [self_driving]: [CROSSWALK_IGNORE] y=175 < th=180[0m
[self_driving-10] [0m[INFO] [1782573142.722304830] [self_driving]: [DEBUG_DRIVE] state=LINE_FOLLOW raw_lane_x=143.0 lane_x=143.0 filter=stable linear=0.15 angular=-0.10 cw_y=175 right_done=False start_turn=False count_turn=0 traffic=None stop=False[0m
[self_driving-10] [0m[INFO] [1782573143.270000923] [self_driving]: [CROSSWALK_IGNORE] y=175 < th=180[0m
[self_driving-10] [0m[INFO] [1782573143.271749034] [self_driving]: [DEBUG_DRIVE] state=LINE_FOLLOW raw_lane_x=138.0 lane_x=138.0 filter=stable linear=0.15 angular=-0.10 cw_y=175 right_done=False start_turn=False count_turn=0 traffic=None stop=False[0m
[self_driving-10] [0m[INFO] [1782573143.636327237] [self_driving]: [OBJECTS] msg_count=37 n=1 names=['go'][0m
[self_driving-10] [0m[INFO] [1782573143.702107570] [self_driving]: [IMAGE] received count=201 shape=(480, 640, 3) queue=0[0m
[self_driving-10] [0m[INFO] [1782573143.771877682] [self_driving]: [CROSSWALK_IGNORE] y=176 < th=180[0m
[self_driving-10] [0m[INFO] [1782573143.772598552] [self_driving]: [DEBUG_DRIVE] state=LINE_FOLLOW raw_lane_x=138.0 lane_x=138.0 filter=stable linear=0.15 angular=-0.10 cw_y=176 right_done=False start_turn=False count_turn=0 traffic=None stop=False[0m
[self_driving-10] [0m[INFO] [1782573144.246358700] [self_driving]: [CROSSWALK_SLOW_DONE] return normal speed[0m
[self_driving-10] [0m[INFO] [1782573144.325602552] [self_driving]: [CROSSWALK_IGNORE] y=177 < th=180[0m
[self_driving-10] [0m[INFO] [1782573144.325872515] [self_driving]: [OBJECTS] msg_count=43 n=1 names=['go'][0m
[self_driving-10] [0m[INFO] [1782573144.328195033] [self_driving]: [DEBUG_DRIVE] state=LINE_FOLLOW raw_lane_x=132.0 lane_x=132.0 filter=stable linear=0.30 angular=0.10 cw_y=177 right_done=False start_turn=False count_turn=0 traffic=None stop=False[0m
[self_driving-10] [0m[INFO] [1782573144.895026699] [self_driving]: [DEBUG_DRIVE] state=LINE_FOLLOW raw_lane_x=148.5 lane_x=148.5 filter=stable linear=0.30 angular=-0.10 cw_y=180 right_done=False start_turn=False count_turn=0 traffic=None stop=False[0m
[self_driving-10] [0m[INFO] [1782573144.977403496] [self_driving]: [CROSSWALK_SLOW] y=180 th=180 confirm=4[0m
[self_driving-10] [0m[INFO] [1782573145.026217884] [self_driving]: [OBJECTS] msg_count=48 n=1 names=['go'][0m
[self_driving-10] [0m[INFO] [1782573145.452599143] [self_driving]: [DEBUG_DRIVE] state=LINE_FOLLOW raw_lane_x=143.0 lane_x=143.0 filter=stable linear=0.15 angular=-0.10 cw_y=183 right_done=False start_turn=False count_turn=0 traffic=None stop=False[0m
[self_driving-10] [0m[INFO] [1782573145.695643014] [self_driving]: [OBJECTS] msg_count=54 n=1 names=['crosswalk'][0m
[self_driving-10] [0m[INFO] [1782573145.781209125] [self_driving]: [IMAGE] received count=227 shape=(480, 640, 3) queue=0[0m
[self_driving-10] [0m[INFO] [1782573146.012209347] [self_driving]: [DEBUG_DRIVE] state=LINE_FOLLOW raw_lane_x=132.0 lane_x=132.0 filter=stable linear=0.15 angular=-0.10 cw_y=187 right_done=False start_turn=False count_turn=0 traffic=None stop=False[0m
[self_driving-10] [0m[INFO] [1782573146.364068624] [self_driving]: [OBJECTS] msg_count=59 n=1 names=['crosswalk'][0m
[self_driving-10] [0m[INFO] [1782573146.576086587] [self_driving]: [DEBUG_DRIVE] state=LINE_FOLLOW raw_lane_x=133.0 lane_x=133.0 filter=stable linear=0.15 angular=-0.10 cw_y=193 right_done=False start_turn=False count_turn=0 traffic=None stop=False[0m
[self_driving-10] [0m[INFO] [1782573147.067779476] [self_driving]: [OBJECTS] msg_count=65 n=1 names=['crosswalk'][0m
[self_driving-10] [0m[INFO] [1782573147.150686754] [self_driving]: [DEBUG_DRIVE] state=LINE_FOLLOW raw_lane_x=128.5 lane_x=128.5 filter=stable linear=0.15 angular=0.10 cw_y=0 right_done=False start_turn=False count_turn=0 traffic=None stop=False[0m
[self_driving-10] [0m[INFO] [1782573147.717267531] [self_driving]: [CROSSWALK_SLOW_DONE] return normal speed[0m
[self_driving-10] [0m[INFO] [1782573147.718104753] [self_driving]: [DEBUG_DRIVE] state=LINE_FOLLOW raw_lane_x=121.0 lane_x=121.0 filter=stable linear=0.15 angular=0.10 cw_y=302 right_done=False start_turn=False count_turn=0 traffic=None stop=False[0m
[self_driving-10] [0m[INFO] [1782573147.761577920] [self_driving]: [OBJECTS] msg_count=71 n=1 names=['crosswalk'][0m
[self_driving-10] [0m[INFO] [1782573147.767806494] [self_driving]: [TRAFFIC_CANDIDATE] name=green valid=False cx=632 cy=129 area=252 score=0.44 min_area=800[0m
[self_driving-10] [0m[INFO] [1782573147.800736642] [self_driving]: [IMAGE] received count=252 shape=(480, 640, 3) queue=0[0m
[self_driving-10] [0m[INFO] [1782573148.269674420] [self_driving]: [DEBUG_DRIVE] state=LINE_FOLLOW raw_lane_x=150.0 lane_x=150.0 filter=stable linear=0.30 angular=-0.10 cw_y=215 right_done=False start_turn=False count_turn=0 traffic=None stop=False[0m
[self_driving-10] [0m[INFO] [1782573148.356559845] [self_driving]: [CROSSWALK_SLOW] y=215 th=180 confirm=4[0m
[self_driving-10] [0m[INFO] [1782573148.439717475] [self_driving]: [OBJECTS] msg_count=78 n=1 names=['go'][0m
[self_driving-10] [0m[INFO] [1782573148.776117993] [self_driving]: [DEBUG_DRIVE] state=LINE_FOLLOW raw_lane_x=143.5 lane_x=143.5 filter=stable linear=0.15 angular=-0.10 cw_y=406 right_done=False start_turn=False count_turn=0 traffic=None stop=False[0m
[self_driving-10] [0m[INFO] [1782573149.133636289] [self_driving]: [OBJECTS] msg_count=83 n=1 names=['crosswalk'][0m
[self_driving-10] [0m[INFO] [1782573149.342472845] [self_driving]: [DEBUG_DRIVE] state=LINE_FOLLOW raw_lane_x=134.5 lane_x=134.5 filter=stable linear=0.15 angular=-0.10 cw_y=468 right_done=False start_turn=False count_turn=0 traffic=None stop=False[0m
[self_driving-10] [0m[INFO] [1782573149.823802678] [self_driving]: [OBJECTS] msg_count=88 n=1 names=['crosswalk'][0m
[self_driving-10] [0m[INFO] [1782573149.877099270] [self_driving]: [IMAGE] received count=278 shape=(480, 640, 3) queue=0[0m
[self_driving-10] [0m[INFO] [1782573149.890868400] [self_driving]: [DEBUG_DRIVE] state=LINE_FOLLOW raw_lane_x=145.5 lane_x=145.5 filter=stable linear=0.15 angular=-0.10 cw_y=0 right_done=False start_turn=False count_turn=0 traffic=None stop=False[0m
[self_driving-10] [0m[INFO] [1782573150.448857937] [self_driving]: [DEBUG_DRIVE] state=LINE_FOLLOW raw_lane_x=125.0 lane_x=125.0 filter=stable linear=0.15 angular=0.09 cw_y=0 right_done=False start_turn=False count_turn=0 traffic=None stop=False[0m
[self_driving-10] [0m[INFO] [1782573150.475967585] [self_driving]: [OBJECTS] msg_count=92 n=1 names=['go'][0m
[self_driving-10] [0m[INFO] [1782573151.013673677] [self_driving]: [DEBUG_DRIVE] state=LINE_FOLLOW raw_lane_x=131.0 lane_x=131.0 filter=stable linear=0.15 angular=0.10 cw_y=297 right_done=False start_turn=False count_turn=0 traffic=None stop=False[0m
[self_driving-10] [0m[INFO] [1782573151.111417603] [self_driving]: [CROSSWALK_SLOW_DONE] return normal speed[0m
[self_driving-10] [0m[INFO] [1782573151.172269436] [self_driving]: [OBJECTS] msg_count=96 n=1 names=['go'][0m
[self_driving-10] [0m[INFO] [1782573151.577009121] [self_driving]: [DEBUG_DRIVE] state=LINE_FOLLOW raw_lane_x=129.5 lane_x=129.5 filter=stable linear=0.30 angular=0.10 cw_y=0 right_done=False start_turn=False count_turn=0 traffic=None stop=False[0m
[self_driving-10] [0m[INFO] [1782573151.834202806] [self_driving]: [OBJECTS] msg_count=99 n=1 names=['crosswalk'][0m
[self_driving-10] [0m[INFO] [1782573151.902244917] [self_driving]: [IMAGE] received count=303 shape=(480, 640, 3) queue=0[0m
[self_driving-10] [0m[INFO] [1782573152.160132473] [self_driving]: [DEBUG_DRIVE] state=LINE_FOLLOW raw_lane_x=121.0 lane_x=121.0 filter=stable linear=0.30 angular=0.10 cw_y=0 right_done=False start_turn=False count_turn=0 traffic=None stop=False[0m
[self_driving-10] [0m[INFO] [1782573152.472999769] [self_driving]: [CROSSWALK_SLOW] y=432 th=180 confirm=4[0m
[self_driving-10] [0m[INFO] [1782573152.707796880] [self_driving]: [DEBUG_DRIVE] state=LINE_FOLLOW raw_lane_x=129.0 lane_x=129.0 filter=stable linear=0.15 angular=0.10 cw_y=432 right_done=False start_turn=False count_turn=0 traffic=None stop=False[0m
[self_driving-10] [0m[INFO] [1782573153.201683343] [self_driving]: [OBJECTS] msg_count=102 n=1 names=['crosswalk'][0m
[self_driving-10] [0m[INFO] [1782573153.275671454] [self_driving]: [DEBUG_DRIVE] state=LINE_FOLLOW raw_lane_x=133.0 lane_x=133.0 filter=stable linear=0.15 angular=-0.10 cw_y=323 right_done=False start_turn=False count_turn=0 traffic=None stop=False[0m
[self_driving-10] [0m[INFO] [1782573153.828944453] [self_driving]: [DEBUG_DRIVE] state=LINE_FOLLOW raw_lane_x=175.0 lane_x=175.0 filter=stable linear=0.15 angular=-0.10 cw_y=323 right_done=False start_turn=False count_turn=0 traffic=None stop=False[0m
[self_driving-10] [0m[INFO] [1782573153.921463194] [self_driving]: [IMAGE] received count=328 shape=(480, 640, 3) queue=0[0m
[self_driving-10] [0m[INFO] [1782573154.412067064] [self_driving]: [DEBUG_DRIVE] state=LINE_FOLLOW raw_lane_x=208.0 lane_x=208.0 filter=stable linear=0.15 angular=-0.45 cw_y=323 right_done=False start_turn=False count_turn=4 traffic=None stop=False[0m
[self_driving-10] [33m[WARN] [1782573154.959687249] [self_driving]: [LANE_X_JUMP_REJECT] raw=101.0 last=273.0 diff=172.0 candidate=101.0 cnt=1/4[0m
[self_driving-10] [0m[INFO] [1782573154.961458064] [self_driving]: [DEBUG_DRIVE] state=LINE_FOLLOW raw_lane_x=101.0 lane_x=273.0 filter=jump_reject linear=0.15 angular=-0.45 cw_y=323 right_done=False start_turn=True count_turn=5 traffic=None stop=False[0m
[self_driving-10] [0m[INFO] [1782573155.220828230] [self_driving]: [CROSSWALK_SLOW_DONE] return normal speed[0m
[self_driving-10] [33m[WARN] [1782573155.460195008] [self_driving]: [LANE_X_JUMP_REJECT] raw=181.0 last=273.0 diff=92.0 candidate=181.0 cnt=1/4[0m
[self_driving-10] [0m[INFO] [1782573155.557680119] [self_driving]: [CROSSWALK_SLOW] y=323 th=180 confirm=4[0m
[self_driving-10] [0m[INFO] [1782573155.559141230] [self_driving]: [DEBUG_DRIVE] state=LINE_FOLLOW raw_lane_x=223.0 lane_x=223.0 filter=stable linear=0.15 angular=-0.45 cw_y=323 right_done=False start_turn=True count_turn=12 traffic=None stop=False[0m
[self_driving-10] [0m[INFO] [1782573155.939579304] [self_driving]: [IMAGE] received count=353 shape=(480, 640, 3) queue=0[0m
[self_driving-10] [0m[INFO] [1782573156.107101359] [self_driving]: [DEBUG_DRIVE] state=LINE_FOLLOW raw_lane_x=292.0 lane_x=292.0 filter=stable linear=0.15 angular=-0.45 cw_y=323 right_done=False start_turn=True count_turn=19 traffic=None stop=False[0m
[self_driving-10] [0m[INFO] [1782573156.656047970] [self_driving]: [DEBUG_DRIVE] state=LINE_FOLLOW raw_lane_x=301.5 lane_x=301.5 filter=stable linear=0.15 angular=-0.45 cw_y=323 right_done=False start_turn=True count_turn=26 traffic=None stop=False[0m
[self_driving-10] [0m[INFO] [1782573157.234644451] [self_driving]: [DEBUG_DRIVE] state=LINE_FOLLOW raw_lane_x=213.5 lane_x=213.5 filter=stable linear=0.15 angular=-0.45 cw_y=323 right_done=False start_turn=True count_turn=33 traffic=None stop=False[0m
[self_driving-10] [0m[INFO] [1782573157.514948229] [self_driving]: [OBJECTS] msg_count=103 n=1 names=['crosswalk'][0m
[self_driving-10] [0m[INFO] [1782573157.794216562] [self_driving]: [DEBUG_DRIVE] state=LINE_FOLLOW raw_lane_x=145.5 lane_x=145.5 filter=stable linear=0.15 angular=-0.10 cw_y=211 right_done=False start_turn=False count_turn=0 traffic=None stop=False[0m
[self_driving-10] [0m[INFO] [1782573157.954976358] [self_driving]: [IMAGE] received count=378 shape=(480, 640, 3) queue=0[0m
[self_driving-10] [0m[INFO] [1782573158.190083395] [self_driving]: [OBJECTS] msg_count=106 n=1 names=['crosswalk'][0m
[self_driving-10] [0m[INFO] [1782573158.273979636] [self_driving]: [CROSSWALK_SLOW_DONE] return normal speed[0m
[self_driving-10] [0m[INFO] [1782573158.352222228] [self_driving]: [DEBUG_DRIVE] state=LINE_FOLLOW raw_lane_x=127.5 lane_x=127.5 filter=stable linear=0.30 angular=0.10 cw_y=182 right_done=False start_turn=False count_turn=0 traffic=None stop=False[0m
[self_driving-10] [0m[INFO] [1782573158.529441876] [self_driving]: [RIGHT_CANDIDATE] valid=False reject=['small_area'] cnt=0 cx=281 cy=123 area=910 score=0.85 done=False[0m
[self_driving-10] [0m[INFO] [1782573158.875708821] [self_driving]: [OBJECTS] msg_count=112 n=1 names=['crosswalk'][0m
[self_driving-10] [0m[INFO] [1782573158.877446321] [self_driving]: [RIGHT_CANDIDATE] valid=False reject=['small_area'] cnt=0 cx=259 cy=123 area=910 score=0.86 done=False[0m
[self_driving-10] [0m[INFO] [1782573158.934596580] [self_driving]: [CROSSWALK_IGNORE] y=14 < th=180[0m
[self_driving-10] [0m[INFO] [1782573158.937132987] [self_driving]: [DEBUG_DRIVE] state=LINE_FOLLOW raw_lane_x=136.0 lane_x=136.0 filter=stable linear=0.30 angular=-0.10 cw_y=14 right_done=False start_turn=False count_turn=0 traffic=None stop=False[0m
[self_driving-10] [0m[INFO] [1782573159.206643469] [self_driving]: [RIGHT_CANDIDATE] valid=False reject=['small_area'] cnt=0 cx=235 cy=121 area=1092 score=0.84 done=False[0m
[self_driving-10] [0m[INFO] [1782573159.479816746] [self_driving]: [CROSSWALK_SLOW] y=186 th=180 confirm=4[0m
[self_driving-10] [0m[INFO] [1782573159.484164820] [self_driving]: [DEBUG_DRIVE] state=LINE_FOLLOW raw_lane_x=134.0 lane_x=134.0 filter=stable linear=0.15 angular=-0.10 cw_y=186 right_done=False start_turn=False count_turn=0 traffic=None stop=False[0m
[self_driving-10] [0m[INFO] [1782573159.601182728] [self_driving]: [OBJECTS] msg_count=118 n=1 names=['crosswalk'][0m
[self_driving-10] [0m[INFO] [1782573159.603396172] [self_driving]: [RIGHT_CANDIDATE] valid=False reject=['small_area'] cnt=0 cx=234 cy=117 area=1189 score=0.84 done=False[0m
[self_driving-10] [0m[INFO] [1782573159.941402968] [self_driving]: [RIGHT_CANDIDATE] valid=False reject=['small_area'] cnt=0 cx=216 cy=114 area=1584 score=0.82 done=False[0m
[self_driving-10] [0m[INFO] [1782573159.987673079] [self_driving]: [IMAGE] received count=403 shape=(480, 640, 3) queue=0[0m
[self_driving-10] [0m[INFO] [1782573159.995379042] [self_driving]: [CROSSWALK_IGNORE] y=6 < th=180[0m
[self_driving-10] [0m[INFO] [1782573159.997206801] [self_driving]: [DEBUG_DRIVE] state=LINE_FOLLOW raw_lane_x=126.5 lane_x=126.5 filter=stable linear=0.15 angular=0.10 cw_y=6 right_done=False start_turn=False count_turn=0 traffic=None stop=False[0m
[self_driving-10] [0m[INFO] [1782573160.287251468] [self_driving]: [OBJECTS] msg_count=125 n=1 names=['right'][0m
[self_driving-10] [0m[INFO] [1782573160.293391394] [self_driving]: [RIGHT_CANDIDATE] valid=False reject=['small_area'] cnt=0 cx=199 cy=110 area=1836 score=0.85 done=False[0m
[self_driving-10] [0m[INFO] [1782573160.541823542] [self_driving]: [DEBUG_DRIVE] state=LINE_FOLLOW raw_lane_x=155.0 lane_x=155.0 filter=stable linear=0.15 angular=-0.10 cw_y=195 right_done=False start_turn=False count_turn=0 traffic=None stop=False[0m
[self_driving-10] [0m[INFO] [1782573160.645600394] [self_driving]: [RIGHT_CANDIDATE] valid=True reject=[] cnt=0 cx=147 cy=106 area=2928 score=0.88 done=False[0m
[self_driving-10] [0m[INFO] [1782573160.991687505] [self_driving]: [OBJECTS] msg_count=130 n=1 names=['crosswalk'][0m
[self_driving-10] [0m[INFO] [1782573160.995120023] [self_driving]: [RIGHT_CANDIDATE] valid=True reject=[] cnt=1 cx=113 cy=102 area=3366 score=0.87 done=False[0m
[self_driving-10] [0m[INFO] [1782573160.998903079] [self_driving]: [RIGHT_READY] cx=113 cy=102 area=3366 score=0.87[0m
[self_driving-10] [0m[INFO] [1782573161.034163727] [self_driving]: [RIGHT_TRIGGER] enter ARROW_SIGNAL lane_x=136.0 raw_lane_x=136.0 filter=stable cw_y=210 candidate={'cx': 113, 'cy': 102, 'area': 3366, 'score': 0.8700000047683716}[0m
[self_driving-10] [0m[INFO] [1782573161.034683968] [self_driving]: [1;36m[FSM] LINE_FOLLOW -> ARROW_SIGNAL[0m[0m
[self_driving-10] [0m[INFO] [1782573161.104159708] [self_driving]: [ARROW_SIGNAL] waiting elapsed=0.07/3.00 direction=right[0m
[self_driving-10] [0m[INFO] [1782573161.314515727] [self_driving]: [RIGHT_CANDIDATE] valid=True reject=[] cnt=0 cx=131 cy=100 area=3888 score=0.86 done=False[0m
[self_driving-10] [0m[INFO] [1782573161.659874430] [self_driving]: [ARROW_SIGNAL] waiting elapsed=0.62/3.00 direction=right[0m
[self_driving-10] [0m[INFO] [1782573161.678635226] [self_driving]: [OBJECTS] msg_count=136 n=1 names=['crosswalk'][0m
[self_driving-10] [0m[INFO] [1782573161.682244560] [self_driving]: [RIGHT_CANDIDATE] valid=True reject=[] cnt=1 cx=93 cy=96 area=4774 score=0.78 done=False[0m
[self_driving-10] [0m[INFO] [1782573161.683395949] [self_driving]: [RIGHT_READY] cx=93 cy=96 area=4774 score=0.78[0m
[self_driving-10] [0m[INFO] [1782573162.013160597] [self_driving]: [RIGHT_CANDIDATE] valid=True reject=[] cnt=0 cx=38 cy=86 area=6188 score=0.87 done=False[0m
[self_driving-10] [0m[INFO] [1782573162.083799652] [self_driving]: [IMAGE] received count=429 shape=(480, 640, 3) queue=0[0m
[self_driving-10] [0m[INFO] [1782573162.220119745] [self_driving]: [ARROW_SIGNAL] waiting elapsed=1.18/3.00 direction=right[0m
[self_driving-10] [0m[INFO] [1782573162.340103430] [self_driving]: [OBJECTS] msg_count=140 n=1 names=['crosswalk'][0m
[self_driving-10] [0m[INFO] [1782573162.345117245] [self_driving]: [RIGHT_CANDIDATE] valid=True reject=[] cnt=1 cx=16 cy=75 area=3597 score=0.70 done=False[0m
[self_driving-10] [0m[INFO] [1782573162.347022115] [self_driving]: [RIGHT_READY] cx=16 cy=75 area=3597 score=0.70[0m
[self_driving-10] [0m[INFO] [1782573162.664538448] [self_driving]: [RIGHT_CANDIDATE] valid=True reject=[] cnt=0 cx=15 cy=75 area=3441 score=0.63 done=False[0m
[self_driving-10] [0m[INFO] [1782573162.784438059] [self_driving]: [ARROW_SIGNAL] waiting elapsed=1.75/3.00 direction=right[0m
[self_driving-10] [0m[INFO] [1782573162.986508892] [self_driving]: [OBJECTS] msg_count=144 n=1 names=['crosswalk'][0m
[self_driving-10] [0m[INFO] [1782573162.989454577] [self_driving]: [RIGHT_CANDIDATE] valid=True reject=[] cnt=1 cx=15 cy=75 area=3330 score=0.61 done=False[0m
[self_driving-10] [0m[INFO] [1782573162.995787114] [self_driving]: [RIGHT_READY] cx=15 cy=75 area=3330 score=0.61[0m
[self_driving-10] [0m[INFO] [1782573163.324004670] [self_driving]: [RIGHT_CANDIDATE] valid=True reject=[] cnt=0 cx=15 cy=75 area=3472 score=0.62 done=False[0m
[self_driving-10] [0m[INFO] [1782573163.372366077] [self_driving]: [ARROW_SIGNAL] waiting elapsed=2.34/3.00 direction=right[0m
[self_driving-10] [0m[INFO] [1782573163.684432318] [self_driving]: [OBJECTS] msg_count=148 n=1 names=['crosswalk'][0m
[self_driving-10] [0m[INFO] [1782573163.711256559] [self_driving]: [RIGHT_CANDIDATE] valid=True reject=[] cnt=1 cx=15 cy=75 area=3360 score=0.61 done=False[0m
[self_driving-10] [0m[INFO] [1782573163.711857336] [self_driving]: [RIGHT_READY] cx=15 cy=75 area=3360 score=0.61[0m
[self_driving-10] [0m[INFO] [1782573163.918850132] [self_driving]: [ARROW_SIGNAL] waiting elapsed=2.88/3.00 direction=right[0m
[self_driving-10] [0m[INFO] [1782573164.020024503] [self_driving]: [RIGHT_CANDIDATE] valid=True reject=[] cnt=0 cx=15 cy=75 area=3503 score=0.61 done=False[0m
[self_driving-10] [0m[INFO] [1782573164.070531299] [self_driving]: [ARROW_SIGNAL] done elapsed=3.04 -> INTERSECTION direction=right[0m
[self_driving-10] [0m[INFO] [1782573164.071163632] [self_driving]: [1;36m[FSM] ARROW_SIGNAL -> INTERSECTION[0m[0m
[self_driving-10] [0m[INFO] [1782573164.158889169] [self_driving]: [IMAGE] received count=455 shape=(480, 640, 3) queue=0[0m
[self_driving-10] [0m[INFO] [1782573164.345879836] [self_driving]: [OBJECTS] msg_count=152 n=1 names=['crosswalk'][0m
[self_driving-10] [0m[INFO] [1782573164.348818262] [self_driving]: [RIGHT_CANDIDATE] valid=True reject=[] cnt=1 cx=15 cy=75 area=3441 score=0.62 done=False[0m
[self_driving-10] [0m[INFO] [1782573164.349697243] [self_driving]: [RIGHT_READY] cx=15 cy=75 area=3441 score=0.62[0m
[self_driving-10] [0m[INFO] [1782573164.422241206] [self_driving]: [RIGHT_TURN] elapsed=0.35 cmd=(0.10,-0.50) lane_x=120.5[0m
[self_driving-10] [0m[INFO] [1782573164.685810039] [self_driving]: [RIGHT_CANDIDATE] valid=True reject=[] cnt=0 cx=15 cy=75 area=3472 score=0.62 done=False[0m
[self_driving-10] [0m[INFO] [1782573164.972797224] [self_driving]: [RIGHT_TURN] elapsed=0.90 cmd=(0.10,-0.50) lane_x=-1[0m
[self_driving-10] [0m[INFO] [1782573165.021733465] [self_driving]: [OBJECTS] msg_count=156 n=1 names=['crosswalk'][0m
[self_driving-10] [0m[INFO] [1782573165.033912780] [self_driving]: [RIGHT_CANDIDATE] valid=True reject=[] cnt=1 cx=15 cy=75 area=3441 score=0.63 done=False[0m
[self_driving-10] [0m[INFO] [1782573165.036175484] [self_driving]: [RIGHT_READY] cx=15 cy=75 area=3441 score=0.63[0m
[self_driving-10] [0m[INFO] [1782573165.356211095] [self_driving]: [RIGHT_CANDIDATE] valid=True reject=[] cnt=0 cx=15 cy=75 area=3472 score=0.62 done=False[0m
[self_driving-10] [0m[INFO] [1782573165.541383539] [self_driving]: [RIGHT_TURN] elapsed=1.47 cmd=(0.10,-0.50) lane_x=-1[0m
[self_driving-10] [0m[INFO] [1782573165.727941465] [self_driving]: [OBJECTS] msg_count=160 n=1 names=['crosswalk'][0m
[self_driving-10] [0m[INFO] [1782573166.110019594] [self_driving]: [RIGHT_TURN] elapsed=2.04 cmd=(0.10,-0.50) lane_x=150.0[0m
[self_driving-10] [0m[INFO] [1782573166.186737131] [self_driving]: [IMAGE] received count=480 shape=(480, 640, 3) queue=0[0m
[self_driving-10] [0m[INFO] [1782573166.374890872] [self_driving]: [OBJECTS] msg_count=162 n=1 names=['crosswalk'][0m
[self_driving-10] [0m[INFO] [1782573166.572049723] [self_driving]: [RIGHT_TURN] done elapsed=2.50 lane_x=62.5 -> LINE_FOLLOW. . . .[0m
[self_driving-10] [0m[INFO] [1782573166.572678761] [self_driving]: [1;36m[FSM] INTERSECTION -> PARKING[0m[0m
[self_driving-10] [0m[INFO] [1782573166.665134094] [self_driving]: [PARK!!!!] straight[0m
[self_driving-10] [33m[WARN] [1782573166.898530446] [self_driving]: [IMAGE] queue full -> drop oldest frame[0m
[self_driving-10] [33m[WARN] [1782573166.983672371] [self_driving]: [IMAGE] queue full -> drop oldest frame[0m
[self_driving-10] [33m[WARN] [1782573167.055153094] [self_driving]: [IMAGE] queue full -> drop oldest frame[0m
[self_driving-10] [33m[WARN] [1782573167.147033223] [self_driving]: [IMAGE] queue full -> drop oldest frame[0m
[self_driving-10] [33m[WARN] [1782573167.222286168] [self_driving]: [IMAGE] queue full -> drop oldest frame[0m
[self_driving-10] [33m[WARN] [1782573167.306943001] [self_driving]: [IMAGE] queue full -> drop oldest frame[0m
[self_driving-10] [0m[INFO] [1782573167.330309927] [self_driving]: [OBJECTS] msg_count=164 n=1 names=['crosswalk'][0m
[self_driving-10] [33m[WARN] [1782573167.385314667] [self_driving]: [IMAGE] queue full -> drop oldest frame[0m
[self_driving-10] [33m[WARN] [1782573167.440357112] [self_driving]: [IMAGE] queue full -> drop oldest frame[0m
[self_driving-10] [33m[WARN] [1782573167.504977260] [self_driving]: [IMAGE] queue full -> drop oldest frame[0m
[self_driving-10] [33m[WARN] [1782573167.569794149] [self_driving]: [IMAGE] queue full -> drop oldest frame[0m
[self_driving-10] [33m[WARN] [1782573167.643507908] [self_driving]: [IMAGE] queue full -> drop oldest frame[0m
[self_driving-10] [33m[WARN] [1782573167.730114334] [self_driving]: [IMAGE] queue full -> drop oldest frame[0m
[self_driving-10] [33m[WARN] [1782573167.771996278] [self_driving]: [IMAGE] queue full -> drop oldest frame[0m
[self_driving-10] [33m[WARN] [1782573167.843605834] [self_driving]: [IMAGE] queue full -> drop oldest frame[0m
[self_driving-10] [33m[WARN] [1782573167.895271278] [self_driving]: [IMAGE] queue full -> drop oldest frame[0m
[self_driving-10] [33m[WARN] [1782573167.974875649] [self_driving]: [IMAGE] queue full -> drop oldest frame[0m
[self_driving-10] [0m[INFO] [1782573168.013171963] [self_driving]: [OBJECTS] msg_count=166 n=1 names=['crosswalk'][0m
[self_driving-10] [33m[WARN] [1782573168.045818352] [self_driving]: [IMAGE] queue full -> drop oldest frame[0m
[self_driving-10] [33m[WARN] [1782573168.121362834] [self_driving]: [IMAGE] queue full -> drop oldest frame[0m
[self_driving-10] [33m[WARN] [1782573168.171621445] [self_driving]: [IMAGE] queue full -> drop oldest frame[0m
[self_driving-10] [0m[INFO] [1782573168.243434519] [self_driving]: [IMAGE] received count=508 shape=(480, 640, 3) queue=2[0m
[self_driving-10] [33m[WARN] [1782573168.244066204] [self_driving]: [IMAGE] queue full -> drop oldest frame[0m
[self_driving-10] [33m[WARN] [1782573168.310994315] [self_driving]: [IMAGE] queue full -> drop oldest frame[0m
[self_driving-10] [33m[WARN] [1782573168.396283852] [self_driving]: [IMAGE] queue full -> drop oldest frame[0m
[self_driving-10] [33m[WARN] [1782573168.436370963] [self_driving]: [IMAGE] queue full -> drop oldest frame[0m
[self_driving-10] [33m[WARN] [1782573168.516487611] [self_driving]: [IMAGE] queue full -> drop oldest frame[0m
[self_driving-10] [33m[WARN] [1782573168.570846241] [self_driving]: [IMAGE] queue full -> drop oldest frame[0m
[self_driving-10] [33m[WARN] [1782573168.644105296] [self_driving]: [IMAGE] queue full -> drop oldest frame[0m
[self_driving-10] [0m[INFO] [1782573168.670129611] [self_driving]: [OBJECTS] msg_count=170 n=1 names=['park'][0m
[self_driving-10] [33m[WARN] [1782573168.722481500] [self_driving]: [IMAGE] queue full -> drop oldest frame[0m
[self_driving-10] [33m[WARN] [1782573168.786935926] [self_driving]: [IMAGE] queue full -> drop oldest frame[0m
[self_driving-10] [33m[WARN] [1782573168.849403611] [self_driving]: [IMAGE] queue full -> drop oldest frame[0m
[self_driving-10] [33m[WARN] [1782573168.903183296] [self_driving]: [IMAGE] queue full -> drop oldest frame[0m
[self_driving-10] [33m[WARN] [1782573168.984777278] [self_driving]: [IMAGE] queue full -> drop oldest frame[0m
[self_driving-10] [33m[WARN] [1782573169.047066852] [self_driving]: [IMAGE] queue full -> drop oldest frame[0m
[self_driving-10] [33m[WARN] [1782573169.110377000] [self_driving]: [IMAGE] queue full -> drop oldest frame[0m
[self_driving-10] [33m[WARN] [1782573169.184228277] [self_driving]: [IMAGE] queue full -> drop oldest frame[0m
[self_driving-10] [33m[WARN] [1782573169.253352796] [self_driving]: [IMAGE] queue full -> drop oldest frame[0m
[self_driving-10] [33m[WARN] [1782573169.321399963] [self_driving]: [IMAGE] queue full -> drop oldest frame[0m
[self_driving-10] [0m[INFO] [1782573169.330709296] [self_driving]: [OBJECTS] msg_count=172 n=1 names=['crosswalk'][0m
[self_driving-10] [33m[WARN] [1782573169.395989851] [self_driving]: [IMAGE] queue full -> drop oldest frame[0m
[self_driving-10] [33m[WARN] [1782573169.459100722] [self_driving]: [IMAGE] queue full -> drop oldest frame[0m
[self_driving-10] [33m[WARN] [1782573169.514740074] [self_driving]: [IMAGE] queue full -> drop oldest frame[0m
[self_driving-10] [33m[WARN] [1782573169.585502499] [self_driving]: [IMAGE] queue full -> drop oldest frame[0m
[self_driving-10] [33m[WARN] [1782573169.649974851] [self_driving]: [IMAGE] queue full -> drop oldest frame[0m
[self_driving-10] [0m[INFO] [1782573169.668413666] [self_driving]: [PARK!!!!] park ready[0m
[self_driving-10] [33m[WARN] [1782573169.713709240] [self_driving]: [IMAGE] queue full -> drop oldest frame[0m
[self_driving-10] [33m[WARN] [1782573169.779941222] [self_driving]: [IMAGE] queue full -> drop oldest frame[0m
[self_driving-10] [33m[WARN] [1782573169.861105222] [self_driving]: [IMAGE] queue full -> drop oldest frame[0m
[self_driving-10] [33m[WARN] [1782573169.908999981] [self_driving]: [IMAGE] queue full -> drop oldest frame[0m
[self_driving-10] [33m[WARN] [1782573169.989641036] [self_driving]: [IMAGE] queue full -> drop oldest frame[0m
[self_driving-10] [0m[INFO] [1782573170.009115777] [self_driving]: [OBJECTS] msg_count=174 n=1 names=['crosswalk'][0m
[self_driving-10] [33m[WARN] [1782573170.056331221] [self_driving]: [IMAGE] queue full -> drop oldest frame[0m
[self_driving-10] [33m[WARN] [1782573170.126628666] [self_driving]: [IMAGE] queue full -> drop oldest frame[0m
[self_driving-10] [33m[WARN] [1782573170.189862981] [self_driving]: [IMAGE] queue full -> drop oldest frame[0m
[self_driving-10] [0m[INFO] [1782573170.265630295] [self_driving]: [IMAGE] received count=538 shape=(480, 640, 3) queue=2[0m
[self_driving-10] [33m[WARN] [1782573170.266470536] [self_driving]: [IMAGE] queue full -> drop oldest frame[0m
[self_driving-10] [33m[WARN] [1782573170.327734573] [self_driving]: [IMAGE] queue full -> drop oldest frame[0m
[self_driving-10] [33m[WARN] [1782573170.406464480] [self_driving]: [IMAGE] queue full -> drop oldest frame[0m
[self_driving-10] [33m[WARN] [1782573170.451663517] [self_driving]: [IMAGE] queue full -> drop oldest frame[0m
[self_driving-10] [33m[WARN] [1782573170.518023369] [self_driving]: [IMAGE] queue full -> drop oldest frame[0m
[self_driving-10] [33m[WARN] [1782573170.602319128] [self_driving]: [IMAGE] queue full -> drop oldest frame[0m
[self_driving-10] [33m[WARN] [1782573170.654398573] [self_driving]: [IMAGE] queue full -> drop oldest frame[0m
[self_driving-10] [0m[INFO] [1782573170.659173036] [self_driving]: [OBJECTS] msg_count=177 n=1 names=['crosswalk'][0m
[self_driving-10] [33m[WARN] [1782573170.736032036] [self_driving]: [IMAGE] queue full -> drop oldest frame[0m
[self_driving-10] [33m[WARN] [1782573170.787661832] [self_driving]: [IMAGE] queue full -> drop oldest frame[0m
[self_driving-10] [33m[WARN] [1782573170.857823332] [self_driving]: [IMAGE] queue full -> drop oldest frame[0m
[self_driving-10] [33m[WARN] [1782573170.942551888] [self_driving]: [IMAGE] queue full -> drop oldest frame[0m
[self_driving-10] [33m[WARN] [1782573170.998654350] [self_driving]: [IMAGE] queue full -> drop oldest frame[0m
[self_driving-10] [33m[WARN] [1782573171.058665165] [self_driving]: [IMAGE] queue full -> drop oldest frame[0m
[self_driving-10] [33m[WARN] [1782573171.137162721] [self_driving]: [IMAGE] queue full -> drop oldest frame[0m
[self_driving-10] [33m[WARN] [1782573171.193367258] [self_driving]: [IMAGE] queue full -> drop oldest frame[0m
[self_driving-10] [33m[WARN] [1782573171.259202350] [self_driving]: [IMAGE] queue full -> drop oldest frame[0m
[self_driving-10] [0m[INFO] [1782573171.311800869] [self_driving]: [OBJECTS] msg_count=180 n=1 names=['crosswalk'][0m
[self_driving-10] [33m[WARN] [1782573171.350901554] [self_driving]: [IMAGE] queue full -> drop oldest frame[0m
[self_driving-10] [33m[WARN] [1782573171.403881535] [self_driving]: [IMAGE] queue full -> drop oldest frame[0m
[self_driving-10] [33m[WARN] [1782573171.467018091] [self_driving]: [IMAGE] queue full -> drop oldest frame[0m
[self_driving-10] [33m[WARN] [1782573171.538929961] [self_driving]: [IMAGE] queue full -> drop oldest frame[0m
[self_driving-10] [33m[WARN] [1782573171.603668239] [self_driving]: [IMAGE] queue full -> drop oldest frame[0m
[self_driving-10] [33m[WARN] [1782573171.698169943] [self_driving]: [IMAGE] queue full -> drop oldest frame[0m
[self_driving-10] [33m[WARN] [1782573171.743612757] [self_driving]: [IMAGE] queue full -> drop oldest frame[0m
[self_driving-10] [33m[WARN] [1782573171.808556554] [self_driving]: [IMAGE] queue full -> drop oldest frame[0m
[self_driving-10] [33m[WARN] [1782573171.874413720] [self_driving]: [IMAGE] queue full -> drop oldest frame[0m
[self_driving-10] [33m[WARN] [1782573171.935446220] [self_driving]: [IMAGE] queue full -> drop oldest frame[0m
[self_driving-10] [33m[WARN] [1782573172.006401165] [self_driving]: [IMAGE] queue full -> drop oldest frame[0m
[self_driving-10] [0m[INFO] [1782573172.012033461] [self_driving]: [OBJECTS] msg_count=182 n=1 names=['crosswalk'][0m
[self_driving-10] [33m[WARN] [1782573172.079325794] [self_driving]: [IMAGE] queue full -> drop oldest frame[0m
[self_driving-10] [33m[WARN] [1782573172.143828202] [self_driving]: [IMAGE] queue full -> drop oldest frame[0m
[self_driving-10] [33m[WARN] [1782573172.215686053] [self_driving]: [IMAGE] queue full -> drop oldest frame[0m
[self_driving-10] [0m[INFO] [1782573172.279532202] [self_driving]: [IMAGE] received count=568 shape=(480, 640, 3) queue=2[0m
[self_driving-10] [33m[WARN] [1782573172.280115590] [self_driving]: [IMAGE] queue full -> drop oldest frame[0m
[self_driving-10] [33m[WARN] [1782573172.341495720] [self_driving]: [IMAGE] queue full -> drop oldest frame[0m
[self_driving-10] [33m[WARN] [1782573172.418734368] [self_driving]: [IMAGE] queue full -> drop oldest frame[0m
[self_driving-10] [33m[WARN] [1782573172.491148979] [self_driving]: [IMAGE] queue full -> drop oldest frame[0m
[self_driving-10] [33m[WARN] [1782573172.536606720] [self_driving]: [IMAGE] queue full -> drop oldest frame[0m
[self_driving-10] [33m[WARN] [1782573172.608233016] [self_driving]: [IMAGE] queue full -> drop oldest frame[0m
[self_driving-10] [0m[INFO] [1782573172.661319183] [self_driving]: [OBJECTS] msg_count=184 n=1 names=['crosswalk'][0m
[self_driving-10] [33m[WARN] [1782573172.669919183] [self_driving]: [IMAGE] queue full -> drop oldest frame[0m
[self_driving-10] [33m[WARN] [1782573172.745060164] [self_driving]: [IMAGE] queue full -> drop oldest frame[0m
[self_driving-10] [33m[WARN] [1782573172.811674275] [self_driving]: [IMAGE] queue full -> drop oldest frame[0m
[self_driving-10] [33m[WARN] [1782573172.877206775] [self_driving]: [IMAGE] queue full -> drop oldest frame[0m
[self_driving-10] [33m[WARN] [1782573172.950606738] [self_driving]: [IMAGE] queue full -> drop oldest frame[0m
[self_driving-10] [33m[WARN] [1782573173.025018997] [self_driving]: [IMAGE] queue full -> drop oldest frame[0m
[self_driving-10] [33m[WARN] [1782573173.088543683] [self_driving]: [IMAGE] queue full -> drop oldest frame[0m
[self_driving-10] [33m[WARN] [1782573173.140763127] [self_driving]: [IMAGE] queue full -> drop oldest frame[0m
[self_driving-10] [33m[WARN] [1782573173.218472479] [self_driving]: [IMAGE] queue full -> drop oldest frame[0m
[self_driving-10] [33m[WARN] [1782573173.270689479] [self_driving]: [IMAGE] queue full -> drop oldest frame[0m
[self_driving-10] [0m[INFO] [1782573173.320869497] [self_driving]: [OBJECTS] msg_count=187 n=1 names=['crosswalk'][0m
[self_driving-10] [33m[WARN] [1782573173.368337071] [self_driving]: [IMAGE] queue full -> drop oldest frame[0m
[self_driving-10] [33m[WARN] [1782573173.413730442] [self_driving]: [IMAGE] queue full -> drop oldest frame[0m
[self_driving-10] [33m[WARN] [1782573173.475879016] [self_driving]: [IMAGE] queue full -> drop oldest frame[0m
[self_driving-10] [33m[WARN] [1782573173.550368812] [self_driving]: [IMAGE] queue full -> drop oldest frame[0m
[self_driving-10] [0m[INFO] [1782573173.577438830] [self_driving]: [PARK!!!!] park_action complete -> DONE[0m
[self_driving-10] [0m[INFO] [1782573173.578049386] [self_driving]: [1;36m[FSM] PARKING -> DONE[0m[0m
[self_driving-10] [0m[INFO] [1782573174.038320423] [self_driving]: [OBJECTS] msg_count=189 n=1 names=['park'][0m
[self_driving-10] [0m[INFO] [1782573174.279662293] [self_driving]: [IMAGE] received count=598 shape=(480, 640, 3) queue=0[0m
[self_driving-10] [0m[INFO] [1782573174.715872626] [self_driving]: [OBJECTS] msg_count=192 n=1 names=['park'][0m
[self_driving-10] [0m[INFO] [1782573175.401320589] [self_driving]: [OBJECTS] msg_count=195 n=1 names=['park'][0m
[self_driving-10] [0m[INFO] [1782573176.123318681] [self_driving]: [OBJECTS] msg_count=197 n=1 names=['park'][0m
[self_driving-10] [0m[INFO] [1782573176.323076310] [self_driving]: [IMAGE] received count=628 shape=(480, 640, 3) queue=0[0m
[self_driving-10] [0m[INFO] [1782573176.797979921] [self_driving]: [OBJECTS] msg_count=199 n=1 names=['park'][0m
[self_driving-10] [0m[INFO] [1782573177.436301810] [self_driving]: [OBJECTS] msg_count=201 n=1 names=['park'][0m
[self_driving-10] [0m[INFO] [1782573178.330498142] [self_driving]: [IMAGE] received count=658 shape=(480, 640, 3) queue=0[0m
[self_driving-10] [0m[INFO] [1782573178.806290105] [self_driving]: [OBJECTS] msg_count=203 n=1 names=['crosswalk'][0m
[self_driving-10] [0m[INFO] [1782573180.339981419] [self_driving]: [IMAGE] received count=688 shape=(480, 640, 3) queue=0[0m
[self_driving-10] [0m[INFO] [1782573180.773812974] [self_driving]: [OBJECTS] msg_count=205 n=1 names=['crosswalk'][0m
[self_driving-10] [0m[INFO] [1782573181.748236789] [self_driving]: [OBJECTS] msg_count=207 n=1 names=['crosswalk'][0m
[self_driving-10] [0m[INFO] [1782573182.355855696] [self_driving]: [IMAGE] received count=718 shape=(480, 640, 3) queue=0[0m
[self_driving-10] [0m[INFO] [1782573184.362044028] [self_driving]: [IMAGE] received count=748 shape=(480, 640, 3) queue=0[0m
[self_driving-10] [0m[INFO] [1782573186.391497656] [self_driving]: [IMAGE] received count=778 shape=(480, 640, 3) queue=0[0m
[self_driving-10] [0m[INFO] [1782573188.410113377] [self_driving]: [IMAGE] received count=808 shape=(480, 640, 3) queue=0[0m
[self_driving-10] [0m[INFO] [1782573190.438531320] [self_driving]: [IMAGE] received count=838 shape=(480, 640, 3) queue=0[0m
[self_driving-10] [0m[INFO] [1782573191.076707116] [self_driving]: [OBJECTS] msg_count=209 n=1 names=['crosswalk'][0m
[self_driving-10] [0m[INFO] [1782573192.394547412] [self_driving]: [OBJECTS] msg_count=210 n=1 names=['crosswalk'][0m
[self_driving-10] [0m[INFO] [1782573192.444415782] [self_driving]: [IMAGE] received count=868 shape=(480, 640, 3) queue=0[0m
[self_driving-10] [0m[INFO] [1782573194.460918040] [self_driving]: [IMAGE] received count=896 shape=(480, 640, 3) queue=0[0m
[self_driving-10] [0m[INFO] [1782573196.474174798] [self_driving]: [IMAGE] received count=926 shape=(480, 640, 3) queue=0[0m
[self_driving-10] [0m[INFO] [1782573198.488298760] [self_driving]: [IMAGE] received count=955 shape=(480, 640, 3) queue=0[0m
