[INFO] [launch]: All log files can be found below /home/ubuntu/.ros/log/2026-06-27-09-40-01-706455-raspberrypi-384168
[INFO] [launch]: Default logging verbosity is set to INFO
[INFO] [ascamera_node-1]: process started with pid [384171]
[INFO] [static_transform_publisher-2]: process started with pid [384173]
[INFO] [static_transform_publisher-3]: process started with pid [384175]
[INFO] [joint_state_publisher-4]: process started with pid [384177]
[INFO] [robot_state_publisher-5]: process started with pid [384179]
[INFO] [ros_robot_controller-6]: process started with pid [384181]
[INFO] [odom_publisher-7]: process started with pid [384183]
[INFO] [ekf_node-8]: process started with pid [384186]
[INFO] [yolo_detect-9]: process started with pid [384203]
[INFO] [self_driving-10]: process started with pid [384206]
[ascamera_node-1] [0m[INFO] [1782553202.459901085] [as_logger]: hello world angstrong camera ros2 node[0m
[static_transform_publisher-2] [33m[WARN] [1782553202.442107270] []: Old-style arguments are deprecated; see --help for new-style arguments[0m
[static_transform_publisher-3] [33m[WARN] [1782553202.439984974] []: Old-style arguments are deprecated; see --help for new-style arguments[0m
[static_transform_publisher-2] [0m[INFO] [1782553202.493415325] [static_transform_publisher_CPco5NqdHlcY3Ipz]: Spinning until stopped - publishing transform
[static_transform_publisher-2] translation: ('0.000000', '0.000000', '0.000000')
[static_transform_publisher-2] rotation: ('-0.500000', '0.499602', '-0.500000', '0.500398')
[static_transform_publisher-2] from 'depth_cam' to 'ascamera_camera_link_0'[0m
[static_transform_publisher-3] [0m[INFO] [1782553202.509150103] [static_transform_publisher_CrEFFuJ4E6wCaAoP]: Spinning until stopped - publishing transform
[static_transform_publisher-3] translation: ('0.000000', '0.000000', '0.000000')
[static_transform_publisher-3] rotation: ('-0.500000', '0.499602', '-0.500000', '0.500398')
[static_transform_publisher-3] from 'depth_cam' to 'ascamera_color_0'[0m
[robot_state_publisher-5] [0m[INFO] [1782553202.531903436] [robot_state_publisher]: got segment base_footprint[0m
[robot_state_publisher-5] [0m[INFO] [1782553202.532070770] [robot_state_publisher]: got segment base_link[0m
[robot_state_publisher-5] [0m[INFO] [1782553202.532087622] [robot_state_publisher]: got segment depth_cam[0m
[robot_state_publisher-5] [0m[INFO] [1782553202.532097788] [robot_state_publisher]: got segment imu_link[0m
[robot_state_publisher-5] [0m[INFO] [1782553202.532105510] [robot_state_publisher]: got segment lidar_frame[0m
[robot_state_publisher-5] [0m[INFO] [1782553202.532114122] [robot_state_publisher]: got segment wheel_lb_Link[0m
[robot_state_publisher-5] [0m[INFO] [1782553202.532121955] [robot_state_publisher]: got segment wheel_lf_Link[0m
[robot_state_publisher-5] [0m[INFO] [1782553202.532129788] [robot_state_publisher]: got segment wheel_rb_Link[0m
[robot_state_publisher-5] [0m[INFO] [1782553202.532137529] [robot_state_publisher]: got segment wheel_rf_Link[0m
[ascamera_node-1] 2026-06-27 09:40:02[INFO] [CameraPublisher.cpp] [1558] [printLaunchParams] get depth_width 640
[ascamera_node-1] 2026-06-27 09:40:02[INFO] [CameraPublisher.cpp] [1559] [printLaunchParams] get depth_height 480
[ascamera_node-1] 2026-06-27 09:40:02[INFO] [CameraPublisher.cpp] [1561] [printLaunchParams] get rgb_width 640
[ascamera_node-1] 2026-06-27 09:40:02[INFO] [CameraPublisher.cpp] [1562] [printLaunchParams] get rgb_height 480
[ascamera_node-1] 2026-06-27 09:40:02[INFO] [CameraPublisher.cpp] [1570] [printLaunchParams] get set_fps 15
[ascamera_node-1] 2026-06-27 09:40:02[INFO] [CameraPublisher.cpp] [1578] [printLaunchParams] get color_pcl 1
[ascamera_node-1] 2026-06-27 09:40:02[INFO] [CameraPublisher.cpp] [1582] [printLaunchParams] get pub_tfTree 1
[ascamera_node-1] 2026-06-27 09:40:02[INFO] [CameraSrv.cpp] [35] [CameraSrv] Angstrong camera server
[ascamera_node-1] 2026-06-27 09:40:02[INFO] [CameraSrv.cpp] [45] [CameraSrv] Angstrong camera sdk version:v1.2.22.20240516
[joint_state_publisher-4] [0m[INFO] [1782553203.063980844] [joint_state_publisher]: Waiting for robot_description to be published on the robot_description topic...[0m
[odom_publisher-7] [0m[INFO] [1782553203.265588399] [odom_publisher]: [1;32m0.930000 1.010000[0m[0m
[odom_publisher-7] [0m[INFO] [1782553203.286589973] [odom_publisher]: [1;32mstart[0m[0m
[ascamera_node-1] 2026-06-27 09:40:03[INFO] [CameraSrv.cpp] [114] [onAttached] attached
[ascamera_node-1] 2026-06-27 09:40:03[INFO] [CameraSrv.cpp] [145] [onAttached] this is a new attach device, create and open it
[ros_robot_controller-6] [0m[INFO] [1782553204.042532584] [ros_robot_controller]: 已设置舵机 1 的偏移量为 0[0m
[ros_robot_controller-6] [0m[INFO] [1782553204.044517750] [ros_robot_controller]: 已设置舵机 2 的偏移量为 0[0m
[ros_robot_controller-6] [0m[INFO] [1782553204.045542250] [ros_robot_controller]: 已设置舵机 3 的偏移量为 4[0m
[ros_robot_controller-6] [0m[INFO] [1782553204.046614380] [ros_robot_controller]: 已设置舵机 4 的偏移量为 0[0m
[ros_robot_controller-6] [0m[INFO] [1782553204.051235602] [ros_robot_controller]: [1;32mstart[0m[0m
[self_driving-10] [0m[INFO] [1782553204.138969806] [self_driving]: [INIT] init_process started[0m
[self_driving-10] [0m[INFO] [1782553204.139575287] [self_driving]: [INIT] only_line_follow=False[0m
[self_driving-10] [0m[INFO] [1782553204.140206084] [self_driving]: [INIT] request /yolov5/start[0m
[ascamera_node-1] 2026-06-27 09:40:04[INFO] [CameraSrv.cpp] [154] [onAttached] get model type 9
[ascamera_node-1] 2026-06-27 09:40:04[INFO] [CameraSrv.cpp] [342] [getConfigFile] get file: /home/ubuntu/third_party_ros2/third_party_ws/src/ascamera/configurationfiles/hp60c_v2_00_20230704_configEncrypt.json
[ascamera_node-1] 2026-06-27 09:40:04[INFO] [CameraPublisher.cpp] [1501] [logCameraPathInfo] usb camera
[ascamera_node-1] 2026-06-27 09:40:04[INFO] [CameraPublisher.cpp] [1502] [logCameraPathInfo] bnum:1
[ascamera_node-1] 2026-06-27 09:40:04[INFO] [CameraPublisher.cpp] [1503] [logCameraPathInfo] dnum:3
[ascamera_node-1] 2026-06-27 09:40:04[INFO] [CameraPublisher.cpp] [1504] [logCameraPathInfo] port_numbers:2
[ascamera_node-1] 2026-06-27 09:40:04[INFO] [CameraPublisher.cpp] [171] [onCameraAttached] create a new publisher info set
[ascamera_node-1] 2026-06-27 09:40:04[INFO] [TfTreeFrameIdInfo.cpp] [11] [TfTreeFrameIdInfo] Namespace /ascamera
[ascamera_node-1] 2026-06-27 09:40:04[INFO] [CameraHp60c.cpp] [128] [open] according to the configuration file.
[ascamera_node-1] 2026-06-27 09:40:04[INFO] [CameraHp60c.cpp] [1528] [parseConfigFileParameter] moduleName:AS_CAM_HP60C
[ascamera_node-1] 2026-06-27 09:40:04[INFO] [CameraHp60c.cpp] [1555] [parseConfigFileParameter] Parsing config file /home/ubuntu/third_party_ros2/third_party_ws/src/ascamera/configurationfiles/hp60c_v2_00_20230704_configEncrypt.json
[ascamera_node-1] 2026-06-27 09:40:04[INFO] [CameraHp60c.cpp] [1620] [parseConfigFileParameter] configuration protocol Version: v2.x
[ascamera_node-1] 2026-06-27 09:40:04[INFO] [CameraHp60c.cpp] [1631] [parseConfigFileParameter] configuration Version: v2.0.0.20230704
[ascamera_node-1] 2026-06-27 09:40:04[ERROR] [UvcCamera.cpp] [105] [open] uvc_open:Busy
[ascamera_node-1] 2026-06-27 09:40:04[ERROR] [as_camera_sdk_api.cpp] [304] [AS_SDK_OpenCamera] init camera error, maybe reopen can solve it
[ascamera_node-1] 2026-06-27 09:40:04[ERROR] [CameraSrv.cpp] [170] [onAttached] open camera, ret: -82
[self_driving-10] [33m[WARN] [1782553206.143601101] [self_driving]: [YOLO_SERVICE] service not ready, continue without blocking[0m
[self_driving-10] [0m[INFO] [1782553206.644724508] [self_driving]: [INIT] enter + set_running start[0m
[self_driving-10] [0m[INFO] [1782553206.645252990] [self_driving]: [1;32mself driving enter[0m[0m
[self_driving-10] [0m[INFO] [1782553206.653831971] [self_driving]: [SUB] image=/ascamera/camera_publisher/rgb0/image object=/yolov5_ros2/object_detect[0m
[self_driving-10] [0m[INFO] [1782553206.654619490] [self_driving]: [1;32mset_running[0m[0m
[self_driving-10] [0m[INFO] [1782553206.658407638] [self_driving]: [1;32m[START] hybrid self_driving start: auto LINE_FOLLOW[0m[0m
[INFO] [apply_calib-11]: process started with pid [384319]
[INFO] [complementary_filter_node-12]: process started with pid [384321]
[apply_calib-11] [0m[INFO] [1782553207.802784655] [imu_calib]: Calibrating gyros; do not move the IMU[0m
[complementary_filter_node-12] [0m[INFO] [1782553207.840512118] [imu_filter]: Starting ComplementaryFilterROS[0m
[yolo_detect-9] [0m[INFO] [1782553208.963806618] [yolov5_ros2]: Current ROS 2 distribution: humble[0m
[apply_calib-11] [0m[INFO] [1782553209.693019617] [imu_calib]: Gyro calibration complete! (bias = [-0.011, 0.030, 0.000])[0m
