[INFO] [launch]: All log files can be found below /home/ubuntu/.ros/log/2026-06-27-15-35-05-014885-raspberrypi-308765
[INFO] [launch]: Default logging verbosity is set to INFO
[INFO] [ascamera_node-1]: process started with pid [308782]
[INFO] [static_transform_publisher-2]: process started with pid [308784]
[INFO] [static_transform_publisher-3]: process started with pid [308786]
[INFO] [joint_state_publisher-4]: process started with pid [308788]
[INFO] [robot_state_publisher-5]: process started with pid [308790]
[INFO] [ros_robot_controller-6]: process started with pid [308792]
[INFO] [odom_publisher-7]: process started with pid [308809]
[INFO] [ekf_node-8]: process started with pid [308813]
[INFO] [yolo_detect-9]: process started with pid [308815]
[INFO] [self_driving-10]: process started with pid [308817]
[ascamera_node-1] [0m[INFO] [1782574505.793677684] [as_logger]: hello world angstrong camera ros2 node[0m
[static_transform_publisher-2] [33m[WARN] [1782574505.770286555] []: Old-style arguments are deprecated; see --help for new-style arguments[0m
[static_transform_publisher-3] [33m[WARN] [1782574505.767113870] []: Old-style arguments are deprecated; see --help for new-style arguments[0m
[static_transform_publisher-3] [0m[INFO] [1782574505.806195277] [static_transform_publisher_meKtF5SKJgwUm6YD]: Spinning until stopped - publishing transform
[static_transform_publisher-3] translation: ('0.000000', '0.000000', '0.000000')
[static_transform_publisher-3] rotation: ('-0.500000', '0.499602', '-0.500000', '0.500398')
[static_transform_publisher-3] from 'depth_cam' to 'ascamera_color_0'[0m
[static_transform_publisher-2] [0m[INFO] [1782574505.818797055] [static_transform_publisher_C6drwfpjZoqwODxb]: Spinning until stopped - publishing transform
[static_transform_publisher-2] translation: ('0.000000', '0.000000', '0.000000')
[static_transform_publisher-2] rotation: ('-0.500000', '0.499602', '-0.500000', '0.500398')
[static_transform_publisher-2] from 'depth_cam' to 'ascamera_camera_link_0'[0m
[ascamera_node-1] 2026-06-27 15:35:05[INFO] [CameraPublisher.cpp] [1558] [printLaunchParams] get depth_width 640
[ascamera_node-1] 2026-06-27 15:35:05[INFO] [CameraPublisher.cpp] [1559] [printLaunchParams] get depth_height 480
[ascamera_node-1] 2026-06-27 15:35:05[INFO] [CameraPublisher.cpp] [1561] [printLaunchParams] get rgb_width 640
[ascamera_node-1] 2026-06-27 15:35:05[INFO] [CameraPublisher.cpp] [1562] [printLaunchParams] get rgb_height 480
[ascamera_node-1] 2026-06-27 15:35:05[INFO] [CameraPublisher.cpp] [1570] [printLaunchParams] get set_fps 15
[ascamera_node-1] 2026-06-27 15:35:05[INFO] [CameraPublisher.cpp] [1578] [printLaunchParams] get color_pcl 1
[ascamera_node-1] 2026-06-27 15:35:05[INFO] [CameraPublisher.cpp] [1582] [printLaunchParams] get pub_tfTree 1
[ascamera_node-1] 2026-06-27 15:35:05[INFO] [CameraSrv.cpp] [35] [CameraSrv] Angstrong camera server
[ascamera_node-1] 2026-06-27 15:35:05[INFO] [CameraSrv.cpp] [45] [CameraSrv] Angstrong camera sdk version:v1.2.22.20240516
[robot_state_publisher-5] [0m[INFO] [1782574505.897304147] [robot_state_publisher]: got segment base_footprint[0m
[robot_state_publisher-5] [0m[INFO] [1782574505.897488703] [robot_state_publisher]: got segment base_link[0m
[robot_state_publisher-5] [0m[INFO] [1782574505.897508351] [robot_state_publisher]: got segment depth_cam[0m
[robot_state_publisher-5] [0m[INFO] [1782574505.897562221] [robot_state_publisher]: got segment imu_link[0m
[robot_state_publisher-5] [0m[INFO] [1782574505.897573425] [robot_state_publisher]: got segment lidar_frame[0m
[robot_state_publisher-5] [0m[INFO] [1782574505.897582296] [robot_state_publisher]: got segment wheel_lb_Link[0m
[robot_state_publisher-5] [0m[INFO] [1782574505.897590092] [robot_state_publisher]: got segment wheel_lf_Link[0m
[robot_state_publisher-5] [0m[INFO] [1782574505.897598240] [robot_state_publisher]: got segment wheel_rb_Link[0m
[robot_state_publisher-5] [0m[INFO] [1782574505.897607314] [robot_state_publisher]: got segment wheel_rf_Link[0m
[odom_publisher-7] [0m[INFO] [1782574506.542897054] [odom_publisher]: [1;32m0.930000 1.010000[0m[0m
[odom_publisher-7] [0m[INFO] [1782574506.557149795] [odom_publisher]: [1;32mstart[0m[0m
[joint_state_publisher-4] [0m[INFO] [1782574506.681275814] [joint_state_publisher]: Waiting for robot_description to be published on the robot_description topic...[0m
[ascamera_node-1] 2026-06-27 15:35:06[INFO] [CameraSrv.cpp] [114] [onAttached] attached
[ascamera_node-1] 2026-06-27 15:35:06[INFO] [CameraSrv.cpp] [145] [onAttached] this is a new attach device, create and open it
[ros_robot_controller-6] [0m[INFO] [1782574507.301559498] [ros_robot_controller]: 已设置舵机 1 的偏移量为 0[0m
[ros_robot_controller-6] [0m[INFO] [1782574507.303011517] [ros_robot_controller]: 已设置舵机 2 的偏移量为 0[0m
[ros_robot_controller-6] [0m[INFO] [1782574507.304171535] [ros_robot_controller]: 已设置舵机 3 的偏移量为 4[0m
[ros_robot_controller-6] [0m[INFO] [1782574507.305288628] [ros_robot_controller]: 已设置舵机 4 的偏移量为 0[0m
[ros_robot_controller-6] [0m[INFO] [1782574507.309474739] [ros_robot_controller]: [1;32mstart[0m[0m
[self_driving-10] [0m[INFO] [1782574507.321985350] [self_driving]: [INIT] init_process started[0m
[self_driving-10] [0m[INFO] [1782574507.323518110] [self_driving]: [INIT] only_line_follow=False[0m
[self_driving-10] [0m[INFO] [1782574507.324875072] [self_driving]: [INIT] request /yolov5/start[0m
[ascamera_node-1] 2026-06-27 15:35:07[INFO] [CameraSrv.cpp] [154] [onAttached] get model type 9
[ascamera_node-1] 2026-06-27 15:35:07[INFO] [CameraSrv.cpp] [342] [getConfigFile] get file: /home/ubuntu/third_party_ros2/third_party_ws/src/ascamera/configurationfiles/hp60c_v2_00_20230704_configEncrypt.json
[ascamera_node-1] 2026-06-27 15:35:07[INFO] [CameraPublisher.cpp] [1501] [logCameraPathInfo] usb camera
[ascamera_node-1] 2026-06-27 15:35:07[INFO] [CameraPublisher.cpp] [1502] [logCameraPathInfo] bnum:1
[ascamera_node-1] 2026-06-27 15:35:07[INFO] [CameraPublisher.cpp] [1503] [logCameraPathInfo] dnum:3
[ascamera_node-1] 2026-06-27 15:35:07[INFO] [CameraPublisher.cpp] [1504] [logCameraPathInfo] port_numbers:2
[ascamera_node-1] 2026-06-27 15:35:07[INFO] [CameraPublisher.cpp] [171] [onCameraAttached] create a new publisher info set
[ascamera_node-1] 2026-06-27 15:35:07[INFO] [TfTreeFrameIdInfo.cpp] [11] [TfTreeFrameIdInfo] Namespace /ascamera
[ascamera_node-1] 2026-06-27 15:35:07[INFO] [CameraHp60c.cpp] [128] [open] according to the configuration file.
[ascamera_node-1] 2026-06-27 15:35:07[INFO] [CameraHp60c.cpp] [1528] [parseConfigFileParameter] moduleName:AS_CAM_HP60C
[ascamera_node-1] 2026-06-27 15:35:07[INFO] [CameraHp60c.cpp] [1555] [parseConfigFileParameter] Parsing config file /home/ubuntu/third_party_ros2/third_party_ws/src/ascamera/configurationfiles/hp60c_v2_00_20230704_configEncrypt.json
[ascamera_node-1] 2026-06-27 15:35:07[INFO] [CameraHp60c.cpp] [1620] [parseConfigFileParameter] configuration protocol Version: v2.x
[ascamera_node-1] 2026-06-27 15:35:07[INFO] [CameraHp60c.cpp] [1631] [parseConfigFileParameter] configuration Version: v2.0.0.20230704
[ascamera_node-1] 2026-06-27 15:35:07[INFO] [CameraHp60c.cpp] [1796] [setParamersAfterOpenCam] Camera confiParaEnable true, setting configuration parameter
[ascamera_node-1] 2026-06-27 15:35:09[ERROR] [XuCmdCameraHp60c.cpp] [454] [getMjpegSize] get mjpeg from xu command failed
[ascamera_node-1] 2026-06-27 15:35:09[INFO] [XuCmdCameraHp60c.cpp] [458] [getMjpegSize] mjpeg size:640x480
[ascamera_node-1] 2026-06-27 15:35:09[INFO] [CameraPublisher.cpp] [356] [onCameraOpen] camera opened
[ascamera_node-1] 2026-06-27 15:35:09[INFO] [CameraPublisher.cpp] [370] [onCameraOpen] get config info, ret 0, is_Registration 1
[ascamera_node-1] 2026-06-27 15:35:09[INFO] [Camera.cpp] [61] [init] #camera[0x555628fae710] SN[ASC60CF08000515]'s firmware version:DLS_VERc20865=:V01.09_2024110714:V01.19_2024110714:L01
[ascamera_node-1] 2026-06-27 15:35:09[INFO] [CameraPublisher.cpp] [1183] [setResolution] set depth resolution: 640 x 480 @ 15fps
[ascamera_node-1] 2026-06-27 15:35:09[INFO] [CameraPublisher.cpp] [1197] [setResolution] set rgb resolution: 640 x 480 @ 15fps
[ascamera_node-1] 2026-06-27 15:35:09[INFO] [CameraHp60c.cpp] [260] [startStreaming] start streaming
[ascamera_node-1] 2026-06-27 15:35:09[INFO] [CameraSrv.cpp] [202] [onAttached] attached end
[self_driving-10] [33m[WARN] [1782574509.328598108] [self_driving]: [YOLO_SERVICE] service not ready, continue without blocking[0m
[self_driving-10] [0m[INFO] [1782574509.829741052] [self_driving]: [INIT] enter + set_running start[0m
[self_driving-10] [0m[INFO] [1782574509.830246275] [self_driving]: [1;32mself driving enter[0m[0m
[self_driving-10] [0m[INFO] [1782574509.839073108] [self_driving]: [SUB] image=/ascamera/camera_publisher/rgb0/image object=/yolov5_ros2/object_detect[0m
[self_driving-10] [0m[INFO] [1782574509.839816423] [self_driving]: [1;32mset_running[0m[0m
[self_driving-10] [0m[INFO] [1782574509.843767349] [self_driving]: [1;32m[START] hybrid self_driving start: auto LINE_FOLLOW[0m[0m
[ascamera_node-1] 2026-06-27 15:35:10[WARN] [CameraHp60c.cpp] [785] [processRawData] wrong size, read :48863,but framesize:1700744799
[ascamera_node-1] 2026-06-27 15:35:10[WARN] [CameraHp60c.cpp] [785] [processRawData] wrong size, read :16288,but framesize:1596088075
[ascamera_node-1] 2026-06-27 15:35:10[WARN] [CameraHp60c.cpp] [785] [processRawData] wrong size, read :16289,but framesize:2556270685
[ascamera_node-1] 2026-06-27 15:35:10[WARN] [CameraHp60c.cpp] [785] [processRawData] wrong size, read :32580,but framesize:1647141304
[ascamera_node-1] 2026-06-27 15:35:10[WARN] [CameraHp60c.cpp] [785] [processRawData] wrong size, read :48862,but framesize:1180726368
[ascamera_node-1] 2026-06-27 15:35:10[INFO] [CameraHp60c.cpp] [912] [setInternalParameter] mjpeg info: size(640x480)
[INFO] [apply_calib-11]: process started with pid [308962]
[INFO] [complementary_filter_node-12]: process started with pid [308964]
[complementary_filter_node-12] [0m[INFO] [1782574510.811764070] [imu_filter]: Starting ComplementaryFilterROS[0m
[apply_calib-11] [0m[INFO] [1782574511.162842311] [imu_calib]: Calibrating gyros; do not move the IMU[0m
[ascamera_node-1] 2026-06-27 15:35:11[INFO] [Camera.cpp] [127] [backgroundThread] SN [ ASC60CF08000515 ]'s parameter:
[ascamera_node-1] 2026-06-27 15:35:11[INFO] [Camera.cpp] [128] [backgroundThread] irfx: 426.962
[ascamera_node-1] 2026-06-27 15:35:11[INFO] [Camera.cpp] [129] [backgroundThread] irfy: 426.374
[ascamera_node-1] 2026-06-27 15:35:11[INFO] [Camera.cpp] [130] [backgroundThread] ircx: 315.403
[ascamera_node-1] 2026-06-27 15:35:11[INFO] [Camera.cpp] [131] [backgroundThread] ircy: 240.933
[ascamera_node-1] 2026-06-27 15:35:11[INFO] [Camera.cpp] [132] [backgroundThread] rgbfx: 570.48
[ascamera_node-1] 2026-06-27 15:35:11[INFO] [Camera.cpp] [133] [backgroundThread] rgbfy: 569.949
[ascamera_node-1] 2026-06-27 15:35:11[INFO] [Camera.cpp] [134] [backgroundThread] rgbcx: 329.75
[ascamera_node-1] 2026-06-27 15:35:11[INFO] [Camera.cpp] [135] [backgroundThread] rgbcy: 238.406
[ascamera_node-1] 
[ascamera_node-1] 2026-06-27 15:35:11[INFO] [CameraHp60c.cpp] [1149] [streamCallback] set gain ret 0, gain 4
[self_driving-10] [0m[INFO] [1782574511.424241403] [self_driving]: [IMAGE] received count=1 shape=(480, 640, 3) queue=0[0m
[self_driving-10] [33m[WARN] [1782574511.608610459] [self_driving]: [IMAGE] queue full -> drop oldest frame[0m
[self_driving-10] [33m[WARN] [1782574511.611527422] [self_driving]: [LANE_LOST] raw_lane_x=-1 lane_x=-1 filter=lost stop=False state=LINE_FOLLOW safe_linear=0.00 right_ready=False right_done=False[0m
[self_driving-10] [0m[INFO] [1782574511.612061940] [self_driving]: [DEBUG_DRIVE] state=LINE_FOLLOW raw_lane_x=-1 lane_x=-1 filter=lost linear=0.30 angular=0.00 cw_y=0 right_done=False start_turn=False count_turn=0 traffic=None stop=False[0m
[self_driving-10] [33m[WARN] [1782574512.136721773] [self_driving]: [LANE_LOST] raw_lane_x=-1 lane_x=-1 filter=lost stop=False state=LINE_FOLLOW safe_linear=0.00 right_ready=False right_done=False[0m
[self_driving-10] [0m[INFO] [1782574512.137288847] [self_driving]: [DEBUG_DRIVE] state=LINE_FOLLOW raw_lane_x=-1 lane_x=-1 filter=lost linear=0.30 angular=0.00 cw_y=0 right_done=False start_turn=False count_turn=0 traffic=None stop=False[0m
[yolo_detect-9] [0m[INFO] [1782574512.628251569] [yolov5_ros2]: Current ROS 2 distribution: humble[0m
[self_driving-10] [33m[WARN] [1782574512.674230736] [self_driving]: [LANE_LOST] raw_lane_x=-1 lane_x=-1 filter=lost stop=False state=LINE_FOLLOW safe_linear=0.00 right_ready=False right_done=False[0m
[self_driving-10] [0m[INFO] [1782574512.674779551] [self_driving]: [DEBUG_DRIVE] state=LINE_FOLLOW raw_lane_x=-1 lane_x=-1 filter=lost linear=0.30 angular=0.00 cw_y=0 right_done=False start_turn=False count_turn=0 traffic=None stop=False[0m
[apply_calib-11] [0m[INFO] [1782574513.207986754] [imu_calib]: Gyro calibration complete! (bias = [-0.008, 0.032, -0.000])[0m
[self_driving-10] [33m[WARN] [1782574513.210477699] [self_driving]: [LANE_LOST] raw_lane_x=-1 lane_x=-1 filter=lost stop=False state=LINE_FOLLOW safe_linear=0.00 right_ready=False right_done=False[0m
[self_driving-10] [0m[INFO] [1782574513.211098847] [self_driving]: [DEBUG_DRIVE] state=LINE_FOLLOW raw_lane_x=-1 lane_x=-1 filter=lost linear=0.30 angular=0.00 cw_y=0 right_done=False start_turn=False count_turn=0 traffic=None stop=False[0m
[self_driving-10] [0m[INFO] [1782574513.474772161] [self_driving]: [IMAGE] received count=32 shape=(480, 640, 3) queue=0[0m
[self_driving-10] [33m[WARN] [1782574514.014046031] [self_driving]: [LANE_LOST] raw_lane_x=-1 lane_x=-1 filter=lost stop=False state=LINE_FOLLOW safe_linear=0.00 right_ready=False right_done=False[0m
[self_driving-10] [0m[INFO] [1782574514.014655568] [self_driving]: [DEBUG_DRIVE] state=LINE_FOLLOW raw_lane_x=-1 lane_x=-1 filter=lost linear=0.30 angular=0.00 cw_y=0 right_done=False start_turn=False count_turn=0 traffic=None stop=False[0m
[self_driving-10] [33m[WARN] [1782574514.552444939] [self_driving]: [LANE_LOST] raw_lane_x=-1 lane_x=-1 filter=lost stop=False state=LINE_FOLLOW safe_linear=0.00 right_ready=False right_done=False[0m
[self_driving-10] [0m[INFO] [1782574514.553037198] [self_driving]: [DEBUG_DRIVE] state=LINE_FOLLOW raw_lane_x=-1 lane_x=-1 filter=lost linear=0.30 angular=0.00 cw_y=0 right_done=False start_turn=False count_turn=0 traffic=None stop=False[0m
[self_driving-10] [33m[WARN] [1782574515.090074457] [self_driving]: [LANE_LOST] raw_lane_x=-1 lane_x=-1 filter=lost stop=False state=LINE_FOLLOW safe_linear=0.00 right_ready=False right_done=False[0m
[self_driving-10] [0m[INFO] [1782574515.090717086] [self_driving]: [DEBUG_DRIVE] state=LINE_FOLLOW raw_lane_x=-1 lane_x=-1 filter=lost linear=0.30 angular=0.00 cw_y=0 right_done=False start_turn=False count_turn=0 traffic=None stop=False[0m
[self_driving-10] [0m[INFO] [1782574515.499627734] [self_driving]: [IMAGE] received count=58 shape=(480, 640, 3) queue=0[0m
[self_driving-10] [33m[WARN] [1782574515.592987716] [self_driving]: [LANE_LOST] raw_lane_x=-1 lane_x=-1 filter=lost stop=False state=LINE_FOLLOW safe_linear=0.00 right_ready=False right_done=False[0m
[self_driving-10] [0m[INFO] [1782574515.596729493] [self_driving]: [DEBUG_DRIVE] state=LINE_FOLLOW raw_lane_x=-1 lane_x=-1 filter=lost linear=0.30 angular=0.00 cw_y=0 right_done=False start_turn=False count_turn=0 traffic=None stop=False[0m
[self_driving-10] [33m[WARN] [1782574516.115222086] [self_driving]: [LANE_LOST] raw_lane_x=-1 lane_x=-1 filter=lost stop=False state=LINE_FOLLOW safe_linear=0.00 right_ready=False right_done=False[0m
[self_driving-10] [0m[INFO] [1782574516.118237864] [self_driving]: [DEBUG_DRIVE] state=LINE_FOLLOW raw_lane_x=-1 lane_x=-1 filter=lost linear=0.30 angular=0.00 cw_y=0 right_done=False start_turn=False count_turn=0 traffic=None stop=False[0m
[self_driving-10] [33m[WARN] [1782574516.667183419] [self_driving]: [LANE_LOST] raw_lane_x=-1 lane_x=-1 filter=lost stop=False state=LINE_FOLLOW safe_linear=0.00 right_ready=False right_done=False[0m
[self_driving-10] [0m[INFO] [1782574516.669763030] [self_driving]: [DEBUG_DRIVE] state=LINE_FOLLOW raw_lane_x=-1 lane_x=-1 filter=lost linear=0.30 angular=0.00 cw_y=0 right_done=False start_turn=False count_turn=0 traffic=None stop=False[0m
[self_driving-10] [33m[WARN] [1782574517.196801641] [self_driving]: [LANE_LOST] raw_lane_x=-1 lane_x=-1 filter=lost stop=False state=LINE_FOLLOW safe_linear=0.00 right_ready=False right_done=False[0m
[self_driving-10] [0m[INFO] [1782574517.198223030] [self_driving]: [DEBUG_DRIVE] state=LINE_FOLLOW raw_lane_x=-1 lane_x=-1 filter=lost linear=0.30 angular=0.00 cw_y=0 right_done=False start_turn=False count_turn=0 traffic=None stop=False[0m
[self_driving-10] [0m[INFO] [1782574517.522239122] [self_driving]: [IMAGE] received count=88 shape=(480, 640, 3) queue=0[0m
[self_driving-10] [33m[WARN] [1782574517.736704826] [self_driving]: [LANE_LOST] raw_lane_x=-1 lane_x=-1 filter=lost stop=False state=LINE_FOLLOW safe_linear=0.00 right_ready=False right_done=False[0m
[self_driving-10] [0m[INFO] [1782574517.737341937] [self_driving]: [DEBUG_DRIVE] state=LINE_FOLLOW raw_lane_x=-1 lane_x=-1 filter=lost linear=0.30 angular=0.00 cw_y=0 right_done=False start_turn=False count_turn=0 traffic=None stop=False[0m
[self_driving-10] [33m[WARN] [1782574518.283698121] [self_driving]: [LANE_LOST] raw_lane_x=-1 lane_x=-1 filter=lost stop=False state=LINE_FOLLOW safe_linear=0.00 right_ready=False right_done=False[0m
[self_driving-10] [0m[INFO] [1782574518.285586066] [self_driving]: [DEBUG_DRIVE] state=LINE_FOLLOW raw_lane_x=-1 lane_x=-1 filter=lost linear=0.30 angular=0.00 cw_y=0 right_done=False start_turn=False count_turn=0 traffic=None stop=False[0m
[self_driving-10] [33m[WARN] [1782574518.821966732] [self_driving]: [LANE_LOST] raw_lane_x=-1 lane_x=-1 filter=lost stop=False state=LINE_FOLLOW safe_linear=0.00 right_ready=False right_done=False[0m
[self_driving-10] [0m[INFO] [1782574518.822840473] [self_driving]: [DEBUG_DRIVE] state=LINE_FOLLOW raw_lane_x=-1 lane_x=-1 filter=lost linear=0.30 angular=0.00 cw_y=0 right_done=False start_turn=False count_turn=0 traffic=None stop=False[0m
[self_driving-10] [33m[WARN] [1782574519.347363880] [self_driving]: [LANE_LOST] raw_lane_x=-1 lane_x=-1 filter=lost stop=False state=LINE_FOLLOW safe_linear=0.00 right_ready=False right_done=False[0m
[self_driving-10] [0m[INFO] [1782574519.348189195] [self_driving]: [DEBUG_DRIVE] state=LINE_FOLLOW raw_lane_x=-1 lane_x=-1 filter=lost linear=0.30 angular=0.00 cw_y=0 right_done=False start_turn=False count_turn=0 traffic=None stop=False[0m
[self_driving-10] [0m[INFO] [1782574519.529110158] [self_driving]: [IMAGE] received count=118 shape=(480, 640, 3) queue=0[0m
[self_driving-10] [0m[INFO] [1782574519.618282936] [self_driving]: [OBJECTS] msg_count=1 n=1 names=['crosswalk'][0m
[self_driving-10] [0m[INFO] [1782574519.865462509] [self_driving]: [CROSSWALK_IGNORE] y=160 < th=180[0m
[self_driving-10] [33m[WARN] [1782574519.869699417] [self_driving]: [LANE_LOST] raw_lane_x=-1 lane_x=-1 filter=lost stop=False state=LINE_FOLLOW safe_linear=0.00 right_ready=False right_done=False[0m
[self_driving-10] [0m[INFO] [1782574519.873304139] [self_driving]: [DEBUG_DRIVE] state=LINE_FOLLOW raw_lane_x=-1 lane_x=-1 filter=lost linear=0.30 angular=0.00 cw_y=160 right_done=False start_turn=False count_turn=0 traffic=None stop=False[0m
[self_driving-10] [33m[WARN] [1782574520.099659250] [self_driving]: [LANE_X_JUMP_REJECT] raw=126.5 last=235.5 diff=109.0 candidate=126.5 cnt=1/4[0m
[self_driving-10] [0m[INFO] [1782574520.442422305] [self_driving]: [CROSSWALK_IGNORE] y=160 < th=180[0m
[self_driving-10] [33m[WARN] [1782574520.443344361] [self_driving]: [LANE_LOST] raw_lane_x=-1 lane_x=-1 filter=lost stop=False state=LINE_FOLLOW safe_linear=0.00 right_ready=False right_done=False[0m
[self_driving-10] [0m[INFO] [1782574520.447298491] [self_driving]: [DEBUG_DRIVE] state=LINE_FOLLOW raw_lane_x=-1 lane_x=-1 filter=lost linear=0.30 angular=0.00 cw_y=160 right_done=False start_turn=True count_turn=0 traffic=None stop=False[0m
[self_driving-10] [0m[INFO] [1782574520.954926231] [self_driving]: [CROSSWALK_IGNORE] y=160 < th=180[0m
[self_driving-10] [33m[WARN] [1782574520.958130824] [self_driving]: [LANE_LOST] raw_lane_x=-1 lane_x=-1 filter=lost stop=False state=LINE_FOLLOW safe_linear=0.00 right_ready=False right_done=False[0m
[self_driving-10] [0m[INFO] [1782574520.958837935] [self_driving]: [DEBUG_DRIVE] state=LINE_FOLLOW raw_lane_x=-1 lane_x=-1 filter=lost linear=0.30 angular=0.00 cw_y=160 right_done=False start_turn=True count_turn=0 traffic=None stop=False[0m
[self_driving-10] [33m[WARN] [1782574521.130810527] [self_driving]: [LANE_X_JUMP_REJECT] raw=63.5 last=235.5 diff=172.0 candidate=31.5 cnt=2/4[0m
[self_driving-10] [0m[INFO] [1782574521.510984916] [self_driving]: [CROSSWALK_IGNORE] y=160 < th=180[0m
[self_driving-10] [33m[WARN] [1782574521.511873286] [self_driving]: [LANE_LOST] raw_lane_x=-1 lane_x=-1 filter=lost stop=False state=LINE_FOLLOW safe_linear=0.00 right_ready=False right_done=False[0m
[self_driving-10] [0m[INFO] [1782574521.512392397] [self_driving]: [DEBUG_DRIVE] state=LINE_FOLLOW raw_lane_x=-1 lane_x=-1 filter=lost linear=0.30 angular=0.00 cw_y=160 right_done=False start_turn=True count_turn=1 traffic=None stop=False[0m
[self_driving-10] [0m[INFO] [1782574521.593298175] [self_driving]: [IMAGE] received count=147 shape=(480, 640, 3) queue=0[0m
[self_driving-10] [0m[INFO] [1782574522.084728638] [self_driving]: [CROSSWALK_IGNORE] y=160 < th=180[0m
[self_driving-10] [33m[WARN] [1782574522.085886267] [self_driving]: [LANE_LOST] raw_lane_x=-1 lane_x=-1 filter=lost stop=False state=LINE_FOLLOW safe_linear=0.00 right_ready=False right_done=False[0m
[self_driving-10] [0m[INFO] [1782574522.087857138] [self_driving]: [DEBUG_DRIVE] state=LINE_FOLLOW raw_lane_x=-1 lane_x=-1 filter=lost linear=0.30 angular=0.00 cw_y=160 right_done=False start_turn=True count_turn=1 traffic=None stop=False[0m
[self_driving-10] [0m[INFO] [1782574522.655735971] [self_driving]: [CROSSWALK_IGNORE] y=160 < th=180[0m
[self_driving-10] [33m[WARN] [1782574522.659613563] [self_driving]: [LANE_LOST] raw_lane_x=-1 lane_x=-1 filter=lost stop=False state=LINE_FOLLOW safe_linear=0.00 right_ready=False right_done=False[0m
[self_driving-10] [0m[INFO] [1782574522.660198526] [self_driving]: [DEBUG_DRIVE] state=LINE_FOLLOW raw_lane_x=-1 lane_x=-1 filter=lost linear=0.30 angular=0.00 cw_y=160 right_done=False start_turn=True count_turn=1 traffic=None stop=False[0m
[self_driving-10] [0m[INFO] [1782574523.203314026] [self_driving]: [CROSSWALK_IGNORE] y=160 < th=180[0m
[self_driving-10] [33m[WARN] [1782574523.208548989] [self_driving]: [LANE_LOST] raw_lane_x=-1 lane_x=-1 filter=lost stop=False state=LINE_FOLLOW safe_linear=0.00 right_ready=False right_done=False[0m
[self_driving-10] [0m[INFO] [1782574523.209153841] [self_driving]: [DEBUG_DRIVE] state=LINE_FOLLOW raw_lane_x=-1 lane_x=-1 filter=lost linear=0.30 angular=0.00 cw_y=160 right_done=False start_turn=True count_turn=1 traffic=None stop=False[0m
[self_driving-10] [0m[INFO] [1782574523.605122655] [self_driving]: [IMAGE] received count=172 shape=(480, 640, 3) queue=0[0m
[self_driving-10] [33m[WARN] [1782574523.689851822] [self_driving]: [LANE_X_JUMP_REJECT] raw=61.0 last=235.5 diff=174.5 candidate=31.5 cnt=3/4[0m
[self_driving-10] [0m[INFO] [1782574523.783239989] [self_driving]: [CROSSWALK_IGNORE] y=160 < th=180[0m
[self_driving-10] [33m[WARN] [1782574523.784122840] [self_driving]: [LANE_LOST] raw_lane_x=-1 lane_x=-1 filter=lost stop=False state=LINE_FOLLOW safe_linear=0.00 right_ready=False right_done=False[0m
[self_driving-10] [0m[INFO] [1782574523.784621174] [self_driving]: [DEBUG_DRIVE] state=LINE_FOLLOW raw_lane_x=-1 lane_x=-1 filter=lost linear=0.30 angular=0.00 cw_y=160 right_done=False start_turn=True count_turn=2 traffic=None stop=False[0m
[self_driving-10] [0m[INFO] [1782574524.320513081] [self_driving]: [CROSSWALK_IGNORE] y=160 < th=180[0m
[self_driving-10] [33m[WARN] [1782574524.322721285] [self_driving]: [LANE_LOST] raw_lane_x=-1 lane_x=-1 filter=lost stop=False state=LINE_FOLLOW safe_linear=0.00 right_ready=False right_done=False[0m
[self_driving-10] [0m[INFO] [1782574524.323252359] [self_driving]: [DEBUG_DRIVE] state=LINE_FOLLOW raw_lane_x=-1 lane_x=-1 filter=lost linear=0.30 angular=0.00 cw_y=160 right_done=False start_turn=True count_turn=3 traffic=None stop=False[0m
[self_driving-10] [33m[WARN] [1782574524.745042525] [self_driving]: [LANE_X_JUMP_REJECT] raw=140.0 last=235.5 diff=95.5 candidate=122.5 cnt=2/4[0m
[self_driving-10] [0m[INFO] [1782574524.841622525] [self_driving]: [CROSSWALK_IGNORE] y=160 < th=180[0m
[self_driving-10] [0m[INFO] [1782574524.842280562] [self_driving]: [DEBUG_DRIVE] state=LINE_FOLLOW raw_lane_x=135.0 lane_x=235.5 filter=jump_reject linear=0.30 angular=-0.45 cw_y=160 right_done=False start_turn=True count_turn=5 traffic=None stop=False[0m
[self_driving-10] [0m[INFO] [1782574524.899989451] [self_driving]: [LANE_X_JUMP_ACCEPT] raw=108.0 last=108.0 cnt=4/4[0m
[self_driving-10] [0m[INFO] [1782574525.383252321] [self_driving]: [CROSSWALK_IGNORE] y=160 < th=180[0m
[self_driving-10] [0m[INFO] [1782574525.384048580] [self_driving]: [DEBUG_DRIVE] state=LINE_FOLLOW raw_lane_x=-1 lane_x=83.0 filter=hold_last linear=0.30 angular=0.10 cw_y=160 right_done=False start_turn=False count_turn=0 traffic=None stop=False[0m
[self_driving-10] [0m[INFO] [1782574525.524791913] [self_driving]: [OBJECTS] msg_count=2 n=1 names=['green'][0m
[self_driving-10] [0m[INFO] [1782574525.526149599] [self_driving]: [TRAFFIC_CANDIDATE] name=green valid=True cx=542 cy=106 area=4209 score=0.54 min_area=800[0m
[self_driving-10] [33m[WARN] [1782574525.592751358] [self_driving]: [LANE_LOST] raw_lane_x=-1 lane_x=-1 filter=lost stop=False state=LINE_FOLLOW safe_linear=0.00 right_ready=False right_done=False[0m
[self_driving-10] [0m[INFO] [1782574525.663553136] [self_driving]: [IMAGE] received count=199 shape=(480, 640, 3) queue=0[0m
[self_driving-10] [0m[INFO] [1782574525.916231747] [self_driving]: [DEBUG_DRIVE] state=LINE_FOLLOW raw_lane_x=-1 lane_x=-1 filter=lost linear=0.30 angular=0.00 cw_y=0 right_done=False start_turn=False count_turn=0 traffic=green stop=False[0m
[self_driving-10] [33m[WARN] [1782574526.130040746] [self_driving]: [LANE_LOST] raw_lane_x=-1 lane_x=-1 filter=lost stop=False state=LINE_FOLLOW safe_linear=0.00 right_ready=False right_done=False[0m
[self_driving-10] [0m[INFO] [1782574526.283415635] [self_driving]: [OBJECTS] msg_count=3 n=1 names=['go'][0m
[self_driving-10] [0m[INFO] [1782574526.285714302] [self_driving]: [TRAFFIC_CLEAR] no valid red/green in current object msg -> clear stale traffic[0m
[self_driving-10] [0m[INFO] [1782574526.466725246] [self_driving]: [DEBUG_DRIVE] state=LINE_FOLLOW raw_lane_x=190.5 lane_x=190.5 filter=stable linear=0.30 angular=-0.10 cw_y=0 right_done=False start_turn=False count_turn=0 traffic=None stop=False[0m
[self_driving-10] [33m[WARN] [1782574526.998525042] [self_driving]: [LANE_LOST] raw_lane_x=-1 lane_x=-1 filter=lost stop=False state=LINE_FOLLOW safe_linear=0.00 right_ready=False right_done=False[0m
[self_driving-10] [0m[INFO] [1782574526.999048357] [self_driving]: [DEBUG_DRIVE] state=LINE_FOLLOW raw_lane_x=-1 lane_x=-1 filter=lost linear=0.30 angular=0.00 cw_y=0 right_done=False start_turn=False count_turn=0 traffic=None stop=False[0m
[self_driving-10] [33m[WARN] [1782574527.536926634] [self_driving]: [LANE_LOST] raw_lane_x=-1 lane_x=-1 filter=lost stop=False state=LINE_FOLLOW safe_linear=0.00 right_ready=False right_done=False[0m
[self_driving-10] [0m[INFO] [1782574527.537686209] [self_driving]: [DEBUG_DRIVE] state=LINE_FOLLOW raw_lane_x=-1 lane_x=-1 filter=lost linear=0.30 angular=0.00 cw_y=0 right_done=False start_turn=False count_turn=0 traffic=None stop=False[0m
[self_driving-10] [0m[INFO] [1782574527.675003783] [self_driving]: [IMAGE] received count=229 shape=(480, 640, 3) queue=0[0m
[self_driving-10] [33m[WARN] [1782574528.081908671] [self_driving]: [LANE_LOST] raw_lane_x=-1 lane_x=-1 filter=lost stop=False state=LINE_FOLLOW safe_linear=0.00 right_ready=False right_done=False[0m
[self_driving-10] [0m[INFO] [1782574528.082498893] [self_driving]: [DEBUG_DRIVE] state=LINE_FOLLOW raw_lane_x=-1 lane_x=-1 filter=lost linear=0.30 angular=0.00 cw_y=0 right_done=False start_turn=False count_turn=0 traffic=None stop=False[0m
[self_driving-10] [33m[WARN] [1782574528.626901486] [self_driving]: [LANE_LOST] raw_lane_x=-1 lane_x=-1 filter=lost stop=False state=LINE_FOLLOW safe_linear=0.00 right_ready=False right_done=False[0m
[self_driving-10] [0m[INFO] [1782574528.627449004] [self_driving]: [DEBUG_DRIVE] state=LINE_FOLLOW raw_lane_x=-1 lane_x=-1 filter=lost linear=0.30 angular=0.00 cw_y=0 right_done=False start_turn=False count_turn=0 traffic=None stop=False[0m
[self_driving-10] [33m[WARN] [1782574529.168444226] [self_driving]: [LANE_LOST] raw_lane_x=-1 lane_x=-1 filter=lost stop=False state=LINE_FOLLOW safe_linear=0.00 right_ready=False right_done=False[0m
[self_driving-10] [0m[INFO] [1782574529.169044022] [self_driving]: [DEBUG_DRIVE] state=LINE_FOLLOW raw_lane_x=-1 lane_x=-1 filter=lost linear=0.30 angular=0.00 cw_y=0 right_done=False start_turn=False count_turn=0 traffic=None stop=False[0m
[self_driving-10] [0m[INFO] [1782574529.685162930] [self_driving]: [IMAGE] received count=259 shape=(480, 640, 3) queue=0[0m
[self_driving-10] [33m[WARN] [1782574529.690908318] [self_driving]: [LANE_LOST] raw_lane_x=-1 lane_x=-1 filter=lost stop=False state=LINE_FOLLOW safe_linear=0.00 right_ready=False right_done=False[0m
[self_driving-10] [0m[INFO] [1782574529.691536337] [self_driving]: [DEBUG_DRIVE] state=LINE_FOLLOW raw_lane_x=-1 lane_x=-1 filter=lost linear=0.30 angular=0.00 cw_y=0 right_done=False start_turn=False count_turn=0 traffic=None stop=False[0m
[self_driving-10] [33m[WARN] [1782574530.257037688] [self_driving]: [LANE_LOST] raw_lane_x=-1 lane_x=-1 filter=lost stop=False state=LINE_FOLLOW safe_linear=0.00 right_ready=False right_done=False[0m
[self_driving-10] [0m[INFO] [1782574530.258052188] [self_driving]: [DEBUG_DRIVE] state=LINE_FOLLOW raw_lane_x=-1 lane_x=-1 filter=lost linear=0.30 angular=0.00 cw_y=0 right_done=False start_turn=False count_turn=0 traffic=None stop=False[0m
[self_driving-10] [33m[WARN] [1782574530.770614762] [self_driving]: [LANE_LOST] raw_lane_x=-1 lane_x=-1 filter=lost stop=False state=LINE_FOLLOW safe_linear=0.00 right_ready=False right_done=False[0m
[self_driving-10] [0m[INFO] [1782574530.771196133] [self_driving]: [DEBUG_DRIVE] state=LINE_FOLLOW raw_lane_x=-1 lane_x=-1 filter=lost linear=0.30 angular=0.00 cw_y=0 right_done=False start_turn=False count_turn=0 traffic=None stop=False[0m
[self_driving-10] [33m[WARN] [1782574531.297731077] [self_driving]: [LANE_LOST] raw_lane_x=-1 lane_x=-1 filter=lost stop=False state=LINE_FOLLOW safe_linear=0.00 right_ready=False right_done=False[0m
[self_driving-10] [0m[INFO] [1782574531.298391151] [self_driving]: [DEBUG_DRIVE] state=LINE_FOLLOW raw_lane_x=-1 lane_x=-1 filter=lost linear=0.30 angular=0.00 cw_y=0 right_done=False start_turn=False count_turn=0 traffic=None stop=False[0m
[self_driving-10] [33m[WARN] [1782574531.577144521] [self_driving]: [LANE_X_JUMP_REJECT] raw=7.5 last=169.5 diff=162.0 candidate=7.5 cnt=1/4[0m
[self_driving-10] [0m[INFO] [1782574531.671228910] [self_driving]: [OBJECTS] msg_count=5 n=1 names=['crosswalk'][0m
[self_driving-10] [0m[INFO] [1782574531.718392688] [self_driving]: [IMAGE] received count=289 shape=(480, 640, 3) queue=0[0m
[self_driving-10] [0m[INFO] [1782574531.852451058] [self_driving]: [CROSSWALK_IGNORE] y=19 < th=180[0m
[self_driving-10] [0m[INFO] [1782574531.857099058] [self_driving]: [DEBUG_DRIVE] state=LINE_FOLLOW raw_lane_x=122.0 lane_x=122.0 filter=stable linear=0.30 angular=-0.10 cw_y=19 right_done=False start_turn=False count_turn=0 traffic=None stop=False[0m
[self_driving-10] [33m[WARN] [1782574532.396082076] [self_driving]: [LANE_X_JUMP_REJECT] raw=149.5 last=242.0 diff=92.5 candidate=149.5 cnt=1/4[0m
[self_driving-10] [0m[INFO] [1782574532.396754169] [self_driving]: [CROSSWALK_IGNORE] y=51 < th=180[0m
[self_driving-10] [0m[INFO] [1782574532.398403965] [self_driving]: [DEBUG_DRIVE] state=LINE_FOLLOW raw_lane_x=149.5 lane_x=242.0 filter=jump_reject linear=0.30 angular=-0.45 cw_y=51 right_done=False start_turn=False count_turn=5 traffic=None stop=False[0m
[self_driving-10] [0m[INFO] [1782574532.456455854] [self_driving]: [OBJECTS] msg_count=7 n=1 names=['crosswalk'][0m
[self_driving-10] [0m[INFO] [1782574532.932801594] [self_driving]: [CROSSWALK_IGNORE] y=98 < th=180[0m
[self_driving-10] [0m[INFO] [1782574532.933971742] [self_driving]: [DEBUG_DRIVE] state=LINE_FOLLOW raw_lane_x=154.0 lane_x=154.0 filter=stable linear=0.30 angular=0.00 cw_y=98 right_done=False start_turn=True count_turn=0 traffic=None stop=False[0m
[self_driving-10] [0m[INFO] [1782574533.460658964] [self_driving]: [CROSSWALK_IGNORE] y=98 < th=180[0m
[self_driving-10] [0m[INFO] [1782574533.463650742] [self_driving]: [DEBUG_DRIVE] state=LINE_FOLLOW raw_lane_x=132.5 lane_x=132.5 filter=stable linear=0.30 angular=0.00 cw_y=98 right_done=False start_turn=True count_turn=0 traffic=None stop=False[0m
[self_driving-10] [0m[INFO] [1782574533.609795001] [self_driving]: [OBJECTS] msg_count=9 n=1 names=['crosswalk'][0m
[self_driving-10] [0m[INFO] [1782574533.720592260] [self_driving]: [IMAGE] received count=319 shape=(480, 640, 3) queue=0[0m
[self_driving-10] [0m[INFO] [1782574533.857002760] [self_driving]: [CROSSWALK_SLOW] y=337 th=180 confirm=4[0m
[self_driving-10] [0m[INFO] [1782574534.004740057] [self_driving]: [CROSSWALK_IGNORE] y=171 < th=180[0m
[self_driving-10] [0m[INFO] [1782574534.019005334] [self_driving]: [DEBUG_DRIVE] state=LINE_FOLLOW raw_lane_x=162.0 lane_x=162.0 filter=stable linear=0.15 angular=0.00 cw_y=171 right_done=False start_turn=True count_turn=0 traffic=None stop=False[0m
[self_driving-10] [0m[INFO] [1782574534.385344593] [self_driving]: [OBJECTS] msg_count=12 n=1 names=['crosswalk'][0m
[self_driving-10] [0m[INFO] [1782574534.525254575] [self_driving]: [CROSSWALK_IGNORE] y=174 < th=180[0m
[self_driving-10] [0m[INFO] [1782574534.526082038] [self_driving]: [DEBUG_DRIVE] state=LINE_FOLLOW raw_lane_x=174.0 lane_x=174.0 filter=stable linear=0.15 angular=-0.10 cw_y=174 right_done=False start_turn=False count_turn=0 traffic=None stop=False[0m
[self_driving-10] [0m[INFO] [1782574535.078723019] [self_driving]: [DEBUG_DRIVE] state=LINE_FOLLOW raw_lane_x=146.0 lane_x=146.0 filter=stable linear=0.15 angular=-0.10 cw_y=182 right_done=False start_turn=False count_turn=0 traffic=None stop=False[0m
[self_driving-10] [0m[INFO] [1782574535.138031315] [self_driving]: [OBJECTS] msg_count=16 n=1 names=['crosswalk'][0m
[self_driving-10] [0m[INFO] [1782574535.601460333] [self_driving]: [DEBUG_DRIVE] state=LINE_FOLLOW raw_lane_x=128.5 lane_x=128.5 filter=stable linear=0.15 angular=-0.10 cw_y=191 right_done=False start_turn=False count_turn=0 traffic=None stop=False[0m
[self_driving-10] [0m[INFO] [1782574535.722003741] [self_driving]: [IMAGE] received count=349 shape=(480, 640, 3) queue=0[0m
[self_driving-10] [0m[INFO] [1782574535.910626796] [self_driving]: [OBJECTS] msg_count=20 n=1 names=['crosswalk'][0m
[self_driving-10] [0m[INFO] [1782574536.128697722] [self_driving]: [DEBUG_DRIVE] state=LINE_FOLLOW raw_lane_x=120.0 lane_x=120.0 filter=stable linear=0.15 angular=0.10 cw_y=194 right_done=False start_turn=False count_turn=0 traffic=None stop=False[0m
[self_driving-10] [0m[INFO] [1782574536.551581851] [self_driving]: [CROSSWALK_SLOW_DONE] return normal speed[0m
[self_driving-10] [0m[INFO] [1782574536.680949518] [self_driving]: [DEBUG_DRIVE] state=LINE_FOLLOW raw_lane_x=131.0 lane_x=131.0 filter=stable linear=0.30 angular=-0.10 cw_y=197 right_done=False start_turn=False count_turn=0 traffic=None stop=False[0m
[self_driving-10] [0m[INFO] [1782574536.707804814] [self_driving]: [OBJECTS] msg_count=24 n=1 names=['crosswalk'][0m
[self_driving-10] [0m[INFO] [1782574536.822095944] [self_driving]: [CROSSWALK_SLOW] y=200 th=180 confirm=4[0m
[self_driving-10] [0m[INFO] [1782574537.223058425] [self_driving]: [DEBUG_DRIVE] state=LINE_FOLLOW raw_lane_x=102.0 lane_x=102.0 filter=stable linear=0.15 angular=0.10 cw_y=202 right_done=False start_turn=False count_turn=0 traffic=None stop=False[0m
[self_driving-10] [0m[INFO] [1782574537.446946258] [self_driving]: [OBJECTS] msg_count=28 n=1 names=['crosswalk'][0m
[self_driving-10] [0m[INFO] [1782574537.740604684] [self_driving]: [IMAGE] received count=379 shape=(480, 640, 3) queue=0[0m
[self_driving-10] [0m[INFO] [1782574537.748426869] [self_driving]: [DEBUG_DRIVE] state=LINE_FOLLOW raw_lane_x=51.5 lane_x=51.5 filter=stable linear=0.15 angular=0.10 cw_y=425 right_done=False start_turn=False count_turn=0 traffic=None stop=False[0m
[self_driving-10] [0m[INFO] [1782574538.198371202] [self_driving]: [OBJECTS] msg_count=32 n=1 names=['crosswalk'][0m
[self_driving-10] [0m[INFO] [1782574538.299431943] [self_driving]: [DEBUG_DRIVE] state=LINE_FOLLOW raw_lane_x=34.5 lane_x=34.5 filter=stable linear=0.15 angular=0.10 cw_y=222 right_done=False start_turn=False count_turn=0 traffic=None stop=False[0m
[self_driving-10] [0m[INFO] [1782574538.826383683] [self_driving]: [DEBUG_DRIVE] state=LINE_FOLLOW raw_lane_x=15.5 lane_x=15.5 filter=stable linear=0.15 angular=0.10 cw_y=229 right_done=False start_turn=False count_turn=0 traffic=None stop=False[0m
[self_driving-10] [0m[INFO] [1782574538.968047091] [self_driving]: [OBJECTS] msg_count=34 n=1 names=['crosswalk'][0m
[self_driving-10] [0m[INFO] [1782574539.359056535] [self_driving]: [DEBUG_DRIVE] state=LINE_FOLLOW raw_lane_x=-1 lane_x=6.0 filter=hold_last linear=0.15 angular=0.10 cw_y=251 right_done=False start_turn=False count_turn=0 traffic=None stop=False[0m
[self_driving-10] [0m[INFO] [1782574539.507728257] [self_driving]: [CROSSWALK_SLOW_DONE] return normal speed[0m
[self_driving-10] [33m[WARN] [1782574539.511535313] [self_driving]: [LANE_LOST] raw_lane_x=-1 lane_x=-1 filter=lost stop=False state=LINE_FOLLOW safe_linear=0.00 right_ready=False right_done=False[0m
[self_driving-10] [0m[INFO] [1782574539.767291220] [self_driving]: [IMAGE] received count=409 shape=(480, 640, 3) queue=0[0m
[self_driving-10] [0m[INFO] [1782574539.773510646] [self_driving]: [CROSSWALK_SLOW] y=251 th=180 confirm=4[0m
[self_driving-10] [0m[INFO] [1782574539.833459942] [self_driving]: [OBJECTS] msg_count=36 n=1 names=['crosswalk'][0m
[self_driving-10] [0m[INFO] [1782574539.915851331] [self_driving]: [DEBUG_DRIVE] state=LINE_FOLLOW raw_lane_x=-1 lane_x=-1 filter=lost linear=0.15 angular=0.00 cw_y=269 right_done=False start_turn=False count_turn=0 traffic=None stop=False[0m
[self_driving-10] [33m[WARN] [1782574540.042978590] [self_driving]: [LANE_LOST] raw_lane_x=-1 lane_x=-1 filter=lost stop=False state=LINE_FOLLOW safe_linear=0.00 right_ready=False right_done=False[0m
[self_driving-10] [0m[INFO] [1782574540.432962034] [self_driving]: [DEBUG_DRIVE] state=LINE_FOLLOW raw_lane_x=-1 lane_x=-1 filter=lost linear=0.15 angular=0.00 cw_y=0 right_done=False start_turn=False count_turn=0 traffic=None stop=False[0m
[self_driving-10] [33m[WARN] [1782574540.574403553] [self_driving]: [LANE_LOST] raw_lane_x=-1 lane_x=-1 filter=lost stop=False state=LINE_FOLLOW safe_linear=0.00 right_ready=False right_done=False[0m
[self_driving-10] [0m[INFO] [1782574540.639921886] [self_driving]: [OBJECTS] msg_count=39 n=1 names=['crosswalk'][0m
[self_driving-10] [0m[INFO] [1782574540.981977867] [self_driving]: [DEBUG_DRIVE] state=LINE_FOLLOW raw_lane_x=-1 lane_x=-1 filter=lost linear=0.15 angular=0.00 cw_y=0 right_done=False start_turn=False count_turn=0 traffic=None stop=False[0m
[self_driving-10] [33m[WARN] [1782574541.105026163] [self_driving]: [LANE_LOST] raw_lane_x=-1 lane_x=-1 filter=lost stop=False state=LINE_FOLLOW safe_linear=0.00 right_ready=False right_done=False[0m
[self_driving-10] [33m[WARN] [1782574541.253026700] [self_driving]: [LANE_X_JUMP_REJECT] raw=309.0 last=6.0 diff=303.0 candidate=309.0 cnt=1/4[0m
[self_driving-10] [0m[INFO] [1782574541.382316015] [self_driving]: [OBJECTS] msg_count=43 n=1 names=['crosswalk'][0m
[self_driving-10] [0m[INFO] [1782574541.467882534] [self_driving]: [LANE_X_JUMP_ACCEPT] raw=297.5 last=297.5 cnt=4/4[0m
[self_driving-10] [0m[INFO] [1782574541.519066497] [self_driving]: [DEBUG_DRIVE] state=LINE_FOLLOW raw_lane_x=292.0 lane_x=292.0 filter=stable linear=0.15 angular=-0.45 cw_y=0 right_done=False start_turn=False count_turn=2 traffic=None stop=False[0m
[self_driving-10] [0m[INFO] [1782574541.805411404] [self_driving]: [IMAGE] received count=439 shape=(480, 640, 3) queue=0[0m
[self_driving-10] [0m[INFO] [1782574542.061908496] [self_driving]: [DEBUG_DRIVE] state=LINE_FOLLOW raw_lane_x=287.0 lane_x=287.0 filter=stable linear=0.15 angular=-0.45 cw_y=407 right_done=False start_turn=True count_turn=4 traffic=None stop=False[0m
[self_driving-10] [0m[INFO] [1782574542.135040830] [self_driving]: [OBJECTS] msg_count=47 n=1 names=['go'][0m
[self_driving-10] [0m[INFO] [1782574542.454614052] [self_driving]: [CROSSWALK_SLOW_DONE] return normal speed[0m
[self_driving-10] [0m[INFO] [1782574542.597823329] [self_driving]: [DEBUG_DRIVE] state=LINE_FOLLOW raw_lane_x=238.5 lane_x=238.5 filter=stable linear=0.30 angular=-0.45 cw_y=0 right_done=False start_turn=True count_turn=12 traffic=None stop=False[0m
[self_driving-10] [0m[INFO] [1782574542.898459588] [self_driving]: [OBJECTS] msg_count=49 n=1 names=['go'][0m
[self_driving-10] [33m[WARN] [1782574542.997657033] [self_driving]: [LANE_X_JUMP_REJECT] raw=143.5 last=227.5 diff=84.0 candidate=143.5 cnt=1/4[0m
[self_driving-10] [0m[INFO] [1782574543.130532329] [self_driving]: [DEBUG_DRIVE] state=LINE_FOLLOW raw_lane_x=286.0 lane_x=198.5 filter=jump_reject linear=0.30 angular=0.00 cw_y=0 right_done=False start_turn=True count_turn=0 traffic=None stop=False[0m
[self_driving-10] [33m[WARN] [1782574543.545445718] [self_driving]: [LANE_X_JUMP_REJECT] raw=254.0 last=152.0 diff=102.0 candidate=274.5 cnt=3/4[0m
[self_driving-10] [0m[INFO] [1782574543.610009384] [self_driving]: [LANE_X_JUMP_ACCEPT] raw=277.0 last=277.0 cnt=4/4[0m
[self_driving-10] [0m[INFO] [1782574543.670883032] [self_driving]: [OBJECTS] msg_count=51 n=1 names=['go'][0m
[self_driving-10] [0m[INFO] [1782574543.692572273] [self_driving]: [DEBUG_DRIVE] state=LINE_FOLLOW raw_lane_x=273.0 lane_x=273.0 filter=stable linear=0.30 angular=-0.45 cw_y=0 right_done=False start_turn=True count_turn=2 traffic=None stop=False[0m
[self_driving-10] [0m[INFO] [1782574543.871020440] [self_driving]: [IMAGE] received count=470 shape=(480, 640, 3) queue=0[0m
[self_driving-10] [33m[WARN] [1782574544.143543162] [self_driving]: [LANE_X_JUMP_REJECT] raw=95.0 last=260.5 diff=165.5 candidate=95.0 cnt=1/4[0m
[self_driving-10] [0m[INFO] [1782574544.204920050] [self_driving]: [DEBUG_DRIVE] state=LINE_FOLLOW raw_lane_x=285.5 lane_x=285.5 filter=stable linear=0.30 angular=-0.45 cw_y=0 right_done=False start_turn=True count_turn=10 traffic=None stop=False[0m
[self_driving-10] [33m[WARN] [1782574544.674249624] [self_driving]: [LANE_X_JUMP_REJECT] raw=104.5 last=245.0 diff=140.5 candidate=110.0 cnt=2/4[0m
[self_driving-10] [0m[INFO] [1782574544.749495643] [self_driving]: [DEBUG_DRIVE] state=LINE_FOLLOW raw_lane_x=127.0 lane_x=245.0 filter=jump_reject linear=0.30 angular=-0.45 cw_y=0 right_done=False start_turn=True count_turn=18 traffic=None stop=False[0m
[self_driving-10] [0m[INFO] [1782574544.835301272] [self_driving]: [OBJECTS] msg_count=52 n=1 names=['crosswalk'][0m
[self_driving-10] [0m[INFO] [1782574545.082617050] [self_driving]: [CROSSWALK_SLOW] y=439 th=180 confirm=4[0m
[self_driving-10] [0m[INFO] [1782574545.294259939] [self_driving]: [DEBUG_DRIVE] state=LINE_FOLLOW raw_lane_x=77.5 lane_x=77.5 filter=stable linear=0.15 angular=0.10 cw_y=439 right_done=False start_turn=False count_turn=0 traffic=None stop=False[0m
[self_driving-10] [0m[INFO] [1782574545.817201179] [self_driving]: [DEBUG_DRIVE] state=LINE_FOLLOW raw_lane_x=51.0 lane_x=51.0 filter=stable linear=0.15 angular=0.10 cw_y=439 right_done=False start_turn=False count_turn=0 traffic=None stop=False[0m
[self_driving-10] [0m[INFO] [1782574545.888419420] [self_driving]: [IMAGE] received count=500 shape=(480, 640, 3) queue=0[0m
[self_driving-10] [0m[INFO] [1782574545.960951216] [self_driving]: [OBJECTS] msg_count=53 n=1 names=['crosswalk'][0m
[self_driving-10] [0m[INFO] [1782574546.368092512] [self_driving]: [DEBUG_DRIVE] state=LINE_FOLLOW raw_lane_x=27.5 lane_x=27.5 filter=stable linear=0.15 angular=0.10 cw_y=372 right_done=False start_turn=False count_turn=0 traffic=None stop=False[0m
[self_driving-10] [0m[INFO] [1782574546.727426308] [self_driving]: [OBJECTS] msg_count=57 n=1 names=['crosswalk'][0m
[self_driving-10] [0m[INFO] [1782574546.893893549] [self_driving]: [CROSSWALK_IGNORE] y=169 < th=180[0m
[self_driving-10] [0m[INFO] [1782574546.894917808] [self_driving]: [DEBUG_DRIVE] state=LINE_FOLLOW raw_lane_x=21.0 lane_x=21.0 filter=stable linear=0.15 angular=0.10 cw_y=169 right_done=False start_turn=False count_turn=0 traffic=None stop=False[0m
[self_driving-10] [0m[INFO] [1782574547.437093808] [self_driving]: [CROSSWALK_IGNORE] y=170 < th=180[0m
[self_driving-10] [0m[INFO] [1782574547.439014715] [self_driving]: [DEBUG_DRIVE] state=LINE_FOLLOW raw_lane_x=-1 lane_x=7.0 filter=hold_last linear=0.15 angular=0.10 cw_y=170 right_done=False start_turn=False count_turn=0 traffic=None stop=False[0m
[self_driving-10] [0m[INFO] [1782574547.530061197] [self_driving]: [OBJECTS] msg_count=61 n=1 names=['crosswalk'][0m
[self_driving-10] [0m[INFO] [1782574547.764511048] [self_driving]: [CROSSWALK_SLOW_DONE] return normal speed[0m
[self_driving-10] [33m[WARN] [1782574547.769337197] [self_driving]: [LANE_LOST] raw_lane_x=-1 lane_x=-1 filter=lost stop=False state=LINE_FOLLOW safe_linear=0.00 right_ready=False right_done=False[0m
[self_driving-10] [0m[INFO] [1782574547.900049104] [self_driving]: [IMAGE] received count=530 shape=(480, 640, 3) queue=0[0m
[self_driving-10] [0m[INFO] [1782574547.973715067] [self_driving]: [DEBUG_DRIVE] state=LINE_FOLLOW raw_lane_x=-1 lane_x=-1 filter=lost linear=0.30 angular=0.00 cw_y=0 right_done=False start_turn=False count_turn=0 traffic=None stop=False[0m
[self_driving-10] [0m[INFO] [1782574548.290257900] [self_driving]: [OBJECTS] msg_count=67 n=1 names=['crosswalk'][0m
[self_driving-10] [33m[WARN] [1782574548.299587048] [self_driving]: [LANE_LOST] raw_lane_x=-1 lane_x=-1 filter=lost stop=False state=LINE_FOLLOW safe_linear=0.00 right_ready=False right_done=False[0m
[self_driving-10] [0m[INFO] [1782574548.510343807] [self_driving]: [DEBUG_DRIVE] state=LINE_FOLLOW raw_lane_x=-1 lane_x=-1 filter=lost linear=0.30 angular=0.00 cw_y=0 right_done=False start_turn=False count_turn=0 traffic=None stop=False[0m
[self_driving-10] [33m[WARN] [1782574548.847862381] [self_driving]: [LANE_LOST] raw_lane_x=-1 lane_x=-1 filter=lost stop=False state=LINE_FOLLOW safe_linear=0.00 right_ready=False right_done=False[0m
[self_driving-10] [0m[INFO] [1782574549.032247603] [self_driving]: [DEBUG_DRIVE] state=LINE_FOLLOW raw_lane_x=-1 lane_x=-1 filter=lost linear=0.30 angular=0.00 cw_y=0 right_done=False start_turn=False count_turn=0 traffic=None stop=False[0m
[self_driving-10] [0m[INFO] [1782574549.072555529] [self_driving]: [OBJECTS] msg_count=72 n=1 names=['crosswalk'][0m
[self_driving-10] [33m[WARN] [1782574549.381070418] [self_driving]: [LANE_LOST] raw_lane_x=-1 lane_x=-1 filter=lost stop=False state=LINE_FOLLOW safe_linear=0.00 right_ready=False right_done=False[0m
[self_driving-10] [0m[INFO] [1782574549.535908436] [self_driving]: [DEBUG_DRIVE] state=LINE_FOLLOW raw_lane_x=-1 lane_x=-1 filter=lost linear=0.30 angular=0.00 cw_y=0 right_done=False start_turn=False count_turn=0 traffic=None stop=False[0m
[self_driving-10] [0m[INFO] [1782574549.837409010] [self_driving]: [OBJECTS] msg_count=78 n=1 names=['crosswalk'][0m
[self_driving-10] [0m[INFO] [1782574549.916384306] [self_driving]: [IMAGE] received count=560 shape=(480, 640, 3) queue=0[0m
[self_driving-10] [33m[WARN] [1782574549.922331862] [self_driving]: [LANE_LOST] raw_lane_x=-1 lane_x=-1 filter=lost stop=False state=LINE_FOLLOW safe_linear=0.00 right_ready=False right_done=False[0m
[self_driving-10] [0m[INFO] [1782574550.043993288] [self_driving]: [DEBUG_DRIVE] state=LINE_FOLLOW raw_lane_x=-1 lane_x=-1 filter=lost linear=0.30 angular=0.00 cw_y=0 right_done=False start_turn=False count_turn=0 traffic=None stop=False[0m
[self_driving-10] [33m[WARN] [1782574550.456811695] [self_driving]: [LANE_LOST] raw_lane_x=-1 lane_x=-1 filter=lost stop=False state=LINE_FOLLOW safe_linear=0.00 right_ready=False right_done=False[0m
[self_driving-10] [0m[INFO] [1782574550.581112899] [self_driving]: [DEBUG_DRIVE] state=LINE_FOLLOW raw_lane_x=-1 lane_x=-1 filter=lost linear=0.30 angular=0.00 cw_y=0 right_done=False start_turn=False count_turn=0 traffic=None stop=False[0m
[self_driving-10] [0m[INFO] [1782574550.588152176] [self_driving]: [OBJECTS] msg_count=84 n=1 names=['crosswalk'][0m
[self_driving-10] [33m[WARN] [1782574551.025143287] [self_driving]: [LANE_LOST] raw_lane_x=-1 lane_x=-1 filter=lost stop=False state=LINE_FOLLOW safe_linear=0.00 right_ready=False right_done=False[0m
[self_driving-10] [0m[INFO] [1782574551.128893750] [self_driving]: [DEBUG_DRIVE] state=LINE_FOLLOW raw_lane_x=-1 lane_x=-1 filter=lost linear=0.30 angular=0.00 cw_y=0 right_done=False start_turn=False count_turn=0 traffic=None stop=False[0m
[self_driving-10] [0m[INFO] [1782574551.356149417] [self_driving]: [OBJECTS] msg_count=90 n=1 names=['crosswalk'][0m
[self_driving-10] [33m[WARN] [1782574551.601273861] [self_driving]: [LANE_X_JUMP_REJECT] raw=307.0 last=7.0 diff=300.0 candidate=307.0 cnt=1/4[0m
[self_driving-10] [33m[WARN] [1782574551.659831435] [self_driving]: [LANE_LOST] raw_lane_x=-1 lane_x=-1 filter=lost stop=False state=LINE_FOLLOW safe_linear=0.00 right_ready=False right_done=False[0m
[self_driving-10] [0m[INFO] [1782574551.660482305] [self_driving]: [DEBUG_DRIVE] state=LINE_FOLLOW raw_lane_x=-1 lane_x=-1 filter=lost linear=0.30 angular=0.00 cw_y=0 right_done=False start_turn=False count_turn=0 traffic=None stop=False[0m
[self_driving-10] [0m[INFO] [1782574551.931357120] [self_driving]: [IMAGE] received count=590 shape=(480, 640, 3) queue=0[0m
[self_driving-10] [0m[INFO] [1782574552.164873324] [self_driving]: [DEBUG_DRIVE] state=LINE_FOLLOW raw_lane_x=57.5 lane_x=57.5 filter=stable linear=0.30 angular=0.10 cw_y=0 right_done=False start_turn=False count_turn=0 traffic=None stop=False[0m
[self_driving-10] [0m[INFO] [1782574552.729059082] [self_driving]: [DEBUG_DRIVE] state=LINE_FOLLOW raw_lane_x=24.0 lane_x=24.0 filter=stable linear=0.30 angular=0.10 cw_y=0 right_done=False start_turn=False count_turn=0 traffic=None stop=False[0m
[self_driving-10] [0m[INFO] [1782574552.860081490] [self_driving]: [OBJECTS] msg_count=95 n=1 names=['crosswalk'][0m
[self_driving-10] [0m[INFO] [1782574553.077126101] [self_driving]: [CROSSWALK_SLOW] y=206 th=180 confirm=4[0m
[self_driving-10] [0m[INFO] [1782574553.299086971] [self_driving]: [DEBUG_DRIVE] state=LINE_FOLLOW raw_lane_x=12.0 lane_x=12.0 filter=stable linear=0.15 angular=0.10 cw_y=278 right_done=False start_turn=False count_turn=0 traffic=None stop=False[0m
[self_driving-10] [0m[INFO] [1782574553.618592304] [self_driving]: [OBJECTS] msg_count=97 n=1 names=['crosswalk'][0m
[self_driving-10] [0m[INFO] [1782574553.816802026] [self_driving]: [DEBUG_DRIVE] state=LINE_FOLLOW raw_lane_x=66.5 lane_x=66.5 filter=stable linear=0.15 angular=0.10 cw_y=205 right_done=False start_turn=False count_turn=0 traffic=None stop=False[0m
[self_driving-10] [0m[INFO] [1782574553.940864471] [self_driving]: [IMAGE] received count=620 shape=(480, 640, 3) queue=0[0m
[self_driving-10] [0m[INFO] [1782574554.346784767] [self_driving]: [OBJECTS] msg_count=99 n=1 names=['crosswalk'][0m
[self_driving-10] [0m[INFO] [1782574554.354638026] [self_driving]: [DEBUG_DRIVE] state=LINE_FOLLOW raw_lane_x=65.0 lane_x=65.0 filter=stable linear=0.15 angular=0.10 cw_y=253 right_done=False start_turn=False count_turn=0 traffic=None stop=False[0m
[self_driving-10] [0m[INFO] [1782574554.887363600] [self_driving]: [DEBUG_DRIVE] state=LINE_FOLLOW raw_lane_x=49.0 lane_x=49.0 filter=stable linear=0.15 angular=0.10 cw_y=217 right_done=False start_turn=False count_turn=0 traffic=None stop=False[0m
[self_driving-10] [0m[INFO] [1782574555.098511396] [self_driving]: [OBJECTS] msg_count=101 n=1 names=['crosswalk'][0m
[self_driving-10] [0m[INFO] [1782574555.422207433] [self_driving]: [DEBUG_DRIVE] state=LINE_FOLLOW raw_lane_x=49.0 lane_x=49.0 filter=stable linear=0.15 angular=0.10 cw_y=270 right_done=False start_turn=False count_turn=0 traffic=None stop=False[0m
[self_driving-10] [0m[INFO] [1782574555.766361266] [self_driving]: [CROSSWALK_SLOW_DONE] return normal speed[0m
[self_driving-10] [0m[INFO] [1782574555.859832025] [self_driving]: [OBJECTS] msg_count=103 n=1 names=['crosswalk'][0m
[self_driving-10] [0m[INFO] [1782574555.951812173] [self_driving]: [IMAGE] received count=650 shape=(480, 640, 3) queue=0[0m
[self_driving-10] [0m[INFO] [1782574555.963418395] [self_driving]: [DEBUG_DRIVE] state=LINE_FOLLOW raw_lane_x=11.0 lane_x=11.0 filter=stable linear=0.30 angular=0.10 cw_y=332 right_done=False start_turn=False count_turn=0 traffic=None stop=False[0m
[self_driving-10] [0m[INFO] [1782574556.024188951] [self_driving]: [CROSSWALK_SLOW] y=332 th=180 confirm=4[0m
[self_driving-10] [33m[WARN] [1782574556.501731247] [self_driving]: [LANE_LOST] raw_lane_x=-1 lane_x=-1 filter=lost stop=False state=LINE_FOLLOW safe_linear=0.00 right_ready=False right_done=False[0m
[self_driving-10] [0m[INFO] [1782574556.502258802] [self_driving]: [DEBUG_DRIVE] state=LINE_FOLLOW raw_lane_x=-1 lane_x=-1 filter=lost linear=0.15 angular=0.00 cw_y=381 right_done=False start_turn=False count_turn=0 traffic=None stop=False[0m
[self_driving-10] [0m[INFO] [1782574556.627343710] [self_driving]: [OBJECTS] msg_count=105 n=1 names=['crosswalk'][0m
[self_driving-10] [33m[WARN] [1782574557.039942043] [self_driving]: [LANE_LOST] raw_lane_x=-1 lane_x=-1 filter=lost stop=False state=LINE_FOLLOW safe_linear=0.00 right_ready=False right_done=False[0m
[self_driving-10] [0m[INFO] [1782574557.041704413] [self_driving]: [DEBUG_DRIVE] state=LINE_FOLLOW raw_lane_x=-1 lane_x=-1 filter=lost linear=0.15 angular=0.00 cw_y=441 right_done=False start_turn=False count_turn=0 traffic=None stop=False[0m
[self_driving-10] [0m[INFO] [1782574557.364056320] [self_driving]: [OBJECTS] msg_count=107 n=1 names=['crosswalk'][0m
[self_driving-10] [33m[WARN] [1782574557.580943524] [self_driving]: [LANE_LOST] raw_lane_x=-1 lane_x=-1 filter=lost stop=False state=LINE_FOLLOW safe_linear=0.00 right_ready=False right_done=False[0m
[self_driving-10] [0m[INFO] [1782574557.581449950] [self_driving]: [DEBUG_DRIVE] state=LINE_FOLLOW raw_lane_x=-1 lane_x=-1 filter=lost linear=0.15 angular=0.00 cw_y=469 right_done=False start_turn=False count_turn=0 traffic=None stop=False[0m
[self_driving-10] [0m[INFO] [1782574557.980708505] [self_driving]: [IMAGE] received count=680 shape=(480, 640, 3) queue=0[0m
[self_driving-10] [33m[WARN] [1782574558.145001246] [self_driving]: [LANE_LOST] raw_lane_x=-1 lane_x=-1 filter=lost stop=False state=LINE_FOLLOW safe_linear=0.00 right_ready=False right_done=False[0m
[self_driving-10] [0m[INFO] [1782574558.146198061] [self_driving]: [DEBUG_DRIVE] state=LINE_FOLLOW raw_lane_x=-1 lane_x=-1 filter=lost linear=0.15 angular=0.00 cw_y=469 right_done=False start_turn=False count_turn=0 traffic=None stop=False[0m
[self_driving-10] [33m[WARN] [1782574558.658581190] [self_driving]: [LANE_LOST] raw_lane_x=-1 lane_x=-1 filter=lost stop=False state=LINE_FOLLOW safe_linear=0.00 right_ready=False right_done=False[0m
[self_driving-10] [0m[INFO] [1782574558.659119079] [self_driving]: [DEBUG_DRIVE] state=LINE_FOLLOW raw_lane_x=-1 lane_x=-1 filter=lost linear=0.15 angular=0.00 cw_y=469 right_done=False start_turn=False count_turn=0 traffic=None stop=False[0m
[self_driving-10] [0m[INFO] [1782574558.711173449] [self_driving]: [CROSSWALK_SLOW_DONE] return normal speed[0m
[self_driving-10] [0m[INFO] [1782574559.005977653] [self_driving]: [CROSSWALK_SLOW] y=469 th=180 confirm=4[0m
[self_driving-10] [33m[WARN] [1782574559.135787301] [self_driving]: [LANE_X_JUMP_REJECT] raw=316.5 last=9.5 diff=307.0 candidate=316.5 cnt=1/4[0m
[self_driving-10] [0m[INFO] [1782574559.192507912] [self_driving]: [DEBUG_DRIVE] state=LINE_FOLLOW raw_lane_x=315.0 lane_x=9.5 filter=jump_reject linear=0.15 angular=0.10 cw_y=469 right_done=False start_turn=False count_turn=0 traffic=None stop=False[0m
[self_driving-10] [0m[INFO] [1782574559.214767671] [self_driving]: [OBJECTS] msg_count=108 n=1 names=['go'][0m
[self_driving-10] [33m[WARN] [1782574559.280856116] [self_driving]: [LANE_LOST] raw_lane_x=-1 lane_x=-1 filter=lost stop=False state=LINE_FOLLOW safe_linear=0.00 right_ready=False right_done=False[0m
[self_driving-10] [0m[INFO] [1782574559.744359004] [self_driving]: [DEBUG_DRIVE] state=LINE_FOLLOW raw_lane_x=-1 lane_x=-1 filter=lost linear=0.15 angular=0.00 cw_y=0 right_done=False start_turn=False count_turn=0 traffic=None stop=False[0m
[self_driving-10] [33m[WARN] [1782574559.787733263] [self_driving]: [LANE_LOST] raw_lane_x=-1 lane_x=-1 filter=lost stop=False state=LINE_FOLLOW safe_linear=0.00 right_ready=False right_done=False[0m
[self_driving-10] [0m[INFO] [1782574559.978481374] [self_driving]: [OBJECTS] msg_count=110 n=1 names=['go'][0m
[self_driving-10] [0m[INFO] [1782574560.015166745] [self_driving]: [IMAGE] received count=710 shape=(480, 640, 3) queue=0[0m
[self_driving-10] [0m[INFO] [1782574560.262056726] [self_driving]: [DEBUG_DRIVE] state=LINE_FOLLOW raw_lane_x=-1 lane_x=-1 filter=lost linear=0.15 angular=0.00 cw_y=0 right_done=False start_turn=False count_turn=0 traffic=None stop=False[0m
[self_driving-10] [33m[WARN] [1782574560.347112282] [self_driving]: [LANE_LOST] raw_lane_x=-1 lane_x=-1 filter=lost stop=False state=LINE_FOLLOW safe_linear=0.00 right_ready=False right_done=False[0m
[self_driving-10] [0m[INFO] [1782574560.709966985] [self_driving]: [OBJECTS] msg_count=113 n=1 names=['go'][0m
[self_driving-10] [0m[INFO] [1782574560.814072559] [self_driving]: [DEBUG_DRIVE] state=LINE_FOLLOW raw_lane_x=58.0 lane_x=58.0 filter=stable linear=0.15 angular=0.10 cw_y=0 right_done=False start_turn=False count_turn=0 traffic=None stop=False[0m
[self_driving-10] [33m[WARN] [1782574561.271538114] [self_driving]: [LANE_X_JUMP_REJECT] raw=278.0 last=108.0 diff=170.0 candidate=278.0 cnt=1/4[0m
[self_driving-10] [0m[INFO] [1782574561.329067966] [self_driving]: [DEBUG_DRIVE] state=LINE_FOLLOW raw_lane_x=270.0 lane_x=108.0 filter=jump_reject linear=0.15 angular=0.10 cw_y=0 right_done=False start_turn=False count_turn=0 traffic=None stop=False[0m
[self_driving-10] [0m[INFO] [1782574561.442470337] [self_driving]: [OBJECTS] msg_count=115 n=1 names=['go'][0m
[self_driving-10] [33m[WARN] [1782574561.611528448] [self_driving]: [LANE_LOST] raw_lane_x=-1 lane_x=-1 filter=lost stop=False state=LINE_FOLLOW safe_linear=0.00 right_ready=False right_done=False[0m
[self_driving-10] [0m[INFO] [1782574561.669671170] [self_driving]: [CROSSWALK_SLOW_DONE] return normal speed[0m
[self_driving-10] [0m[INFO] [1782574561.903313429] [self_driving]: [DEBUG_DRIVE] state=LINE_FOLLOW raw_lane_x=-1 lane_x=-1 filter=lost linear=0.30 angular=0.00 cw_y=0 right_done=False start_turn=False count_turn=0 traffic=None stop=False[0m
[self_driving-10] [0m[INFO] [1782574562.021408540] [self_driving]: [IMAGE] received count=740 shape=(480, 640, 3) queue=0[0m
[self_driving-10] [0m[INFO] [1782574562.203639318] [self_driving]: [OBJECTS] msg_count=117 n=1 names=['go'][0m
[self_driving-10] [0m[INFO] [1782574562.414726354] [self_driving]: [DEBUG_DRIVE] state=LINE_FOLLOW raw_lane_x=-1 lane_x=91.0 filter=hold_last linear=0.30 angular=0.10 cw_y=0 right_done=False start_turn=False count_turn=0 traffic=None stop=False[0m
[self_driving-10] [33m[WARN] [1782574562.490506966] [self_driving]: [LANE_LOST] raw_lane_x=-1 lane_x=-1 filter=lost stop=False state=LINE_FOLLOW safe_linear=0.00 right_ready=False right_done=False[0m
[self_driving-10] [0m[INFO] [1782574562.979797613] [self_driving]: [DEBUG_DRIVE] state=LINE_FOLLOW raw_lane_x=-1 lane_x=-1 filter=lost linear=0.30 angular=0.00 cw_y=0 right_done=False start_turn=False count_turn=0 traffic=None stop=False[0m
[self_driving-10] [33m[WARN] [1782574563.067404558] [self_driving]: [LANE_LOST] raw_lane_x=-1 lane_x=-1 filter=lost stop=False state=LINE_FOLLOW safe_linear=0.00 right_ready=False right_done=False[0m
[self_driving-10] [0m[INFO] [1782574563.543264150] [self_driving]: [DEBUG_DRIVE] state=LINE_FOLLOW raw_lane_x=-1 lane_x=-1 filter=lost linear=0.30 angular=0.00 cw_y=0 right_done=False start_turn=False count_turn=0 traffic=None stop=False[0m
[self_driving-10] [33m[WARN] [1782574563.665261650] [self_driving]: [LANE_LOST] raw_lane_x=-1 lane_x=-1 filter=lost stop=False state=LINE_FOLLOW safe_linear=0.00 right_ready=False right_done=False[0m
[self_driving-10] [0m[INFO] [1782574564.043862428] [self_driving]: [IMAGE] received count=766 shape=(480, 640, 3) queue=0[0m
[self_driving-10] [0m[INFO] [1782574564.049717261] [self_driving]: [DEBUG_DRIVE] state=LINE_FOLLOW raw_lane_x=-1 lane_x=-1 filter=lost linear=0.30 angular=0.00 cw_y=0 right_done=False start_turn=False count_turn=0 traffic=None stop=False[0m
[self_driving-10] [33m[WARN] [1782574564.185412927] [self_driving]: [LANE_LOST] raw_lane_x=-1 lane_x=-1 filter=lost stop=False state=LINE_FOLLOW safe_linear=0.00 right_ready=False right_done=False[0m
[self_driving-10] [0m[INFO] [1782574564.588655186] [self_driving]: [DEBUG_DRIVE] state=LINE_FOLLOW raw_lane_x=-1 lane_x=-1 filter=lost linear=0.30 angular=0.00 cw_y=0 right_done=False start_turn=False count_turn=0 traffic=None stop=False[0m
[self_driving-10] [33m[WARN] [1782574564.747053427] [self_driving]: [LANE_LOST] raw_lane_x=-1 lane_x=-1 filter=lost stop=False state=LINE_FOLLOW safe_linear=0.00 right_ready=False right_done=False[0m
[self_driving-10] [0m[INFO] [1782574565.127309334] [self_driving]: [DEBUG_DRIVE] state=LINE_FOLLOW raw_lane_x=-1 lane_x=47.5 filter=hold_last linear=0.30 angular=0.10 cw_y=0 right_done=False start_turn=False count_turn=0 traffic=None stop=False[0m
[self_driving-10] [33m[WARN] [1782574565.264239575] [self_driving]: [LANE_LOST] raw_lane_x=-1 lane_x=-1 filter=lost stop=False state=LINE_FOLLOW safe_linear=0.00 right_ready=False right_done=False[0m
[self_driving-10] [33m[WARN] [1782574565.400439927] [self_driving]: [LANE_X_JUMP_REJECT] raw=244.5 last=47.5 diff=197.0 candidate=244.5 cnt=1/4[0m
[self_driving-10] [0m[INFO] [1782574565.661438667] [self_driving]: [LANE_X_JUMP_ACCEPT] raw=276.5 last=276.5 cnt=4/4[0m
[self_driving-10] [0m[INFO] [1782574565.664274334] [self_driving]: [DEBUG_DRIVE] state=LINE_FOLLOW raw_lane_x=276.5 lane_x=276.5 filter=jump_accept linear=0.30 angular=-0.45 cw_y=0 right_done=False start_turn=False count_turn=1 traffic=None stop=False[0m
[self_driving-10] [0m[INFO] [1782574565.881475797] [self_driving]: [OBJECTS] msg_count=118 n=1 names=['green'][0m
[self_driving-10] [0m[INFO] [1782574565.885361760] [self_driving]: [TRAFFIC_CANDIDATE] name=green valid=False cx=302 cy=185 area=69434 score=0.41 min_area=800[0m
[self_driving-10] [0m[INFO] [1782574566.063912667] [self_driving]: [IMAGE] received count=795 shape=(480, 640, 3) queue=0[0m
[self_driving-10] [33m[WARN] [1782574566.070644130] [self_driving]: [LANE_X_JUMP_REJECT] raw=303.0 last=198.5 diff=104.5 candidate=303.0 cnt=1/4[0m
[self_driving-10] [0m[INFO] [1782574566.202739593] [self_driving]: [DEBUG_DRIVE] state=LINE_FOLLOW raw_lane_x=237.0 lane_x=237.0 filter=stable linear=0.30 angular=-0.45 cw_y=0 right_done=False start_turn=False count_turn=2 traffic=None stop=False[0m
[self_driving-10] [0m[INFO] [1782574566.462978204] [self_driving]: [CROSSWALK_SLOW] y=418 th=180 confirm=4[0m
[self_driving-10] [0m[INFO] [1782574566.745278519] [self_driving]: [DEBUG_DRIVE] state=LINE_FOLLOW raw_lane_x=-1 lane_x=296.5 filter=hold_last linear=0.15 angular=-0.45 cw_y=418 right_done=False start_turn=True count_turn=4 traffic=None stop=False[0m
[self_driving-10] [33m[WARN] [1782574566.871978796] [self_driving]: [LANE_LOST] raw_lane_x=-1 lane_x=-1 filter=lost stop=False state=LINE_FOLLOW safe_linear=0.00 right_ready=False right_done=False[0m
[self_driving-10] [0m[INFO] [1782574567.016621870] [self_driving]: [OBJECTS] msg_count=120 n=1 names=['crosswalk'][0m
[self_driving-10] [0m[INFO] [1782574567.286629000] [self_driving]: [DEBUG_DRIVE] state=LINE_FOLLOW raw_lane_x=-1 lane_x=-1 filter=lost linear=0.15 angular=0.00 cw_y=188 right_done=False start_turn=True count_turn=5 traffic=None stop=False[0m
[self_driving-10] [33m[WARN] [1782574567.450937388] [self_driving]: [LANE_LOST] raw_lane_x=-1 lane_x=-1 filter=lost stop=False state=LINE_FOLLOW safe_linear=0.00 right_ready=False right_done=False[0m
[self_driving-10] [0m[INFO] [1782574567.821345092] [self_driving]: [DEBUG_DRIVE] state=LINE_FOLLOW raw_lane_x=-1 lane_x=-1 filter=lost linear=0.15 angular=0.00 cw_y=188 right_done=False start_turn=True count_turn=5 traffic=None stop=False[0m
[self_driving-10] [33m[WARN] [1782574567.965344722] [self_driving]: [LANE_LOST] raw_lane_x=-1 lane_x=-1 filter=lost stop=False state=LINE_FOLLOW safe_linear=0.00 right_ready=False right_done=False[0m
[self_driving-10] [0m[INFO] [1782574568.070970999] [self_driving]: [IMAGE] received count=825 shape=(480, 640, 3) queue=0[0m
[self_driving-10] [33m[WARN] [1782574568.160574647] [self_driving]: [LANE_X_JUMP_REJECT] raw=12.0 last=296.5 diff=284.5 candidate=12.0 cnt=1/4[0m
