[INFO] [launch]: All log files can be found below /home/ubuntu/.ros/log/2026-07-02-14-01-03-360017-raspberrypi-280973
[INFO] [launch]: Default logging verbosity is set to INFO
[INFO] [ascamera_node-1]: process started with pid [280986]
[INFO] [static_transform_publisher-2]: process started with pid [280988]
[INFO] [static_transform_publisher-3]: process started with pid [280990]
[INFO] [joint_state_publisher-4]: process started with pid [280992]
[INFO] [robot_state_publisher-5]: process started with pid [280994]
[INFO] [ros_robot_controller-6]: process started with pid [280996]
[INFO] [odom_publisher-7]: process started with pid [281007]
[INFO] [ekf_node-8]: process started with pid [281018]
[INFO] [yolo_detect-9]: process started with pid [281020]
[INFO] [self_driving-10]: process started with pid [281039]
[ascamera_node-1] [0m[INFO] [1783000864.096730571] [as_logger]: hello world angstrong camera ros2 node[0m
[static_transform_publisher-2] [33m[WARN] [1783000864.099383904] []: Old-style arguments are deprecated; see --help for new-style arguments[0m
[static_transform_publisher-3] [33m[WARN] [1783000864.093382719] []: Old-style arguments are deprecated; see --help for new-style arguments[0m
[ascamera_node-1] 2026-07-02 14:01:04[INFO] [CameraPublisher.cpp] [1558] [printLaunchParams] get depth_width 640
[ascamera_node-1] 2026-07-02 14:01:04[INFO] [CameraPublisher.cpp] [1559] [printLaunchParams] get depth_height 480
[ascamera_node-1] 2026-07-02 14:01:04[INFO] [CameraPublisher.cpp] [1561] [printLaunchParams] get rgb_width 640
[ascamera_node-1] 2026-07-02 14:01:04[INFO] [CameraPublisher.cpp] [1562] [printLaunchParams] get rgb_height 480
[ascamera_node-1] 2026-07-02 14:01:04[INFO] [CameraPublisher.cpp] [1570] [printLaunchParams] get set_fps 15
[ascamera_node-1] 2026-07-02 14:01:04[INFO] [CameraPublisher.cpp] [1578] [printLaunchParams] get color_pcl 1
[ascamera_node-1] 2026-07-02 14:01:04[INFO] [CameraPublisher.cpp] [1582] [printLaunchParams] get pub_tfTree 1
[ascamera_node-1] 2026-07-02 14:01:04[INFO] [CameraSrv.cpp] [35] [CameraSrv] Angstrong camera server
[ascamera_node-1] 2026-07-02 14:01:04[INFO] [CameraSrv.cpp] [45] [CameraSrv] Angstrong camera sdk version:v1.2.22.20240516
[robot_state_publisher-5] [0m[INFO] [1783000864.154927349] [robot_state_publisher]: got segment base_footprint[0m
[robot_state_publisher-5] [0m[INFO] [1783000864.155061126] [robot_state_publisher]: got segment base_link[0m
[robot_state_publisher-5] [0m[INFO] [1783000864.155076404] [robot_state_publisher]: got segment depth_cam[0m
[robot_state_publisher-5] [0m[INFO] [1783000864.155084626] [robot_state_publisher]: got segment imu_link[0m
[robot_state_publisher-5] [0m[INFO] [1783000864.155092682] [robot_state_publisher]: got segment lidar_frame[0m
[robot_state_publisher-5] [0m[INFO] [1783000864.155099978] [robot_state_publisher]: got segment wheel_lb_Link[0m
[robot_state_publisher-5] [0m[INFO] [1783000864.155107923] [robot_state_publisher]: got segment wheel_lf_Link[0m
[robot_state_publisher-5] [0m[INFO] [1783000864.155115108] [robot_state_publisher]: got segment wheel_rb_Link[0m
[robot_state_publisher-5] [0m[INFO] [1783000864.155122349] [robot_state_publisher]: got segment wheel_rf_Link[0m
[static_transform_publisher-3] [0m[INFO] [1783000864.179550682] [static_transform_publisher_gAgMzYALtWqJBjof]: Spinning until stopped - publishing transform
[static_transform_publisher-3] translation: ('0.000000', '0.000000', '0.000000')
[static_transform_publisher-3] rotation: ('-0.500000', '0.499602', '-0.500000', '0.500398')
[static_transform_publisher-3] from 'depth_cam' to 'ascamera_color_0'[0m
[static_transform_publisher-2] [0m[INFO] [1783000864.209619052] [static_transform_publisher_E6vYh6rxdKVgkVng]: Spinning until stopped - publishing transform
[static_transform_publisher-2] translation: ('0.000000', '0.000000', '0.000000')
[static_transform_publisher-2] rotation: ('-0.500000', '0.499602', '-0.500000', '0.500398')
[static_transform_publisher-2] from 'depth_cam' to 'ascamera_camera_link_0'[0m
[odom_publisher-7] [0m[INFO] [1783000865.096863496] [odom_publisher]: [1;32m0.930000 1.010000[0m[0m
[joint_state_publisher-4] [0m[INFO] [1783000865.100258626] [joint_state_publisher]: Waiting for robot_description to be published on the robot_description topic...[0m
[odom_publisher-7] [0m[INFO] [1783000865.119566978] [odom_publisher]: [1;32mstart[0m[0m
[ascamera_node-1] 2026-07-02 14:01:05[INFO] [CameraSrv.cpp] [114] [onAttached] attached
[ascamera_node-1] 2026-07-02 14:01:05[INFO] [CameraSrv.cpp] [145] [onAttached] this is a new attach device, create and open it
[ros_robot_controller-6] [0m[INFO] [1783000865.566405366] [ros_robot_controller]: 已设置舵机 1 的偏移量为 0[0m
[ros_robot_controller-6] [0m[INFO] [1783000865.568610570] [ros_robot_controller]: 已设置舵机 2 的偏移量为 0[0m
[ros_robot_controller-6] [0m[INFO] [1783000865.569582700] [ros_robot_controller]: 已设置舵机 3 的偏移量为 4[0m
[ros_robot_controller-6] [0m[INFO] [1783000865.571829626] [ros_robot_controller]: 已设置舵机 4 的偏移量为 0[0m
[ros_robot_controller-6] [0m[INFO] [1783000865.579133940] [ros_robot_controller]: [1;32mstart[0m[0m
[self_driving-10] [0m[INFO] [1783000865.690899070] [self_driving]: [INIT] init_process started[0m
[self_driving-10] [0m[INFO] [1783000865.691600829] [self_driving]: [INIT] only_line_follow=False[0m
[self_driving-10] [0m[INFO] [1783000865.692433718] [self_driving]: [INIT] request /yolov5/start[0m
[ascamera_node-1] 2026-07-02 14:01:05[INFO] [CameraSrv.cpp] [154] [onAttached] get model type 9
[ascamera_node-1] 2026-07-02 14:01:05[INFO] [CameraSrv.cpp] [342] [getConfigFile] get file: /home/ubuntu/third_party_ros2/third_party_ws/src/ascamera/configurationfiles/hp60c_v2_00_20230704_configEncrypt.json
[ascamera_node-1] 2026-07-02 14:01:05[INFO] [CameraPublisher.cpp] [1501] [logCameraPathInfo] usb camera
[ascamera_node-1] 2026-07-02 14:01:05[INFO] [CameraPublisher.cpp] [1502] [logCameraPathInfo] bnum:1
[ascamera_node-1] 2026-07-02 14:01:05[INFO] [CameraPublisher.cpp] [1503] [logCameraPathInfo] dnum:3
[ascamera_node-1] 2026-07-02 14:01:05[INFO] [CameraPublisher.cpp] [1504] [logCameraPathInfo] port_numbers:2
[ascamera_node-1] 2026-07-02 14:01:05[INFO] [CameraPublisher.cpp] [171] [onCameraAttached] create a new publisher info set
[ascamera_node-1] 2026-07-02 14:01:05[INFO] [TfTreeFrameIdInfo.cpp] [11] [TfTreeFrameIdInfo] Namespace /ascamera
[ascamera_node-1] 2026-07-02 14:01:06[INFO] [CameraHp60c.cpp] [128] [open] according to the configuration file.
[ascamera_node-1] 2026-07-02 14:01:06[INFO] [CameraHp60c.cpp] [1528] [parseConfigFileParameter] moduleName:AS_CAM_HP60C
[ascamera_node-1] 2026-07-02 14:01:06[INFO] [CameraHp60c.cpp] [1555] [parseConfigFileParameter] Parsing config file /home/ubuntu/third_party_ros2/third_party_ws/src/ascamera/configurationfiles/hp60c_v2_00_20230704_configEncrypt.json
[ascamera_node-1] 2026-07-02 14:01:06[INFO] [CameraHp60c.cpp] [1620] [parseConfigFileParameter] configuration protocol Version: v2.x
[ascamera_node-1] 2026-07-02 14:01:06[INFO] [CameraHp60c.cpp] [1631] [parseConfigFileParameter] configuration Version: v2.0.0.20230704
[ascamera_node-1] 2026-07-02 14:01:06[INFO] [CameraHp60c.cpp] [1796] [setParamersAfterOpenCam] Camera confiParaEnable true, setting configuration parameter
[ascamera_node-1] 2026-07-02 14:01:07[ERROR] [XuCmdCameraHp60c.cpp] [454] [getMjpegSize] get mjpeg from xu command failed
[ascamera_node-1] 2026-07-02 14:01:07[INFO] [XuCmdCameraHp60c.cpp] [458] [getMjpegSize] mjpeg size:640x480
[ascamera_node-1] 2026-07-02 14:01:07[INFO] [CameraPublisher.cpp] [356] [onCameraOpen] camera opened
[ascamera_node-1] 2026-07-02 14:01:07[INFO] [CameraPublisher.cpp] [370] [onCameraOpen] get config info, ret 0, is_Registration 1
[ascamera_node-1] 2026-07-02 14:01:07[INFO] [Camera.cpp] [61] [init] #camera[0x555638262710] SN[ASC60CF08000515]'s firmware version:DLS_VERc20865=:V01.09_2024110714:V01.19_2024110714:L01
[ascamera_node-1] 2026-07-02 14:01:07[INFO] [CameraPublisher.cpp] [1183] [setResolution] set depth resolution: 640 x 480 @ 15fps
[ascamera_node-1] 2026-07-02 14:01:07[INFO] [CameraPublisher.cpp] [1197] [setResolution] set rgb resolution: 640 x 480 @ 15fps
[ascamera_node-1] 2026-07-02 14:01:07[INFO] [CameraHp60c.cpp] [260] [startStreaming] start streaming
[ascamera_node-1] 2026-07-02 14:01:07[INFO] [CameraSrv.cpp] [202] [onAttached] attached end
[self_driving-10] [33m[WARN] [1783000867.695902439] [self_driving]: [YOLO_SERVICE] service not ready, continue without blocking[0m
[self_driving-10] [0m[INFO] [1783000868.197410994] [self_driving]: [INIT] enter + set_running start[0m
[self_driving-10] [0m[INFO] [1783000868.198147994] [self_driving]: [1;32mself driving enter[0m[0m
[self_driving-10] [0m[INFO] [1783000868.209712513] [self_driving]: [SUB] image=/ascamera/camera_publisher/rgb0/image object=/yolov5_ros2/object_detect[0m
[self_driving-10] [0m[INFO] [1783000868.210640105] [self_driving]: [1;32mset_running[0m[0m
[self_driving-10] [0m[INFO] [1783000868.215822957] [self_driving]: [1;32m[START] hybrid self_driving start: auto LINE_FOLLOW[0m[0m
[INFO] [apply_calib-11]: process started with pid [281176]
[INFO] [complementary_filter_node-12]: process started with pid [281178]
[ascamera_node-1] 2026-07-02 14:01:09[INFO] [CameraHp60c.cpp] [912] [setInternalParameter] mjpeg info: size(640x480)
[complementary_filter_node-12] [0m[INFO] [1783000869.478871012] [imu_filter]: Starting ComplementaryFilterROS[0m
[apply_calib-11] [0m[INFO] [1783000869.500925994] [imu_calib]: Calibrating gyros; do not move the IMU[0m
[ascamera_node-1] 2026-07-02 14:01:09[INFO] [Camera.cpp] [127] [backgroundThread] SN [ ASC60CF08000515 ]'s parameter:
[ascamera_node-1] 2026-07-02 14:01:09[INFO] [Camera.cpp] [128] [backgroundThread] irfx: 426.962
[ascamera_node-1] 2026-07-02 14:01:09[INFO] [Camera.cpp] [129] [backgroundThread] irfy: 426.374
[ascamera_node-1] 2026-07-02 14:01:09[INFO] [Camera.cpp] [130] [backgroundThread] ircx: 315.403
[ascamera_node-1] 2026-07-02 14:01:09[INFO] [Camera.cpp] [131] [backgroundThread] ircy: 240.933
[ascamera_node-1] 2026-07-02 14:01:09[INFO] [Camera.cpp] [132] [backgroundThread] rgbfx: 570.48
[ascamera_node-1] 2026-07-02 14:01:09[INFO] [Camera.cpp] [133] [backgroundThread] rgbfy: 569.949
[ascamera_node-1] 2026-07-02 14:01:09[INFO] [Camera.cpp] [134] [backgroundThread] rgbcx: 329.75
[ascamera_node-1] 2026-07-02 14:01:09[INFO] [Camera.cpp] [135] [backgroundThread] rgbcy: 238.406
[ascamera_node-1] 
[ascamera_node-1] 2026-07-02 14:01:09[INFO] [CameraHp60c.cpp] [1149] [streamCallback] set gain ret 0, gain 4
[self_driving-10] [33m[WARN] [1783000869.898950179] [self_driving]: [IMAGE_DROP] queue full -> drop oldest frame[0m
[self_driving-10] [0m[INFO] [1783000869.903667549] [self_driving]: [CMD] n=1 source=lane_lost_safe linear_x=0.05 linear_y=0.00 angular_z=0.00 state=LINE_FOLLOW stop=False raw_lane_x=-1 lane_filter=lost[0m
[yolo_detect-9] [0m[INFO] [1783000870.821180011] [yolov5_ros2]: Current ROS 2 distribution: humble[0m
[apply_calib-11] [0m[INFO] [1783000871.565290215] [imu_calib]: Gyro calibration complete! (bias = [-0.011, 0.024, -0.000])[0m
[self_driving-10] [0m[INFO] [1783000881.532546598] [self_driving]: [CMD] n=175 source=line_turn linear_x=0.30 linear_y=0.00 angular_z=-0.45 state=LINE_FOLLOW stop=False lane_x=229.5 raw_lane_x=229.5 lane_filter=init cw_y=0 park_x=-1 right_done=False[0m
[self_driving-10] [0m[INFO] [1783000881.938105116] [self_driving]: [CMD] n=180 source=lane_lost_safe linear_x=0.05 linear_y=0.00 angular_z=0.00 state=LINE_FOLLOW stop=False raw_lane_x=-1 lane_filter=lost[0m
[self_driving-10] [0m[INFO] [1783000882.433494653] [self_driving]: [CMD] n=186 source=line_turn linear_x=0.30 linear_y=0.00 angular_z=-0.45 state=LINE_FOLLOW stop=False lane_x=295.0 raw_lane_x=295.0 lane_filter=stable cw_y=0 park_x=-1 right_done=False[0m
[self_driving-10] [0m[INFO] [1783000882.904247115] [self_driving]: [CMD] n=192 source=pid_follow linear_x=0.30 linear_y=0.00 angular_z=0.00 state=LINE_FOLLOW stop=False lane_x=169.5 raw_lane_x=169.5 lane_filter=stable cw_y=0 park_x=-1 right_done=False[0m
[self_driving-10] [0m[INFO] [1783000883.318029189] [self_driving]: [CMD] n=197 source=lane_lost_safe linear_x=0.05 linear_y=0.00 angular_z=0.00 state=LINE_FOLLOW stop=False raw_lane_x=-1 lane_filter=lost[0m
[self_driving-10] [0m[INFO] [1783000883.391515263] [self_driving]: [CMD] n=198 source=line_turn linear_x=0.30 linear_y=0.00 angular_z=-0.45 state=LINE_FOLLOW stop=False lane_x=247.0 raw_lane_x=247.0 lane_filter=stable cw_y=0 park_x=-1 right_done=False[0m
[self_driving-10] [0m[INFO] [1783000883.544870652] [self_driving]: [CMD] n=200 source=pid_follow linear_x=0.30 linear_y=0.00 angular_z=0.00 state=LINE_FOLLOW stop=False lane_x=160.0 raw_lane_x=160.0 lane_filter=stable cw_y=0 park_x=-1 right_done=False[0m
[self_driving-10] [0m[INFO] [1783000884.118493318] [self_driving]: [CMD] n=208 source=lane_lost_safe linear_x=0.05 linear_y=0.00 angular_z=0.00 state=LINE_FOLLOW stop=False raw_lane_x=-1 lane_filter=lost[0m
[self_driving-10] [0m[INFO] [1783000893.929210646] [self_driving]: [CMD] n=354 source=pid_follow linear_x=0.30 linear_y=0.00 angular_z=-0.10 state=LINE_FOLLOW stop=False lane_x=141.5 raw_lane_x=24.0 lane_filter=jump_reject cw_y=51 park_x=-1 right_done=False[0m
[self_driving-10] [0m[INFO] [1783000894.267461460] [self_driving]: [CMD] n=359 source=line_turn linear_x=0.30 linear_y=0.00 angular_z=-0.45 state=LINE_FOLLOW stop=False lane_x=229.0 raw_lane_x=229.0 lane_filter=stable cw_y=465 park_x=-1 right_done=False[0m
[self_driving-10] [0m[INFO] [1783000894.727826553] [self_driving]: [CMD] n=366 source=lane_lost_safe linear_x=0.05 linear_y=0.00 angular_z=0.00 state=LINE_FOLLOW stop=False raw_lane_x=-1 lane_filter=lost[0m
[self_driving-10] [0m[INFO] [1783000895.054186941] [self_driving]: [CMD] n=371 source=line_turn linear_x=0.15 linear_y=0.00 angular_z=-0.45 state=LINE_FOLLOW stop=False lane_x=292.5 raw_lane_x=185.0 lane_filter=jump_reject cw_y=24 park_x=-1 right_done=False[0m
[self_driving-10] [0m[INFO] [1783000895.806670256] [self_driving]: [CMD] n=382 source=pid_follow linear_x=0.15 linear_y=0.00 angular_z=0.00 state=LINE_FOLLOW stop=False lane_x=154.0 raw_lane_x=154.0 lane_filter=stable cw_y=30 park_x=-1 right_done=False[0m
[self_driving-10] [0m[INFO] [1783000905.610467398] [self_driving]: [CMD] n=528 source=line_turn linear_x=0.15 linear_y=0.00 angular_z=-0.45 state=LINE_FOLLOW stop=False lane_x=204.0 raw_lane_x=204.0 lane_filter=stable cw_y=460 park_x=-1 right_done=False[0m
[self_driving-10] [0m[INFO] [1783000906.619973138] [self_driving]: [CMD] n=543 source=pid_follow linear_x=0.15 linear_y=0.00 angular_z=0.00 state=LINE_FOLLOW stop=False lane_x=159.5 raw_lane_x=159.5 lane_filter=jump_accept cw_y=460 park_x=-1 right_done=False[0m
[self_driving-10] [0m[INFO] [1783000906.881663694] [self_driving]: [CMD] n=547 source=line_turn linear_x=0.15 linear_y=0.00 angular_z=-0.45 state=LINE_FOLLOW stop=False lane_x=201.5 raw_lane_x=201.5 lane_filter=stable cw_y=460 park_x=-1 right_done=False[0m
[self_driving-10] [0m[INFO] [1783000908.981743100] [self_driving]: [CMD] n=578 source=pid_follow linear_x=0.15 linear_y=0.00 angular_z=-0.10 state=LINE_FOLLOW stop=False lane_x=190.5 raw_lane_x=190.5 lane_filter=stable cw_y=0 park_x=-1 right_done=False[0m
[self_driving-10] [0m[INFO] [1783000919.402827168] [self_driving]: [CMD] n=733 source=line_turn linear_x=0.15 linear_y=0.00 angular_z=-0.45 state=LINE_FOLLOW stop=False lane_x=203.0 raw_lane_x=203.0 lane_filter=stable cw_y=305 park_x=-1 right_done=False[0m
[self_driving-10] [0m[INFO] [1783000919.590080204] [self_driving]: [CMD] n=736 source=pid_follow linear_x=0.15 linear_y=0.00 angular_z=-0.10 state=LINE_FOLLOW stop=False lane_x=196.5 raw_lane_x=196.5 lane_filter=stable cw_y=305 park_x=-1 right_done=False[0m
[self_driving-10] [0m[INFO] [1783000919.997828575] [self_driving]: [CMD] n=742 source=line_turn linear_x=0.15 linear_y=0.00 angular_z=-0.45 state=LINE_FOLLOW stop=False lane_x=203.0 raw_lane_x=203.0 lane_filter=stable cw_y=305 park_x=-1 right_done=False[0m
[self_driving-10] [0m[INFO] [1783000920.794091370] [self_driving]: [CMD] n=754 source=pid_follow linear_x=0.15 linear_y=0.00 angular_z=0.00 state=LINE_FOLLOW stop=False lane_x=134.0 raw_lane_x=134.0 lane_filter=jump_accept cw_y=305 park_x=-1 right_done=False[0m
[self_driving-10] [0m[INFO] [1783000921.204117889] [self_driving]: [CMD] n=760 source=line_turn linear_x=0.15 linear_y=0.00 angular_z=-0.45 state=LINE_FOLLOW stop=False lane_x=202.0 raw_lane_x=202.0 lane_filter=stable cw_y=305 park_x=-1 right_done=False[0m
[self_driving-10] [0m[INFO] [1783000923.422616128] [self_driving]: [CMD] n=793 source=pid_follow linear_x=0.15 linear_y=0.00 angular_z=-0.10 state=LINE_FOLLOW stop=False lane_x=186.0 raw_lane_x=186.0 lane_filter=stable cw_y=305 park_x=-1 right_done=False[0m
[self_driving-10] [0m[INFO] [1783000934.444124899] [self_driving]: [CMD] n=957 source=line_turn linear_x=0.15 linear_y=0.00 angular_z=-0.45 state=LINE_FOLLOW stop=False lane_x=202.5 raw_lane_x=202.5 lane_filter=stable cw_y=438 park_x=-1 right_done=False[0m
[self_driving-10] [0m[INFO] [1783000934.644363658] [self_driving]: [CMD] n=960 source=pid_follow linear_x=0.15 linear_y=0.00 angular_z=-0.10 state=LINE_FOLLOW stop=False lane_x=198.5 raw_lane_x=198.5 lane_filter=stable cw_y=438 park_x=-1 right_done=False[0m
[self_driving-10] [0m[INFO] [1783000934.985239288] [self_driving]: [CMD] n=965 source=line_turn linear_x=0.15 linear_y=0.00 angular_z=-0.45 state=LINE_FOLLOW stop=False lane_x=211.5 raw_lane_x=211.5 lane_filter=stable cw_y=438 park_x=-1 right_done=False[0m
[self_driving-10] [0m[INFO] [1783000935.502456010] [self_driving]: [CMD] n=973 source=pid_follow linear_x=0.15 linear_y=0.00 angular_z=0.00 state=LINE_FOLLOW stop=False lane_x=117.5 raw_lane_x=117.5 lane_filter=jump_accept cw_y=438 park_x=-1 right_done=False[0m
[self_driving-10] [0m[INFO] [1783000936.128718528] [self_driving]: [CMD] n=982 source=line_turn linear_x=0.15 linear_y=0.00 angular_z=-0.45 state=LINE_FOLLOW stop=False lane_x=208.0 raw_lane_x=208.0 lane_filter=stable cw_y=438 park_x=-1 right_done=False[0m
[self_driving-10] [0m[INFO] [1783000938.626448360] [self_driving]: [RIGHT_METRIC] valid=False can_trigger=False reject=['low_score', 'small_area'] cnt=0 cx=590 cy=139 w=27 h=29 area=783 score=0.34 done=False repeat=True cooldown_ok=True fsm_enabled=True[0m
[self_driving-10] [0m[INFO] [1783000938.885390434] [self_driving]: [CMD] n=1023 source=pid_follow linear_x=0.15 linear_y=0.00 angular_z=-0.10 state=LINE_FOLLOW stop=False lane_x=199.5 raw_lane_x=199.5 lane_filter=stable cw_y=0 park_x=-1 right_done=False[0m
[self_driving-10] [0m[INFO] [1783000938.966371526] [self_driving]: [RIGHT_METRIC] valid=False can_trigger=False reject=['low_score', 'small_area'] cnt=0 cx=519 cy=139 w=26 h=30 area=780 score=0.43 done=False repeat=True cooldown_ok=True fsm_enabled=True[0m
[self_driving-10] [0m[INFO] [1783000939.301503471] [self_driving]: [RIGHT_METRIC] valid=False can_trigger=False reject=['low_score', 'small_area'] cnt=0 cx=449 cy=140 w=26 h=32 area=832 score=0.42 done=False repeat=True cooldown_ok=True fsm_enabled=True[0m
[self_driving-10] [0m[INFO] [1783000939.659187655] [self_driving]: [RIGHT_METRIC] valid=False can_trigger=False reject=['small_area'] cnt=0 cx=325 cy=139 w=25 h=30 area=750 score=0.56 done=False repeat=True cooldown_ok=True fsm_enabled=True[0m
[self_driving-10] [0m[INFO] [1783000940.162360433] [self_driving]: [RIGHT_METRIC] valid=False can_trigger=False reject=['small_area'] cnt=0 cx=220 cy=137 w=29 h=35 area=1015 score=0.59 done=False repeat=True cooldown_ok=True fsm_enabled=True[0m
[self_driving-10] [0m[INFO] [1783000940.649794914] [self_driving]: [RIGHT_METRIC] valid=False can_trigger=False reject=['small_area'] cnt=0 cx=181 cy=136 w=30 h=44 area=1320 score=0.85 done=False repeat=True cooldown_ok=True fsm_enabled=True[0m
[self_driving-10] [0m[INFO] [1783000941.026622173] [self_driving]: [RIGHT_METRIC] valid=False can_trigger=False reject=['small_area'] cnt=0 cx=177 cy=133 w=31 h=44 area=1364 score=0.86 done=False repeat=True cooldown_ok=True fsm_enabled=True[0m
[self_driving-10] [0m[INFO] [1783000941.359728432] [self_driving]: [RIGHT_METRIC] valid=False can_trigger=False reject=['small_area'] cnt=0 cx=154 cy=130 w=34 h=50 area=1700 score=0.86 done=False repeat=True cooldown_ok=True fsm_enabled=True[0m
[self_driving-10] [0m[INFO] [1783000942.043792765] [self_driving]: [RIGHT_METRIC] valid=False can_trigger=False reject=['small_area'] cnt=0 cx=121 cy=125 w=43 h=62 area=2666 score=0.86 done=False repeat=True cooldown_ok=True fsm_enabled=True[0m
[self_driving-10] [0m[INFO] [1783000942.357261654] [self_driving]: [RIGHT_METRIC] valid=True can_trigger=True reject=[] cnt=0 cx=100 cy=122 w=47 h=66 area=3102 score=0.88 done=False repeat=True cooldown_ok=True fsm_enabled=True[0m
[self_driving-10] [0m[INFO] [1783000942.692727172] [self_driving]: [RIGHT_METRIC] valid=True can_trigger=True reject=[] cnt=1 cx=54 cy=119 w=52 h=71 area=3692 score=0.87 done=False repeat=True cooldown_ok=True fsm_enabled=True[0m
[self_driving-10] [33m[WARN] [1783000942.694873376] [self_driving]: [RIGHT_READY] cx=54 cy=119 w=52 h=71 area=3692 score=0.87 repeat=True[0m
[self_driving-10] [33m[WARN] [1783000942.697901524] [self_driving]: [RIGHT_TRIGGER] enter ARROW_SIGNAL lane_x=121.0 raw_lane_x=121.0 filter=stable cw_y=441 candidate={'cx': 54, 'cy': 119, 'w': 52, 'h': 71, 'area': 3692, 'score': 0.8700000047683716} repeat=True[0m
[self_driving-10] [0m[INFO] [1783000942.698775209] [self_driving]: [1;36m[FSM] LINE_FOLLOW -> ARROW_SIGNAL[0m[0m
[self_driving-10] [0m[INFO] [1783000942.699909376] [self_driving]: [CMD] n=1080 source=right_trigger_stop linear_x=0.00 linear_y=0.00 angular_z=0.00 state=ARROW_SIGNAL stop=False [0m
[self_driving-10] [0m[INFO] [1783000942.771501005] [self_driving]: [CMD] n=1081 source=arrow_signal_wait linear_x=0.00 linear_y=0.00 angular_z=0.00 state=ARROW_SIGNAL stop=False [0m
[self_driving-10] [0m[INFO] [1783000943.011468672] [self_driving]: [RIGHT_METRIC] valid=True can_trigger=False reject=['cooldown', 'state_ARROW_SIGNAL'] cnt=0 cx=40 cy=116 w=58 h=77 area=4466 score=0.87 done=False repeat=True cooldown_ok=False fsm_enabled=True[0m
[self_driving-10] [0m[INFO] [1783000943.109696894] [self_driving]: [ARROW_SIGNAL] done elapsed=0.41 -> INTERSECTION direction=right[0m
[self_driving-10] [0m[INFO] [1783000943.110422857] [self_driving]: [1;36m[FSM] ARROW_SIGNAL -> INTERSECTION[0m[0m
[self_driving-10] [0m[INFO] [1783000943.171227690] [self_driving]: [CMD] n=1086 source=right_fsm_turn linear_x=0.10 linear_y=0.00 angular_z=-0.50 state=INTERSECTION stop=False [0m
[self_driving-10] [0m[INFO] [1783000943.336516857] [self_driving]: [RIGHT_METRIC] valid=True can_trigger=False reject=['cooldown', 'state_INTERSECTION'] cnt=0 cx=25 cy=109 w=51 h=88 area=4488 score=0.85 done=False repeat=True cooldown_ok=False fsm_enabled=True[0m
[self_driving-10] [0m[INFO] [1783000944.923070412] [self_driving]: [1;36m[FSM] INTERSECTION -> LINE_FOLLOW[0m[0m
[self_driving-10] [33m[WARN] [1783000944.925471967] [self_driving]: [RIGHT_TURN_DONE] elapsed=1.81 lane_x=256.0 right_done=True repeat=True cooldown=2.0s -> LINE_FOLLOW[0m
[self_driving-10] [0m[INFO] [1783000944.987339467] [self_driving]: [CMD] n=1112 source=pid_follow linear_x=0.15 linear_y=0.00 angular_z=0.10 state=LINE_FOLLOW stop=False lane_x=121.0 raw_lane_x=235.0 lane_filter=jump_reject cw_y=271 park_x=-1 right_done=True[0m
[self_driving-10] [0m[INFO] [1783000945.183898560] [self_driving]: [CMD] n=1115 source=line_turn linear_x=0.30 linear_y=0.00 angular_z=-0.45 state=LINE_FOLLOW stop=False lane_x=217.5 raw_lane_x=217.5 lane_filter=jump_accept cw_y=271 park_x=-1 right_done=True[0m
[self_driving-10] [0m[INFO] [1783000945.599974282] [self_driving]: [CMD] n=1121 source=pid_follow linear_x=0.15 linear_y=0.00 angular_z=0.00 state=LINE_FOLLOW stop=False lane_x=75.5 raw_lane_x=75.5 lane_filter=jump_accept cw_y=283 park_x=-1 right_done=True[0m
[self_driving-10] [0m[INFO] [1783000947.273962355] [self_driving]: [CMD] n=1146 source=lane_lost_safe linear_x=0.05 linear_y=0.00 angular_z=0.00 state=LINE_FOLLOW stop=False raw_lane_x=-1 lane_filter=lost[0m
[self_driving-10] [0m[INFO] [1783000951.081500056] [self_driving]: [CMD] n=1198 source=pid_follow linear_x=0.30 linear_y=0.00 angular_z=0.10 state=LINE_FOLLOW stop=False lane_x=19.5 raw_lane_x=311.5 lane_filter=jump_reject cw_y=186 park_x=-1 right_done=True[0m
[self_driving-10] [0m[INFO] [1783000951.170354815] [self_driving]: [CMD] n=1199 source=lane_lost_safe linear_x=0.05 linear_y=0.00 angular_z=0.00 state=LINE_FOLLOW stop=False raw_lane_x=-1 lane_filter=lost[0m
[self_driving-10] [0m[INFO] [1783000951.231949537] [self_driving]: [CMD] n=1200 source=pid_follow linear_x=0.15 linear_y=0.00 angular_z=0.10 state=LINE_FOLLOW stop=False lane_x=19.5 raw_lane_x=203.0 lane_filter=jump_reject cw_y=186 park_x=-1 right_done=True[0m
[self_driving-10] [0m[INFO] [1783000951.334776278] [self_driving]: [CMD] n=1201 source=lane_lost_safe linear_x=0.05 linear_y=0.00 angular_z=0.00 state=LINE_FOLLOW stop=False raw_lane_x=-1 lane_filter=lost[0m
[self_driving-10] [0m[INFO] [1783000952.949409092] [self_driving]: [CMD] n=1221 source=pid_follow linear_x=0.15 linear_y=0.00 angular_z=0.10 state=LINE_FOLLOW stop=False lane_x=75.0 raw_lane_x=75.0 lane_filter=stable cw_y=186 park_x=-1 right_done=True[0m
[self_driving-10] [0m[INFO] [1783000953.588646851] [self_driving]: [CMD] n=1229 source=lane_lost_safe linear_x=0.05 linear_y=0.00 angular_z=0.00 state=LINE_FOLLOW stop=False raw_lane_x=-1 lane_filter=lost[0m
[self_driving-10] [0m[INFO] [1783000954.549323517] [self_driving]: [CMD] n=1241 source=pid_follow linear_x=0.30 linear_y=0.00 angular_z=0.10 state=LINE_FOLLOW stop=False lane_x=75.0 raw_lane_x=281.5 lane_filter=jump_reject cw_y=0 park_x=-1 right_done=True[0m
[self_driving-10] [0m[INFO] [1783000955.038683294] [self_driving]: [CMD] n=1247 source=line_turn linear_x=0.30 linear_y=0.00 angular_z=-0.45 state=LINE_FOLLOW stop=False lane_x=262.0 raw_lane_x=262.0 lane_filter=jump_accept cw_y=449 park_x=-1 right_done=True[0m
[self_driving-10] [0m[INFO] [1783000956.006057738] [self_driving]: [CMD] n=1259 source=lane_lost_safe linear_x=0.05 linear_y=0.00 angular_z=0.00 state=LINE_FOLLOW stop=False raw_lane_x=-1 lane_filter=lost[0m
[self_driving-10] [0m[INFO] [1783000956.087410368] [self_driving]: [CMD] n=1260 source=line_turn linear_x=0.15 linear_y=0.00 angular_z=-0.45 state=LINE_FOLLOW stop=False lane_x=270.0 raw_lane_x=17.0 lane_filter=jump_reject cw_y=449 park_x=-1 right_done=True[0m
[self_driving-10] [0m[INFO] [1783000956.243537349] [self_driving]: [CMD] n=1262 source=pid_follow linear_x=0.15 linear_y=0.00 angular_z=0.00 state=LINE_FOLLOW stop=False lane_x=52.0 raw_lane_x=52.0 lane_filter=jump_accept cw_y=449 park_x=-1 right_done=True[0m
[self_driving-10] [0m[INFO] [1783000957.141202904] [self_driving]: [CMD] n=1273 source=lane_lost_safe linear_x=0.05 linear_y=0.00 angular_z=0.00 state=LINE_FOLLOW stop=False raw_lane_x=-1 lane_filter=lost[0m
[self_driving-10] [0m[INFO] [1783000957.296559182] [self_driving]: [CMD] n=1275 source=pid_follow linear_x=0.15 linear_y=0.00 angular_z=0.00 state=LINE_FOLLOW stop=False lane_x=46.0 raw_lane_x=46.0 lane_filter=stable cw_y=469 park_x=-1 right_done=True[0m
[self_driving-10] [0m[INFO] [1783000957.699051885] [self_driving]: [CMD] n=1280 source=lane_lost_safe linear_x=0.05 linear_y=0.00 angular_z=0.00 state=LINE_FOLLOW stop=False raw_lane_x=-1 lane_filter=lost[0m
[self_driving-10] [0m[INFO] [1783000958.016096089] [self_driving]: [CMD] n=1284 source=pid_follow linear_x=0.30 linear_y=0.00 angular_z=0.10 state=LINE_FOLLOW stop=False lane_x=106.0 raw_lane_x=106.0 lane_filter=stable cw_y=0 park_x=-1 right_done=True[0m
[self_driving-10] [0m[INFO] [1783000958.245340293] [self_driving]: [CMD] n=1287 source=line_turn linear_x=0.30 linear_y=0.00 angular_z=-0.45 state=LINE_FOLLOW stop=False lane_x=225.0 raw_lane_x=225.0 lane_filter=stable cw_y=0 park_x=-1 right_done=True[0m
[self_driving-10] [0m[INFO] [1783000959.064954570] [self_driving]: [CMD] n=1297 source=pid_follow linear_x=0.30 linear_y=0.00 angular_z=0.00 state=LINE_FOLLOW stop=False lane_x=16.5 raw_lane_x=16.5 lane_filter=jump_accept cw_y=0 park_x=-1 right_done=True[0m
[self_driving-10] [0m[INFO] [1783000959.484696255] [self_driving]: [CMD] n=1302 source=lane_lost_safe linear_x=0.05 linear_y=0.00 angular_z=0.00 state=LINE_FOLLOW stop=False raw_lane_x=-1 lane_filter=lost[0m
[self_driving-10] [0m[INFO] [1783000960.827750291] [self_driving]: [CMD] n=1319 source=pid_follow linear_x=0.15 linear_y=0.00 angular_z=0.10 state=LINE_FOLLOW stop=False lane_x=13.0 raw_lane_x=13.0 lane_filter=stable cw_y=0 park_x=-1 right_done=True[0m
[self_driving-10] [0m[INFO] [1783000968.733589231] [self_driving]: [CMD] n=1417 source=line_turn linear_x=0.15 linear_y=0.00 angular_z=-0.45 state=LINE_FOLLOW stop=False lane_x=222.5 raw_lane_x=222.5 lane_filter=stable cw_y=461 park_x=-1 right_done=True[0m
[self_driving-10] [0m[INFO] [1783000969.702272730] [self_driving]: [CMD] n=1429 source=pid_follow linear_x=0.30 linear_y=0.00 angular_z=0.00 state=LINE_FOLLOW stop=False lane_x=159.5 raw_lane_x=159.5 lane_filter=jump_accept cw_y=461 park_x=-1 right_done=True[0m
[self_driving-10] [0m[INFO] [1783000969.965518212] [self_driving]: [CMD] n=1432 source=line_turn linear_x=0.15 linear_y=0.00 angular_z=-0.45 state=LINE_FOLLOW stop=False lane_x=228.0 raw_lane_x=228.0 lane_filter=stable cw_y=461 park_x=-1 right_done=True[0m
[self_driving-10] [0m[INFO] [1783000972.220180710] [self_driving]: [CMD] n=1460 source=pid_follow linear_x=0.15 linear_y=0.00 angular_z=-0.10 state=LINE_FOLLOW stop=False lane_x=190.0 raw_lane_x=190.0 lane_filter=stable cw_y=232 park_x=-1 right_done=True[0m
[self_driving-10] [0m[INFO] [1783000973.099394821] [self_driving]: [RIGHT_METRIC] valid=False can_trigger=False reject=['low_score', 'small_area'] cnt=0 cx=316 cy=140 w=26 h=31 area=806 score=0.45 done=True repeat=True cooldown_ok=True fsm_enabled=True[0m
[self_driving-10] [0m[INFO] [1783000973.446500876] [self_driving]: [RIGHT_METRIC] valid=False can_trigger=False reject=['small_area'] cnt=0 cx=222 cy=138 w=28 h=37 area=1036 score=0.84 done=True repeat=True cooldown_ok=True fsm_enabled=True[0m
[self_driving-10] [0m[INFO] [1783000973.771476376] [self_driving]: [RIGHT_METRIC] valid=False can_trigger=False reject=['small_area'] cnt=0 cx=213 cy=136 w=30 h=40 area=1200 score=0.83 done=True repeat=True cooldown_ok=True fsm_enabled=True[0m
[self_driving-10] [0m[INFO] [1783000974.101870005] [self_driving]: [RIGHT_METRIC] valid=False can_trigger=False reject=['small_area'] cnt=0 cx=192 cy=134 w=32 h=43 area=1376 score=0.85 done=True repeat=True cooldown_ok=True fsm_enabled=True[0m
[self_driving-10] [0m[INFO] [1783000974.753208764] [self_driving]: [RIGHT_METRIC] valid=False can_trigger=False reject=['small_area'] cnt=0 cx=163 cy=133 w=36 h=46 area=1656 score=0.87 done=True repeat=True cooldown_ok=True fsm_enabled=True[0m
[self_driving-10] [0m[INFO] [1783000975.095412579] [self_driving]: [RIGHT_METRIC] valid=False can_trigger=False reject=['small_area'] cnt=0 cx=148 cy=131 w=37 h=48 area=1776 score=0.89 done=True repeat=True cooldown_ok=True fsm_enabled=True[0m
[self_driving-10] [0m[INFO] [1783000975.427190301] [self_driving]: [RIGHT_METRIC] valid=False can_trigger=False reject=['small_area'] cnt=0 cx=125 cy=128 w=41 h=52 area=2132 score=0.86 done=True repeat=True cooldown_ok=True fsm_enabled=True[0m
[self_driving-10] [0m[INFO] [1783000975.752663727] [self_driving]: [RIGHT_METRIC] valid=False can_trigger=False reject=['small_area'] cnt=0 cx=107 cy=127 w=45 h=56 area=2520 score=0.90 done=True repeat=True cooldown_ok=True fsm_enabled=True[0m
[self_driving-10] [0m[INFO] [1783000976.084496856] [self_driving]: [RIGHT_METRIC] valid=True can_trigger=True reject=[] cnt=0 cx=80 cy=124 w=50 h=59 area=2950 score=0.87 done=True repeat=True cooldown_ok=True fsm_enabled=True[0m
[self_driving-10] [0m[INFO] [1783000976.403293041] [self_driving]: [RIGHT_METRIC] valid=True can_trigger=True reject=[] cnt=1 cx=54 cy=120 w=55 h=66 area=3630 score=0.87 done=True repeat=True cooldown_ok=True fsm_enabled=True[0m
[self_driving-10] [33m[WARN] [1783000976.405535467] [self_driving]: [RIGHT_READY] cx=54 cy=120 w=55 h=66 area=3630 score=0.87 repeat=True[0m
[self_driving-10] [33m[WARN] [1783000976.490114745] [self_driving]: [RIGHT_TRIGGER] enter ARROW_SIGNAL lane_x=129.5 raw_lane_x=129.5 filter=stable cw_y=0 candidate={'cx': 54, 'cy': 120, 'w': 55, 'h': 66, 'area': 3630, 'score': 0.8700000047683716} repeat=True[0m
[self_driving-10] [0m[INFO] [1783000976.491357504] [self_driving]: [1;36m[FSM] LINE_FOLLOW -> ARROW_SIGNAL[0m[0m
[self_driving-10] [0m[INFO] [1783000976.493174708] [self_driving]: [CMD] n=1513 source=right_trigger_stop linear_x=0.00 linear_y=0.00 angular_z=0.00 state=ARROW_SIGNAL stop=False [0m
[self_driving-10] [0m[INFO] [1783000976.559606837] [self_driving]: [CMD] n=1514 source=arrow_signal_wait linear_x=0.00 linear_y=0.00 angular_z=0.00 state=ARROW_SIGNAL stop=False [0m
[self_driving-10] [0m[INFO] [1783000976.706276763] [self_driving]: [RIGHT_METRIC] valid=True can_trigger=False reject=['cooldown', 'state_ARROW_SIGNAL'] cnt=0 cx=39 cy=117 w=62 h=74 area=4588 score=0.87 done=True repeat=True cooldown_ok=False fsm_enabled=True[0m
[self_driving-10] [0m[INFO] [1783000976.952836393] [self_driving]: [ARROW_SIGNAL] done elapsed=0.46 -> INTERSECTION direction=right[0m
[self_driving-10] [0m[INFO] [1783000976.953985837] [self_driving]: [1;36m[FSM] ARROW_SIGNAL -> INTERSECTION[0m[0m
[self_driving-10] [0m[INFO] [1783000977.009251948] [self_driving]: [RIGHT_METRIC] valid=False can_trigger=False reject=['small_area', 'cooldown', 'state_INTERSECTION'] cnt=0 cx=16 cy=116 w=32 h=83 area=2656 score=0.78 done=True repeat=True cooldown_ok=False fsm_enabled=True[0m
[self_driving-10] [0m[INFO] [1783000977.056073281] [self_driving]: [CMD] n=1519 source=right_fsm_turn linear_x=0.10 linear_y=0.00 angular_z=-0.50 state=INTERSECTION stop=False [0m
[self_driving-10] [0m[INFO] [1783000978.822908169] [self_driving]: [1;36m[FSM] INTERSECTION -> LINE_FOLLOW[0m[0m
[self_driving-10] [33m[WARN] [1783000978.824227151] [self_driving]: [RIGHT_TURN_DONE] elapsed=1.87 lane_x=152.0 right_done=True repeat=True cooldown=2.0s -> LINE_FOLLOW[0m
[self_driving-10] [0m[INFO] [1783000978.898243206] [self_driving]: [CMD] n=1541 source=pid_follow linear_x=0.15 linear_y=0.00 angular_z=0.10 state=LINE_FOLLOW stop=False lane_x=123.0 raw_lane_x=123.0 lane_filter=stable cw_y=273 park_x=-1 right_done=True[0m
[self_driving-10] [0m[INFO] [1783000979.311425354] [self_driving]: [CMD] n=1546 source=line_turn linear_x=0.15 linear_y=0.00 angular_z=-0.45 state=LINE_FOLLOW stop=False lane_x=222.5 raw_lane_x=222.5 lane_filter=stable cw_y=299 park_x=-1 right_done=True[0m
[self_driving-10] [0m[INFO] [1783000980.021557891] [self_driving]: [CMD] n=1555 source=pid_follow linear_x=0.15 linear_y=0.00 angular_z=0.00 state=LINE_FOLLOW stop=False lane_x=189.5 raw_lane_x=189.5 lane_filter=stable cw_y=424 park_x=-1 right_done=True[0m
[self_driving-10] [0m[INFO] [1783000980.344178835] [self_driving]: [CMD] n=1559 source=line_turn linear_x=0.15 linear_y=0.00 angular_z=-0.45 state=LINE_FOLLOW stop=False lane_x=285.5 raw_lane_x=285.5 lane_filter=jump_accept cw_y=392 park_x=-1 right_done=True[0m
[self_driving-10] [0m[INFO] [1783000980.922276853] [self_driving]: [CMD] n=1566 source=pid_follow linear_x=0.15 linear_y=0.00 angular_z=0.00 state=LINE_FOLLOW stop=False lane_x=197.5 raw_lane_x=197.5 lane_filter=stable cw_y=49 park_x=-1 right_done=True[0m
[self_driving-10] [0m[INFO] [1783000982.387772871] [self_driving]: [PARK_METRIC] valid_yolo=True can_accept=True reject=[] cx=513 cy=145 w=15 h=19 area=285 score=0.72 right_done=True park_done=False cw_y=181 repeat=True[0m
[self_driving-10] [33m[WARN] [1783000982.388835371] [self_driving]: [PARK_APPROACH_START] first_cx=513 first_cy=145 first_area=285 score=0.72 cw_y=181 ref_turn_age=1.47[0m
[self_driving-10] [0m[INFO] [1783000982.461675093] [self_driving]: [PARK_EXEC_GATE] position_ok=False age=0.07/0.30 area=285 min_area=1150 area_with_cw=330 first_area=285 ratio=1.00/1.35 fallback=False park_cy=145 min_cy=50 cy_ok=True cy_range=(145,145) cw_y=184 effective_cw_y=184 min_cw_y=210 cw_y_ok=False close_by_area=False close_by_cw=False force_by_cw=False force_cw_y=240 force_area=500 candidate={'cx': 513, 'cy': 145, 'w': 15, 'h': 19, 'area': 285, 'score': 0.7200000286102295, 'right_done': True, 'park_done': False, 'valid_yolo': True, 'can_accept': True, 'reject': [], 'approach_age': 0.0, 'first_area': 285, 'first_cy': 145, 'max_area': 285, 'min_cy': 145, 'max_cy': 145, 'area_ratio': 1.0}[0m
[self_driving-10] [0m[INFO] [1783000982.463177315] [self_driving]: [CMD] n=1585 source=park_approach_hold linear_x=0.10 linear_y=0.00 angular_z=-0.06 state=LINE_FOLLOW stop=False lane_x=159.0 raw_lane_x=159.0 lane_filter=stable cw_y=184 park_x=513 park_age=0.07 park_area=285 park_cy=145 after_lane_turn_ok=False lane_stable_ok=True[0m
[self_driving-10] [0m[INFO] [1783000983.039284093] [self_driving]: [PARK_METRIC] valid_yolo=True can_accept=True reject=[] cx=522 cy=143 w=15 h=20 area=300 score=0.82 right_done=True park_done=False cw_y=186 repeat=True[0m
[self_driving-10] [0m[INFO] [1783000983.508772000] [self_driving]: [PARK_EXEC_GATE] position_ok=False age=1.12/0.30 area=336 min_area=1150 area_with_cw=330 first_area=285 ratio=1.18/1.35 fallback=False park_cy=144 min_cy=50 cy_ok=True cy_range=(143,146) cw_y=185 effective_cw_y=185 min_cw_y=210 cw_y_ok=False close_by_area=False close_by_cw=False force_by_cw=False force_cw_y=240 force_area=500 candidate={'cx': 509, 'cy': 144, 'w': 16, 'h': 21, 'area': 336, 'score': 0.8500000238418579, 'right_done': True, 'park_done': False, 'valid_yolo': True, 'can_accept': True, 'reject': [], 'approach_age': 0.9665505886077881, 'first_area': 285, 'first_cy': 145, 'max_area': 336, 'min_cy': 143, 'max_cy': 146, 'area_ratio': 1.1789473684210525}[0m
[self_driving-10] [0m[INFO] [1783000983.695741092] [self_driving]: [PARK_METRIC] valid_yolo=True can_accept=True reject=[] cx=481 cy=168 w=15 h=22 area=330 score=0.82 right_done=True park_done=False cw_y=185 repeat=True[0m
[self_driving-10] [0m[INFO] [1783000984.324919073] [self_driving]: [PARK_METRIC] valid_yolo=True can_accept=True reject=[] cx=481 cy=163 w=15 h=22 area=330 score=0.83 right_done=True park_done=False cw_y=208 repeat=True[0m
[self_driving-10] [0m[INFO] [1783000984.549716888] [self_driving]: [PARK_EXEC_GATE] position_ok=False age=2.16/0.30 area=330 min_area=1150 area_with_cw=330 first_area=285 ratio=1.16/1.35 fallback=False park_cy=163 min_cy=50 cy_ok=True cy_range=(143,168) cw_y=204 effective_cw_y=204 min_cw_y=210 cw_y_ok=False close_by_area=False close_by_cw=False force_by_cw=False force_cw_y=240 force_area=500 candidate={'cx': 481, 'cy': 163, 'w': 15, 'h': 22, 'area': 330, 'score': 0.8299999833106995, 'right_done': True, 'park_done': False, 'valid_yolo': True, 'can_accept': True, 'reject': [], 'approach_age': 1.9375460147857666, 'first_area': 285, 'first_cy': 145, 'max_area': 336, 'min_cy': 143, 'max_cy': 168, 'area_ratio': 1.1578947368421053}[0m
[self_driving-10] [0m[INFO] [1783000984.970492591] [self_driving]: [PARK_METRIC] valid_yolo=True can_accept=True reject=[] cx=501 cy=160 w=16 h=24 area=384 score=0.84 right_done=True park_done=False cw_y=211 repeat=True[0m
[self_driving-10] [0m[INFO] [1783000985.557736943] [self_driving]: [PARK_EXEC_GATE] position_ok=False age=3.17/0.30 area=408 min_area=1150 area_with_cw=330 first_area=285 ratio=1.43/1.35 fallback=False park_cy=152 min_cy=50 cy_ok=True cy_range=(143,168) cw_y=195 effective_cw_y=195 min_cw_y=210 cw_y_ok=False close_by_area=False close_by_cw=False force_by_cw=False force_cw_y=240 force_area=500 candidate={'cx': 511, 'cy': 152, 'w': 17, 'h': 24, 'area': 408, 'score': 0.7900000214576721, 'right_done': True, 'park_done': False, 'valid_yolo': True, 'can_accept': True, 'reject': [], 'approach_age': 2.925107479095459, 'first_area': 285, 'first_cy': 145, 'max_area': 408, 'min_cy': 143, 'max_cy': 168, 'area_ratio': 1.431578947368421}[0m
[self_driving-10] [0m[INFO] [1783000985.639302313] [self_driving]: [PARK_METRIC] valid_yolo=True can_accept=True reject=[] cx=533 cy=133 w=18 h=25 area=450 score=0.85 right_done=True park_done=False cw_y=195 repeat=True[0m
[self_driving-10] [0m[INFO] [1783000986.555918646] [self_driving]: [PARK_EXEC_GATE] position_ok=False age=4.17/0.30 area=432 min_area=1150 area_with_cw=330 first_area=285 ratio=1.52/1.35 fallback=False park_cy=135 min_cy=50 cy_ok=True cy_range=(133,168) cw_y=0 effective_cw_y=175 min_cw_y=210 cw_y_ok=False close_by_area=False close_by_cw=False force_by_cw=False force_cw_y=240 force_area=500 candidate={'cx': 546, 'cy': 135, 'w': 18, 'h': 24, 'area': 432, 'score': 0.8500000238418579, 'right_done': True, 'park_done': False, 'valid_yolo': True, 'can_accept': True, 'reject': [], 'approach_age': 3.6031012535095215, 'first_area': 285, 'first_cy': 145, 'max_area': 450, 'min_cy': 133, 'max_cy': 168, 'area_ratio': 1.5157894736842106}[0m
[self_driving-10] [0m[INFO] [1783000986.989590164] [self_driving]: [PARK_METRIC] valid_yolo=True can_accept=True reject=[] cx=616 cy=141 w=19 h=27 area=513 score=0.85 right_done=True park_done=False cw_y=0 repeat=True[0m
[self_driving-10] [0m[INFO] [1783000987.568431164] [self_driving]: [PARK_EXEC_GATE] position_ok=False age=5.18/0.30 area=459 min_area=1150 area_with_cw=330 first_area=285 ratio=1.61/1.35 fallback=False park_cy=139 min_cy=50 cy_ok=True cy_range=(133,168) cw_y=197 effective_cw_y=197 min_cw_y=210 cw_y_ok=False close_by_area=False close_by_cw=False force_by_cw=False force_cw_y=240 force_area=500 candidate={'cx': 630, 'cy': 139, 'w': 17, 'h': 27, 'area': 459, 'score': 0.8500000238418579, 'right_done': True, 'park_done': False, 'valid_yolo': True, 'can_accept': True, 'reject': [], 'approach_age': 4.937862873077393, 'first_area': 285, 'first_cy': 145, 'max_area': 513, 'min_cy': 133, 'max_cy': 168, 'area_ratio': 1.6105263157894736}[0m
[self_driving-10] [0m[INFO] [1783000988.576111886] [self_driving]: [PARK_EXEC_GATE] position_ok=False age=6.19/0.30 area=459 min_area=1150 area_with_cw=330 first_area=285 ratio=1.61/1.35 fallback=False park_cy=139 min_cy=50 cy_ok=True cy_range=(133,168) cw_y=197 effective_cw_y=197 min_cw_y=210 cw_y_ok=False close_by_area=False close_by_cw=False force_by_cw=False force_cw_y=240 force_area=500 candidate={'cx': 630, 'cy': 139, 'w': 17, 'h': 27, 'area': 459, 'score': 0.8500000238418579, 'right_done': True, 'park_done': False, 'valid_yolo': True, 'can_accept': True, 'reject': [], 'approach_age': 4.937862873077393, 'first_area': 285, 'first_cy': 145, 'max_area': 513, 'min_cy': 133, 'max_cy': 168, 'area_ratio': 1.6105263157894736}[0m
[self_driving-10] [0m[INFO] [1783000989.582023089] [self_driving]: [PARK_EXEC_GATE] position_ok=False age=7.19/0.30 area=459 min_area=1150 area_with_cw=330 first_area=285 ratio=1.61/1.35 fallback=False park_cy=139 min_cy=50 cy_ok=True cy_range=(133,168) cw_y=206 effective_cw_y=206 min_cw_y=210 cw_y_ok=False close_by_area=False close_by_cw=False force_by_cw=False force_cw_y=240 force_area=500 candidate={'cx': 630, 'cy': 139, 'w': 17, 'h': 27, 'area': 459, 'score': 0.8500000238418579, 'right_done': True, 'park_done': False, 'valid_yolo': True, 'can_accept': True, 'reject': [], 'approach_age': 4.937862873077393, 'first_area': 285, 'first_cy': 145, 'max_area': 513, 'min_cy': 133, 'max_cy': 168, 'area_ratio': 1.6105263157894736}[0m
[self_driving-10] [33m[WARN] [1783000990.656415236] [self_driving]: [PARK_COUNT] count=1/1 park_x=630 cw_y=211 age=8.27 area=459 first_area=285 ratio=1.61 right_done=True lane_turn_idx=20 turn_cluster=0 candidate={'cx': 630, 'cy': 139, 'w': 17, 'h': 27, 'area': 459, 'score': 0.8500000238418579, 'right_done': True, 'park_done': False, 'valid_yolo': True, 'can_accept': True, 'reject': [], 'approach_age': 4.937862873077393, 'first_area': 285, 'first_cy': 145, 'max_area': 513, 'min_cy': 133, 'max_cy': 168, 'area_ratio': 1.6105263157894736}[0m
[self_driving-10] [33m[WARN] [1783000990.671705736] [self_driving]: [PARK_START] debug_dry_run=False repeat=True age=8.27 area=459 first_area=285 ratio=1.61 effective_cw_y=211 min_cw_y=210 close_by_area=False close_by_cw=True force_by_cw=False lane_turn_idx=20 turn_cluster=0 candidate={'cx': 630, 'cy': 139, 'w': 17, 'h': 27, 'area': 459, 'score': 0.8500000238418579, 'right_done': True, 'park_done': False, 'valid_yolo': True, 'can_accept': True, 'reject': [], 'approach_age': 4.937862873077393, 'first_area': 285, 'first_cy': 145, 'max_area': 513, 'min_cy': 133, 'max_cy': 168, 'area_ratio': 1.6105263157894736} cw_candidates=[{'cx': 575, 'cy': 211, 'w': 121, 'h': 9, 'area': 1089, 'score': 0.6899999976158142}][0m
[self_driving-10] [0m[INFO] [1783000990.674875681] [self_driving]: [CMD] n=1701 source=park_start_stop linear_x=0.00 linear_y=0.00 angular_z=0.00 state=LINE_FOLLOW stop=False [0m
[self_driving-10] [0m[INFO] [1783000990.675836032] [self_driving]: [1;36m[FSM] LINE_FOLLOW -> PARKING[0m[0m
[self_driving-10] [33m[WARN] [1783000990.683929940] [self_driving]: [PARK_ACTION_BEGIN] machine=MentorPi_Mecanum candidate={'cx': 630, 'cy': 139, 'w': 17, 'h': 27, 'area': 459, 'score': 0.8500000238418579, 'right_done': True, 'park_done': False, 'valid_yolo': True, 'can_accept': True, 'reject': [], 'approach_age': 4.937862873077393, 'first_area': 285, 'first_cy': 145, 'max_area': 513, 'min_cy': 133, 'max_cy': 168, 'area_ratio': 1.6105263157894736} repeat=True[0m
[self_driving-10] [0m[INFO] [1783000990.688576403] [self_driving]: [CMD] n=1702 source=park_action_strafe linear_x=0.00 linear_y=-0.20 angular_z=0.00 state=PARKING stop=True [0m
[self_driving-10] [0m[INFO] [1783000992.597995513] [self_driving]: [CMD] n=1739 source=park_action_stop linear_x=0.00 linear_y=0.00 angular_z=0.00 state=PARKING stop=False [0m
[self_driving-10] [33m[WARN] [1783000992.601430476] [self_driving]: [PARK_DONE] park_action complete -> PARK_PAUSE repeat=True cooldown=3.0s resume=button_or_set_running[0m
[self_driving-10] [0m[INFO] [1783000992.604070828] [self_driving]: [1;36m[FSM] PARKING -> PARK_PAUSE[0m[0m
[self_driving-10] [0m[INFO] [1783000992.615380476] [self_driving]: [CMD] n=1740 source=post_park_pause linear_x=0.00 linear_y=0.00 angular_z=0.00 state=PARK_PAUSE stop=False [0m
[self_driving-10] [0m[INFO] [1783001016.416068110] [self_driving]: [PARK_METRIC] valid_yolo=True can_accept=True reject=[] cx=490 cy=16 w=69 h=28 area=1932 score=0.40 right_done=True park_done=True cw_y=387 repeat=True[0m
[self_driving-10] [33m[WARN] [1783001016.417450313] [self_driving]: [PARK_APPROACH_START] first_cx=490 first_cy=16 first_area=1932 score=0.40 cw_y=387 ref_turn_age=35.49[0m
