[INFO] [launch]: All log files can be found below /home/ubuntu/.ros/log/2026-07-02-12-45-33-468905-raspberrypi-611890
[INFO] [launch]: Default logging verbosity is set to INFO
[INFO] [ascamera_node-1]: process started with pid [611900]
[INFO] [static_transform_publisher-2]: process started with pid [611902]
[INFO] [static_transform_publisher-3]: process started with pid [611904]
[INFO] [joint_state_publisher-4]: process started with pid [611906]
[INFO] [robot_state_publisher-5]: process started with pid [611908]
[INFO] [ros_robot_controller-6]: process started with pid [611910]
[INFO] [odom_publisher-7]: process started with pid [611912]
[INFO] [ekf_node-8]: process started with pid [611915]
[INFO] [yolo_detect-9]: process started with pid [611926]
[INFO] [self_driving-10]: process started with pid [611934]
[static_transform_publisher-2] [33m[WARN] [1782996334.221581042] []: Old-style arguments are deprecated; see --help for new-style arguments[0m
[static_transform_publisher-3] [33m[WARN] [1782996334.218048569] []: Old-style arguments are deprecated; see --help for new-style arguments[0m
[ascamera_node-1] [0m[INFO] [1782996334.248875943] [as_logger]: hello world angstrong camera ros2 node[0m
[static_transform_publisher-3] [0m[INFO] [1782996334.282932880] [static_transform_publisher_WMsk3NIAsHLKg4dl]: Spinning until stopped - publishing transform
[static_transform_publisher-3] translation: ('0.000000', '0.000000', '0.000000')
[static_transform_publisher-3] rotation: ('-0.500000', '0.499602', '-0.500000', '0.500398')
[static_transform_publisher-3] from 'depth_cam' to 'ascamera_color_0'[0m
[static_transform_publisher-2] [0m[INFO] [1782996334.298872099] [static_transform_publisher_qDNCICYIOXg6LIkC]: Spinning until stopped - publishing transform
[static_transform_publisher-2] translation: ('0.000000', '0.000000', '0.000000')
[static_transform_publisher-2] rotation: ('-0.500000', '0.499602', '-0.500000', '0.500398')
[static_transform_publisher-2] from 'depth_cam' to 'ascamera_camera_link_0'[0m
[ascamera_node-1] 2026-07-02 12:45:34[INFO] [CameraPublisher.cpp] [1558] [printLaunchParams] get depth_width 640
[ascamera_node-1] 2026-07-02 12:45:34[INFO] [CameraPublisher.cpp] [1559] [printLaunchParams] get depth_height 480
[ascamera_node-1] 2026-07-02 12:45:34[INFO] [CameraPublisher.cpp] [1561] [printLaunchParams] get rgb_width 640
[ascamera_node-1] 2026-07-02 12:45:34[INFO] [CameraPublisher.cpp] [1562] [printLaunchParams] get rgb_height 480
[ascamera_node-1] 2026-07-02 12:45:34[INFO] [CameraPublisher.cpp] [1570] [printLaunchParams] get set_fps 15
[ascamera_node-1] 2026-07-02 12:45:34[INFO] [CameraPublisher.cpp] [1578] [printLaunchParams] get color_pcl 1
[ascamera_node-1] 2026-07-02 12:45:34[INFO] [CameraPublisher.cpp] [1582] [printLaunchParams] get pub_tfTree 1
[ascamera_node-1] 2026-07-02 12:45:34[INFO] [CameraSrv.cpp] [35] [CameraSrv] Angstrong camera server
[ascamera_node-1] 2026-07-02 12:45:34[INFO] [CameraSrv.cpp] [45] [CameraSrv] Angstrong camera sdk version:v1.2.22.20240516
[robot_state_publisher-5] [0m[INFO] [1782996334.400638035] [robot_state_publisher]: got segment base_footprint[0m
[robot_state_publisher-5] [0m[INFO] [1782996334.400864203] [robot_state_publisher]: got segment base_link[0m
[robot_state_publisher-5] [0m[INFO] [1782996334.400886037] [robot_state_publisher]: got segment depth_cam[0m
[robot_state_publisher-5] [0m[INFO] [1782996334.400896907] [robot_state_publisher]: got segment imu_link[0m
[robot_state_publisher-5] [0m[INFO] [1782996334.400907148] [robot_state_publisher]: got segment lidar_frame[0m
[robot_state_publisher-5] [0m[INFO] [1782996334.400917204] [robot_state_publisher]: got segment wheel_lb_Link[0m
[robot_state_publisher-5] [0m[INFO] [1782996334.400928371] [robot_state_publisher]: got segment wheel_lf_Link[0m
[robot_state_publisher-5] [0m[INFO] [1782996334.400942056] [robot_state_publisher]: got segment wheel_rb_Link[0m
[robot_state_publisher-5] [0m[INFO] [1782996334.400958723] [robot_state_publisher]: got segment wheel_rf_Link[0m
[joint_state_publisher-4] [0m[INFO] [1782996335.134801465] [joint_state_publisher]: Waiting for robot_description to be published on the robot_description topic...[0m
[odom_publisher-7] [0m[INFO] [1782996335.135357895] [odom_publisher]: [1;32m0.930000 1.010000[0m[0m
[odom_publisher-7] [0m[INFO] [1782996335.176467702] [odom_publisher]: [1;32mstart[0m[0m
[ascamera_node-1] 2026-07-02 12:45:35[INFO] [CameraSrv.cpp] [114] [onAttached] attached
[ascamera_node-1] 2026-07-02 12:45:35[INFO] [CameraSrv.cpp] [145] [onAttached] this is a new attach device, create and open it
[ros_robot_controller-6] [0m[INFO] [1782996335.749379798] [ros_robot_controller]: 已设置舵机 1 的偏移量为 0[0m
[ros_robot_controller-6] [0m[INFO] [1782996335.751445241] [ros_robot_controller]: 已设置舵机 2 的偏移量为 0[0m
[ros_robot_controller-6] [0m[INFO] [1782996335.752964234] [ros_robot_controller]: 已设置舵机 3 的偏移量为 4[0m
[ros_robot_controller-6] [0m[INFO] [1782996335.753979909] [ros_robot_controller]: 已设置舵机 4 的偏移量为 0[0m
[ros_robot_controller-6] [0m[INFO] [1782996335.757663920] [ros_robot_controller]: [1;32mstart[0m[0m
[self_driving-10] [0m[INFO] [1782996335.854535317] [self_driving]: [INIT] init_process started[0m
[self_driving-10] [0m[INFO] [1782996335.855031247] [self_driving]: [INIT] only_line_follow=False[0m
[self_driving-10] [0m[INFO] [1782996335.855413880] [self_driving]: [INIT] request /yolov5/start[0m
[ascamera_node-1] 2026-07-02 12:45:36[INFO] [CameraSrv.cpp] [154] [onAttached] get model type 9
[ascamera_node-1] 2026-07-02 12:45:36[INFO] [CameraSrv.cpp] [342] [getConfigFile] get file: /home/ubuntu/third_party_ros2/third_party_ws/src/ascamera/configurationfiles/hp60c_v2_00_20230704_configEncrypt.json
[ascamera_node-1] 2026-07-02 12:45:36[INFO] [CameraPublisher.cpp] [1501] [logCameraPathInfo] usb camera
[ascamera_node-1] 2026-07-02 12:45:36[INFO] [CameraPublisher.cpp] [1502] [logCameraPathInfo] bnum:1
[ascamera_node-1] 2026-07-02 12:45:36[INFO] [CameraPublisher.cpp] [1503] [logCameraPathInfo] dnum:3
[ascamera_node-1] 2026-07-02 12:45:36[INFO] [CameraPublisher.cpp] [1504] [logCameraPathInfo] port_numbers:2
[ascamera_node-1] 2026-07-02 12:45:36[INFO] [CameraPublisher.cpp] [171] [onCameraAttached] create a new publisher info set
[ascamera_node-1] 2026-07-02 12:45:36[INFO] [TfTreeFrameIdInfo.cpp] [11] [TfTreeFrameIdInfo] Namespace /ascamera
[ascamera_node-1] 2026-07-02 12:45:36[INFO] [CameraHp60c.cpp] [128] [open] according to the configuration file.
[ascamera_node-1] 2026-07-02 12:45:36[INFO] [CameraHp60c.cpp] [1528] [parseConfigFileParameter] moduleName:AS_CAM_HP60C
[ascamera_node-1] 2026-07-02 12:45:36[INFO] [CameraHp60c.cpp] [1555] [parseConfigFileParameter] Parsing config file /home/ubuntu/third_party_ros2/third_party_ws/src/ascamera/configurationfiles/hp60c_v2_00_20230704_configEncrypt.json
[ascamera_node-1] 2026-07-02 12:45:36[INFO] [CameraHp60c.cpp] [1620] [parseConfigFileParameter] configuration protocol Version: v2.x
[ascamera_node-1] 2026-07-02 12:45:36[INFO] [CameraHp60c.cpp] [1631] [parseConfigFileParameter] configuration Version: v2.0.0.20230704
[ascamera_node-1] 2026-07-02 12:45:36[INFO] [CameraHp60c.cpp] [1796] [setParamersAfterOpenCam] Camera confiParaEnable true, setting configuration parameter
[ascamera_node-1] 2026-07-02 12:45:37[ERROR] [XuCmdCameraHp60c.cpp] [454] [getMjpegSize] get mjpeg from xu command failed
[ascamera_node-1] 2026-07-02 12:45:37[INFO] [XuCmdCameraHp60c.cpp] [458] [getMjpegSize] mjpeg size:640x480
[ascamera_node-1] 2026-07-02 12:45:37[INFO] [CameraPublisher.cpp] [356] [onCameraOpen] camera opened
[ascamera_node-1] 2026-07-02 12:45:37[INFO] [CameraPublisher.cpp] [370] [onCameraOpen] get config info, ret 0, is_Registration 1
[ascamera_node-1] 2026-07-02 12:45:37[INFO] [Camera.cpp] [61] [init] #camera[0x55556ab52710] SN[ASC60CF08000515]'s firmware version:DLS_VERc20865=:V01.09_2024110714:V01.19_2024110714:L01
[ascamera_node-1] 2026-07-02 12:45:37[INFO] [CameraPublisher.cpp] [1183] [setResolution] set depth resolution: 640 x 480 @ 15fps
[ascamera_node-1] 2026-07-02 12:45:37[INFO] [CameraPublisher.cpp] [1197] [setResolution] set rgb resolution: 640 x 480 @ 15fps
[ascamera_node-1] 2026-07-02 12:45:37[INFO] [CameraHp60c.cpp] [260] [startStreaming] start streaming
[ascamera_node-1] 2026-07-02 12:45:37[INFO] [CameraSrv.cpp] [202] [onAttached] attached end
[self_driving-10] [33m[WARN] [1782996337.858568015] [self_driving]: [YOLO_SERVICE] service not ready, continue without blocking[0m
[self_driving-10] [0m[INFO] [1782996338.359698264] [self_driving]: [INIT] enter + set_running start[0m
[self_driving-10] [0m[INFO] [1782996338.360271454] [self_driving]: [1;32mself driving enter[0m[0m
[self_driving-10] [0m[INFO] [1782996338.368688576] [self_driving]: [SUB] image=/ascamera/camera_publisher/rgb0/image object=/yolov5_ros2/object_detect[0m
[self_driving-10] [0m[INFO] [1782996338.369559713] [self_driving]: [1;32mset_running[0m[0m
[self_driving-10] [0m[INFO] [1782996338.371821101] [self_driving]: [1;32m[START] hybrid self_driving start: auto LINE_FOLLOW[0m[0m
[INFO] [apply_calib-11]: process started with pid [612087]
[INFO] [complementary_filter_node-12]: process started with pid [612089]
[ascamera_node-1] 2026-07-02 12:45:39[INFO] [CameraHp60c.cpp] [912] [setInternalParameter] mjpeg info: size(640x480)
[complementary_filter_node-12] [0m[INFO] [1782996339.609017073] [imu_filter]: Starting ComplementaryFilterROS[0m
[apply_calib-11] [0m[INFO] [1782996339.635781600] [imu_calib]: Calibrating gyros; do not move the IMU[0m
[ascamera_node-1] 2026-07-02 12:45:39[INFO] [Camera.cpp] [127] [backgroundThread] SN [ ASC60CF08000515 ]'s parameter:
[ascamera_node-1] 2026-07-02 12:45:39[INFO] [Camera.cpp] [128] [backgroundThread] irfx: 426.962
[ascamera_node-1] 2026-07-02 12:45:39[INFO] [Camera.cpp] [129] [backgroundThread] irfy: 426.374
[ascamera_node-1] 2026-07-02 12:45:39[INFO] [Camera.cpp] [130] [backgroundThread] ircx: 315.403
[ascamera_node-1] 2026-07-02 12:45:39[INFO] [Camera.cpp] [131] [backgroundThread] ircy: 240.933
[ascamera_node-1] 2026-07-02 12:45:39[INFO] [Camera.cpp] [132] [backgroundThread] rgbfx: 570.48
[ascamera_node-1] 2026-07-02 12:45:39[INFO] [Camera.cpp] [133] [backgroundThread] rgbfy: 569.949
[ascamera_node-1] 2026-07-02 12:45:39[INFO] [Camera.cpp] [134] [backgroundThread] rgbcx: 329.75
[ascamera_node-1] 2026-07-02 12:45:39[INFO] [Camera.cpp] [135] [backgroundThread] rgbcy: 238.406
[ascamera_node-1] 
[ascamera_node-1] 2026-07-02 12:45:39[INFO] [CameraHp60c.cpp] [1149] [streamCallback] set gain ret 0, gain 4
[self_driving-10] [0m[INFO] [1782996339.956406289] [self_driving]: [IMAGE] received count=1 shape=(480, 640, 3) queue=0[0m
[self_driving-10] [33m[WARN] [1782996340.129029787] [self_driving]: [IMAGE] queue full -> drop oldest frame[0m
[self_driving-10] [33m[WARN] [1782996340.137219685] [self_driving]: [LANE_LOST] raw_lane_x=-1 lane_x=-1 filter=lost stop=False state=LINE_FOLLOW safe_linear=0.02 right_ready=False right_done=False[0m
[self_driving-10] [0m[INFO] [1782996340.137859616] [self_driving]: [DEBUG_DRIVE] state=LINE_FOLLOW raw_lane_x=-1 lane_x=-1 filter=lost linear=0.32 angular=0.00 cw_y=0 right_done=False start_turn=False count_turn=0 traffic=None stop=False[0m
[self_driving-10] [33m[WARN] [1782996340.669274087] [self_driving]: [LANE_LOST] raw_lane_x=-1 lane_x=-1 filter=lost stop=False state=LINE_FOLLOW safe_linear=0.02 right_ready=False right_done=False[0m
[self_driving-10] [0m[INFO] [1782996340.669942592] [self_driving]: [DEBUG_DRIVE] state=LINE_FOLLOW raw_lane_x=-1 lane_x=-1 filter=lost linear=0.32 angular=0.00 cw_y=0 right_done=False start_turn=False count_turn=0 traffic=None stop=False[0m
[self_driving-10] [33m[WARN] [1782996341.205983748] [self_driving]: [LANE_LOST] raw_lane_x=-1 lane_x=-1 filter=lost stop=False state=LINE_FOLLOW safe_linear=0.02 right_ready=False right_done=False[0m
[self_driving-10] [0m[INFO] [1782996341.206626531] [self_driving]: [DEBUG_DRIVE] state=LINE_FOLLOW raw_lane_x=-1 lane_x=-1 filter=lost linear=0.32 angular=0.00 cw_y=0 right_done=False start_turn=False count_turn=0 traffic=None stop=False[0m
[yolo_detect-9] [0m[INFO] [1782996341.662711127] [yolov5_ros2]: Current ROS 2 distribution: humble[0m
[apply_calib-11] [0m[INFO] [1782996341.696531229] [imu_calib]: Gyro calibration complete! (bias = [-0.462, -0.224, -0.623])[0m
[self_driving-10] [33m[WARN] [1782996341.749395166] [self_driving]: [LANE_LOST] raw_lane_x=-1 lane_x=-1 filter=lost stop=False state=LINE_FOLLOW safe_linear=0.02 right_ready=False right_done=False[0m
[self_driving-10] [0m[INFO] [1782996341.750031968] [self_driving]: [DEBUG_DRIVE] state=LINE_FOLLOW raw_lane_x=-1 lane_x=-1 filter=lost linear=0.32 angular=0.00 cw_y=0 right_done=False start_turn=False count_turn=0 traffic=None stop=False[0m
[self_driving-10] [0m[INFO] [1782996341.957862781] [self_driving]: [IMAGE] received count=31 shape=(480, 640, 3) queue=0[0m
[self_driving-10] [33m[WARN] [1782996342.311081544] [self_driving]: [LANE_LOST] raw_lane_x=-1 lane_x=-1 filter=lost stop=False state=LINE_FOLLOW safe_linear=0.02 right_ready=False right_done=False[0m
[self_driving-10] [0m[INFO] [1782996342.311679215] [self_driving]: [DEBUG_DRIVE] state=LINE_FOLLOW raw_lane_x=-1 lane_x=-1 filter=lost linear=0.32 angular=0.00 cw_y=0 right_done=False start_turn=False count_turn=0 traffic=None stop=False[0m
[self_driving-10] [33m[WARN] [1782996342.854104292] [self_driving]: [LANE_LOST] raw_lane_x=-1 lane_x=-1 filter=lost stop=False state=LINE_FOLLOW safe_linear=0.02 right_ready=False right_done=False[0m
[self_driving-10] [0m[INFO] [1782996342.854685389] [self_driving]: [DEBUG_DRIVE] state=LINE_FOLLOW raw_lane_x=-1 lane_x=-1 filter=lost linear=0.32 angular=0.00 cw_y=0 right_done=False start_turn=False count_turn=0 traffic=None stop=False[0m
[self_driving-10] [33m[WARN] [1782996343.365327177] [self_driving]: [LANE_LOST] raw_lane_x=-1 lane_x=-1 filter=lost stop=False state=LINE_FOLLOW safe_linear=0.02 right_ready=False right_done=False[0m
[self_driving-10] [0m[INFO] [1782996343.368401072] [self_driving]: [DEBUG_DRIVE] state=LINE_FOLLOW raw_lane_x=-1 lane_x=-1 filter=lost linear=0.32 angular=0.00 cw_y=0 right_done=False start_turn=False count_turn=0 traffic=None stop=False[0m
[self_driving-10] [33m[WARN] [1782996343.925553876] [self_driving]: [LANE_LOST] raw_lane_x=-1 lane_x=-1 filter=lost stop=False state=LINE_FOLLOW safe_linear=0.02 right_ready=False right_done=False[0m
[self_driving-10] [0m[INFO] [1782996343.927903006] [self_driving]: [DEBUG_DRIVE] state=LINE_FOLLOW raw_lane_x=-1 lane_x=-1 filter=lost linear=0.32 angular=0.00 cw_y=0 right_done=False start_turn=False count_turn=0 traffic=None stop=False[0m
[self_driving-10] [0m[INFO] [1782996343.983933932] [self_driving]: [IMAGE] received count=61 shape=(480, 640, 3) queue=0[0m
[self_driving-10] [33m[WARN] [1782996344.447717792] [self_driving]: [LANE_LOST] raw_lane_x=-1 lane_x=-1 filter=lost stop=False state=LINE_FOLLOW safe_linear=0.02 right_ready=False right_done=False[0m
[self_driving-10] [0m[INFO] [1782996344.449965662] [self_driving]: [DEBUG_DRIVE] state=LINE_FOLLOW raw_lane_x=-1 lane_x=-1 filter=lost linear=0.32 angular=0.00 cw_y=0 right_done=False start_turn=False count_turn=0 traffic=None stop=False[0m
[self_driving-10] [33m[WARN] [1782996344.988815507] [self_driving]: [LANE_LOST] raw_lane_x=-1 lane_x=-1 filter=lost stop=False state=LINE_FOLLOW safe_linear=0.02 right_ready=False right_done=False[0m
[self_driving-10] [0m[INFO] [1782996344.989440456] [self_driving]: [DEBUG_DRIVE] state=LINE_FOLLOW raw_lane_x=-1 lane_x=-1 filter=lost linear=0.32 angular=0.00 cw_y=0 right_done=False start_turn=False count_turn=0 traffic=None stop=False[0m
[self_driving-10] [33m[WARN] [1782996345.532437334] [self_driving]: [LANE_LOST] raw_lane_x=-1 lane_x=-1 filter=lost stop=False state=LINE_FOLLOW safe_linear=0.02 right_ready=False right_done=False[0m
[self_driving-10] [0m[INFO] [1782996345.533036153] [self_driving]: [DEBUG_DRIVE] state=LINE_FOLLOW raw_lane_x=-1 lane_x=-1 filter=lost linear=0.32 angular=0.00 cw_y=0 right_done=False start_turn=False count_turn=0 traffic=None stop=False[0m
[self_driving-10] [0m[INFO] [1782996345.988529930] [self_driving]: [IMAGE] received count=91 shape=(480, 640, 3) queue=0[0m
[self_driving-10] [33m[WARN] [1782996346.058049092] [self_driving]: [LANE_LOST] raw_lane_x=-1 lane_x=-1 filter=lost stop=False state=LINE_FOLLOW safe_linear=0.02 right_ready=False right_done=False[0m
[self_driving-10] [0m[INFO] [1782996346.058908840] [self_driving]: [DEBUG_DRIVE] state=LINE_FOLLOW raw_lane_x=-1 lane_x=-1 filter=lost linear=0.32 angular=0.00 cw_y=0 right_done=False start_turn=False count_turn=0 traffic=None stop=False[0m
[self_driving-10] [0m[INFO] [1782996346.611864963] [self_driving]: [DEBUG_DRIVE] state=LINE_FOLLOW raw_lane_x=303.5 lane_x=303.5 filter=stable linear=0.32 angular=-0.72 cw_y=0 right_done=False start_turn=True count_turn=2 traffic=None stop=False[0m
[self_driving-10] [33m[WARN] [1782996346.996185212] [self_driving]: [LANE_LOST] raw_lane_x=-1 lane_x=-1 filter=lost stop=False state=LINE_FOLLOW safe_linear=0.02 right_ready=False right_done=False[0m
[self_driving-10] [0m[INFO] [1782996347.144616648] [self_driving]: [DEBUG_DRIVE] state=LINE_FOLLOW raw_lane_x=-1 lane_x=-1 filter=lost linear=0.32 angular=0.00 cw_y=0 right_done=False start_turn=True count_turn=7 traffic=None stop=False[0m
[self_driving-10] [33m[WARN] [1782996347.582675398] [self_driving]: [LANE_LOST] raw_lane_x=-1 lane_x=-1 filter=lost stop=False state=LINE_FOLLOW safe_linear=0.02 right_ready=False right_done=False[0m
[self_driving-10] [0m[INFO] [1782996347.692823567] [self_driving]: [DEBUG_DRIVE] state=LINE_FOLLOW raw_lane_x=-1 lane_x=-1 filter=lost linear=0.32 angular=0.00 cw_y=0 right_done=False start_turn=True count_turn=7 traffic=None stop=False[0m
[self_driving-10] [33m[WARN] [1782996347.800558162] [self_driving]: [LANE_X_JUMP_REJECT] raw=137.0 last=303.5 diff=166.5 candidate=137.0 cnt=1/4[0m
[self_driving-10] [0m[INFO] [1782996348.005925974] [self_driving]: [IMAGE] received count=121 shape=(480, 640, 3) queue=0[0m
[self_driving-10] [33m[WARN] [1782996348.082983844] [self_driving]: [LANE_LOST] raw_lane_x=-1 lane_x=-1 filter=lost stop=False state=LINE_FOLLOW safe_linear=0.02 right_ready=False right_done=False[0m
[self_driving-10] [0m[INFO] [1782996348.219659687] [self_driving]: [DEBUG_DRIVE] state=LINE_FOLLOW raw_lane_x=-1 lane_x=-1 filter=lost linear=0.32 angular=0.00 cw_y=0 right_done=False start_turn=True count_turn=8 traffic=None stop=False[0m
[self_driving-10] [33m[WARN] [1782996348.351839827] [self_driving]: [LANE_X_JUMP_REJECT] raw=58.5 last=303.5 diff=245.0 candidate=58.5 cnt=1/4[0m
[self_driving-10] [0m[INFO] [1782996348.747935300] [self_driving]: [DEBUG_DRIVE] state=LINE_FOLLOW raw_lane_x=308.5 lane_x=308.5 filter=stable linear=0.32 angular=-0.72 cw_y=0 right_done=False start_turn=True count_turn=15 traffic=None stop=False[0m
[self_driving-10] [33m[WARN] [1782996348.885873319] [self_driving]: [LANE_X_JUMP_REJECT] raw=206.5 last=308.5 diff=102.0 candidate=206.5 cnt=1/4[0m
[self_driving-10] [33m[WARN] [1782996349.150438749] [self_driving]: [LANE_LOST] raw_lane_x=-1 lane_x=-1 filter=lost stop=False state=LINE_FOLLOW safe_linear=0.02 right_ready=False right_done=False[0m
[self_driving-10] [0m[INFO] [1782996349.290242949] [self_driving]: [DEBUG_DRIVE] state=LINE_FOLLOW raw_lane_x=271.5 lane_x=271.5 filter=stable linear=0.32 angular=-0.72 cw_y=0 right_done=False start_turn=True count_turn=21 traffic=None stop=False[0m
[self_driving-10] [33m[WARN] [1782996349.416899787] [self_driving]: [LANE_X_JUMP_REJECT] raw=110.0 last=271.5 diff=161.5 candidate=124.5 cnt=2/4[0m
[self_driving-10] [0m[INFO] [1782996349.815682781] [self_driving]: [DEBUG_DRIVE] state=LINE_FOLLOW raw_lane_x=300.5 lane_x=300.5 filter=stable linear=0.32 angular=-0.72 cw_y=0 right_done=False start_turn=True count_turn=29 traffic=None stop=False[0m
[self_driving-10] [33m[WARN] [1782996349.989874346] [self_driving]: [LANE_X_JUMP_REJECT] raw=220.0 last=300.5 diff=80.5 candidate=191.5 cnt=2/4[0m
[self_driving-10] [0m[INFO] [1782996350.035587616] [self_driving]: [IMAGE] received count=151 shape=(480, 640, 3) queue=0[0m
[self_driving-10] [0m[INFO] [1782996350.259344167] [self_driving]: [OBJECTS] msg_count=1 n=1 names=['crosswalk'][0m
[self_driving-10] [0m[INFO] [1782996350.259936135] [self_driving]: [CW_CANDIDATE] name=crosswalkcx=208 cy=462 area=1547 score=0.70 [0m
[self_driving-10] [0m[INFO] [1782996350.265457790] [self_driving]: [CW_CANDIDATE] name=crosswalkcx=338 cy=393 area=830 score=0.43 [0m
[self_driving-10] [0m[INFO] [1782996350.356698161] [self_driving]: [CROSSWALK_SLOW] y=393 th=180 confirm=2[0m
[self_driving-10] [33m[WARN] [1782996350.640362854] [self_driving]: [LANE_X_JUMP_REJECT] raw=46.5 last=156.5 diff=110.0 candidate=46.5 cnt=1/4[0m
[self_driving-10] [0m[INFO] [1782996350.700462330] [self_driving]: [CW_STAGE 2] 정지선 앞 완전 정지! elapsed=0.34s[0m
[self_driving-10] [0m[INFO] [1782996350.754792501] [self_driving]: [CW_STAGE 2] 정지선 앞 완전 정지! elapsed=0.40s[0m
[self_driving-10] [0m[INFO] [1782996350.821955163] [self_driving]: [CW_STAGE 2] 정지선 앞 완전 정지! elapsed=0.46s[0m
[self_driving-10] [0m[INFO] [1782996350.910341715] [self_driving]: [CW_STAGE 2] 정지선 앞 완전 정지! elapsed=0.55s[0m
[self_driving-10] [0m[INFO] [1782996350.930676358] [self_driving]: [OBJECTS] msg_count=3 n=1 names=['crosswalk'][0m
[self_driving-10] [0m[INFO] [1782996350.932691615] [self_driving]: [CW_CANDIDATE] name=crosswalkcx=154 cy=464 area=6560 score=0.49 [0m
[self_driving-10] [0m[INFO] [1782996350.974477446] [self_driving]: [CW_STAGE 2] 정지선 앞 완전 정지! elapsed=0.62s[0m
[self_driving-10] [0m[INFO] [1782996351.035989600] [self_driving]: [CW_STAGE 2] 정지선 앞 완전 정지! elapsed=0.68s[0m
[self_driving-10] [0m[INFO] [1782996351.108024616] [self_driving]: [CW_STAGE 2] 정지선 앞 완전 정지! elapsed=0.75s[0m
[self_driving-10] [0m[INFO] [1782996351.179432200] [self_driving]: [CW_STAGE 2] 정지선 앞 완전 정지! elapsed=0.82s[0m
[self_driving-10] [0m[INFO] [1782996351.230817052] [self_driving]: [CW_STAGE 2] 정지선 앞 완전 정지! elapsed=0.87s[0m
[self_driving-10] [0m[INFO] [1782996351.266986542] [self_driving]: [CW_CANDIDATE] name=crosswalkcx=336 cy=356 area=6440 score=0.88 [0m
[self_driving-10] [0m[INFO] [1782996351.328692420] [self_driving]: [CW_STAGE 2] 정지선 앞 완전 정지! elapsed=0.97s[0m
[self_driving-10] [0m[INFO] [1782996351.359232088] [self_driving]: [CW_STAGE 2] 정지선 앞 완전 정지! elapsed=1.00s[0m
[self_driving-10] [0m[INFO] [1782996351.434900095] [self_driving]: [CW_STAGE 2] 정지선 앞 완전 정지! elapsed=1.08s[0m
[self_driving-10] [0m[INFO] [1782996351.504713074] [self_driving]: [CW_STAGE 2] 정지선 앞 완전 정지! elapsed=1.15s[0m
[self_driving-10] [0m[INFO] [1782996351.573442230] [self_driving]: [CW_STAGE 2] 정지선 앞 완전 정지! elapsed=1.22s[0m
[self_driving-10] [0m[INFO] [1782996351.608279321] [self_driving]: [OBJECTS] msg_count=5 n=1 names=['crosswalk'][0m
[self_driving-10] [0m[INFO] [1782996351.609204939] [self_driving]: [CW_CANDIDATE] name=crosswalkcx=363 cy=194 area=10212 score=0.84 [0m
[self_driving-10] [0m[INFO] [1782996351.614278424] [self_driving]: [CW_CANDIDATE] name=crosswalkcx=347 cy=144 area=2980 score=0.61 [0m
[self_driving-10] [0m[INFO] [1782996351.653973702] [self_driving]: [CROSSWALK_IGNORE] y=144 < th=180[0m
[self_driving-10] [0m[INFO] [1782996351.656516259] [self_driving]: [CW_STAGE 2] 정지선 앞 완전 정지! elapsed=1.30s[0m
[self_driving-10] [0m[INFO] [1782996351.717102035] [self_driving]: [CROSSWALK_IGNORE] y=144 < th=180[0m
[self_driving-10] [0m[INFO] [1782996351.717975579] [self_driving]: [CW_STAGE 2] 정지선 앞 완전 정지! elapsed=1.36s[0m
[self_driving-10] [0m[INFO] [1782996351.774737659] [self_driving]: [CROSSWALK_IGNORE] y=144 < th=180[0m
[self_driving-10] [0m[INFO] [1782996351.779869570] [self_driving]: [CW_STAGE 2] 정지선 앞 완전 정지! elapsed=1.42s[0m
[self_driving-10] [0m[INFO] [1782996351.827837283] [self_driving]: [CROSSWALK_IGNORE] y=144 < th=180[0m
[self_driving-10] [0m[INFO] [1782996351.831666758] [self_driving]: [CW_STAGE 2] 정지선 앞 완전 정지! elapsed=1.47s[0m
[self_driving-10] [0m[INFO] [1782996351.905405880] [self_driving]: [CROSSWALK_IGNORE] y=144 < th=180[0m
[self_driving-10] [0m[INFO] [1782996351.907805028] [self_driving]: [CW_STAGE 2] 정지선 앞 완전 정지! elapsed=1.55s[0m
[self_driving-10] [0m[INFO] [1782996351.983475146] [self_driving]: [CROSSWALK_IGNORE] y=144 < th=180[0m
[self_driving-10] [0m[INFO] [1782996351.984925158] [self_driving]: [CW_STAGE 2] 정지선 앞 완전 정지! elapsed=1.63s[0m
[self_driving-10] [0m[INFO] [1782996351.990412368] [self_driving]: [CW_CANDIDATE] name=crosswalkcx=356 cy=164 area=4862 score=0.86 [0m
[self_driving-10] [0m[INFO] [1782996351.996466879] [self_driving]: [CW_CANDIDATE] name=crosswalkcx=344 cy=127 area=1304 score=0.74 [0m
[self_driving-10] [0m[INFO] [1782996352.037429167] [self_driving]: [IMAGE] received count=181 shape=(480, 640, 3) queue=0[0m
[self_driving-10] [0m[INFO] [1782996352.048789572] [self_driving]: [CROSSWALK_IGNORE] y=127 < th=180[0m
[self_driving-10] [0m[INFO] [1782996352.055589829] [self_driving]: [CW_STAGE 2] 정지선 앞 완전 정지! elapsed=1.70s[0m
[self_driving-10] [0m[INFO] [1782996352.099952255] [self_driving]: [CROSSWALK_IGNORE] y=127 < th=180[0m
[self_driving-10] [0m[INFO] [1782996352.100480555] [self_driving]: [CW_STAGE 3] 미션 완료 -> 정상 속도 회복 및 6초 락 가동[0m
[self_driving-10] [33m[WARN] [1782996352.101475267] [self_driving]: [LANE_LOST] raw_lane_x=-1 lane_x=-1 filter=lost stop=False state=LINE_FOLLOW safe_linear=0.02 right_ready=False right_done=False[0m
[self_driving-10] [0m[INFO] [1782996352.101987641] [self_driving]: [DEBUG_DRIVE] state=LINE_FOLLOW raw_lane_x=-1 lane_x=-1 filter=lost linear=0.32 angular=0.00 cw_y=127 right_done=False start_turn=True count_turn=36 traffic=None stop=False[0m
[self_driving-10] [0m[INFO] [1782996352.321108008] [self_driving]: [OBJECTS] msg_count=9 n=1 names=['crosswalk'][0m
[self_driving-10] [0m[INFO] [1782996352.322953856] [self_driving]: [CW_CANDIDATE] name=crosswalkcx=356 cy=165 area=4592 score=0.86 [0m
[self_driving-10] [0m[INFO] [1782996352.326306104] [self_driving]: [CW_CANDIDATE] name=crosswalkcx=345 cy=127 area=1120 score=0.70 [0m
[self_driving-10] [0m[INFO] [1782996352.652052501] [self_driving]: [CW_CANDIDATE] name=crosswalkcx=356 cy=165 area=4576 score=0.86 [0m
[self_driving-10] [0m[INFO] [1782996352.657258209] [self_driving]: [CW_CANDIDATE] name=crosswalkcx=345 cy=127 area=1120 score=0.70 [0m
[self_driving-10] [0m[INFO] [1782996352.661191851] [self_driving]: [CROSSWALK_IGNORE] y=127 < th=180[0m
[self_driving-10] [33m[WARN] [1782996352.665848684] [self_driving]: [LANE_LOST] raw_lane_x=-1 lane_x=-1 filter=lost stop=False state=LINE_FOLLOW safe_linear=0.02 right_ready=False right_done=False[0m
[self_driving-10] [0m[INFO] [1782996352.675005516] [self_driving]: [DEBUG_DRIVE] state=LINE_FOLLOW raw_lane_x=-1 lane_x=-1 filter=lost linear=0.32 angular=0.00 cw_y=127 right_done=False start_turn=True count_turn=36 traffic=None stop=False[0m
[self_driving-10] [0m[INFO] [1782996352.987552901] [self_driving]: [OBJECTS] msg_count=13 n=1 names=['crosswalk'][0m
[self_driving-10] [0m[INFO] [1782996352.988984949] [self_driving]: [CW_CANDIDATE] name=crosswalkcx=344 cy=127 area=1127 score=0.70 [0m
[self_driving-10] [33m[WARN] [1782996352.997550572] [self_driving]: [LANE_X_JUMP_REJECT] raw=6.0 last=156.5 diff=150.5 candidate=6.0 cnt=1/4[0m
[self_driving-10] [0m[INFO] [1782996353.175262999] [self_driving]: [LANE_X_JUMP_ACCEPT] raw=10.5 last=10.5 cnt=4/4[0m
[self_driving-10] [0m[INFO] [1782996353.176399786] [self_driving]: [CROSSWALK_IGNORE] y=127 < th=180[0m
[self_driving-10] [0m[INFO] [1782996353.177094292] [self_driving]: [DEBUG_DRIVE] state=LINE_FOLLOW raw_lane_x=10.5 lane_x=10.5 filter=jump_accept linear=0.32 angular=0.10 cw_y=127 right_done=False start_turn=False count_turn=0 traffic=None stop=False[0m
[self_driving-10] [0m[INFO] [1782996353.330688027] [self_driving]: [CW_CANDIDATE] name=crosswalkcx=344 cy=127 area=1113 score=0.74 [0m
[self_driving-10] [0m[INFO] [1782996353.666932100] [self_driving]: [OBJECTS] msg_count=15 n=1 names=['crosswalk'][0m
[self_driving-10] [0m[INFO] [1782996353.668778040] [self_driving]: [CW_CANDIDATE] name=crosswalkcx=356 cy=164 area=4576 score=0.86 [0m
[self_driving-10] [0m[INFO] [1782996353.672888499] [self_driving]: [CW_CANDIDATE] name=crosswalkcx=347 cy=127 area=1272 score=0.75 [0m
[self_driving-10] [0m[INFO] [1782996353.734493413] [self_driving]: [CROSSWALK_IGNORE] y=127 < th=180[0m
[self_driving-10] [0m[INFO] [1782996353.736798672] [self_driving]: [DEBUG_DRIVE] state=LINE_FOLLOW raw_lane_x=22.5 lane_x=22.5 filter=stable linear=0.32 angular=0.10 cw_y=127 right_done=False start_turn=False count_turn=0 traffic=None stop=False[0m
[self_driving-10] [0m[INFO] [1782996354.035157463] [self_driving]: [CW_CANDIDATE] name=crosswalkcx=365 cy=164 area=4896 score=0.87 [0m
[self_driving-10] [0m[INFO] [1782996354.040206003] [self_driving]: [CW_CANDIDATE] name=crosswalkcx=353 cy=126 area=1127 score=0.71 [0m
[self_driving-10] [0m[INFO] [1782996354.066919159] [self_driving]: [IMAGE] received count=211 shape=(480, 640, 3) queue=0[0m
[self_driving-10] [0m[INFO] [1782996354.257231945] [self_driving]: [CROSSWALK_IGNORE] y=126 < th=180[0m
[self_driving-10] [0m[INFO] [1782996354.259361480] [self_driving]: [DEBUG_DRIVE] state=LINE_FOLLOW raw_lane_x=51.5 lane_x=51.5 filter=stable linear=0.32 angular=0.10 cw_y=126 right_done=False start_turn=False count_turn=0 traffic=None stop=False[0m
[self_driving-10] [0m[INFO] [1782996354.377134988] [self_driving]: [OBJECTS] msg_count=19 n=1 names=['crosswalk'][0m
[self_driving-10] [0m[INFO] [1782996354.378611351] [self_driving]: [CW_CANDIDATE] name=crosswalkcx=378 cy=178 area=7590 score=0.87 [0m
[self_driving-10] [0m[INFO] [1782996354.380790257] [self_driving]: [CW_CANDIDATE] name=crosswalkcx=363 cy=130 area=1392 score=0.80 [0m
[self_driving-10] [0m[INFO] [1782996354.718108931] [self_driving]: [CW_CANDIDATE] name=crosswalkcx=415 cy=200 area=13959 score=0.90 [0m
[self_driving-10] [0m[INFO] [1782996354.726095642] [self_driving]: [CW_CANDIDATE] name=crosswalkcx=383 cy=136 area=1665 score=0.81 [0m
[self_driving-10] [0m[INFO] [1782996354.805111528] [self_driving]: [CROSSWALK_IGNORE] y=136 < th=180[0m
[self_driving-10] [0m[INFO] [1782996354.808714705] [self_driving]: [DEBUG_DRIVE] state=LINE_FOLLOW raw_lane_x=110.0 lane_x=110.0 filter=stable linear=0.32 angular=0.10 cw_y=136 right_done=False start_turn=False count_turn=0 traffic=None stop=False[0m
[self_driving-10] [0m[INFO] [1782996355.052720527] [self_driving]: [OBJECTS] msg_count=23 n=1 names=['crosswalk'][0m
[self_driving-10] [0m[INFO] [1782996355.054906711] [self_driving]: [CW_CANDIDATE] name=crosswalkcx=422 cy=229 area=20928 score=0.89 [0m
[self_driving-10] [0m[INFO] [1782996355.067347088] [self_driving]: [CW_CANDIDATE] name=crosswalkcx=416 cy=142 area=1890 score=0.79 [0m
[self_driving-10] [0m[INFO] [1782996355.328350601] [self_driving]: [CROSSWALK_IGNORE] y=142 < th=180[0m
[self_driving-10] [0m[INFO] [1782996355.334083535] [self_driving]: [DEBUG_DRIVE] state=LINE_FOLLOW raw_lane_x=145.0 lane_x=145.0 filter=stable linear=0.32 angular=-0.10 cw_y=142 right_done=False start_turn=False count_turn=0 traffic=None stop=False[0m
[self_driving-10] [0m[INFO] [1782996355.388658930] [self_driving]: [CW_CANDIDATE] name=crosswalkcx=409 cy=279 area=34504 score=0.86 [0m
[self_driving-10] [0m[INFO] [1782996355.400772749] [self_driving]: [CW_CANDIDATE] name=crosswalkcx=447 cy=150 area=3289 score=0.84 [0m
[self_driving-10] [0m[INFO] [1782996355.722382335] [self_driving]: [OBJECTS] msg_count=27 n=1 names=['crosswalk'][0m
[self_driving-10] [0m[INFO] [1782996355.724640686] [self_driving]: [CW_CANDIDATE] name=crosswalkcx=488 cy=158 area=4794 score=0.88 [0m
[self_driving-10] [0m[INFO] [1782996355.755816211] [self_driving]: [CW_CANDIDATE] name=crosswalkcx=375 cy=382 area=87980 score=0.72 [0m
[self_driving-10] [0m[INFO] [1782996355.875772865] [self_driving]: [DEBUG_DRIVE] state=LINE_FOLLOW raw_lane_x=172.5 lane_x=172.5 filter=stable linear=0.32 angular=-0.72 cw_y=382 right_done=False start_turn=False count_turn=1 traffic=None stop=False[0m
[self_driving-10] [0m[INFO] [1782996356.070487834] [self_driving]: [IMAGE] received count=241 shape=(480, 640, 3) queue=0[0m
[self_driving-10] [0m[INFO] [1782996356.086734463] [self_driving]: [CW_CANDIDATE] name=crosswalkcx=499 cy=167 area=5130 score=0.88 [0m
[self_driving-10] [0m[INFO] [1782996356.095266568] [self_driving]: [CW_CANDIDATE] name=crosswalkcx=374 cy=446 area=33232 score=0.77 [0m
[self_driving-10] [0m[INFO] [1782996356.411696742] [self_driving]: [DEBUG_DRIVE] state=LINE_FOLLOW raw_lane_x=77.0 lane_x=77.0 filter=stable linear=0.32 angular=0.10 cw_y=446 right_done=False start_turn=False count_turn=0 traffic=None stop=False[0m
[self_driving-10] [0m[INFO] [1782996356.425342258] [self_driving]: [OBJECTS] msg_count=31 n=1 names=['crosswalk'][0m
[self_driving-10] [0m[INFO] [1782996356.426116838] [self_driving]: [CW_CANDIDATE] name=crosswalkcx=496 cy=182 area=7722 score=0.89 [0m
[self_driving-10] [0m[INFO] [1782996356.747725035] [self_driving]: [CW_CANDIDATE] name=crosswalkcx=490 cy=214 area=10800 score=0.90 [0m
[self_driving-10] [0m[INFO] [1782996356.946533222] [self_driving]: [DEBUG_DRIVE] state=LINE_FOLLOW raw_lane_x=67.5 lane_x=67.5 filter=stable linear=0.32 angular=0.10 cw_y=214 right_done=False start_turn=False count_turn=0 traffic=None stop=False[0m
[self_driving-10] [0m[INFO] [1782996357.068660023] [self_driving]: [OBJECTS] msg_count=33 n=1 names=['crosswalk'][0m
[self_driving-10] [0m[INFO] [1782996357.070891393] [self_driving]: [CW_CANDIDATE] name=crosswalkcx=450 cy=262 area=21982 score=0.86 [0m
[self_driving-10] [0m[INFO] [1782996357.400067316] [self_driving]: [CW_CANDIDATE] name=crosswalkcx=397 cy=328 area=50610 score=0.91 [0m
[self_driving-10] [0m[INFO] [1782996357.486248018] [self_driving]: [DEBUG_DRIVE] state=LINE_FOLLOW raw_lane_x=112.0 lane_x=112.0 filter=stable linear=0.32 angular=0.10 cw_y=328 right_done=False start_turn=False count_turn=0 traffic=None stop=False[0m
[self_driving-10] [0m[INFO] [1782996357.726378291] [self_driving]: [OBJECTS] msg_count=35 n=1 names=['crosswalk'][0m
[self_driving-10] [0m[INFO] [1782996357.732753583] [self_driving]: [CW_CANDIDATE] name=crosswalkcx=372 cy=410 area=74504 score=0.91 [0m
[self_driving-10] [0m[INFO] [1782996358.018613737] [self_driving]: [DEBUG_DRIVE] state=LINE_FOLLOW raw_lane_x=135.0 lane_x=135.0 filter=stable linear=0.32 angular=0.10 cw_y=410 right_done=False start_turn=False count_turn=0 traffic=None stop=False[0m
[self_driving-10] [0m[INFO] [1782996358.097937606] [self_driving]: [IMAGE] received count=271 shape=(480, 640, 3) queue=0[0m
[self_driving-10] [0m[INFO] [1782996358.415532012] [self_driving]: [OBJECTS] msg_count=36 n=1 names=['crosswalk'][0m
[self_driving-10] [0m[INFO] [1782996358.568774171] [self_driving]: [DEBUG_DRIVE] state=LINE_FOLLOW raw_lane_x=124.0 lane_x=124.0 filter=stable linear=0.32 angular=0.10 cw_y=0 right_done=False start_turn=False count_turn=0 traffic=None stop=False[0m
[self_driving-10] [0m[INFO] [1782996359.107017085] [self_driving]: [DEBUG_DRIVE] state=LINE_FOLLOW raw_lane_x=134.5 lane_x=134.5 filter=stable linear=0.32 angular=-0.10 cw_y=0 right_done=False start_turn=False count_turn=0 traffic=None stop=False[0m
[self_driving-10] [0m[INFO] [1782996359.642965296] [self_driving]: [DEBUG_DRIVE] state=LINE_FOLLOW raw_lane_x=259.0 lane_x=259.0 filter=stable linear=0.32 angular=-0.72 cw_y=0 right_done=False start_turn=True count_turn=0 traffic=None stop=False[0m
[self_driving-10] [33m[WARN] [1782996360.035296831] [self_driving]: [LANE_X_JUMP_REJECT] raw=208.5 last=289.0 diff=80.5 candidate=208.5 cnt=1/4[0m
[self_driving-10] [0m[INFO] [1782996360.111824290] [self_driving]: [IMAGE] received count=301 shape=(480, 640, 3) queue=0[0m
[self_driving-10] [0m[INFO] [1782996360.179865199] [self_driving]: [DEBUG_DRIVE] state=LINE_FOLLOW raw_lane_x=-1 lane_x=274.0 filter=hold_last linear=0.32 angular=-0.72 cw_y=0 right_done=False start_turn=True count_turn=8 traffic=None stop=False[0m
[self_driving-10] [33m[WARN] [1782996360.519682522] [self_driving]: [LANE_LOST] raw_lane_x=-1 lane_x=-1 filter=lost stop=False state=LINE_FOLLOW safe_linear=0.02 right_ready=False right_done=False[0m
[self_driving-10] [0m[INFO] [1782996360.697707600] [self_driving]: [DEBUG_DRIVE] state=LINE_FOLLOW raw_lane_x=-1 lane_x=-1 filter=lost linear=0.32 angular=0.00 cw_y=0 right_done=False start_turn=True count_turn=12 traffic=None stop=False[0m
[self_driving-10] [33m[WARN] [1782996361.054283685] [self_driving]: [LANE_LOST] raw_lane_x=-1 lane_x=-1 filter=lost stop=False state=LINE_FOLLOW safe_linear=0.02 right_ready=False right_done=False[0m
[self_driving-10] [0m[INFO] [1782996361.253238762] [self_driving]: [DEBUG_DRIVE] state=LINE_FOLLOW raw_lane_x=-1 lane_x=-1 filter=lost linear=0.32 angular=0.00 cw_y=0 right_done=False start_turn=True count_turn=12 traffic=None stop=False[0m
[self_driving-10] [33m[WARN] [1782996361.575069090] [self_driving]: [LANE_LOST] raw_lane_x=-1 lane_x=-1 filter=lost stop=False state=LINE_FOLLOW safe_linear=0.02 right_ready=False right_done=False[0m
[self_driving-10] [0m[INFO] [1782996361.789548364] [self_driving]: [DEBUG_DRIVE] state=LINE_FOLLOW raw_lane_x=-1 lane_x=-1 filter=lost linear=0.32 angular=0.00 cw_y=0 right_done=False start_turn=True count_turn=12 traffic=None stop=False[0m
[self_driving-10] [0m[INFO] [1782996362.123766346] [self_driving]: [IMAGE] received count=331 shape=(480, 640, 3) queue=0[0m
[self_driving-10] [33m[WARN] [1782996362.140195847] [self_driving]: [LANE_LOST] raw_lane_x=-1 lane_x=-1 filter=lost stop=False state=LINE_FOLLOW safe_linear=0.02 right_ready=False right_done=False[0m
[self_driving-10] [0m[INFO] [1782996362.312695325] [self_driving]: [DEBUG_DRIVE] state=LINE_FOLLOW raw_lane_x=-1 lane_x=-1 filter=lost linear=0.32 angular=0.00 cw_y=0 right_done=False start_turn=True count_turn=12 traffic=None stop=False[0m
[self_driving-10] [33m[WARN] [1782996362.467725072] [self_driving]: [LANE_X_JUMP_REJECT] raw=110.5 last=278.5 diff=168.0 candidate=110.5 cnt=1/4[0m
[self_driving-10] [33m[WARN] [1782996362.792538869] [self_driving]: [LANE_LOST] raw_lane_x=-1 lane_x=-1 filter=lost stop=False state=LINE_FOLLOW safe_linear=0.02 right_ready=False right_done=False[0m
[self_driving-10] [0m[INFO] [1782996362.864247826] [self_driving]: [DEBUG_DRIVE] state=LINE_FOLLOW raw_lane_x=-1 lane_x=-1 filter=lost linear=0.32 angular=0.00 cw_y=0 right_done=False start_turn=True count_turn=18 traffic=None stop=False[0m
[self_driving-10] [33m[WARN] [1782996363.325459296] [self_driving]: [LANE_LOST] raw_lane_x=-1 lane_x=-1 filter=lost stop=False state=LINE_FOLLOW safe_linear=0.02 right_ready=False right_done=False[0m
[self_driving-10] [0m[INFO] [1782996363.406420864] [self_driving]: [DEBUG_DRIVE] state=LINE_FOLLOW raw_lane_x=-1 lane_x=-1 filter=lost linear=0.32 angular=0.00 cw_y=0 right_done=False start_turn=True count_turn=18 traffic=None stop=False[0m
[self_driving-10] [0m[INFO] [1782996363.758442709] [self_driving]: [OBJECTS] msg_count=37 n=1 names=['crosswalk'][0m
[self_driving-10] [0m[INFO] [1782996363.759218308] [self_driving]: [CW_CANDIDATE] name=crosswalkcx=391 cy=132 area=1352 score=0.70 [0m
[self_driving-10] [33m[WARN] [1782996363.874928855] [self_driving]: [LANE_LOST] raw_lane_x=-1 lane_x=-1 filter=lost stop=False state=LINE_FOLLOW safe_linear=0.02 right_ready=False right_done=False[0m
[self_driving-10] [0m[INFO] [1782996363.947174353] [self_driving]: [CROSSWALK_IGNORE] y=132 < th=180[0m
[self_driving-10] [0m[INFO] [1782996363.947869081] [self_driving]: [DEBUG_DRIVE] state=LINE_FOLLOW raw_lane_x=-1 lane_x=-1 filter=lost linear=0.32 angular=0.00 cw_y=132 right_done=False start_turn=True count_turn=18 traffic=None stop=False[0m
[self_driving-10] [0m[INFO] [1782996364.095343361] [self_driving]: [CW_CANDIDATE] name=crosswalkcx=324 cy=168 area=4800 score=0.81 [0m
[self_driving-10] [0m[INFO] [1782996364.099442560] [self_driving]: [CW_CANDIDATE] name=crosswalkcx=330 cy=132 area=1336 score=0.81 [0m
[self_driving-10] [0m[INFO] [1782996364.141443171] [self_driving]: [IMAGE] received count=361 shape=(480, 640, 3) queue=0[0m
[self_driving-10] [33m[WARN] [1782996364.417738416] [self_driving]: [LANE_LOST] raw_lane_x=-1 lane_x=-1 filter=lost stop=False state=LINE_FOLLOW safe_linear=0.02 right_ready=False right_done=False[0m
[self_driving-10] [0m[INFO] [1782996364.453243068] [self_driving]: [OBJECTS] msg_count=41 n=1 names=['go'][0m
[self_driving-10] [0m[INFO] [1782996364.471708159] [self_driving]: [CW_CANDIDATE] name=crosswalkcx=324 cy=168 area=4440 score=0.78 [0m
[self_driving-10] [0m[INFO] [1782996364.487940565] [self_driving]: [CROSSWALK_IGNORE] y=168 < th=180[0m
[self_driving-10] [0m[INFO] [1782996364.498470074] [self_driving]: [DEBUG_DRIVE] state=LINE_FOLLOW raw_lane_x=-1 lane_x=-1 filter=lost linear=0.32 angular=0.00 cw_y=168 right_done=False start_turn=True count_turn=18 traffic=None stop=False[0m
[self_driving-10] [0m[INFO] [1782996364.824592085] [self_driving]: [CW_CANDIDATE] name=crosswalkcx=325 cy=168 area=4515 score=0.78 [0m
[self_driving-10] [0m[INFO] [1782996364.831108063] [self_driving]: [CW_CANDIDATE] name=crosswalkcx=330 cy=132 area=1183 score=0.77 [0m
[self_driving-10] [33m[WARN] [1782996364.948839533] [self_driving]: [LANE_LOST] raw_lane_x=-1 lane_x=-1 filter=lost stop=False state=LINE_FOLLOW safe_linear=0.02 right_ready=False right_done=False[0m
[self_driving-10] [0m[INFO] [1782996365.005006922] [self_driving]: [CROSSWALK_IGNORE] y=132 < th=180[0m
[self_driving-10] [0m[INFO] [1782996365.007002031] [self_driving]: [DEBUG_DRIVE] state=LINE_FOLLOW raw_lane_x=-1 lane_x=-1 filter=lost linear=0.32 angular=0.00 cw_y=132 right_done=False start_turn=True count_turn=18 traffic=None stop=False[0m
[self_driving-10] [0m[INFO] [1782996365.175839536] [self_driving]: [OBJECTS] msg_count=46 n=1 names=['go'][0m
[self_driving-10] [0m[INFO] [1782996365.178149498] [self_driving]: [CW_CANDIDATE] name=crosswalkcx=325 cy=169 area=4172 score=0.77 [0m
[self_driving-10] [0m[INFO] [1782996365.181967121] [self_driving]: [CW_CANDIDATE] name=crosswalkcx=331 cy=132 area=1204 score=0.77 [0m
[self_driving-10] [33m[WARN] [1782996365.474206382] [self_driving]: [LANE_LOST] raw_lane_x=-1 lane_x=-1 filter=lost stop=False state=LINE_FOLLOW safe_linear=0.02 right_ready=False right_done=False[0m
[self_driving-10] [0m[INFO] [1782996365.528597665] [self_driving]: [CW_CANDIDATE] name=crosswalkcx=326 cy=170 area=4515 score=0.79 [0m
[self_driving-10] [0m[INFO] [1782996365.546647530] [self_driving]: [CW_CANDIDATE] name=crosswalkcx=332 cy=133 area=1044 score=0.78 [0m
[self_driving-10] [0m[INFO] [1782996365.555748343] [self_driving]: [CROSSWALK_IGNORE] y=133 < th=180[0m
[self_driving-10] [0m[INFO] [1782996365.564937508] [self_driving]: [DEBUG_DRIVE] state=LINE_FOLLOW raw_lane_x=-1 lane_x=-1 filter=lost linear=0.32 angular=0.00 cw_y=133 right_done=False start_turn=True count_turn=18 traffic=None stop=False[0m
[self_driving-10] [0m[INFO] [1782996365.850762385] [self_driving]: [OBJECTS] msg_count=52 n=1 names=['go'][0m
[self_driving-10] [0m[INFO] [1782996365.853882595] [self_driving]: [CW_CANDIDATE] name=crosswalkcx=327 cy=171 area=4896 score=0.82 [0m
[self_driving-10] [0m[INFO] [1782996365.858579928] [self_driving]: [CW_CANDIDATE] name=crosswalkcx=332 cy=133 area=1204 score=0.80 [0m
[self_driving-10] [33m[WARN] [1782996366.021581757] [self_driving]: [LANE_LOST] raw_lane_x=-1 lane_x=-1 filter=lost stop=False state=LINE_FOLLOW safe_linear=0.02 right_ready=False right_done=False[0m
[self_driving-10] [0m[INFO] [1782996366.082284127] [self_driving]: [CROSSWALK_IGNORE] y=133 < th=180[0m
[self_driving-10] [0m[INFO] [1782996366.083992178] [self_driving]: [DEBUG_DRIVE] state=LINE_FOLLOW raw_lane_x=-1 lane_x=-1 filter=lost linear=0.32 angular=0.00 cw_y=133 right_done=False start_turn=True count_turn=18 traffic=None stop=False[0m
[self_driving-10] [0m[INFO] [1782996366.155853951] [self_driving]: [IMAGE] received count=391 shape=(480, 640, 3) queue=0[0m
[self_driving-10] [0m[INFO] [1782996366.189017658] [self_driving]: [CW_CANDIDATE] name=crosswalkcx=329 cy=171 area=5236 score=0.82 [0m
[self_driving-10] [0m[INFO] [1782996366.193157339] [self_driving]: [CW_CANDIDATE] name=crosswalkcx=334 cy=133 area=1197 score=0.77 [0m
[self_driving-10] [0m[INFO] [1782996366.516558291] [self_driving]: [OBJECTS] msg_count=58 n=1 names=['go'][0m
[self_driving-10] [0m[INFO] [1782996366.518643845] [self_driving]: [CW_CANDIDATE] name=crosswalkcx=330 cy=172 area=5287 score=0.83 [0m
[self_driving-10] [0m[INFO] [1782996366.525092192] [self_driving]: [CW_CANDIDATE] name=crosswalkcx=336 cy=133 area=1211 score=0.76 [0m
[self_driving-10] [33m[WARN] [1782996366.568585648] [self_driving]: [LANE_LOST] raw_lane_x=-1 lane_x=-1 filter=lost stop=False state=LINE_FOLLOW safe_linear=0.02 right_ready=False right_done=False[0m
[self_driving-10] [0m[INFO] [1782996366.628823514] [self_driving]: [CROSSWALK_IGNORE] y=133 < th=180[0m
[self_driving-10] [0m[INFO] [1782996366.630627010] [self_driving]: [DEBUG_DRIVE] state=LINE_FOLLOW raw_lane_x=-1 lane_x=-1 filter=lost linear=0.32 angular=0.00 cw_y=133 right_done=False start_turn=True count_turn=18 traffic=None stop=False[0m
[self_driving-10] [0m[INFO] [1782996366.881028161] [self_driving]: [CW_CANDIDATE] name=crosswalkcx=331 cy=173 area=6004 score=0.85 [0m
[self_driving-10] [0m[INFO] [1782996366.887811493] [self_driving]: [CW_CANDIDATE] name=crosswalkcx=335 cy=134 area=1197 score=0.78 [0m
[self_driving-10] [33m[WARN] [1782996367.103515406] [self_driving]: [LANE_LOST] raw_lane_x=-1 lane_x=-1 filter=lost stop=False state=LINE_FOLLOW safe_linear=0.02 right_ready=False right_done=False[0m
[self_driving-10] [0m[INFO] [1782996367.163339899] [self_driving]: [CROSSWALK_IGNORE] y=134 < th=180[0m
[self_driving-10] [0m[INFO] [1782996367.165124079] [self_driving]: [DEBUG_DRIVE] state=LINE_FOLLOW raw_lane_x=-1 lane_x=-1 filter=lost linear=0.32 angular=0.00 cw_y=134 right_done=False start_turn=True count_turn=18 traffic=None stop=False[0m
[self_driving-10] [0m[INFO] [1782996367.230713025] [self_driving]: [OBJECTS] msg_count=63 n=1 names=['go'][0m
[self_driving-10] [0m[INFO] [1782996367.233945180] [self_driving]: [CW_CANDIDATE] name=crosswalkcx=332 cy=174 area=6061 score=0.85 [0m
[self_driving-10] [0m[INFO] [1782996367.236807962] [self_driving]: [CW_CANDIDATE] name=crosswalkcx=337 cy=134 area=1211 score=0.79 [0m
[self_driving-10] [0m[INFO] [1782996367.583776731] [self_driving]: [CW_CANDIDATE] name=crosswalkcx=333 cy=174 area=6156 score=0.84 [0m
[self_driving-10] [0m[INFO] [1782996367.587330870] [self_driving]: [CW_CANDIDATE] name=crosswalkcx=338 cy=133 area=1204 score=0.77 [0m
[self_driving-10] [33m[WARN] [1782996367.655881228] [self_driving]: [LANE_LOST] raw_lane_x=-1 lane_x=-1 filter=lost stop=False state=LINE_FOLLOW safe_linear=0.02 right_ready=False right_done=False[0m
[self_driving-10] [0m[INFO] [1782996367.699047848] [self_driving]: [CROSSWALK_IGNORE] y=133 < th=180[0m
[self_driving-10] [0m[INFO] [1782996367.699975300] [self_driving]: [DEBUG_DRIVE] state=LINE_FOLLOW raw_lane_x=-1 lane_x=-1 filter=lost linear=0.32 angular=0.00 cw_y=133 right_done=False start_turn=True count_turn=18 traffic=None stop=False[0m
[self_driving-10] [0m[INFO] [1782996367.926922284] [self_driving]: [OBJECTS] msg_count=69 n=1 names=['go'][0m
[self_driving-10] [0m[INFO] [1782996367.928817854] [self_driving]: [CW_CANDIDATE] name=crosswalkcx=332 cy=174 area=6232 score=0.84 [0m
[self_driving-10] [0m[INFO] [1782996367.935820706] [self_driving]: [CW_CANDIDATE] name=crosswalkcx=339 cy=134 area=1162 score=0.77 [0m
[self_driving-10] [33m[WARN] [1782996368.160058224] [self_driving]: [LANE_LOST] raw_lane_x=-1 lane_x=-1 filter=lost stop=False state=LINE_FOLLOW safe_linear=0.02 right_ready=False right_done=False[0m
[self_driving-10] [0m[INFO] [1782996368.234379998] [self_driving]: [IMAGE] received count=422 shape=(480, 640, 3) queue=0[0m
[self_driving-10] [0m[INFO] [1782996368.242090541] [self_driving]: [CROSSWALK_IGNORE] y=134 < th=180[0m
[self_driving-10] [0m[INFO] [1782996368.244380466] [self_driving]: [DEBUG_DRIVE] state=LINE_FOLLOW raw_lane_x=-1 lane_x=-1 filter=lost linear=0.32 angular=0.00 cw_y=134 right_done=False start_turn=True count_turn=18 traffic=None stop=False[0m
[self_driving-10] [0m[INFO] [1782996368.273337714] [self_driving]: [CW_CANDIDATE] name=crosswalkcx=333 cy=176 area=6888 score=0.86 [0m
[self_driving-10] [0m[INFO] [1782996368.285879610] [self_driving]: [CW_CANDIDATE] name=crosswalkcx=338 cy=135 area=1384 score=0.78 [0m
[self_driving-10] [0m[INFO] [1782996368.615557741] [self_driving]: [OBJECTS] msg_count=75 n=1 names=['go'][0m
[self_driving-10] [0m[INFO] [1782996368.631906371] [self_driving]: [CW_CANDIDATE] name=crosswalkcx=338 cy=134 area=1218 score=0.78 [0m
[self_driving-10] [33m[WARN] [1782996368.696559994] [self_driving]: [LANE_LOST] raw_lane_x=-1 lane_x=-1 filter=lost stop=False state=LINE_FOLLOW safe_linear=0.02 right_ready=False right_done=False[0m
[self_driving-10] [0m[INFO] [1782996368.769161366] [self_driving]: [CROSSWALK_IGNORE] y=134 < th=180[0m
[self_driving-10] [0m[INFO] [1782996368.771366754] [self_driving]: [DEBUG_DRIVE] state=LINE_FOLLOW raw_lane_x=-1 lane_x=-1 filter=lost linear=0.32 angular=0.00 cw_y=134 right_done=False start_turn=True count_turn=18 traffic=None stop=False[0m
[self_driving-10] [0m[INFO] [1782996368.992423969] [self_driving]: [CW_CANDIDATE] name=crosswalkcx=338 cy=175 area=6384 score=0.84 [0m
[self_driving-10] [0m[INFO] [1782996368.995827589] [self_driving]: [CW_CANDIDATE] name=crosswalkcx=344 cy=133 area=1183 score=0.81 [0m
[self_driving-10] [33m[WARN] [1782996369.243742924] [self_driving]: [LANE_LOST] raw_lane_x=-1 lane_x=-1 filter=lost stop=False state=LINE_FOLLOW safe_linear=0.02 right_ready=False right_done=False[0m
[self_driving-10] [0m[INFO] [1782996369.300095500] [self_driving]: [CROSSWALK_IGNORE] y=133 < th=180[0m
[self_driving-10] [0m[INFO] [1782996369.300862265] [self_driving]: [DEBUG_DRIVE] state=LINE_FOLLOW raw_lane_x=-1 lane_x=-1 filter=lost linear=0.32 angular=0.00 cw_y=133 right_done=False start_turn=True count_turn=18 traffic=None stop=False[0m
[self_driving-10] [0m[INFO] [1782996369.322285991] [self_driving]: [OBJECTS] msg_count=80 n=1 names=['go'][0m
[self_driving-10] [0m[INFO] [1782996369.324643546] [self_driving]: [CW_CANDIDATE] name=crosswalkcx=336 cy=177 area=6780 score=0.86 [0m
[self_driving-10] [0m[INFO] [1782996369.327590829] [self_driving]: [CW_CANDIDATE] name=crosswalkcx=342 cy=133 area=1190 score=0.81 [0m
[self_driving-10] [0m[INFO] [1782996369.651439099] [self_driving]: [CW_CANDIDATE] name=crosswalkcx=294 cy=67 area=13892 score=0.57 [0m
[self_driving-10] [33m[WARN] [1782996369.774824911] [self_driving]: [LANE_LOST] raw_lane_x=-1 lane_x=-1 filter=lost stop=False state=LINE_FOLLOW safe_linear=0.02 right_ready=False right_done=False[0m
[self_driving-10] [0m[INFO] [1782996369.843360102] [self_driving]: [CROSSWALK_IGNORE] y=67 < th=180[0m
[self_driving-10] [0m[INFO] [1782996369.847144891] [self_driving]: [DEBUG_DRIVE] state=LINE_FOLLOW raw_lane_x=-1 lane_x=-1 filter=lost linear=0.32 angular=0.00 cw_y=67 right_done=False start_turn=True count_turn=18 traffic=None stop=False[0m
[self_driving-10] [0m[INFO] [1782996369.960260602] [self_driving]: [OBJECTS] msg_count=84 n=1 names=['go'][0m
[self_driving-10] [0m[INFO] [1782996369.964556525] [self_driving]: [CW_CANDIDATE] name=crosswalkcx=341 cy=182 area=7700 score=0.86 [0m
[self_driving-10] [0m[INFO] [1782996369.967812496] [self_driving]: [CW_CANDIDATE] name=crosswalkcx=344 cy=136 area=1376 score=0.82 [0m
[self_driving-10] [0m[INFO] [1782996370.237124426] [self_driving]: [IMAGE] received count=452 shape=(480, 640, 3) queue=0[0m
[self_driving-10] [0m[INFO] [1782996370.291683637] [self_driving]: [CW_CANDIDATE] name=crosswalkcx=335 cy=182 area=8119 score=0.86 [0m
[self_driving-10] [0m[INFO] [1782996370.294309935] [self_driving]: [CW_CANDIDATE] name=crosswalkcx=342 cy=136 area=1368 score=0.82 [0m
[self_driving-10] [33m[WARN] [1782996370.329828920] [self_driving]: [LANE_LOST] raw_lane_x=-1 lane_x=-1 filter=lost stop=False state=LINE_FOLLOW safe_linear=0.02 right_ready=False right_done=False[0m
[self_driving-10] [0m[INFO] [1782996370.394197042] [self_driving]: [CROSSWALK_IGNORE] y=136 < th=180[0m
[self_driving-10] [0m[INFO] [1782996370.397568717] [self_driving]: [DEBUG_DRIVE] state=LINE_FOLLOW raw_lane_x=-1 lane_x=-1 filter=lost linear=0.32 angular=0.00 cw_y=136 right_done=False start_turn=True count_turn=18 traffic=None stop=False[0m
[self_driving-10] [0m[INFO] [1782996370.627874912] [self_driving]: [OBJECTS] msg_count=90 n=1 names=['go'][0m
[self_driving-10] [0m[INFO] [1782996370.630667934] [self_driving]: [CW_CANDIDATE] name=crosswalkcx=337 cy=182 area=8096 score=0.86 [0m
[self_driving-10] [0m[INFO] [1782996370.638189031] [self_driving]: [CW_CANDIDATE] name=crosswalkcx=343 cy=136 area=1376 score=0.82 [0m
[self_driving-10] [33m[WARN] [1782996370.864669567] [self_driving]: [LANE_LOST] raw_lane_x=-1 lane_x=-1 filter=lost stop=False state=LINE_FOLLOW safe_linear=0.02 right_ready=False right_done=False[0m
[self_driving-10] [0m[INFO] [1782996370.925950238] [self_driving]: [CROSSWALK_IGNORE] y=136 < th=180[0m
[self_driving-10] [0m[INFO] [1782996370.928663981] [self_driving]: [DEBUG_DRIVE] state=LINE_FOLLOW raw_lane_x=-1 lane_x=-1 filter=lost linear=0.32 angular=0.00 cw_y=136 right_done=False start_turn=True count_turn=18 traffic=None stop=False[0m
[self_driving-10] [0m[INFO] [1782996371.006953583] [self_driving]: [CW_CANDIDATE] name=crosswalkcx=335 cy=182 area=8188 score=0.87 [0m
[self_driving-10] [0m[INFO] [1782996371.016108785] [self_driving]: [CW_CANDIDATE] name=crosswalkcx=342 cy=135 area=1400 score=0.81 [0m
[self_driving-10] [0m[INFO] [1782996371.319325633] [self_driving]: [OBJECTS] msg_count=96 n=1 names=['go'][0m
[self_driving-10] [0m[INFO] [1782996371.322200619] [self_driving]: [CW_CANDIDATE] name=crosswalkcx=334 cy=184 area=9438 score=0.88 [0m
[self_driving-10] [0m[INFO] [1782996371.327564087] [self_driving]: [CW_CANDIDATE] name=crosswalkcx=342 cy=135 area=1584 score=0.83 [0m
[self_driving-10] [33m[WARN] [1782996371.368641320] [self_driving]: [LANE_LOST] raw_lane_x=-1 lane_x=-1 filter=lost stop=False state=LINE_FOLLOW safe_linear=0.02 right_ready=False right_done=False[0m
[self_driving-10] [0m[INFO] [1782996371.446457048] [self_driving]: [CROSSWALK_IGNORE] y=135 < th=180[0m
[self_driving-10] [0m[INFO] [1782996371.450303893] [self_driving]: [DEBUG_DRIVE] state=LINE_FOLLOW raw_lane_x=-1 lane_x=-1 filter=lost linear=0.32 angular=0.00 cw_y=135 right_done=False start_turn=True count_turn=18 traffic=None stop=False[0m
[self_driving-10] [0m[INFO] [1782996371.659692127] [self_driving]: [CW_CANDIDATE] name=crosswalkcx=343 cy=135 area=1432 score=0.81 [0m
[self_driving-10] [33m[WARN] [1782996371.907621370] [self_driving]: [LANE_LOST] raw_lane_x=-1 lane_x=-1 filter=lost stop=False state=LINE_FOLLOW safe_linear=0.02 right_ready=False right_done=False[0m
[self_driving-10] [0m[INFO] [1782996371.996515019] [self_driving]: [CROSSWALK_IGNORE] y=135 < th=180[0m
[self_driving-10] [0m[INFO] [1782996371.999266096] [self_driving]: [DEBUG_DRIVE] state=LINE_FOLLOW raw_lane_x=-1 lane_x=-1 filter=lost linear=0.32 angular=0.00 cw_y=135 right_done=False start_turn=True count_turn=18 traffic=None stop=False[0m
[self_driving-10] [0m[INFO] [1782996372.318605905] [self_driving]: [IMAGE] received count=480 shape=(480, 640, 3) queue=0[0m
[self_driving-10] [33m[WARN] [1782996372.415644544] [self_driving]: [LANE_X_JUMP_REJECT] raw=7.5 last=278.5 diff=271.0 candidate=15.5 cnt=3/4[0m
[self_driving-10] [0m[INFO] [1782996372.484149143] [self_driving]: [LANE_X_JUMP_ACCEPT] raw=7.0 last=7.0 cnt=4/4[0m
[self_driving-10] [0m[INFO] [1782996372.561037659] [self_driving]: [CROSSWALK_IGNORE] y=135 < th=180[0m
[self_driving-10] [0m[INFO] [1782996372.566002495] [self_driving]: [DEBUG_DRIVE] state=LINE_FOLLOW raw_lane_x=6.5 lane_x=6.5 filter=stable linear=0.32 angular=0.10 cw_y=135 right_done=False start_turn=False count_turn=0 traffic=None stop=False[0m
[self_driving-10] [33m[WARN] [1782996372.989008273] [self_driving]: [LANE_LOST] raw_lane_x=-1 lane_x=-1 filter=lost stop=False state=LINE_FOLLOW safe_linear=0.02 right_ready=False right_done=False[0m
[self_driving-10] [0m[INFO] [1782996373.127477612] [self_driving]: [CROSSWALK_IGNORE] y=135 < th=180[0m
[self_driving-10] [0m[INFO] [1782996373.129788500] [self_driving]: [DEBUG_DRIVE] state=LINE_FOLLOW raw_lane_x=10.0 lane_x=10.0 filter=stable linear=0.32 angular=0.10 cw_y=135 right_done=False start_turn=False count_turn=0 traffic=None stop=False[0m
[self_driving-10] [0m[INFO] [1782996373.281445813] [self_driving]: [OBJECTS] msg_count=101 n=1 names=['crosswalk'][0m
[self_driving-10] [0m[INFO] [1782996373.285798052] [self_driving]: [CW_CANDIDATE] name=crosswalkcx=394 cy=10 area=4660 score=0.81 [0m
[self_driving-10] [0m[INFO] [1782996373.295340090] [self_driving]: [CW_CANDIDATE] name=crosswalkcx=396 cy=93 area=30162 score=0.53 [0m
[self_driving-10] [0m[INFO] [1782996373.600148969] [self_driving]: [CW_CANDIDATE] name=crosswalkcx=378 cy=232 area=22008 score=0.92 [0m
[self_driving-10] [0m[INFO] [1782996373.603912628] [self_driving]: [CW_CANDIDATE] name=crosswalkcx=352 cy=147 area=2120 score=0.84 [0m
[self_driving-10] [0m[INFO] [1782996373.695206648] [self_driving]: [CROSSWALK_IGNORE] y=147 < th=180[0m
[self_driving-10] [0m[INFO] [1782996373.696007062] [self_driving]: [DEBUG_DRIVE] state=LINE_FOLLOW raw_lane_x=37.5 lane_x=37.5 filter=stable linear=0.32 angular=0.10 cw_y=147 right_done=False start_turn=False count_turn=0 traffic=None stop=False[0m
[self_driving-10] [0m[INFO] [1782996373.931569077] [self_driving]: [OBJECTS] msg_count=106 n=1 names=['crosswalk'][0m
[self_driving-10] [0m[INFO] [1782996373.933174960] [self_driving]: [CW_CANDIDATE] name=crosswalkcx=324 cy=286 area=50139 score=0.87 [0m
[self_driving-10] [0m[INFO] [1782996373.940842725] [self_driving]: [CW_CANDIDATE] name=crosswalkcx=356 cy=151 area=2728 score=0.82 [0m
[self_driving-10] [0m[INFO] [1782996374.250138120] [self_driving]: [CROSSWALK_IGNORE] y=151 < th=180[0m
[self_driving-10] [0m[INFO] [1782996374.251798596] [self_driving]: [DEBUG_DRIVE] state=LINE_FOLLOW raw_lane_x=90.0 lane_x=90.0 filter=stable linear=0.32 angular=0.10 cw_y=151 right_done=False start_turn=False count_turn=0 traffic=None stop=False[0m
[self_driving-10] [0m[INFO] [1782996374.272663428] [self_driving]: [CW_CANDIDATE] name=crosswalkcx=379 cy=160 area=4080 score=0.83 [0m
[self_driving-10] [0m[INFO] [1782996374.276055604] [self_driving]: [CW_CANDIDATE] name=crosswalkcx=320 cy=390 area=115200 score=0.74 [0m
[self_driving-10] [0m[INFO] [1782996374.337111439] [self_driving]: [IMAGE] received count=505 shape=(480, 640, 3) queue=0[0m
[self_driving-10] [0m[INFO] [1782996374.411298712] [self_driving]: [CROSSWALK_SLOW] y=390 th=180 confirm=2[0m
[self_driving-10] [0m[INFO] [1782996374.590562337] [self_driving]: [OBJECTS] msg_count=111 n=1 names=['crosswalk'][0m
[self_driving-10] [0m[INFO] [1782996374.591860143] [self_driving]: [CW_CANDIDATE] name=crosswalkcx=315 cy=444 area=44801 score=0.87 [0m
[self_driving-10] [0m[INFO] [1782996374.594404904] [self_driving]: [CW_CANDIDATE] name=crosswalkcx=415 cy=171 area=6042 score=0.87 [0m
[self_driving-10] [0m[INFO] [1782996374.735067482] [self_driving]: [CW_STAGE 2] 정지선 앞 완전 정지! elapsed=0.32s[0m
[self_driving-10] [0m[INFO] [1782996374.829253192] [self_driving]: [CW_STAGE 2] 정지선 앞 완전 정지! elapsed=0.42s[0m
[self_driving-10] [0m[INFO] [1782996374.905379425] [self_driving]: [CW_STAGE 2] 정지선 앞 완전 정지! elapsed=0.49s[0m
[self_driving-10] [0m[INFO] [1782996374.928372681] [self_driving]: [CW_CANDIDATE] name=crosswalkcx=450 cy=186 area=10108 score=0.89 [0m
[self_driving-10] [0m[INFO] [1782996374.992778191] [self_driving]: [CW_STAGE 2] 정지선 앞 완전 정지! elapsed=0.58s[0m
[self_driving-10] [0m[INFO] [1782996375.070111323] [self_driving]: [CW_STAGE 2] 정지선 앞 완전 정지! elapsed=0.66s[0m
[self_driving-10] [0m[INFO] [1782996375.143484256] [self_driving]: [CW_STAGE 2] 정지선 앞 완전 정지! elapsed=0.73s[0m
[self_driving-10] [0m[INFO] [1782996375.227495774] [self_driving]: [CW_STAGE 2] 정지선 앞 완전 정지! elapsed=0.82s[0m
[self_driving-10] [0m[INFO] [1782996375.292523511] [self_driving]: [CW_STAGE 2] 정지선 앞 완전 정지! elapsed=0.88s[0m
[self_driving-10] [0m[INFO] [1782996375.317294893] [self_driving]: [OBJECTS] msg_count=115 n=1 names=['crosswalk'][0m
[self_driving-10] [0m[INFO] [1782996375.319073870] [self_driving]: [CW_CANDIDATE] name=crosswalkcx=458 cy=208 area=14924 score=0.89 [0m
[self_driving-10] [0m[INFO] [1782996375.383259749] [self_driving]: [CW_STAGE 2] 정지선 앞 완전 정지! elapsed=0.97s[0m
[self_driving-10] [0m[INFO] [1782996375.469747694] [self_driving]: [CW_STAGE 2] 정지선 앞 완전 정지! elapsed=1.06s[0m
[self_driving-10] [0m[INFO] [1782996375.539629766] [self_driving]: [CW_STAGE 2] 정지선 앞 완전 정지! elapsed=1.13s[0m
[self_driving-10] [0m[INFO] [1782996375.631208881] [self_driving]: [CW_STAGE 2] 정지선 앞 완전 정지! elapsed=1.22s[0m
[self_driving-10] [0m[INFO] [1782996375.643559608] [self_driving]: [CW_CANDIDATE] name=crosswalkcx=459 cy=253 area=23826 score=0.90 [0m
[self_driving-10] [0m[INFO] [1782996375.709055776] [self_driving]: [CW_STAGE 2] 정지선 앞 완전 정지! elapsed=1.30s[0m
[self_driving-10] [0m[INFO] [1782996375.798624615] [self_driving]: [CW_STAGE 2] 정지선 앞 완전 정지! elapsed=1.39s[0m
[self_driving-10] [0m[INFO] [1782996375.875299093] [self_driving]: [CW_STAGE 2] 정지선 앞 완전 정지! elapsed=1.46s[0m
[self_driving-10] [0m[INFO] [1782996375.950368670] [self_driving]: [CW_STAGE 2] 정지선 앞 완전 정지! elapsed=1.54s[0m
[self_driving-10] [0m[INFO] [1782996375.974847030] [self_driving]: [OBJECTS] msg_count=117 n=1 names=['crosswalk'][0m
[self_driving-10] [0m[INFO] [1782996375.977211142] [self_driving]: [CW_CANDIDATE] name=crosswalkcx=456 cy=280 area=29072 score=0.90 [0m
[self_driving-10] [0m[INFO] [1782996376.044792807] [self_driving]: [CW_STAGE 2] 정지선 앞 완전 정지! elapsed=1.63s[0m
[self_driving-10] [0m[INFO] [1782996376.115942297] [self_driving]: [CW_STAGE 3] 미션 완료 -> 정상 속도 회복 및 6초 락 가동[0m
[self_driving-10] [0m[INFO] [1782996376.123873008] [self_driving]: [DEBUG_DRIVE] state=LINE_FOLLOW raw_lane_x=151.5 lane_x=151.5 filter=stable linear=0.32 angular=-0.10 cw_y=280 right_done=False start_turn=False count_turn=0 traffic=None stop=False[0m
[self_driving-10] [0m[INFO] [1782996376.318055658] [self_driving]: [CW_CANDIDATE] name=crosswalkcx=455 cy=281 area=29889 score=0.91 [0m
[self_driving-10] [0m[INFO] [1782996376.361332038] [self_driving]: [IMAGE] received count=530 shape=(480, 640, 3) queue=0[0m
[self_driving-10] [0m[INFO] [1782996376.643971056] [self_driving]: [OBJECTS] msg_count=119 n=1 names=['crosswalk'][0m
[self_driving-10] [0m[INFO] [1782996376.645808626] [self_driving]: [CW_CANDIDATE] name=crosswalkcx=456 cy=281 area=30176 score=0.91 [0m
[self_driving-10] [0m[INFO] [1782996376.693929989] [self_driving]: [DEBUG_DRIVE] state=LINE_FOLLOW raw_lane_x=167.0 lane_x=167.0 filter=stable linear=0.32 angular=-0.10 cw_y=281 right_done=False start_turn=False count_turn=0 traffic=None stop=False[0m
[self_driving-10] [0m[INFO] [1782996376.963054955] [self_driving]: [CW_CANDIDATE] name=crosswalkcx=455 cy=281 area=30258 score=0.91 [0m
[self_driving-10] [0m[INFO] [1782996377.229306417] [self_driving]: [DEBUG_DRIVE] state=LINE_FOLLOW raw_lane_x=165.5 lane_x=165.5 filter=stable linear=0.32 angular=-0.10 cw_y=281 right_done=False start_turn=False count_turn=0 traffic=None stop=False[0m
[self_driving-10] [0m[INFO] [1782996377.313750271] [self_driving]: [OBJECTS] msg_count=121 n=1 names=['crosswalk'][0m
[self_driving-10] [0m[INFO] [1782996377.314820095] [self_driving]: [CW_CANDIDATE] name=crosswalkcx=455 cy=281 area=30627 score=0.91 [0m
[self_driving-10] [0m[INFO] [1782996377.652727921] [self_driving]: [CW_CANDIDATE] name=crosswalkcx=430 cy=377 area=80967 score=0.76 [0m
[self_driving-10] [0m[INFO] [1782996377.796034038] [self_driving]: [DEBUG_DRIVE] state=LINE_FOLLOW raw_lane_x=144.0 lane_x=144.0 filter=stable linear=0.32 angular=-0.10 cw_y=377 right_done=False start_turn=False count_turn=0 traffic=None stop=False[0m
[self_driving-10] [0m[INFO] [1782996377.984178325] [self_driving]: [OBJECTS] msg_count=123 n=1 names=['crosswalk'][0m
[self_driving-10] [0m[INFO] [1782996377.984875368] [self_driving]: [CW_CANDIDATE] name=crosswalkcx=417 cy=439 area=34992 score=0.85 [0m
[self_driving-10] [0m[INFO] [1782996378.365051196] [self_driving]: [IMAGE] received count=555 shape=(480, 640, 3) queue=0[0m
[self_driving-10] [0m[INFO] [1782996378.374187194] [self_driving]: [DEBUG_DRIVE] state=LINE_FOLLOW raw_lane_x=116.5 lane_x=116.5 filter=stable linear=0.32 angular=0.10 cw_y=439 right_done=False start_turn=False count_turn=0 traffic=None stop=False[0m
[self_driving-10] [0m[INFO] [1782996378.933316440] [self_driving]: [DEBUG_DRIVE] state=LINE_FOLLOW raw_lane_x=137.0 lane_x=137.0 filter=stable linear=0.32 angular=-0.10 cw_y=439 right_done=False start_turn=False count_turn=0 traffic=None stop=False[0m
[self_driving-10] [0m[INFO] [1782996379.499651410] [self_driving]: [DEBUG_DRIVE] state=LINE_FOLLOW raw_lane_x=146.5 lane_x=146.5 filter=stable linear=0.32 angular=-0.10 cw_y=439 right_done=False start_turn=False count_turn=0 traffic=None stop=False[0m
[self_driving-10] [0m[INFO] [1782996380.056929309] [self_driving]: [DEBUG_DRIVE] state=LINE_FOLLOW raw_lane_x=206.5 lane_x=206.5 filter=stable linear=0.32 angular=-0.72 cw_y=439 right_done=False start_turn=False count_turn=1 traffic=None stop=False[0m
[self_driving-10] [0m[INFO] [1782996380.366106314] [self_driving]: [IMAGE] received count=580 shape=(480, 640, 3) queue=0[0m
[self_driving-10] [33m[WARN] [1782996380.464297685] [self_driving]: [LANE_X_JUMP_REJECT] raw=175.5 last=260.0 diff=84.5 candidate=175.5 cnt=1/4[0m
[self_driving-10] [0m[INFO] [1782996380.621520024] [self_driving]: [DEBUG_DRIVE] state=LINE_FOLLOW raw_lane_x=246.0 lane_x=246.0 filter=stable linear=0.32 angular=-0.72 cw_y=439 right_done=False start_turn=True count_turn=2 traffic=None stop=False[0m
[self_driving-10] [0m[INFO] [1782996381.188395146] [self_driving]: [DEBUG_DRIVE] state=LINE_FOLLOW raw_lane_x=-1 lane_x=294.5 filter=hold_last linear=0.32 angular=-0.72 cw_y=439 right_done=False start_turn=True count_turn=9 traffic=None stop=False[0m
[self_driving-10] [33m[WARN] [1782996381.264074450] [self_driving]: [LANE_LOST] raw_lane_x=-1 lane_x=-1 filter=lost stop=False state=LINE_FOLLOW safe_linear=0.02 right_ready=False right_done=False[0m
[self_driving-10] [0m[INFO] [1782996381.762482381] [self_driving]: [DEBUG_DRIVE] state=LINE_FOLLOW raw_lane_x=-1 lane_x=-1 filter=lost linear=0.32 angular=0.00 cw_y=439 right_done=False start_turn=True count_turn=9 traffic=None stop=False[0m
[self_driving-10] [33m[WARN] [1782996381.831786394] [self_driving]: [LANE_LOST] raw_lane_x=-1 lane_x=-1 filter=lost stop=False state=LINE_FOLLOW safe_linear=0.02 right_ready=False right_done=False[0m
[self_driving-10] [0m[INFO] [1782996382.315322893] [self_driving]: [DEBUG_DRIVE] state=LINE_FOLLOW raw_lane_x=-1 lane_x=-1 filter=lost linear=0.32 angular=0.00 cw_y=439 right_done=False start_turn=True count_turn=9 traffic=None stop=False[0m
[self_driving-10] [0m[INFO] [1782996382.382906021] [self_driving]: [IMAGE] received count=605 shape=(480, 640, 3) queue=0[0m
[self_driving-10] [33m[WARN] [1782996382.389039032] [self_driving]: [LANE_LOST] raw_lane_x=-1 lane_x=-1 filter=lost stop=False state=LINE_FOLLOW safe_linear=0.02 right_ready=False right_done=False[0m
[self_driving-10] [0m[INFO] [1782996382.888007154] [self_driving]: [DEBUG_DRIVE] state=LINE_FOLLOW raw_lane_x=-1 lane_x=-1 filter=lost linear=0.32 angular=0.00 cw_y=439 right_done=False start_turn=True count_turn=9 traffic=None stop=False[0m
[self_driving-10] [33m[WARN] [1782996382.958144024] [self_driving]: [LANE_LOST] raw_lane_x=-1 lane_x=-1 filter=lost stop=False state=LINE_FOLLOW safe_linear=0.02 right_ready=False right_done=False[0m
[self_driving-10] [0m[INFO] [1782996383.442519789] [self_driving]: [DEBUG_DRIVE] state=LINE_FOLLOW raw_lane_x=-1 lane_x=-1 filter=lost linear=0.32 angular=0.00 cw_y=439 right_done=False start_turn=True count_turn=9 traffic=None stop=False[0m
[self_driving-10] [33m[WARN] [1782996383.527354647] [self_driving]: [LANE_LOST] raw_lane_x=-1 lane_x=-1 filter=lost stop=False state=LINE_FOLLOW safe_linear=0.02 right_ready=False right_done=False[0m
[self_driving-10] [0m[INFO] [1782996383.757036134] [self_driving]: [CROSSWALK_SLOW] y=439 th=180 confirm=2[0m
[self_driving-10] [0m[INFO] [1782996384.094214084] [self_driving]: [CW_STAGE 2] 정지선 앞 완전 정지! elapsed=0.34s[0m
[self_driving-10] [33m[WARN] [1782996384.149000222] [self_driving]: [LANE_X_JUMP_REJECT] raw=103.0 last=294.5 diff=191.5 candidate=103.0 cnt=1/4[0m
[self_driving-10] [0m[INFO] [1782996384.151004423] [self_driving]: [CW_STAGE 2] 정지선 앞 완전 정지! elapsed=0.39s[0m
[self_driving-10] [0m[INFO] [1782996384.240873172] [self_driving]: [CW_STAGE 2] 정지선 앞 완전 정지! elapsed=0.48s[0m
[self_driving-10] [0m[INFO] [1782996384.308840340] [self_driving]: [CW_STAGE 2] 정지선 앞 완전 정지! elapsed=0.55s[0m
[self_driving-10] [0m[INFO] [1782996384.377586774] [self_driving]: [CW_STAGE 2] 정지선 앞 완전 정지! elapsed=0.62s[0m
[self_driving-10] [0m[INFO] [1782996384.455566874] [self_driving]: [IMAGE] received count=632 shape=(480, 640, 3) queue=0[0m
[self_driving-10] [0m[INFO] [1782996384.462962803] [self_driving]: [CW_STAGE 2] 정지선 앞 완전 정지! elapsed=0.71s[0m
[self_driving-10] [0m[INFO] [1782996384.566277862] [self_driving]: [CW_STAGE 2] 정지선 앞 완전 정지! elapsed=0.81s[0m
[self_driving-10] [0m[INFO] [1782996384.637040460] [self_driving]: [CW_STAGE 2] 정지선 앞 완전 정지! elapsed=0.88s[0m
[self_driving-10] [0m[INFO] [1782996384.701662268] [self_driving]: [CW_STAGE 2] 정지선 앞 완전 정지! elapsed=0.94s[0m
[self_driving-10] [0m[INFO] [1782996384.782956783] [self_driving]: [CW_STAGE 2] 정지선 앞 완전 정지! elapsed=1.03s[0m
[self_driving-10] [0m[INFO] [1782996384.884371994] [self_driving]: [CW_STAGE 2] 정지선 앞 완전 정지! elapsed=1.13s[0m
[self_driving-10] [33m[WARN] [1782996384.943583593] [self_driving]: [LANE_X_JUMP_REJECT] raw=123.5 last=317.0 diff=193.5 candidate=123.5 cnt=1/4[0m
[self_driving-10] [0m[INFO] [1782996384.945579905] [self_driving]: [CW_STAGE 2] 정지선 앞 완전 정지! elapsed=1.19s[0m
[self_driving-10] [0m[INFO] [1782996385.026965754] [self_driving]: [CW_STAGE 2] 정지선 앞 완전 정지! elapsed=1.27s[0m
[self_driving-10] [0m[INFO] [1782996385.117463823] [self_driving]: [CW_STAGE 2] 정지선 앞 완전 정지! elapsed=1.36s[0m
[self_driving-10] [0m[INFO] [1782996385.206490418] [self_driving]: [CW_STAGE 2] 정지선 앞 완전 정지! elapsed=1.45s[0m
[self_driving-10] [0m[INFO] [1782996385.280207724] [self_driving]: [CW_STAGE 2] 정지선 앞 완전 정지! elapsed=1.52s[0m
[self_driving-10] [0m[INFO] [1782996385.347025865] [self_driving]: [CW_STAGE 2] 정지선 앞 완전 정지! elapsed=1.59s[0m
[self_driving-10] [0m[INFO] [1782996385.418419282] [self_driving]: [CW_STAGE 2] 정지선 앞 완전 정지! elapsed=1.66s[0m
[self_driving-10] [0m[INFO] [1782996385.505773049] [self_driving]: [CW_STAGE 3] 미션 완료 -> 정상 속도 회복 및 6초 락 가동[0m
[self_driving-10] [33m[WARN] [1782996385.512763141] [self_driving]: [LANE_LOST] raw_lane_x=-1 lane_x=-1 filter=lost stop=False state=LINE_FOLLOW safe_linear=0.02 right_ready=False right_done=False[0m
[self_driving-10] [0m[INFO] [1782996385.513878798] [self_driving]: [DEBUG_DRIVE] state=LINE_FOLLOW raw_lane_x=-1 lane_x=-1 filter=lost linear=0.32 angular=0.00 cw_y=439 right_done=False start_turn=True count_turn=9 traffic=None stop=False[0m
[self_driving-10] [33m[WARN] [1782996385.560731670] [self_driving]: [LANE_X_JUMP_REJECT] raw=9.5 last=301.5 diff=292.0 candidate=9.5 cnt=1/4[0m
[self_driving-10] [0m[INFO] [1782996386.027543110] [self_driving]: [DEBUG_DRIVE] state=LINE_FOLLOW raw_lane_x=125.0 lane_x=301.5 filter=jump_reject linear=0.32 angular=-0.72 cw_y=439 right_done=False start_turn=True count_turn=14 traffic=None stop=False[0m
[self_driving-10] [33m[WARN] [1782996386.099538532] [self_driving]: [LANE_X_JUMP_REJECT] raw=193.5 last=301.5 diff=108.0 candidate=193.5 cnt=1/4[0m
[self_driving-10] [33m[WARN] [1782996386.287416299] [self_driving]: [LANE_LOST] raw_lane_x=-1 lane_x=-1 filter=lost stop=False state=LINE_FOLLOW safe_linear=0.02 right_ready=False right_done=False[0m
[self_driving-10] [0m[INFO] [1782996386.509526337] [self_driving]: [IMAGE] received count=660 shape=(480, 640, 3) queue=0[0m
[self_driving-10] [0m[INFO] [1782996386.558810395] [self_driving]: [DEBUG_DRIVE] state=LINE_FOLLOW raw_lane_x=-1 lane_x=-1 filter=lost linear=0.32 angular=0.00 cw_y=439 right_done=False start_turn=True count_turn=17 traffic=None stop=False[0m
[self_driving-10] [33m[WARN] [1782996386.860988512] [self_driving]: [LANE_LOST] raw_lane_x=-1 lane_x=-1 filter=lost stop=False state=LINE_FOLLOW safe_linear=0.02 right_ready=False right_done=False[0m
[self_driving-10] [0m[INFO] [1782996387.096367081] [self_driving]: [DEBUG_DRIVE] state=LINE_FOLLOW raw_lane_x=-1 lane_x=-1 filter=lost linear=0.32 angular=0.00 cw_y=439 right_done=False start_turn=True count_turn=17 traffic=None stop=False[0m
[self_driving-10] [33m[WARN] [1782996387.368828888] [self_driving]: [LANE_LOST] raw_lane_x=-1 lane_x=-1 filter=lost stop=False state=LINE_FOLLOW safe_linear=0.02 right_ready=False right_done=False[0m
[self_driving-10] [0m[INFO] [1782996387.646242883] [self_driving]: [DEBUG_DRIVE] state=LINE_FOLLOW raw_lane_x=-1 lane_x=-1 filter=lost linear=0.32 angular=0.00 cw_y=439 right_done=False start_turn=True count_turn=17 traffic=None stop=False[0m
[self_driving-10] [33m[WARN] [1782996387.905462845] [self_driving]: [LANE_LOST] raw_lane_x=-1 lane_x=-1 filter=lost stop=False state=LINE_FOLLOW safe_linear=0.02 right_ready=False right_done=False[0m
[self_driving-10] [0m[INFO] [1782996388.188701164] [self_driving]: [DEBUG_DRIVE] state=LINE_FOLLOW raw_lane_x=-1 lane_x=-1 filter=lost linear=0.32 angular=0.00 cw_y=439 right_done=False start_turn=True count_turn=17 traffic=None stop=False[0m
[self_driving-10] [33m[WARN] [1782996388.435947327] [self_driving]: [LANE_LOST] raw_lane_x=-1 lane_x=-1 filter=lost stop=False state=LINE_FOLLOW safe_linear=0.02 right_ready=False right_done=False[0m
[self_driving-10] [0m[INFO] [1782996388.582916455] [self_driving]: [IMAGE] received count=691 shape=(480, 640, 3) queue=0[0m
[self_driving-10] [0m[INFO] [1782996388.703976118] [self_driving]: [DEBUG_DRIVE] state=LINE_FOLLOW raw_lane_x=-1 lane_x=-1 filter=lost linear=0.32 angular=0.00 cw_y=439 right_done=False start_turn=True count_turn=17 traffic=None stop=False[0m
[self_driving-10] [33m[WARN] [1782996388.975810106] [self_driving]: [LANE_LOST] raw_lane_x=-1 lane_x=-1 filter=lost stop=False state=LINE_FOLLOW safe_linear=0.02 right_ready=False right_done=False[0m
[self_driving-10] [0m[INFO] [1782996389.204843477] [self_driving]: [DEBUG_DRIVE] state=LINE_FOLLOW raw_lane_x=-1 lane_x=-1 filter=lost linear=0.32 angular=0.00 cw_y=439 right_done=False start_turn=True count_turn=17 traffic=None stop=False[0m
[self_driving-10] [33m[WARN] [1782996389.524565159] [self_driving]: [LANE_LOST] raw_lane_x=-1 lane_x=-1 filter=lost stop=False state=LINE_FOLLOW safe_linear=0.02 right_ready=False right_done=False[0m
[self_driving-10] [0m[INFO] [1782996389.729836545] [self_driving]: [DEBUG_DRIVE] state=LINE_FOLLOW raw_lane_x=-1 lane_x=-1 filter=lost linear=0.32 angular=0.00 cw_y=439 right_done=False start_turn=True count_turn=17 traffic=None stop=False[0m
[self_driving-10] [33m[WARN] [1782996390.057786015] [self_driving]: [LANE_LOST] raw_lane_x=-1 lane_x=-1 filter=lost stop=False state=LINE_FOLLOW safe_linear=0.02 right_ready=False right_done=False[0m
[self_driving-10] [0m[INFO] [1782996390.268066774] [self_driving]: [DEBUG_DRIVE] state=LINE_FOLLOW raw_lane_x=-1 lane_x=-1 filter=lost linear=0.32 angular=0.00 cw_y=439 right_done=False start_turn=True count_turn=17 traffic=None stop=False[0m
[self_driving-10] [0m[INFO] [1782996390.591639634] [self_driving]: [IMAGE] received count=721 shape=(480, 640, 3) queue=0[0m
[self_driving-10] [33m[WARN] [1782996390.600132331] [self_driving]: [LANE_LOST] raw_lane_x=-1 lane_x=-1 filter=lost stop=False state=LINE_FOLLOW safe_linear=0.02 right_ready=False right_done=False[0m
[self_driving-10] [0m[INFO] [1782996390.798727257] [self_driving]: [DEBUG_DRIVE] state=LINE_FOLLOW raw_lane_x=-1 lane_x=-1 filter=lost linear=0.32 angular=0.00 cw_y=439 right_done=False start_turn=True count_turn=17 traffic=None stop=False[0m
[self_driving-10] [33m[WARN] [1782996391.142320517] [self_driving]: [LANE_LOST] raw_lane_x=-1 lane_x=-1 filter=lost stop=False state=LINE_FOLLOW safe_linear=0.02 right_ready=False right_done=False[0m
[self_driving-10] [0m[INFO] [1782996391.341568634] [self_driving]: [DEBUG_DRIVE] state=LINE_FOLLOW raw_lane_x=-1 lane_x=-1 filter=lost linear=0.32 angular=0.00 cw_y=439 right_done=False start_turn=True count_turn=17 traffic=None stop=False[0m
[self_driving-10] [33m[WARN] [1782996391.660612699] [self_driving]: [LANE_LOST] raw_lane_x=-1 lane_x=-1 filter=lost stop=False state=LINE_FOLLOW safe_linear=0.02 right_ready=False right_done=False[0m
[self_driving-10] [0m[INFO] [1782996391.883018869] [self_driving]: [DEBUG_DRIVE] state=LINE_FOLLOW raw_lane_x=-1 lane_x=-1 filter=lost linear=0.32 angular=0.00 cw_y=439 right_done=False start_turn=True count_turn=17 traffic=None stop=False[0m
[self_driving-10] [33m[WARN] [1782996392.206429581] [self_driving]: [LANE_LOST] raw_lane_x=-1 lane_x=-1 filter=lost stop=False state=LINE_FOLLOW safe_linear=0.02 right_ready=False right_done=False[0m
[self_driving-10] [0m[INFO] [1782996392.410696292] [self_driving]: [DEBUG_DRIVE] state=LINE_FOLLOW raw_lane_x=-1 lane_x=-1 filter=lost linear=0.32 angular=0.00 cw_y=439 right_done=False start_turn=True count_turn=17 traffic=None stop=False[0m
[self_driving-10] [0m[INFO] [1782996392.608104338] [self_driving]: [IMAGE] received count=751 shape=(480, 640, 3) queue=0[0m
[self_driving-10] [33m[WARN] [1782996392.749325772] [self_driving]: [LANE_LOST] raw_lane_x=-1 lane_x=-1 filter=lost stop=False state=LINE_FOLLOW safe_linear=0.02 right_ready=False right_done=False[0m
[self_driving-10] [0m[INFO] [1782996392.934562888] [self_driving]: [DEBUG_DRIVE] state=LINE_FOLLOW raw_lane_x=-1 lane_x=-1 filter=lost linear=0.32 angular=0.00 cw_y=439 right_done=False start_turn=True count_turn=17 traffic=None stop=False[0m
