[INFO] [launch]: All log files can be found below /home/ubuntu/.ros/log/2026-07-02-01-41-18-513941-raspberrypi-107619
[INFO] [launch]: Default logging verbosity is set to INFO
[INFO] [ascamera_node-1]: process started with pid [107635]
[INFO] [static_transform_publisher-2]: process started with pid [107637]
[INFO] [static_transform_publisher-3]: process started with pid [107639]
[INFO] [joint_state_publisher-4]: process started with pid [107641]
[INFO] [robot_state_publisher-5]: process started with pid [107643]
[INFO] [ros_robot_controller-6]: process started with pid [107645]
[INFO] [odom_publisher-7]: process started with pid [107647]
[INFO] [ekf_node-8]: process started with pid [107659]
[INFO] [yolo_detect-9]: process started with pid [107668]
[INFO] [self_driving-10]: process started with pid [107671]
[static_transform_publisher-2] [33m[WARN] [1782956479.241818425] []: Old-style arguments are deprecated; see --help for new-style arguments[0m
[static_transform_publisher-3] [33m[WARN] [1782956479.238474888] []: Old-style arguments are deprecated; see --help for new-style arguments[0m
[static_transform_publisher-3] [0m[INFO] [1782956479.268581942] [static_transform_publisher_FzdfvekeROcb6WCD]: Spinning until stopped - publishing transform
[static_transform_publisher-3] translation: ('0.000000', '0.000000', '0.000000')
[static_transform_publisher-3] rotation: ('-0.500000', '0.499602', '-0.500000', '0.500398')
[static_transform_publisher-3] from 'depth_cam' to 'ascamera_color_0'[0m
[static_transform_publisher-2] [0m[INFO] [1782956479.275626666] [static_transform_publisher_H7KD8Naf925UsCGf]: Spinning until stopped - publishing transform
[static_transform_publisher-2] translation: ('0.000000', '0.000000', '0.000000')
[static_transform_publisher-2] rotation: ('-0.500000', '0.499602', '-0.500000', '0.500398')
[static_transform_publisher-2] from 'depth_cam' to 'ascamera_camera_link_0'[0m
[ascamera_node-1] [0m[INFO] [1782956479.296741374] [as_logger]: hello world angstrong camera ros2 node[0m
[ascamera_node-1] 2026-07-02 01:41:19[INFO] [CameraPublisher.cpp] [1558] [printLaunchParams] get depth_width 640
[ascamera_node-1] 2026-07-02 01:41:19[INFO] [CameraPublisher.cpp] [1559] [printLaunchParams] get depth_height 480
[ascamera_node-1] 2026-07-02 01:41:19[INFO] [CameraPublisher.cpp] [1561] [printLaunchParams] get rgb_width 640
[ascamera_node-1] 2026-07-02 01:41:19[INFO] [CameraPublisher.cpp] [1562] [printLaunchParams] get rgb_height 480
[ascamera_node-1] 2026-07-02 01:41:19[INFO] [CameraPublisher.cpp] [1570] [printLaunchParams] get set_fps 15
[ascamera_node-1] 2026-07-02 01:41:19[INFO] [CameraPublisher.cpp] [1578] [printLaunchParams] get color_pcl 1
[ascamera_node-1] 2026-07-02 01:41:19[INFO] [CameraPublisher.cpp] [1582] [printLaunchParams] get pub_tfTree 1
[ascamera_node-1] 2026-07-02 01:41:19[INFO] [CameraSrv.cpp] [35] [CameraSrv] Angstrong camera server
[ascamera_node-1] 2026-07-02 01:41:19[INFO] [CameraSrv.cpp] [45] [CameraSrv] Angstrong camera sdk version:v1.2.22.20240516
[robot_state_publisher-5] [0m[INFO] [1782956479.414129667] [robot_state_publisher]: got segment base_footprint[0m
[robot_state_publisher-5] [0m[INFO] [1782956479.420685906] [robot_state_publisher]: got segment base_link[0m
[robot_state_publisher-5] [0m[INFO] [1782956479.421666486] [robot_state_publisher]: got segment depth_cam[0m
[robot_state_publisher-5] [0m[INFO] [1782956479.421688597] [robot_state_publisher]: got segment imu_link[0m
[robot_state_publisher-5] [0m[INFO] [1782956479.421701190] [robot_state_publisher]: got segment lidar_frame[0m
[robot_state_publisher-5] [0m[INFO] [1782956479.421710227] [robot_state_publisher]: got segment wheel_lb_Link[0m
[robot_state_publisher-5] [0m[INFO] [1782956479.421720912] [robot_state_publisher]: got segment wheel_lf_Link[0m
[robot_state_publisher-5] [0m[INFO] [1782956479.421730208] [robot_state_publisher]: got segment wheel_rb_Link[0m
[robot_state_publisher-5] [0m[INFO] [1782956479.421739375] [robot_state_publisher]: got segment wheel_rf_Link[0m
[joint_state_publisher-4] [0m[INFO] [1782956479.934704857] [joint_state_publisher]: Waiting for robot_description to be published on the robot_description topic...[0m
[odom_publisher-7] [0m[INFO] [1782956480.229678327] [odom_publisher]: [1;32m0.930000 1.010000[0m[0m
[odom_publisher-7] [0m[INFO] [1782956480.248555301] [odom_publisher]: [1;32mstart[0m[0m
[ascamera_node-1] 2026-07-02 01:41:20[INFO] [CameraSrv.cpp] [114] [onAttached] attached
[ascamera_node-1] 2026-07-02 01:41:20[INFO] [CameraSrv.cpp] [145] [onAttached] this is a new attach device, create and open it
[ros_robot_controller-6] [0m[INFO] [1782956480.797960446] [ros_robot_controller]: 已设置舵机 1 的偏移量为 0[0m
[ros_robot_controller-6] [0m[INFO] [1782956480.800280347] [ros_robot_controller]: 已设置舵机 2 的偏移量为 0[0m
[ros_robot_controller-6] [0m[INFO] [1782956480.801526077] [ros_robot_controller]: 已设置舵机 3 的偏移量为 4[0m
[ros_robot_controller-6] [0m[INFO] [1782956480.802287266] [ros_robot_controller]: 已设置舵机 4 的偏移量为 0[0m
[ros_robot_controller-6] [0m[INFO] [1782956480.808403114] [ros_robot_controller]: [1;32mstart[0m[0m
[self_driving-10] [0m[INFO] [1782956480.857277494] [self_driving]: [INIT] init_process started[0m
[self_driving-10] [0m[INFO] [1782956480.857789885] [self_driving]: [INIT] only_line_follow=False[0m
[self_driving-10] [0m[INFO] [1782956480.858180202] [self_driving]: [INIT] request /yolov5/start[0m
[ascamera_node-1] 2026-07-02 01:41:21[INFO] [CameraSrv.cpp] [154] [onAttached] get model type 9
[ascamera_node-1] 2026-07-02 01:41:21[INFO] [CameraSrv.cpp] [342] [getConfigFile] get file: /home/ubuntu/third_party_ros2/third_party_ws/src/ascamera/configurationfiles/hp60c_v2_00_20230704_configEncrypt.json
[ascamera_node-1] 2026-07-02 01:41:21[INFO] [CameraPublisher.cpp] [1501] [logCameraPathInfo] usb camera
[ascamera_node-1] 2026-07-02 01:41:21[INFO] [CameraPublisher.cpp] [1502] [logCameraPathInfo] bnum:1
[ascamera_node-1] 2026-07-02 01:41:21[INFO] [CameraPublisher.cpp] [1503] [logCameraPathInfo] dnum:19
[ascamera_node-1] 2026-07-02 01:41:21[INFO] [CameraPublisher.cpp] [1504] [logCameraPathInfo] port_numbers:2
[ascamera_node-1] 2026-07-02 01:41:21[INFO] [CameraPublisher.cpp] [171] [onCameraAttached] create a new publisher info set
[ascamera_node-1] 2026-07-02 01:41:21[INFO] [TfTreeFrameIdInfo.cpp] [11] [TfTreeFrameIdInfo] Namespace /ascamera
[ascamera_node-1] 2026-07-02 01:41:21[INFO] [CameraHp60c.cpp] [128] [open] according to the configuration file.
[ascamera_node-1] 2026-07-02 01:41:21[INFO] [CameraHp60c.cpp] [1528] [parseConfigFileParameter] moduleName:AS_CAM_HP60C
[ascamera_node-1] 2026-07-02 01:41:21[INFO] [CameraHp60c.cpp] [1555] [parseConfigFileParameter] Parsing config file /home/ubuntu/third_party_ros2/third_party_ws/src/ascamera/configurationfiles/hp60c_v2_00_20230704_configEncrypt.json
[ascamera_node-1] 2026-07-02 01:41:21[INFO] [CameraHp60c.cpp] [1620] [parseConfigFileParameter] configuration protocol Version: v2.x
[ascamera_node-1] 2026-07-02 01:41:21[INFO] [CameraHp60c.cpp] [1631] [parseConfigFileParameter] configuration Version: v2.0.0.20230704
[ascamera_node-1] 2026-07-02 01:41:21[INFO] [CameraHp60c.cpp] [1796] [setParamersAfterOpenCam] Camera confiParaEnable true, setting configuration parameter
[self_driving-10] [33m[WARN] [1782956482.861512826] [self_driving]: [YOLO_SERVICE] service not ready, continue without blocking[0m
[ascamera_node-1] 2026-07-02 01:41:23[ERROR] [XuCmdCameraHp60c.cpp] [454] [getMjpegSize] get mjpeg from xu command failed
[ascamera_node-1] 2026-07-02 01:41:23[INFO] [XuCmdCameraHp60c.cpp] [458] [getMjpegSize] mjpeg size:640x480
[ascamera_node-1] 2026-07-02 01:41:23[INFO] [CameraPublisher.cpp] [356] [onCameraOpen] camera opened
[ascamera_node-1] 2026-07-02 01:41:23[INFO] [CameraPublisher.cpp] [370] [onCameraOpen] get config info, ret 0, is_Registration 1
[ascamera_node-1] 2026-07-02 01:41:23[INFO] [Camera.cpp] [61] [init] #camera[0x555566562710] SN[ASC60CF08000515]'s firmware version:DLS_VERc20865=:V01.09_2024110714:V01.19_2024110714:L01
[ascamera_node-1] 2026-07-02 01:41:23[INFO] [CameraPublisher.cpp] [1183] [setResolution] set depth resolution: 640 x 480 @ 15fps
[ascamera_node-1] 2026-07-02 01:41:23[INFO] [CameraPublisher.cpp] [1197] [setResolution] set rgb resolution: 640 x 480 @ 15fps
[ascamera_node-1] 2026-07-02 01:41:23[INFO] [CameraHp60c.cpp] [260] [startStreaming] start streaming
[ascamera_node-1] 2026-07-02 01:41:23[INFO] [CameraSrv.cpp] [202] [onAttached] attached end
[self_driving-10] [0m[INFO] [1782956483.362664539] [self_driving]: [INIT] enter + set_running start[0m
[self_driving-10] [0m[INFO] [1782956483.363198116] [self_driving]: [1;32mself driving enter[0m[0m
[self_driving-10] [0m[INFO] [1782956483.372674964] [self_driving]: [SUB] image=/ascamera/camera_publisher/rgb0/image object=/yolov5_ros2/object_detect[0m
[self_driving-10] [0m[INFO] [1782956483.373567006] [self_driving]: [1;32mset_running[0m[0m
[self_driving-10] [0m[INFO] [1782956483.376618597] [self_driving]: [1;32m[START] hybrid self_driving start: auto LINE_FOLLOW[0m[0m
[INFO] [apply_calib-11]: process started with pid [107815]
[INFO] [complementary_filter_node-12]: process started with pid [107817]
[complementary_filter_node-12] [0m[INFO] [1782956484.294041502] [imu_filter]: Starting ComplementaryFilterROS[0m
[apply_calib-11] [0m[INFO] [1782956484.309748884] [imu_calib]: Calibrating gyros; do not move the IMU[0m
[ascamera_node-1] 2026-07-02 01:41:24[WARN] [CameraHp60c.cpp] [785] [processRawData] wrong size, read :16254,but framesize:0
[ascamera_node-1] 2026-07-02 01:41:24[WARN] [CameraHp60c.cpp] [785] [processRawData] wrong size, read :32717,but framesize:0
[ascamera_node-1] 2026-07-02 01:41:24[WARN] [CameraHp60c.cpp] [785] [processRawData] wrong size, read :16194,but framesize:0
[ascamera_node-1] 2026-07-02 01:41:24[WARN] [CameraHp60c.cpp] [785] [processRawData] wrong size, read :16176,but framesize:0
[ascamera_node-1] 2026-07-02 01:41:24[WARN] [CameraHp60c.cpp] [785] [processRawData] wrong size, read :16315,but framesize:0
[ascamera_node-1] 2026-07-02 01:41:24[WARN] [CameraHp60c.cpp] [785] [processRawData] wrong size, read :671951,but framesize:0
[ascamera_node-1] 2026-07-02 01:41:24[INFO] [CameraHp60c.cpp] [912] [setInternalParameter] mjpeg info: size(640x480)
[ascamera_node-1] 2026-07-02 01:41:25[INFO] [Camera.cpp] [127] [backgroundThread] SN [ ASC60CF08000515 ]'s parameter:
[ascamera_node-1] 2026-07-02 01:41:25[INFO] [Camera.cpp] [128] [backgroundThread] irfx: 426.962
[ascamera_node-1] 2026-07-02 01:41:25[INFO] [Camera.cpp] [129] [backgroundThread] irfy: 426.374
[ascamera_node-1] 2026-07-02 01:41:25[INFO] [Camera.cpp] [130] [backgroundThread] ircx: 315.403
[ascamera_node-1] 2026-07-02 01:41:25[INFO] [Camera.cpp] [131] [backgroundThread] ircy: 240.933
[ascamera_node-1] 2026-07-02 01:41:25[INFO] [Camera.cpp] [132] [backgroundThread] rgbfx: 570.48
[ascamera_node-1] 2026-07-02 01:41:25[INFO] [Camera.cpp] [133] [backgroundThread] rgbfy: 569.949
[ascamera_node-1] 2026-07-02 01:41:25[INFO] [Camera.cpp] [134] [backgroundThread] rgbcx: 329.75
[ascamera_node-1] 2026-07-02 01:41:25[INFO] [Camera.cpp] [135] [backgroundThread] rgbcy: 238.406
[ascamera_node-1] 
[ascamera_node-1] 2026-07-02 01:41:25[INFO] [CameraHp60c.cpp] [1149] [streamCallback] set gain ret 0, gain 4
[self_driving-10] [0m[INFO] [1782956485.242648170] [self_driving]: [IMAGE] received count=1 shape=(480, 640, 3) queue=0[0m
[self_driving-10] [33m[WARN] [1782956485.415341859] [self_driving]: [IMAGE] queue full -> drop oldest frame[0m
[self_driving-10] [0m[INFO] [1782956485.432847084] [self_driving]: [DEBUG_DRIVE] state=LINE_FOLLOW raw_lane_x=303.5 lane_x=303.5 filter=init linear=0.30 angular=-0.45 cw_y=0 right_done=False start_turn=False count_turn=1 traffic=None stop=False[0m
[yolo_detect-9] [0m[INFO] [1782956485.706110843] [yolov5_ros2]: Current ROS 2 distribution: humble[0m
[self_driving-10] [0m[INFO] [1782956485.956292383] [self_driving]: [DEBUG_DRIVE] state=LINE_FOLLOW raw_lane_x=235.0 lane_x=235.0 filter=stable linear=0.30 angular=-0.45 cw_y=0 right_done=False start_turn=True count_turn=5 traffic=None stop=False[0m
[apply_calib-11] [0m[INFO] [1782956486.362162425] [imu_calib]: Gyro calibration complete! (bias = [0.095, 0.106, 0.089])[0m
[self_driving-10] [33m[WARN] [1782956486.503236032] [self_driving]: [LANE_LOST] raw_lane_x=-1 lane_x=-1 filter=lost stop=False state=LINE_FOLLOW safe_linear=0.00 right_ready=False right_done=False[0m
[self_driving-10] [0m[INFO] [1782956486.503695072] [self_driving]: [DEBUG_DRIVE] state=LINE_FOLLOW raw_lane_x=-1 lane_x=-1 filter=lost linear=0.30 angular=0.00 cw_y=0 right_done=False start_turn=True count_turn=12 traffic=None stop=False[0m
[self_driving-10] [33m[WARN] [1782956486.867287697] [self_driving]: [LANE_X_JUMP_REJECT] raw=5.5 last=240.0 diff=234.5 candidate=5.5 cnt=1/4[0m
[self_driving-10] [0m[INFO] [1782956487.038039875] [self_driving]: [DEBUG_DRIVE] state=LINE_FOLLOW raw_lane_x=28.0 lane_x=240.0 filter=jump_reject linear=0.30 angular=-0.45 cw_y=0 right_done=False start_turn=True count_turn=15 traffic=None stop=False[0m
[self_driving-10] [0m[INFO] [1782956487.112427561] [self_driving]: [LANE_X_JUMP_ACCEPT] raw=26.5 last=26.5 cnt=4/4[0m
[self_driving-10] [0m[INFO] [1782956487.268413565] [self_driving]: [IMAGE] received count=30 shape=(480, 640, 3) queue=0[0m
[self_driving-10] [33m[WARN] [1782956487.607437777] [self_driving]: [LANE_LOST] raw_lane_x=-1 lane_x=-1 filter=lost stop=False state=LINE_FOLLOW safe_linear=0.00 right_ready=False right_done=False[0m
[self_driving-10] [0m[INFO] [1782956487.608251504] [self_driving]: [DEBUG_DRIVE] state=LINE_FOLLOW raw_lane_x=-1 lane_x=-1 filter=lost linear=0.30 angular=0.00 cw_y=0 right_done=False start_turn=True count_turn=0 traffic=None stop=False[0m
[self_driving-10] [33m[WARN] [1782956487.990398527] [self_driving]: [LANE_X_JUMP_REJECT] raw=315.0 last=18.5 diff=296.5 candidate=315.0 cnt=1/4[0m
[self_driving-10] [0m[INFO] [1782956488.158240911] [self_driving]: [DEBUG_DRIVE] state=LINE_FOLLOW raw_lane_x=311.0 lane_x=18.5 filter=jump_reject linear=0.30 angular=0.10 cw_y=0 right_done=False start_turn=False count_turn=0 traffic=None stop=False[0m
[self_driving-10] [0m[INFO] [1782956488.539416521] [self_driving]: [LANE_X_JUMP_ACCEPT] raw=288.0 last=288.0 cnt=4/4[0m
[self_driving-10] [0m[INFO] [1782956488.674478503] [self_driving]: [DEBUG_DRIVE] state=LINE_FOLLOW raw_lane_x=265.0 lane_x=265.0 filter=stable linear=0.30 angular=-0.45 cw_y=0 right_done=False start_turn=False count_turn=3 traffic=None stop=False[0m
[self_driving-10] [33m[WARN] [1782956489.144900122] [self_driving]: [LANE_X_JUMP_REJECT] raw=101.0 last=210.5 diff=109.5 candidate=101.0 cnt=1/4[0m
[self_driving-10] [0m[INFO] [1782956489.226401550] [self_driving]: [DEBUG_DRIVE] state=LINE_FOLLOW raw_lane_x=-1 lane_x=210.5 filter=hold_last linear=0.30 angular=-0.45 cw_y=0 right_done=False start_turn=True count_turn=5 traffic=None stop=False[0m
[self_driving-10] [0m[INFO] [1782956489.278030445] [self_driving]: [IMAGE] received count=57 shape=(480, 640, 3) queue=0[0m
[self_driving-10] [33m[WARN] [1782956489.402624888] [self_driving]: [LANE_LOST] raw_lane_x=-1 lane_x=-1 filter=lost stop=False state=LINE_FOLLOW safe_linear=0.00 right_ready=False right_done=False[0m
[self_driving-10] [0m[INFO] [1782956489.739232235] [self_driving]: [DEBUG_DRIVE] state=LINE_FOLLOW raw_lane_x=-1 lane_x=-1 filter=lost linear=0.30 angular=0.00 cw_y=0 right_done=False start_turn=True count_turn=7 traffic=None stop=False[0m
[self_driving-10] [33m[WARN] [1782956489.959056478] [self_driving]: [LANE_LOST] raw_lane_x=-1 lane_x=-1 filter=lost stop=False state=LINE_FOLLOW safe_linear=0.00 right_ready=False right_done=False[0m
[self_driving-10] [0m[INFO] [1782956490.294450634] [self_driving]: [DEBUG_DRIVE] state=LINE_FOLLOW raw_lane_x=-1 lane_x=-1 filter=lost linear=0.30 angular=0.00 cw_y=0 right_done=False start_turn=True count_turn=7 traffic=None stop=False[0m
[self_driving-10] [33m[WARN] [1782956490.485688720] [self_driving]: [LANE_LOST] raw_lane_x=-1 lane_x=-1 filter=lost stop=False state=LINE_FOLLOW safe_linear=0.00 right_ready=False right_done=False[0m
[self_driving-10] [0m[INFO] [1782956490.843613610] [self_driving]: [DEBUG_DRIVE] state=LINE_FOLLOW raw_lane_x=-1 lane_x=-1 filter=lost linear=0.30 angular=0.00 cw_y=0 right_done=False start_turn=True count_turn=7 traffic=None stop=False[0m
[self_driving-10] [33m[WARN] [1782956490.999874894] [self_driving]: [LANE_LOST] raw_lane_x=-1 lane_x=-1 filter=lost stop=False state=LINE_FOLLOW safe_linear=0.00 right_ready=False right_done=False[0m
[self_driving-10] [0m[INFO] [1782956491.319430777] [self_driving]: [IMAGE] received count=86 shape=(480, 640, 3) queue=0[0m
[self_driving-10] [33m[WARN] [1782956491.333109519] [self_driving]: [LANE_X_JUMP_REJECT] raw=20.0 last=210.5 diff=190.5 candidate=41.5 cnt=2/4[0m
[self_driving-10] [0m[INFO] [1782956491.395493972] [self_driving]: [DEBUG_DRIVE] state=LINE_FOLLOW raw_lane_x=-1 lane_x=-1 filter=lost linear=0.30 angular=0.00 cw_y=0 right_done=False start_turn=True count_turn=8 traffic=None stop=False[0m
[self_driving-10] [33m[WARN] [1782956491.528395350] [self_driving]: [LANE_LOST] raw_lane_x=-1 lane_x=-1 filter=lost stop=False state=LINE_FOLLOW safe_linear=0.00 right_ready=False right_done=False[0m
[self_driving-10] [0m[INFO] [1782956491.945866029] [self_driving]: [DEBUG_DRIVE] state=LINE_FOLLOW raw_lane_x=-1 lane_x=-1 filter=lost linear=0.30 angular=0.00 cw_y=0 right_done=False start_turn=True count_turn=8 traffic=None stop=False[0m
[self_driving-10] [33m[WARN] [1782956492.067200492] [self_driving]: [LANE_LOST] raw_lane_x=-1 lane_x=-1 filter=lost stop=False state=LINE_FOLLOW safe_linear=0.00 right_ready=False right_done=False[0m
[self_driving-10] [0m[INFO] [1782956492.455979921] [self_driving]: [DEBUG_DRIVE] state=LINE_FOLLOW raw_lane_x=-1 lane_x=-1 filter=lost linear=0.30 angular=0.00 cw_y=0 right_done=False start_turn=True count_turn=8 traffic=None stop=False[0m
[self_driving-10] [33m[WARN] [1782956492.614194197] [self_driving]: [LANE_LOST] raw_lane_x=-1 lane_x=-1 filter=lost stop=False state=LINE_FOLLOW safe_linear=0.00 right_ready=False right_done=False[0m
[self_driving-10] [0m[INFO] [1782956493.010869726] [self_driving]: [DEBUG_DRIVE] state=LINE_FOLLOW raw_lane_x=-1 lane_x=-1 filter=lost linear=0.30 angular=0.00 cw_y=0 right_done=False start_turn=True count_turn=8 traffic=None stop=False[0m
[self_driving-10] [33m[WARN] [1782956493.141819444] [self_driving]: [LANE_LOST] raw_lane_x=-1 lane_x=-1 filter=lost stop=False state=LINE_FOLLOW safe_linear=0.00 right_ready=False right_done=False[0m
[self_driving-10] [0m[INFO] [1782956493.338902155] [self_driving]: [IMAGE] received count=116 shape=(480, 640, 3) queue=0[0m
[self_driving-10] [0m[INFO] [1782956493.541483452] [self_driving]: [DEBUG_DRIVE] state=LINE_FOLLOW raw_lane_x=-1 lane_x=-1 filter=lost linear=0.30 angular=0.00 cw_y=0 right_done=False start_turn=True count_turn=8 traffic=None stop=False[0m
[self_driving-10] [33m[WARN] [1782956493.679465913] [self_driving]: [LANE_LOST] raw_lane_x=-1 lane_x=-1 filter=lost stop=False state=LINE_FOLLOW safe_linear=0.00 right_ready=False right_done=False[0m
[self_driving-10] [0m[INFO] [1782956494.067788303] [self_driving]: [DEBUG_DRIVE] state=LINE_FOLLOW raw_lane_x=-1 lane_x=-1 filter=lost linear=0.30 angular=0.00 cw_y=0 right_done=False start_turn=True count_turn=8 traffic=None stop=False[0m
[self_driving-10] [33m[WARN] [1782956494.215719671] [self_driving]: [LANE_LOST] raw_lane_x=-1 lane_x=-1 filter=lost stop=False state=LINE_FOLLOW safe_linear=0.00 right_ready=False right_done=False[0m
[self_driving-10] [0m[INFO] [1782956494.621647047] [self_driving]: [DEBUG_DRIVE] state=LINE_FOLLOW raw_lane_x=-1 lane_x=-1 filter=lost linear=0.30 angular=0.00 cw_y=0 right_done=False start_turn=True count_turn=8 traffic=None stop=False[0m
[self_driving-10] [33m[WARN] [1782956494.735447801] [self_driving]: [LANE_LOST] raw_lane_x=-1 lane_x=-1 filter=lost stop=False state=LINE_FOLLOW safe_linear=0.00 right_ready=False right_done=False[0m
[self_driving-10] [0m[INFO] [1782956495.145752700] [self_driving]: [DEBUG_DRIVE] state=LINE_FOLLOW raw_lane_x=-1 lane_x=-1 filter=lost linear=0.30 angular=0.00 cw_y=0 right_done=False start_turn=True count_turn=8 traffic=None stop=False[0m
[self_driving-10] [33m[WARN] [1782956495.274014238] [self_driving]: [LANE_LOST] raw_lane_x=-1 lane_x=-1 filter=lost stop=False state=LINE_FOLLOW safe_linear=0.00 right_ready=False right_done=False[0m
[self_driving-10] [0m[INFO] [1782956495.351918054] [self_driving]: [IMAGE] received count=146 shape=(480, 640, 3) queue=0[0m
[self_driving-10] [0m[INFO] [1782956495.695977368] [self_driving]: [DEBUG_DRIVE] state=LINE_FOLLOW raw_lane_x=-1 lane_x=-1 filter=lost linear=0.30 angular=0.00 cw_y=0 right_done=False start_turn=True count_turn=8 traffic=None stop=False[0m
[self_driving-10] [33m[WARN] [1782956495.833534493] [self_driving]: [LANE_LOST] raw_lane_x=-1 lane_x=-1 filter=lost stop=False state=LINE_FOLLOW safe_linear=0.00 right_ready=False right_done=False[0m
[self_driving-10] [0m[INFO] [1782956496.231320417] [self_driving]: [DEBUG_DRIVE] state=LINE_FOLLOW raw_lane_x=-1 lane_x=-1 filter=lost linear=0.30 angular=0.00 cw_y=0 right_done=False start_turn=True count_turn=8 traffic=None stop=False[0m
[self_driving-10] [33m[WARN] [1782956496.375314800] [self_driving]: [LANE_LOST] raw_lane_x=-1 lane_x=-1 filter=lost stop=False state=LINE_FOLLOW safe_linear=0.00 right_ready=False right_done=False[0m
[self_driving-10] [0m[INFO] [1782956496.763979247] [self_driving]: [DEBUG_DRIVE] state=LINE_FOLLOW raw_lane_x=-1 lane_x=-1 filter=lost linear=0.30 angular=0.00 cw_y=0 right_done=False start_turn=True count_turn=8 traffic=None stop=False[0m
[self_driving-10] [33m[WARN] [1782956496.903991553] [self_driving]: [LANE_LOST] raw_lane_x=-1 lane_x=-1 filter=lost stop=False state=LINE_FOLLOW safe_linear=0.00 right_ready=False right_done=False[0m
[self_driving-10] [0m[INFO] [1782956497.303422504] [self_driving]: [DEBUG_DRIVE] state=LINE_FOLLOW raw_lane_x=-1 lane_x=-1 filter=lost linear=0.30 angular=0.00 cw_y=0 right_done=False start_turn=True count_turn=8 traffic=None stop=False[0m
[self_driving-10] [0m[INFO] [1782956497.363177406] [self_driving]: [IMAGE] received count=176 shape=(480, 640, 3) queue=0[0m
[self_driving-10] [33m[WARN] [1782956497.450647368] [self_driving]: [LANE_LOST] raw_lane_x=-1 lane_x=-1 filter=lost stop=False state=LINE_FOLLOW safe_linear=0.00 right_ready=False right_done=False[0m
[self_driving-10] [0m[INFO] [1782956497.862179867] [self_driving]: [DEBUG_DRIVE] state=LINE_FOLLOW raw_lane_x=-1 lane_x=-1 filter=lost linear=0.30 angular=0.00 cw_y=0 right_done=False start_turn=True count_turn=8 traffic=None stop=False[0m
[self_driving-10] [33m[WARN] [1782956497.958148060] [self_driving]: [LANE_LOST] raw_lane_x=-1 lane_x=-1 filter=lost stop=False state=LINE_FOLLOW safe_linear=0.00 right_ready=False right_done=False[0m
[self_driving-10] [0m[INFO] [1782956498.435525420] [self_driving]: [DEBUG_DRIVE] state=LINE_FOLLOW raw_lane_x=138.0 lane_x=138.0 filter=stable linear=0.30 angular=0.10 cw_y=0 right_done=False start_turn=False count_turn=0 traffic=None stop=False[0m
[self_driving-10] [33m[WARN] [1782956498.727159984] [self_driving]: [LANE_X_JUMP_REJECT] raw=286.5 last=17.5 diff=269.0 candidate=286.5 cnt=1/4[0m
[self_driving-10] [0m[INFO] [1782956498.976303055] [self_driving]: [DEBUG_DRIVE] state=LINE_FOLLOW raw_lane_x=40.5 lane_x=40.5 filter=stable linear=0.30 angular=0.10 cw_y=0 right_done=False start_turn=False count_turn=0 traffic=None stop=False[0m
[self_driving-10] [0m[INFO] [1782956499.375801414] [self_driving]: [IMAGE] received count=203 shape=(480, 640, 3) queue=0[0m
[self_driving-10] [0m[INFO] [1782956499.479467260] [self_driving]: [OBJECTS] msg_count=1 n=1 names=['crosswalk'][0m
[self_driving-10] [0m[INFO] [1782956499.553038608] [self_driving]: [DEBUG_DRIVE] state=LINE_FOLLOW raw_lane_x=14.5 lane_x=14.5 filter=stable linear=0.30 angular=0.10 cw_y=0 right_done=False start_turn=False count_turn=0 traffic=None stop=False[0m
[self_driving-10] [0m[INFO] [1782956500.065407698] [self_driving]: [DEBUG_DRIVE] state=LINE_FOLLOW raw_lane_x=299.5 lane_x=299.5 filter=stable linear=0.30 angular=-0.45 cw_y=0 right_done=False start_turn=False count_turn=3 traffic=None stop=False[0m
[self_driving-10] [0m[INFO] [1782956500.606606964] [self_driving]: [DEBUG_DRIVE] state=LINE_FOLLOW raw_lane_x=206.0 lane_x=206.0 filter=stable linear=0.30 angular=-0.45 cw_y=0 right_done=False start_turn=True count_turn=1 traffic=None stop=False[0m
[self_driving-10] [0m[INFO] [1782956500.827636992] [self_driving]: [OBJECTS] msg_count=9 n=1 names=['green'][0m
[self_driving-10] [0m[INFO] [1782956500.828706331] [self_driving]: [TRAFFIC_CANDIDATE] name=green valid=False cx=153 cy=374 area=64566 score=0.41 min_area=800[0m
[self_driving-10] [0m[INFO] [1782956501.143715689] [self_driving]: [DEBUG_DRIVE] state=LINE_FOLLOW raw_lane_x=96.5 lane_x=96.5 filter=stable linear=0.30 angular=0.00 cw_y=0 right_done=False start_turn=True count_turn=0 traffic=None stop=False[0m
[self_driving-10] [0m[INFO] [1782956501.412046847] [self_driving]: [IMAGE] received count=233 shape=(480, 640, 3) queue=0[0m
[self_driving-10] [0m[INFO] [1782956501.474563116] [self_driving]: [OBJECTS] msg_count=11 n=1 names=['crosswalk'][0m
[self_driving-10] [0m[INFO] [1782956501.684993604] [self_driving]: [DEBUG_DRIVE] state=LINE_FOLLOW raw_lane_x=101.5 lane_x=101.5 filter=stable linear=0.30 angular=0.00 cw_y=0 right_done=False start_turn=True count_turn=0 traffic=None stop=False[0m
[self_driving-10] [0m[INFO] [1782956502.153526805] [self_driving]: [OBJECTS] msg_count=15 n=1 names=['crosswalk'][0m
[self_driving-10] [0m[INFO] [1782956502.224183563] [self_driving]: [DEBUG_DRIVE] state=LINE_FOLLOW raw_lane_x=112.0 lane_x=112.0 filter=stable linear=0.30 angular=0.00 cw_y=0 right_done=False start_turn=True count_turn=0 traffic=None stop=False[0m
[self_driving-10] [0m[INFO] [1782956502.761477715] [self_driving]: [DEBUG_DRIVE] state=LINE_FOLLOW raw_lane_x=129.0 lane_x=129.0 filter=stable linear=0.30 angular=-0.10 cw_y=0 right_done=False start_turn=False count_turn=0 traffic=None stop=False[0m
[self_driving-10] [0m[INFO] [1782956502.818512917] [self_driving]: [OBJECTS] msg_count=18 n=1 names=['crosswalk'][0m
[self_driving-10] [0m[INFO] [1782956503.296827375] [self_driving]: [DEBUG_DRIVE] state=LINE_FOLLOW raw_lane_x=129.0 lane_x=129.0 filter=stable linear=0.30 angular=0.10 cw_y=0 right_done=False start_turn=False count_turn=0 traffic=None stop=False[0m
[self_driving-10] [0m[INFO] [1782956503.418512728] [self_driving]: [IMAGE] received count=263 shape=(480, 640, 3) queue=0[0m
[self_driving-10] [0m[INFO] [1782956503.488301130] [self_driving]: [OBJECTS] msg_count=22 n=1 names=['crosswalk'][0m
[self_driving-10] [0m[INFO] [1782956503.833843804] [self_driving]: [DEBUG_DRIVE] state=LINE_FOLLOW raw_lane_x=135.5 lane_x=135.5 filter=stable linear=0.30 angular=0.10 cw_y=0 right_done=False start_turn=False count_turn=0 traffic=None stop=False[0m
[self_driving-10] [0m[INFO] [1782956504.182932627] [self_driving]: [OBJECTS] msg_count=26 n=1 names=['crosswalk'][0m
[self_driving-10] [0m[INFO] [1782956504.350305619] [self_driving]: [DEBUG_DRIVE] state=LINE_FOLLOW raw_lane_x=173.5 lane_x=173.5 filter=stable linear=0.30 angular=-0.10 cw_y=0 right_done=False start_turn=False count_turn=0 traffic=None stop=False[0m
[self_driving-10] [0m[INFO] [1782956504.890362009] [self_driving]: [DEBUG_DRIVE] state=LINE_FOLLOW raw_lane_x=182.5 lane_x=182.5 filter=stable linear=0.30 angular=-0.10 cw_y=0 right_done=False start_turn=False count_turn=0 traffic=None stop=False[0m
[self_driving-10] [0m[INFO] [1782956504.899514467] [self_driving]: [OBJECTS] msg_count=29 n=1 names=['crosswalk'][0m
[self_driving-10] [0m[INFO] [1782956505.439810524] [self_driving]: [IMAGE] received count=293 shape=(480, 640, 3) queue=0[0m
[self_driving-10] [0m[INFO] [1782956505.446673229] [self_driving]: [DEBUG_DRIVE] state=LINE_FOLLOW raw_lane_x=137.5 lane_x=137.5 filter=stable linear=0.30 angular=-0.10 cw_y=0 right_done=False start_turn=False count_turn=0 traffic=None stop=False[0m
[self_driving-10] [0m[INFO] [1782956505.562843662] [self_driving]: [OBJECTS] msg_count=31 n=1 names=['crosswalk'][0m
[self_driving-10] [0m[INFO] [1782956505.993054838] [self_driving]: [DEBUG_DRIVE] state=LINE_FOLLOW raw_lane_x=131.5 lane_x=131.5 filter=stable linear=0.30 angular=0.10 cw_y=0 right_done=False start_turn=False count_turn=0 traffic=None stop=False[0m
[self_driving-10] [0m[INFO] [1782956506.510194769] [self_driving]: [DEBUG_DRIVE] state=LINE_FOLLOW raw_lane_x=138.0 lane_x=138.0 filter=stable linear=0.30 angular=-0.10 cw_y=0 right_done=False start_turn=False count_turn=0 traffic=None stop=False[0m
[self_driving-10] [0m[INFO] [1782956506.914058226] [self_driving]: [OBJECTS] msg_count=33 n=1 names=['crosswalk'][0m
[self_driving-10] [0m[INFO] [1782956507.061964056] [self_driving]: [DEBUG_DRIVE] state=LINE_FOLLOW raw_lane_x=147.5 lane_x=147.5 filter=stable linear=0.30 angular=-0.10 cw_y=0 right_done=False start_turn=False count_turn=0 traffic=None stop=False[0m
[self_driving-10] [0m[INFO] [1782956507.440292799] [self_driving]: [IMAGE] received count=323 shape=(480, 640, 3) queue=0[0m
[self_driving-10] [0m[INFO] [1782956507.600824513] [self_driving]: [DEBUG_DRIVE] state=LINE_FOLLOW raw_lane_x=238.0 lane_x=238.0 filter=stable linear=0.30 angular=-0.45 cw_y=0 right_done=False start_turn=False count_turn=5 traffic=None stop=False[0m
[self_driving-10] [33m[WARN] [1782956507.933265893] [self_driving]: [LANE_X_JUMP_REJECT] raw=160.0 last=304.5 diff=144.5 candidate=160.0 cnt=1/4[0m
[self_driving-10] [0m[INFO] [1782956508.131850075] [self_driving]: [DEBUG_DRIVE] state=LINE_FOLLOW raw_lane_x=235.0 lane_x=235.0 filter=stable linear=0.30 angular=-0.45 cw_y=0 right_done=False start_turn=True count_turn=7 traffic=None stop=False[0m
[self_driving-10] [0m[INFO] [1782956508.662366449] [self_driving]: [DEBUG_DRIVE] state=LINE_FOLLOW raw_lane_x=-1 lane_x=267.5 filter=hold_last linear=0.30 angular=-0.45 cw_y=0 right_done=False start_turn=True count_turn=4 traffic=None stop=False[0m
[self_driving-10] [33m[WARN] [1782956508.927716165] [self_driving]: [LANE_LOST] raw_lane_x=-1 lane_x=-1 filter=lost stop=False state=LINE_FOLLOW safe_linear=0.00 right_ready=False right_done=False[0m
[self_driving-10] [0m[INFO] [1782956509.206534047] [self_driving]: [DEBUG_DRIVE] state=LINE_FOLLOW raw_lane_x=-1 lane_x=-1 filter=lost linear=0.30 angular=0.00 cw_y=0 right_done=False start_turn=True count_turn=7 traffic=None stop=False[0m
[self_driving-10] [0m[INFO] [1782956509.473315437] [self_driving]: [IMAGE] received count=353 shape=(480, 640, 3) queue=0[0m
[self_driving-10] [33m[WARN] [1782956509.481580667] [self_driving]: [LANE_LOST] raw_lane_x=-1 lane_x=-1 filter=lost stop=False state=LINE_FOLLOW safe_linear=0.00 right_ready=False right_done=False[0m
[self_driving-10] [0m[INFO] [1782956509.746812937] [self_driving]: [DEBUG_DRIVE] state=LINE_FOLLOW raw_lane_x=-1 lane_x=-1 filter=lost linear=0.30 angular=0.00 cw_y=0 right_done=False start_turn=True count_turn=7 traffic=None stop=False[0m
[self_driving-10] [33m[WARN] [1782956510.024413220] [self_driving]: [LANE_LOST] raw_lane_x=-1 lane_x=-1 filter=lost stop=False state=LINE_FOLLOW safe_linear=0.00 right_ready=False right_done=False[0m
[self_driving-10] [0m[INFO] [1782956510.285722580] [self_driving]: [DEBUG_DRIVE] state=LINE_FOLLOW raw_lane_x=-1 lane_x=-1 filter=lost linear=0.30 angular=0.00 cw_y=0 right_done=False start_turn=True count_turn=7 traffic=None stop=False[0m
[self_driving-10] [33m[WARN] [1782956510.546646067] [self_driving]: [LANE_LOST] raw_lane_x=-1 lane_x=-1 filter=lost stop=False state=LINE_FOLLOW safe_linear=0.00 right_ready=False right_done=False[0m
[self_driving-10] [0m[INFO] [1782956510.814316721] [self_driving]: [DEBUG_DRIVE] state=LINE_FOLLOW raw_lane_x=-1 lane_x=-1 filter=lost linear=0.30 angular=0.00 cw_y=0 right_done=False start_turn=True count_turn=7 traffic=None stop=False[0m
[self_driving-10] [33m[WARN] [1782956511.086906347] [self_driving]: [LANE_LOST] raw_lane_x=-1 lane_x=-1 filter=lost stop=False state=LINE_FOLLOW safe_linear=0.00 right_ready=False right_done=False[0m
[self_driving-10] [0m[INFO] [1782956511.358515689] [self_driving]: [DEBUG_DRIVE] state=LINE_FOLLOW raw_lane_x=-1 lane_x=-1 filter=lost linear=0.30 angular=0.00 cw_y=0 right_done=False start_turn=True count_turn=7 traffic=None stop=False[0m
[self_driving-10] [0m[INFO] [1782956511.533598576] [self_driving]: [IMAGE] received count=384 shape=(480, 640, 3) queue=0[0m
[self_driving-10] [33m[WARN] [1782956511.620674535] [self_driving]: [LANE_LOST] raw_lane_x=-1 lane_x=-1 filter=lost stop=False state=LINE_FOLLOW safe_linear=0.00 right_ready=False right_done=False[0m
[self_driving-10] [0m[INFO] [1782956511.892907233] [self_driving]: [DEBUG_DRIVE] state=LINE_FOLLOW raw_lane_x=-1 lane_x=-1 filter=lost linear=0.30 angular=0.00 cw_y=0 right_done=False start_turn=True count_turn=7 traffic=None stop=False[0m
[self_driving-10] [33m[WARN] [1782956512.156479328] [self_driving]: [LANE_LOST] raw_lane_x=-1 lane_x=-1 filter=lost stop=False state=LINE_FOLLOW safe_linear=0.00 right_ready=False right_done=False[0m
[self_driving-10] [0m[INFO] [1782956512.433611626] [self_driving]: [DEBUG_DRIVE] state=LINE_FOLLOW raw_lane_x=-1 lane_x=-1 filter=lost linear=0.30 angular=0.00 cw_y=0 right_done=False start_turn=True count_turn=7 traffic=None stop=False[0m
[self_driving-10] [33m[WARN] [1782956512.702146211] [self_driving]: [LANE_X_JUMP_REJECT] raw=117.0 last=273.0 diff=156.0 candidate=117.0 cnt=1/4[0m
[self_driving-10] [0m[INFO] [1782956512.978067003] [self_driving]: [DEBUG_DRIVE] state=LINE_FOLLOW raw_lane_x=53.0 lane_x=273.0 filter=jump_reject linear=0.30 angular=-0.45 cw_y=0 right_done=False start_turn=True count_turn=14 traffic=None stop=False[0m
[self_driving-10] [33m[WARN] [1782956513.235800102] [self_driving]: [LANE_LOST] raw_lane_x=-1 lane_x=-1 filter=lost stop=False state=LINE_FOLLOW safe_linear=0.00 right_ready=False right_done=False[0m
[self_driving-10] [0m[INFO] [1782956513.501804432] [self_driving]: [DEBUG_DRIVE] state=LINE_FOLLOW raw_lane_x=-1 lane_x=-1 filter=lost linear=0.30 angular=0.00 cw_y=0 right_done=False start_turn=True count_turn=17 traffic=None stop=False[0m
[self_driving-10] [0m[INFO] [1782956513.554866705] [self_driving]: [IMAGE] received count=414 shape=(480, 640, 3) queue=0[0m
[self_driving-10] [0m[INFO] [1782956513.703983153] [self_driving]: [OBJECTS] msg_count=35 n=1 names=['crosswalk'][0m
[self_driving-10] [33m[WARN] [1782956513.783440626] [self_driving]: [LANE_LOST] raw_lane_x=-1 lane_x=-1 filter=lost stop=False state=LINE_FOLLOW safe_linear=0.00 right_ready=False right_done=False[0m
[self_driving-10] [0m[INFO] [1782956514.039478198] [self_driving]: [DEBUG_DRIVE] state=LINE_FOLLOW raw_lane_x=-1 lane_x=-1 filter=lost linear=0.30 angular=0.00 cw_y=0 right_done=False start_turn=True count_turn=17 traffic=None stop=False[0m
[self_driving-10] [33m[WARN] [1782956514.309497624] [self_driving]: [LANE_LOST] raw_lane_x=-1 lane_x=-1 filter=lost stop=False state=LINE_FOLLOW safe_linear=0.00 right_ready=False right_done=False[0m
[self_driving-10] [0m[INFO] [1782956514.404136162] [self_driving]: [OBJECTS] msg_count=41 n=1 names=['crosswalk'][0m
[self_driving-10] [0m[INFO] [1782956514.582487437] [self_driving]: [DEBUG_DRIVE] state=LINE_FOLLOW raw_lane_x=-1 lane_x=-1 filter=lost linear=0.30 angular=0.00 cw_y=0 right_done=False start_turn=True count_turn=17 traffic=None stop=False[0m
[self_driving-10] [33m[WARN] [1782956514.855188322] [self_driving]: [LANE_LOST] raw_lane_x=-1 lane_x=-1 filter=lost stop=False state=LINE_FOLLOW safe_linear=0.00 right_ready=False right_done=False[0m
[self_driving-10] [0m[INFO] [1782956514.915487616] [self_driving]: [LANE_X_JUMP_ACCEPT] raw=30.0 last=30.0 cnt=4/4[0m
[self_driving-10] [0m[INFO] [1782956515.086144367] [self_driving]: [OBJECTS] msg_count=47 n=1 names=['crosswalk'][0m
[self_driving-10] [0m[INFO] [1782956515.134257206] [self_driving]: [DEBUG_DRIVE] state=LINE_FOLLOW raw_lane_x=159.5 lane_x=159.5 filter=stable linear=0.30 angular=-0.10 cw_y=0 right_done=False start_turn=False count_turn=0 traffic=None stop=False[0m
[self_driving-10] [0m[INFO] [1782956515.571859126] [self_driving]: [IMAGE] received count=444 shape=(480, 640, 3) queue=0[0m
[self_driving-10] [0m[INFO] [1782956515.647109187] [self_driving]: [DEBUG_DRIVE] state=LINE_FOLLOW raw_lane_x=172.5 lane_x=172.5 filter=stable linear=0.30 angular=-0.10 cw_y=0 right_done=False start_turn=False count_turn=0 traffic=None stop=False[0m
[self_driving-10] [0m[INFO] [1782956515.745997618] [self_driving]: [OBJECTS] msg_count=53 n=1 names=['crosswalk'][0m
[self_driving-10] [0m[INFO] [1782956516.196184626] [self_driving]: [DEBUG_DRIVE] state=LINE_FOLLOW raw_lane_x=132.5 lane_x=132.5 filter=stable linear=0.30 angular=0.10 cw_y=0 right_done=False start_turn=False count_turn=0 traffic=None stop=False[0m
[self_driving-10] [0m[INFO] [1782956516.477489910] [self_driving]: [OBJECTS] msg_count=56 n=1 names=['crosswalk'][0m
[self_driving-10] [0m[INFO] [1782956516.730590151] [self_driving]: [DEBUG_DRIVE] state=LINE_FOLLOW raw_lane_x=144.5 lane_x=144.5 filter=stable linear=0.30 angular=-0.10 cw_y=0 right_done=False start_turn=False count_turn=0 traffic=None stop=False[0m
[self_driving-10] [0m[INFO] [1782956517.166079485] [self_driving]: [OBJECTS] msg_count=63 n=1 names=['go'][0m
[self_driving-10] [0m[INFO] [1782956517.264046615] [self_driving]: [DEBUG_DRIVE] state=LINE_FOLLOW raw_lane_x=130.5 lane_x=130.5 filter=stable linear=0.30 angular=-0.10 cw_y=0 right_done=False start_turn=False count_turn=0 traffic=None stop=False[0m
[self_driving-10] [0m[INFO] [1782956517.599948718] [self_driving]: [IMAGE] received count=474 shape=(480, 640, 3) queue=0[0m
[self_driving-10] [0m[INFO] [1782956517.794061802] [self_driving]: [DEBUG_DRIVE] state=LINE_FOLLOW raw_lane_x=127.0 lane_x=127.0 filter=stable linear=0.30 angular=-0.04 cw_y=0 right_done=False start_turn=False count_turn=0 traffic=None stop=False[0m
[self_driving-10] [0m[INFO] [1782956517.865245433] [self_driving]: [OBJECTS] msg_count=70 n=1 names=['crosswalk'][0m
[self_driving-10] [0m[INFO] [1782956518.341778104] [self_driving]: [DEBUG_DRIVE] state=LINE_FOLLOW raw_lane_x=128.0 lane_x=128.0 filter=stable linear=0.30 angular=-0.10 cw_y=0 right_done=False start_turn=False count_turn=0 traffic=None stop=False[0m
[self_driving-10] [0m[INFO] [1782956518.596522002] [self_driving]: [OBJECTS] msg_count=73 n=1 names=['crosswalk'][0m
[self_driving-10] [0m[INFO] [1782956518.878036046] [self_driving]: [DEBUG_DRIVE] state=LINE_FOLLOW raw_lane_x=132.5 lane_x=132.5 filter=stable linear=0.30 angular=-0.10 cw_y=0 right_done=False start_turn=False count_turn=0 traffic=None stop=False[0m
[self_driving-10] [0m[INFO] [1782956519.268013001] [self_driving]: [OBJECTS] msg_count=75 n=1 names=['crosswalk'][0m
[self_driving-10] [0m[INFO] [1782956519.417671415] [self_driving]: [DEBUG_DRIVE] state=LINE_FOLLOW raw_lane_x=125.0 lane_x=125.0 filter=stable linear=0.30 angular=-0.10 cw_y=0 right_done=False start_turn=False count_turn=0 traffic=None stop=False[0m
[self_driving-10] [0m[INFO] [1782956519.624776681] [self_driving]: [IMAGE] received count=504 shape=(480, 640, 3) queue=0[0m
[self_driving-10] [0m[INFO] [1782956519.942504629] [self_driving]: [OBJECTS] msg_count=77 n=1 names=['crosswalk'][0m
[self_driving-10] [0m[INFO] [1782956519.948171178] [self_driving]: [DEBUG_DRIVE] state=LINE_FOLLOW raw_lane_x=145.5 lane_x=145.5 filter=stable linear=0.30 angular=-0.10 cw_y=0 right_done=False start_turn=False count_turn=0 traffic=None stop=False[0m
[self_driving-10] [0m[INFO] [1782956520.494472880] [self_driving]: [DEBUG_DRIVE] state=LINE_FOLLOW raw_lane_x=123.5 lane_x=123.5 filter=stable linear=0.30 angular=0.10 cw_y=0 right_done=False start_turn=False count_turn=0 traffic=None stop=False[0m
[self_driving-10] [0m[INFO] [1782956521.043367985] [self_driving]: [DEBUG_DRIVE] state=LINE_FOLLOW raw_lane_x=128.5 lane_x=128.5 filter=stable linear=0.30 angular=0.10 cw_y=0 right_done=False start_turn=False count_turn=0 traffic=None stop=False[0m
[self_driving-10] [0m[INFO] [1782956521.569410834] [self_driving]: [DEBUG_DRIVE] state=LINE_FOLLOW raw_lane_x=181.0 lane_x=181.0 filter=stable linear=0.30 angular=-0.10 cw_y=0 right_done=False start_turn=False count_turn=0 traffic=None stop=False[0m
[self_driving-10] [0m[INFO] [1782956521.639964240] [self_driving]: [IMAGE] received count=534 shape=(480, 640, 3) queue=0[0m
[self_driving-10] [33m[WARN] [1782956522.107240897] [self_driving]: [LANE_X_JUMP_REJECT] raw=105.0 last=266.5 diff=161.5 candidate=105.0 cnt=1/4[0m
[self_driving-10] [0m[INFO] [1782956522.113707321] [self_driving]: [DEBUG_DRIVE] state=LINE_FOLLOW raw_lane_x=105.0 lane_x=266.5 filter=jump_reject linear=0.30 angular=-0.45 cw_y=0 right_done=False start_turn=True count_turn=2 traffic=None stop=False[0m
[self_driving-10] [0m[INFO] [1782956522.649438113] [self_driving]: [DEBUG_DRIVE] state=LINE_FOLLOW raw_lane_x=228.0 lane_x=228.0 filter=stable linear=0.30 angular=-0.45 cw_y=0 right_done=False start_turn=True count_turn=10 traffic=None stop=False[0m
[self_driving-10] [33m[WARN] [1782956523.182366871] [self_driving]: [LANE_LOST] raw_lane_x=-1 lane_x=-1 filter=lost stop=False state=LINE_FOLLOW safe_linear=0.00 right_ready=False right_done=False[0m
[self_driving-10] [0m[INFO] [1782956523.182953337] [self_driving]: [DEBUG_DRIVE] state=LINE_FOLLOW raw_lane_x=-1 lane_x=-1 filter=lost linear=0.30 angular=0.00 cw_y=0 right_done=False start_turn=True count_turn=17 traffic=None stop=False[0m
[self_driving-10] [0m[INFO] [1782956523.724898052] [self_driving]: [IMAGE] received count=565 shape=(480, 640, 3) queue=0[0m
[self_driving-10] [33m[WARN] [1782956523.732600761] [self_driving]: [LANE_LOST] raw_lane_x=-1 lane_x=-1 filter=lost stop=False state=LINE_FOLLOW safe_linear=0.00 right_ready=False right_done=False[0m
[self_driving-10] [0m[INFO] [1782956523.733195838] [self_driving]: [DEBUG_DRIVE] state=LINE_FOLLOW raw_lane_x=-1 lane_x=-1 filter=lost linear=0.30 angular=0.00 cw_y=0 right_done=False start_turn=True count_turn=17 traffic=None stop=False[0m
[self_driving-10] [33m[WARN] [1782956524.258063867] [self_driving]: [LANE_LOST] raw_lane_x=-1 lane_x=-1 filter=lost stop=False state=LINE_FOLLOW safe_linear=0.00 right_ready=False right_done=False[0m
[self_driving-10] [0m[INFO] [1782956524.261149921] [self_driving]: [DEBUG_DRIVE] state=LINE_FOLLOW raw_lane_x=-1 lane_x=-1 filter=lost linear=0.30 angular=0.00 cw_y=0 right_done=False start_turn=True count_turn=17 traffic=None stop=False[0m
[self_driving-10] [33m[WARN] [1782956524.785642743] [self_driving]: [LANE_LOST] raw_lane_x=-1 lane_x=-1 filter=lost stop=False state=LINE_FOLLOW safe_linear=0.00 right_ready=False right_done=False[0m
[self_driving-10] [0m[INFO] [1782956524.786354025] [self_driving]: [DEBUG_DRIVE] state=LINE_FOLLOW raw_lane_x=-1 lane_x=-1 filter=lost linear=0.30 angular=0.00 cw_y=0 right_done=False start_turn=True count_turn=17 traffic=None stop=False[0m
[self_driving-10] [33m[WARN] [1782956525.355853039] [self_driving]: [LANE_LOST] raw_lane_x=-1 lane_x=-1 filter=lost stop=False state=LINE_FOLLOW safe_linear=0.00 right_ready=False right_done=False[0m
[self_driving-10] [0m[INFO] [1782956525.356508135] [self_driving]: [DEBUG_DRIVE] state=LINE_FOLLOW raw_lane_x=-1 lane_x=-1 filter=lost linear=0.30 angular=0.00 cw_y=0 right_done=False start_turn=True count_turn=17 traffic=None stop=False[0m
[self_driving-10] [0m[INFO] [1782956525.731751306] [self_driving]: [IMAGE] received count=595 shape=(480, 640, 3) queue=0[0m
[self_driving-10] [33m[WARN] [1782956525.738834363] [self_driving]: [LANE_X_JUMP_REJECT] raw=102.5 last=238.0 diff=135.5 candidate=102.5 cnt=1/4[0m
[self_driving-10] [0m[INFO] [1782956525.873411101] [self_driving]: [DEBUG_DRIVE] state=LINE_FOLLOW raw_lane_x=102.0 lane_x=238.0 filter=jump_reject linear=0.30 angular=-0.45 cw_y=0 right_done=False start_turn=True count_turn=22 traffic=None stop=False[0m
[self_driving-10] [0m[INFO] [1782956525.929494705] [self_driving]: [LANE_X_JUMP_ACCEPT] raw=96.5 last=96.5 cnt=4/4[0m
[self_driving-10] [0m[INFO] [1782956526.414740887] [self_driving]: [DEBUG_DRIVE] state=LINE_FOLLOW raw_lane_x=90.5 lane_x=90.5 filter=stable linear=0.30 angular=0.10 cw_y=0 right_done=False start_turn=False count_turn=0 traffic=None stop=False[0m
[self_driving-10] [0m[INFO] [1782956526.945928394] [self_driving]: [DEBUG_DRIVE] state=LINE_FOLLOW raw_lane_x=127.5 lane_x=127.5 filter=stable linear=0.30 angular=-0.10 cw_y=0 right_done=False start_turn=False count_turn=0 traffic=None stop=False[0m
[self_driving-10] [0m[INFO] [1782956526.964573923] [self_driving]: [OBJECTS] msg_count=78 n=1 names=['crosswalk'][0m
[self_driving-10] [0m[INFO] [1782956527.494658887] [self_driving]: [DEBUG_DRIVE] state=LINE_FOLLOW raw_lane_x=173.5 lane_x=173.5 filter=stable linear=0.30 angular=-0.10 cw_y=0 right_done=False start_turn=False count_turn=0 traffic=None stop=False[0m
[self_driving-10] [0m[INFO] [1782956527.642198475] [self_driving]: [OBJECTS] msg_count=85 n=1 names=['go'][0m
[self_driving-10] [0m[INFO] [1782956527.742469877] [self_driving]: [IMAGE] received count=625 shape=(480, 640, 3) queue=0[0m
[self_driving-10] [0m[INFO] [1782956528.024987020] [self_driving]: [DEBUG_DRIVE] state=LINE_FOLLOW raw_lane_x=251.0 lane_x=251.0 filter=stable linear=0.30 angular=-0.45 cw_y=0 right_done=False start_turn=True count_turn=0 traffic=None stop=False[0m
[self_driving-10] [0m[INFO] [1782956528.337488901] [self_driving]: [OBJECTS] msg_count=91 n=1 names=['crosswalk'][0m
[self_driving-10] [0m[INFO] [1782956528.556081897] [self_driving]: [DEBUG_DRIVE] state=LINE_FOLLOW raw_lane_x=303.5 lane_x=303.5 filter=stable linear=0.30 angular=-0.45 cw_y=0 right_done=False start_turn=True count_turn=8 traffic=None stop=False[0m
[self_driving-10] [0m[INFO] [1782956529.033096385] [self_driving]: [OBJECTS] msg_count=97 n=1 names=['crosswalk'][0m
[self_driving-10] [0m[INFO] [1782956529.102671285] [self_driving]: [DEBUG_DRIVE] state=LINE_FOLLOW raw_lane_x=311.0 lane_x=311.0 filter=stable linear=0.30 angular=-0.45 cw_y=0 right_done=False start_turn=True count_turn=16 traffic=None stop=False[0m
[self_driving-10] [33m[WARN] [1782956529.503692653] [self_driving]: [LANE_LOST] raw_lane_x=-1 lane_x=-1 filter=lost stop=False state=LINE_FOLLOW safe_linear=0.00 right_ready=False right_done=False[0m
[self_driving-10] [0m[INFO] [1782956529.629899901] [self_driving]: [DEBUG_DRIVE] state=LINE_FOLLOW raw_lane_x=-1 lane_x=-1 filter=lost linear=0.30 angular=0.00 cw_y=0 right_done=False start_turn=True count_turn=21 traffic=None stop=False[0m
[self_driving-10] [0m[INFO] [1782956529.705215870] [self_driving]: [OBJECTS] msg_count=103 n=1 names=['go'][0m
[self_driving-10] [0m[INFO] [1782956529.766420132] [self_driving]: [IMAGE] received count=655 shape=(480, 640, 3) queue=0[0m
[self_driving-10] [33m[WARN] [1782956530.033176725] [self_driving]: [LANE_LOST] raw_lane_x=-1 lane_x=-1 filter=lost stop=False state=LINE_FOLLOW safe_linear=0.00 right_ready=False right_done=False[0m
[self_driving-10] [0m[INFO] [1782956530.174623094] [self_driving]: [DEBUG_DRIVE] state=LINE_FOLLOW raw_lane_x=-1 lane_x=-1 filter=lost linear=0.30 angular=0.00 cw_y=0 right_done=False start_turn=True count_turn=21 traffic=None stop=False[0m
[self_driving-10] [0m[INFO] [1782956530.395798345] [self_driving]: [OBJECTS] msg_count=109 n=1 names=['go'][0m
[self_driving-10] [33m[WARN] [1782956530.563718507] [self_driving]: [LANE_LOST] raw_lane_x=-1 lane_x=-1 filter=lost stop=False state=LINE_FOLLOW safe_linear=0.00 right_ready=False right_done=False[0m
[self_driving-10] [0m[INFO] [1782956530.695630897] [self_driving]: [DEBUG_DRIVE] state=LINE_FOLLOW raw_lane_x=-1 lane_x=-1 filter=lost linear=0.30 angular=0.00 cw_y=0 right_done=False start_turn=True count_turn=21 traffic=None stop=False[0m
[self_driving-10] [0m[INFO] [1782956531.099082297] [self_driving]: [OBJECTS] msg_count=112 n=1 names=['go'][0m
[self_driving-10] [33m[WARN] [1782956531.100429360] [self_driving]: [LANE_LOST] raw_lane_x=-1 lane_x=-1 filter=lost stop=False state=LINE_FOLLOW safe_linear=0.00 right_ready=False right_done=False[0m
[self_driving-10] [0m[INFO] [1782956531.245279358] [self_driving]: [DEBUG_DRIVE] state=LINE_FOLLOW raw_lane_x=-1 lane_x=-1 filter=lost linear=0.30 angular=0.00 cw_y=0 right_done=False start_turn=True count_turn=21 traffic=None stop=False[0m
[self_driving-10] [33m[WARN] [1782956531.625903114] [self_driving]: [LANE_LOST] raw_lane_x=-1 lane_x=-1 filter=lost stop=False state=LINE_FOLLOW safe_linear=0.00 right_ready=False right_done=False[0m
[self_driving-10] [0m[INFO] [1782956531.791897710] [self_driving]: [IMAGE] received count=684 shape=(480, 640, 3) queue=0[0m
[self_driving-10] [0m[INFO] [1782956531.803084327] [self_driving]: [DEBUG_DRIVE] state=LINE_FOLLOW raw_lane_x=-1 lane_x=-1 filter=lost linear=0.30 angular=0.00 cw_y=0 right_done=False start_turn=True count_turn=21 traffic=None stop=False[0m
[self_driving-10] [33m[WARN] [1782956532.027524466] [self_driving]: [LANE_X_JUMP_REJECT] raw=151.0 last=279.5 diff=128.5 candidate=151.0 cnt=1/4[0m
[self_driving-10] [0m[INFO] [1782956532.356747495] [self_driving]: [DEBUG_DRIVE] state=LINE_FOLLOW raw_lane_x=48.0 lane_x=279.5 filter=jump_reject linear=0.30 angular=-0.45 cw_y=0 right_done=False start_turn=True count_turn=27 traffic=None stop=False[0m
[self_driving-10] [33m[WARN] [1782956532.594248891] [self_driving]: [LANE_X_JUMP_REJECT] raw=99.5 last=279.5 diff=180.0 candidate=112.0 cnt=3/4[0m
[self_driving-10] [0m[INFO] [1782956532.685104222] [self_driving]: [LANE_X_JUMP_ACCEPT] raw=98.0 last=98.0 cnt=4/4[0m
[self_driving-10] [0m[INFO] [1782956532.912030208] [self_driving]: [DEBUG_DRIVE] state=LINE_FOLLOW raw_lane_x=134.0 lane_x=134.0 filter=stable linear=0.30 angular=-0.10 cw_y=0 right_done=False start_turn=False count_turn=0 traffic=None stop=False[0m
[self_driving-10] [0m[INFO] [1782956533.062218607] [self_driving]: [OBJECTS] msg_count=113 n=1 names=['crosswalk'][0m
[self_driving-10] [0m[INFO] [1782956533.480583773] [self_driving]: [DEBUG_DRIVE] state=LINE_FOLLOW raw_lane_x=196.5 lane_x=196.5 filter=stable linear=0.30 angular=-0.10 cw_y=0 right_done=False start_turn=False count_turn=0 traffic=None stop=False[0m
[self_driving-10] [0m[INFO] [1782956533.700287090] [self_driving]: [OBJECTS] msg_count=115 n=1 names=['crosswalk'][0m
[self_driving-10] [0m[INFO] [1782956533.801546516] [self_driving]: [IMAGE] received count=709 shape=(480, 640, 3) queue=0[0m
[self_driving-10] [0m[INFO] [1782956534.040865440] [self_driving]: [DEBUG_DRIVE] state=LINE_FOLLOW raw_lane_x=286.0 lane_x=286.0 filter=stable linear=0.30 angular=-0.45 cw_y=0 right_done=False start_turn=True count_turn=1 traffic=None stop=False[0m
[self_driving-10] [0m[INFO] [1782956534.380971640] [self_driving]: [OBJECTS] msg_count=120 n=1 names=['crosswalk'][0m
[self_driving-10] [0m[INFO] [1782956534.547871574] [self_driving]: [DEBUG_DRIVE] state=LINE_FOLLOW raw_lane_x=302.0 lane_x=302.0 filter=stable linear=0.30 angular=-0.45 cw_y=0 right_done=False start_turn=True count_turn=7 traffic=None stop=False[0m
[self_driving-10] [0m[INFO] [1782956535.021284580] [self_driving]: [OBJECTS] msg_count=124 n=1 names=['go'][0m
[self_driving-10] [0m[INFO] [1782956535.102607711] [self_driving]: [DEBUG_DRIVE] state=LINE_FOLLOW raw_lane_x=-1 lane_x=306.5 filter=hold_last linear=0.30 angular=-0.45 cw_y=0 right_done=False start_turn=True count_turn=14 traffic=None stop=False[0m
[self_driving-10] [33m[WARN] [1782956535.340063829] [self_driving]: [LANE_LOST] raw_lane_x=-1 lane_x=-1 filter=lost stop=False state=LINE_FOLLOW safe_linear=0.00 right_ready=False right_done=False[0m
[self_driving-10] [0m[INFO] [1782956535.666134804] [self_driving]: [DEBUG_DRIVE] state=LINE_FOLLOW raw_lane_x=-1 lane_x=-1 filter=lost linear=0.30 angular=0.00 cw_y=0 right_done=False start_turn=True count_turn=16 traffic=None stop=False[0m
[self_driving-10] [0m[INFO] [1782956535.685237723] [self_driving]: [OBJECTS] msg_count=128 n=1 names=['go'][0m
[self_driving-10] [0m[INFO] [1782956535.824549691] [self_driving]: [IMAGE] received count=734 shape=(480, 640, 3) queue=0[0m
[self_driving-10] [33m[WARN] [1782956535.900490201] [self_driving]: [LANE_LOST] raw_lane_x=-1 lane_x=-1 filter=lost stop=False state=LINE_FOLLOW safe_linear=0.00 right_ready=False right_done=False[0m
[self_driving-10] [33m[WARN] [1782956536.229887082] [self_driving]: [LANE_X_JUMP_REJECT] raw=138.5 last=251.0 diff=112.5 candidate=138.5 cnt=1/4[0m
[self_driving-10] [0m[INFO] [1782956536.231629962] [self_driving]: [DEBUG_DRIVE] state=LINE_FOLLOW raw_lane_x=138.5 lane_x=251.0 filter=jump_reject linear=0.30 angular=-0.45 cw_y=0 right_done=False start_turn=True count_turn=20 traffic=None stop=False[0m
[self_driving-10] [0m[INFO] [1782956536.338554790] [self_driving]: [OBJECTS] msg_count=131 n=1 names=['go'][0m
[self_driving-10] [0m[INFO] [1782956536.549975820] [self_driving]: [LANE_X_JUMP_ACCEPT] raw=59.5 last=59.5 cnt=4/4[0m
[self_driving-10] [0m[INFO] [1782956536.783947493] [self_driving]: [DEBUG_DRIVE] state=LINE_FOLLOW raw_lane_x=109.0 lane_x=109.0 filter=stable linear=0.30 angular=0.10 cw_y=0 right_done=False start_turn=False count_turn=0 traffic=None stop=False[0m
[self_driving-10] [0m[INFO] [1782956537.356302264] [self_driving]: [DEBUG_DRIVE] state=LINE_FOLLOW raw_lane_x=7.5 lane_x=7.5 filter=stable linear=0.30 angular=0.10 cw_y=0 right_done=False start_turn=False count_turn=0 traffic=None stop=False[0m
[self_driving-10] [33m[WARN] [1782956537.442247328] [self_driving]: [LANE_X_JUMP_REJECT] raw=296.0 last=7.5 diff=288.5 candidate=296.0 cnt=1/4[0m
[self_driving-10] [0m[INFO] [1782956537.831202370] [self_driving]: [IMAGE] received count=759 shape=(480, 640, 3) queue=0[0m
[self_driving-10] [0m[INFO] [1782956537.911666237] [self_driving]: [DEBUG_DRIVE] state=LINE_FOLLOW raw_lane_x=281.0 lane_x=7.5 filter=jump_reject linear=0.30 angular=0.10 cw_y=0 right_done=False start_turn=False count_turn=0 traffic=None stop=False[0m
[self_driving-10] [33m[WARN] [1782956538.019013845] [self_driving]: [LANE_LOST] raw_lane_x=-1 lane_x=-1 filter=lost stop=False state=LINE_FOLLOW safe_linear=0.00 right_ready=False right_done=False[0m
[self_driving-10] [0m[INFO] [1782956538.475093181] [self_driving]: [DEBUG_DRIVE] state=LINE_FOLLOW raw_lane_x=-1 lane_x=-1 filter=lost linear=0.30 angular=0.00 cw_y=0 right_done=False start_turn=False count_turn=0 traffic=None stop=False[0m
[self_driving-10] [33m[WARN] [1782956538.558563102] [self_driving]: [LANE_LOST] raw_lane_x=-1 lane_x=-1 filter=lost stop=False state=LINE_FOLLOW safe_linear=0.00 right_ready=False right_done=False[0m
[self_driving-10] [0m[INFO] [1782956538.614097907] [self_driving]: [OBJECTS] msg_count=132 n=1 names=['crosswalk'][0m
[self_driving-10] [0m[INFO] [1782956539.055658663] [self_driving]: [DEBUG_DRIVE] state=LINE_FOLLOW raw_lane_x=-1 lane_x=-1 filter=lost linear=0.30 angular=0.00 cw_y=0 right_done=False start_turn=False count_turn=0 traffic=None stop=False[0m
[self_driving-10] [33m[WARN] [1782956539.129718311] [self_driving]: [LANE_LOST] raw_lane_x=-1 lane_x=-1 filter=lost stop=False state=LINE_FOLLOW safe_linear=0.00 right_ready=False right_done=False[0m
[self_driving-10] [0m[INFO] [1782956539.247855144] [self_driving]: [OBJECTS] msg_count=134 n=1 names=['crosswalk'][0m
[self_driving-10] [0m[INFO] [1782956539.623745299] [self_driving]: [DEBUG_DRIVE] state=LINE_FOLLOW raw_lane_x=-1 lane_x=-1 filter=lost linear=0.30 angular=0.00 cw_y=0 right_done=False start_turn=False count_turn=0 traffic=None stop=False[0m
[self_driving-10] [33m[WARN] [1782956539.701331373] [self_driving]: [LANE_X_JUMP_REJECT] raw=96.0 last=7.5 diff=88.5 candidate=96.0 cnt=1/4[0m
[self_driving-10] [0m[INFO] [1782956539.856252372] [self_driving]: [IMAGE] received count=784 shape=(480, 640, 3) queue=0[0m
[self_driving-10] [0m[INFO] [1782956539.907804210] [self_driving]: [OBJECTS] msg_count=136 n=1 names=['crosswalk'][0m
[self_driving-10] [0m[INFO] [1782956540.176855279] [self_driving]: [DEBUG_DRIVE] state=LINE_FOLLOW raw_lane_x=-1 lane_x=17.5 filter=hold_last linear=0.30 angular=0.10 cw_y=0 right_done=False start_turn=False count_turn=0 traffic=None stop=False[0m
[self_driving-10] [33m[WARN] [1782956540.348337035] [self_driving]: [LANE_LOST] raw_lane_x=-1 lane_x=-1 filter=lost stop=False state=LINE_FOLLOW safe_linear=0.00 right_ready=False right_done=False[0m
[self_driving-10] [0m[INFO] [1782956540.557534738] [self_driving]: [OBJECTS] msg_count=144 n=1 names=['crosswalk'][0m
[self_driving-10] [0m[INFO] [1782956540.740757725] [self_driving]: [DEBUG_DRIVE] state=LINE_FOLLOW raw_lane_x=-1 lane_x=-1 filter=lost linear=0.30 angular=0.00 cw_y=0 right_done=False start_turn=False count_turn=0 traffic=None stop=False[0m
[self_driving-10] [33m[WARN] [1782956540.891966426] [self_driving]: [LANE_LOST] raw_lane_x=-1 lane_x=-1 filter=lost stop=False state=LINE_FOLLOW safe_linear=0.00 right_ready=False right_done=False[0m
[self_driving-10] [0m[INFO] [1782956541.313573961] [self_driving]: [DEBUG_DRIVE] state=LINE_FOLLOW raw_lane_x=-1 lane_x=-1 filter=lost linear=0.30 angular=0.00 cw_y=0 right_done=False start_turn=False count_turn=0 traffic=None stop=False[0m
[self_driving-10] [33m[WARN] [1782956541.466803413] [self_driving]: [LANE_LOST] raw_lane_x=-1 lane_x=-1 filter=lost stop=False state=LINE_FOLLOW safe_linear=0.00 right_ready=False right_done=False[0m
[self_driving-10] [0m[INFO] [1782956541.856975925] [self_driving]: [IMAGE] received count=809 shape=(480, 640, 3) queue=0[0m
[self_driving-10] [0m[INFO] [1782956541.866038271] [self_driving]: [DEBUG_DRIVE] state=LINE_FOLLOW raw_lane_x=-1 lane_x=23.0 filter=hold_last linear=0.30 angular=0.10 cw_y=0 right_done=False start_turn=False count_turn=0 traffic=None stop=False[0m
[self_driving-10] [33m[WARN] [1782956542.199698528] [self_driving]: [LANE_LOST] raw_lane_x=-1 lane_x=-1 filter=lost stop=False state=LINE_FOLLOW safe_linear=0.00 right_ready=False right_done=False[0m
[self_driving-10] [0m[INFO] [1782956542.435272413] [self_driving]: [DEBUG_DRIVE] state=LINE_FOLLOW raw_lane_x=-1 lane_x=-1 filter=lost linear=0.30 angular=0.00 cw_y=0 right_done=False start_turn=False count_turn=0 traffic=None stop=False[0m
[self_driving-10] [33m[WARN] [1782956542.760691792] [self_driving]: [LANE_LOST] raw_lane_x=-1 lane_x=-1 filter=lost stop=False state=LINE_FOLLOW safe_linear=0.00 right_ready=False right_done=False[0m
[self_driving-10] [0m[INFO] [1782956543.015517209] [self_driving]: [DEBUG_DRIVE] state=LINE_FOLLOW raw_lane_x=-1 lane_x=-1 filter=lost linear=0.30 angular=0.00 cw_y=0 right_done=False start_turn=False count_turn=0 traffic=None stop=False[0m
[self_driving-10] [33m[WARN] [1782956543.324733794] [self_driving]: [LANE_X_JUMP_REJECT] raw=198.5 last=23.0 diff=175.5 candidate=198.5 cnt=1/4[0m
[self_driving-10] [33m[WARN] [1782956543.394707808] [self_driving]: [LANE_LOST] raw_lane_x=-1 lane_x=-1 filter=lost stop=False state=LINE_FOLLOW safe_linear=0.00 right_ready=False right_done=False[0m
[self_driving-10] [0m[INFO] [1782956543.575156280] [self_driving]: [DEBUG_DRIVE] state=LINE_FOLLOW raw_lane_x=-1 lane_x=-1 filter=lost linear=0.30 angular=0.00 cw_y=0 right_done=False start_turn=False count_turn=0 traffic=None stop=False[0m
[self_driving-10] [0m[INFO] [1782956543.887153473] [self_driving]: [IMAGE] received count=834 shape=(480, 640, 3) queue=0[0m
[self_driving-10] [33m[WARN] [1782956543.897009527] [self_driving]: [LANE_LOST] raw_lane_x=-1 lane_x=-1 filter=lost stop=False state=LINE_FOLLOW safe_linear=0.00 right_ready=False right_done=False[0m
[self_driving-10] [0m[INFO] [1782956544.131798982] [self_driving]: [DEBUG_DRIVE] state=LINE_FOLLOW raw_lane_x=-1 lane_x=-1 filter=lost linear=0.30 angular=0.00 cw_y=0 right_done=False start_turn=False count_turn=0 traffic=None stop=False[0m
[self_driving-10] [33m[WARN] [1782956544.475345997] [self_driving]: [LANE_LOST] raw_lane_x=-1 lane_x=-1 filter=lost stop=False state=LINE_FOLLOW safe_linear=0.00 right_ready=False right_done=False[0m
[self_driving-10] [0m[INFO] [1782956544.665474707] [self_driving]: [DEBUG_DRIVE] state=LINE_FOLLOW raw_lane_x=-1 lane_x=-1 filter=lost linear=0.30 angular=0.00 cw_y=0 right_done=False start_turn=False count_turn=0 traffic=None stop=False[0m
[self_driving-10] [33m[WARN] [1782956545.010049932] [self_driving]: [LANE_LOST] raw_lane_x=-1 lane_x=-1 filter=lost stop=False state=LINE_FOLLOW safe_linear=0.00 right_ready=False right_done=False[0m
[self_driving-10] [0m[INFO] [1782956545.229671174] [self_driving]: [DEBUG_DRIVE] state=LINE_FOLLOW raw_lane_x=-1 lane_x=-1 filter=lost linear=0.30 angular=0.00 cw_y=0 right_done=False start_turn=False count_turn=0 traffic=None stop=False[0m
[self_driving-10] [33m[WARN] [1782956545.551865831] [self_driving]: [LANE_LOST] raw_lane_x=-1 lane_x=-1 filter=lost stop=False state=LINE_FOLLOW safe_linear=0.00 right_ready=False right_done=False[0m
[self_driving-10] [0m[INFO] [1782956545.745989674] [self_driving]: [DEBUG_DRIVE] state=LINE_FOLLOW raw_lane_x=-1 lane_x=-1 filter=lost linear=0.30 angular=0.00 cw_y=0 right_done=False start_turn=False count_turn=0 traffic=None stop=False[0m
[self_driving-10] [0m[INFO] [1782956545.945979679] [self_driving]: [IMAGE] received count=864 shape=(480, 640, 3) queue=0[0m
[self_driving-10] [33m[WARN] [1782956546.070610122] [self_driving]: [LANE_LOST] raw_lane_x=-1 lane_x=-1 filter=lost stop=False state=LINE_FOLLOW safe_linear=0.00 right_ready=False right_done=False[0m
[self_driving-10] [0m[INFO] [1782956546.285672191] [self_driving]: [DEBUG_DRIVE] state=LINE_FOLLOW raw_lane_x=-1 lane_x=-1 filter=lost linear=0.30 angular=0.00 cw_y=0 right_done=False start_turn=False count_turn=0 traffic=None stop=False[0m
[self_driving-10] [33m[WARN] [1782956546.616146375] [self_driving]: [LANE_LOST] raw_lane_x=-1 lane_x=-1 filter=lost stop=False state=LINE_FOLLOW safe_linear=0.00 right_ready=False right_done=False[0m
[self_driving-10] [0m[INFO] [1782956546.819568232] [self_driving]: [DEBUG_DRIVE] state=LINE_FOLLOW raw_lane_x=-1 lane_x=-1 filter=lost linear=0.30 angular=0.00 cw_y=0 right_done=False start_turn=False count_turn=0 traffic=None stop=False[0m
[self_driving-10] [33m[WARN] [1782956547.159143836] [self_driving]: [LANE_LOST] raw_lane_x=-1 lane_x=-1 filter=lost stop=False state=LINE_FOLLOW safe_linear=0.00 right_ready=False right_done=False[0m
[self_driving-10] [0m[INFO] [1782956547.354582205] [self_driving]: [DEBUG_DRIVE] state=LINE_FOLLOW raw_lane_x=-1 lane_x=-1 filter=lost linear=0.30 angular=0.00 cw_y=0 right_done=False start_turn=False count_turn=0 traffic=None stop=False[0m
[self_driving-10] [33m[WARN] [1782956547.696444266] [self_driving]: [LANE_LOST] raw_lane_x=-1 lane_x=-1 filter=lost stop=False state=LINE_FOLLOW safe_linear=0.00 right_ready=False right_done=False[0m
[self_driving-10] [0m[INFO] [1782956547.905272634] [self_driving]: [DEBUG_DRIVE] state=LINE_FOLLOW raw_lane_x=-1 lane_x=-1 filter=lost linear=0.30 angular=0.00 cw_y=0 right_done=False start_turn=False count_turn=0 traffic=None stop=False[0m
[self_driving-10] [0m[INFO] [1782956547.962020483] [self_driving]: [IMAGE] received count=894 shape=(480, 640, 3) queue=0[0m
[self_driving-10] [33m[WARN] [1782956548.238788502] [self_driving]: [LANE_LOST] raw_lane_x=-1 lane_x=-1 filter=lost stop=False state=LINE_FOLLOW safe_linear=0.00 right_ready=False right_done=False[0m
[self_driving-10] [0m[INFO] [1782956548.437726704] [self_driving]: [DEBUG_DRIVE] state=LINE_FOLLOW raw_lane_x=-1 lane_x=-1 filter=lost linear=0.30 angular=0.00 cw_y=0 right_done=False start_turn=False count_turn=0 traffic=None stop=False[0m
[self_driving-10] [33m[WARN] [1782956548.771239924] [self_driving]: [LANE_LOST] raw_lane_x=-1 lane_x=-1 filter=lost stop=False state=LINE_FOLLOW safe_linear=0.00 right_ready=False right_done=False[0m
[self_driving-10] [0m[INFO] [1782956548.987796964] [self_driving]: [DEBUG_DRIVE] state=LINE_FOLLOW raw_lane_x=-1 lane_x=-1 filter=lost linear=0.30 angular=0.00 cw_y=0 right_done=False start_turn=False count_turn=0 traffic=None stop=False[0m
[self_driving-10] [33m[WARN] [1782956549.310726329] [self_driving]: [LANE_LOST] raw_lane_x=-1 lane_x=-1 filter=lost stop=False state=LINE_FOLLOW safe_linear=0.00 right_ready=False right_done=False[0m
[self_driving-10] [0m[INFO] [1782956549.495100655] [self_driving]: [DEBUG_DRIVE] state=LINE_FOLLOW raw_lane_x=-1 lane_x=-1 filter=lost linear=0.30 angular=0.00 cw_y=0 right_done=False start_turn=False count_turn=0 traffic=None stop=False[0m
[self_driving-10] [33m[WARN] [1782956549.841812928] [self_driving]: [LANE_LOST] raw_lane_x=-1 lane_x=-1 filter=lost stop=False state=LINE_FOLLOW safe_linear=0.00 right_ready=False right_done=False[0m
[self_driving-10] [0m[INFO] [1782956549.979551203] [self_driving]: [IMAGE] received count=924 shape=(480, 640, 3) queue=0[0m
[self_driving-10] [0m[INFO] [1782956550.056685274] [self_driving]: [DEBUG_DRIVE] state=LINE_FOLLOW raw_lane_x=-1 lane_x=-1 filter=lost linear=0.30 angular=0.00 cw_y=0 right_done=False start_turn=False count_turn=0 traffic=None stop=False[0m
[self_driving-10] [33m[WARN] [1782956550.388093593] [self_driving]: [LANE_LOST] raw_lane_x=-1 lane_x=-1 filter=lost stop=False state=LINE_FOLLOW safe_linear=0.00 right_ready=False right_done=False[0m
[self_driving-10] [33m[WARN] [1782956550.445791483] [self_driving]: [LANE_X_JUMP_REJECT] raw=143.0 last=23.0 diff=120.0 candidate=143.0 cnt=1/4[0m
[self_driving-10] [0m[INFO] [1782956550.586941128] [self_driving]: [DEBUG_DRIVE] state=LINE_FOLLOW raw_lane_x=-1 lane_x=-1 filter=lost linear=0.30 angular=0.00 cw_y=0 right_done=False start_turn=False count_turn=0 traffic=None stop=False[0m
[self_driving-10] [33m[WARN] [1782956550.912952769] [self_driving]: [LANE_LOST] raw_lane_x=-1 lane_x=-1 filter=lost stop=False state=LINE_FOLLOW safe_linear=0.00 right_ready=False right_done=False[0m
[self_driving-10] [0m[INFO] [1782956551.111002782] [self_driving]: [DEBUG_DRIVE] state=LINE_FOLLOW raw_lane_x=-1 lane_x=-1 filter=lost linear=0.30 angular=0.00 cw_y=0 right_done=False start_turn=False count_turn=0 traffic=None stop=False[0m
[self_driving-10] [33m[WARN] [1782956551.455199226] [self_driving]: [LANE_LOST] raw_lane_x=-1 lane_x=-1 filter=lost stop=False state=LINE_FOLLOW safe_linear=0.00 right_ready=False right_done=False[0m
[self_driving-10] [0m[INFO] [1782956551.651212006] [self_driving]: [DEBUG_DRIVE] state=LINE_FOLLOW raw_lane_x=-1 lane_x=-1 filter=lost linear=0.30 angular=0.00 cw_y=0 right_done=False start_turn=False count_turn=0 traffic=None stop=False[0m
[self_driving-10] [33m[WARN] [1782956551.986708717] [self_driving]: [LANE_LOST] raw_lane_x=-1 lane_x=-1 filter=lost stop=False state=LINE_FOLLOW safe_linear=0.00 right_ready=False right_done=False[0m
[self_driving-10] [0m[INFO] [1782956552.070513788] [self_driving]: [IMAGE] received count=955 shape=(480, 640, 3) queue=0[0m
[self_driving-10] [0m[INFO] [1782956552.193996095] [self_driving]: [DEBUG_DRIVE] state=LINE_FOLLOW raw_lane_x=-1 lane_x=-1 filter=lost linear=0.30 angular=0.00 cw_y=0 right_done=False start_turn=False count_turn=0 traffic=None stop=False[0m
[self_driving-10] [33m[WARN] [1782956552.539483954] [self_driving]: [LANE_LOST] raw_lane_x=-1 lane_x=-1 filter=lost stop=False state=LINE_FOLLOW safe_linear=0.00 right_ready=False right_done=False[0m
[self_driving-10] [0m[INFO] [1782956552.746834963] [self_driving]: [DEBUG_DRIVE] state=LINE_FOLLOW raw_lane_x=-1 lane_x=-1 filter=lost linear=0.30 angular=0.00 cw_y=0 right_done=False start_turn=False count_turn=0 traffic=None stop=False[0m
[self_driving-10] [33m[WARN] [1782956553.095173300] [self_driving]: [LANE_LOST] raw_lane_x=-1 lane_x=-1 filter=lost stop=False state=LINE_FOLLOW safe_linear=0.00 right_ready=False right_done=False[0m
[self_driving-10] [0m[INFO] [1782956553.277722505] [self_driving]: [DEBUG_DRIVE] state=LINE_FOLLOW raw_lane_x=-1 lane_x=-1 filter=lost linear=0.30 angular=0.00 cw_y=0 right_done=False start_turn=False count_turn=0 traffic=None stop=False[0m
[self_driving-10] [33m[WARN] [1782956553.614323927] [self_driving]: [LANE_LOST] raw_lane_x=-1 lane_x=-1 filter=lost stop=False state=LINE_FOLLOW safe_linear=0.00 right_ready=False right_done=False[0m
[self_driving-10] [0m[INFO] [1782956553.819663813] [self_driving]: [DEBUG_DRIVE] state=LINE_FOLLOW raw_lane_x=-1 lane_x=-1 filter=lost linear=0.30 angular=0.00 cw_y=0 right_done=False start_turn=False count_turn=0 traffic=None stop=False[0m
[self_driving-10] [0m[INFO] [1782956554.075958682] [self_driving]: [IMAGE] received count=985 shape=(480, 640, 3) queue=0[0m
[self_driving-10] [33m[WARN] [1782956554.146426013] [self_driving]: [LANE_LOST] raw_lane_x=-1 lane_x=-1 filter=lost stop=False state=LINE_FOLLOW safe_linear=0.00 right_ready=False right_done=False[0m
[self_driving-10] [0m[INFO] [1782956554.342187495] [self_driving]: [DEBUG_DRIVE] state=LINE_FOLLOW raw_lane_x=-1 lane_x=-1 filter=lost linear=0.30 angular=0.00 cw_y=0 right_done=False start_turn=False count_turn=0 traffic=None stop=False[0m
[self_driving-10] [33m[WARN] [1782956554.675941271] [self_driving]: [LANE_LOST] raw_lane_x=-1 lane_x=-1 filter=lost stop=False state=LINE_FOLLOW safe_linear=0.00 right_ready=False right_done=False[0m
[self_driving-10] [0m[INFO] [1782956554.885753108] [self_driving]: [DEBUG_DRIVE] state=LINE_FOLLOW raw_lane_x=-1 lane_x=-1 filter=lost linear=0.30 angular=0.00 cw_y=0 right_done=False start_turn=False count_turn=0 traffic=None stop=False[0m
[self_driving-10] [33m[WARN] [1782956555.233798795] [self_driving]: [LANE_LOST] raw_lane_x=-1 lane_x=-1 filter=lost stop=False state=LINE_FOLLOW safe_linear=0.00 right_ready=False right_done=False[0m
[self_driving-10] [0m[INFO] [1782956555.414582473] [self_driving]: [DEBUG_DRIVE] state=LINE_FOLLOW raw_lane_x=-1 lane_x=-1 filter=lost linear=0.30 angular=0.00 cw_y=0 right_done=False start_turn=False count_turn=0 traffic=None stop=False[0m
[self_driving-10] [33m[WARN] [1782956555.758678787] [self_driving]: [LANE_LOST] raw_lane_x=-1 lane_x=-1 filter=lost stop=False state=LINE_FOLLOW safe_linear=0.00 right_ready=False right_done=False[0m
[self_driving-10] [0m[INFO] [1782956555.960631747] [self_driving]: [DEBUG_DRIVE] state=LINE_FOLLOW raw_lane_x=-1 lane_x=-1 filter=lost linear=0.30 angular=0.00 cw_y=0 right_done=False start_turn=False count_turn=0 traffic=None stop=False[0m
[self_driving-10] [0m[INFO] [1782956556.096954162] [self_driving]: [IMAGE] received count=1015 shape=(480, 640, 3) queue=0[0m
[self_driving-10] [33m[WARN] [1782956556.293414406] [self_driving]: [LANE_LOST] raw_lane_x=-1 lane_x=-1 filter=lost stop=False state=LINE_FOLLOW safe_linear=0.00 right_ready=False right_done=False[0m
[self_driving-10] [0m[INFO] [1782956556.510644191] [self_driving]: [DEBUG_DRIVE] state=LINE_FOLLOW raw_lane_x=-1 lane_x=-1 filter=lost linear=0.30 angular=0.00 cw_y=0 right_done=False start_turn=False count_turn=0 traffic=None stop=False[0m
[self_driving-10] [33m[WARN] [1782956556.834744414] [self_driving]: [LANE_LOST] raw_lane_x=-1 lane_x=-1 filter=lost stop=False state=LINE_FOLLOW safe_linear=0.00 right_ready=False right_done=False[0m
[self_driving-10] [0m[INFO] [1782956557.023884693] [self_driving]: [DEBUG_DRIVE] state=LINE_FOLLOW raw_lane_x=-1 lane_x=-1 filter=lost linear=0.30 angular=0.00 cw_y=0 right_done=False start_turn=False count_turn=0 traffic=None stop=False[0m
[self_driving-10] [33m[WARN] [1782956557.383636223] [self_driving]: [LANE_LOST] raw_lane_x=-1 lane_x=-1 filter=lost stop=False state=LINE_FOLLOW safe_linear=0.00 right_ready=False right_done=False[0m
[self_driving-10] [0m[INFO] [1782956557.576976950] [self_driving]: [DEBUG_DRIVE] state=LINE_FOLLOW raw_lane_x=-1 lane_x=-1 filter=lost linear=0.30 angular=0.00 cw_y=0 right_done=False start_turn=False count_turn=0 traffic=None stop=False[0m
[self_driving-10] [33m[WARN] [1782956557.924060299] [self_driving]: [LANE_LOST] raw_lane_x=-1 lane_x=-1 filter=lost stop=False state=LINE_FOLLOW safe_linear=0.00 right_ready=False right_done=False[0m
[self_driving-10] [0m[INFO] [1782956558.098600553] [self_driving]: [IMAGE] received count=1045 shape=(480, 640, 3) queue=0[0m
[self_driving-10] [0m[INFO] [1782956558.109679207] [self_driving]: [DEBUG_DRIVE] state=LINE_FOLLOW raw_lane_x=-1 lane_x=-1 filter=lost linear=0.30 angular=0.00 cw_y=0 right_done=False start_turn=False count_turn=0 traffic=None stop=False[0m
[self_driving-10] [33m[WARN] [1782956558.437658284] [self_driving]: [LANE_LOST] raw_lane_x=-1 lane_x=-1 filter=lost stop=False state=LINE_FOLLOW safe_linear=0.00 right_ready=False right_done=False[0m
