[INFO] [launch]: All log files can be found below /home/ubuntu/.ros/log/2026-07-02-02-45-49-936822-raspberrypi-345432
[INFO] [launch]: Default logging verbosity is set to INFO
[INFO] [ascamera_node-1]: process started with pid [345448]
[INFO] [static_transform_publisher-2]: process started with pid [345450]
[INFO] [static_transform_publisher-3]: process started with pid [345452]
[INFO] [joint_state_publisher-4]: process started with pid [345454]
[INFO] [robot_state_publisher-5]: process started with pid [345456]
[INFO] [ros_robot_controller-6]: process started with pid [345458]
[INFO] [odom_publisher-7]: process started with pid [345462]
[INFO] [ekf_node-8]: process started with pid [345480]
[INFO] [yolo_detect-9]: process started with pid [345496]
[INFO] [self_driving-10]: process started with pid [345499]
[ascamera_node-1] [0m[INFO] [1782960350.662444874] [as_logger]: hello world angstrong camera ros2 node[0m
[static_transform_publisher-2] [33m[WARN] [1782960350.662852506] []: Old-style arguments are deprecated; see --help for new-style arguments[0m
[static_transform_publisher-3] [33m[WARN] [1782960350.665215760] []: Old-style arguments are deprecated; see --help for new-style arguments[0m
[ascamera_node-1] 2026-07-02 02:45:50[INFO] [CameraPublisher.cpp] [1558] [printLaunchParams] get depth_width 640
[ascamera_node-1] 2026-07-02 02:45:50[INFO] [CameraPublisher.cpp] [1559] [printLaunchParams] get depth_height 480
[ascamera_node-1] 2026-07-02 02:45:50[INFO] [CameraPublisher.cpp] [1561] [printLaunchParams] get rgb_width 640
[ascamera_node-1] 2026-07-02 02:45:50[INFO] [CameraPublisher.cpp] [1562] [printLaunchParams] get rgb_height 480
[ascamera_node-1] 2026-07-02 02:45:50[INFO] [CameraPublisher.cpp] [1570] [printLaunchParams] get set_fps 15
[ascamera_node-1] 2026-07-02 02:45:50[INFO] [CameraPublisher.cpp] [1578] [printLaunchParams] get color_pcl 1
[ascamera_node-1] 2026-07-02 02:45:50[INFO] [CameraPublisher.cpp] [1582] [printLaunchParams] get pub_tfTree 1
[ascamera_node-1] 2026-07-02 02:45:50[INFO] [CameraSrv.cpp] [35] [CameraSrv] Angstrong camera server
[ascamera_node-1] 2026-07-02 02:45:50[INFO] [CameraSrv.cpp] [45] [CameraSrv] Angstrong camera sdk version:v1.2.22.20240516
[robot_state_publisher-5] [0m[INFO] [1782960350.742815241] [robot_state_publisher]: got segment base_footprint[0m
[static_transform_publisher-2] [0m[INFO] [1782960350.743567504] [static_transform_publisher_kN7rkTYORFQVwBCz]: Spinning until stopped - publishing transform
[static_transform_publisher-2] translation: ('0.000000', '0.000000', '0.000000')
[static_transform_publisher-2] rotation: ('-0.500000', '0.499602', '-0.500000', '0.500398')
[static_transform_publisher-2] from 'depth_cam' to 'ascamera_camera_link_0'[0m
[robot_state_publisher-5] [0m[INFO] [1782960350.744286101] [robot_state_publisher]: got segment base_link[0m
[robot_state_publisher-5] [0m[INFO] [1782960350.744320101] [robot_state_publisher]: got segment depth_cam[0m
[robot_state_publisher-5] [0m[INFO] [1782960350.744331009] [robot_state_publisher]: got segment imu_link[0m
[robot_state_publisher-5] [0m[INFO] [1782960350.744338786] [robot_state_publisher]: got segment lidar_frame[0m
[robot_state_publisher-5] [0m[INFO] [1782960350.744346509] [robot_state_publisher]: got segment wheel_lb_Link[0m
[robot_state_publisher-5] [0m[INFO] [1782960350.744355138] [robot_state_publisher]: got segment wheel_lf_Link[0m
[robot_state_publisher-5] [0m[INFO] [1782960350.744363453] [robot_state_publisher]: got segment wheel_rb_Link[0m
[robot_state_publisher-5] [0m[INFO] [1782960350.744429343] [robot_state_publisher]: got segment wheel_rf_Link[0m
[static_transform_publisher-3] [0m[INFO] [1782960350.761413380] [static_transform_publisher_BZp4YFdSpwWxTZeq]: Spinning until stopped - publishing transform
[static_transform_publisher-3] translation: ('0.000000', '0.000000', '0.000000')
[static_transform_publisher-3] rotation: ('-0.500000', '0.499602', '-0.500000', '0.500398')
[static_transform_publisher-3] from 'depth_cam' to 'ascamera_color_0'[0m
[joint_state_publisher-4] [0m[INFO] [1782960351.300228244] [joint_state_publisher]: Waiting for robot_description to be published on the robot_description topic...[0m
[odom_publisher-7] [0m[INFO] [1782960351.709057469] [odom_publisher]: [1;32m0.930000 1.010000[0m[0m
[ascamera_node-1] 2026-07-02 02:45:51[INFO] [CameraSrv.cpp] [114] [onAttached] attached
[ascamera_node-1] 2026-07-02 02:45:51[INFO] [CameraSrv.cpp] [145] [onAttached] this is a new attach device, create and open it
[odom_publisher-7] [0m[INFO] [1782960351.740506994] [odom_publisher]: [1;32mstart[0m[0m
[self_driving-10] [0m[INFO] [1782960352.536946716] [self_driving]: [INIT] init_process started[0m
[self_driving-10] [0m[INFO] [1782960352.537606479] [self_driving]: [INIT] only_line_follow=False[0m
[self_driving-10] [0m[INFO] [1782960352.538199501] [self_driving]: [INIT] request /yolov5/start[0m
[ros_robot_controller-6] [0m[INFO] [1782960352.607966569] [ros_robot_controller]: 已设置舵机 1 的偏移量为 0[0m
[ros_robot_controller-6] [0m[INFO] [1782960352.609440410] [ros_robot_controller]: 已设置舵机 2 的偏移量为 0[0m
[ros_robot_controller-6] [0m[INFO] [1782960352.610794788] [ros_robot_controller]: 已设置舵机 3 的偏移量为 4[0m
[ros_robot_controller-6] [0m[INFO] [1782960352.612749799] [ros_robot_controller]: 已设置舵机 4 的偏移量为 0[0m
[ros_robot_controller-6] [0m[INFO] [1782960352.621215475] [ros_robot_controller]: [1;32mstart[0m[0m
[ascamera_node-1] 2026-07-02 02:45:52[INFO] [CameraSrv.cpp] [154] [onAttached] get model type 9
[ascamera_node-1] 2026-07-02 02:45:52[INFO] [CameraSrv.cpp] [342] [getConfigFile] get file: /home/ubuntu/third_party_ros2/third_party_ws/src/ascamera/configurationfiles/hp60c_v2_00_20230704_configEncrypt.json
[ascamera_node-1] 2026-07-02 02:45:52[INFO] [CameraPublisher.cpp] [1501] [logCameraPathInfo] usb camera
[ascamera_node-1] 2026-07-02 02:45:52[INFO] [CameraPublisher.cpp] [1502] [logCameraPathInfo] bnum:1
[ascamera_node-1] 2026-07-02 02:45:52[INFO] [CameraPublisher.cpp] [1503] [logCameraPathInfo] dnum:31
[ascamera_node-1] 2026-07-02 02:45:52[INFO] [CameraPublisher.cpp] [1504] [logCameraPathInfo] port_numbers:2
[ascamera_node-1] 2026-07-02 02:45:52[INFO] [CameraPublisher.cpp] [171] [onCameraAttached] create a new publisher info set
[ascamera_node-1] 2026-07-02 02:45:52[INFO] [TfTreeFrameIdInfo.cpp] [11] [TfTreeFrameIdInfo] Namespace /ascamera
[ascamera_node-1] 2026-07-02 02:45:52[INFO] [CameraHp60c.cpp] [128] [open] according to the configuration file.
[ascamera_node-1] 2026-07-02 02:45:52[INFO] [CameraHp60c.cpp] [1528] [parseConfigFileParameter] moduleName:AS_CAM_HP60C
[ascamera_node-1] 2026-07-02 02:45:52[INFO] [CameraHp60c.cpp] [1555] [parseConfigFileParameter] Parsing config file /home/ubuntu/third_party_ros2/third_party_ws/src/ascamera/configurationfiles/hp60c_v2_00_20230704_configEncrypt.json
[ascamera_node-1] 2026-07-02 02:45:52[INFO] [CameraHp60c.cpp] [1620] [parseConfigFileParameter] configuration protocol Version: v2.x
[ascamera_node-1] 2026-07-02 02:45:52[INFO] [CameraHp60c.cpp] [1631] [parseConfigFileParameter] configuration Version: v2.0.0.20230704
[ascamera_node-1] 2026-07-02 02:45:52[INFO] [CameraHp60c.cpp] [1796] [setParamersAfterOpenCam] Camera confiParaEnable true, setting configuration parameter
[ascamera_node-1] 2026-07-02 02:45:54[ERROR] [XuCmdCameraHp60c.cpp] [454] [getMjpegSize] get mjpeg from xu command failed
[ascamera_node-1] 2026-07-02 02:45:54[INFO] [XuCmdCameraHp60c.cpp] [458] [getMjpegSize] mjpeg size:640x480
[ascamera_node-1] 2026-07-02 02:45:54[INFO] [CameraPublisher.cpp] [356] [onCameraOpen] camera opened
[ascamera_node-1] 2026-07-02 02:45:54[INFO] [CameraPublisher.cpp] [370] [onCameraOpen] get config info, ret 0, is_Registration 1
[ascamera_node-1] 2026-07-02 02:45:54[INFO] [Camera.cpp] [61] [init] #camera[0x5556596f2710] SN[ASC60CF08000515]'s firmware version:DLS_VERc20865=:V01.09_2024110714:V01.19_2024110714:L01
[ascamera_node-1] 2026-07-02 02:45:54[INFO] [CameraPublisher.cpp] [1183] [setResolution] set depth resolution: 640 x 480 @ 15fps
[ascamera_node-1] 2026-07-02 02:45:54[INFO] [CameraPublisher.cpp] [1197] [setResolution] set rgb resolution: 640 x 480 @ 15fps
[ascamera_node-1] 2026-07-02 02:45:54[INFO] [CameraHp60c.cpp] [260] [startStreaming] start streaming
[ascamera_node-1] 2026-07-02 02:45:54[INFO] [CameraSrv.cpp] [202] [onAttached] attached end
[self_driving-10] [33m[WARN] [1782960354.541140029] [self_driving]: [YOLO_SERVICE] service not ready, continue without blocking[0m
[self_driving-10] [0m[INFO] [1782960355.042292002] [self_driving]: [INIT] enter + set_running start[0m
[self_driving-10] [0m[INFO] [1782960355.042836616] [self_driving]: [1;32mself driving enter[0m[0m
[self_driving-10] [0m[INFO] [1782960355.051964296] [self_driving]: [SUB] image=/ascamera/camera_publisher/rgb0/image object=/yolov5_ros2/object_detect[0m
[self_driving-10] [0m[INFO] [1782960355.052645966] [self_driving]: [1;32mset_running[0m[0m
[self_driving-10] [0m[INFO] [1782960355.054613273] [self_driving]: [1;32m[START] hybrid self_driving start: auto LINE_FOLLOW[0m[0m
[INFO] [apply_calib-11]: process started with pid [345628]
[INFO] [complementary_filter_node-12]: process started with pid [345630]
[ascamera_node-1] 2026-07-02 02:45:55[INFO] [CameraHp60c.cpp] [912] [setInternalParameter] mjpeg info: size(640x480)
[apply_calib-11] [0m[INFO] [1782960356.056308511] [imu_calib]: Calibrating gyros; do not move the IMU[0m
[complementary_filter_node-12] [0m[INFO] [1782960356.075946489] [imu_filter]: Starting ComplementaryFilterROS[0m
[ascamera_node-1] 2026-07-02 02:45:56[INFO] [Camera.cpp] [127] [backgroundThread] SN [ ASC60CF08000515 ]'s parameter:
[ascamera_node-1] 2026-07-02 02:45:56[INFO] [Camera.cpp] [128] [backgroundThread] irfx: 426.962
[ascamera_node-1] 2026-07-02 02:45:56[INFO] [Camera.cpp] [129] [backgroundThread] irfy: 426.374
[ascamera_node-1] 2026-07-02 02:45:56[INFO] [Camera.cpp] [130] [backgroundThread] ircx: 315.403
[ascamera_node-1] 2026-07-02 02:45:56[INFO] [Camera.cpp] [131] [backgroundThread] ircy: 240.933
[ascamera_node-1] 2026-07-02 02:45:56[INFO] [Camera.cpp] [132] [backgroundThread] rgbfx: 570.48
[ascamera_node-1] 2026-07-02 02:45:56[INFO] [Camera.cpp] [133] [backgroundThread] rgbfy: 569.949
[ascamera_node-1] 2026-07-02 02:45:56[INFO] [Camera.cpp] [134] [backgroundThread] rgbcx: 329.75
[ascamera_node-1] 2026-07-02 02:45:56[INFO] [Camera.cpp] [135] [backgroundThread] rgbcy: 238.406
[ascamera_node-1] 
[ascamera_node-1] 2026-07-02 02:45:56[INFO] [CameraHp60c.cpp] [1149] [streamCallback] set gain ret 0, gain 4
[self_driving-10] [0m[INFO] [1782960356.564790783] [self_driving]: [IMAGE] received count=1 shape=(480, 640, 3) queue=0[0m
[self_driving-10] [0m[INFO] [1782960356.748120011] [self_driving]: [DEBUG_DRIVE] state=LINE_FOLLOW raw_lane_x=27.0 lane_x=27.0 filter=init linear=0.30 angular=0.10 cw_y=0 right_done=False start_turn=False count_turn=0 traffic=None stop=False[0m
[yolo_detect-9] [0m[INFO] [1782960357.133736886] [yolov5_ros2]: Current ROS 2 distribution: humble[0m
[self_driving-10] [0m[INFO] [1782960357.282516777] [self_driving]: [DEBUG_DRIVE] state=LINE_FOLLOW raw_lane_x=40.5 lane_x=40.5 filter=stable linear=0.30 angular=0.10 cw_y=0 right_done=False start_turn=False count_turn=0 traffic=None stop=False[0m
[self_driving-10] [0m[INFO] [1782960357.785496259] [self_driving]: [DEBUG_DRIVE] state=LINE_FOLLOW raw_lane_x=62.5 lane_x=62.5 filter=stable linear=0.30 angular=0.10 cw_y=0 right_done=False start_turn=False count_turn=0 traffic=None stop=False[0m
[apply_calib-11] [0m[INFO] [1782960358.122970000] [imu_calib]: Gyro calibration complete! (bias = [-0.013, 0.025, 0.069])[0m
[self_driving-10] [0m[INFO] [1782960358.297205790] [self_driving]: [DEBUG_DRIVE] state=LINE_FOLLOW raw_lane_x=89.0 lane_x=89.0 filter=stable linear=0.30 angular=0.10 cw_y=0 right_done=False start_turn=False count_turn=0 traffic=None stop=False[0m
[self_driving-10] [0m[INFO] [1782960358.574472737] [self_driving]: [IMAGE] received count=29 shape=(480, 640, 3) queue=0[0m
[self_driving-10] [0m[INFO] [1782960358.816821789] [self_driving]: [DEBUG_DRIVE] state=LINE_FOLLOW raw_lane_x=119.0 lane_x=119.0 filter=stable linear=0.30 angular=0.10 cw_y=0 right_done=False start_turn=False count_turn=0 traffic=None stop=False[0m
[self_driving-10] [0m[INFO] [1782960359.271038097] [self_driving]: [OBJECTS] msg_count=1 n=1 names=['crosswalk'][0m
[self_driving-10] [0m[INFO] [1782960359.272670772] [self_driving]: [CW_CANDIDATE] name=crosswalkcx=320 cy=425 area=70400 score=0.90 [0m
[self_driving-10] [0m[INFO] [1782960359.281214467] [self_driving]: [CW_CANDIDATE] name=crosswalkcx=386 cy=206 area=4692 score=0.86 [0m
[self_driving-10] [0m[INFO] [1782960359.328673765] [self_driving]: [DEBUG_DRIVE] state=LINE_FOLLOW raw_lane_x=180.5 lane_x=180.5 filter=stable linear=0.30 angular=-0.10 cw_y=206 right_done=False start_turn=False count_turn=0 traffic=None stop=False[0m
[self_driving-10] [0m[INFO] [1782960359.509019477] [self_driving]: [CROSSWALK_SLOW] y=206 th=180 confirm=4[0m
[self_driving-10] [0m[INFO] [1782960359.661755574] [self_driving]: [CW_CANDIDATE] name=crosswalkcx=443 cy=227 area=9666 score=0.88 [0m
[self_driving-10] [0m[INFO] [1782960360.022413405] [self_driving]: [OBJECTS] msg_count=4 n=1 names=['crosswalk'][0m
[self_driving-10] [0m[INFO] [1782960360.024517046] [self_driving]: [CW_CANDIDATE] name=crosswalkcx=461 cy=250 area=12780 score=0.90 [0m
[self_driving-10] [0m[INFO] [1782960360.086323015] [self_driving]: [CW_STAGE 2] 정지선 앞 완전 정지! elapsed=0.58s[0m
[self_driving-10] [0m[INFO] [1782960360.142452638] [self_driving]: [CW_STAGE 2] 정지선 앞 완전 정지! elapsed=0.63s[0m
[self_driving-10] [0m[INFO] [1782960360.197476940] [self_driving]: [CW_STAGE 2] 정지선 앞 완전 정지! elapsed=0.68s[0m
[self_driving-10] [0m[INFO] [1782960360.251367680] [self_driving]: [CW_STAGE 2] 정지선 앞 완전 정지! elapsed=0.74s[0m
[self_driving-10] [0m[INFO] [1782960360.321935308] [self_driving]: [CW_STAGE 2] 정지선 앞 완전 정지! elapsed=0.81s[0m
[self_driving-10] [0m[INFO] [1782960360.387964374] [self_driving]: [CW_STAGE 2] 정지선 앞 완전 정지! elapsed=0.88s[0m
[self_driving-10] [0m[INFO] [1782960360.426623864] [self_driving]: [CW_CANDIDATE] name=crosswalkcx=440 cy=284 area=19950 score=0.93 [0m
[self_driving-10] [0m[INFO] [1782960360.458701929] [self_driving]: [CW_STAGE 2] 정지선 앞 완전 정지! elapsed=0.95s[0m
[self_driving-10] [0m[INFO] [1782960360.535826704] [self_driving]: [CW_STAGE 2] 정지선 앞 완전 정지! elapsed=1.03s[0m
[self_driving-10] [0m[INFO] [1782960360.579037663] [self_driving]: [IMAGE] received count=59 shape=(480, 640, 3) queue=0[0m
[self_driving-10] [0m[INFO] [1782960360.589127052] [self_driving]: [CW_STAGE 2] 정지선 앞 완전 정지! elapsed=1.08s[0m
[self_driving-10] [0m[INFO] [1782960360.665133228] [self_driving]: [CW_STAGE 2] 정지선 앞 완전 정지! elapsed=1.16s[0m
[self_driving-10] [0m[INFO] [1782960360.741977891] [self_driving]: [CW_STAGE 2] 정지선 앞 완전 정지! elapsed=1.23s[0m
[self_driving-10] [0m[INFO] [1782960360.794397364] [self_driving]: [CW_STAGE 2] 정지선 앞 완전 정지! elapsed=1.28s[0m
[self_driving-10] [0m[INFO] [1782960360.842323293] [self_driving]: [OBJECTS] msg_count=6 n=1 names=['crosswalk'][0m
[self_driving-10] [0m[INFO] [1782960360.844604713] [self_driving]: [CW_CANDIDATE] name=crosswalkcx=408 cy=365 area=39216 score=0.91 [0m
[self_driving-10] [0m[INFO] [1782960360.899446811] [self_driving]: [CW_STAGE 2] 정지선 앞 완전 정지! elapsed=1.39s[0m
[self_driving-10] [0m[INFO] [1782960360.929297197] [self_driving]: [CW_STAGE 2] 정지선 앞 완전 정지! elapsed=1.42s[0m
[self_driving-10] [0m[INFO] [1782960360.994144738] [self_driving]: [CW_STAGE 2] 정지선 앞 완전 정지! elapsed=1.49s[0m
[self_driving-10] [0m[INFO] [1782960361.070556212] [self_driving]: [CW_STAGE 2] 정지선 앞 완전 정지! elapsed=1.56s[0m
[self_driving-10] [0m[INFO] [1782960361.129697926] [self_driving]: [CW_STAGE 2] 정지선 앞 완전 정지! elapsed=1.62s[0m
[self_driving-10] [0m[INFO] [1782960361.193649277] [self_driving]: [CW_STAGE 2] 정지선 앞 완전 정지! elapsed=1.68s[0m
[self_driving-10] [0m[INFO] [1782960361.271322425] [self_driving]: [CW_CANDIDATE] name=crosswalkcx=405 cy=414 area=60984 score=0.90 [0m
[self_driving-10] [0m[INFO] [1782960361.279305006] [self_driving]: [CW_STAGE 2] 정지선 앞 완전 정지! elapsed=1.77s[0m
[self_driving-10] [0m[INFO] [1782960361.348955444] [self_driving]: [CW_STAGE 2] 정지선 앞 완전 정지! elapsed=1.84s[0m
[self_driving-10] [0m[INFO] [1782960361.409409998] [self_driving]: [CW_STAGE 2] 정지선 앞 완전 정지! elapsed=1.90s[0m
[self_driving-10] [0m[INFO] [1782960361.482494695] [self_driving]: [CW_STAGE 2] 정지선 앞 완전 정지! elapsed=1.97s[0m
[self_driving-10] [0m[INFO] [1782960361.533228492] [self_driving]: [CW_STAGE 3] 미션 완료 -> 정상 속도 회복 및 6초 락 가동[0m
[self_driving-10] [0m[INFO] [1782960361.533946200] [self_driving]: [DEBUG_DRIVE] state=LINE_FOLLOW raw_lane_x=236.0 lane_x=236.0 filter=stable linear=0.30 angular=-0.45 cw_y=414 right_done=False start_turn=False count_turn=1 traffic=None stop=False[0m
[self_driving-10] [0m[INFO] [1782960361.638743645] [self_driving]: [OBJECTS] msg_count=8 n=1 names=['crosswalk'][0m
[self_driving-10] [0m[INFO] [1782960361.641127492] [self_driving]: [CW_CANDIDATE] name=crosswalkcx=396 cy=416 area=60960 score=0.92 [0m
[self_driving-10] [0m[INFO] [1782960362.023557090] [self_driving]: [CW_CANDIDATE] name=crosswalkcx=396 cy=416 area=60706 score=0.92 [0m
[self_driving-10] [0m[INFO] [1782960362.094396664] [self_driving]: [DEBUG_DRIVE] state=LINE_FOLLOW raw_lane_x=115.5 lane_x=115.5 filter=stable linear=0.30 angular=0.00 cw_y=416 right_done=False start_turn=True count_turn=0 traffic=None stop=False[0m
[self_driving-10] [0m[INFO] [1782960362.388469019] [self_driving]: [OBJECTS] msg_count=10 n=1 names=['crosswalk'][0m
[self_driving-10] [0m[INFO] [1782960362.398711279] [self_driving]: [CW_CANDIDATE] name=crosswalkcx=398 cy=416 area=60706 score=0.92 [0m
[self_driving-10] [0m[INFO] [1782960362.594037906] [self_driving]: [IMAGE] received count=89 shape=(480, 640, 3) queue=0[0m
[self_driving-10] [0m[INFO] [1782960362.605252931] [self_driving]: [DEBUG_DRIVE] state=LINE_FOLLOW raw_lane_x=98.0 lane_x=98.0 filter=stable linear=0.30 angular=0.00 cw_y=416 right_done=False start_turn=True count_turn=0 traffic=None stop=False[0m
[self_driving-10] [0m[INFO] [1782960362.811167079] [self_driving]: [CW_CANDIDATE] name=crosswalkcx=394 cy=420 area=58320 score=0.93 [0m
[self_driving-10] [0m[INFO] [1782960363.149284453] [self_driving]: [DEBUG_DRIVE] state=LINE_FOLLOW raw_lane_x=90.0 lane_x=90.0 filter=stable linear=0.30 angular=0.00 cw_y=420 right_done=False start_turn=True count_turn=0 traffic=None stop=False[0m
[self_driving-10] [0m[INFO] [1782960363.683127364] [self_driving]: [DEBUG_DRIVE] state=LINE_FOLLOW raw_lane_x=88.0 lane_x=88.0 filter=stable linear=0.30 angular=0.00 cw_y=420 right_done=False start_turn=True count_turn=0 traffic=None stop=False[0m
[self_driving-10] [0m[INFO] [1782960363.951160113] [self_driving]: [OBJECTS] msg_count=12 n=1 names=['crosswalk'][0m
[self_driving-10] [0m[INFO] [1782960363.958543283] [self_driving]: [CW_CANDIDATE] name=crosswalkcx=470 cy=311 area=13300 score=0.46 [0m
[self_driving-10] [0m[INFO] [1782960364.223470089] [self_driving]: [DEBUG_DRIVE] state=LINE_FOLLOW raw_lane_x=200.0 lane_x=200.0 filter=stable linear=0.30 angular=-0.10 cw_y=311 right_done=False start_turn=False count_turn=0 traffic=None stop=False[0m
[self_driving-10] [0m[INFO] [1782960364.609348854] [self_driving]: [IMAGE] received count=119 shape=(480, 640, 3) queue=0[0m
[self_driving-10] [0m[INFO] [1782960364.788102002] [self_driving]: [DEBUG_DRIVE] state=LINE_FOLLOW raw_lane_x=308.5 lane_x=308.5 filter=stable linear=0.30 angular=-0.45 cw_y=311 right_done=False start_turn=True count_turn=2 traffic=None stop=False[0m
[self_driving-10] [33m[WARN] [1782960364.838512316] [self_driving]: [LANE_X_JUMP_REJECT] raw=163.5 last=308.5 diff=145.0 candidate=163.5 cnt=1/4[0m
[self_driving-10] [0m[INFO] [1782960365.302359768] [self_driving]: [DEBUG_DRIVE] state=LINE_FOLLOW raw_lane_x=203.0 lane_x=203.0 filter=stable linear=0.30 angular=-0.45 cw_y=311 right_done=False start_turn=True count_turn=1 traffic=None stop=False[0m
[self_driving-10] [33m[WARN] [1782960365.427044860] [self_driving]: [LANE_X_JUMP_REJECT] raw=301.0 last=218.5 diff=82.5 candidate=301.0 cnt=1/4[0m
[self_driving-10] [33m[WARN] [1782960365.777839544] [self_driving]: [LANE_LOST] raw_lane_x=-1 lane_x=-1 filter=lost stop=False state=LINE_FOLLOW safe_linear=0.00 right_ready=False right_done=False[0m
[self_driving-10] [0m[INFO] [1782960365.857823613] [self_driving]: [DEBUG_DRIVE] state=LINE_FOLLOW raw_lane_x=-1 lane_x=-1 filter=lost linear=0.30 angular=0.00 cw_y=311 right_done=False start_turn=True count_turn=7 traffic=None stop=False[0m
[self_driving-10] [33m[WARN] [1782960366.314486897] [self_driving]: [LANE_LOST] raw_lane_x=-1 lane_x=-1 filter=lost stop=False state=LINE_FOLLOW safe_linear=0.00 right_ready=False right_done=False[0m
[self_driving-10] [0m[INFO] [1782960366.363391684] [self_driving]: [DEBUG_DRIVE] state=LINE_FOLLOW raw_lane_x=-1 lane_x=-1 filter=lost linear=0.30 angular=0.00 cw_y=311 right_done=False start_turn=True count_turn=7 traffic=None stop=False[0m
[self_driving-10] [0m[INFO] [1782960366.638539749] [self_driving]: [IMAGE] received count=149 shape=(480, 640, 3) queue=0[0m
[self_driving-10] [33m[WARN] [1782960366.868188009] [self_driving]: [LANE_LOST] raw_lane_x=-1 lane_x=-1 filter=lost stop=False state=LINE_FOLLOW safe_linear=0.00 right_ready=False right_done=False[0m
[self_driving-10] [0m[INFO] [1782960366.869340164] [self_driving]: [DEBUG_DRIVE] state=LINE_FOLLOW raw_lane_x=-1 lane_x=-1 filter=lost linear=0.30 angular=0.00 cw_y=311 right_done=False start_turn=True count_turn=7 traffic=None stop=False[0m
[self_driving-10] [33m[WARN] [1782960367.386935912] [self_driving]: [LANE_LOST] raw_lane_x=-1 lane_x=-1 filter=lost stop=False state=LINE_FOLLOW safe_linear=0.00 right_ready=False right_done=False[0m
[self_driving-10] [0m[INFO] [1782960367.389309554] [self_driving]: [DEBUG_DRIVE] state=LINE_FOLLOW raw_lane_x=-1 lane_x=-1 filter=lost linear=0.30 angular=0.00 cw_y=311 right_done=False start_turn=True count_turn=7 traffic=None stop=False[0m
[self_driving-10] [33m[WARN] [1782960367.910986510] [self_driving]: [LANE_LOST] raw_lane_x=-1 lane_x=-1 filter=lost stop=False state=LINE_FOLLOW safe_linear=0.00 right_ready=False right_done=False[0m
[self_driving-10] [0m[INFO] [1782960367.918559644] [self_driving]: [DEBUG_DRIVE] state=LINE_FOLLOW raw_lane_x=-1 lane_x=-1 filter=lost linear=0.30 angular=0.00 cw_y=311 right_done=False start_turn=True count_turn=7 traffic=None stop=False[0m
[self_driving-10] [33m[WARN] [1782960368.049410899] [self_driving]: [LANE_X_JUMP_REJECT] raw=310.0 last=218.5 diff=91.5 candidate=301.0 cnt=2/4[0m
[self_driving-10] [0m[INFO] [1782960368.466511188] [self_driving]: [DEBUG_DRIVE] state=LINE_FOLLOW raw_lane_x=162.0 lane_x=162.0 filter=stable linear=0.30 angular=-0.10 cw_y=311 right_done=False start_turn=False count_turn=0 traffic=None stop=False[0m
[self_driving-10] [0m[INFO] [1782960368.666123135] [self_driving]: [IMAGE] received count=179 shape=(480, 640, 3) queue=0[0m
[self_driving-10] [0m[INFO] [1782960369.015805017] [self_driving]: [DEBUG_DRIVE] state=LINE_FOLLOW raw_lane_x=134.5 lane_x=134.5 filter=stable linear=0.30 angular=-0.10 cw_y=311 right_done=False start_turn=False count_turn=0 traffic=None stop=False[0m
[self_driving-10] [0m[INFO] [1782960369.332654422] [self_driving]: [OBJECTS] msg_count=13 n=1 names=['crosswalk'][0m
[self_driving-10] [0m[INFO] [1782960369.333192999] [self_driving]: [CW_CANDIDATE] name=crosswalkcx=296 cy=223 area=4554 score=0.68 [0m
[self_driving-10] [0m[INFO] [1782960369.536072909] [self_driving]: [DEBUG_DRIVE] state=LINE_FOLLOW raw_lane_x=125.0 lane_x=125.0 filter=stable linear=0.30 angular=0.10 cw_y=223 right_done=False start_turn=False count_turn=0 traffic=None stop=False[0m
[self_driving-10] [0m[INFO] [1782960370.061819627] [self_driving]: [DEBUG_DRIVE] state=LINE_FOLLOW raw_lane_x=151.5 lane_x=151.5 filter=stable linear=0.30 angular=-0.10 cw_y=0 right_done=False start_turn=False count_turn=0 traffic=None stop=False[0m
[self_driving-10] [0m[INFO] [1782960370.076512116] [self_driving]: [OBJECTS] msg_count=16 n=1 names=['go'][0m
[self_driving-10] [0m[INFO] [1782960370.078928610] [self_driving]: [CW_CANDIDATE] name=crosswalkcx=380 cy=194 area=2200 score=0.85 [0m
[self_driving-10] [0m[INFO] [1782960370.083625340] [self_driving]: [CW_CANDIDATE] name=crosswalkcx=497 cy=11 area=6509 score=0.62 [0m
[self_driving-10] [0m[INFO] [1782960370.440748040] [self_driving]: [CW_CANDIDATE] name=crosswalkcx=410 cy=313 area=26220 score=0.91 [0m
[self_driving-10] [0m[INFO] [1782960370.444276060] [self_driving]: [CW_CANDIDATE] name=crosswalkcx=381 cy=201 area=2497 score=0.85 [0m
[self_driving-10] [0m[INFO] [1782960370.461403320] [self_driving]: [CW_CANDIDATE] name=crosswalkcx=491 cy=9 area=5624 score=0.60 [0m
[self_driving-10] [0m[INFO] [1782960370.616638135] [self_driving]: [CROSSWALK_IGNORE] y=9 < th=180[0m
[self_driving-10] [0m[INFO] [1782960370.617592844] [self_driving]: [DEBUG_DRIVE] state=LINE_FOLLOW raw_lane_x=128.0 lane_x=128.0 filter=stable linear=0.30 angular=-0.10 cw_y=9 right_done=False start_turn=False count_turn=0 traffic=None stop=False[0m
[self_driving-10] [0m[INFO] [1782960370.741632136] [self_driving]: [IMAGE] received count=210 shape=(480, 640, 3) queue=0[0m
[self_driving-10] [0m[INFO] [1782960370.831100405] [self_driving]: [OBJECTS] msg_count=23 n=1 names=['crosswalk'][0m
[self_driving-10] [0m[INFO] [1782960370.831777260] [self_driving]: [CW_CANDIDATE] name=crosswalkcx=368 cy=398 area=71544 score=0.91 [0m
[self_driving-10] [0m[INFO] [1782960370.834992556] [self_driving]: [CW_CANDIDATE] name=crosswalkcx=388 cy=208 area=3584 score=0.85 [0m
[self_driving-10] [0m[INFO] [1782960370.839000522] [self_driving]: [CW_CANDIDATE] name=crosswalkcx=495 cy=7 area=4046 score=0.66 [0m
[self_driving-10] [0m[INFO] [1782960371.137146047] [self_driving]: [CROSSWALK_IGNORE] y=7 < th=180[0m
[self_driving-10] [0m[INFO] [1782960371.138719722] [self_driving]: [DEBUG_DRIVE] state=LINE_FOLLOW raw_lane_x=132.5 lane_x=132.5 filter=stable linear=0.30 angular=-0.10 cw_y=7 right_done=False start_turn=False count_turn=0 traffic=None stop=False[0m
[self_driving-10] [0m[INFO] [1782960371.176563837] [self_driving]: [CW_CANDIDATE] name=crosswalkcx=406 cy=220 area=5700 score=0.87 [0m
[self_driving-10] [0m[INFO] [1782960371.179362927] [self_driving]: [CW_CANDIDATE] name=crosswalkcx=318 cy=470 area=11466 score=0.63 [0m
[self_driving-10] [0m[INFO] [1782960371.183395282] [self_driving]: [CW_CANDIDATE] name=crosswalkcx=507 cy=4 area=2120 score=0.51 [0m
[self_driving-10] [0m[INFO] [1782960371.572713178] [self_driving]: [OBJECTS] msg_count=31 n=1 names=['crosswalk'][0m
[self_driving-10] [0m[INFO] [1782960371.573766091] [self_driving]: [CW_CANDIDATE] name=crosswalkcx=416 cy=235 area=9968 score=0.89 [0m
[self_driving-10] [0m[INFO] [1782960371.641931502] [self_driving]: [DEBUG_DRIVE] state=LINE_FOLLOW raw_lane_x=127.5 lane_x=127.5 filter=stable linear=0.30 angular=-0.10 cw_y=0 right_done=False start_turn=False count_turn=0 traffic=None stop=False[0m
[self_driving-10] [0m[INFO] [1782960371.953989807] [self_driving]: [CW_CANDIDATE] name=crosswalkcx=426 cy=261 area=16302 score=0.92 [0m
[self_driving-10] [0m[INFO] [1782960372.158660727] [self_driving]: [DEBUG_DRIVE] state=LINE_FOLLOW raw_lane_x=128.0 lane_x=128.0 filter=stable linear=0.30 angular=0.10 cw_y=261 right_done=False start_turn=False count_turn=0 traffic=None stop=False[0m
[self_driving-10] [0m[INFO] [1782960372.324018208] [self_driving]: [OBJECTS] msg_count=34 n=1 names=['crosswalk'][0m
[self_driving-10] [0m[INFO] [1782960372.325649754] [self_driving]: [CW_CANDIDATE] name=crosswalkcx=405 cy=303 area=29106 score=0.91 [0m
[self_driving-10] [0m[INFO] [1782960372.680584535] [self_driving]: [CW_CANDIDATE] name=crosswalkcx=373 cy=370 area=59024 score=0.92 [0m
[ekf_node-8] Failed to meet update rate! Took 0.010956782999999999453seconds. Try decreasing the rate, limiting sensor output frequency, or limiting the number of sensors.
[self_driving-10] [0m[INFO] [1782960372.725228521] [self_driving]: [DEBUG_DRIVE] state=LINE_FOLLOW raw_lane_x=137.5 lane_x=137.5 filter=stable linear=0.30 angular=-0.10 cw_y=370 right_done=False start_turn=False count_turn=0 traffic=None stop=False[0m
[self_driving-10] [0m[INFO] [1782960372.772733134] [self_driving]: [IMAGE] received count=240 shape=(480, 640, 3) queue=0[0m
[self_driving-10] [0m[INFO] [1782960373.043903974] [self_driving]: [OBJECTS] msg_count=36 n=1 names=['crosswalk'][0m
[self_driving-10] [0m[INFO] [1782960373.046405969] [self_driving]: [CW_CANDIDATE] name=crosswalkcx=338 cy=448 area=36722 score=0.88 [0m
[self_driving-10] [0m[INFO] [1782960373.241079926] [self_driving]: [DEBUG_DRIVE] state=LINE_FOLLOW raw_lane_x=124.0 lane_x=124.0 filter=stable linear=0.30 angular=0.10 cw_y=448 right_done=False start_turn=False count_turn=0 traffic=None stop=False[0m
[self_driving-10] [0m[INFO] [1782960373.790347033] [self_driving]: [DEBUG_DRIVE] state=LINE_FOLLOW raw_lane_x=132.5 lane_x=132.5 filter=stable linear=0.30 angular=-0.10 cw_y=0 right_done=False start_turn=False count_turn=0 traffic=None stop=False[0m
[self_driving-10] [0m[INFO] [1782960374.294542448] [self_driving]: [DEBUG_DRIVE] state=LINE_FOLLOW raw_lane_x=129.0 lane_x=129.0 filter=stable linear=0.30 angular=0.10 cw_y=0 right_done=False start_turn=False count_turn=0 traffic=None stop=False[0m
[self_driving-10] [0m[INFO] [1782960374.842087156] [self_driving]: [IMAGE] received count=271 shape=(480, 640, 3) queue=0[0m
[self_driving-10] [0m[INFO] [1782960374.852128526] [self_driving]: [DEBUG_DRIVE] state=LINE_FOLLOW raw_lane_x=136.0 lane_x=136.0 filter=stable linear=0.30 angular=-0.10 cw_y=0 right_done=False start_turn=False count_turn=0 traffic=None stop=False[0m
[self_driving-10] [0m[INFO] [1782960375.366499590] [self_driving]: [DEBUG_DRIVE] state=LINE_FOLLOW raw_lane_x=217.5 lane_x=217.5 filter=stable linear=0.30 angular=-0.45 cw_y=0 right_done=False start_turn=False count_turn=5 traffic=None stop=False[0m
[self_driving-10] [33m[WARN] [1782960375.586115665] [self_driving]: [LANE_X_JUMP_REJECT] raw=102.5 last=266.0 diff=163.5 candidate=102.5 cnt=1/4[0m
[self_driving-10] [0m[INFO] [1782960375.935326600] [self_driving]: [DEBUG_DRIVE] state=LINE_FOLLOW raw_lane_x=261.5 lane_x=261.5 filter=stable linear=0.30 angular=-0.45 cw_y=0 right_done=False start_turn=True count_turn=7 traffic=None stop=False[0m
[self_driving-10] [0m[INFO] [1782960376.454448708] [self_driving]: [DEBUG_DRIVE] state=LINE_FOLLOW raw_lane_x=-1 lane_x=298.0 filter=hold_last linear=0.30 angular=-0.45 cw_y=0 right_done=False start_turn=True count_turn=15 traffic=None stop=False[0m
[self_driving-10] [33m[WARN] [1782960376.657979566] [self_driving]: [LANE_LOST] raw_lane_x=-1 lane_x=-1 filter=lost stop=False state=LINE_FOLLOW safe_linear=0.00 right_ready=False right_done=False[0m
[self_driving-10] [0m[INFO] [1782960376.853353490] [self_driving]: [IMAGE] received count=301 shape=(480, 640, 3) queue=0[0m
[self_driving-10] [0m[INFO] [1782960376.995965198] [self_driving]: [DEBUG_DRIVE] state=LINE_FOLLOW raw_lane_x=-1 lane_x=-1 filter=lost linear=0.30 angular=0.00 cw_y=0 right_done=False start_turn=True count_turn=17 traffic=None stop=False[0m
[self_driving-10] [33m[WARN] [1782960377.199888114] [self_driving]: [LANE_LOST] raw_lane_x=-1 lane_x=-1 filter=lost stop=False state=LINE_FOLLOW safe_linear=0.00 right_ready=False right_done=False[0m
[self_driving-10] [0m[INFO] [1782960377.517904970] [self_driving]: [DEBUG_DRIVE] state=LINE_FOLLOW raw_lane_x=-1 lane_x=-1 filter=lost linear=0.30 angular=0.00 cw_y=0 right_done=False start_turn=True count_turn=17 traffic=None stop=False[0m
[self_driving-10] [33m[WARN] [1782960377.749911465] [self_driving]: [LANE_LOST] raw_lane_x=-1 lane_x=-1 filter=lost stop=False state=LINE_FOLLOW safe_linear=0.00 right_ready=False right_done=False[0m
[self_driving-10] [0m[INFO] [1782960378.079443885] [self_driving]: [DEBUG_DRIVE] state=LINE_FOLLOW raw_lane_x=-1 lane_x=-1 filter=lost linear=0.30 angular=0.00 cw_y=0 right_done=False start_turn=True count_turn=17 traffic=None stop=False[0m
[self_driving-10] [33m[WARN] [1782960378.258381737] [self_driving]: [LANE_LOST] raw_lane_x=-1 lane_x=-1 filter=lost stop=False state=LINE_FOLLOW safe_linear=0.00 right_ready=False right_done=False[0m
[self_driving-10] [0m[INFO] [1782960378.599185755] [self_driving]: [DEBUG_DRIVE] state=LINE_FOLLOW raw_lane_x=-1 lane_x=-1 filter=lost linear=0.30 angular=0.00 cw_y=0 right_done=False start_turn=True count_turn=17 traffic=None stop=False[0m
[self_driving-10] [33m[WARN] [1782960378.809979820] [self_driving]: [LANE_LOST] raw_lane_x=-1 lane_x=-1 filter=lost stop=False state=LINE_FOLLOW safe_linear=0.00 right_ready=False right_done=False[0m
[self_driving-10] [0m[INFO] [1782960378.859311738] [self_driving]: [IMAGE] received count=331 shape=(480, 640, 3) queue=0[0m
[self_driving-10] [0m[INFO] [1782960379.101941348] [self_driving]: [DEBUG_DRIVE] state=LINE_FOLLOW raw_lane_x=-1 lane_x=-1 filter=lost linear=0.30 angular=0.00 cw_y=0 right_done=False start_turn=True count_turn=17 traffic=None stop=False[0m
[self_driving-10] [33m[WARN] [1782960379.347971587] [self_driving]: [LANE_LOST] raw_lane_x=-1 lane_x=-1 filter=lost stop=False state=LINE_FOLLOW safe_linear=0.00 right_ready=False right_done=False[0m
[self_driving-10] [0m[INFO] [1782960379.607639882] [self_driving]: [DEBUG_DRIVE] state=LINE_FOLLOW raw_lane_x=-1 lane_x=-1 filter=lost linear=0.30 angular=0.00 cw_y=0 right_done=False start_turn=True count_turn=17 traffic=None stop=False[0m
[self_driving-10] [33m[WARN] [1782960379.893599988] [self_driving]: [LANE_LOST] raw_lane_x=-1 lane_x=-1 filter=lost stop=False state=LINE_FOLLOW safe_linear=0.00 right_ready=False right_done=False[0m
[self_driving-10] [0m[INFO] [1782960380.140608233] [self_driving]: [DEBUG_DRIVE] state=LINE_FOLLOW raw_lane_x=-1 lane_x=-1 filter=lost linear=0.30 angular=0.00 cw_y=0 right_done=False start_turn=True count_turn=17 traffic=None stop=False[0m
[self_driving-10] [0m[INFO] [1782960380.699147835] [self_driving]: [DEBUG_DRIVE] state=LINE_FOLLOW raw_lane_x=184.5 lane_x=184.5 filter=stable linear=0.30 angular=-0.10 cw_y=0 right_done=False start_turn=False count_turn=0 traffic=None stop=False[0m
[self_driving-10] [0m[INFO] [1782960380.908120963] [self_driving]: [IMAGE] received count=361 shape=(480, 640, 3) queue=0[0m
[self_driving-10] [0m[INFO] [1782960381.221150570] [self_driving]: [DEBUG_DRIVE] state=LINE_FOLLOW raw_lane_x=162.0 lane_x=162.0 filter=stable linear=0.30 angular=-0.10 cw_y=0 right_done=False start_turn=False count_turn=0 traffic=None stop=False[0m
[self_driving-10] [0m[INFO] [1782960381.566268815] [self_driving]: [OBJECTS] msg_count=39 n=1 names=['crosswalk'][0m
[self_driving-10] [0m[INFO] [1782960381.755421465] [self_driving]: [DEBUG_DRIVE] state=LINE_FOLLOW raw_lane_x=129.0 lane_x=129.0 filter=stable linear=0.30 angular=-0.10 cw_y=0 right_done=False start_turn=False count_turn=0 traffic=None stop=False[0m
[self_driving-10] [0m[INFO] [1782960381.920127387] [self_driving]: [CW_CANDIDATE] name=crosswalkcx=253 cy=432 area=5474 score=0.52 [0m
