[INFO] [launch]: All log files can be found below /home/ubuntu/.ros/log/2026-07-02-05-53-05-207949-raspberrypi-185534
[INFO] [launch]: Default logging verbosity is set to INFO
[INFO] [ascamera_node-1]: process started with pid [185544]
[INFO] [static_transform_publisher-2]: process started with pid [185546]
[INFO] [static_transform_publisher-3]: process started with pid [185548]
[INFO] [joint_state_publisher-4]: process started with pid [185550]
[INFO] [robot_state_publisher-5]: process started with pid [185552]
[INFO] [ros_robot_controller-6]: process started with pid [185555]
[INFO] [odom_publisher-7]: process started with pid [185569]
[INFO] [ekf_node-8]: process started with pid [185575]
[INFO] [yolo_detect-9]: process started with pid [185578]
[INFO] [self_driving-10]: process started with pid [185581]
[ascamera_node-1] [0m[INFO] [1782971585.966498520] [as_logger]: hello world angstrong camera ros2 node[0m
[static_transform_publisher-2] [33m[WARN] [1782971585.952900705] []: Old-style arguments are deprecated; see --help for new-style arguments[0m
[static_transform_publisher-3] [33m[WARN] [1782971585.944155390] []: Old-style arguments are deprecated; see --help for new-style arguments[0m
[static_transform_publisher-3] [0m[INFO] [1782971585.970371872] [static_transform_publisher_mQySvwmkItutjAxH]: Spinning until stopped - publishing transform
[static_transform_publisher-3] translation: ('0.000000', '0.000000', '0.000000')
[static_transform_publisher-3] rotation: ('-0.500000', '0.499602', '-0.500000', '0.500398')
[static_transform_publisher-3] from 'depth_cam' to 'ascamera_color_0'[0m
[static_transform_publisher-2] [0m[INFO] [1782971585.992406075] [static_transform_publisher_fg0dNxuPYk0rTj6s]: Spinning until stopped - publishing transform
[static_transform_publisher-2] translation: ('0.000000', '0.000000', '0.000000')
[static_transform_publisher-2] rotation: ('-0.500000', '0.499602', '-0.500000', '0.500398')
[static_transform_publisher-2] from 'depth_cam' to 'ascamera_camera_link_0'[0m
[ascamera_node-1] 2026-07-02 05:53:06[INFO] [CameraPublisher.cpp] [1558] [printLaunchParams] get depth_width 640
[ascamera_node-1] 2026-07-02 05:53:06[INFO] [CameraPublisher.cpp] [1559] [printLaunchParams] get depth_height 480
[ascamera_node-1] 2026-07-02 05:53:06[INFO] [CameraPublisher.cpp] [1561] [printLaunchParams] get rgb_width 640
[ascamera_node-1] 2026-07-02 05:53:06[INFO] [CameraPublisher.cpp] [1562] [printLaunchParams] get rgb_height 480
[ascamera_node-1] 2026-07-02 05:53:06[INFO] [CameraPublisher.cpp] [1570] [printLaunchParams] get set_fps 15
[ascamera_node-1] 2026-07-02 05:53:06[INFO] [CameraPublisher.cpp] [1578] [printLaunchParams] get color_pcl 1
[ascamera_node-1] 2026-07-02 05:53:06[INFO] [CameraPublisher.cpp] [1582] [printLaunchParams] get pub_tfTree 1
[ascamera_node-1] 2026-07-02 05:53:06[INFO] [CameraSrv.cpp] [35] [CameraSrv] Angstrong camera server
[ascamera_node-1] 2026-07-02 05:53:06[INFO] [CameraSrv.cpp] [45] [CameraSrv] Angstrong camera sdk version:v1.2.22.20240516
[robot_state_publisher-5] [0m[INFO] [1782971586.069682705] [robot_state_publisher]: got segment base_footprint[0m
[robot_state_publisher-5] [0m[INFO] [1782971586.074474853] [robot_state_publisher]: got segment base_link[0m
[robot_state_publisher-5] [0m[INFO] [1782971586.074497927] [robot_state_publisher]: got segment depth_cam[0m
[robot_state_publisher-5] [0m[INFO] [1782971586.074507094] [robot_state_publisher]: got segment imu_link[0m
[robot_state_publisher-5] [0m[INFO] [1782971586.074514112] [robot_state_publisher]: got segment lidar_frame[0m
[robot_state_publisher-5] [0m[INFO] [1782971586.074521001] [robot_state_publisher]: got segment wheel_lb_Link[0m
[robot_state_publisher-5] [0m[INFO] [1782971586.074528538] [robot_state_publisher]: got segment wheel_lf_Link[0m
[robot_state_publisher-5] [0m[INFO] [1782971586.074536112] [robot_state_publisher]: got segment wheel_rb_Link[0m
[robot_state_publisher-5] [0m[INFO] [1782971586.074543390] [robot_state_publisher]: got segment wheel_rf_Link[0m
[joint_state_publisher-4] [0m[INFO] [1782971586.811034482] [joint_state_publisher]: Waiting for robot_description to be published on the robot_description topic...[0m
[odom_publisher-7] [0m[INFO] [1782971586.888324890] [odom_publisher]: [1;32m0.930000 1.010000[0m[0m
[odom_publisher-7] [0m[INFO] [1782971586.918490390] [odom_publisher]: [1;32mstart[0m[0m
[ascamera_node-1] 2026-07-02 05:53:07[INFO] [CameraSrv.cpp] [114] [onAttached] attached
[ascamera_node-1] 2026-07-02 05:53:07[INFO] [CameraSrv.cpp] [145] [onAttached] this is a new attach device, create and open it
[self_driving-10] [0m[INFO] [1782971587.541711371] [self_driving]: [INIT] init_process started[0m
[self_driving-10] [0m[INFO] [1782971587.542622556] [self_driving]: [INIT] only_line_follow=False[0m
[self_driving-10] [0m[INFO] [1782971587.543231185] [self_driving]: [INIT] request /yolov5/start[0m
[ros_robot_controller-6] [0m[INFO] [1782971587.573182556] [ros_robot_controller]: 已设置舵机 1 的偏移量为 0[0m
[ros_robot_controller-6] [0m[INFO] [1782971587.574873037] [ros_robot_controller]: 已设置舵机 2 的偏移量为 0[0m
[ros_robot_controller-6] [0m[INFO] [1782971587.576076278] [ros_robot_controller]: 已设置舵机 3 的偏移量为 4[0m
[ros_robot_controller-6] [0m[INFO] [1782971587.576969389] [ros_robot_controller]: 已设置舵机 4 的偏移量为 0[0m
[ros_robot_controller-6] [0m[INFO] [1782971587.581218259] [ros_robot_controller]: [1;32mstart[0m[0m
[ascamera_node-1] 2026-07-02 05:53:07[INFO] [CameraSrv.cpp] [154] [onAttached] get model type 9
[ascamera_node-1] 2026-07-02 05:53:07[INFO] [CameraSrv.cpp] [342] [getConfigFile] get file: /home/ubuntu/third_party_ros2/third_party_ws/src/ascamera/configurationfiles/hp60c_v2_00_20230704_configEncrypt.json
[ascamera_node-1] 2026-07-02 05:53:07[INFO] [CameraPublisher.cpp] [1501] [logCameraPathInfo] usb camera
[ascamera_node-1] 2026-07-02 05:53:07[INFO] [CameraPublisher.cpp] [1502] [logCameraPathInfo] bnum:1
[ascamera_node-1] 2026-07-02 05:53:07[INFO] [CameraPublisher.cpp] [1503] [logCameraPathInfo] dnum:9
[ascamera_node-1] 2026-07-02 05:53:07[INFO] [CameraPublisher.cpp] [1504] [logCameraPathInfo] port_numbers:2
[ascamera_node-1] 2026-07-02 05:53:07[INFO] [CameraPublisher.cpp] [171] [onCameraAttached] create a new publisher info set
[ascamera_node-1] 2026-07-02 05:53:07[INFO] [TfTreeFrameIdInfo.cpp] [11] [TfTreeFrameIdInfo] Namespace /ascamera
[ascamera_node-1] 2026-07-02 05:53:07[INFO] [CameraHp60c.cpp] [128] [open] according to the configuration file.
[ascamera_node-1] 2026-07-02 05:53:07[INFO] [CameraHp60c.cpp] [1528] [parseConfigFileParameter] moduleName:AS_CAM_HP60C
[ascamera_node-1] 2026-07-02 05:53:07[INFO] [CameraHp60c.cpp] [1555] [parseConfigFileParameter] Parsing config file /home/ubuntu/third_party_ros2/third_party_ws/src/ascamera/configurationfiles/hp60c_v2_00_20230704_configEncrypt.json
[ascamera_node-1] 2026-07-02 05:53:07[INFO] [CameraHp60c.cpp] [1620] [parseConfigFileParameter] configuration protocol Version: v2.x
[ascamera_node-1] 2026-07-02 05:53:07[INFO] [CameraHp60c.cpp] [1631] [parseConfigFileParameter] configuration Version: v2.0.0.20230704
[ascamera_node-1] 2026-07-02 05:53:08[INFO] [CameraHp60c.cpp] [1796] [setParamersAfterOpenCam] Camera confiParaEnable true, setting configuration parameter
[ascamera_node-1] 2026-07-02 05:53:09[ERROR] [XuCmdCameraHp60c.cpp] [454] [getMjpegSize] get mjpeg from xu command failed
[ascamera_node-1] 2026-07-02 05:53:09[INFO] [XuCmdCameraHp60c.cpp] [458] [getMjpegSize] mjpeg size:640x480
[ascamera_node-1] 2026-07-02 05:53:09[INFO] [CameraPublisher.cpp] [356] [onCameraOpen] camera opened
[ascamera_node-1] 2026-07-02 05:53:09[INFO] [CameraPublisher.cpp] [370] [onCameraOpen] get config info, ret 0, is_Registration 1
[ascamera_node-1] 2026-07-02 05:53:09[INFO] [Camera.cpp] [61] [init] #camera[0x5556438b6710] SN[ASC60CF08000515]'s firmware version:DLS_VERc20865=:V01.09_2024110714:V01.19_2024110714:L01
[ascamera_node-1] 2026-07-02 05:53:09[INFO] [CameraPublisher.cpp] [1183] [setResolution] set depth resolution: 640 x 480 @ 15fps
[ascamera_node-1] 2026-07-02 05:53:09[INFO] [CameraPublisher.cpp] [1197] [setResolution] set rgb resolution: 640 x 480 @ 15fps
[ascamera_node-1] 2026-07-02 05:53:09[INFO] [CameraHp60c.cpp] [260] [startStreaming] start streaming
[ascamera_node-1] 2026-07-02 05:53:09[INFO] [CameraSrv.cpp] [202] [onAttached] attached end
[self_driving-10] [33m[WARN] [1782971589.547017499] [self_driving]: [YOLO_SERVICE] service not ready, continue without blocking[0m
[self_driving-10] [0m[INFO] [1782971590.048240684] [self_driving]: [INIT] enter + set_running start[0m
[self_driving-10] [0m[INFO] [1782971590.048912999] [self_driving]: [1;32mself driving enter[0m[0m
[self_driving-10] [0m[INFO] [1782971590.057928017] [self_driving]: [SUB] image=/ascamera/camera_publisher/rgb0/image object=/yolov5_ros2/object_detect[0m
[self_driving-10] [0m[INFO] [1782971590.059747499] [self_driving]: [1;32mset_running[0m[0m
[self_driving-10] [0m[INFO] [1782971590.063159554] [self_driving]: [1;32m[START] hybrid self_driving start: auto LINE_FOLLOW[0m[0m
[INFO] [apply_calib-11]: process started with pid [185745]
[INFO] [complementary_filter_node-12]: process started with pid [185747]
[complementary_filter_node-12] [0m[INFO] [1782971590.979234702] [imu_filter]: Starting ComplementaryFilterROS[0m
[ascamera_node-1] 2026-07-02 05:53:11[INFO] [CameraHp60c.cpp] [912] [setInternalParameter] mjpeg info: size(640x480)
[apply_calib-11] [0m[INFO] [1782971591.336608998] [imu_calib]: Calibrating gyros; do not move the IMU[0m
[ascamera_node-1] 2026-07-02 05:53:11[INFO] [Camera.cpp] [127] [backgroundThread] SN [ ASC60CF08000515 ]'s parameter:
[ascamera_node-1] 2026-07-02 05:53:11[INFO] [Camera.cpp] [128] [backgroundThread] irfx: 426.962
[ascamera_node-1] 2026-07-02 05:53:11[INFO] [Camera.cpp] [129] [backgroundThread] irfy: 426.374
[ascamera_node-1] 2026-07-02 05:53:11[INFO] [Camera.cpp] [130] [backgroundThread] ircx: 315.403
[ascamera_node-1] 2026-07-02 05:53:11[INFO] [Camera.cpp] [131] [backgroundThread] ircy: 240.933
[ascamera_node-1] 2026-07-02 05:53:11[INFO] [Camera.cpp] [132] [backgroundThread] rgbfx: 570.48
[ascamera_node-1] 2026-07-02 05:53:11[INFO] [Camera.cpp] [133] [backgroundThread] rgbfy: 569.949
[ascamera_node-1] 2026-07-02 05:53:11[INFO] [Camera.cpp] [134] [backgroundThread] rgbcx: 329.75
[ascamera_node-1] 2026-07-02 05:53:11[INFO] [Camera.cpp] [135] [backgroundThread] rgbcy: 238.406
[ascamera_node-1] 
[ascamera_node-1] 2026-07-02 05:53:11[INFO] [CameraHp60c.cpp] [1149] [streamCallback] set gain ret 0, gain 4
[self_driving-10] [0m[INFO] [1782971591.623806961] [self_driving]: [IMAGE] received count=1 shape=(480, 640, 3) queue=0[0m
[yolo_detect-9] [0m[INFO] [1782971592.460794608] [yolov5_ros2]: Current ROS 2 distribution: humble[0m
[apply_calib-11] [0m[INFO] [1782971593.408346515] [imu_calib]: Gyro calibration complete! (bias = [-0.526, -0.524, -0.553])[0m
[self_driving-10] [0m[INFO] [1782971593.628383256] [self_driving]: [IMAGE] received count=31 shape=(480, 640, 3) queue=0[0m
[self_driving-10] [0m[INFO] [1782971594.435695126] [self_driving]: [OBJECTS] msg_count=1 n=1 names=['crosswalk'][0m
[self_driving-10] [0m[INFO] [1782971594.438628829] [self_driving]: [OBJ_RAW] msg=1 raw_cls='crosswalk' norm_cls='crosswalk' cx=115 cy=99 w=106 h=16 area=1696 score=0.450 state=LINE_FOLLOW right_done=False park_done=False park_x=-1 cw_y=0 lane_turn_idx=0 turn_cluster=0 cw_event_idx=0[0m
[self_driving-10] [33m[WARN] [1782971594.443288144] [self_driving]: [OBJ_CSV] path=/home/ubuntu/.ros/self_driving_obj_raw_1782971587.csv[0m
[self_driving-10] [0m[INFO] [1782971594.448674700] [self_driving]: [CROSSWALK_METRIC] n=1 nearest={'cx': 115, 'cy': 99, 'w': 106, 'h': 16, 'area': 1696, 'score': 0.44999998807907104} all=[{'cx': 115, 'cy': 99, 'w': 106, 'h': 16, 'area': 1696, 'score': 0.44999998807907104}] event_idx=0[0m
[self_driving-10] [0m[INFO] [1782971594.754413107] [self_driving]: [OBJ_RAW] msg=2 raw_cls='crosswalk' norm_cls='crosswalk' cx=115 cy=99 w=105 h=16 area=1680 score=0.390 state=LINE_FOLLOW right_done=False park_done=False park_x=-1 cw_y=99 lane_turn_idx=0 turn_cluster=0 cw_event_idx=0[0m
[self_driving-10] [0m[INFO] [1782971594.755491589] [self_driving]: [CROSSWALK_METRIC] n=1 nearest={'cx': 115, 'cy': 99, 'w': 105, 'h': 16, 'area': 1680, 'score': 0.38999998569488525} all=[{'cx': 115, 'cy': 99, 'w': 105, 'h': 16, 'area': 1680, 'score': 0.38999998569488525}] event_idx=0[0m
[self_driving-10] [0m[INFO] [1782971595.061295681] [self_driving]: [OBJECTS] msg_count=3 n=1 names=['crosswalk'][0m
[self_driving-10] [0m[INFO] [1782971595.062204718] [self_driving]: [OBJ_RAW] msg=3 raw_cls='crosswalk' norm_cls='crosswalk' cx=114 cy=99 w=107 h=16 area=1712 score=0.360 state=LINE_FOLLOW right_done=False park_done=False park_x=-1 cw_y=99 lane_turn_idx=0 turn_cluster=0 cw_event_idx=0[0m
[self_driving-10] [0m[INFO] [1782971595.065973737] [self_driving]: [CROSSWALK_METRIC] n=1 nearest={'cx': 114, 'cy': 99, 'w': 107, 'h': 16, 'area': 1712, 'score': 0.36000001430511475} all=[{'cx': 114, 'cy': 99, 'w': 107, 'h': 16, 'area': 1712, 'score': 0.36000001430511475}] event_idx=0[0m
[self_driving-10] [0m[INFO] [1782971595.366814699] [self_driving]: [OBJ_RAW] msg=4 raw_cls='crosswalk' norm_cls='crosswalk' cx=115 cy=99 w=106 h=16 area=1696 score=0.410 state=LINE_FOLLOW right_done=False park_done=False park_x=-1 cw_y=99 lane_turn_idx=0 turn_cluster=0 cw_event_idx=0[0m
[self_driving-10] [0m[INFO] [1782971595.368806718] [self_driving]: [CROSSWALK_METRIC] n=1 nearest={'cx': 115, 'cy': 99, 'w': 106, 'h': 16, 'area': 1696, 'score': 0.4099999964237213} all=[{'cx': 115, 'cy': 99, 'w': 106, 'h': 16, 'area': 1696, 'score': 0.4099999964237213}] event_idx=0[0m
[self_driving-10] [0m[INFO] [1782971595.657938255] [self_driving]: [OBJECTS] msg_count=5 n=1 names=['crosswalk'][0m
[self_driving-10] [0m[INFO] [1782971595.658711755] [self_driving]: [OBJ_RAW] msg=5 raw_cls='crosswalk' norm_cls='crosswalk' cx=114 cy=99 w=107 h=16 area=1712 score=0.420 state=LINE_FOLLOW right_done=False park_done=False park_x=-1 cw_y=99 lane_turn_idx=0 turn_cluster=0 cw_event_idx=0[0m
[self_driving-10] [0m[INFO] [1782971595.717210662] [self_driving]: [IMAGE] received count=62 shape=(480, 640, 3) queue=0[0m
[self_driving-10] [0m[INFO] [1782971595.966458958] [self_driving]: [OBJ_RAW] msg=6 raw_cls='crosswalk' norm_cls='crosswalk' cx=114 cy=99 w=106 h=16 area=1696 score=0.350 state=LINE_FOLLOW right_done=False park_done=False park_x=-1 cw_y=99 lane_turn_idx=0 turn_cluster=0 cw_event_idx=0[0m
[self_driving-10] [0m[INFO] [1782971595.970047662] [self_driving]: [CROSSWALK_METRIC] n=1 nearest={'cx': 114, 'cy': 99, 'w': 106, 'h': 16, 'area': 1696, 'score': 0.3499999940395355} all=[{'cx': 114, 'cy': 99, 'w': 106, 'h': 16, 'area': 1696, 'score': 0.3499999940395355}] event_idx=0[0m
[self_driving-10] [0m[INFO] [1782971596.270795310] [self_driving]: [OBJECTS] msg_count=7 n=1 names=['crosswalk'][0m
[self_driving-10] [0m[INFO] [1782971596.271567699] [self_driving]: [OBJ_RAW] msg=7 raw_cls='crosswalk' norm_cls='crosswalk' cx=114 cy=99 w=107 h=15 area=1605 score=0.380 state=LINE_FOLLOW right_done=False park_done=False park_x=-1 cw_y=99 lane_turn_idx=0 turn_cluster=0 cw_event_idx=0[0m
[self_driving-10] [0m[INFO] [1782971596.272629088] [self_driving]: [CROSSWALK_METRIC] n=1 nearest={'cx': 114, 'cy': 99, 'w': 107, 'h': 15, 'area': 1605, 'score': 0.3799999952316284} all=[{'cx': 114, 'cy': 99, 'w': 107, 'h': 15, 'area': 1605, 'score': 0.3799999952316284}] event_idx=0[0m
[self_driving-10] [0m[INFO] [1782971596.599849069] [self_driving]: [OBJ_RAW] msg=8 raw_cls='crosswalk' norm_cls='crosswalk' cx=114 cy=99 w=106 h=15 area=1590 score=0.390 state=LINE_FOLLOW right_done=False park_done=False park_x=-1 cw_y=99 lane_turn_idx=0 turn_cluster=0 cw_event_idx=0[0m
[self_driving-10] [0m[INFO] [1782971596.601334717] [self_driving]: [CROSSWALK_METRIC] n=1 nearest={'cx': 114, 'cy': 99, 'w': 106, 'h': 15, 'area': 1590, 'score': 0.38999998569488525} all=[{'cx': 114, 'cy': 99, 'w': 106, 'h': 15, 'area': 1590, 'score': 0.38999998569488525}] event_idx=0[0m
[self_driving-10] [0m[INFO] [1782971596.909000884] [self_driving]: [OBJECTS] msg_count=9 n=1 names=['crosswalk'][0m
[self_driving-10] [0m[INFO] [1782971596.910096291] [self_driving]: [OBJ_RAW] msg=9 raw_cls='crosswalk' norm_cls='crosswalk' cx=114 cy=99 w=107 h=16 area=1712 score=0.380 state=LINE_FOLLOW right_done=False park_done=False park_x=-1 cw_y=99 lane_turn_idx=0 turn_cluster=0 cw_event_idx=0[0m
[self_driving-10] [0m[INFO] [1782971596.911360291] [self_driving]: [CROSSWALK_METRIC] n=1 nearest={'cx': 114, 'cy': 99, 'w': 107, 'h': 16, 'area': 1712, 'score': 0.3799999952316284} all=[{'cx': 114, 'cy': 99, 'w': 107, 'h': 16, 'area': 1712, 'score': 0.3799999952316284}] event_idx=0[0m
[self_driving-10] [0m[INFO] [1782971597.214260772] [self_driving]: [OBJ_RAW] msg=10 raw_cls='crosswalk' norm_cls='crosswalk' cx=115 cy=99 w=106 h=16 area=1696 score=0.450 state=LINE_FOLLOW right_done=False park_done=False park_x=-1 cw_y=99 lane_turn_idx=0 turn_cluster=0 cw_event_idx=0[0m
[self_driving-10] [0m[INFO] [1782971597.217085846] [self_driving]: [CROSSWALK_METRIC] n=1 nearest={'cx': 115, 'cy': 99, 'w': 106, 'h': 16, 'area': 1696, 'score': 0.44999998807907104} all=[{'cx': 115, 'cy': 99, 'w': 106, 'h': 16, 'area': 1696, 'score': 0.44999998807907104}] event_idx=0[0m
[self_driving-10] [0m[INFO] [1782971597.520485661] [self_driving]: [OBJECTS] msg_count=11 n=1 names=['crosswalk'][0m
[self_driving-10] [0m[INFO] [1782971597.521631235] [self_driving]: [OBJ_RAW] msg=11 raw_cls='crosswalk' norm_cls='crosswalk' cx=114 cy=99 w=107 h=15 area=1605 score=0.360 state=LINE_FOLLOW right_done=False park_done=False park_x=-1 cw_y=99 lane_turn_idx=0 turn_cluster=0 cw_event_idx=0[0m
[self_driving-10] [0m[INFO] [1782971597.526729291] [self_driving]: [CROSSWALK_METRIC] n=1 nearest={'cx': 114, 'cy': 99, 'w': 107, 'h': 15, 'area': 1605, 'score': 0.36000001430511475} all=[{'cx': 114, 'cy': 99, 'w': 107, 'h': 15, 'area': 1605, 'score': 0.36000001430511475}] event_idx=0[0m
[self_driving-10] [0m[INFO] [1782971597.718165031] [self_driving]: [IMAGE] received count=92 shape=(480, 640, 3) queue=0[0m
[self_driving-10] [0m[INFO] [1782971597.809744568] [self_driving]: [OBJ_RAW] msg=12 raw_cls='crosswalk' norm_cls='crosswalk' cx=114 cy=99 w=107 h=16 area=1712 score=0.390 state=LINE_FOLLOW right_done=False park_done=False park_x=-1 cw_y=99 lane_turn_idx=0 turn_cluster=0 cw_event_idx=0[0m
[self_driving-10] [0m[INFO] [1782971598.108322253] [self_driving]: [OBJECTS] msg_count=13 n=1 names=['crosswalk'][0m
[self_driving-10] [0m[INFO] [1782971598.111204568] [self_driving]: [OBJ_RAW] msg=13 raw_cls='crosswalk' norm_cls='crosswalk' cx=114 cy=99 w=106 h=16 area=1696 score=0.410 state=LINE_FOLLOW right_done=False park_done=False park_x=-1 cw_y=99 lane_turn_idx=0 turn_cluster=0 cw_event_idx=0[0m
[self_driving-10] [0m[INFO] [1782971598.112585068] [self_driving]: [CROSSWALK_METRIC] n=1 nearest={'cx': 114, 'cy': 99, 'w': 106, 'h': 16, 'area': 1696, 'score': 0.4099999964237213} all=[{'cx': 114, 'cy': 99, 'w': 106, 'h': 16, 'area': 1696, 'score': 0.4099999964237213}] event_idx=0[0m
[self_driving-10] [0m[INFO] [1782971598.406240160] [self_driving]: [OBJ_RAW] msg=14 raw_cls='crosswalk' norm_cls='crosswalk' cx=114 cy=99 w=107 h=16 area=1712 score=0.370 state=LINE_FOLLOW right_done=False park_done=False park_x=-1 cw_y=99 lane_turn_idx=0 turn_cluster=0 cw_event_idx=0[0m
[self_driving-10] [0m[INFO] [1782971598.734697419] [self_driving]: [OBJECTS] msg_count=15 n=1 names=['crosswalk'][0m
[self_driving-10] [0m[INFO] [1782971598.735533123] [self_driving]: [OBJ_RAW] msg=15 raw_cls='crosswalk' norm_cls='crosswalk' cx=115 cy=99 w=106 h=16 area=1696 score=0.330 state=LINE_FOLLOW right_done=False park_done=False park_x=-1 cw_y=99 lane_turn_idx=0 turn_cluster=0 cw_event_idx=0[0m
[self_driving-10] [0m[INFO] [1782971598.737456160] [self_driving]: [CROSSWALK_METRIC] n=1 nearest={'cx': 115, 'cy': 99, 'w': 106, 'h': 16, 'area': 1696, 'score': 0.33000001311302185} all=[{'cx': 115, 'cy': 99, 'w': 106, 'h': 16, 'area': 1696, 'score': 0.33000001311302185}] event_idx=0[0m
[self_driving-10] [0m[INFO] [1782971599.737773845] [self_driving]: [IMAGE] received count=122 shape=(480, 640, 3) queue=0[0m
[self_driving-10] [0m[INFO] [1782971600.189320808] [self_driving]: [OBJECTS] msg_count=16 n=1 names=['crosswalk'][0m
[self_driving-10] [0m[INFO] [1782971600.189883956] [self_driving]: [OBJ_RAW] msg=16 raw_cls='crosswalk' norm_cls='crosswalk' cx=90 cy=198 w=105 h=7 area=735 score=0.540 state=LINE_FOLLOW right_done=False park_done=False park_x=-1 cw_y=99 lane_turn_idx=0 turn_cluster=0 cw_event_idx=0[0m
[self_driving-10] [0m[INFO] [1782971600.191092456] [self_driving]: [CROSSWALK_METRIC] n=1 nearest={'cx': 90, 'cy': 198, 'w': 105, 'h': 7, 'area': 735, 'score': 0.5400000214576721} all=[{'cx': 90, 'cy': 198, 'w': 105, 'h': 7, 'area': 735, 'score': 0.5400000214576721}] event_idx=0[0m
[self_driving-10] [33m[WARN] [1782971600.191878659] [self_driving]: [CROSSWALK_EVENT] idx=1 policy=future_stop_candidate nearest={'cx': 90, 'cy': 198, 'w': 105, 'h': 7, 'area': 735, 'score': 0.5400000214576721} y_th=120[0m
[self_driving-10] [0m[INFO] [1782971600.198348715] [self_driving]: [OBJ_RAW] msg=17 raw_cls='crosswalk' norm_cls='crosswalk' cx=89 cy=174 w=105 h=8 area=840 score=0.260 state=LINE_FOLLOW right_done=False park_done=False park_x=-1 cw_y=198 lane_turn_idx=0 turn_cluster=0 cw_event_idx=1[0m
[self_driving-10] [0m[INFO] [1782971600.490244418] [self_driving]: [OBJ_RAW] msg=18 raw_cls='crosswalk' norm_cls='crosswalk' cx=89 cy=198 w=106 h=8 area=848 score=0.490 state=LINE_FOLLOW right_done=False park_done=False park_x=-1 cw_y=174 lane_turn_idx=0 turn_cluster=0 cw_event_idx=1[0m
[self_driving-10] [0m[INFO] [1782971600.492598826] [self_driving]: [CROSSWALK_METRIC] n=1 nearest={'cx': 89, 'cy': 198, 'w': 106, 'h': 8, 'area': 848, 'score': 0.49000000953674316} all=[{'cx': 89, 'cy': 198, 'w': 106, 'h': 8, 'area': 848, 'score': 0.49000000953674316}] event_idx=1[0m
[self_driving-10] [0m[INFO] [1782971600.497177270] [self_driving]: [OBJ_RAW] msg=19 raw_cls='crosswalk' norm_cls='crosswalk' cx=88 cy=148 w=103 h=8 area=824 score=0.440 state=LINE_FOLLOW right_done=False park_done=False park_x=-1 cw_y=198 lane_turn_idx=0 turn_cluster=0 cw_event_idx=1[0m
[self_driving-10] [0m[INFO] [1782971600.807175011] [self_driving]: [OBJECTS] msg_count=20 n=1 names=['crosswalk'][0m
[self_driving-10] [0m[INFO] [1782971600.808767455] [self_driving]: [OBJ_RAW] msg=20 raw_cls='crosswalk' norm_cls='crosswalk' cx=90 cy=198 w=106 h=8 area=848 score=0.540 state=LINE_FOLLOW right_done=False park_done=False park_x=-1 cw_y=148 lane_turn_idx=0 turn_cluster=0 cw_event_idx=1[0m
[self_driving-10] [0m[INFO] [1782971600.810039789] [self_driving]: [CROSSWALK_METRIC] n=1 nearest={'cx': 90, 'cy': 198, 'w': 106, 'h': 8, 'area': 848, 'score': 0.5400000214576721} all=[{'cx': 90, 'cy': 198, 'w': 106, 'h': 8, 'area': 848, 'score': 0.5400000214576721}] event_idx=1[0m
[self_driving-10] [0m[INFO] [1782971600.817136344] [self_driving]: [OBJ_RAW] msg=21 raw_cls='crosswalk' norm_cls='crosswalk' cx=88 cy=148 w=104 h=8 area=832 score=0.320 state=LINE_FOLLOW right_done=False park_done=False park_x=-1 cw_y=198 lane_turn_idx=0 turn_cluster=0 cw_event_idx=1[0m
[self_driving-10] [0m[INFO] [1782971601.119267363] [self_driving]: [OBJ_RAW] msg=22 raw_cls='crosswalk' norm_cls='crosswalk' cx=90 cy=198 w=106 h=7 area=742 score=0.460 state=LINE_FOLLOW right_done=False park_done=False park_x=-1 cw_y=148 lane_turn_idx=0 turn_cluster=0 cw_event_idx=1[0m
[self_driving-10] [0m[INFO] [1782971601.120458863] [self_driving]: [CROSSWALK_METRIC] n=1 nearest={'cx': 90, 'cy': 198, 'w': 106, 'h': 7, 'area': 742, 'score': 0.46000000834465027} all=[{'cx': 90, 'cy': 198, 'w': 106, 'h': 7, 'area': 742, 'score': 0.46000000834465027}] event_idx=1[0m
[self_driving-10] [0m[INFO] [1782971601.125556474] [self_driving]: [OBJ_RAW] msg=23 raw_cls='crosswalk' norm_cls='crosswalk' cx=88 cy=147 w=104 h=9 area=936 score=0.440 state=LINE_FOLLOW right_done=False park_done=False park_x=-1 cw_y=198 lane_turn_idx=0 turn_cluster=0 cw_event_idx=1[0m
[self_driving-10] [0m[INFO] [1782971601.422491770] [self_driving]: [OBJECTS] msg_count=24 n=1 names=['crosswalk'][0m
[self_driving-10] [0m[INFO] [1782971601.423178918] [self_driving]: [OBJ_RAW] msg=24 raw_cls='crosswalk' norm_cls='crosswalk' cx=89 cy=198 w=107 h=7 area=749 score=0.430 state=LINE_FOLLOW right_done=False park_done=False park_x=-1 cw_y=147 lane_turn_idx=0 turn_cluster=0 cw_event_idx=1[0m
[self_driving-10] [0m[INFO] [1782971601.423857085] [self_driving]: [CROSSWALK_METRIC] n=1 nearest={'cx': 89, 'cy': 198, 'w': 107, 'h': 7, 'area': 749, 'score': 0.4300000071525574} all=[{'cx': 89, 'cy': 198, 'w': 107, 'h': 7, 'area': 749, 'score': 0.4300000071525574}] event_idx=1[0m
[self_driving-10] [0m[INFO] [1782971601.427184066] [self_driving]: [OBJ_RAW] msg=25 raw_cls='crosswalk' norm_cls='crosswalk' cx=88 cy=148 w=104 h=8 area=832 score=0.270 state=LINE_FOLLOW right_done=False park_done=False park_x=-1 cw_y=198 lane_turn_idx=0 turn_cluster=0 cw_event_idx=1[0m
[self_driving-10] [0m[INFO] [1782971601.714176307] [self_driving]: [OBJ_RAW] msg=26 raw_cls='crosswalk' norm_cls='crosswalk' cx=89 cy=198 w=108 h=8 area=864 score=0.450 state=LINE_FOLLOW right_done=False park_done=False park_x=-1 cw_y=148 lane_turn_idx=0 turn_cluster=0 cw_event_idx=1[0m
[self_driving-10] [0m[INFO] [1782971601.717038918] [self_driving]: [OBJ_RAW] msg=27 raw_cls='crosswalk' norm_cls='crosswalk' cx=88 cy=147 w=101 h=9 area=909 score=0.430 state=LINE_FOLLOW right_done=False park_done=False park_x=-1 cw_y=198 lane_turn_idx=0 turn_cluster=0 cw_event_idx=1[0m
[self_driving-10] [0m[INFO] [1782971601.769003751] [self_driving]: [IMAGE] received count=152 shape=(480, 640, 3) queue=0[0m
[self_driving-10] [0m[INFO] [1782971602.022203047] [self_driving]: [OBJECTS] msg_count=28 n=1 names=['crosswalk'][0m
[self_driving-10] [0m[INFO] [1782971602.022729843] [self_driving]: [OBJ_RAW] msg=28 raw_cls='crosswalk' norm_cls='crosswalk' cx=90 cy=198 w=108 h=8 area=864 score=0.500 state=LINE_FOLLOW right_done=False park_done=False park_x=-1 cw_y=147 lane_turn_idx=0 turn_cluster=0 cw_event_idx=1[0m
[self_driving-10] [0m[INFO] [1782971602.023829769] [self_driving]: [CROSSWALK_METRIC] n=1 nearest={'cx': 90, 'cy': 198, 'w': 108, 'h': 8, 'area': 864, 'score': 0.5} all=[{'cx': 90, 'cy': 198, 'w': 108, 'h': 8, 'area': 864, 'score': 0.5}] event_idx=1[0m
[self_driving-10] [0m[INFO] [1782971602.027570695] [self_driving]: [OBJ_RAW] msg=29 raw_cls='crosswalk' norm_cls='crosswalk' cx=88 cy=147 w=100 h=9 area=900 score=0.360 state=LINE_FOLLOW right_done=False park_done=False park_x=-1 cw_y=198 lane_turn_idx=0 turn_cluster=0 cw_event_idx=1[0m
[self_driving-10] [0m[INFO] [1782971602.324993325] [self_driving]: [OBJ_RAW] msg=30 raw_cls='crosswalk' norm_cls='crosswalk' cx=90 cy=198 w=106 h=7 area=742 score=0.520 state=LINE_FOLLOW right_done=False park_done=False park_x=-1 cw_y=147 lane_turn_idx=0 turn_cluster=0 cw_event_idx=1[0m
[self_driving-10] [0m[INFO] [1782971602.326271732] [self_driving]: [CROSSWALK_METRIC] n=1 nearest={'cx': 90, 'cy': 198, 'w': 106, 'h': 7, 'area': 742, 'score': 0.5199999809265137} all=[{'cx': 90, 'cy': 198, 'w': 106, 'h': 7, 'area': 742, 'score': 0.5199999809265137}] event_idx=1[0m
[self_driving-10] [0m[INFO] [1782971602.333296695] [self_driving]: [OBJ_RAW] msg=31 raw_cls='crosswalk' norm_cls='crosswalk' cx=88 cy=148 w=104 h=8 area=832 score=0.350 state=LINE_FOLLOW right_done=False park_done=False park_x=-1 cw_y=198 lane_turn_idx=0 turn_cluster=0 cw_event_idx=1[0m
[self_driving-10] [0m[INFO] [1782971602.632204602] [self_driving]: [OBJECTS] msg_count=32 n=1 names=['crosswalk'][0m
[self_driving-10] [0m[INFO] [1782971602.633683639] [self_driving]: [OBJ_RAW] msg=32 raw_cls='crosswalk' norm_cls='crosswalk' cx=89 cy=198 w=107 h=7 area=749 score=0.470 state=LINE_FOLLOW right_done=False park_done=False park_x=-1 cw_y=148 lane_turn_idx=0 turn_cluster=0 cw_event_idx=1[0m
[self_driving-10] [0m[INFO] [1782971602.635857713] [self_driving]: [CROSSWALK_METRIC] n=1 nearest={'cx': 89, 'cy': 198, 'w': 107, 'h': 7, 'area': 749, 'score': 0.4699999988079071} all=[{'cx': 89, 'cy': 198, 'w': 107, 'h': 7, 'area': 749, 'score': 0.4699999988079071}] event_idx=1[0m
[self_driving-10] [0m[INFO] [1782971602.640155825] [self_driving]: [OBJ_RAW] msg=33 raw_cls='crosswalk' norm_cls='crosswalk' cx=87 cy=148 w=103 h=8 area=824 score=0.290 state=LINE_FOLLOW right_done=False park_done=False park_x=-1 cw_y=198 lane_turn_idx=0 turn_cluster=0 cw_event_idx=1[0m
[self_driving-10] [0m[INFO] [1782971602.969458398] [self_driving]: [OBJ_RAW] msg=34 raw_cls='crosswalk' norm_cls='crosswalk' cx=89 cy=198 w=107 h=7 area=749 score=0.420 state=LINE_FOLLOW right_done=False park_done=False park_x=-1 cw_y=148 lane_turn_idx=0 turn_cluster=0 cw_event_idx=1[0m
[self_driving-10] [0m[INFO] [1782971602.970804232] [self_driving]: [CROSSWALK_METRIC] n=1 nearest={'cx': 89, 'cy': 198, 'w': 107, 'h': 7, 'area': 749, 'score': 0.41999998688697815} all=[{'cx': 89, 'cy': 198, 'w': 107, 'h': 7, 'area': 749, 'score': 0.41999998688697815}] event_idx=1[0m
[self_driving-10] [0m[INFO] [1782971602.983005213] [self_driving]: [OBJ_RAW] msg=35 raw_cls='crosswalk' norm_cls='crosswalk' cx=88 cy=148 w=104 h=8 area=832 score=0.320 state=LINE_FOLLOW right_done=False park_done=False park_x=-1 cw_y=198 lane_turn_idx=0 turn_cluster=0 cw_event_idx=1[0m
[self_driving-10] [0m[INFO] [1782971603.260894695] [self_driving]: [OBJECTS] msg_count=36 n=1 names=['crosswalk'][0m
[self_driving-10] [0m[INFO] [1782971603.262060583] [self_driving]: [OBJ_RAW] msg=36 raw_cls='crosswalk' norm_cls='crosswalk' cx=90 cy=198 w=106 h=7 area=742 score=0.560 state=LINE_FOLLOW right_done=False park_done=False park_x=-1 cw_y=148 lane_turn_idx=0 turn_cluster=0 cw_event_idx=1[0m
[self_driving-10] [0m[INFO] [1782971603.266286139] [self_driving]: [OBJ_RAW] msg=37 raw_cls='crosswalk' norm_cls='crosswalk' cx=88 cy=147 w=103 h=9 area=927 score=0.460 state=LINE_FOLLOW right_done=False park_done=False park_x=-1 cw_y=198 lane_turn_idx=0 turn_cluster=0 cw_event_idx=1[0m
[self_driving-10] [0m[INFO] [1782971603.576969639] [self_driving]: [OBJ_RAW] msg=38 raw_cls='crosswalk' norm_cls='crosswalk' cx=90 cy=198 w=107 h=7 area=749 score=0.500 state=LINE_FOLLOW right_done=False park_done=False park_x=-1 cw_y=147 lane_turn_idx=0 turn_cluster=0 cw_event_idx=1[0m
[self_driving-10] [0m[INFO] [1782971603.577999324] [self_driving]: [CROSSWALK_METRIC] n=1 nearest={'cx': 90, 'cy': 198, 'w': 107, 'h': 7, 'area': 749, 'score': 0.5} all=[{'cx': 90, 'cy': 198, 'w': 107, 'h': 7, 'area': 749, 'score': 0.5}] event_idx=1[0m
[self_driving-10] [0m[INFO] [1782971603.582531213] [self_driving]: [OBJ_RAW] msg=39 raw_cls='crosswalk' norm_cls='crosswalk' cx=88 cy=148 w=106 h=10 area=1060 score=0.290 state=LINE_FOLLOW right_done=False park_done=False park_x=-1 cw_y=198 lane_turn_idx=0 turn_cluster=0 cw_event_idx=1[0m
[self_driving-10] [0m[INFO] [1782971603.773760842] [self_driving]: [IMAGE] received count=182 shape=(480, 640, 3) queue=0[0m
[self_driving-10] [0m[INFO] [1782971603.869664157] [self_driving]: [OBJECTS] msg_count=40 n=1 names=['crosswalk'][0m
[self_driving-10] [0m[INFO] [1782971603.870175657] [self_driving]: [OBJ_RAW] msg=40 raw_cls='crosswalk' norm_cls='crosswalk' cx=90 cy=198 w=109 h=8 area=872 score=0.400 state=LINE_FOLLOW right_done=False park_done=False park_x=-1 cw_y=148 lane_turn_idx=0 turn_cluster=0 cw_event_idx=1[0m
[self_driving-10] [0m[INFO] [1782971603.872942953] [self_driving]: [OBJ_RAW] msg=41 raw_cls='crosswalk' norm_cls='crosswalk' cx=88 cy=148 w=104 h=9 area=936 score=0.260 state=LINE_FOLLOW right_done=False park_done=False park_x=-1 cw_y=198 lane_turn_idx=0 turn_cluster=0 cw_event_idx=1[0m
[self_driving-10] [0m[INFO] [1782971604.185217713] [self_driving]: [OBJ_RAW] msg=42 raw_cls='crosswalk' norm_cls='crosswalk' cx=88 cy=148 w=104 h=9 area=936 score=0.420 state=LINE_FOLLOW right_done=False park_done=False park_x=-1 cw_y=148 lane_turn_idx=0 turn_cluster=0 cw_event_idx=1[0m
[self_driving-10] [0m[INFO] [1782971604.187053416] [self_driving]: [CROSSWALK_METRIC] n=1 nearest={'cx': 88, 'cy': 148, 'w': 104, 'h': 9, 'area': 936, 'score': 0.41999998688697815} all=[{'cx': 88, 'cy': 148, 'w': 104, 'h': 9, 'area': 936, 'score': 0.41999998688697815}] event_idx=1[0m
[self_driving-10] [0m[INFO] [1782971604.190837379] [self_driving]: [OBJ_RAW] msg=43 raw_cls='crosswalk' norm_cls='crosswalk' cx=89 cy=198 w=108 h=8 area=864 score=0.380 state=LINE_FOLLOW right_done=False park_done=False park_x=-1 cw_y=148 lane_turn_idx=0 turn_cluster=0 cw_event_idx=1[0m
[self_driving-10] [0m[INFO] [1782971604.483249768] [self_driving]: [OBJECTS] msg_count=44 n=1 names=['crosswalk'][0m
[self_driving-10] [0m[INFO] [1782971604.484341953] [self_driving]: [OBJ_RAW] msg=44 raw_cls='crosswalk' norm_cls='crosswalk' cx=90 cy=198 w=109 h=8 area=872 score=0.430 state=LINE_FOLLOW right_done=False park_done=False park_x=-1 cw_y=198 lane_turn_idx=0 turn_cluster=0 cw_event_idx=1[0m
[self_driving-10] [0m[INFO] [1782971604.495664046] [self_driving]: [OBJ_RAW] msg=45 raw_cls='crosswalk' norm_cls='crosswalk' cx=88 cy=148 w=106 h=10 area=1060 score=0.260 state=LINE_FOLLOW right_done=False park_done=False park_x=-1 cw_y=198 lane_turn_idx=0 turn_cluster=0 cw_event_idx=1[0m
[self_driving-10] [0m[INFO] [1782971604.497062583] [self_driving]: [CROSSWALK_METRIC] n=1 nearest={'cx': 88, 'cy': 148, 'w': 106, 'h': 10, 'area': 1060, 'score': 0.25999999046325684} all=[{'cx': 88, 'cy': 148, 'w': 106, 'h': 10, 'area': 1060, 'score': 0.25999999046325684}] event_idx=1[0m
[self_driving-10] [0m[INFO] [1782971604.781715620] [self_driving]: [OBJ_RAW] msg=46 raw_cls='crosswalk' norm_cls='crosswalk' cx=91 cy=198 w=108 h=7 area=756 score=0.370 state=LINE_FOLLOW right_done=False park_done=False park_x=-1 cw_y=148 lane_turn_idx=0 turn_cluster=0 cw_event_idx=1[0m
[self_driving-10] [0m[INFO] [1782971604.784377823] [self_driving]: [OBJ_RAW] msg=47 raw_cls='crosswalk' norm_cls='crosswalk' cx=88 cy=147 w=104 h=9 area=936 score=0.350 state=LINE_FOLLOW right_done=False park_done=False park_x=-1 cw_y=198 lane_turn_idx=0 turn_cluster=0 cw_event_idx=1[0m
[self_driving-10] [0m[INFO] [1782971605.128298564] [self_driving]: [OBJECTS] msg_count=48 n=1 names=['crosswalk'][0m
[self_driving-10] [0m[INFO] [1782971605.129233101] [self_driving]: [OBJ_RAW] msg=48 raw_cls='crosswalk' norm_cls='crosswalk' cx=90 cy=198 w=106 h=7 area=742 score=0.460 state=LINE_FOLLOW right_done=False park_done=False park_x=-1 cw_y=147 lane_turn_idx=0 turn_cluster=0 cw_event_idx=1[0m
[self_driving-10] [0m[INFO] [1782971605.132273990] [self_driving]: [CROSSWALK_METRIC] n=1 nearest={'cx': 90, 'cy': 198, 'w': 106, 'h': 7, 'area': 742, 'score': 0.46000000834465027} all=[{'cx': 90, 'cy': 198, 'w': 106, 'h': 7, 'area': 742, 'score': 0.46000000834465027}] event_idx=1[0m
[self_driving-10] [0m[INFO] [1782971605.442352656] [self_driving]: [OBJ_RAW] msg=49 raw_cls='crosswalk' norm_cls='crosswalk' cx=88 cy=147 w=101 h=9 area=909 score=0.340 state=LINE_FOLLOW right_done=False park_done=False park_x=-1 cw_y=198 lane_turn_idx=0 turn_cluster=0 cw_event_idx=1[0m
[self_driving-10] [0m[INFO] [1782971605.444689304] [self_driving]: [CROSSWALK_METRIC] n=1 nearest={'cx': 88, 'cy': 147, 'w': 101, 'h': 9, 'area': 909, 'score': 0.3400000035762787} all=[{'cx': 88, 'cy': 147, 'w': 101, 'h': 9, 'area': 909, 'score': 0.3400000035762787}] event_idx=1[0m
[self_driving-10] [0m[INFO] [1782971605.741925026] [self_driving]: [OBJECTS] msg_count=50 n=1 names=['crosswalk'][0m
[self_driving-10] [0m[INFO] [1782971605.743385952] [self_driving]: [OBJ_RAW] msg=50 raw_cls='crosswalk' norm_cls='crosswalk' cx=89 cy=198 w=105 h=8 area=840 score=0.570 state=LINE_FOLLOW right_done=False park_done=False park_x=-1 cw_y=147 lane_turn_idx=0 turn_cluster=0 cw_event_idx=1[0m
[self_driving-10] [0m[INFO] [1782971605.744893804] [self_driving]: [CROSSWALK_METRIC] n=1 nearest={'cx': 89, 'cy': 198, 'w': 105, 'h': 8, 'area': 840, 'score': 0.5699999928474426} all=[{'cx': 89, 'cy': 198, 'w': 105, 'h': 8, 'area': 840, 'score': 0.5699999928474426}] event_idx=1[0m
[self_driving-10] [0m[INFO] [1782971605.747946712] [self_driving]: [OBJ_RAW] msg=51 raw_cls='crosswalk' norm_cls='crosswalk' cx=89 cy=174 w=104 h=8 area=832 score=0.280 state=LINE_FOLLOW right_done=False park_done=False park_x=-1 cw_y=198 lane_turn_idx=0 turn_cluster=0 cw_event_idx=1[0m
[self_driving-10] [0m[INFO] [1782971605.791436138] [self_driving]: [IMAGE] received count=212 shape=(480, 640, 3) queue=0[0m
[self_driving-10] [0m[INFO] [1782971606.061154767] [self_driving]: [OBJ_RAW] msg=52 raw_cls='crosswalk' norm_cls='crosswalk' cx=89 cy=198 w=106 h=8 area=848 score=0.360 state=LINE_FOLLOW right_done=False park_done=False park_x=-1 cw_y=174 lane_turn_idx=0 turn_cluster=0 cw_event_idx=1[0m
[self_driving-10] [0m[INFO] [1782971606.062464526] [self_driving]: [CROSSWALK_METRIC] n=1 nearest={'cx': 89, 'cy': 198, 'w': 106, 'h': 8, 'area': 848, 'score': 0.36000001430511475} all=[{'cx': 89, 'cy': 198, 'w': 106, 'h': 8, 'area': 848, 'score': 0.36000001430511475}] event_idx=1[0m
[self_driving-10] [0m[INFO] [1782971606.068120674] [self_driving]: [OBJ_RAW] msg=53 raw_cls='crosswalk' norm_cls='crosswalk' cx=83 cy=98 w=117 h=14 area=1638 score=0.330 state=LINE_FOLLOW right_done=False park_done=False park_x=-1 cw_y=198 lane_turn_idx=0 turn_cluster=0 cw_event_idx=1[0m
[self_driving-10] [0m[INFO] [1782971606.357742415] [self_driving]: [OBJECTS] msg_count=54 n=1 names=['crosswalk'][0m
[self_driving-10] [0m[INFO] [1782971606.358320600] [self_driving]: [OBJ_RAW] msg=54 raw_cls='crosswalk' norm_cls='crosswalk' cx=89 cy=198 w=107 h=8 area=856 score=0.510 state=LINE_FOLLOW right_done=False park_done=False park_x=-1 cw_y=98 lane_turn_idx=0 turn_cluster=0 cw_event_idx=1[0m
[self_driving-10] [0m[INFO] [1782971606.361095452] [self_driving]: [OBJ_RAW] msg=55 raw_cls='crosswalk' norm_cls='crosswalk' cx=83 cy=97 w=117 h=13 area=1521 score=0.270 state=LINE_FOLLOW right_done=False park_done=False park_x=-1 cw_y=198 lane_turn_idx=0 turn_cluster=0 cw_event_idx=1[0m
[self_driving-10] [0m[INFO] [1782971606.661799841] [self_driving]: [OBJ_RAW] msg=56 raw_cls='crosswalk' norm_cls='crosswalk' cx=89 cy=198 w=107 h=7 area=749 score=0.560 state=LINE_FOLLOW right_done=False park_done=False park_x=-1 cw_y=97 lane_turn_idx=0 turn_cluster=0 cw_event_idx=1[0m
[self_driving-10] [0m[INFO] [1782971606.662471600] [self_driving]: [CROSSWALK_METRIC] n=1 nearest={'cx': 89, 'cy': 198, 'w': 107, 'h': 7, 'area': 749, 'score': 0.5600000023841858} all=[{'cx': 89, 'cy': 198, 'w': 107, 'h': 7, 'area': 749, 'score': 0.5600000023841858}] event_idx=1[0m
[self_driving-10] [0m[INFO] [1782971606.664678618] [self_driving]: [OBJ_RAW] msg=57 raw_cls='crosswalk' norm_cls='crosswalk' cx=89 cy=174 w=106 h=8 area=848 score=0.350 state=LINE_FOLLOW right_done=False park_done=False park_x=-1 cw_y=198 lane_turn_idx=0 turn_cluster=0 cw_event_idx=1[0m
[self_driving-10] [0m[INFO] [1782971606.668483581] [self_driving]: [OBJ_RAW] msg=58 raw_cls='crosswalk' norm_cls='crosswalk' cx=83 cy=98 w=117 h=14 area=1638 score=0.260 state=LINE_FOLLOW right_done=False park_done=False park_x=-1 cw_y=174 lane_turn_idx=0 turn_cluster=0 cw_event_idx=1[0m
[self_driving-10] [0m[INFO] [1782971606.978442248] [self_driving]: [OBJECTS] msg_count=59 n=1 names=['crosswalk'][0m
[self_driving-10] [0m[INFO] [1782971606.979276915] [self_driving]: [OBJ_RAW] msg=59 raw_cls='crosswalk' norm_cls='crosswalk' cx=89 cy=198 w=110 h=8 area=880 score=0.330 state=LINE_FOLLOW right_done=False park_done=False park_x=-1 cw_y=98 lane_turn_idx=0 turn_cluster=0 cw_event_idx=1[0m
[self_driving-10] [0m[INFO] [1782971606.982286063] [self_driving]: [CROSSWALK_METRIC] n=1 nearest={'cx': 89, 'cy': 198, 'w': 110, 'h': 8, 'area': 880, 'score': 0.33000001311302185} all=[{'cx': 89, 'cy': 198, 'w': 110, 'h': 8, 'area': 880, 'score': 0.33000001311302185}] event_idx=1[0m
[self_driving-10] [0m[INFO] [1782971607.300820470] [self_driving]: [OBJ_RAW] msg=60 raw_cls='crosswalk' norm_cls='crosswalk' cx=88 cy=148 w=107 h=10 area=1070 score=0.280 state=LINE_FOLLOW right_done=False park_done=False park_x=-1 cw_y=198 lane_turn_idx=0 turn_cluster=0 cw_event_idx=1[0m
[self_driving-10] [0m[INFO] [1782971607.304324266] [self_driving]: [CROSSWALK_METRIC] n=1 nearest={'cx': 88, 'cy': 148, 'w': 107, 'h': 10, 'area': 1070, 'score': 0.2800000011920929} all=[{'cx': 88, 'cy': 148, 'w': 107, 'h': 10, 'area': 1070, 'score': 0.2800000011920929}] event_idx=1[0m
[self_driving-10] [0m[INFO] [1782971607.863965636] [self_driving]: [IMAGE] received count=243 shape=(480, 640, 3) queue=0[0m
[self_driving-10] [0m[INFO] [1782971608.749391858] [self_driving]: [OBJECTS] msg_count=61 n=1 names=['crosswalk'][0m
[self_driving-10] [0m[INFO] [1782971608.753118043] [self_driving]: [OBJ_RAW] msg=61 raw_cls='crosswalk' norm_cls='crosswalk' cx=49 cy=25 w=99 h=24 area=2376 score=0.260 state=LINE_FOLLOW right_done=False park_done=False park_x=-1 cw_y=148 lane_turn_idx=0 turn_cluster=0 cw_event_idx=1[0m
[self_driving-10] [0m[INFO] [1782971608.754370914] [self_driving]: [CROSSWALK_METRIC] n=1 nearest={'cx': 49, 'cy': 25, 'w': 99, 'h': 24, 'area': 2376, 'score': 0.25999999046325684} all=[{'cx': 49, 'cy': 25, 'w': 99, 'h': 24, 'area': 2376, 'score': 0.25999999046325684}] event_idx=1[0m
[self_driving-10] [0m[INFO] [1782971609.041996932] [self_driving]: [OBJ_RAW] msg=62 raw_cls='crosswalk' norm_cls='crosswalk' cx=83 cy=91 w=135 h=17 area=2295 score=0.560 state=LINE_FOLLOW right_done=False park_done=False park_x=-1 cw_y=25 lane_turn_idx=0 turn_cluster=0 cw_event_idx=1[0m
[self_driving-10] [0m[INFO] [1782971609.367601080] [self_driving]: [OBJECTS] msg_count=63 n=1 names=['crosswalk'][0m
[self_driving-10] [0m[INFO] [1782971609.368267006] [self_driving]: [OBJ_RAW] msg=63 raw_cls='crosswalk' norm_cls='crosswalk' cx=103 cy=98 w=121 h=14 area=1694 score=0.470 state=LINE_FOLLOW right_done=False park_done=False park_x=-1 cw_y=91 lane_turn_idx=0 turn_cluster=0 cw_event_idx=1[0m
[self_driving-10] [0m[INFO] [1782971609.368968098] [self_driving]: [CROSSWALK_METRIC] n=1 nearest={'cx': 103, 'cy': 98, 'w': 121, 'h': 14, 'area': 1694, 'score': 0.4699999988079071} all=[{'cx': 103, 'cy': 98, 'w': 121, 'h': 14, 'area': 1694, 'score': 0.4699999988079071}] event_idx=1[0m
[self_driving-10] [0m[INFO] [1782971609.370944209] [self_driving]: [OBJ_RAW] msg=64 raw_cls='crosswalk' norm_cls='crosswalk' cx=104 cy=198 w=118 h=9 area=1062 score=0.380 state=LINE_FOLLOW right_done=False park_done=False park_x=-1 cw_y=98 lane_turn_idx=0 turn_cluster=0 cw_event_idx=1[0m
[self_driving-10] [33m[WARN] [1782971609.372118376] [self_driving]: [CROSSWALK_EVENT] idx=2 policy=future_pass_candidate nearest={'cx': 104, 'cy': 198, 'w': 118, 'h': 9, 'area': 1062, 'score': 0.3799999952316284} y_th=120[0m
[self_driving-10] [0m[INFO] [1782971609.376113487] [self_driving]: [OBJ_RAW] msg=65 raw_cls='crosswalk' norm_cls='crosswalk' cx=105 cy=190 w=116 h=10 area=1160 score=0.290 state=LINE_FOLLOW right_done=False park_done=False park_x=-1 cw_y=198 lane_turn_idx=0 turn_cluster=0 cw_event_idx=2[0m
[self_driving-10] [0m[INFO] [1782971609.682217154] [self_driving]: [OBJ_RAW] msg=66 raw_cls='crosswalk' norm_cls='crosswalk' cx=102 cy=199 w=121 h=10 area=1210 score=0.490 state=LINE_FOLLOW right_done=False park_done=False park_x=-1 cw_y=190 lane_turn_idx=0 turn_cluster=0 cw_event_idx=2[0m
[self_driving-10] [0m[INFO] [1782971609.684256135] [self_driving]: [CROSSWALK_METRIC] n=1 nearest={'cx': 102, 'cy': 199, 'w': 121, 'h': 10, 'area': 1210, 'score': 0.49000000953674316} all=[{'cx': 102, 'cy': 199, 'w': 121, 'h': 10, 'area': 1210, 'score': 0.49000000953674316}] event_idx=2[0m
[self_driving-10] [0m[INFO] [1782971609.690055080] [self_driving]: [OBJ_RAW] msg=67 raw_cls='crosswalk' norm_cls='crosswalk' cx=102 cy=98 w=123 h=14 area=1722 score=0.450 state=LINE_FOLLOW right_done=False park_done=False park_x=-1 cw_y=199 lane_turn_idx=0 turn_cluster=0 cw_event_idx=2[0m
[self_driving-10] [0m[INFO] [1782971609.885385746] [self_driving]: [IMAGE] received count=273 shape=(480, 640, 3) queue=0[0m
[self_driving-10] [0m[INFO] [1782971609.982659376] [self_driving]: [OBJECTS] msg_count=68 n=1 names=['crosswalk'][0m
[self_driving-10] [0m[INFO] [1782971609.983159913] [self_driving]: [OBJ_RAW] msg=68 raw_cls='crosswalk' norm_cls='crosswalk' cx=102 cy=98 w=123 h=14 area=1722 score=0.490 state=LINE_FOLLOW right_done=False park_done=False park_x=-1 cw_y=98 lane_turn_idx=0 turn_cluster=0 cw_event_idx=2[0m
[self_driving-10] [0m[INFO] [1782971609.983741709] [self_driving]: [CROSSWALK_METRIC] n=1 nearest={'cx': 102, 'cy': 98, 'w': 123, 'h': 14, 'area': 1722, 'score': 0.49000000953674316} all=[{'cx': 102, 'cy': 98, 'w': 123, 'h': 14, 'area': 1722, 'score': 0.49000000953674316}] event_idx=2[0m
[self_driving-10] [0m[INFO] [1782971609.987225950] [self_driving]: [OBJ_RAW] msg=69 raw_cls='crosswalk' norm_cls='crosswalk' cx=105 cy=174 w=112 h=9 area=1008 score=0.350 state=LINE_FOLLOW right_done=False park_done=False park_x=-1 cw_y=98 lane_turn_idx=0 turn_cluster=0 cw_event_idx=2[0m
[self_driving-10] [0m[INFO] [1782971609.991539931] [self_driving]: [OBJ_RAW] msg=70 raw_cls='crosswalk' norm_cls='crosswalk' cx=104 cy=191 w=120 h=10 area=1200 score=0.310 state=LINE_FOLLOW right_done=False park_done=False park_x=-1 cw_y=174 lane_turn_idx=0 turn_cluster=0 cw_event_idx=2[0m
