[INFO] [launch]: All log files can be found below /home/ubuntu/.ros/log/2026-07-02-07-36-06-779002-raspberrypi-710430
[INFO] [launch]: Default logging verbosity is set to INFO
[INFO] [ascamera_node-1]: process started with pid [710446]
[INFO] [static_transform_publisher-2]: process started with pid [710448]
[INFO] [static_transform_publisher-3]: process started with pid [710450]
[INFO] [joint_state_publisher-4]: process started with pid [710452]
[INFO] [robot_state_publisher-5]: process started with pid [710454]
[INFO] [ros_robot_controller-6]: process started with pid [710456]
[INFO] [odom_publisher-7]: process started with pid [710463]
[INFO] [ekf_node-8]: process started with pid [710473]
[INFO] [yolo_detect-9]: process started with pid [710478]
[INFO] [self_driving-10]: process started with pid [710482]
[static_transform_publisher-2] [33m[WARN] [1782977767.494270928] []: Old-style arguments are deprecated; see --help for new-style arguments[0m
[static_transform_publisher-3] [33m[WARN] [1782977767.497057169] []: Old-style arguments are deprecated; see --help for new-style arguments[0m
[ascamera_node-1] [0m[INFO] [1782977767.523407798] [as_logger]: hello world angstrong camera ros2 node[0m
[static_transform_publisher-2] [0m[INFO] [1782977767.523544039] [static_transform_publisher_a4HRQ9DU3XKiRboN]: Spinning until stopped - publishing transform
[static_transform_publisher-2] translation: ('0.000000', '0.000000', '0.000000')
[static_transform_publisher-2] rotation: ('-0.500000', '0.499602', '-0.500000', '0.500398')
[static_transform_publisher-2] from 'depth_cam' to 'ascamera_camera_link_0'[0m
[static_transform_publisher-3] [0m[INFO] [1782977767.545127761] [static_transform_publisher_6pCKuZ1ItJx4kzqh]: Spinning until stopped - publishing transform
[static_transform_publisher-3] translation: ('0.000000', '0.000000', '0.000000')
[static_transform_publisher-3] rotation: ('-0.500000', '0.499602', '-0.500000', '0.500398')
[static_transform_publisher-3] from 'depth_cam' to 'ascamera_color_0'[0m
[robot_state_publisher-5] [0m[INFO] [1782977767.576149465] [robot_state_publisher]: got segment base_footprint[0m
[robot_state_publisher-5] [0m[INFO] [1782977767.576346409] [robot_state_publisher]: got segment base_link[0m
[robot_state_publisher-5] [0m[INFO] [1782977767.576369113] [robot_state_publisher]: got segment depth_cam[0m
[robot_state_publisher-5] [0m[INFO] [1782977767.576380280] [robot_state_publisher]: got segment imu_link[0m
[robot_state_publisher-5] [0m[INFO] [1782977767.576388835] [robot_state_publisher]: got segment lidar_frame[0m
[robot_state_publisher-5] [0m[INFO] [1782977767.576398280] [robot_state_publisher]: got segment wheel_lb_Link[0m
[robot_state_publisher-5] [0m[INFO] [1782977767.576408613] [robot_state_publisher]: got segment wheel_lf_Link[0m
[robot_state_publisher-5] [0m[INFO] [1782977767.576418298] [robot_state_publisher]: got segment wheel_rb_Link[0m
[robot_state_publisher-5] [0m[INFO] [1782977767.576427280] [robot_state_publisher]: got segment wheel_rf_Link[0m
[ascamera_node-1] 2026-07-02 07:36:07[INFO] [CameraPublisher.cpp] [1558] [printLaunchParams] get depth_width 640
[ascamera_node-1] 2026-07-02 07:36:07[INFO] [CameraPublisher.cpp] [1559] [printLaunchParams] get depth_height 480
[ascamera_node-1] 2026-07-02 07:36:07[INFO] [CameraPublisher.cpp] [1561] [printLaunchParams] get rgb_width 640
[ascamera_node-1] 2026-07-02 07:36:07[INFO] [CameraPublisher.cpp] [1562] [printLaunchParams] get rgb_height 480
[ascamera_node-1] 2026-07-02 07:36:07[INFO] [CameraPublisher.cpp] [1570] [printLaunchParams] get set_fps 15
[ascamera_node-1] 2026-07-02 07:36:07[INFO] [CameraPublisher.cpp] [1578] [printLaunchParams] get color_pcl 1
[ascamera_node-1] 2026-07-02 07:36:07[INFO] [CameraPublisher.cpp] [1582] [printLaunchParams] get pub_tfTree 1
[ascamera_node-1] 2026-07-02 07:36:07[INFO] [CameraSrv.cpp] [35] [CameraSrv] Angstrong camera server
[ascamera_node-1] 2026-07-02 07:36:07[INFO] [CameraSrv.cpp] [45] [CameraSrv] Angstrong camera sdk version:v1.2.22.20240516
[joint_state_publisher-4] [0m[INFO] [1782977768.432931909] [joint_state_publisher]: Waiting for robot_description to be published on the robot_description topic...[0m
[odom_publisher-7] [0m[INFO] [1782977768.433182372] [odom_publisher]: [1;32m0.930000 1.010000[0m[0m
[odom_publisher-7] [0m[INFO] [1782977768.461012761] [odom_publisher]: [1;32mstart[0m[0m
[ascamera_node-1] 2026-07-02 07:36:08[INFO] [CameraSrv.cpp] [114] [onAttached] attached
[ascamera_node-1] 2026-07-02 07:36:08[INFO] [CameraSrv.cpp] [145] [onAttached] this is a new attach device, create and open it
[ros_robot_controller-6] [0m[INFO] [1782977768.789918094] [ros_robot_controller]: 已设置舵机 1 的偏移量为 0[0m
[ros_robot_controller-6] [0m[INFO] [1782977768.792724668] [ros_robot_controller]: 已设置舵机 2 的偏移量为 0[0m
[ros_robot_controller-6] [0m[INFO] [1782977768.793810649] [ros_robot_controller]: 已设置舵机 3 的偏移量为 4[0m
[ros_robot_controller-6] [0m[INFO] [1782977768.796466649] [ros_robot_controller]: 已设置舵机 4 的偏移量为 0[0m
[ros_robot_controller-6] [0m[INFO] [1782977768.803553390] [ros_robot_controller]: [1;32mstart[0m[0m
[self_driving-10] [0m[INFO] [1782977769.070143742] [self_driving]: [INIT] init_process started[0m
[self_driving-10] [0m[INFO] [1782977769.070695890] [self_driving]: [INIT] only_line_follow=False[0m
[self_driving-10] [0m[INFO] [1782977769.071190001] [self_driving]: [INIT] request /yolov5/start[0m
[ascamera_node-1] 2026-07-02 07:36:09[INFO] [CameraSrv.cpp] [154] [onAttached] get model type 9
[ascamera_node-1] 2026-07-02 07:36:09[INFO] [CameraSrv.cpp] [342] [getConfigFile] get file: /home/ubuntu/third_party_ros2/third_party_ws/src/ascamera/configurationfiles/hp60c_v2_00_20230704_configEncrypt.json
[ascamera_node-1] 2026-07-02 07:36:09[INFO] [CameraPublisher.cpp] [1501] [logCameraPathInfo] usb camera
[ascamera_node-1] 2026-07-02 07:36:09[INFO] [CameraPublisher.cpp] [1502] [logCameraPathInfo] bnum:1
[ascamera_node-1] 2026-07-02 07:36:09[INFO] [CameraPublisher.cpp] [1503] [logCameraPathInfo] dnum:12
[ascamera_node-1] 2026-07-02 07:36:09[INFO] [CameraPublisher.cpp] [1504] [logCameraPathInfo] port_numbers:2
[ascamera_node-1] 2026-07-02 07:36:09[INFO] [CameraPublisher.cpp] [171] [onCameraAttached] create a new publisher info set
[ascamera_node-1] 2026-07-02 07:36:09[INFO] [TfTreeFrameIdInfo.cpp] [11] [TfTreeFrameIdInfo] Namespace /ascamera
[ascamera_node-1] 2026-07-02 07:36:09[INFO] [CameraHp60c.cpp] [128] [open] according to the configuration file.
[ascamera_node-1] 2026-07-02 07:36:09[INFO] [CameraHp60c.cpp] [1528] [parseConfigFileParameter] moduleName:AS_CAM_HP60C
[ascamera_node-1] 2026-07-02 07:36:09[INFO] [CameraHp60c.cpp] [1555] [parseConfigFileParameter] Parsing config file /home/ubuntu/third_party_ros2/third_party_ws/src/ascamera/configurationfiles/hp60c_v2_00_20230704_configEncrypt.json
[ascamera_node-1] 2026-07-02 07:36:09[INFO] [CameraHp60c.cpp] [1620] [parseConfigFileParameter] configuration protocol Version: v2.x
[ascamera_node-1] 2026-07-02 07:36:09[INFO] [CameraHp60c.cpp] [1631] [parseConfigFileParameter] configuration Version: v2.0.0.20230704
[ascamera_node-1] 2026-07-02 07:36:09[INFO] [CameraHp60c.cpp] [1796] [setParamersAfterOpenCam] Camera confiParaEnable true, setting configuration parameter
[self_driving-10] [33m[WARN] [1782977771.074436703] [self_driving]: [YOLO_SERVICE] service not ready, continue without blocking[0m
[ascamera_node-1] 2026-07-02 07:36:11[ERROR] [XuCmdCameraHp60c.cpp] [454] [getMjpegSize] get mjpeg from xu command failed
[ascamera_node-1] 2026-07-02 07:36:11[INFO] [XuCmdCameraHp60c.cpp] [458] [getMjpegSize] mjpeg size:640x480
[ascamera_node-1] 2026-07-02 07:36:11[INFO] [CameraPublisher.cpp] [356] [onCameraOpen] camera opened
[ascamera_node-1] 2026-07-02 07:36:11[INFO] [CameraPublisher.cpp] [370] [onCameraOpen] get config info, ret 0, is_Registration 1
[ascamera_node-1] 2026-07-02 07:36:11[INFO] [Camera.cpp] [61] [init] #camera[0x55559ecfb560] SN[ASC60CF08000515]'s firmware version:DLS_VERc20865=:V01.09_2024110714:V01.19_2024110714:L01
[ascamera_node-1] 2026-07-02 07:36:11[INFO] [CameraPublisher.cpp] [1183] [setResolution] set depth resolution: 640 x 480 @ 15fps
[ascamera_node-1] 2026-07-02 07:36:11[INFO] [CameraPublisher.cpp] [1197] [setResolution] set rgb resolution: 640 x 480 @ 15fps
[ascamera_node-1] 2026-07-02 07:36:11[INFO] [CameraHp60c.cpp] [260] [startStreaming] start streaming
[ascamera_node-1] 2026-07-02 07:36:11[INFO] [CameraSrv.cpp] [202] [onAttached] attached end
[self_driving-10] [0m[INFO] [1782977771.575608185] [self_driving]: [INIT] enter + set_running start[0m
[self_driving-10] [0m[INFO] [1782977771.576520407] [self_driving]: [1;32mself driving enter[0m[0m
[self_driving-10] [0m[INFO] [1782977771.585795444] [self_driving]: [SUB] image=/ascamera/camera_publisher/rgb0/image object=/yolov5_ros2/object_detect[0m
[self_driving-10] [0m[INFO] [1782977771.587565648] [self_driving]: [1;32mset_running[0m[0m
[self_driving-10] [0m[INFO] [1782977771.589582851] [self_driving]: [1;32m[START] hybrid self_driving start: auto LINE_FOLLOW[0m[0m
[ascamera_node-1] 2026-07-02 07:36:12[WARN] [CameraHp60c.cpp] [785] [processRawData] wrong size, read :16288,but framesize:1585929841
[ascamera_node-1] 2026-07-02 07:36:12[WARN] [CameraHp60c.cpp] [785] [processRawData] wrong size, read :16288,but framesize:1590255305
[ascamera_node-1] 2026-07-02 07:36:12[WARN] [CameraHp60c.cpp] [785] [processRawData] wrong size, read :16289,but framesize:1532904798
[ascamera_node-1] 2026-07-02 07:36:12[WARN] [CameraHp60c.cpp] [785] [processRawData] wrong size, read :16289,but framesize:1532910430
[ascamera_node-1] 2026-07-02 07:36:12[WARN] [CameraHp60c.cpp] [785] [processRawData] wrong size, read :16289,but framesize:1163806046
[ascamera_node-1] 2026-07-02 07:36:12[WARN] [CameraHp60c.cpp] [785] [processRawData] wrong size, read :16290,but framesize:1585929885
[ascamera_node-1] 2026-07-02 07:36:12[WARN] [CameraHp60c.cpp] [785] [processRawData] wrong size, read :32580,but framesize:1644061159
[ascamera_node-1] 2026-07-02 07:36:12[WARN] [CameraHp60c.cpp] [785] [processRawData] wrong size, read :16290,but framesize:1642553831
[ascamera_node-1] 2026-07-02 07:36:12[WARN] [CameraHp60c.cpp] [785] [processRawData] wrong size, read :16288,but framesize:1610768386
[ascamera_node-1] 2026-07-02 07:36:12[WARN] [CameraHp60c.cpp] [785] [processRawData] wrong size, read :16288,but framesize:1594580747
[INFO] [apply_calib-11]: process started with pid [710626]
[INFO] [complementary_filter_node-12]: process started with pid [710628]
[complementary_filter_node-12] [0m[INFO] [1782977772.528092184] [imu_filter]: Starting ComplementaryFilterROS[0m
[ascamera_node-1] 2026-07-02 07:36:12[WARN] [CameraHp60c.cpp] [785] [processRawData] wrong size, read :16142,but framesize:408754269
[ascamera_node-1] 2026-07-02 07:36:12[INFO] [CameraHp60c.cpp] [912] [setInternalParameter] mjpeg info: size(640x480)
[apply_calib-11] [0m[INFO] [1782977772.880982795] [imu_calib]: Calibrating gyros; do not move the IMU[0m
[ascamera_node-1] 2026-07-02 07:36:13[INFO] [Camera.cpp] [127] [backgroundThread] SN [ ASC60CF08000515 ]'s parameter:
[ascamera_node-1] 2026-07-02 07:36:13[INFO] [Camera.cpp] [128] [backgroundThread] irfx: 426.962
[ascamera_node-1] 2026-07-02 07:36:13[INFO] [Camera.cpp] [129] [backgroundThread] irfy: 426.374
[ascamera_node-1] 2026-07-02 07:36:13[INFO] [Camera.cpp] [130] [backgroundThread] ircx: 315.403
[ascamera_node-1] 2026-07-02 07:36:13[INFO] [Camera.cpp] [131] [backgroundThread] ircy: 240.933
[ascamera_node-1] 2026-07-02 07:36:13[INFO] [Camera.cpp] [132] [backgroundThread] rgbfx: 570.48
[ascamera_node-1] 2026-07-02 07:36:13[INFO] [Camera.cpp] [133] [backgroundThread] rgbfy: 569.949
[ascamera_node-1] 2026-07-02 07:36:13[INFO] [Camera.cpp] [134] [backgroundThread] rgbcx: 329.75
[ascamera_node-1] 2026-07-02 07:36:13[INFO] [Camera.cpp] [135] [backgroundThread] rgbcy: 238.406
[ascamera_node-1] 
[ascamera_node-1] 2026-07-02 07:36:13[INFO] [CameraHp60c.cpp] [1149] [streamCallback] set gain ret 0, gain 4
[self_driving-10] [0m[INFO] [1782977773.465469646] [self_driving]: [IMAGE] received count=1 shape=(480, 640, 3) queue=0[0m
[self_driving-10] [33m[WARN] [1782977773.631422795] [self_driving]: [IMAGE] queue full -> drop oldest frame[0m
[self_driving-10] [33m[WARN] [1782977773.647624035] [self_driving]: [LANE_LOST] raw_lane_x=-1 lane_x=-1 filter=lost stop=False state=LINE_FOLLOW safe_linear=0.00 right_ready=False right_done=False[0m
[self_driving-10] [0m[INFO] [1782977773.648883998] [self_driving]: [DEBUG_DRIVE] state=LINE_FOLLOW raw_lane_x=-1 lane_x=-1 filter=lost linear=0.32 angular=0.00 cw_y=0 right_done=False start_turn=False count_turn=0 traffic=None stop=False[0m
[self_driving-10] [0m[INFO] [1782977774.173469665] [self_driving]: [DEBUG_DRIVE] state=LINE_FOLLOW raw_lane_x=-1 lane_x=191.5 filter=hold_last linear=0.32 angular=-0.72 cw_y=0 right_done=False start_turn=False count_turn=2 traffic=None stop=False[0m
[yolo_detect-9] [0m[INFO] [1782977774.379395701] [yolov5_ros2]: Current ROS 2 distribution: humble[0m
[self_driving-10] [0m[INFO] [1782977774.714167349] [self_driving]: [DEBUG_DRIVE] state=LINE_FOLLOW raw_lane_x=-1 lane_x=232.5 filter=hold_last linear=0.32 angular=-0.72 cw_y=0 right_done=False start_turn=True count_turn=4 traffic=None stop=False[0m
[self_driving-10] [33m[WARN] [1782977774.780951683] [self_driving]: [LANE_LOST] raw_lane_x=-1 lane_x=-1 filter=lost stop=False state=LINE_FOLLOW safe_linear=0.00 right_ready=False right_done=False[0m
[apply_calib-11] [0m[INFO] [1782977774.945744053] [imu_calib]: Gyro calibration complete! (bias = [0.095, 0.154, 0.431])[0m
[self_driving-10] [0m[INFO] [1782977775.266823701] [self_driving]: [DEBUG_DRIVE] state=LINE_FOLLOW raw_lane_x=-1 lane_x=-1 filter=lost linear=0.32 angular=0.00 cw_y=0 right_done=False start_turn=True count_turn=4 traffic=None stop=False[0m
[self_driving-10] [33m[WARN] [1782977775.339050071] [self_driving]: [LANE_LOST] raw_lane_x=-1 lane_x=-1 filter=lost stop=False state=LINE_FOLLOW safe_linear=0.00 right_ready=False right_done=False[0m
[self_driving-10] [0m[INFO] [1782977775.539950219] [self_driving]: [IMAGE] received count=32 shape=(480, 640, 3) queue=0[0m
[self_driving-10] [0m[INFO] [1782977775.789950127] [self_driving]: [DEBUG_DRIVE] state=LINE_FOLLOW raw_lane_x=-1 lane_x=-1 filter=lost linear=0.32 angular=0.00 cw_y=0 right_done=False start_turn=True count_turn=4 traffic=None stop=False[0m
[self_driving-10] [33m[WARN] [1782977775.880666238] [self_driving]: [LANE_LOST] raw_lane_x=-1 lane_x=-1 filter=lost stop=False state=LINE_FOLLOW safe_linear=0.00 right_ready=False right_done=False[0m
[self_driving-10] [0m[INFO] [1782977776.347178682] [self_driving]: [DEBUG_DRIVE] state=LINE_FOLLOW raw_lane_x=-1 lane_x=-1 filter=lost linear=0.32 angular=0.00 cw_y=0 right_done=False start_turn=True count_turn=4 traffic=None stop=False[0m
[self_driving-10] [33m[WARN] [1782977776.404146737] [self_driving]: [LANE_LOST] raw_lane_x=-1 lane_x=-1 filter=lost stop=False state=LINE_FOLLOW safe_linear=0.00 right_ready=False right_done=False[0m
[self_driving-10] [0m[INFO] [1782977776.879457885] [self_driving]: [DEBUG_DRIVE] state=LINE_FOLLOW raw_lane_x=-1 lane_x=-1 filter=lost linear=0.32 angular=0.00 cw_y=0 right_done=False start_turn=True count_turn=4 traffic=None stop=False[0m
[self_driving-10] [33m[WARN] [1782977776.951541385] [self_driving]: [LANE_LOST] raw_lane_x=-1 lane_x=-1 filter=lost stop=False state=LINE_FOLLOW safe_linear=0.00 right_ready=False right_done=False[0m
[self_driving-10] [0m[INFO] [1782977777.403462663] [self_driving]: [DEBUG_DRIVE] state=LINE_FOLLOW raw_lane_x=-1 lane_x=-1 filter=lost linear=0.32 angular=0.00 cw_y=0 right_done=False start_turn=True count_turn=4 traffic=None stop=False[0m
[self_driving-10] [33m[WARN] [1782977777.482219811] [self_driving]: [LANE_LOST] raw_lane_x=-1 lane_x=-1 filter=lost stop=False state=LINE_FOLLOW safe_linear=0.00 right_ready=False right_done=False[0m
[self_driving-10] [0m[INFO] [1782977777.628432033] [self_driving]: [IMAGE] received count=63 shape=(480, 640, 3) queue=0[0m
[self_driving-10] [33m[WARN] [1782977777.646196681] [self_driving]: [LANE_X_JUMP_REJECT] raw=84.0 last=232.5 diff=148.5 candidate=84.0 cnt=1/4[0m
[self_driving-10] [0m[INFO] [1782977777.970908607] [self_driving]: [DEBUG_DRIVE] state=LINE_FOLLOW raw_lane_x=85.5 lane_x=196.5 filter=jump_reject linear=0.32 angular=-0.72 cw_y=0 right_done=False start_turn=False count_turn=2 traffic=None stop=False[0m
[self_driving-10] [33m[WARN] [1782977778.148292755] [self_driving]: [LANE_X_JUMP_REJECT] raw=46.0 last=256.5 diff=210.5 candidate=46.0 cnt=1/4[0m
[self_driving-10] [0m[INFO] [1782977778.478113069] [self_driving]: [DEBUG_DRIVE] state=LINE_FOLLOW raw_lane_x=282.0 lane_x=282.0 filter=stable linear=0.32 angular=-0.72 cw_y=0 right_done=False start_turn=True count_turn=4 traffic=None stop=False[0m
[self_driving-10] [33m[WARN] [1782977778.887644903] [self_driving]: [LANE_X_JUMP_REJECT] raw=79.5 last=175.0 diff=95.5 candidate=79.5 cnt=1/4[0m
[self_driving-10] [0m[INFO] [1782977778.930071847] [self_driving]: [OBJECTS] msg_count=1 n=1 names=['crosswalk'][0m
[self_driving-10] [0m[INFO] [1782977778.931178440] [self_driving]: [CW_CANDIDATE] name=crosswalkcx=30 cy=300 area=1159 score=0.74 [0m
[self_driving-10] [0m[INFO] [1782977779.041424217] [self_driving]: [DEBUG_DRIVE] state=LINE_FOLLOW raw_lane_x=25.5 lane_x=175.0 filter=jump_reject linear=0.32 angular=0.00 cw_y=300 right_done=False start_turn=True count_turn=0 traffic=None stop=False[0m
[self_driving-10] [0m[INFO] [1782977779.097833013] [self_driving]: [CROSSWALK_SLOW] y=300 th=180 confirm=3[0m
[self_driving-10] [0m[INFO] [1782977779.153784439] [self_driving]: [LANE_X_JUMP_ACCEPT] raw=45.5 last=45.5 cnt=4/4[0m
[self_driving-10] [0m[INFO] [1782977779.299744347] [self_driving]: [CW_CANDIDATE] name=crosswalkcx=198 cy=461 area=4760 score=0.79 [0m
[self_driving-10] [0m[INFO] [1782977779.629052180] [self_driving]: [OBJECTS] msg_count=3 n=1 names=['crosswalk'][0m
[self_driving-10] [0m[INFO] [1782977779.629920902] [self_driving]: [CW_CANDIDATE] name=crosswalkcx=366 cy=250 area=2790 score=0.88 [0m
[self_driving-10] [0m[INFO] [1782977779.691501346] [self_driving]: [IMAGE] received count=94 shape=(480, 640, 3) queue=0[0m
[self_driving-10] [0m[INFO] [1782977779.836775680] [self_driving]: [CW_STAGE 2] 정지선 앞 완전 정지! elapsed=0.74s[0m
[self_driving-10] [0m[INFO] [1782977779.891484013] [self_driving]: [CW_STAGE 2] 정지선 앞 완전 정지! elapsed=0.79s[0m
[self_driving-10] [0m[INFO] [1782977779.963630772] [self_driving]: [CW_CANDIDATE] name=crosswalkcx=373 cy=155 area=1980 score=0.75 [0m
[self_driving-10] [0m[INFO] [1782977779.976457217] [self_driving]: [CW_STAGE 2] 정지선 앞 완전 정지! elapsed=0.88s[0m
[self_driving-10] [0m[INFO] [1782977780.043325791] [self_driving]: [CW_STAGE 2] 정지선 앞 완전 정지! elapsed=0.94s[0m
[self_driving-10] [0m[INFO] [1782977780.100354809] [self_driving]: [CW_STAGE 2] 정지선 앞 완전 정지! elapsed=1.00s[0m
[self_driving-10] [0m[INFO] [1782977780.181260568] [self_driving]: [CW_STAGE 2] 정지선 앞 완전 정지! elapsed=1.08s[0m
[self_driving-10] [0m[INFO] [1782977780.232634902] [self_driving]: [CW_STAGE 2] 정지선 앞 완전 정지! elapsed=1.13s[0m
[self_driving-10] [0m[INFO] [1782977780.290499050] [self_driving]: [CW_STAGE 2] 정지선 앞 완전 정지! elapsed=1.19s[0m
[self_driving-10] [0m[INFO] [1782977780.313958865] [self_driving]: [OBJECTS] msg_count=6 n=1 names=['crosswalk'][0m
[self_driving-10] [0m[INFO] [1782977780.314581420] [self_driving]: [CW_CANDIDATE] name=crosswalkcx=364 cy=222 area=7150 score=0.83 [0m
[self_driving-10] [0m[INFO] [1782977780.319862624] [self_driving]: [CW_CANDIDATE] name=crosswalkcx=360 cy=181 area=1328 score=0.83 [0m
[self_driving-10] [0m[INFO] [1782977780.391907809] [self_driving]: [CW_STAGE 2] 정지선 앞 완전 정지! elapsed=1.29s[0m
[self_driving-10] [0m[INFO] [1782977780.447951235] [self_driving]: [CW_STAGE 2] 정지선 앞 완전 정지! elapsed=1.35s[0m
[self_driving-10] [0m[INFO] [1782977780.497828550] [self_driving]: [CW_STAGE 2] 정지선 앞 완전 정지! elapsed=1.40s[0m
[self_driving-10] [0m[INFO] [1782977780.572322068] [self_driving]: [CW_STAGE 2] 정지선 앞 완전 정지! elapsed=1.47s[0m
[self_driving-10] [0m[INFO] [1782977780.645339124] [self_driving]: [CW_STAGE 2] 정지선 앞 완전 정지! elapsed=1.55s[0m
[self_driving-10] [0m[INFO] [1782977780.670492420] [self_driving]: [CW_CANDIDATE] name=crosswalkcx=389 cy=227 area=8328 score=0.85 [0m
[self_driving-10] [0m[INFO] [1782977780.676637235] [self_driving]: [CW_CANDIDATE] name=crosswalkcx=382 cy=182 area=1575 score=0.82 [0m
[self_driving-10] [0m[INFO] [1782977780.720871883] [self_driving]: [CW_STAGE 2] 정지선 앞 완전 정지! elapsed=1.62s[0m
[self_driving-10] [0m[INFO] [1782977780.770445235] [self_driving]: [CW_STAGE 2] 정지선 앞 완전 정지! elapsed=1.67s[0m
[self_driving-10] [0m[INFO] [1782977780.843699790] [self_driving]: [CW_STAGE 2] 정지선 앞 완전 정지! elapsed=1.74s[0m
[self_driving-10] [0m[INFO] [1782977780.905035309] [self_driving]: [CW_STAGE 2] 정지선 앞 완전 정지! elapsed=1.81s[0m
[self_driving-10] [0m[INFO] [1782977780.981129420] [self_driving]: [CW_STAGE 2] 정지선 앞 완전 정지! elapsed=1.88s[0m
[self_driving-10] [0m[INFO] [1782977781.023814753] [self_driving]: [OBJECTS] msg_count=11 n=1 names=['go'][0m
[self_driving-10] [0m[INFO] [1782977781.028177549] [self_driving]: [CW_CANDIDATE] name=crosswalkcx=411 cy=183 area=1638 score=0.82 [0m
[self_driving-10] [0m[INFO] [1782977781.045052549] [self_driving]: [CW_STAGE 2] 정지선 앞 완전 정지! elapsed=1.95s[0m
[self_driving-10] [0m[INFO] [1782977781.115085586] [self_driving]: [CW_STAGE 2] 정지선 앞 완전 정지! elapsed=2.01s[0m
[self_driving-10] [0m[INFO] [1782977781.181511512] [self_driving]: [CW_STAGE 2] 정지선 앞 완전 정지! elapsed=2.08s[0m
[self_driving-10] [0m[INFO] [1782977781.239122068] [self_driving]: [CW_STAGE 3] 미션 완료 -> 정상 속도 회복 및 6초 락 가동[0m
[self_driving-10] [0m[INFO] [1782977781.239873975] [self_driving]: [DEBUG_DRIVE] state=LINE_FOLLOW raw_lane_x=100.0 lane_x=100.0 filter=stable linear=0.32 angular=0.10 cw_y=183 right_done=False start_turn=False count_turn=0 traffic=None stop=False[0m
[self_driving-10] [0m[INFO] [1782977781.386408271] [self_driving]: [CW_CANDIDATE] name=crosswalkcx=428 cy=236 area=11078 score=0.88 [0m
[self_driving-10] [0m[INFO] [1782977781.390205197] [self_driving]: [CW_CANDIDATE] name=crosswalkcx=412 cy=184 area=1464 score=0.82 [0m
[self_driving-10] [0m[INFO] [1782977781.701265919] [self_driving]: [IMAGE] received count=124 shape=(480, 640, 3) queue=0[0m
[self_driving-10] [0m[INFO] [1782977781.724916345] [self_driving]: [OBJECTS] msg_count=16 n=1 names=['crosswalk'][0m
[self_driving-10] [0m[INFO] [1782977781.726434179] [self_driving]: [CW_CANDIDATE] name=crosswalkcx=428 cy=236 area=11049 score=0.87 [0m
[self_driving-10] [0m[INFO] [1782977781.732344197] [self_driving]: [CW_CANDIDATE] name=crosswalkcx=412 cy=184 area=1472 score=0.82 [0m
[self_driving-10] [0m[INFO] [1782977781.786662327] [self_driving]: [DEBUG_DRIVE] state=LINE_FOLLOW raw_lane_x=140.5 lane_x=140.5 filter=stable linear=0.32 angular=-0.10 cw_y=184 right_done=False start_turn=False count_turn=0 traffic=None stop=False[0m
[self_driving-10] [0m[INFO] [1782977782.071862697] [self_driving]: [CW_CANDIDATE] name=crosswalkcx=429 cy=236 area=11078 score=0.87 [0m
[self_driving-10] [0m[INFO] [1782977782.076166271] [self_driving]: [CW_CANDIDATE] name=crosswalkcx=412 cy=184 area=1472 score=0.82 [0m
[self_driving-10] [0m[INFO] [1782977782.315637697] [self_driving]: [DEBUG_DRIVE] state=LINE_FOLLOW raw_lane_x=141.0 lane_x=141.0 filter=stable linear=0.32 angular=-0.10 cw_y=184 right_done=False start_turn=False count_turn=0 traffic=None stop=False[0m
[self_driving-10] [0m[INFO] [1782977782.423137530] [self_driving]: [OBJECTS] msg_count=21 n=1 names=['crosswalk'][0m
[self_driving-10] [0m[INFO] [1782977782.424597326] [self_driving]: [CW_CANDIDATE] name=crosswalkcx=444 cy=240 area=10976 score=0.88 [0m
[self_driving-10] [0m[INFO] [1782977782.429477956] [self_driving]: [CW_CANDIDATE] name=crosswalkcx=427 cy=186 area=1464 score=0.79 [0m
[self_driving-10] [0m[INFO] [1782977782.759561900] [self_driving]: [CW_CANDIDATE] name=crosswalkcx=437 cy=268 area=18045 score=0.91 [0m
[self_driving-10] [0m[INFO] [1782977782.763040067] [self_driving]: [CW_CANDIDATE] name=crosswalkcx=441 cy=191 area=2070 score=0.83 [0m
[self_driving-10] [0m[INFO] [1782977782.870612196] [self_driving]: [DEBUG_DRIVE] state=LINE_FOLLOW raw_lane_x=140.5 lane_x=140.5 filter=stable linear=0.32 angular=-0.10 cw_y=191 right_done=False start_turn=False count_turn=0 traffic=None stop=False[0m
[self_driving-10] [0m[INFO] [1782977783.102119252] [self_driving]: [OBJECTS] msg_count=26 n=1 names=['crosswalk'][0m
[self_driving-10] [0m[INFO] [1782977783.103560752] [self_driving]: [CW_CANDIDATE] name=crosswalkcx=404 cy=307 area=28791 score=0.91 [0m
[self_driving-10] [0m[INFO] [1782977783.115023381] [self_driving]: [CW_CANDIDATE] name=crosswalkcx=437 cy=198 area=2760 score=0.86 [0m
[self_driving-10] [0m[INFO] [1782977783.396188196] [self_driving]: [DEBUG_DRIVE] state=LINE_FOLLOW raw_lane_x=139.0 lane_x=139.0 filter=stable linear=0.32 angular=-0.10 cw_y=198 right_done=False start_turn=False count_turn=0 traffic=None stop=False[0m
[self_driving-10] [0m[INFO] [1782977783.470623066] [self_driving]: [CW_CANDIDATE] name=crosswalkcx=336 cy=409 area=86336 score=0.92 [0m
[self_driving-10] [0m[INFO] [1782977783.723789066] [self_driving]: [IMAGE] received count=154 shape=(480, 640, 3) queue=0[0m
[self_driving-10] [0m[INFO] [1782977783.825458566] [self_driving]: [OBJECTS] msg_count=30 n=1 names=['crosswalk'][0m
[self_driving-10] [0m[INFO] [1782977783.826858344] [self_driving]: [CW_CANDIDATE] name=crosswalkcx=426 cy=218 area=6552 score=0.88 [0m
[self_driving-10] [0m[INFO] [1782977783.830630140] [self_driving]: [CW_CANDIDATE] name=crosswalkcx=311 cy=471 area=9968 score=0.61 [0m
[self_driving-10] [0m[INFO] [1782977783.926899418] [self_driving]: [DEBUG_DRIVE] state=LINE_FOLLOW raw_lane_x=122.5 lane_x=122.5 filter=stable linear=0.32 angular=0.10 cw_y=471 right_done=False start_turn=False count_turn=0 traffic=None stop=False[0m
[self_driving-10] [0m[INFO] [1782977784.163097585] [self_driving]: [CW_CANDIDATE] name=crosswalkcx=434 cy=234 area=9646 score=0.89 [0m
[self_driving-10] [0m[INFO] [1782977784.466365029] [self_driving]: [DEBUG_DRIVE] state=LINE_FOLLOW raw_lane_x=142.5 lane_x=142.5 filter=stable linear=0.32 angular=-0.10 cw_y=234 right_done=False start_turn=False count_turn=0 traffic=None stop=False[0m
[self_driving-10] [0m[INFO] [1782977784.516908195] [self_driving]: [OBJECTS] msg_count=33 n=1 names=['crosswalk'][0m
[self_driving-10] [0m[INFO] [1782977784.518429899] [self_driving]: [CW_CANDIDATE] name=crosswalkcx=435 cy=258 area=16120 score=0.92 [0m
[self_driving-10] [0m[INFO] [1782977784.848809714] [self_driving]: [CW_CANDIDATE] name=crosswalkcx=409 cy=293 area=25872 score=0.91 [0m
[self_driving-10] [0m[INFO] [1782977785.005674732] [self_driving]: [DEBUG_DRIVE] state=LINE_FOLLOW raw_lane_x=122.0 lane_x=122.0 filter=stable linear=0.32 angular=0.10 cw_y=293 right_done=False start_turn=False count_turn=0 traffic=None stop=False[0m
[self_driving-10] [0m[INFO] [1782977785.182071528] [self_driving]: [OBJECTS] msg_count=35 n=1 names=['crosswalk'][0m
[self_driving-10] [0m[INFO] [1782977785.183243806] [self_driving]: [CW_CANDIDATE] name=crosswalkcx=378 cy=358 area=54570 score=0.92 [0m
[self_driving-10] [0m[INFO] [1782977785.540338491] [self_driving]: [DEBUG_DRIVE] state=LINE_FOLLOW raw_lane_x=123.5 lane_x=123.5 filter=stable linear=0.32 angular=0.10 cw_y=358 right_done=False start_turn=False count_turn=0 traffic=None stop=False[0m
[self_driving-10] [0m[INFO] [1782977785.554677417] [self_driving]: [CW_CANDIDATE] name=crosswalkcx=344 cy=434 area=53781 score=0.93 [0m
[self_driving-10] [0m[INFO] [1782977785.737330880] [self_driving]: [IMAGE] received count=184 shape=(480, 640, 3) queue=0[0m
[self_driving-10] [0m[INFO] [1782977785.897406417] [self_driving]: [OBJECTS] msg_count=38 n=1 names=['crosswalk'][0m
[self_driving-10] [0m[INFO] [1782977786.075962491] [self_driving]: [DEBUG_DRIVE] state=LINE_FOLLOW raw_lane_x=141.0 lane_x=141.0 filter=stable linear=0.32 angular=-0.10 cw_y=0 right_done=False start_turn=False count_turn=0 traffic=None stop=False[0m
[self_driving-10] [0m[INFO] [1782977786.614312194] [self_driving]: [DEBUG_DRIVE] state=LINE_FOLLOW raw_lane_x=139.5 lane_x=139.5 filter=stable linear=0.32 angular=-0.10 cw_y=0 right_done=False start_turn=False count_turn=0 traffic=None stop=False[0m
[self_driving-10] [0m[INFO] [1782977786.912837342] [self_driving]: [OBJECTS] msg_count=40 n=1 names=['crosswalk'][0m
[self_driving-10] [0m[INFO] [1782977787.152476361] [self_driving]: [DEBUG_DRIVE] state=LINE_FOLLOW raw_lane_x=140.5 lane_x=140.5 filter=stable linear=0.32 angular=-0.10 cw_y=0 right_done=False start_turn=False count_turn=0 traffic=None stop=False[0m
[self_driving-10] [0m[INFO] [1782977787.697174286] [self_driving]: [DEBUG_DRIVE] state=LINE_FOLLOW raw_lane_x=223.5 lane_x=223.5 filter=stable linear=0.32 angular=-0.72 cw_y=0 right_done=False start_turn=False count_turn=4 traffic=None stop=False[0m
[self_driving-10] [0m[INFO] [1782977787.746758379] [self_driving]: [IMAGE] received count=214 shape=(480, 640, 3) queue=0[0m
[self_driving-10] [33m[WARN] [1782977787.895090749] [self_driving]: [LANE_X_JUMP_REJECT] raw=94.5 last=259.0 diff=164.5 candidate=94.5 cnt=1/4[0m
[self_driving-10] [0m[INFO] [1782977788.221789934] [self_driving]: [DEBUG_DRIVE] state=LINE_FOLLOW raw_lane_x=247.0 lane_x=247.0 filter=stable linear=0.32 angular=-0.72 cw_y=0 right_done=False start_turn=True count_turn=6 traffic=None stop=False[0m
[self_driving-10] [33m[WARN] [1782977788.427868378] [self_driving]: [LANE_X_JUMP_REJECT] raw=191.0 last=299.5 diff=108.5 candidate=191.0 cnt=1/4[0m
[self_driving-10] [0m[INFO] [1782977788.773551804] [self_driving]: [DEBUG_DRIVE] state=LINE_FOLLOW raw_lane_x=287.5 lane_x=287.5 filter=stable linear=0.32 angular=-0.72 cw_y=0 right_done=False start_turn=True count_turn=14 traffic=None stop=False[0m
[self_driving-10] [0m[INFO] [1782977789.302441156] [self_driving]: [DEBUG_DRIVE] state=LINE_FOLLOW raw_lane_x=314.0 lane_x=314.0 filter=stable linear=0.32 angular=-0.72 cw_y=0 right_done=False start_turn=True count_turn=22 traffic=None stop=False[0m
[self_driving-10] [0m[INFO] [1782977789.777322766] [self_driving]: [IMAGE] received count=244 shape=(480, 640, 3) queue=0[0m
[self_driving-10] [0m[INFO] [1782977789.842660581] [self_driving]: [DEBUG_DRIVE] state=LINE_FOLLOW raw_lane_x=192.0 lane_x=192.0 filter=stable linear=0.32 angular=-0.72 cw_y=0 right_done=False start_turn=True count_turn=30 traffic=None stop=False[0m
[self_driving-10] [0m[INFO] [1782977790.397121970] [self_driving]: [DEBUG_DRIVE] state=LINE_FOLLOW raw_lane_x=73.5 lane_x=73.5 filter=stable linear=0.32 angular=0.10 cw_y=0 right_done=False start_turn=False count_turn=0 traffic=None stop=False[0m
[self_driving-10] [0m[INFO] [1782977790.610008099] [self_driving]: [OBJECTS] msg_count=41 n=1 names=['crosswalk'][0m
[self_driving-10] [0m[INFO] [1782977790.610556914] [self_driving]: [CW_CANDIDATE] name=crosswalkcx=506 cy=196 area=2541 score=0.78 [0m
[self_driving-10] [0m[INFO] [1782977790.787373414] [self_driving]: [CROSSWALK_SLOW] y=196 th=180 confirm=3[0m
[self_driving-10] [0m[INFO] [1782977790.938057303] [self_driving]: [CW_CANDIDATE] name=crosswalkcx=361 cy=200 area=3360 score=0.83 [0m
[self_driving-10] [0m[INFO] [1782977791.279274099] [self_driving]: [OBJECTS] msg_count=43 n=1 names=['crosswalk'][0m
[self_driving-10] [0m[INFO] [1782977791.279831562] [self_driving]: [CW_CANDIDATE] name=crosswalkcx=340 cy=210 area=4950 score=0.87 [0m
[self_driving-10] [0m[INFO] [1782977791.283773988] [self_driving]: [CW_CANDIDATE] name=crosswalkcx=302 cy=179 area=1232 score=0.69 [0m
[self_driving-10] [0m[INFO] [1782977791.342737451] [self_driving]: [CROSSWALK_IGNORE] y=179 < th=180[0m
[self_driving-10] [0m[INFO] [1782977791.389999321] [self_driving]: [CROSSWALK_IGNORE] y=179 < th=180[0m
[self_driving-10] [0m[INFO] [1782977791.455256858] [self_driving]: [CROSSWALK_IGNORE] y=179 < th=180[0m
[self_driving-10] [0m[INFO] [1782977791.527488876] [self_driving]: [CROSSWALK_IGNORE] y=179 < th=180[0m
[self_driving-10] [0m[INFO] [1782977791.530582099] [self_driving]: [CW_STAGE 2] 정지선 앞 완전 정지! elapsed=0.74s[0m
[self_driving-10] [0m[INFO] [1782977791.585278136] [self_driving]: [CROSSWALK_IGNORE] y=179 < th=180[0m
[self_driving-10] [0m[INFO] [1782977791.586121469] [self_driving]: [CW_STAGE 2] 정지선 앞 완전 정지! elapsed=0.80s[0m
[self_driving-10] [0m[INFO] [1782977791.625122876] [self_driving]: [CW_CANDIDATE] name=crosswalkcx=361 cy=222 area=6657 score=0.86 [0m
[self_driving-10] [0m[INFO] [1782977791.628557228] [self_driving]: [CW_CANDIDATE] name=crosswalkcx=312 cy=183 area=1503 score=0.78 [0m
[self_driving-10] [0m[INFO] [1782977791.665336136] [self_driving]: [CW_STAGE 2] 정지선 앞 완전 정지! elapsed=0.88s[0m
[self_driving-10] [0m[INFO] [1782977791.730828080] [self_driving]: [CW_STAGE 2] 정지선 앞 완전 정지! elapsed=0.94s[0m
[self_driving-10] [0m[INFO] [1782977791.789110950] [self_driving]: [IMAGE] received count=274 shape=(480, 640, 3) queue=0[0m
[self_driving-10] [0m[INFO] [1782977791.800105228] [self_driving]: [CW_STAGE 2] 정지선 앞 완전 정지! elapsed=1.01s[0m
[self_driving-10] [0m[INFO] [1782977791.862057598] [self_driving]: [CW_STAGE 2] 정지선 앞 완전 정지! elapsed=1.07s[0m
[self_driving-10] [0m[INFO] [1782977791.936799506] [self_driving]: [CW_STAGE 2] 정지선 앞 완전 정지! elapsed=1.15s[0m
[self_driving-10] [0m[INFO] [1782977791.982226376] [self_driving]: [CW_STAGE 2] 정지선 앞 완전 정지! elapsed=1.19s[0m
[self_driving-10] [0m[INFO] [1782977792.018416135] [self_driving]: [OBJECTS] msg_count=47 n=1 names=['crosswalk'][0m
[self_driving-10] [0m[INFO] [1782977792.018951321] [self_driving]: [CW_CANDIDATE] name=crosswalkcx=394 cy=238 area=10556 score=0.88 [0m
[self_driving-10] [0m[INFO] [1782977792.022376302] [self_driving]: [CW_CANDIDATE] name=crosswalkcx=335 cy=187 area=1656 score=0.79 [0m
[self_driving-10] [0m[INFO] [1782977792.080846895] [self_driving]: [CW_STAGE 2] 정지선 앞 완전 정지! elapsed=1.29s[0m
[self_driving-10] [0m[INFO] [1782977792.137245228] [self_driving]: [CW_STAGE 2] 정지선 앞 완전 정지! elapsed=1.35s[0m
[self_driving-10] [0m[INFO] [1782977792.206157487] [self_driving]: [CW_STAGE 2] 정지선 앞 완전 정지! elapsed=1.42s[0m
[self_driving-10] [0m[INFO] [1782977792.264698283] [self_driving]: [CW_STAGE 2] 정지선 앞 완전 정지! elapsed=1.48s[0m
[self_driving-10] [0m[INFO] [1782977792.335170191] [self_driving]: [CW_STAGE 2] 정지선 앞 완전 정지! elapsed=1.54s[0m
[self_driving-10] [0m[INFO] [1782977792.365389302] [self_driving]: [CW_CANDIDATE] name=crosswalkcx=424 cy=248 area=11977 score=0.89 [0m
[self_driving-10] [0m[INFO] [1782977792.369561913] [self_driving]: [CW_CANDIDATE] name=crosswalkcx=355 cy=190 area=1472 score=0.83 [0m
[self_driving-10] [0m[INFO] [1782977792.416487987] [self_driving]: [CW_STAGE 2] 정지선 앞 완전 정지! elapsed=1.62s[0m
[self_driving-10] [0m[INFO] [1782977792.466077339] [self_driving]: [CW_STAGE 2] 정지선 앞 완전 정지! elapsed=1.68s[0m
[self_driving-10] [0m[INFO] [1782977792.535596098] [self_driving]: [CW_STAGE 2] 정지선 앞 완전 정지! elapsed=1.75s[0m
[self_driving-10] [0m[INFO] [1782977792.599428876] [self_driving]: [CW_STAGE 2] 정지선 앞 완전 정지! elapsed=1.81s[0m
[self_driving-10] [0m[INFO] [1782977792.671253617] [self_driving]: [CW_STAGE 2] 정지선 앞 완전 정지! elapsed=1.88s[0m
[self_driving-10] [0m[INFO] [1782977792.728019339] [self_driving]: [OBJECTS] msg_count=53 n=1 names=['go'][0m
[self_driving-10] [0m[INFO] [1782977792.737872931] [self_driving]: [CW_CANDIDATE] name=crosswalkcx=372 cy=190 area=1764 score=0.80 [0m
[self_driving-10] [0m[INFO] [1782977792.741540154] [self_driving]: [CW_STAGE 2] 정지선 앞 완전 정지! elapsed=1.95s[0m
[self_driving-10] [0m[INFO] [1782977792.807476468] [self_driving]: [CW_STAGE 2] 정지선 앞 완전 정지! elapsed=2.02s[0m
[self_driving-10] [0m[INFO] [1782977792.890884265] [self_driving]: [CW_STAGE 2] 정지선 앞 완전 정지! elapsed=2.10s[0m
[self_driving-10] [0m[INFO] [1782977792.935278116] [self_driving]: [CW_STAGE 3] 미션 완료 -> 정상 속도 회복 및 6초 락 가동[0m
[self_driving-10] [0m[INFO] [1782977792.936140190] [self_driving]: [DEBUG_DRIVE] state=LINE_FOLLOW raw_lane_x=122.5 lane_x=122.5 filter=stable linear=0.32 angular=0.10 cw_y=190 right_done=False start_turn=False count_turn=0 traffic=None stop=False[0m
[self_driving-10] [0m[INFO] [1782977793.071244783] [self_driving]: [CW_CANDIDATE] name=crosswalkcx=433 cy=260 area=14490 score=0.90 [0m
[self_driving-10] [0m[INFO] [1782977793.075045431] [self_driving]: [CW_CANDIDATE] name=crosswalkcx=371 cy=191 area=2000 score=0.78 [0m
[self_driving-10] [0m[INFO] [1782977793.403435135] [self_driving]: [OBJECTS] msg_count=58 n=1 names=['crosswalk'][0m
[self_driving-10] [0m[INFO] [1782977793.407682857] [self_driving]: [CW_CANDIDATE] name=crosswalkcx=372 cy=191 area=2020 score=0.78 [0m
[self_driving-10] [0m[INFO] [1782977793.477550449] [self_driving]: [DEBUG_DRIVE] state=LINE_FOLLOW raw_lane_x=141.5 lane_x=141.5 filter=stable linear=0.32 angular=-0.10 cw_y=191 right_done=False start_turn=False count_turn=0 traffic=None stop=False[0m
[self_driving-10] [0m[INFO] [1782977793.743010079] [self_driving]: [CW_CANDIDATE] name=crosswalkcx=433 cy=260 area=15318 score=0.91 [0m
[self_driving-10] [0m[INFO] [1782977793.749779431] [self_driving]: [CW_CANDIDATE] name=crosswalkcx=372 cy=191 area=2020 score=0.78 [0m
[self_driving-10] [0m[INFO] [1782977793.819394134] [self_driving]: [IMAGE] received count=304 shape=(480, 640, 3) queue=0[0m
[self_driving-10] [0m[INFO] [1782977794.005273005] [self_driving]: [DEBUG_DRIVE] state=LINE_FOLLOW raw_lane_x=115.0 lane_x=115.0 filter=stable linear=0.32 angular=0.10 cw_y=191 right_done=False start_turn=False count_turn=0 traffic=None stop=False[0m
[self_driving-10] [0m[INFO] [1782977794.106783819] [self_driving]: [OBJECTS] msg_count=62 n=1 names=['crosswalk'][0m
[self_driving-10] [0m[INFO] [1782977794.108085153] [self_driving]: [CW_CANDIDATE] name=crosswalkcx=435 cy=263 area=13940 score=0.89 [0m
[self_driving-10] [0m[INFO] [1782977794.110735301] [self_driving]: [CW_CANDIDATE] name=crosswalkcx=381 cy=193 area=1970 score=0.79 [0m
[self_driving-10] [0m[INFO] [1782977794.453282764] [self_driving]: [CW_CANDIDATE] name=crosswalkcx=420 cy=305 area=25547 score=0.90 [0m
[self_driving-10] [0m[INFO] [1782977794.455950245] [self_driving]: [CW_CANDIDATE] name=crosswalkcx=394 cy=199 area=2938 score=0.85 [0m
[self_driving-10] [0m[INFO] [1782977794.545845430] [self_driving]: [DEBUG_DRIVE] state=LINE_FOLLOW raw_lane_x=130.0 lane_x=130.0 filter=stable linear=0.32 angular=-0.10 cw_y=0 right_done=False start_turn=False count_turn=0 traffic=None stop=False[0m
[self_driving-10] [0m[INFO] [1782977794.803353449] [self_driving]: [OBJECTS] msg_count=68 n=1 names=['go'][0m
[self_driving-10] [0m[INFO] [1782977794.806961004] [self_driving]: [CW_CANDIDATE] name=crosswalkcx=376 cy=386 area=62475 score=0.82 [0m
[self_driving-10] [0m[INFO] [1782977795.092235726] [self_driving]: [DEBUG_DRIVE] state=LINE_FOLLOW raw_lane_x=120.5 lane_x=120.5 filter=stable linear=0.32 angular=0.10 cw_y=386 right_done=False start_turn=False count_turn=0 traffic=None stop=False[0m
[self_driving-10] [0m[INFO] [1782977795.131164115] [self_driving]: [CW_CANDIDATE] name=crosswalkcx=404 cy=207 area=6220 score=0.87 [0m
[self_driving-10] [0m[INFO] [1782977795.136097745] [self_driving]: [CW_CANDIDATE] name=crosswalkcx=329 cy=461 area=23636 score=0.87 [0m
[self_driving-10] [0m[INFO] [1782977795.493739207] [self_driving]: [OBJECTS] msg_count=73 n=1 names=['crosswalk'][0m
[self_driving-10] [0m[INFO] [1782977795.494505485] [self_driving]: [CW_CANDIDATE] name=crosswalkcx=444 cy=232 area=9400 score=0.88 [0m
[self_driving-10] [0m[INFO] [1782977795.634269837] [self_driving]: [DEBUG_DRIVE] state=LINE_FOLLOW raw_lane_x=136.0 lane_x=136.0 filter=stable linear=0.32 angular=0.00 cw_y=0 right_done=False start_turn=False count_turn=0 traffic=None stop=False[0m
[self_driving-10] [0m[INFO] [1782977795.819362448] [self_driving]: [IMAGE] received count=334 shape=(480, 640, 3) queue=0[0m
[self_driving-10] [0m[INFO] [1782977796.149377633] [self_driving]: [DEBUG_DRIVE] state=LINE_FOLLOW raw_lane_x=130.5 lane_x=130.5 filter=stable linear=0.32 angular=0.10 cw_y=0 right_done=False start_turn=False count_turn=0 traffic=None stop=False[0m
[self_driving-10] [0m[INFO] [1782977796.216403744] [self_driving]: [OBJECTS] msg_count=76 n=1 names=['crosswalk'][0m
[self_driving-10] [0m[INFO] [1782977796.218051522] [self_driving]: [CW_CANDIDATE] name=crosswalkcx=416 cy=290 area=24585 score=0.90 [0m
[self_driving-10] [0m[INFO] [1782977796.709983725] [self_driving]: [DEBUG_DRIVE] state=LINE_FOLLOW raw_lane_x=124.0 lane_x=124.0 filter=stable linear=0.32 angular=0.10 cw_y=0 right_done=False start_turn=False count_turn=0 traffic=None stop=False[0m
[self_driving-10] [0m[INFO] [1782977796.873733744] [self_driving]: [OBJECTS] msg_count=78 n=1 names=['crosswalk'][0m
[self_driving-10] [0m[INFO] [1782977796.874593910] [self_driving]: [CW_CANDIDATE] name=crosswalkcx=341 cy=444 area=42387 score=0.88 [0m
[self_driving-10] [0m[INFO] [1782977797.243389077] [self_driving]: [DEBUG_DRIVE] state=LINE_FOLLOW raw_lane_x=132.0 lane_x=132.0 filter=stable linear=0.32 angular=0.10 cw_y=444 right_done=False start_turn=False count_turn=0 traffic=None stop=False[0m
[self_driving-10] [0m[INFO] [1782977797.790952539] [self_driving]: [DEBUG_DRIVE] state=LINE_FOLLOW raw_lane_x=176.5 lane_x=176.5 filter=stable linear=0.32 angular=-0.10 cw_y=444 right_done=False start_turn=False count_turn=0 traffic=None stop=False[0m
[self_driving-10] [0m[INFO] [1782977797.866542465] [self_driving]: [IMAGE] received count=364 shape=(480, 640, 3) queue=0[0m
[self_driving-10] [33m[WARN] [1782977798.297741928] [self_driving]: [LANE_X_JUMP_REJECT] raw=97.0 last=235.0 diff=138.0 candidate=97.0 cnt=1/4[0m
[self_driving-10] [0m[INFO] [1782977798.298431002] [self_driving]: [DEBUG_DRIVE] state=LINE_FOLLOW raw_lane_x=97.0 lane_x=235.0 filter=jump_reject linear=0.32 angular=-0.72 cw_y=444 right_done=False start_turn=True count_turn=0 traffic=None stop=False[0m
[self_driving-10] [0m[INFO] [1782977798.852169631] [self_driving]: [DEBUG_DRIVE] state=LINE_FOLLOW raw_lane_x=263.5 lane_x=263.5 filter=stable linear=0.32 angular=-0.72 cw_y=444 right_done=False start_turn=True count_turn=7 traffic=None stop=False[0m
[self_driving-10] [0m[INFO] [1782977799.407139483] [self_driving]: [DEBUG_DRIVE] state=LINE_FOLLOW raw_lane_x=307.5 lane_x=307.5 filter=stable linear=0.32 angular=-0.72 cw_y=444 right_done=False start_turn=True count_turn=6 traffic=None stop=False[0m
[self_driving-10] [0m[INFO] [1782977799.891326464] [self_driving]: [IMAGE] received count=389 shape=(480, 640, 3) queue=0[0m
[self_driving-10] [0m[INFO] [1782977799.970765649] [self_driving]: [DEBUG_DRIVE] state=LINE_FOLLOW raw_lane_x=311.5 lane_x=311.5 filter=stable linear=0.32 angular=-0.72 cw_y=444 right_done=False start_turn=True count_turn=13 traffic=None stop=False[0m
[self_driving-10] [0m[INFO] [1782977800.549469778] [self_driving]: [DEBUG_DRIVE] state=LINE_FOLLOW raw_lane_x=68.5 lane_x=68.5 filter=stable linear=0.32 angular=0.00 cw_y=444 right_done=False start_turn=True count_turn=0 traffic=None stop=False[0m
[self_driving-10] [0m[INFO] [1782977800.629453297] [self_driving]: [CROSSWALK_SLOW] y=444 th=180 confirm=3[0m
[self_driving-10] [0m[INFO] [1782977800.775394760] [self_driving]: [OBJECTS] msg_count=79 n=1 names=['crosswalk'][0m
[self_driving-10] [0m[INFO] [1782977800.778089186] [self_driving]: [CW_CANDIDATE] name=crosswalkcx=589 cy=221 area=2448 score=0.81 [0m
[self_driving-10] [0m[INFO] [1782977801.109050093] [self_driving]: [CW_CANDIDATE] name=crosswalkcx=522 cy=227 area=5082 score=0.87 [0m
[self_driving-10] [0m[INFO] [1782977801.341210352] [self_driving]: [CW_STAGE 2] 정지선 앞 완전 정지! elapsed=0.71s[0m
[self_driving-10] [0m[INFO] [1782977801.416954852] [self_driving]: [CW_STAGE 2] 정지선 앞 완전 정지! elapsed=0.79s[0m
[self_driving-10] [0m[INFO] [1782977801.434031722] [self_driving]: [OBJECTS] msg_count=81 n=1 names=['crosswalk'][0m
[self_driving-10] [0m[INFO] [1782977801.434902519] [self_driving]: [CW_CANDIDATE] name=crosswalkcx=440 cy=233 area=10933 score=0.85 [0m
[self_driving-10] [0m[INFO] [1782977801.522378685] [self_driving]: [CW_STAGE 2] 정지선 앞 완전 정지! elapsed=0.89s[0m
[self_driving-10] [0m[INFO] [1782977801.585146426] [self_driving]: [CW_STAGE 2] 정지선 앞 완전 정지! elapsed=0.95s[0m
[self_driving-10] [0m[INFO] [1782977801.673171111] [self_driving]: [CW_STAGE 2] 정지선 앞 완전 정지! elapsed=1.04s[0m
[self_driving-10] [0m[INFO] [1782977801.751942500] [self_driving]: [CW_STAGE 2] 정지선 앞 완전 정지! elapsed=1.12s[0m
[self_driving-10] [0m[INFO] [1782977801.779693593] [self_driving]: [RIGHT_CANDIDATE] valid=False reject=['small_area'] cnt=0 cx=110 cy=107 area=1598 score=0.84 done=False[0m
[self_driving-10] [0m[INFO] [1782977801.853216426] [self_driving]: [CW_STAGE 2] 정지선 앞 완전 정지! elapsed=1.22s[0m
[self_driving-10] [0m[INFO] [1782977801.911497241] [self_driving]: [IMAGE] received count=414 shape=(480, 640, 3) queue=0[0m
[self_driving-10] [0m[INFO] [1782977801.919964759] [self_driving]: [CW_STAGE 2] 정지선 앞 완전 정지! elapsed=1.29s[0m
[self_driving-10] [0m[INFO] [1782977801.999141370] [self_driving]: [CW_STAGE 2] 정지선 앞 완전 정지! elapsed=1.37s[0m
[self_driving-10] [0m[INFO] [1782977802.091594278] [self_driving]: [CW_STAGE 2] 정지선 앞 완전 정지! elapsed=1.46s[0m
[self_driving-10] [0m[INFO] [1782977802.123479796] [self_driving]: [OBJECTS] msg_count=84 n=1 names=['crosswalk'][0m
[self_driving-10] [0m[INFO] [1782977802.123991629] [self_driving]: [CW_CANDIDATE] name=crosswalkcx=394 cy=280 area=27440 score=0.90 [0m
[self_driving-10] [0m[INFO] [1782977802.126843037] [self_driving]: [RIGHT_CANDIDATE] valid=False reject=['small_area'] cnt=0 cx=95 cy=105 area=1836 score=0.84 done=False[0m
[self_driving-10] [0m[INFO] [1782977802.132012648] [self_driving]: [CW_CANDIDATE] name=crosswalkcx=307 cy=191 area=2556 score=0.77 [0m
[self_driving-10] [0m[INFO] [1782977802.165815500] [self_driving]: [CW_STAGE 2] 정지선 앞 완전 정지! elapsed=1.54s[0m
[self_driving-10] [0m[INFO] [1782977802.235292000] [self_driving]: [CW_STAGE 2] 정지선 앞 완전 정지! elapsed=1.60s[0m
[self_driving-10] [0m[INFO] [1782977802.320651407] [self_driving]: [CW_STAGE 2] 정지선 앞 완전 정지! elapsed=1.69s[0m
[self_driving-10] [0m[INFO] [1782977802.398919463] [self_driving]: [CW_STAGE 2] 정지선 앞 완전 정지! elapsed=1.77s[0m
[self_driving-10] [0m[INFO] [1782977802.483375463] [self_driving]: [CW_STAGE 2] 정지선 앞 완전 정지! elapsed=1.85s[0m
[self_driving-10] [0m[INFO] [1782977802.496711518] [self_driving]: [CW_CANDIDATE] name=crosswalkcx=403 cy=294 area=25069 score=0.86 [0m
[self_driving-10] [0m[INFO] [1782977802.499874648] [self_driving]: [CW_CANDIDATE] name=crosswalkcx=338 cy=193 area=3122 score=0.78 [0m
[self_driving-10] [0m[INFO] [1782977802.569231000] [self_driving]: [CW_STAGE 2] 정지선 앞 완전 정지! elapsed=1.94s[0m
[self_driving-10] [0m[INFO] [1782977802.631671796] [self_driving]: [CW_STAGE 2] 정지선 앞 완전 정지! elapsed=2.00s[0m
[self_driving-10] [0m[INFO] [1782977802.729222222] [self_driving]: [CW_STAGE 2] 정지선 앞 완전 정지! elapsed=2.10s[0m
[self_driving-10] [0m[INFO] [1782977802.793577462] [self_driving]: [CW_STAGE 3] 미션 완료 -> 정상 속도 회복 및 6초 락 가동[0m
[self_driving-10] [0m[INFO] [1782977802.795749944] [self_driving]: [DEBUG_DRIVE] state=LINE_FOLLOW raw_lane_x=86.0 lane_x=86.0 filter=stable linear=0.32 angular=0.10 cw_y=193 right_done=False start_turn=False count_turn=0 traffic=None stop=False[0m
[self_driving-10] [0m[INFO] [1782977802.837664722] [self_driving]: [OBJECTS] msg_count=89 n=1 names=['crosswalk'][0m
[self_driving-10] [0m[INFO] [1782977802.838207907] [self_driving]: [CW_CANDIDATE] name=crosswalkcx=399 cy=314 area=34222 score=0.88 [0m
[self_driving-10] [0m[INFO] [1782977802.847277833] [self_driving]: [CW_CANDIDATE] name=crosswalkcx=345 cy=196 area=2796 score=0.79 [0m
[self_driving-10] [0m[INFO] [1782977803.160662184] [self_driving]: [CW_CANDIDATE] name=crosswalkcx=398 cy=315 area=35816 score=0.89 [0m
[self_driving-10] [0m[INFO] [1782977803.163872647] [self_driving]: [RIGHT_CANDIDATE] valid=False reject=['small_area'] cnt=0 cx=115 cy=104 area=2394 score=0.86 done=False[0m
[self_driving-10] [0m[INFO] [1782977803.173103481] [self_driving]: [CW_CANDIDATE] name=crosswalkcx=345 cy=196 area=2796 score=0.78 [0m
[self_driving-10] [0m[INFO] [1782977803.353692610] [self_driving]: [DEBUG_DRIVE] state=LINE_FOLLOW raw_lane_x=118.0 lane_x=118.0 filter=stable linear=0.32 angular=0.03 cw_y=196 right_done=False start_turn=False count_turn=0 traffic=None stop=False[0m
[self_driving-10] [0m[INFO] [1782977803.477788295] [self_driving]: [OBJECTS] msg_count=94 n=1 names=['crosswalk'][0m
[self_driving-10] [0m[INFO] [1782977803.478281499] [self_driving]: [CW_CANDIDATE] name=crosswalkcx=399 cy=315 area=35668 score=0.89 [0m
[self_driving-10] [0m[INFO] [1782977803.481049055] [self_driving]: [RIGHT_CANDIDATE] valid=False reject=['small_area'] cnt=0 cx=114 cy=104 area=2337 score=0.86 done=False[0m
[self_driving-10] [0m[INFO] [1782977803.488056480] [self_driving]: [CW_CANDIDATE] name=crosswalkcx=345 cy=196 area=2796 score=0.79 [0m
[self_driving-10] [0m[INFO] [1782977803.801031258] [self_driving]: [CW_CANDIDATE] name=crosswalkcx=398 cy=315 area=35742 score=0.89 [0m
[self_driving-10] [0m[INFO] [1782977803.803688777] [self_driving]: [RIGHT_CANDIDATE] valid=False reject=['small_area'] cnt=0 cx=114 cy=104 area=2337 score=0.86 done=False[0m
[self_driving-10] [0m[INFO] [1782977803.809716332] [self_driving]: [CW_CANDIDATE] name=crosswalkcx=345 cy=196 area=2820 score=0.79 [0m
[self_driving-10] [0m[INFO] [1782977803.871201536] [self_driving]: [DEBUG_DRIVE] state=LINE_FOLLOW raw_lane_x=112.0 lane_x=112.0 filter=stable linear=0.32 angular=0.10 cw_y=196 right_done=False start_turn=False count_turn=0 traffic=None stop=False[0m
[self_driving-10] [0m[INFO] [1782977803.928174165] [self_driving]: [IMAGE] received count=439 shape=(480, 640, 3) queue=0[0m
[self_driving-10] [0m[INFO] [1782977804.131004462] [self_driving]: [OBJECTS] msg_count=100 n=1 names=['crosswalk'][0m
[self_driving-10] [0m[INFO] [1782977804.131514128] [self_driving]: [CW_CANDIDATE] name=crosswalkcx=403 cy=326 area=35002 score=0.89 [0m
[self_driving-10] [0m[INFO] [1782977804.134723073] [self_driving]: [RIGHT_CANDIDATE] valid=False reject=['small_area'] cnt=0 cx=123 cy=105 area=2320 score=0.88 done=False[0m
[self_driving-10] [0m[INFO] [1782977804.142270462] [self_driving]: [CW_CANDIDATE] name=crosswalkcx=357 cy=198 area=3332 score=0.82 [0m
[self_driving-10] [0m[INFO] [1782977804.413505258] [self_driving]: [DEBUG_DRIVE] state=LINE_FOLLOW raw_lane_x=141.5 lane_x=141.5 filter=stable linear=0.32 angular=-0.10 cw_y=198 right_done=False start_turn=False count_turn=0 traffic=None stop=False[0m
[self_driving-10] [0m[INFO] [1782977804.507043832] [self_driving]: [CW_CANDIDATE] name=crosswalkcx=365 cy=418 area=68076 score=0.92 [0m
[self_driving-10] [0m[INFO] [1782977804.508633498] [self_driving]: [CW_CANDIDATE] name=crosswalkcx=389 cy=207 area=4304 score=0.85 [0m
[self_driving-10] [0m[INFO] [1782977804.512934146] [self_driving]: [RIGHT_CANDIDATE] valid=True reject=[] cnt=0 cx=113 cy=97 area=3400 score=0.83 done=False[0m
[self_driving-10] [0m[INFO] [1782977804.838571239] [self_driving]: [OBJECTS] msg_count=106 n=1 names=['right'][0m
[self_driving-10] [0m[INFO] [1782977804.839353702] [self_driving]: [RIGHT_CANDIDATE] valid=True reject=[] cnt=1 cx=40 cy=84 area=6768 score=0.89 done=False[0m
[self_driving-10] [0m[INFO] [1782977804.839824035] [self_driving]: [RIGHT_READY] cx=40 cy=84 area=6768 score=0.89[0m
[self_driving-10] [0m[INFO] [1782977804.844817850] [self_driving]: [CW_CANDIDATE] name=crosswalkcx=400 cy=222 area=7018 score=0.87 [0m
[self_driving-10] [0m[INFO] [1782977804.903919702] [self_driving]: [RIGHT_TRIGGER] enter ARROW_SIGNAL lane_x=122.5 raw_lane_x=122.5 filter=stable cw_y=222 candidate={'cx': 40, 'cy': 84, 'area': 6768, 'score': 0.8899999856948853}[0m
[self_driving-10] [0m[INFO] [1782977804.904760554] [self_driving]: [1;36m[FSM] LINE_FOLLOW -> ARROW_SIGNAL[0m[0m
[self_driving-10] [0m[INFO] [1782977804.976288183] [self_driving]: [ARROW_SIGNAL] waiting elapsed=0.07/3.00 direction=right[0m
[self_driving-10] [0m[INFO] [1782977805.167004942] [self_driving]: [CW_CANDIDATE] name=crosswalkcx=428 cy=237 area=11310 score=0.89 [0m
[self_driving-10] [0m[INFO] [1782977805.475392127] [self_driving]: [OBJECTS] msg_count=109 n=1 names=['crosswalk'][0m
[self_driving-10] [0m[INFO] [1782977805.476147516] [self_driving]: [CW_CANDIDATE] name=crosswalkcx=435 cy=264 area=17094 score=0.92 [0m
[self_driving-10] [0m[INFO] [1782977805.552659183] [self_driving]: [ARROW_SIGNAL] waiting elapsed=0.65/3.00 direction=right[0m
[self_driving-10] [0m[INFO] [1782977805.783677349] [self_driving]: [CW_CANDIDATE] name=crosswalkcx=411 cy=302 area=27877 score=0.91 [0m
[self_driving-10] [0m[INFO] [1782977805.944461905] [self_driving]: [IMAGE] received count=464 shape=(480, 640, 3) queue=0[0m
[self_driving-10] [0m[INFO] [1782977806.092288571] [self_driving]: [ARROW_SIGNAL] waiting elapsed=1.19/3.00 direction=right[0m
[self_driving-10] [0m[INFO] [1782977806.098650275] [self_driving]: [OBJECTS] msg_count=111 n=1 names=['crosswalk'][0m
[self_driving-10] [0m[INFO] [1782977806.100744386] [self_driving]: [CW_CANDIDATE] name=crosswalkcx=371 cy=378 area=63903 score=0.91 [0m
[self_driving-10] [0m[INFO] [1782977806.395488201] [self_driving]: [CW_CANDIDATE] name=crosswalkcx=375 cy=394 area=69168 score=0.92 [0m
[self_driving-10] [0m[INFO] [1782977806.665492553] [self_driving]: [ARROW_SIGNAL] waiting elapsed=1.76/3.00 direction=right[0m
[self_driving-10] [0m[INFO] [1782977806.742243404] [self_driving]: [OBJECTS] msg_count=113 n=1 names=['crosswalk'][0m
[self_driving-10] [0m[INFO] [1782977806.744202090] [self_driving]: [CW_CANDIDATE] name=crosswalkcx=374 cy=394 area=70756 score=0.92 [0m
[self_driving-10] [0m[INFO] [1782977807.129851589] [self_driving]: [CW_CANDIDATE] name=crosswalkcx=371 cy=395 area=70884 score=0.92 [0m
[self_driving-10] [0m[INFO] [1782977807.172010552] [self_driving]: [ARROW_SIGNAL] waiting elapsed=2.27/3.00 direction=right[0m
[self_driving-10] [0m[INFO] [1782977807.699628145] [self_driving]: [ARROW_SIGNAL] waiting elapsed=2.79/3.00 direction=right[0m
[self_driving-10] [0m[INFO] [1782977807.908387515] [self_driving]: [ARROW_SIGNAL] done elapsed=3.00 -> INTERSECTION direction=right[0m
[self_driving-10] [0m[INFO] [1782977807.909949830] [self_driving]: [1;36m[FSM] ARROW_SIGNAL -> INTERSECTION[0m[0m
[self_driving-10] [0m[INFO] [1782977807.979401719] [self_driving]: [IMAGE] received count=492 shape=(480, 640, 3) queue=0[0m
[self_driving-10] [0m[INFO] [1782977808.235078366] [self_driving]: [RIGHT_TURN] elapsed=0.32 cmd=(0.10,-0.50) lane_x=99.5[0m
[self_driving-10] [0m[INFO] [1782977808.777091570] [self_driving]: [RIGHT_TURN] elapsed=0.86 cmd=(0.10,-0.50) lane_x=-1[0m
[self_driving-10] [0m[INFO] [1782977809.306092495] [self_driving]: [RIGHT_TURN] elapsed=1.40 cmd=(0.10,-0.50) lane_x=-1[0m
[self_driving-10] [0m[INFO] [1782977809.484584292] [self_driving]: [OBJECTS] msg_count=115 n=1 names=['crosswalk'][0m
[self_driving-10] [0m[INFO] [1782977809.485502958] [self_driving]: [CW_CANDIDATE] name=crosswalkcx=539 cy=262 area=11180 score=0.81 [0m
[self_driving-10] [0m[INFO] [1782977809.822543180] [self_driving]: [CW_CANDIDATE] name=crosswalkcx=566 cy=38 area=9870 score=0.55 [0m
[self_driving-10] [0m[INFO] [1782977809.825992384] [self_driving]: [TRAFFIC_CANDIDATE] name=red valid=False cx=564 cy=37 area=9648 score=0.34 min_area=480[0m
[self_driving-10] [0m[INFO] [1782977809.871617403] [self_driving]: [RIGHT_TURN] elapsed=1.96 cmd=(0.10,-0.50) lane_x=-1[0m
[self_driving-10] [0m[INFO] [1782977810.052859551] [self_driving]: [IMAGE] received count=523 shape=(480, 640, 3) queue=0[0m
[self_driving-10] [0m[INFO] [1782977810.391631291] [self_driving]: [RIGHT_TURN] elapsed=2.48 cmd=(0.10,-0.50) lane_x=-1[0m
[self_driving-10] [0m[INFO] [1782977810.930288420] [self_driving]: [RIGHT_TURN] elapsed=3.02 cmd=(0.10,-0.50) lane_x=-1[0m
[self_driving-10] [0m[INFO] [1782977811.112484365] [self_driving]: [RIGHT_TURN] done elapsed=3.20 lane_x=-1 -> LINE_FOLLOW. . . .[0m
[self_driving-10] [0m[INFO] [1782977811.114810809] [self_driving]: [1;36m[FSM] INTERSECTION -> PARKING[0m[0m
[self_driving-10] [0m[INFO] [1782977811.183218939] [self_driving]: [PARK!!!!] straight[0m
[self_driving-10] [0m[INFO] [1782977811.260819457] [self_driving]: [PARK!!!!] straight[0m
[self_driving-10] [0m[INFO] [1782977811.329357754] [self_driving]: [PARK!!!!] straight[0m
[self_driving-10] [0m[INFO] [1782977811.396571161] [self_driving]: [PARK!!!!] straight[0m
[self_driving-10] [0m[INFO] [1782977811.450618735] [self_driving]: [PARK!!!!] straight[0m
[self_driving-10] [0m[INFO] [1782977811.546179346] [self_driving]: [PARK!!!!] straight[0m
[self_driving-10] [0m[INFO] [1782977811.592251698] [self_driving]: [PARK!!!!] straight[0m
[self_driving-10] [0m[INFO] [1782977811.653403827] [self_driving]: [PARK!!!!] straight[0m
[self_driving-10] [0m[INFO] [1782977811.729714087] [self_driving]: [PARK!!!!] straight[0m
[self_driving-10] [0m[INFO] [1782977811.785335494] [self_driving]: [PARK!!!!] straight[0m
[self_driving-10] [0m[INFO] [1782977811.872505050] [self_driving]: [PARK!!!!] straight[0m
[self_driving-10] [0m[INFO] [1782977811.938694642] [self_driving]: [PARK!!!!] straight[0m
[self_driving-10] [0m[INFO] [1782977811.992488661] [self_driving]: [PARK!!!!] straight[0m
[self_driving-10] [0m[INFO] [1782977812.053860623] [self_driving]: [IMAGE] received count=553 shape=(480, 640, 3) queue=0[0m
[self_driving-10] [0m[INFO] [1782977812.055964272] [self_driving]: [PARK!!!!] straight[0m
[self_driving-10] [0m[INFO] [1782977812.129422790] [self_driving]: [PARK!!!!] straight[0m
[self_driving-10] [0m[INFO] [1782977812.204827197] [self_driving]: [PARK!!!!] straight[0m
[self_driving-10] [0m[INFO] [1782977812.278064123] [self_driving]: [PARK!!!!] straight[0m
[self_driving-10] [0m[INFO] [1782977812.342200494] [self_driving]: [PARK!!!!] straight[0m
[self_driving-10] [0m[INFO] [1782977812.393520401] [self_driving]: [PARK!!!!] straight[0m
[self_driving-10] [0m[INFO] [1782977812.457367179] [self_driving]: [PARK!!!!] straight[0m
[self_driving-10] [0m[INFO] [1782977812.535673938] [self_driving]: [PARK!!!!] straight[0m
[self_driving-10] [0m[INFO] [1782977812.592632734] [self_driving]: [PARK!!!!] straight[0m
[self_driving-10] [0m[INFO] [1782977812.684007012] [self_driving]: [PARK!!!!] straight[0m
[self_driving-10] [0m[INFO] [1782977812.729255401] [self_driving]: [PARK!!!!] straight[0m
[self_driving-10] [0m[INFO] [1782977812.812645753] [self_driving]: [PARK!!!!] straight[0m
[self_driving-10] [0m[INFO] [1782977812.861534679] [self_driving]: [PARK!!!!] straight[0m
[self_driving-10] [0m[INFO] [1782977812.937025049] [self_driving]: [PARK!!!!] straight[0m
[self_driving-10] [0m[INFO] [1782977813.010694290] [self_driving]: [PARK!!!!] straight[0m
[self_driving-10] [0m[INFO] [1782977813.074277364] [self_driving]: [PARK!!!!] straight[0m
[self_driving-10] [0m[INFO] [1782977813.141050549] [self_driving]: [PARK!!!!] straight[0m
[self_driving-10] [0m[INFO] [1782977813.211768789] [self_driving]: [PARK!!!!] straight[0m
[self_driving-10] [0m[INFO] [1782977813.276201289] [self_driving]: [PARK!!!!] straight[0m
[self_driving-10] [0m[INFO] [1782977813.335619049] [self_driving]: [PARK!!!!] straight[0m
[self_driving-10] [0m[INFO] [1782977813.418617530] [self_driving]: [PARK!!!!] straight[0m
[self_driving-10] [0m[INFO] [1782977813.478126086] [self_driving]: [PARK!!!!] straight[0m
[self_driving-10] [0m[INFO] [1782977813.533034437] [self_driving]: [PARK!!!!] straight[0m
[self_driving-10] [0m[INFO] [1782977813.611996252] [self_driving]: [PARK!!!!] straight[0m
[self_driving-10] [0m[INFO] [1782977813.681493863] [self_driving]: [PARK!!!!] straight[0m
[self_driving-10] [0m[INFO] [1782977813.738202715] [self_driving]: [PARK!!!!] straight[0m
[self_driving-10] [0m[INFO] [1782977813.812891215] [self_driving]: [PARK!!!!] straight[0m
[self_driving-10] [0m[INFO] [1782977813.849267400] [self_driving]: [OBJECTS] msg_count=119 n=1 names=['crosswalk'][0m
[self_driving-10] [0m[INFO] [1782977813.892473956] [self_driving]: [PARK!!!!] straight[0m
[self_driving-10] [0m[INFO] [1782977813.952563715] [self_driving]: [PARK!!!!] straight[0m
[self_driving-10] [0m[INFO] [1782977814.015309122] [self_driving]: [PARK!!!!] straight[0m
[self_driving-10] [0m[INFO] [1782977814.067796400] [self_driving]: [IMAGE] received count=583 shape=(480, 640, 3) queue=0[0m
[self_driving-10] [0m[INFO] [1782977814.071709344] [self_driving]: [PARK!!!!] straight[0m
[self_driving-10] [0m[INFO] [1782977814.147301122] [self_driving]: [PARK!!!!] straight[0m
[self_driving-10] [0m[INFO] [1782977814.230989011] [self_driving]: [PARK!!!!] straight[0m
[self_driving-10] [0m[INFO] [1782977814.279212881] [self_driving]: [PARK!!!!] straight[0m
[self_driving-10] [0m[INFO] [1782977814.354636437] [self_driving]: [PARK!!!!] straight[0m
[self_driving-10] [0m[INFO] [1782977814.412558696] [self_driving]: [PARK!!!!] straight[0m
[self_driving-10] [0m[INFO] [1782977814.484245085] [self_driving]: [PARK!!!!] straight[0m
[self_driving-10] [0m[INFO] [1782977814.572937029] [self_driving]: [PARK!!!!] straight[0m
[self_driving-10] [0m[INFO] [1782977814.625685400] [self_driving]: [PARK!!!!] straight[0m
[self_driving-10] [0m[INFO] [1782977814.691263585] [self_driving]: [PARK!!!!] straight[0m
[self_driving-10] [0m[INFO] [1782977814.754146122] [self_driving]: [PARK!!!!] straight[0m
[self_driving-10] [0m[INFO] [1782977814.827817548] [self_driving]: [PARK!!!!] straight[0m
[self_driving-10] [0m[INFO] [1782977814.905271511] [self_driving]: [PARK!!!!] straight[0m
[self_driving-10] [0m[INFO] [1782977814.941479937] [self_driving]: [PARK!!!!] straight[0m
[self_driving-10] [0m[INFO] [1782977815.029382640] [self_driving]: [PARK!!!!] straight[0m
[self_driving-10] [0m[INFO] [1782977815.077968881] [self_driving]: [PARK!!!!] straight[0m
[self_driving-10] [0m[INFO] [1782977815.154884362] [self_driving]: [PARK!!!!] straight[0m
[self_driving-10] [0m[INFO] [1782977815.235831566] [self_driving]: [PARK!!!!] straight[0m
[self_driving-10] [0m[INFO] [1782977815.283915492] [self_driving]: [PARK!!!!] straight[0m
[self_driving-10] [0m[INFO] [1782977815.360807584] [self_driving]: [PARK!!!!] straight[0m
[self_driving-10] [0m[INFO] [1782977815.425601177] [self_driving]: [PARK!!!!] straight[0m
[self_driving-10] [0m[INFO] [1782977815.493404992] [self_driving]: [PARK!!!!] straight[0m
[self_driving-10] [0m[INFO] [1782977815.538060899] [self_driving]: [OBJECTS] msg_count=120 n=1 names=['crosswalk'][0m
[self_driving-10] [0m[INFO] [1782977815.570519418] [self_driving]: [PARK!!!!] straight[0m
[self_driving-10] [0m[INFO] [1782977815.618608066] [self_driving]: [PARK!!!!] straight[0m
[self_driving-10] [0m[INFO] [1782977815.697382047] [self_driving]: [PARK!!!!] straight[0m
[self_driving-10] [0m[INFO] [1782977815.768965788] [self_driving]: [PARK!!!!] straight[0m
[self_driving-10] [0m[INFO] [1782977815.832616992] [self_driving]: [PARK!!!!] straight[0m
[self_driving-10] [0m[INFO] [1782977815.912983862] [self_driving]: [PARK!!!!] straight[0m
[self_driving-10] [0m[INFO] [1782977815.959734177] [self_driving]: [PARK!!!!] straight[0m
[self_driving-10] [0m[INFO] [1782977816.017478140] [self_driving]: [PARK!!!!] straight[0m
[self_driving-10] [0m[INFO] [1782977816.087101880] [self_driving]: [IMAGE] received count=613 shape=(480, 640, 3) queue=0[0m
[self_driving-10] [0m[INFO] [1782977816.091390417] [self_driving]: [PARK!!!!] straight[0m
[self_driving-10] [0m[INFO] [1782977816.152285640] [self_driving]: [PARK!!!!] straight[0m
[self_driving-10] [0m[INFO] [1782977816.246261306] [self_driving]: [PARK!!!!] straight[0m
[self_driving-10] [0m[INFO] [1782977816.300737621] [self_driving]: [PARK!!!!] straight[0m
[self_driving-10] [0m[INFO] [1782977816.365772769] [self_driving]: [PARK!!!!] straight[0m
[self_driving-10] [0m[INFO] [1782977816.437991288] [self_driving]: [PARK!!!!] straight[0m
[self_driving-10] [0m[INFO] [1782977816.492622473] [self_driving]: [PARK!!!!] straight[0m
[self_driving-10] [0m[INFO] [1782977816.572418547] [self_driving]: [PARK!!!!] straight[0m
[self_driving-10] [0m[INFO] [1782977816.643203639] [self_driving]: [PARK!!!!] straight[0m
[self_driving-10] [0m[INFO] [1782977816.701668547] [self_driving]: [PARK!!!!] straight[0m
[self_driving-10] [0m[INFO] [1782977816.765892102] [self_driving]: [PARK!!!!] straight[0m
[self_driving-10] [0m[INFO] [1782977816.839279547] [self_driving]: [PARK!!!!] straight[0m
[self_driving-10] [0m[INFO] [1782977816.901821880] [self_driving]: [PARK!!!!] straight[0m
[self_driving-10] [0m[INFO] [1782977816.968901972] [self_driving]: [PARK!!!!] straight[0m
[self_driving-10] [0m[INFO] [1782977817.029175880] [self_driving]: [PARK!!!!] straight[0m
[self_driving-10] [0m[INFO] [1782977817.104447158] [self_driving]: [PARK!!!!] straight[0m
[self_driving-10] [0m[INFO] [1782977817.172793324] [self_driving]: [PARK!!!!] straight[0m
[self_driving-10] [0m[INFO] [1782977817.244769861] [self_driving]: [PARK!!!!] straight[0m
[self_driving-10] [0m[INFO] [1782977817.305578676] [self_driving]: [PARK!!!!] straight[0m
[self_driving-10] [0m[INFO] [1782977817.379323768] [self_driving]: [PARK!!!!] straight[0m
[self_driving-10] [0m[INFO] [1782977817.439867250] [self_driving]: [PARK!!!!] straight[0m
[self_driving-10] [0m[INFO] [1782977817.514102435] [self_driving]: [PARK!!!!] straight[0m
[self_driving-10] [0m[INFO] [1782977817.566390565] [self_driving]: [PARK!!!!] straight[0m
[self_driving-10] [0m[INFO] [1782977817.652088102] [self_driving]: [PARK!!!!] straight[0m
[self_driving-10] [0m[INFO] [1782977817.709510102] [self_driving]: [PARK!!!!] straight[0m
[self_driving-10] [0m[INFO] [1782977817.776412620] [self_driving]: [PARK!!!!] straight[0m
[self_driving-10] [0m[INFO] [1782977817.847552194] [self_driving]: [PARK!!!!] straight[0m
[self_driving-10] [0m[INFO] [1782977817.942877064] [self_driving]: [PARK!!!!] straight[0m
[self_driving-10] [0m[INFO] [1782977818.020352657] [self_driving]: [PARK!!!!] straight[0m
[self_driving-10] [0m[INFO] [1782977818.098093416] [self_driving]: [IMAGE] received count=642 shape=(480, 640, 3) queue=0[0m
[self_driving-10] [0m[INFO] [1782977818.099753842] [self_driving]: [PARK!!!!] straight[0m
[self_driving-10] [0m[INFO] [1782977818.178212564] [self_driving]: [PARK!!!!] straight[0m
[self_driving-10] [0m[INFO] [1782977818.256367509] [self_driving]: [PARK!!!!] straight[0m
[self_driving-10] [0m[INFO] [1782977818.337987509] [self_driving]: [PARK!!!!] straight[0m
[self_driving-10] [0m[INFO] [1782977818.419564638] [self_driving]: [PARK!!!!] straight[0m
[self_driving-10] [0m[INFO] [1782977818.488553416] [self_driving]: [PARK!!!!] straight[0m
[self_driving-10] [0m[INFO] [1782977818.531917953] [self_driving]: [OBJECTS] msg_count=121 n=1 names=['crosswalk'][0m
[self_driving-10] [0m[INFO] [1782977818.534108860] [self_driving]: [CW_CANDIDATE] name=crosswalkcx=589 cy=180 area=7446 score=0.54 [0m
[self_driving-10] [0m[INFO] [1782977818.597696638] [self_driving]: [PARK!!!!] straight[0m
[self_driving-10] [0m[INFO] [1782977818.651691805] [self_driving]: [PARK!!!!] straight[0m
[self_driving-10] [0m[INFO] [1782977818.739048934] [self_driving]: [PARK!!!!] straight[0m
[self_driving-10] [0m[INFO] [1782977818.822252953] [self_driving]: [PARK!!!!] straight[0m
[self_driving-10] [0m[INFO] [1782977818.908348212] [self_driving]: [PARK!!!!] straight[0m
[self_driving-10] [0m[INFO] [1782977818.991218471] [self_driving]: [PARK!!!!] straight[0m
[self_driving-10] [0m[INFO] [1782977819.052802286] [self_driving]: [PARK!!!!] straight[0m
[self_driving-10] [0m[INFO] [1782977819.121420490] [self_driving]: [PARK!!!!] straight[0m
[self_driving-10] [0m[INFO] [1782977819.197049230] [self_driving]: [PARK!!!!] straight[0m
[self_driving-10] [0m[INFO] [1782977819.212743453] [self_driving]: [OBJECTS] msg_count=122 n=1 names=['crosswalk'][0m
[self_driving-10] [0m[INFO] [1782977819.215030193] [self_driving]: [CW_CANDIDATE] name=crosswalkcx=550 cy=108 area=13260 score=0.56 [0m
[self_driving-10] [0m[INFO] [1782977819.274654527] [self_driving]: [PARK!!!!] straight[0m
[self_driving-10] [0m[INFO] [1782977819.326434508] [self_driving]: [PARK!!!!] straight[0m
[self_driving-10] [0m[INFO] [1782977819.393557286] [self_driving]: [PARK!!!!] straight[0m
[self_driving-10] [0m[INFO] [1782977819.458794045] [self_driving]: [PARK!!!!] straight[0m
