[INFO] [launch]: All log files can be found below /home/ubuntu/.ros/log/2026-07-02-14-22-06-001401-raspberrypi-431442
[INFO] [launch]: Default logging verbosity is set to INFO
[INFO] [ascamera_node-1]: process started with pid [431458]
[INFO] [static_transform_publisher-2]: process started with pid [431460]
[INFO] [static_transform_publisher-3]: process started with pid [431462]
[INFO] [joint_state_publisher-4]: process started with pid [431464]
[INFO] [robot_state_publisher-5]: process started with pid [431466]
[INFO] [ros_robot_controller-6]: process started with pid [431468]
[INFO] [odom_publisher-7]: process started with pid [431476]
[INFO] [ekf_node-8]: process started with pid [431485]
[INFO] [yolo_detect-9]: process started with pid [431490]
[INFO] [self_driving-10]: process started with pid [431493]
[ascamera_node-1] [0m[INFO] [1783002126.781800578] [as_logger]: hello world angstrong camera ros2 node[0m
[static_transform_publisher-2] [33m[WARN] [1783002126.757829022] []: Old-style arguments are deprecated; see --help for new-style arguments[0m
[static_transform_publisher-3] [33m[WARN] [1783002126.754938448] []: Old-style arguments are deprecated; see --help for new-style arguments[0m
[static_transform_publisher-2] [0m[INFO] [1783002126.809573966] [static_transform_publisher_1qnP9XoFBSxVDits]: Spinning until stopped - publishing transform
[static_transform_publisher-2] translation: ('0.000000', '0.000000', '0.000000')
[static_transform_publisher-2] rotation: ('-0.500000', '0.499602', '-0.500000', '0.500398')
[static_transform_publisher-2] from 'depth_cam' to 'ascamera_camera_link_0'[0m
[static_transform_publisher-3] [0m[INFO] [1783002126.815410059] [static_transform_publisher_wsdXyZIfGReBRLV2]: Spinning until stopped - publishing transform
[static_transform_publisher-3] translation: ('0.000000', '0.000000', '0.000000')
[static_transform_publisher-3] rotation: ('-0.500000', '0.499602', '-0.500000', '0.500398')
[static_transform_publisher-3] from 'depth_cam' to 'ascamera_color_0'[0m
[robot_state_publisher-5] [0m[INFO] [1783002126.838001726] [robot_state_publisher]: got segment base_footprint[0m
[robot_state_publisher-5] [0m[INFO] [1783002126.839696892] [robot_state_publisher]: got segment base_link[0m
[robot_state_publisher-5] [0m[INFO] [1783002126.839748522] [robot_state_publisher]: got segment depth_cam[0m
[robot_state_publisher-5] [0m[INFO] [1783002126.839761429] [robot_state_publisher]: got segment imu_link[0m
[robot_state_publisher-5] [0m[INFO] [1783002126.839772800] [robot_state_publisher]: got segment lidar_frame[0m
[robot_state_publisher-5] [0m[INFO] [1783002126.839783078] [robot_state_publisher]: got segment wheel_lb_Link[0m
[robot_state_publisher-5] [0m[INFO] [1783002126.839792559] [robot_state_publisher]: got segment wheel_lf_Link[0m
[robot_state_publisher-5] [0m[INFO] [1783002126.839800781] [robot_state_publisher]: got segment wheel_rb_Link[0m
[robot_state_publisher-5] [0m[INFO] [1783002126.839810633] [robot_state_publisher]: got segment wheel_rf_Link[0m
[ascamera_node-1] 2026-07-02 14:22:06[INFO] [CameraPublisher.cpp] [1558] [printLaunchParams] get depth_width 640
[ascamera_node-1] 2026-07-02 14:22:06[INFO] [CameraPublisher.cpp] [1559] [printLaunchParams] get depth_height 480
[ascamera_node-1] 2026-07-02 14:22:06[INFO] [CameraPublisher.cpp] [1561] [printLaunchParams] get rgb_width 640
[ascamera_node-1] 2026-07-02 14:22:06[INFO] [CameraPublisher.cpp] [1562] [printLaunchParams] get rgb_height 480
[ascamera_node-1] 2026-07-02 14:22:06[INFO] [CameraPublisher.cpp] [1570] [printLaunchParams] get set_fps 15
[ascamera_node-1] 2026-07-02 14:22:06[INFO] [CameraPublisher.cpp] [1578] [printLaunchParams] get color_pcl 1
[ascamera_node-1] 2026-07-02 14:22:06[INFO] [CameraPublisher.cpp] [1582] [printLaunchParams] get pub_tfTree 1
[ascamera_node-1] 2026-07-02 14:22:06[INFO] [CameraSrv.cpp] [35] [CameraSrv] Angstrong camera server
[ascamera_node-1] 2026-07-02 14:22:06[INFO] [CameraSrv.cpp] [45] [CameraSrv] Angstrong camera sdk version:v1.2.22.20240516
[joint_state_publisher-4] [0m[INFO] [1783002127.556115170] [joint_state_publisher]: Waiting for robot_description to be published on the robot_description topic...[0m
[odom_publisher-7] [0m[INFO] [1783002127.686547947] [odom_publisher]: [1;32m0.930000 1.010000[0m[0m
[odom_publisher-7] [0m[INFO] [1783002127.712991966] [odom_publisher]: [1;32mstart[0m[0m
[ascamera_node-1] 2026-07-02 14:22:07[INFO] [CameraSrv.cpp] [114] [onAttached] attached
[ascamera_node-1] 2026-07-02 14:22:07[INFO] [CameraSrv.cpp] [145] [onAttached] this is a new attach device, create and open it
[self_driving-10] [0m[INFO] [1783002128.143017947] [self_driving]: [INIT] init_process started[0m
[self_driving-10] [0m[INFO] [1783002128.143596984] [self_driving]: [INIT] only_line_follow=False[0m
[self_driving-10] [0m[INFO] [1783002128.144073632] [self_driving]: [INIT] request /yolov5/start[0m
[ros_robot_controller-6] [0m[INFO] [1783002128.429571465] [ros_robot_controller]: 已设置舵机 1 的偏移量为 0[0m
[ros_robot_controller-6] [0m[INFO] [1783002128.430533651] [ros_robot_controller]: 已设置舵机 2 的偏移量为 0[0m
[ros_robot_controller-6] [0m[INFO] [1783002128.431505632] [ros_robot_controller]: 已设置舵机 3 的偏移量为 4[0m
[ros_robot_controller-6] [0m[INFO] [1783002128.432577317] [ros_robot_controller]: 已设置舵机 4 的偏移量为 0[0m
[ros_robot_controller-6] [0m[INFO] [1783002128.436419354] [ros_robot_controller]: [1;32mstart[0m[0m
[ascamera_node-1] 2026-07-02 14:22:08[INFO] [CameraSrv.cpp] [154] [onAttached] get model type 9
[ascamera_node-1] 2026-07-02 14:22:08[INFO] [CameraSrv.cpp] [342] [getConfigFile] get file: /home/ubuntu/third_party_ros2/third_party_ws/src/ascamera/configurationfiles/hp60c_v2_00_20230704_configEncrypt.json
[ascamera_node-1] 2026-07-02 14:22:08[INFO] [CameraPublisher.cpp] [1501] [logCameraPathInfo] usb camera
[ascamera_node-1] 2026-07-02 14:22:08[INFO] [CameraPublisher.cpp] [1502] [logCameraPathInfo] bnum:1
[ascamera_node-1] 2026-07-02 14:22:08[INFO] [CameraPublisher.cpp] [1503] [logCameraPathInfo] dnum:3
[ascamera_node-1] 2026-07-02 14:22:08[INFO] [CameraPublisher.cpp] [1504] [logCameraPathInfo] port_numbers:2
[ascamera_node-1] 2026-07-02 14:22:08[INFO] [CameraPublisher.cpp] [171] [onCameraAttached] create a new publisher info set
[ascamera_node-1] 2026-07-02 14:22:08[INFO] [TfTreeFrameIdInfo.cpp] [11] [TfTreeFrameIdInfo] Namespace /ascamera
[ascamera_node-1] 2026-07-02 14:22:08[INFO] [CameraHp60c.cpp] [128] [open] according to the configuration file.
[ascamera_node-1] 2026-07-02 14:22:08[INFO] [CameraHp60c.cpp] [1528] [parseConfigFileParameter] moduleName:AS_CAM_HP60C
[ascamera_node-1] 2026-07-02 14:22:08[INFO] [CameraHp60c.cpp] [1555] [parseConfigFileParameter] Parsing config file /home/ubuntu/third_party_ros2/third_party_ws/src/ascamera/configurationfiles/hp60c_v2_00_20230704_configEncrypt.json
[ascamera_node-1] 2026-07-02 14:22:08[INFO] [CameraHp60c.cpp] [1620] [parseConfigFileParameter] configuration protocol Version: v2.x
[ascamera_node-1] 2026-07-02 14:22:08[INFO] [CameraHp60c.cpp] [1631] [parseConfigFileParameter] configuration Version: v2.0.0.20230704
[ascamera_node-1] 2026-07-02 14:22:08[INFO] [CameraHp60c.cpp] [1796] [setParamersAfterOpenCam] Camera confiParaEnable true, setting configuration parameter
[self_driving-10] [33m[WARN] [1783002130.147720298] [self_driving]: [YOLO_SERVICE] service not ready, continue without blocking[0m
[ascamera_node-1] 2026-07-02 14:22:10[ERROR] [XuCmdCameraHp60c.cpp] [454] [getMjpegSize] get mjpeg from xu command failed
[ascamera_node-1] 2026-07-02 14:22:10[INFO] [XuCmdCameraHp60c.cpp] [458] [getMjpegSize] mjpeg size:640x480
[ascamera_node-1] 2026-07-02 14:22:10[INFO] [CameraPublisher.cpp] [356] [onCameraOpen] camera opened
[ascamera_node-1] 2026-07-02 14:22:10[INFO] [CameraPublisher.cpp] [370] [onCameraOpen] get config info, ret 0, is_Registration 1
[ascamera_node-1] 2026-07-02 14:22:10[INFO] [Camera.cpp] [61] [init] #camera[0x55563296a710] SN[ASC60CF08000515]'s firmware version:DLS_VERc20865=:V01.09_2024110714:V01.19_2024110714:L01
[ascamera_node-1] 2026-07-02 14:22:10[INFO] [CameraPublisher.cpp] [1183] [setResolution] set depth resolution: 640 x 480 @ 15fps
[ascamera_node-1] 2026-07-02 14:22:10[INFO] [CameraPublisher.cpp] [1197] [setResolution] set rgb resolution: 640 x 480 @ 15fps
[ascamera_node-1] 2026-07-02 14:22:10[INFO] [CameraHp60c.cpp] [260] [startStreaming] start streaming
[ascamera_node-1] 2026-07-02 14:22:10[INFO] [CameraSrv.cpp] [202] [onAttached] attached end
[self_driving-10] [0m[INFO] [1783002130.648871205] [self_driving]: [INIT] enter + set_running start[0m
[self_driving-10] [0m[INFO] [1783002130.649433816] [self_driving]: [1;32mself driving enter[0m[0m
[self_driving-10] [0m[INFO] [1783002130.659029390] [self_driving]: [SUB] image=/ascamera/camera_publisher/rgb0/image object=/yolov5_ros2/object_detect[0m
[self_driving-10] [0m[INFO] [1783002130.659648631] [self_driving]: [1;32mset_running[0m[0m
[self_driving-10] [0m[INFO] [1783002130.661550390] [self_driving]: [1;32m[START] hybrid self_driving start: auto LINE_FOLLOW[0m[0m
[INFO] [apply_calib-11]: process started with pid [431638]
[INFO] [complementary_filter_node-12]: process started with pid [431640]
[apply_calib-11] [0m[INFO] [1783002131.802230519] [imu_calib]: Calibrating gyros; do not move the IMU[0m
[complementary_filter_node-12] [0m[INFO] [1783002131.831670926] [imu_filter]: Starting ComplementaryFilterROS[0m
[ascamera_node-1] 2026-07-02 14:22:11[INFO] [CameraHp60c.cpp] [912] [setInternalParameter] mjpeg info: size(640x480)
[ascamera_node-1] 2026-07-02 14:22:12[INFO] [Camera.cpp] [127] [backgroundThread] SN [ ASC60CF08000515 ]'s parameter:
[ascamera_node-1] 2026-07-02 14:22:12[INFO] [Camera.cpp] [128] [backgroundThread] irfx: 426.962
[ascamera_node-1] 2026-07-02 14:22:12[INFO] [Camera.cpp] [129] [backgroundThread] irfy: 426.374
[ascamera_node-1] 2026-07-02 14:22:12[INFO] [Camera.cpp] [130] [backgroundThread] ircx: 315.403
[ascamera_node-1] 2026-07-02 14:22:12[INFO] [Camera.cpp] [131] [backgroundThread] ircy: 240.933
[ascamera_node-1] 2026-07-02 14:22:12[INFO] [Camera.cpp] [132] [backgroundThread] rgbfx: 570.48
[ascamera_node-1] 2026-07-02 14:22:12[INFO] [Camera.cpp] [133] [backgroundThread] rgbfy: 569.949
[ascamera_node-1] 2026-07-02 14:22:12[INFO] [Camera.cpp] [134] [backgroundThread] rgbcx: 329.75
[ascamera_node-1] 2026-07-02 14:22:12[INFO] [Camera.cpp] [135] [backgroundThread] rgbcy: 238.406
[ascamera_node-1] 
[ascamera_node-1] 2026-07-02 14:22:12[INFO] [CameraHp60c.cpp] [1149] [streamCallback] set gain ret 0, gain 4
[self_driving-10] [0m[INFO] [1783002132.657561296] [self_driving]: [CMD] n=1 source=lane_lost_safe linear_x=0.05 linear_y=0.00 angular_z=0.00 state=LINE_FOLLOW stop=False raw_lane_x=-1 lane_filter=lost[0m
[yolo_detect-9] [0m[INFO] [1783002133.479961888] [yolov5_ros2]: Current ROS 2 distribution: humble[0m
[apply_calib-11] [0m[INFO] [1783002133.860411555] [imu_calib]: Gyro calibration complete! (bias = [-0.007, 0.027, -0.000])[0m
[self_driving-10] [0m[INFO] [1783002147.447879658] [self_driving]: [CMD] n=224 source=pid_follow linear_x=0.15 linear_y=0.00 angular_z=-0.10 state=LINE_FOLLOW stop=False lane_x=195.0 raw_lane_x=195.0 lane_filter=init cw_y=22 park_x=-1 right_done=False[0m
[self_driving-10] [0m[INFO] [1783002147.606789750] [self_driving]: [CMD] n=226 source=line_turn linear_x=0.15 linear_y=0.00 angular_z=-0.45 state=LINE_FOLLOW stop=False lane_x=248.5 raw_lane_x=248.5 lane_filter=stable cw_y=471 park_x=-1 right_done=False[0m
[self_driving-10] [0m[INFO] [1783002147.880402750] [self_driving]: [PARK_METRIC] accept=True area=2727/430 frames=1/2 cx=623 cy=386 score=0.28 reject=[] right_done=False cooldown_ok=True[0m
[self_driving-10] [33m[WARN] [1783002147.881194769] [self_driving]: [PARK_APPROACH_START] first_cx=623 first_cy=386 first_area=2727 score=0.28 cw_y=459 ref_turn_age=0.00[0m
[self_driving-10] [0m[INFO] [1783002147.938847083] [self_driving]: [PARK_AREA_GATE] ok=False area=2727/430 frames=1/2 age=0.06 cy=386 after_turn_ok=False cooldown_ok=True seen_recent=True[0m
[self_driving-10] [0m[INFO] [1783002147.941194917] [self_driving]: [CMD] n=231 source=park_approach_hold linear_x=0.10 linear_y=0.00 angular_z=-0.06 state=LINE_FOLLOW stop=False lane_x=248.5 raw_lane_x=-1 lane_filter=hold_last cw_y=0 park_x=623 park_age=0.06 park_area=2727 park_cy=386 after_lane_turn_ok=False lane_stable_ok=True[0m
[self_driving-10] [0m[INFO] [1783002148.941055972] [self_driving]: [PARK_AREA_GATE] ok=False area=2727/430 frames=1/2 age=1.06 cy=386 after_turn_ok=False cooldown_ok=True seen_recent=True[0m
[self_driving-10] [0m[INFO] [1783002150.002612082] [self_driving]: [PARK_AREA_GATE] ok=False area=2727/430 frames=1/2 age=2.12 cy=386 after_turn_ok=False cooldown_ok=True seen_recent=True[0m
[self_driving-10] [0m[INFO] [1783002151.025361785] [self_driving]: [PARK_AREA_GATE] ok=False area=2727/430 frames=1/2 age=3.14 cy=386 after_turn_ok=False cooldown_ok=True seen_recent=True[0m
[self_driving-10] [0m[INFO] [1783002152.042802896] [self_driving]: [PARK_AREA_GATE] ok=False area=2727/430 frames=1/2 age=4.16 cy=386 after_turn_ok=False cooldown_ok=True seen_recent=True[0m
[self_driving-10] [0m[INFO] [1783002153.124148858] [self_driving]: [PARK_AREA_GATE] ok=False area=2727/430 frames=1/2 age=5.24 cy=386 after_turn_ok=True cooldown_ok=True seen_recent=True[0m
[self_driving-10] [0m[INFO] [1783002154.182991895] [self_driving]: [PARK_AREA_GATE] ok=False area=2727/430 frames=1/2 age=6.30 cy=386 after_turn_ok=True cooldown_ok=True seen_recent=True[0m
[self_driving-10] [0m[INFO] [1783002155.198378283] [self_driving]: [PARK_AREA_GATE] ok=False area=2727/430 frames=1/2 age=7.32 cy=386 after_turn_ok=True cooldown_ok=True seen_recent=True[0m
[self_driving-10] [0m[INFO] [1783002156.266599319] [self_driving]: [PARK_AREA_GATE] ok=False area=2727/430 frames=1/2 age=8.39 cy=386 after_turn_ok=True cooldown_ok=True seen_recent=True[0m
[self_driving-10] [0m[INFO] [1783002156.462984227] [self_driving]: [CMD] n=358 source=pid_follow linear_x=0.15 linear_y=0.00 angular_z=0.10 state=LINE_FOLLOW stop=False lane_x=129.5 raw_lane_x=129.5 lane_filter=stable cw_y=378 park_x=-1 right_done=False[0m
[self_driving-10] [0m[INFO] [1783002163.667596944] [self_driving]: [CMD] n=465 source=line_turn linear_x=0.30 linear_y=0.00 angular_z=-0.45 state=LINE_FOLLOW stop=False lane_x=202.5 raw_lane_x=202.5 lane_filter=stable cw_y=452 park_x=-1 right_done=False[0m
[self_driving-10] [0m[INFO] [1783002163.845579870] [self_driving]: [CMD] n=468 source=pid_follow linear_x=0.15 linear_y=0.00 angular_z=-0.10 state=LINE_FOLLOW stop=False lane_x=200.0 raw_lane_x=200.0 lane_filter=stable cw_y=452 park_x=-1 right_done=False[0m
[self_driving-10] [0m[INFO] [1783002163.977558204] [self_driving]: [CMD] n=470 source=line_turn linear_x=0.15 linear_y=0.00 angular_z=-0.45 state=LINE_FOLLOW stop=False lane_x=200.5 raw_lane_x=200.5 lane_filter=stable cw_y=452 park_x=-1 right_done=False[0m
[self_driving-10] [0m[INFO] [1783002164.860576684] [self_driving]: [CMD] n=483 source=pid_follow linear_x=0.15 linear_y=0.00 angular_z=0.00 state=LINE_FOLLOW stop=False lane_x=107.0 raw_lane_x=107.0 lane_filter=jump_accept cw_y=452 park_x=-1 right_done=False[0m
[self_driving-10] [0m[INFO] [1783002165.521136091] [self_driving]: [CMD] n=493 source=line_turn linear_x=0.15 linear_y=0.00 angular_z=-0.45 state=LINE_FOLLOW stop=False lane_x=207.5 raw_lane_x=207.5 lane_filter=stable cw_y=452 park_x=-1 right_done=False[0m
[self_driving-10] [0m[INFO] [1783002167.677510127] [self_driving]: [CMD] n=525 source=pid_follow linear_x=0.15 linear_y=0.00 angular_z=-0.10 state=LINE_FOLLOW stop=False lane_x=187.0 raw_lane_x=187.0 lane_filter=stable cw_y=262 park_x=-1 right_done=False[0m
[self_driving-10] [0m[INFO] [1783002168.832836645] [self_driving]: [CMD] n=542 source=lane_lost_safe linear_x=0.05 linear_y=0.00 angular_z=0.00 state=LINE_FOLLOW stop=False raw_lane_x=-1 lane_filter=lost[0m
[self_driving-10] [0m[INFO] [1783002169.559379126] [self_driving]: [CMD] n=553 source=pid_follow linear_x=0.30 linear_y=0.00 angular_z=0.10 state=LINE_FOLLOW stop=False lane_x=6.5 raw_lane_x=312.0 lane_filter=jump_reject cw_y=219 park_x=-1 right_done=False[0m
[self_driving-10] [0m[INFO] [1783002169.765998348] [self_driving]: [CMD] n=556 source=line_turn linear_x=0.15 linear_y=0.00 angular_z=-0.45 state=LINE_FOLLOW stop=False lane_x=294.5 raw_lane_x=294.5 lane_filter=jump_accept cw_y=219 park_x=-1 right_done=False[0m
[self_driving-10] [0m[INFO] [1783002171.182914088] [self_driving]: [CMD] n=577 source=pid_follow linear_x=0.15 linear_y=0.00 angular_z=0.00 state=LINE_FOLLOW stop=False lane_x=196.5 raw_lane_x=196.5 lane_filter=stable cw_y=413 park_x=-1 right_done=False[0m
[self_driving-10] [0m[INFO] [1783002171.973729810] [self_driving]: [CMD] n=589 source=line_turn linear_x=0.15 linear_y=0.00 angular_z=-0.45 state=LINE_FOLLOW stop=False lane_x=254.5 raw_lane_x=254.5 lane_filter=stable cw_y=413 park_x=-1 right_done=False[0m
[self_driving-10] [0m[INFO] [1783002172.107617458] [self_driving]: [CMD] n=591 source=pid_follow linear_x=0.15 linear_y=0.00 angular_z=-0.10 state=LINE_FOLLOW stop=False lane_x=168.5 raw_lane_x=168.5 lane_filter=stable cw_y=413 park_x=-1 right_done=False[0m
[self_driving-10] [0m[INFO] [1783002172.182324995] [self_driving]: [CMD] n=592 source=line_turn linear_x=0.15 linear_y=0.00 angular_z=-0.45 state=LINE_FOLLOW stop=False lane_x=216.0 raw_lane_x=216.0 lane_filter=stable cw_y=413 park_x=-1 right_done=False[0m
[self_driving-10] [0m[INFO] [1783002172.599093791] [self_driving]: [CMD] n=598 source=lane_lost_safe linear_x=0.05 linear_y=0.00 angular_z=0.00 state=LINE_FOLLOW stop=False raw_lane_x=-1 lane_filter=lost[0m
[self_driving-10] [0m[INFO] [1783002172.783577624] [self_driving]: [CMD] n=601 source=pid_follow linear_x=0.15 linear_y=0.00 angular_z=0.00 state=LINE_FOLLOW stop=False lane_x=154.0 raw_lane_x=154.0 lane_filter=stable cw_y=413 park_x=-1 right_done=False[0m
[self_driving-10] [0m[INFO] [1783002173.251901902] [self_driving]: [CMD] n=608 source=lane_lost_safe linear_x=0.05 linear_y=0.00 angular_z=0.00 state=LINE_FOLLOW stop=False raw_lane_x=-1 lane_filter=lost[0m
[self_driving-10] [0m[INFO] [1783002177.996906677] [self_driving]: [CMD] n=670 source=pid_follow linear_x=0.30 linear_y=0.00 angular_z=-0.10 state=LINE_FOLLOW stop=False lane_x=154.0 raw_lane_x=304.5 lane_filter=jump_reject cw_y=0 park_x=-1 right_done=False[0m
[self_driving-10] [0m[INFO] [1783002178.145246362] [self_driving]: [CMD] n=672 source=line_turn linear_x=0.30 linear_y=0.00 angular_z=-0.45 state=LINE_FOLLOW stop=False lane_x=295.0 raw_lane_x=295.0 lane_filter=jump_accept cw_y=0 park_x=-1 right_done=False[0m
[self_driving-10] [0m[INFO] [1783002178.473320528] [self_driving]: [CMD] n=676 source=pid_follow linear_x=0.30 linear_y=0.00 angular_z=-0.10 state=LINE_FOLLOW stop=False lane_x=175.0 raw_lane_x=175.0 lane_filter=stable cw_y=147 park_x=-1 right_done=False[0m
[self_driving-10] [0m[INFO] [1783002179.190357287] [self_driving]: [CMD] n=685 source=lane_lost_safe linear_x=0.05 linear_y=0.00 angular_z=0.00 state=LINE_FOLLOW stop=False raw_lane_x=-1 lane_filter=lost[0m
[self_driving-10] [0m[INFO] [1783002179.379622231] [self_driving]: [CMD] n=687 source=pid_follow linear_x=0.30 linear_y=0.00 angular_z=0.10 state=LINE_FOLLOW stop=False lane_x=22.0 raw_lane_x=172.5 lane_filter=jump_reject cw_y=0 park_x=-1 right_done=False[0m
[self_driving-10] [0m[INFO] [1783002179.780640564] [self_driving]: [CMD] n=692 source=lane_lost_safe linear_x=0.05 linear_y=0.00 angular_z=0.00 state=LINE_FOLLOW stop=False raw_lane_x=-1 lane_filter=lost[0m
[self_driving-10] [0m[INFO] [1783002179.855947768] [self_driving]: [CMD] n=693 source=pid_follow linear_x=0.30 linear_y=0.00 angular_z=0.10 state=LINE_FOLLOW stop=False lane_x=22.0 raw_lane_x=192.5 lane_filter=jump_reject cw_y=452 park_x=-1 right_done=False[0m
[self_driving-10] [0m[INFO] [1783002179.930926861] [self_driving]: [CMD] n=694 source=lane_lost_safe linear_x=0.05 linear_y=0.00 angular_z=0.00 state=LINE_FOLLOW stop=False raw_lane_x=-1 lane_filter=lost[0m
[self_driving-10] [0m[INFO] [1783002180.014019361] [self_driving]: [CMD] n=695 source=pid_follow linear_x=0.15 linear_y=0.00 angular_z=0.10 state=LINE_FOLLOW stop=False lane_x=22.0 raw_lane_x=177.5 lane_filter=jump_reject cw_y=17 park_x=-1 right_done=False[0m
[self_driving-10] [0m[INFO] [1783002180.164949286] [self_driving]: [CMD] n=697 source=lane_lost_safe linear_x=0.05 linear_y=0.00 angular_z=0.00 state=LINE_FOLLOW stop=False raw_lane_x=-1 lane_filter=lost[0m
[self_driving-10] [0m[INFO] [1783002180.242019509] [self_driving]: [CMD] n=698 source=pid_follow linear_x=0.15 linear_y=0.00 angular_z=0.10 state=LINE_FOLLOW stop=False lane_x=13.0 raw_lane_x=13.0 lane_filter=stable cw_y=17 park_x=-1 right_done=False[0m
[self_driving-10] [0m[INFO] [1783002180.671916434] [self_driving]: [CMD] n=703 source=line_turn linear_x=0.15 linear_y=0.00 angular_z=-0.45 state=LINE_FOLLOW stop=False lane_x=243.5 raw_lane_x=243.5 lane_filter=jump_accept cw_y=460 park_x=-1 right_done=False[0m
[self_driving-10] [0m[INFO] [1783002180.740200064] [self_driving]: [CMD] n=704 source=pid_follow linear_x=0.15 linear_y=0.00 angular_z=-0.10 state=LINE_FOLLOW stop=False lane_x=192.5 raw_lane_x=192.5 lane_filter=stable cw_y=460 park_x=-1 right_done=False[0m
[self_driving-10] [0m[INFO] [1783002181.060996119] [self_driving]: [CMD] n=708 source=line_turn linear_x=0.15 linear_y=0.00 angular_z=-0.45 state=LINE_FOLLOW stop=False lane_x=231.5 raw_lane_x=231.5 lane_filter=stable cw_y=460 park_x=-1 right_done=False[0m
[self_driving-10] [0m[INFO] [1783002183.724384025] [self_driving]: [CMD] n=741 source=pid_follow linear_x=0.15 linear_y=0.00 angular_z=-0.10 state=LINE_FOLLOW stop=False lane_x=158.0 raw_lane_x=158.0 lane_filter=stable cw_y=329 park_x=-1 right_done=False[0m
[self_driving-10] [0m[INFO] [1783002183.788306044] [self_driving]: [CMD] n=742 source=line_turn linear_x=0.15 linear_y=0.00 angular_z=-0.45 state=LINE_FOLLOW stop=False lane_x=210.0 raw_lane_x=210.0 lane_filter=stable cw_y=329 park_x=-1 right_done=False[0m
[self_driving-10] [0m[INFO] [1783002183.887600192] [self_driving]: [CMD] n=743 source=pid_follow linear_x=0.15 linear_y=0.00 angular_z=0.10 state=LINE_FOLLOW stop=False lane_x=137.0 raw_lane_x=137.0 lane_filter=stable cw_y=329 park_x=-1 right_done=False[0m
[self_driving-10] [0m[INFO] [1783002185.174164543] [self_driving]: [CMD] n=759 source=lane_lost_safe linear_x=0.05 linear_y=0.00 angular_z=0.00 state=LINE_FOLLOW stop=False raw_lane_x=-1 lane_filter=lost[0m
[self_driving-10] [0m[INFO] [1783002186.692406801] [self_driving]: [CMD] n=778 source=pid_follow linear_x=0.15 linear_y=0.00 angular_z=0.10 state=LINE_FOLLOW stop=False lane_x=4.5 raw_lane_x=4.5 lane_filter=stable cw_y=0 park_x=-1 right_done=False[0m
[self_driving-10] [0m[INFO] [1783002189.443878799] [self_driving]: [CMD] n=812 source=line_turn linear_x=0.15 linear_y=0.00 angular_z=-0.45 state=LINE_FOLLOW stop=False lane_x=312.0 raw_lane_x=312.0 lane_filter=jump_accept cw_y=296 park_x=-1 right_done=False[0m
[self_driving-10] [0m[INFO] [1783002190.482532169] [self_driving]: [CMD] n=825 source=pid_follow linear_x=0.15 linear_y=0.00 angular_z=0.00 state=LINE_FOLLOW stop=False lane_x=134.0 raw_lane_x=134.0 lane_filter=stable cw_y=337 park_x=-1 right_done=False[0m
[self_driving-10] [0m[INFO] [1783002190.806191132] [self_driving]: [CMD] n=829 source=line_turn linear_x=0.15 linear_y=0.00 angular_z=-0.45 state=LINE_FOLLOW stop=False lane_x=266.0 raw_lane_x=266.0 lane_filter=jump_accept cw_y=320 park_x=-1 right_done=False[0m
[self_driving-10] [0m[INFO] [1783002192.508435575] [self_driving]: [CMD] n=850 source=lane_lost_safe linear_x=0.05 linear_y=0.00 angular_z=0.00 state=LINE_FOLLOW stop=False raw_lane_x=-1 lane_filter=lost[0m
[self_driving-10] [0m[INFO] [1783002192.587669724] [self_driving]: [CMD] n=851 source=line_turn linear_x=0.15 linear_y=0.00 angular_z=-0.45 state=LINE_FOLLOW stop=False lane_x=241.0 raw_lane_x=241.0 lane_filter=stable cw_y=267 park_x=-1 right_done=False[0m
[self_driving-10] [0m[INFO] [1783002193.162574575] [self_driving]: [CMD] n=858 source=pid_follow linear_x=0.15 linear_y=0.00 angular_z=-0.10 state=LINE_FOLLOW stop=False lane_x=167.5 raw_lane_x=167.5 lane_filter=stable cw_y=344 park_x=-1 right_done=False[0m
[self_driving-10] [0m[INFO] [1783002194.765621444] [self_driving]: [CMD] n=878 source=lane_lost_safe linear_x=0.05 linear_y=0.00 angular_z=0.00 state=LINE_FOLLOW stop=False raw_lane_x=-1 lane_filter=lost[0m
[self_driving-10] [0m[INFO] [1783002194.848583981] [self_driving]: [CMD] n=879 source=pid_follow linear_x=0.15 linear_y=0.00 angular_z=0.10 state=LINE_FOLLOW stop=False lane_x=12.0 raw_lane_x=115.0 lane_filter=jump_reject cw_y=0 park_x=-1 right_done=False[0m
[self_driving-10] [0m[INFO] [1783002197.108437184] [self_driving]: [CMD] n=907 source=line_turn linear_x=0.15 linear_y=0.00 angular_z=-0.45 state=LINE_FOLLOW stop=False lane_x=287.0 raw_lane_x=287.0 lane_filter=jump_accept cw_y=210 park_x=-1 right_done=False[0m
[self_driving-10] [0m[INFO] [1783002197.495412665] [self_driving]: [CMD] n=912 source=pid_follow linear_x=0.15 linear_y=0.00 angular_z=-0.10 state=LINE_FOLLOW stop=False lane_x=190.0 raw_lane_x=190.0 lane_filter=stable cw_y=215 park_x=-1 right_done=False[0m
[self_driving-10] [0m[INFO] [1783002198.313244479] [self_driving]: [CMD] n=922 source=lane_lost_safe linear_x=0.05 linear_y=0.00 angular_z=0.00 state=LINE_FOLLOW stop=False raw_lane_x=-1 lane_filter=lost[0m
[self_driving-10] [0m[INFO] [1783002198.475150683] [self_driving]: [CMD] n=924 source=pid_follow linear_x=0.30 linear_y=0.00 angular_z=0.10 state=LINE_FOLLOW stop=False lane_x=29.0 raw_lane_x=29.0 lane_filter=stable cw_y=0 park_x=-1 right_done=False[0m
[self_driving-10] [0m[INFO] [1783002198.876166238] [self_driving]: [CMD] n=929 source=lane_lost_safe linear_x=0.05 linear_y=0.00 angular_z=0.00 state=LINE_FOLLOW stop=False raw_lane_x=-1 lane_filter=lost[0m
[self_driving-10] [0m[INFO] [1783002200.332998867] [self_driving]: [CMD] n=948 source=pid_follow linear_x=0.30 linear_y=0.00 angular_z=0.10 state=LINE_FOLLOW stop=False lane_x=29.0 raw_lane_x=290.0 lane_filter=jump_reject cw_y=0 park_x=-1 right_done=False[0m
[self_driving-10] [0m[INFO] [1783002202.007191199] [self_driving]: [CMD] n=973 source=line_turn linear_x=0.30 linear_y=0.00 angular_z=-0.45 state=LINE_FOLLOW stop=False lane_x=296.5 raw_lane_x=296.5 lane_filter=jump_accept cw_y=207 park_x=-1 right_done=False[0m
[self_driving-10] [0m[INFO] [1783002202.752317384] [self_driving]: [CMD] n=984 source=pid_follow linear_x=0.15 linear_y=0.00 angular_z=0.00 state=LINE_FOLLOW stop=False lane_x=79.0 raw_lane_x=79.0 lane_filter=jump_accept cw_y=0 park_x=-1 right_done=False[0m
[self_driving-10] [0m[INFO] [1783002203.434964643] [self_driving]: [CMD] n=994 source=line_turn linear_x=0.15 linear_y=0.00 angular_z=-0.45 state=LINE_FOLLOW stop=False lane_x=226.5 raw_lane_x=226.5 lane_filter=stable cw_y=0 park_x=-1 right_done=False[0m
[self_driving-10] [0m[INFO] [1783002204.096546420] [self_driving]: [CMD] n=1004 source=lane_lost_safe linear_x=0.05 linear_y=0.00 angular_z=0.00 state=LINE_FOLLOW stop=False raw_lane_x=-1 lane_filter=lost[0m
[self_driving-10] [0m[INFO] [1783002204.295168161] [self_driving]: [CMD] n=1007 source=line_turn linear_x=0.15 linear_y=0.00 angular_z=-0.45 state=LINE_FOLLOW stop=False lane_x=315.5 raw_lane_x=315.5 lane_filter=stable cw_y=0 park_x=-1 right_done=False[0m
[self_driving-10] [0m[INFO] [1783002204.892013031] [self_driving]: [CMD] n=1016 source=lane_lost_safe linear_x=0.05 linear_y=0.00 angular_z=0.00 state=LINE_FOLLOW stop=False raw_lane_x=-1 lane_filter=lost[0m
[self_driving-10] [0m[INFO] [1783002205.651802382] [self_driving]: [CMD] n=1027 source=line_turn linear_x=0.15 linear_y=0.00 angular_z=-0.45 state=LINE_FOLLOW stop=False lane_x=316.5 raw_lane_x=21.5 lane_filter=jump_reject cw_y=281 park_x=-1 right_done=False[0m
[self_driving-10] [0m[INFO] [1783002205.709939031] [self_driving]: [CMD] n=1028 source=lane_lost_safe linear_x=0.05 linear_y=0.00 angular_z=0.00 state=LINE_FOLLOW stop=False raw_lane_x=-1 lane_filter=lost[0m
[self_driving-10] [0m[INFO] [1783002206.161105197] [self_driving]: [CMD] n=1035 source=line_turn linear_x=0.15 linear_y=0.00 angular_z=-0.45 state=LINE_FOLLOW stop=False lane_x=237.0 raw_lane_x=237.0 lane_filter=stable cw_y=281 park_x=-1 right_done=False[0m
[self_driving-10] [0m[INFO] [1783002206.851932382] [self_driving]: [CMD] n=1045 source=pid_follow linear_x=0.15 linear_y=0.00 angular_z=-0.10 state=LINE_FOLLOW stop=False lane_x=178.5 raw_lane_x=178.5 lane_filter=stable cw_y=281 park_x=-1 right_done=False[0m
[self_driving-10] [0m[INFO] [1783002209.070938936] [self_driving]: [CMD] n=1078 source=line_turn linear_x=0.30 linear_y=0.00 angular_z=-0.45 state=LINE_FOLLOW stop=False lane_x=294.5 raw_lane_x=294.5 lane_filter=jump_accept cw_y=0 park_x=-1 right_done=False[0m
[self_driving-10] [0m[INFO] [1783002209.661564824] [self_driving]: [CMD] n=1087 source=pid_follow linear_x=0.30 linear_y=0.00 angular_z=0.00 state=LINE_FOLLOW stop=False lane_x=193.5 raw_lane_x=193.5 lane_filter=stable cw_y=0 park_x=-1 right_done=False[0m
[self_driving-10] [0m[INFO] [1783002210.684149157] [self_driving]: [CMD] n=1102 source=line_turn linear_x=0.30 linear_y=0.00 angular_z=-0.45 state=LINE_FOLLOW stop=False lane_x=212.0 raw_lane_x=212.0 lane_filter=stable cw_y=0 park_x=-1 right_done=False[0m
[self_driving-10] [0m[INFO] [1783002211.145133583] [self_driving]: [CMD] n=1109 source=pid_follow linear_x=0.30 linear_y=0.00 angular_z=0.00 state=LINE_FOLLOW stop=False lane_x=86.5 raw_lane_x=86.5 lane_filter=jump_accept cw_y=0 park_x=-1 right_done=False[0m
[self_driving-10] [0m[INFO] [1783002211.540265157] [self_driving]: [CMD] n=1115 source=line_turn linear_x=0.30 linear_y=0.00 angular_z=-0.45 state=LINE_FOLLOW stop=False lane_x=201.0 raw_lane_x=201.0 lane_filter=stable cw_y=0 park_x=-1 right_done=False[0m
[self_driving-10] [0m[INFO] [1783002212.025741416] [self_driving]: [CMD] n=1122 source=pid_follow linear_x=0.30 linear_y=0.00 angular_z=0.00 state=LINE_FOLLOW stop=False lane_x=186.5 raw_lane_x=186.5 lane_filter=stable cw_y=0 park_x=-1 right_done=False[0m
[self_driving-10] [0m[INFO] [1783002215.175005543] [self_driving]: [CMD] n=1169 source=line_turn linear_x=0.15 linear_y=0.00 angular_z=-0.45 state=LINE_FOLLOW stop=False lane_x=275.0 raw_lane_x=275.0 lane_filter=jump_accept cw_y=410 park_x=-1 right_done=False[0m
[self_driving-10] [0m[INFO] [1783002215.524558228] [self_driving]: [CMD] n=1174 source=pid_follow linear_x=0.15 linear_y=0.00 angular_z=-0.10 state=LINE_FOLLOW stop=False lane_x=193.5 raw_lane_x=193.5 lane_filter=stable cw_y=435 park_x=-1 right_done=False[0m
[self_driving-10] [0m[INFO] [1783002216.242744246] [self_driving]: [CMD] n=1185 source=lane_lost_safe linear_x=0.05 linear_y=0.00 angular_z=0.00 state=LINE_FOLLOW stop=False raw_lane_x=-1 lane_filter=lost[0m
[self_driving-10] [0m[INFO] [1783002217.186924227] [self_driving]: [CMD] n=1199 source=line_turn linear_x=0.15 linear_y=0.00 angular_z=-0.45 state=LINE_FOLLOW stop=False lane_x=246.5 raw_lane_x=246.5 lane_filter=stable cw_y=83 park_x=-1 right_done=False[0m
[self_driving-10] [0m[INFO] [1783002217.467369912] [self_driving]: [CMD] n=1203 source=pid_follow linear_x=0.15 linear_y=0.00 angular_z=-0.10 state=LINE_FOLLOW stop=False lane_x=179.0 raw_lane_x=179.0 lane_filter=stable cw_y=45 park_x=-1 right_done=False[0m
[self_driving-10] [0m[INFO] [1783002217.862176431] [self_driving]: [CMD] n=1209 source=lane_lost_safe linear_x=0.05 linear_y=0.00 angular_z=0.00 state=LINE_FOLLOW stop=False raw_lane_x=-1 lane_filter=lost[0m
[self_driving-10] [0m[INFO] [1783002219.512801115] [self_driving]: [CMD] n=1233 source=pid_follow linear_x=0.30 linear_y=0.00 angular_z=-0.10 state=LINE_FOLLOW stop=False lane_x=156.5 raw_lane_x=156.5 lane_filter=stable cw_y=45 park_x=-1 right_done=False[0m
[self_driving-10] [0m[INFO] [1783002219.599726893] [self_driving]: [CMD] n=1234 source=line_turn linear_x=0.30 linear_y=0.00 angular_z=-0.45 state=LINE_FOLLOW stop=False lane_x=234.0 raw_lane_x=234.0 lane_filter=stable cw_y=45 park_x=-1 right_done=False[0m
[self_driving-10] [0m[INFO] [1783002220.222129022] [self_driving]: [CMD] n=1242 source=lane_lost_safe linear_x=0.05 linear_y=0.00 angular_z=0.00 state=LINE_FOLLOW stop=False raw_lane_x=-1 lane_filter=lost[0m
[self_driving-10] [0m[INFO] [1783002220.519602911] [self_driving]: [CMD] n=1246 source=line_turn linear_x=0.30 linear_y=0.00 angular_z=-0.45 state=LINE_FOLLOW stop=False lane_x=310.0 raw_lane_x=28.0 lane_filter=jump_reject cw_y=45 park_x=-1 right_done=False[0m
[self_driving-10] [0m[INFO] [1783002220.562767781] [self_driving]: [CMD] n=1247 source=lane_lost_safe linear_x=0.05 linear_y=0.00 angular_z=0.00 state=LINE_FOLLOW stop=False raw_lane_x=-1 lane_filter=lost[0m
[self_driving-10] [0m[INFO] [1783002220.684158170] [self_driving]: [CMD] n=1249 source=line_turn linear_x=0.30 linear_y=0.00 angular_z=-0.45 state=LINE_FOLLOW stop=False lane_x=310.0 raw_lane_x=25.0 lane_filter=jump_reject cw_y=45 park_x=-1 right_done=False[0m
[self_driving-10] [0m[INFO] [1783002222.128623095] [self_driving]: [CMD] n=1270 source=lane_lost_safe linear_x=0.05 linear_y=0.00 angular_z=0.00 state=LINE_FOLLOW stop=False raw_lane_x=-1 lane_filter=lost[0m
[self_driving-10] [0m[INFO] [1783002222.859068557] [self_driving]: [CMD] n=1281 source=pid_follow linear_x=0.30 linear_y=0.00 angular_z=0.10 state=LINE_FOLLOW stop=False lane_x=101.0 raw_lane_x=101.0 lane_filter=jump_accept cw_y=45 park_x=-1 right_done=False[0m
[self_driving-10] [0m[INFO] [1783002223.639390575] [self_driving]: [CMD] n=1293 source=line_turn linear_x=0.30 linear_y=0.00 angular_z=-0.45 state=LINE_FOLLOW stop=False lane_x=272.5 raw_lane_x=272.5 lane_filter=jump_accept cw_y=45 park_x=-1 right_done=False[0m
[self_driving-10] [0m[INFO] [1783002224.853894556] [self_driving]: [CMD] n=1311 source=lane_lost_safe linear_x=0.05 linear_y=0.00 angular_z=0.00 state=LINE_FOLLOW stop=False raw_lane_x=-1 lane_filter=lost[0m
[self_driving-10] [0m[INFO] [1783002225.540131630] [self_driving]: [CMD] n=1321 source=line_turn linear_x=0.30 linear_y=0.00 angular_z=-0.45 state=LINE_FOLLOW stop=False lane_x=220.5 raw_lane_x=220.5 lane_filter=stable cw_y=45 park_x=-1 right_done=False[0m
[self_driving-10] [0m[INFO] [1783002226.031012389] [self_driving]: [CMD] n=1328 source=pid_follow linear_x=0.30 linear_y=0.00 angular_z=-0.10 state=LINE_FOLLOW stop=False lane_x=182.0 raw_lane_x=182.0 lane_filter=stable cw_y=45 park_x=-1 right_done=False[0m
[self_driving-10] [0m[INFO] [1783002227.148670425] [self_driving]: [CMD] n=1345 source=lane_lost_safe linear_x=0.05 linear_y=0.00 angular_z=0.00 state=LINE_FOLLOW stop=False raw_lane_x=-1 lane_filter=lost[0m
[self_driving-10] [0m[INFO] [1783002227.204953795] [self_driving]: [CMD] n=1346 source=pid_follow linear_x=0.15 linear_y=0.00 angular_z=0.10 state=LINE_FOLLOW stop=False lane_x=70.0 raw_lane_x=70.0 lane_filter=stable cw_y=0 park_x=-1 right_done=False[0m
[self_driving-10] [0m[INFO] [1783002228.427112887] [self_driving]: [CMD] n=1364 source=lane_lost_safe linear_x=0.05 linear_y=0.00 angular_z=0.00 state=LINE_FOLLOW stop=False raw_lane_x=-1 lane_filter=lost[0m
[self_driving-10] [0m[INFO] [1783002228.567621832] [self_driving]: [CMD] n=1366 source=pid_follow linear_x=0.15 linear_y=0.00 angular_z=0.10 state=LINE_FOLLOW stop=False lane_x=12.0 raw_lane_x=12.0 lane_filter=stable cw_y=0 park_x=-1 right_done=False[0m
[self_driving-10] [0m[INFO] [1783002228.955935831] [self_driving]: [CMD] n=1372 source=lane_lost_safe linear_x=0.05 linear_y=0.00 angular_z=0.00 state=LINE_FOLLOW stop=False raw_lane_x=-1 lane_filter=lost[0m
[self_driving-10] [0m[INFO] [1783002229.100062183] [self_driving]: [CMD] n=1374 source=pid_follow linear_x=0.15 linear_y=0.00 angular_z=0.10 state=LINE_FOLLOW stop=False lane_x=12.0 raw_lane_x=313.5 lane_filter=jump_reject cw_y=0 park_x=-1 right_done=False[0m
[self_driving-10] [0m[INFO] [1783002229.179757350] [self_driving]: [CMD] n=1375 source=lane_lost_safe linear_x=0.05 linear_y=0.00 angular_z=0.00 state=LINE_FOLLOW stop=False raw_lane_x=-1 lane_filter=lost[0m
[self_driving-10] [0m[INFO] [1783002229.911984127] [self_driving]: [CMD] n=1386 source=line_turn linear_x=0.15 linear_y=0.00 angular_z=-0.45 state=LINE_FOLLOW stop=False lane_x=303.0 raw_lane_x=303.0 lane_filter=jump_accept cw_y=384 park_x=-1 right_done=False[0m
[self_driving-10] [0m[INFO] [1783002230.593949442] [self_driving]: [CMD] n=1396 source=lane_lost_safe linear_x=0.05 linear_y=0.00 angular_z=0.00 state=LINE_FOLLOW stop=False raw_lane_x=-1 lane_filter=lost[0m
[self_driving-10] [0m[INFO] [1783002242.816480045] [self_driving]: [CMD] n=1575 source=line_turn linear_x=0.15 linear_y=0.00 angular_z=-0.45 state=LINE_FOLLOW stop=False lane_x=286.0 raw_lane_x=286.0 lane_filter=stable cw_y=307 park_x=-1 right_done=False[0m
[self_driving-10] [0m[INFO] [1783002244.240022322] [self_driving]: [CMD] n=1596 source=lane_lost_safe linear_x=0.05 linear_y=0.00 angular_z=0.00 state=LINE_FOLLOW stop=False raw_lane_x=-1 lane_filter=lost[0m
