[INFO] [launch]: All log files can be found below /home/ubuntu/.ros/log/2026-07-02-05-42-35-657335-raspberrypi-170263
[INFO] [launch]: Default logging verbosity is set to INFO
[INFO] [ascamera_node-1]: process started with pid [170279]
[INFO] [static_transform_publisher-2]: process started with pid [170281]
[INFO] [static_transform_publisher-3]: process started with pid [170283]
[INFO] [joint_state_publisher-4]: process started with pid [170285]
[INFO] [robot_state_publisher-5]: process started with pid [170287]
[INFO] [ros_robot_controller-6]: process started with pid [170289]
[INFO] [odom_publisher-7]: process started with pid [170293]
[INFO] [ekf_node-8]: process started with pid [170299]
[INFO] [yolo_detect-9]: process started with pid [170307]
[INFO] [self_driving-10]: process started with pid [170313]
[ascamera_node-1] [0m[INFO] [1782970956.438988062] [as_logger]: hello world angstrong camera ros2 node[0m
[static_transform_publisher-2] [33m[WARN] [1782970956.417163339] []: Old-style arguments are deprecated; see --help for new-style arguments[0m
[static_transform_publisher-3] [33m[WARN] [1782970956.417698432] []: Old-style arguments are deprecated; see --help for new-style arguments[0m
[ascamera_node-1] 2026-07-02 05:42:36[INFO] [CameraPublisher.cpp] [1558] [printLaunchParams] get depth_width 640
[ascamera_node-1] 2026-07-02 05:42:36[INFO] [CameraPublisher.cpp] [1559] [printLaunchParams] get depth_height 480
[ascamera_node-1] 2026-07-02 05:42:36[INFO] [CameraPublisher.cpp] [1561] [printLaunchParams] get rgb_width 640
[ascamera_node-1] 2026-07-02 05:42:36[INFO] [CameraPublisher.cpp] [1562] [printLaunchParams] get rgb_height 480
[ascamera_node-1] 2026-07-02 05:42:36[INFO] [CameraPublisher.cpp] [1570] [printLaunchParams] get set_fps 15
[ascamera_node-1] 2026-07-02 05:42:36[INFO] [CameraPublisher.cpp] [1578] [printLaunchParams] get color_pcl 1
[ascamera_node-1] 2026-07-02 05:42:36[INFO] [CameraPublisher.cpp] [1582] [printLaunchParams] get pub_tfTree 1
[ascamera_node-1] 2026-07-02 05:42:36[INFO] [CameraSrv.cpp] [35] [CameraSrv] Angstrong camera server
[ascamera_node-1] 2026-07-02 05:42:36[INFO] [CameraSrv.cpp] [45] [CameraSrv] Angstrong camera sdk version:v1.2.22.20240516
[static_transform_publisher-3] [0m[INFO] [1782970956.493267839] [static_transform_publisher_U5cXXevydDXLRmlK]: Spinning until stopped - publishing transform
[static_transform_publisher-3] translation: ('0.000000', '0.000000', '0.000000')
[static_transform_publisher-3] rotation: ('-0.500000', '0.499602', '-0.500000', '0.500398')
[static_transform_publisher-3] from 'depth_cam' to 'ascamera_color_0'[0m
[static_transform_publisher-2] [0m[INFO] [1782970956.512283543] [static_transform_publisher_cW53NuQHTfU1IBO2]: Spinning until stopped - publishing transform
[static_transform_publisher-2] translation: ('0.000000', '0.000000', '0.000000')
[static_transform_publisher-2] rotation: ('-0.500000', '0.499602', '-0.500000', '0.500398')
[static_transform_publisher-2] from 'depth_cam' to 'ascamera_camera_link_0'[0m
[robot_state_publisher-5] [0m[INFO] [1782970956.518121080] [robot_state_publisher]: got segment base_footprint[0m
[robot_state_publisher-5] [0m[INFO] [1782970956.520637154] [robot_state_publisher]: got segment base_link[0m
[robot_state_publisher-5] [0m[INFO] [1782970956.520680025] [robot_state_publisher]: got segment depth_cam[0m
[robot_state_publisher-5] [0m[INFO] [1782970956.520691562] [robot_state_publisher]: got segment imu_link[0m
[robot_state_publisher-5] [0m[INFO] [1782970956.520701821] [robot_state_publisher]: got segment lidar_frame[0m
[robot_state_publisher-5] [0m[INFO] [1782970956.520710043] [robot_state_publisher]: got segment wheel_lb_Link[0m
[robot_state_publisher-5] [0m[INFO] [1782970956.520717858] [robot_state_publisher]: got segment wheel_lf_Link[0m
[robot_state_publisher-5] [0m[INFO] [1782970956.520725599] [robot_state_publisher]: got segment wheel_rb_Link[0m
[robot_state_publisher-5] [0m[INFO] [1782970956.520733358] [robot_state_publisher]: got segment wheel_rf_Link[0m
[joint_state_publisher-4] [0m[INFO] [1782970957.205762302] [joint_state_publisher]: Waiting for robot_description to be published on the robot_description topic...[0m
[odom_publisher-7] [0m[INFO] [1782970957.449121376] [odom_publisher]: [1;32m0.930000 1.010000[0m[0m
[odom_publisher-7] [0m[INFO] [1782970957.477857617] [odom_publisher]: [1;32mstart[0m[0m
[ascamera_node-1] 2026-07-02 05:42:37[INFO] [CameraSrv.cpp] [114] [onAttached] attached
[ascamera_node-1] 2026-07-02 05:42:37[INFO] [CameraSrv.cpp] [145] [onAttached] this is a new attach device, create and open it
[ros_robot_controller-6] [0m[INFO] [1782970957.804824931] [ros_robot_controller]: 已设置舵机 1 的偏移量为 0[0m
[ros_robot_controller-6] [0m[INFO] [1782970957.806358820] [ros_robot_controller]: 已设置舵机 2 的偏移量为 0[0m
[ros_robot_controller-6] [0m[INFO] [1782970957.808266913] [ros_robot_controller]: 已设置舵机 3 的偏移量为 4[0m
[ros_robot_controller-6] [0m[INFO] [1782970957.809720061] [ros_robot_controller]: 已设置舵机 4 的偏移量为 0[0m
[ros_robot_controller-6] [0m[INFO] [1782970957.813974264] [ros_robot_controller]: [1;32mstart[0m[0m
[self_driving-10] [0m[INFO] [1782970957.969497227] [self_driving]: [INIT] init_process started[0m
[self_driving-10] [0m[INFO] [1782970957.970126635] [self_driving]: [INIT] only_line_follow=False[0m
[self_driving-10] [0m[INFO] [1782970957.970613450] [self_driving]: [INIT] request /yolov5/start[0m
[ascamera_node-1] 2026-07-02 05:42:38[INFO] [CameraSrv.cpp] [154] [onAttached] get model type 9
[ascamera_node-1] 2026-07-02 05:42:38[INFO] [CameraSrv.cpp] [342] [getConfigFile] get file: /home/ubuntu/third_party_ros2/third_party_ws/src/ascamera/configurationfiles/hp60c_v2_00_20230704_configEncrypt.json
[ascamera_node-1] 2026-07-02 05:42:38[INFO] [CameraPublisher.cpp] [1501] [logCameraPathInfo] usb camera
[ascamera_node-1] 2026-07-02 05:42:38[INFO] [CameraPublisher.cpp] [1502] [logCameraPathInfo] bnum:1
[ascamera_node-1] 2026-07-02 05:42:38[INFO] [CameraPublisher.cpp] [1503] [logCameraPathInfo] dnum:9
[ascamera_node-1] 2026-07-02 05:42:38[INFO] [CameraPublisher.cpp] [1504] [logCameraPathInfo] port_numbers:2
[ascamera_node-1] 2026-07-02 05:42:38[INFO] [CameraPublisher.cpp] [171] [onCameraAttached] create a new publisher info set
[ascamera_node-1] 2026-07-02 05:42:38[INFO] [TfTreeFrameIdInfo.cpp] [11] [TfTreeFrameIdInfo] Namespace /ascamera
[ascamera_node-1] 2026-07-02 05:42:38[INFO] [CameraHp60c.cpp] [128] [open] according to the configuration file.
[ascamera_node-1] 2026-07-02 05:42:38[INFO] [CameraHp60c.cpp] [1528] [parseConfigFileParameter] moduleName:AS_CAM_HP60C
[ascamera_node-1] 2026-07-02 05:42:38[INFO] [CameraHp60c.cpp] [1555] [parseConfigFileParameter] Parsing config file /home/ubuntu/third_party_ros2/third_party_ws/src/ascamera/configurationfiles/hp60c_v2_00_20230704_configEncrypt.json
[ascamera_node-1] 2026-07-02 05:42:38[INFO] [CameraHp60c.cpp] [1620] [parseConfigFileParameter] configuration protocol Version: v2.x
[ascamera_node-1] 2026-07-02 05:42:38[INFO] [CameraHp60c.cpp] [1631] [parseConfigFileParameter] configuration Version: v2.0.0.20230704
[ascamera_node-1] 2026-07-02 05:42:38[INFO] [CameraHp60c.cpp] [1796] [setParamersAfterOpenCam] Camera confiParaEnable true, setting configuration parameter
[ascamera_node-1] 2026-07-02 05:42:39[ERROR] [XuCmdCameraHp60c.cpp] [454] [getMjpegSize] get mjpeg from xu command failed
[ascamera_node-1] 2026-07-02 05:42:39[INFO] [XuCmdCameraHp60c.cpp] [458] [getMjpegSize] mjpeg size:640x480
[ascamera_node-1] 2026-07-02 05:42:39[INFO] [CameraPublisher.cpp] [356] [onCameraOpen] camera opened
[ascamera_node-1] 2026-07-02 05:42:39[INFO] [CameraPublisher.cpp] [370] [onCameraOpen] get config info, ret 0, is_Registration 1
[ascamera_node-1] 2026-07-02 05:42:39[INFO] [Camera.cpp] [61] [init] #camera[0x5555b1e86710] SN[ASC60CF08000515]'s firmware version:DLS_VERc20865=:V01.09_2024110714:V01.19_2024110714:L01
[ascamera_node-1] 2026-07-02 05:42:39[INFO] [CameraPublisher.cpp] [1183] [setResolution] set depth resolution: 640 x 480 @ 15fps
[ascamera_node-1] 2026-07-02 05:42:39[INFO] [CameraPublisher.cpp] [1197] [setResolution] set rgb resolution: 640 x 480 @ 15fps
[ascamera_node-1] 2026-07-02 05:42:39[INFO] [CameraHp60c.cpp] [260] [startStreaming] start streaming
[ascamera_node-1] 2026-07-02 05:42:39[INFO] [CameraSrv.cpp] [202] [onAttached] attached end
[self_driving-10] [33m[WARN] [1782970959.973858263] [self_driving]: [YOLO_SERVICE] service not ready, continue without blocking[0m
[self_driving-10] [0m[INFO] [1782970960.475068948] [self_driving]: [INIT] enter + set_running start[0m
[self_driving-10] [0m[INFO] [1782970960.475682596] [self_driving]: [1;32mself driving enter[0m[0m
[self_driving-10] [0m[INFO] [1782970960.485497263] [self_driving]: [SUB] image=/ascamera/camera_publisher/rgb0/image object=/yolov5_ros2/object_detect[0m
[self_driving-10] [0m[INFO] [1782970960.486398874] [self_driving]: [1;32mset_running[0m[0m
[self_driving-10] [0m[INFO] [1782970960.489306504] [self_driving]: [1;32m[START] hybrid self_driving start: auto LINE_FOLLOW[0m[0m
[INFO] [apply_calib-11]: process started with pid [170459]
[INFO] [complementary_filter_node-12]: process started with pid [170461]
[complementary_filter_node-12] [0m[INFO] [1782970961.460318410] [imu_filter]: Starting ComplementaryFilterROS[0m
[apply_calib-11] [0m[INFO] [1782970961.486969651] [imu_calib]: Calibrating gyros; do not move the IMU[0m
[ascamera_node-1] 2026-07-02 05:42:41[INFO] [CameraHp60c.cpp] [912] [setInternalParameter] mjpeg info: size(640x480)
[ascamera_node-1] 2026-07-02 05:42:41[INFO] [Camera.cpp] [127] [backgroundThread] SN [ ASC60CF08000515 ]'s parameter:
[ascamera_node-1] 2026-07-02 05:42:41[INFO] [Camera.cpp] [128] [backgroundThread] irfx: 426.962
[ascamera_node-1] 2026-07-02 05:42:41[INFO] [Camera.cpp] [129] [backgroundThread] irfy: 426.374
[ascamera_node-1] 2026-07-02 05:42:41[INFO] [Camera.cpp] [130] [backgroundThread] ircx: 315.403
[ascamera_node-1] 2026-07-02 05:42:41[INFO] [Camera.cpp] [131] [backgroundThread] ircy: 240.933
[ascamera_node-1] 2026-07-02 05:42:41[INFO] [Camera.cpp] [132] [backgroundThread] rgbfx: 570.48
[ascamera_node-1] 2026-07-02 05:42:41[INFO] [Camera.cpp] [133] [backgroundThread] rgbfy: 569.949
[ascamera_node-1] 2026-07-02 05:42:41[INFO] [Camera.cpp] [134] [backgroundThread] rgbcx: 329.75
[ascamera_node-1] 2026-07-02 05:42:41[INFO] [Camera.cpp] [135] [backgroundThread] rgbcy: 238.406
[ascamera_node-1] 
[self_driving-10] [0m[INFO] [1782970961.949782040] [self_driving]: [IMAGE] received count=1 shape=(480, 640, 3) queue=0[0m
[ascamera_node-1] 2026-07-02 05:42:42[INFO] [CameraHp60c.cpp] [1149] [streamCallback] set gain ret 0, gain 4
[yolo_detect-9] [0m[INFO] [1782970963.255092058] [yolov5_ros2]: Current ROS 2 distribution: humble[0m
[apply_calib-11] [0m[INFO] [1782970963.520766409] [imu_calib]: Gyro calibration complete! (bias = [-0.004, 0.030, 0.000])[0m
[self_driving-10] [0m[INFO] [1782970963.954444650] [self_driving]: [IMAGE] received count=30 shape=(480, 640, 3) queue=0[0m
[self_driving-10] [0m[INFO] [1782970965.971174834] [self_driving]: [IMAGE] received count=56 shape=(480, 640, 3) queue=0[0m
[self_driving-10] [0m[INFO] [1782970966.420842315] [self_driving]: [OBJECTS] msg_count=1 n=1 names=['crosswalk'][0m
[self_driving-10] [0m[INFO] [1782970966.421745407] [self_driving]: [OBJ_RAW] msg=1 raw_cls='crosswalk' norm_cls='crosswalk' cx=48 cy=150 w=94 h=10 area=940 score=0.560 state=LINE_FOLLOW right_done=False park_done=False park_x=-1 cw_y=0 lane_turn_idx=0 turn_cluster=0 cw_event_idx=0[0m
[self_driving-10] [33m[WARN] [1782970966.423659482] [self_driving]: [OBJ_CSV] path=/home/ubuntu/.ros/self_driving_obj_raw_1782970957.csv[0m
[self_driving-10] [0m[INFO] [1782970966.425484815] [self_driving]: [CROSSWALK_METRIC] n=1 nearest={'cx': 48, 'cy': 150, 'w': 94, 'h': 10, 'area': 940, 'score': 0.5600000023841858} all=[{'cx': 48, 'cy': 150, 'w': 94, 'h': 10, 'area': 940, 'score': 0.5600000023841858}] event_idx=0[0m
[self_driving-10] [33m[WARN] [1782970966.427571370] [self_driving]: [CROSSWALK_EVENT] idx=1 policy=future_stop_candidate nearest={'cx': 48, 'cy': 150, 'w': 94, 'h': 10, 'area': 940, 'score': 0.5600000023841858} y_th=120[0m
[self_driving-10] [0m[INFO] [1782970966.433283019] [self_driving]: [OBJ_RAW] msg=2 raw_cls='crosswalk' norm_cls='crosswalk' cx=49 cy=94 w=96 h=17 area=1632 score=0.340 state=LINE_FOLLOW right_done=False park_done=False park_x=-1 cw_y=150 lane_turn_idx=0 turn_cluster=0 cw_event_idx=1[0m
[self_driving-10] [0m[INFO] [1782970966.725034444] [self_driving]: [OBJ_RAW] msg=3 raw_cls='crosswalk' norm_cls='crosswalk' cx=48 cy=179 w=95 h=10 area=950 score=0.410 state=LINE_FOLLOW right_done=False park_done=False park_x=-1 cw_y=94 lane_turn_idx=0 turn_cluster=0 cw_event_idx=1[0m
[self_driving-10] [0m[INFO] [1782970966.726559537] [self_driving]: [CROSSWALK_METRIC] n=1 nearest={'cx': 48, 'cy': 179, 'w': 95, 'h': 10, 'area': 950, 'score': 0.4099999964237213} all=[{'cx': 48, 'cy': 179, 'w': 95, 'h': 10, 'area': 950, 'score': 0.4099999964237213}] event_idx=1[0m
[self_driving-10] [0m[INFO] [1782970966.729237852] [self_driving]: [OBJ_RAW] msg=4 raw_cls='crosswalk' norm_cls='crosswalk' cx=47 cy=123 w=95 h=11 area=1045 score=0.330 state=LINE_FOLLOW right_done=False park_done=False park_x=-1 cw_y=179 lane_turn_idx=0 turn_cluster=0 cw_event_idx=1[0m
[self_driving-10] [0m[INFO] [1782970967.017070778] [self_driving]: [OBJECTS] msg_count=5 n=1 names=['crosswalk'][0m
[self_driving-10] [0m[INFO] [1782970967.017646092] [self_driving]: [OBJ_RAW] msg=5 raw_cls='crosswalk' norm_cls='crosswalk' cx=49 cy=204 w=98 h=9 area=882 score=0.630 state=LINE_FOLLOW right_done=False park_done=False park_x=-1 cw_y=123 lane_turn_idx=0 turn_cluster=0 cw_event_idx=1[0m
[self_driving-10] [0m[INFO] [1782970967.020807944] [self_driving]: [OBJ_RAW] msg=6 raw_cls='crosswalk' norm_cls='crosswalk' cx=48 cy=179 w=94 h=10 area=940 score=0.450 state=LINE_FOLLOW right_done=False park_done=False park_x=-1 cw_y=204 lane_turn_idx=0 turn_cluster=0 cw_event_idx=1[0m
[self_driving-10] [0m[INFO] [1782970967.024483352] [self_driving]: [OBJ_RAW] msg=7 raw_cls='crosswalk' norm_cls='crosswalk' cx=49 cy=94 w=96 h=17 area=1632 score=0.310 state=LINE_FOLLOW right_done=False park_done=False park_x=-1 cw_y=179 lane_turn_idx=0 turn_cluster=0 cw_event_idx=1[0m
[self_driving-10] [0m[INFO] [1782970967.319075500] [self_driving]: [OBJ_RAW] msg=8 raw_cls='crosswalk' norm_cls='crosswalk' cx=48 cy=150 w=94 h=10 area=940 score=0.610 state=LINE_FOLLOW right_done=False park_done=False park_x=-1 cw_y=94 lane_turn_idx=0 turn_cluster=0 cw_event_idx=1[0m
[self_driving-10] [0m[INFO] [1782970967.321296888] [self_driving]: [CROSSWALK_METRIC] n=1 nearest={'cx': 48, 'cy': 150, 'w': 94, 'h': 10, 'area': 940, 'score': 0.6100000143051147} all=[{'cx': 48, 'cy': 150, 'w': 94, 'h': 10, 'area': 940, 'score': 0.6100000143051147}] event_idx=1[0m
[self_driving-10] [0m[INFO] [1782970967.323192037] [self_driving]: [OBJ_RAW] msg=9 raw_cls='crosswalk' norm_cls='crosswalk' cx=48 cy=123 w=94 h=11 area=1034 score=0.360 state=LINE_FOLLOW right_done=False park_done=False park_x=-1 cw_y=150 lane_turn_idx=0 turn_cluster=0 cw_event_idx=1[0m
[self_driving-10] [0m[INFO] [1782970967.326313259] [self_driving]: [OBJ_RAW] msg=10 raw_cls='crosswalk' norm_cls='crosswalk' cx=49 cy=94 w=96 h=17 area=1632 score=0.350 state=LINE_FOLLOW right_done=False park_done=False park_x=-1 cw_y=123 lane_turn_idx=0 turn_cluster=0 cw_event_idx=1[0m
[self_driving-10] [0m[INFO] [1782970967.619328536] [self_driving]: [OBJECTS] msg_count=11 n=1 names=['crosswalk'][0m
[self_driving-10] [0m[INFO] [1782970967.619965092] [self_driving]: [OBJ_RAW] msg=11 raw_cls='crosswalk' norm_cls='crosswalk' cx=49 cy=204 w=98 h=9 area=882 score=0.630 state=LINE_FOLLOW right_done=False park_done=False park_x=-1 cw_y=94 lane_turn_idx=0 turn_cluster=0 cw_event_idx=1[0m
[self_driving-10] [0m[INFO] [1782970967.620638277] [self_driving]: [CROSSWALK_METRIC] n=1 nearest={'cx': 49, 'cy': 204, 'w': 98, 'h': 9, 'area': 882, 'score': 0.6299999952316284} all=[{'cx': 49, 'cy': 204, 'w': 98, 'h': 9, 'area': 882, 'score': 0.6299999952316284}] event_idx=1[0m
[self_driving-10] [0m[INFO] [1782970967.622691833] [self_driving]: [OBJ_RAW] msg=12 raw_cls='crosswalk' norm_cls='crosswalk' cx=47 cy=149 w=93 h=9 area=837 score=0.610 state=LINE_FOLLOW right_done=False park_done=False park_x=-1 cw_y=204 lane_turn_idx=0 turn_cluster=0 cw_event_idx=1[0m
[self_driving-10] [0m[INFO] [1782970967.625765036] [self_driving]: [OBJ_RAW] msg=13 raw_cls='crosswalk' norm_cls='crosswalk' cx=49 cy=94 w=96 h=17 area=1632 score=0.350 state=LINE_FOLLOW right_done=False park_done=False park_x=-1 cw_y=149 lane_turn_idx=0 turn_cluster=0 cw_event_idx=1[0m
[self_driving-10] [0m[INFO] [1782970967.631064462] [self_driving]: [OBJ_RAW] msg=14 raw_cls='crosswalk' norm_cls='crosswalk' cx=47 cy=123 w=95 h=11 area=1045 score=0.300 state=LINE_FOLLOW right_done=False park_done=False park_x=-1 cw_y=94 lane_turn_idx=0 turn_cluster=0 cw_event_idx=1[0m
[self_driving-10] [0m[INFO] [1782970967.916670777] [self_driving]: [OBJ_RAW] msg=15 raw_cls='crosswalk' norm_cls='crosswalk' cx=48 cy=150 w=94 h=10 area=940 score=0.600 state=LINE_FOLLOW right_done=False park_done=False park_x=-1 cw_y=123 lane_turn_idx=0 turn_cluster=0 cw_event_idx=1[0m
[self_driving-10] [0m[INFO] [1782970967.919003721] [self_driving]: [OBJ_RAW] msg=16 raw_cls='crosswalk' norm_cls='crosswalk' cx=49 cy=205 w=98 h=8 area=784 score=0.590 state=LINE_FOLLOW right_done=False park_done=False park_x=-1 cw_y=150 lane_turn_idx=0 turn_cluster=0 cw_event_idx=1[0m
[self_driving-10] [0m[INFO] [1782970967.921161740] [self_driving]: [OBJ_RAW] msg=17 raw_cls='crosswalk' norm_cls='crosswalk' cx=47 cy=179 w=95 h=10 area=950 score=0.480 state=LINE_FOLLOW right_done=False park_done=False park_x=-1 cw_y=205 lane_turn_idx=0 turn_cluster=0 cw_event_idx=1[0m
[self_driving-10] [0m[INFO] [1782970967.921821221] [self_driving]: [CROSSWALK_METRIC] n=1 nearest={'cx': 47, 'cy': 179, 'w': 95, 'h': 10, 'area': 950, 'score': 0.47999998927116394} all=[{'cx': 47, 'cy': 179, 'w': 95, 'h': 10, 'area': 950, 'score': 0.47999998927116394}] event_idx=1[0m
[self_driving-10] [0m[INFO] [1782970967.925476870] [self_driving]: [OBJ_RAW] msg=18 raw_cls='crosswalk' norm_cls='crosswalk' cx=49 cy=94 w=96 h=17 area=1632 score=0.300 state=LINE_FOLLOW right_done=False park_done=False park_x=-1 cw_y=179 lane_turn_idx=0 turn_cluster=0 cw_event_idx=1[0m
[self_driving-10] [0m[INFO] [1782970968.016115388] [self_driving]: [IMAGE] received count=86 shape=(480, 640, 3) queue=0[0m
[self_driving-10] [0m[INFO] [1782970968.223214795] [self_driving]: [OBJECTS] msg_count=19 n=1 names=['crosswalk'][0m
[self_driving-10] [0m[INFO] [1782970968.223714610] [self_driving]: [OBJ_RAW] msg=19 raw_cls='crosswalk' norm_cls='crosswalk' cx=49 cy=204 w=98 h=9 area=882 score=0.620 state=LINE_FOLLOW right_done=False park_done=False park_x=-1 cw_y=94 lane_turn_idx=0 turn_cluster=0 cw_event_idx=1[0m
[self_driving-10] [0m[INFO] [1782970968.224388518] [self_driving]: [CROSSWALK_METRIC] n=1 nearest={'cx': 49, 'cy': 204, 'w': 98, 'h': 9, 'area': 882, 'score': 0.6200000047683716} all=[{'cx': 49, 'cy': 204, 'w': 98, 'h': 9, 'area': 882, 'score': 0.6200000047683716}] event_idx=1[0m
[self_driving-10] [0m[INFO] [1782970968.232591166] [self_driving]: [OBJ_RAW] msg=20 raw_cls='crosswalk' norm_cls='crosswalk' cx=47 cy=179 w=95 h=10 area=950 score=0.430 state=LINE_FOLLOW right_done=False park_done=False park_x=-1 cw_y=204 lane_turn_idx=0 turn_cluster=0 cw_event_idx=1[0m
[self_driving-10] [0m[INFO] [1782970968.248687110] [self_driving]: [OBJ_RAW] msg=21 raw_cls='crosswalk' norm_cls='crosswalk' cx=49 cy=94 w=96 h=17 area=1632 score=0.320 state=LINE_FOLLOW right_done=False park_done=False park_x=-1 cw_y=179 lane_turn_idx=0 turn_cluster=0 cw_event_idx=1[0m
[self_driving-10] [0m[INFO] [1782970968.563598147] [self_driving]: [OBJ_RAW] msg=22 raw_cls='crosswalk' norm_cls='crosswalk' cx=49 cy=204 w=98 h=9 area=882 score=0.620 state=LINE_FOLLOW right_done=False park_done=False park_x=-1 cw_y=94 lane_turn_idx=0 turn_cluster=0 cw_event_idx=1[0m
[self_driving-10] [0m[INFO] [1782970968.564473610] [self_driving]: [CROSSWALK_METRIC] n=1 nearest={'cx': 49, 'cy': 204, 'w': 98, 'h': 9, 'area': 882, 'score': 0.6200000047683716} all=[{'cx': 49, 'cy': 204, 'w': 98, 'h': 9, 'area': 882, 'score': 0.6200000047683716}] event_idx=1[0m
[self_driving-10] [0m[INFO] [1782970968.567120814] [self_driving]: [OBJ_RAW] msg=23 raw_cls='crosswalk' norm_cls='crosswalk' cx=47 cy=123 w=93 h=11 area=1023 score=0.290 state=LINE_FOLLOW right_done=False park_done=False park_x=-1 cw_y=204 lane_turn_idx=0 turn_cluster=0 cw_event_idx=1[0m
[self_driving-10] [0m[INFO] [1782970968.570132980] [self_driving]: [OBJ_RAW] msg=24 raw_cls='crosswalk' norm_cls='crosswalk' cx=49 cy=94 w=96 h=17 area=1632 score=0.290 state=LINE_FOLLOW right_done=False park_done=False park_x=-1 cw_y=123 lane_turn_idx=0 turn_cluster=0 cw_event_idx=1[0m
[self_driving-10] [0m[INFO] [1782970968.574956795] [self_driving]: [OBJ_RAW] msg=25 raw_cls='crosswalk' norm_cls='crosswalk' cx=48 cy=179 w=94 h=10 area=940 score=0.290 state=LINE_FOLLOW right_done=False park_done=False park_x=-1 cw_y=94 lane_turn_idx=0 turn_cluster=0 cw_event_idx=1[0m
[self_driving-10] [0m[INFO] [1782970968.864157980] [self_driving]: [OBJECTS] msg_count=26 n=1 names=['crosswalk'][0m
[self_driving-10] [0m[INFO] [1782970968.864647869] [self_driving]: [OBJ_RAW] msg=26 raw_cls='crosswalk' norm_cls='crosswalk' cx=49 cy=205 w=98 h=8 area=784 score=0.630 state=LINE_FOLLOW right_done=False park_done=False park_x=-1 cw_y=179 lane_turn_idx=0 turn_cluster=0 cw_event_idx=1[0m
[self_driving-10] [0m[INFO] [1782970968.865268665] [self_driving]: [CROSSWALK_METRIC] n=1 nearest={'cx': 49, 'cy': 205, 'w': 98, 'h': 8, 'area': 784, 'score': 0.6299999952316284} all=[{'cx': 49, 'cy': 205, 'w': 98, 'h': 8, 'area': 784, 'score': 0.6299999952316284}] event_idx=1[0m
[self_driving-10] [0m[INFO] [1782970968.867190943] [self_driving]: [OBJ_RAW] msg=27 raw_cls='crosswalk' norm_cls='crosswalk' cx=48 cy=179 w=94 h=10 area=940 score=0.430 state=LINE_FOLLOW right_done=False park_done=False park_x=-1 cw_y=205 lane_turn_idx=0 turn_cluster=0 cw_event_idx=1[0m
[self_driving-10] [0m[INFO] [1782970968.878073091] [self_driving]: [OBJ_RAW] msg=28 raw_cls='crosswalk' norm_cls='crosswalk' cx=49 cy=94 w=96 h=17 area=1632 score=0.340 state=LINE_FOLLOW right_done=False park_done=False park_x=-1 cw_y=179 lane_turn_idx=0 turn_cluster=0 cw_event_idx=1[0m
[self_driving-10] [0m[INFO] [1782970969.168785276] [self_driving]: [OBJ_RAW] msg=29 raw_cls='crosswalk' norm_cls='crosswalk' cx=49 cy=204 w=98 h=9 area=882 score=0.670 state=LINE_FOLLOW right_done=False park_done=False park_x=-1 cw_y=94 lane_turn_idx=0 turn_cluster=0 cw_event_idx=1[0m
[self_driving-10] [0m[INFO] [1782970969.169958202] [self_driving]: [CROSSWALK_METRIC] n=1 nearest={'cx': 49, 'cy': 204, 'w': 98, 'h': 9, 'area': 882, 'score': 0.6700000166893005} all=[{'cx': 49, 'cy': 204, 'w': 98, 'h': 9, 'area': 882, 'score': 0.6700000166893005}] event_idx=1[0m
[self_driving-10] [0m[INFO] [1782970969.172342498] [self_driving]: [OBJ_RAW] msg=30 raw_cls='crosswalk' norm_cls='crosswalk' cx=48 cy=179 w=94 h=10 area=940 score=0.440 state=LINE_FOLLOW right_done=False park_done=False park_x=-1 cw_y=204 lane_turn_idx=0 turn_cluster=0 cw_event_idx=1[0m
[self_driving-10] [0m[INFO] [1782970969.175296980] [self_driving]: [OBJ_RAW] msg=31 raw_cls='crosswalk' norm_cls='crosswalk' cx=47 cy=123 w=93 h=11 area=1023 score=0.320 state=LINE_FOLLOW right_done=False park_done=False park_x=-1 cw_y=179 lane_turn_idx=0 turn_cluster=0 cw_event_idx=1[0m
[self_driving-10] [0m[INFO] [1782970969.478942498] [self_driving]: [OBJECTS] msg_count=32 n=1 names=['crosswalk'][0m
[self_driving-10] [0m[INFO] [1782970969.479936202] [self_driving]: [OBJ_RAW] msg=32 raw_cls='crosswalk' norm_cls='crosswalk' cx=49 cy=205 w=98 h=8 area=784 score=0.640 state=LINE_FOLLOW right_done=False park_done=False park_x=-1 cw_y=123 lane_turn_idx=0 turn_cluster=0 cw_event_idx=1[0m
[self_driving-10] [0m[INFO] [1782970969.480605702] [self_driving]: [CROSSWALK_METRIC] n=1 nearest={'cx': 49, 'cy': 205, 'w': 98, 'h': 8, 'area': 784, 'score': 0.6399999856948853} all=[{'cx': 49, 'cy': 205, 'w': 98, 'h': 8, 'area': 784, 'score': 0.6399999856948853}] event_idx=1[0m
[self_driving-10] [0m[INFO] [1782970969.482661665] [self_driving]: [OBJ_RAW] msg=33 raw_cls='crosswalk' norm_cls='crosswalk' cx=48 cy=179 w=94 h=10 area=940 score=0.390 state=LINE_FOLLOW right_done=False park_done=False park_x=-1 cw_y=205 lane_turn_idx=0 turn_cluster=0 cw_event_idx=1[0m
[self_driving-10] [0m[INFO] [1782970969.484649109] [self_driving]: [OBJ_RAW] msg=34 raw_cls='crosswalk' norm_cls='crosswalk' cx=48 cy=123 w=94 h=11 area=1034 score=0.370 state=LINE_FOLLOW right_done=False park_done=False park_x=-1 cw_y=179 lane_turn_idx=0 turn_cluster=0 cw_event_idx=1[0m
[self_driving-10] [0m[INFO] [1782970969.488491887] [self_driving]: [OBJ_RAW] msg=35 raw_cls='crosswalk' norm_cls='crosswalk' cx=49 cy=94 w=96 h=17 area=1632 score=0.330 state=LINE_FOLLOW right_done=False park_done=False park_x=-1 cw_y=123 lane_turn_idx=0 turn_cluster=0 cw_event_idx=1[0m
[self_driving-10] [0m[INFO] [1782970969.776644905] [self_driving]: [OBJ_RAW] msg=36 raw_cls='crosswalk' norm_cls='crosswalk' cx=49 cy=204 w=98 h=9 area=882 score=0.650 state=LINE_FOLLOW right_done=False park_done=False park_x=-1 cw_y=94 lane_turn_idx=0 turn_cluster=0 cw_event_idx=1[0m
[self_driving-10] [0m[INFO] [1782970969.778831054] [self_driving]: [OBJ_RAW] msg=37 raw_cls='crosswalk' norm_cls='crosswalk' cx=48 cy=149 w=94 h=10 area=940 score=0.630 state=LINE_FOLLOW right_done=False park_done=False park_x=-1 cw_y=204 lane_turn_idx=0 turn_cluster=0 cw_event_idx=1[0m
[self_driving-10] [0m[INFO] [1782970969.781478498] [self_driving]: [OBJ_RAW] msg=38 raw_cls='crosswalk' norm_cls='crosswalk' cx=49 cy=94 w=97 h=17 area=1649 score=0.380 state=LINE_FOLLOW right_done=False park_done=False park_x=-1 cw_y=149 lane_turn_idx=0 turn_cluster=0 cw_event_idx=1[0m
[self_driving-10] [0m[INFO] [1782970969.782185109] [self_driving]: [CROSSWALK_METRIC] n=1 nearest={'cx': 49, 'cy': 94, 'w': 97, 'h': 17, 'area': 1649, 'score': 0.3799999952316284} all=[{'cx': 49, 'cy': 94, 'w': 97, 'h': 17, 'area': 1649, 'score': 0.3799999952316284}] event_idx=1[0m
[self_driving-10] [0m[INFO] [1782970969.785716424] [self_driving]: [OBJ_RAW] msg=39 raw_cls='crosswalk' norm_cls='crosswalk' cx=48 cy=122 w=96 h=11 area=1056 score=0.310 state=LINE_FOLLOW right_done=False park_done=False park_x=-1 cw_y=94 lane_turn_idx=0 turn_cluster=0 cw_event_idx=1[0m
[self_driving-10] [0m[INFO] [1782970970.068500905] [self_driving]: [IMAGE] received count=117 shape=(480, 640, 3) queue=0[0m
[self_driving-10] [0m[INFO] [1782970970.089830461] [self_driving]: [OBJECTS] msg_count=40 n=1 names=['crosswalk'][0m
[self_driving-10] [0m[INFO] [1782970970.090336942] [self_driving]: [OBJ_RAW] msg=40 raw_cls='crosswalk' norm_cls='crosswalk' cx=49 cy=204 w=98 h=8 area=784 score=0.680 state=LINE_FOLLOW right_done=False park_done=False park_x=-1 cw_y=122 lane_turn_idx=0 turn_cluster=0 cw_event_idx=1[0m
[self_driving-10] [0m[INFO] [1782970970.091023516] [self_driving]: [CROSSWALK_METRIC] n=1 nearest={'cx': 49, 'cy': 204, 'w': 98, 'h': 8, 'area': 784, 'score': 0.6800000071525574} all=[{'cx': 49, 'cy': 204, 'w': 98, 'h': 8, 'area': 784, 'score': 0.6800000071525574}] event_idx=1[0m
[self_driving-10] [0m[INFO] [1782970970.093125702] [self_driving]: [OBJ_RAW] msg=41 raw_cls='crosswalk' norm_cls='crosswalk' cx=47 cy=179 w=93 h=10 area=930 score=0.400 state=LINE_FOLLOW right_done=False park_done=False park_x=-1 cw_y=204 lane_turn_idx=0 turn_cluster=0 cw_event_idx=1[0m
[self_driving-10] [0m[INFO] [1782970970.095429831] [self_driving]: [OBJ_RAW] msg=42 raw_cls='crosswalk' norm_cls='crosswalk' cx=49 cy=94 w=96 h=17 area=1632 score=0.360 state=LINE_FOLLOW right_done=False park_done=False park_x=-1 cw_y=179 lane_turn_idx=0 turn_cluster=0 cw_event_idx=1[0m
[self_driving-10] [0m[INFO] [1782970970.098215887] [self_driving]: [OBJ_RAW] msg=43 raw_cls='crosswalk' norm_cls='crosswalk' cx=48 cy=123 w=96 h=10 area=960 score=0.300 state=LINE_FOLLOW right_done=False park_done=False park_x=-1 cw_y=94 lane_turn_idx=0 turn_cluster=0 cw_event_idx=1[0m
[self_driving-10] [0m[INFO] [1782970970.396737016] [self_driving]: [OBJ_RAW] msg=44 raw_cls='crosswalk' norm_cls='crosswalk' cx=48 cy=204 w=97 h=9 area=873 score=0.620 state=LINE_FOLLOW right_done=False park_done=False park_x=-1 cw_y=123 lane_turn_idx=0 turn_cluster=0 cw_event_idx=1[0m
[self_driving-10] [0m[INFO] [1782970970.397374405] [self_driving]: [CROSSWALK_METRIC] n=1 nearest={'cx': 48, 'cy': 204, 'w': 97, 'h': 9, 'area': 873, 'score': 0.6200000047683716} all=[{'cx': 48, 'cy': 204, 'w': 97, 'h': 9, 'area': 873, 'score': 0.6200000047683716}] event_idx=1[0m
[self_driving-10] [0m[INFO] [1782970970.402052627] [self_driving]: [OBJ_RAW] msg=45 raw_cls='crosswalk' norm_cls='crosswalk' cx=49 cy=94 w=97 h=17 area=1649 score=0.360 state=LINE_FOLLOW right_done=False park_done=False park_x=-1 cw_y=204 lane_turn_idx=0 turn_cluster=0 cw_event_idx=1[0m
[self_driving-10] [0m[INFO] [1782970970.406941498] [self_driving]: [OBJ_RAW] msg=46 raw_cls='crosswalk' norm_cls='crosswalk' cx=48 cy=123 w=96 h=12 area=1152 score=0.250 state=LINE_FOLLOW right_done=False park_done=False park_x=-1 cw_y=94 lane_turn_idx=0 turn_cluster=0 cw_event_idx=1[0m
[self_driving-10] [0m[INFO] [1782970970.721226405] [self_driving]: [OBJECTS] msg_count=47 n=1 names=['crosswalk'][0m
[self_driving-10] [0m[INFO] [1782970970.722310386] [self_driving]: [OBJ_RAW] msg=47 raw_cls='crosswalk' norm_cls='crosswalk' cx=48 cy=149 w=97 h=11 area=1067 score=0.480 state=LINE_FOLLOW right_done=False park_done=False park_x=-1 cw_y=123 lane_turn_idx=0 turn_cluster=0 cw_event_idx=1[0m
[self_driving-10] [0m[INFO] [1782970970.723371590] [self_driving]: [CROSSWALK_METRIC] n=1 nearest={'cx': 48, 'cy': 149, 'w': 97, 'h': 11, 'area': 1067, 'score': 0.47999998927116394} all=[{'cx': 48, 'cy': 149, 'w': 97, 'h': 11, 'area': 1067, 'score': 0.47999998927116394}] event_idx=1[0m
[self_driving-10] [0m[INFO] [1782970970.726706331] [self_driving]: [OBJ_RAW] msg=48 raw_cls='crosswalk' norm_cls='crosswalk' cx=50 cy=94 w=96 h=16 area=1536 score=0.360 state=LINE_FOLLOW right_done=False park_done=False park_x=-1 cw_y=149 lane_turn_idx=0 turn_cluster=0 cw_event_idx=1[0m
[self_driving-10] [0m[INFO] [1782970971.016827868] [self_driving]: [OBJ_RAW] msg=49 raw_cls='crosswalk' norm_cls='crosswalk' cx=48 cy=204 w=97 h=9 area=873 score=0.570 state=LINE_FOLLOW right_done=False park_done=False park_x=-1 cw_y=94 lane_turn_idx=0 turn_cluster=0 cw_event_idx=1[0m
[self_driving-10] [0m[INFO] [1782970971.024760516] [self_driving]: [OBJ_RAW] msg=50 raw_cls='crosswalk' norm_cls='crosswalk' cx=47 cy=122 w=95 h=11 area=1045 score=0.290 state=LINE_FOLLOW right_done=False park_done=False park_x=-1 cw_y=204 lane_turn_idx=0 turn_cluster=0 cw_event_idx=1[0m
[self_driving-10] [0m[INFO] [1782970971.025941071] [self_driving]: [CROSSWALK_METRIC] n=1 nearest={'cx': 47, 'cy': 122, 'w': 95, 'h': 11, 'area': 1045, 'score': 0.28999999165534973} all=[{'cx': 47, 'cy': 122, 'w': 95, 'h': 11, 'area': 1045, 'score': 0.28999999165534973}] event_idx=1[0m
[self_driving-10] [0m[INFO] [1782970971.336539238] [self_driving]: [OBJECTS] msg_count=51 n=1 names=['crosswalk'][0m
[self_driving-10] [0m[INFO] [1782970971.337308349] [self_driving]: [OBJ_RAW] msg=51 raw_cls='crosswalk' norm_cls='crosswalk' cx=49 cy=204 w=98 h=9 area=882 score=0.620 state=LINE_FOLLOW right_done=False park_done=False park_x=-1 cw_y=122 lane_turn_idx=0 turn_cluster=0 cw_event_idx=1[0m
[self_driving-10] [0m[INFO] [1782970971.338190960] [self_driving]: [CROSSWALK_METRIC] n=1 nearest={'cx': 49, 'cy': 204, 'w': 98, 'h': 9, 'area': 882, 'score': 0.6200000047683716} all=[{'cx': 49, 'cy': 204, 'w': 98, 'h': 9, 'area': 882, 'score': 0.6200000047683716}] event_idx=1[0m
[self_driving-10] [0m[INFO] [1782970971.341701571] [self_driving]: [OBJ_RAW] msg=52 raw_cls='crosswalk' norm_cls='crosswalk' cx=48 cy=122 w=94 h=11 area=1034 score=0.290 state=LINE_FOLLOW right_done=False park_done=False park_x=-1 cw_y=204 lane_turn_idx=0 turn_cluster=0 cw_event_idx=1[0m
[self_driving-10] [0m[INFO] [1782970971.348479108] [self_driving]: [OBJ_RAW] msg=53 raw_cls='crosswalk' norm_cls='crosswalk' cx=50 cy=94 w=96 h=17 area=1632 score=0.290 state=LINE_FOLLOW right_done=False park_done=False park_x=-1 cw_y=122 lane_turn_idx=0 turn_cluster=0 cw_event_idx=1[0m
[self_driving-10] [0m[INFO] [1782970971.655304423] [self_driving]: [OBJ_RAW] msg=54 raw_cls='crosswalk' norm_cls='crosswalk' cx=49 cy=204 w=98 h=9 area=882 score=0.630 state=LINE_FOLLOW right_done=False park_done=False park_x=-1 cw_y=94 lane_turn_idx=0 turn_cluster=0 cw_event_idx=1[0m
[self_driving-10] [0m[INFO] [1782970971.656335867] [self_driving]: [CROSSWALK_METRIC] n=1 nearest={'cx': 49, 'cy': 204, 'w': 98, 'h': 9, 'area': 882, 'score': 0.6299999952316284} all=[{'cx': 49, 'cy': 204, 'w': 98, 'h': 9, 'area': 882, 'score': 0.6299999952316284}] event_idx=1[0m
[self_driving-10] [0m[INFO] [1782970971.658756867] [self_driving]: [OBJ_RAW] msg=55 raw_cls='crosswalk' norm_cls='crosswalk' cx=49 cy=94 w=96 h=16 area=1536 score=0.360 state=LINE_FOLLOW right_done=False park_done=False park_x=-1 cw_y=204 lane_turn_idx=0 turn_cluster=0 cw_event_idx=1[0m
[self_driving-10] [0m[INFO] [1782970971.661160053] [self_driving]: [OBJ_RAW] msg=56 raw_cls='crosswalk' norm_cls='crosswalk' cx=47 cy=122 w=95 h=11 area=1045 score=0.300 state=LINE_FOLLOW right_done=False park_done=False park_x=-1 cw_y=94 lane_turn_idx=0 turn_cluster=0 cw_event_idx=1[0m
[self_driving-10] [0m[INFO] [1782970971.664637071] [self_driving]: [OBJ_RAW] msg=57 raw_cls='crosswalk' norm_cls='crosswalk' cx=48 cy=178 w=94 h=11 area=1034 score=0.260 state=LINE_FOLLOW right_done=False park_done=False park_x=-1 cw_y=122 lane_turn_idx=0 turn_cluster=0 cw_event_idx=1[0m
[self_driving-10] [0m[INFO] [1782970971.960742497] [self_driving]: [OBJECTS] msg_count=58 n=1 names=['crosswalk'][0m
[self_driving-10] [0m[INFO] [1782970971.961684386] [self_driving]: [OBJ_RAW] msg=58 raw_cls='crosswalk' norm_cls='crosswalk' cx=48 cy=122 w=94 h=11 area=1034 score=0.310 state=LINE_FOLLOW right_done=False park_done=False park_x=-1 cw_y=178 lane_turn_idx=0 turn_cluster=0 cw_event_idx=1[0m
[self_driving-10] [0m[INFO] [1782970971.962848552] [self_driving]: [CROSSWALK_METRIC] n=1 nearest={'cx': 48, 'cy': 122, 'w': 94, 'h': 11, 'area': 1034, 'score': 0.3100000023841858} all=[{'cx': 48, 'cy': 122, 'w': 94, 'h': 11, 'area': 1034, 'score': 0.3100000023841858}] event_idx=1[0m
[self_driving-10] [0m[INFO] [1782970971.967940756] [self_driving]: [OBJ_RAW] msg=59 raw_cls='crosswalk' norm_cls='crosswalk' cx=51 cy=231 w=103 h=11 area=1133 score=0.250 state=LINE_FOLLOW right_done=False park_done=False park_x=-1 cw_y=122 lane_turn_idx=0 turn_cluster=0 cw_event_idx=1[0m
[self_driving-10] [0m[INFO] [1782970972.107387108] [self_driving]: [IMAGE] received count=147 shape=(480, 640, 3) queue=0[0m
[self_driving-10] [0m[INFO] [1782970972.259729719] [self_driving]: [OBJ_RAW] msg=60 raw_cls='crosswalk' norm_cls='crosswalk' cx=48 cy=204 w=97 h=9 area=873 score=0.630 state=LINE_FOLLOW right_done=False park_done=False park_x=-1 cw_y=231 lane_turn_idx=0 turn_cluster=0 cw_event_idx=1[0m
[self_driving-10] [0m[INFO] [1782970972.261734052] [self_driving]: [OBJ_RAW] msg=61 raw_cls='crosswalk' norm_cls='crosswalk' cx=47 cy=149 w=95 h=10 area=950 score=0.520 state=LINE_FOLLOW right_done=False park_done=False park_x=-1 cw_y=204 lane_turn_idx=0 turn_cluster=0 cw_event_idx=1[0m
[self_driving-10] [0m[INFO] [1782970972.262351515] [self_driving]: [CROSSWALK_METRIC] n=1 nearest={'cx': 47, 'cy': 149, 'w': 95, 'h': 10, 'area': 950, 'score': 0.5199999809265137} all=[{'cx': 47, 'cy': 149, 'w': 95, 'h': 10, 'area': 950, 'score': 0.5199999809265137}] event_idx=1[0m
[self_driving-10] [0m[INFO] [1782970972.264470571] [self_driving]: [OBJ_RAW] msg=62 raw_cls='crosswalk' norm_cls='crosswalk' cx=47 cy=122 w=93 h=11 area=1023 score=0.350 state=LINE_FOLLOW right_done=False park_done=False park_x=-1 cw_y=149 lane_turn_idx=0 turn_cluster=0 cw_event_idx=1[0m
[self_driving-10] [0m[INFO] [1782970972.270291163] [self_driving]: [OBJ_RAW] msg=63 raw_cls='crosswalk' norm_cls='crosswalk' cx=49 cy=94 w=95 h=17 area=1615 score=0.340 state=LINE_FOLLOW right_done=False park_done=False park_x=-1 cw_y=122 lane_turn_idx=0 turn_cluster=0 cw_event_idx=1[0m
[self_driving-10] [0m[INFO] [1782970972.593861645] [self_driving]: [OBJECTS] msg_count=64 n=1 names=['crosswalk'][0m
[self_driving-10] [0m[INFO] [1782970972.594530256] [self_driving]: [OBJ_RAW] msg=64 raw_cls='crosswalk' norm_cls='crosswalk' cx=49 cy=204 w=98 h=9 area=882 score=0.640 state=LINE_FOLLOW right_done=False park_done=False park_x=-1 cw_y=94 lane_turn_idx=0 turn_cluster=0 cw_event_idx=1[0m
[self_driving-10] [0m[INFO] [1782970972.595395626] [self_driving]: [CROSSWALK_METRIC] n=1 nearest={'cx': 49, 'cy': 204, 'w': 98, 'h': 9, 'area': 882, 'score': 0.6399999856948853} all=[{'cx': 49, 'cy': 204, 'w': 98, 'h': 9, 'area': 882, 'score': 0.6399999856948853}] event_idx=1[0m
[self_driving-10] [0m[INFO] [1782970972.599317848] [self_driving]: [OBJ_RAW] msg=65 raw_cls='crosswalk' norm_cls='crosswalk' cx=47 cy=122 w=95 h=11 area=1045 score=0.340 state=LINE_FOLLOW right_done=False park_done=False park_x=-1 cw_y=204 lane_turn_idx=0 turn_cluster=0 cw_event_idx=1[0m
[self_driving-10] [0m[INFO] [1782970972.912817700] [self_driving]: [OBJ_RAW] msg=66 raw_cls='crosswalk' norm_cls='crosswalk' cx=48 cy=204 w=97 h=9 area=873 score=0.610 state=LINE_FOLLOW right_done=False park_done=False park_x=-1 cw_y=122 lane_turn_idx=0 turn_cluster=0 cw_event_idx=1[0m
[self_driving-10] [0m[INFO] [1782970972.913447107] [self_driving]: [CROSSWALK_METRIC] n=1 nearest={'cx': 48, 'cy': 204, 'w': 97, 'h': 9, 'area': 873, 'score': 0.6100000143051147} all=[{'cx': 48, 'cy': 204, 'w': 97, 'h': 9, 'area': 873, 'score': 0.6100000143051147}] event_idx=1[0m
[self_driving-10] [0m[INFO] [1782970972.916091755] [self_driving]: [OBJ_RAW] msg=67 raw_cls='crosswalk' norm_cls='crosswalk' cx=49 cy=94 w=96 h=17 area=1632 score=0.330 state=LINE_FOLLOW right_done=False park_done=False park_x=-1 cw_y=204 lane_turn_idx=0 turn_cluster=0 cw_event_idx=1[0m
[self_driving-10] [0m[INFO] [1782970972.918931922] [self_driving]: [OBJ_RAW] msg=68 raw_cls='crosswalk' norm_cls='crosswalk' cx=47 cy=122 w=95 h=11 area=1045 score=0.250 state=LINE_FOLLOW right_done=False park_done=False park_x=-1 cw_y=94 lane_turn_idx=0 turn_cluster=0 cw_event_idx=1[0m
[self_driving-10] [0m[INFO] [1782970973.229447885] [self_driving]: [OBJECTS] msg_count=69 n=1 names=['crosswalk'][0m
[self_driving-10] [0m[INFO] [1782970973.229953292] [self_driving]: [OBJ_RAW] msg=69 raw_cls='crosswalk' norm_cls='crosswalk' cx=47 cy=149 w=95 h=10 area=950 score=0.520 state=LINE_FOLLOW right_done=False park_done=False park_x=-1 cw_y=122 lane_turn_idx=0 turn_cluster=0 cw_event_idx=1[0m
[self_driving-10] [0m[INFO] [1782970973.230597181] [self_driving]: [CROSSWALK_METRIC] n=1 nearest={'cx': 47, 'cy': 149, 'w': 95, 'h': 10, 'area': 950, 'score': 0.5199999809265137} all=[{'cx': 47, 'cy': 149, 'w': 95, 'h': 10, 'area': 950, 'score': 0.5199999809265137}] event_idx=1[0m
[self_driving-10] [0m[INFO] [1782970973.233209440] [self_driving]: [OBJ_RAW] msg=70 raw_cls='crosswalk' norm_cls='crosswalk' cx=47 cy=178 w=93 h=11 area=1023 score=0.310 state=LINE_FOLLOW right_done=False park_done=False park_x=-1 cw_y=149 lane_turn_idx=0 turn_cluster=0 cw_event_idx=1[0m
[self_driving-10] [0m[INFO] [1782970973.237549903] [self_driving]: [OBJ_RAW] msg=71 raw_cls='crosswalk' norm_cls='crosswalk' cx=47 cy=122 w=95 h=11 area=1045 score=0.270 state=LINE_FOLLOW right_done=False park_done=False park_x=-1 cw_y=178 lane_turn_idx=0 turn_cluster=0 cw_event_idx=1[0m
[self_driving-10] [0m[INFO] [1782970973.540698940] [self_driving]: [OBJ_RAW] msg=72 raw_cls='crosswalk' norm_cls='crosswalk' cx=48 cy=204 w=97 h=9 area=873 score=0.610 state=LINE_FOLLOW right_done=False park_done=False park_x=-1 cw_y=122 lane_turn_idx=0 turn_cluster=0 cw_event_idx=1[0m
[self_driving-10] [0m[INFO] [1782970973.542063088] [self_driving]: [CROSSWALK_METRIC] n=1 nearest={'cx': 48, 'cy': 204, 'w': 97, 'h': 9, 'area': 873, 'score': 0.6100000143051147} all=[{'cx': 48, 'cy': 204, 'w': 97, 'h': 9, 'area': 873, 'score': 0.6100000143051147}] event_idx=1[0m
[self_driving-10] [0m[INFO] [1782970973.544623329] [self_driving]: [OBJ_RAW] msg=73 raw_cls='crosswalk' norm_cls='crosswalk' cx=49 cy=94 w=96 h=17 area=1632 score=0.380 state=LINE_FOLLOW right_done=False park_done=False park_x=-1 cw_y=204 lane_turn_idx=0 turn_cluster=0 cw_event_idx=1[0m
[self_driving-10] [0m[INFO] [1782970973.548938681] [self_driving]: [OBJ_RAW] msg=74 raw_cls='crosswalk' norm_cls='crosswalk' cx=48 cy=122 w=94 h=11 area=1034 score=0.310 state=LINE_FOLLOW right_done=False park_done=False park_x=-1 cw_y=94 lane_turn_idx=0 turn_cluster=0 cw_event_idx=1[0m
[self_driving-10] [0m[INFO] [1782970973.848482162] [self_driving]: [OBJECTS] msg_count=75 n=1 names=['crosswalk'][0m
[self_driving-10] [0m[INFO] [1782970973.849549273] [self_driving]: [OBJ_RAW] msg=75 raw_cls='crosswalk' norm_cls='crosswalk' cx=48 cy=204 w=97 h=9 area=873 score=0.590 state=LINE_FOLLOW right_done=False park_done=False park_x=-1 cw_y=122 lane_turn_idx=0 turn_cluster=0 cw_event_idx=1[0m
[self_driving-10] [0m[INFO] [1782970973.850619699] [self_driving]: [CROSSWALK_METRIC] n=1 nearest={'cx': 48, 'cy': 204, 'w': 97, 'h': 9, 'area': 873, 'score': 0.5899999737739563} all=[{'cx': 48, 'cy': 204, 'w': 97, 'h': 9, 'area': 873, 'score': 0.5899999737739563}] event_idx=1[0m
[self_driving-10] [0m[INFO] [1782970973.853681570] [self_driving]: [OBJ_RAW] msg=76 raw_cls='crosswalk' norm_cls='crosswalk' cx=48 cy=122 w=94 h=11 area=1034 score=0.320 state=LINE_FOLLOW right_done=False park_done=False park_x=-1 cw_y=204 lane_turn_idx=0 turn_cluster=0 cw_event_idx=1[0m
[self_driving-10] [0m[INFO] [1782970974.117244570] [self_driving]: [IMAGE] received count=177 shape=(480, 640, 3) queue=0[0m
[self_driving-10] [0m[INFO] [1782970974.157880088] [self_driving]: [OBJ_RAW] msg=77 raw_cls='crosswalk' norm_cls='crosswalk' cx=48 cy=179 w=94 h=12 area=1128 score=0.350 state=LINE_FOLLOW right_done=False park_done=False park_x=-1 cw_y=122 lane_turn_idx=0 turn_cluster=0 cw_event_idx=1[0m
[self_driving-10] [0m[INFO] [1782970974.159424847] [self_driving]: [CROSSWALK_METRIC] n=1 nearest={'cx': 48, 'cy': 179, 'w': 94, 'h': 12, 'area': 1128, 'score': 0.3499999940395355} all=[{'cx': 48, 'cy': 179, 'w': 94, 'h': 12, 'area': 1128, 'score': 0.3499999940395355}] event_idx=1[0m
[self_driving-10] [0m[INFO] [1782970974.162250329] [self_driving]: [OBJ_RAW] msg=78 raw_cls='crosswalk' norm_cls='crosswalk' cx=49 cy=94 w=97 h=17 area=1649 score=0.320 state=LINE_FOLLOW right_done=False park_done=False park_x=-1 cw_y=179 lane_turn_idx=0 turn_cluster=0 cw_event_idx=1[0m
[self_driving-10] [0m[INFO] [1782970974.461280329] [self_driving]: [OBJECTS] msg_count=79 n=1 names=['crosswalk'][0m
[self_driving-10] [0m[INFO] [1782970974.461753032] [self_driving]: [OBJ_RAW] msg=79 raw_cls='crosswalk' norm_cls='crosswalk' cx=49 cy=204 w=98 h=9 area=882 score=0.610 state=LINE_FOLLOW right_done=False park_done=False park_x=-1 cw_y=94 lane_turn_idx=0 turn_cluster=0 cw_event_idx=1[0m
[self_driving-10] [0m[INFO] [1782970974.462268255] [self_driving]: [CROSSWALK_METRIC] n=1 nearest={'cx': 49, 'cy': 204, 'w': 98, 'h': 9, 'area': 882, 'score': 0.6100000143051147} all=[{'cx': 49, 'cy': 204, 'w': 98, 'h': 9, 'area': 882, 'score': 0.6100000143051147}] event_idx=1[0m
[self_driving-10] [0m[INFO] [1782970974.464583329] [self_driving]: [OBJ_RAW] msg=80 raw_cls='crosswalk' norm_cls='crosswalk' cx=47 cy=122 w=94 h=11 area=1034 score=0.320 state=LINE_FOLLOW right_done=False park_done=False park_x=-1 cw_y=204 lane_turn_idx=0 turn_cluster=0 cw_event_idx=1[0m
[self_driving-10] [0m[INFO] [1782970974.467321125] [self_driving]: [OBJ_RAW] msg=81 raw_cls='crosswalk' norm_cls='crosswalk' cx=49 cy=94 w=97 h=17 area=1649 score=0.290 state=LINE_FOLLOW right_done=False park_done=False park_x=-1 cw_y=122 lane_turn_idx=0 turn_cluster=0 cw_event_idx=1[0m
[self_driving-10] [0m[INFO] [1782970974.797154477] [self_driving]: [OBJ_RAW] msg=82 raw_cls='crosswalk' norm_cls='crosswalk' cx=48 cy=204 w=97 h=9 area=873 score=0.610 state=LINE_FOLLOW right_done=False park_done=False park_x=-1 cw_y=94 lane_turn_idx=0 turn_cluster=0 cw_event_idx=1[0m
[self_driving-10] [0m[INFO] [1782970974.798121384] [self_driving]: [CROSSWALK_METRIC] n=1 nearest={'cx': 48, 'cy': 204, 'w': 97, 'h': 9, 'area': 873, 'score': 0.6100000143051147} all=[{'cx': 48, 'cy': 204, 'w': 97, 'h': 9, 'area': 873, 'score': 0.6100000143051147}] event_idx=1[0m
[self_driving-10] [0m[INFO] [1782970974.800848551] [self_driving]: [OBJ_RAW] msg=83 raw_cls='crosswalk' norm_cls='crosswalk' cx=50 cy=94 w=96 h=17 area=1632 score=0.350 state=LINE_FOLLOW right_done=False park_done=False park_x=-1 cw_y=204 lane_turn_idx=0 turn_cluster=0 cw_event_idx=1[0m
[self_driving-10] [0m[INFO] [1782970975.107150625] [self_driving]: [OBJECTS] msg_count=84 n=1 names=['crosswalk'][0m
[self_driving-10] [0m[INFO] [1782970975.107697847] [self_driving]: [OBJ_RAW] msg=84 raw_cls='crosswalk' norm_cls='crosswalk' cx=49 cy=204 w=98 h=9 area=882 score=0.630 state=LINE_FOLLOW right_done=False park_done=False park_x=-1 cw_y=94 lane_turn_idx=0 turn_cluster=0 cw_event_idx=1[0m
[self_driving-10] [0m[INFO] [1782970975.108403125] [self_driving]: [CROSSWALK_METRIC] n=1 nearest={'cx': 49, 'cy': 204, 'w': 98, 'h': 9, 'area': 882, 'score': 0.6299999952316284} all=[{'cx': 49, 'cy': 204, 'w': 98, 'h': 9, 'area': 882, 'score': 0.6299999952316284}] event_idx=1[0m
[self_driving-10] [0m[INFO] [1782970975.110915458] [self_driving]: [OBJ_RAW] msg=85 raw_cls='crosswalk' norm_cls='crosswalk' cx=49 cy=94 w=97 h=17 area=1649 score=0.330 state=LINE_FOLLOW right_done=False park_done=False park_x=-1 cw_y=204 lane_turn_idx=0 turn_cluster=0 cw_event_idx=1[0m
[self_driving-10] [0m[INFO] [1782970975.116426347] [self_driving]: [OBJ_RAW] msg=86 raw_cls='crosswalk' norm_cls='crosswalk' cx=48 cy=178 w=94 h=11 area=1034 score=0.250 state=LINE_FOLLOW right_done=False park_done=False park_x=-1 cw_y=94 lane_turn_idx=0 turn_cluster=0 cw_event_idx=1[0m
[self_driving-10] [0m[INFO] [1782970975.409609439] [self_driving]: [OBJ_RAW] msg=87 raw_cls='crosswalk' norm_cls='crosswalk' cx=49 cy=204 w=96 h=8 area=768 score=0.620 state=LINE_FOLLOW right_done=False park_done=False park_x=-1 cw_y=178 lane_turn_idx=0 turn_cluster=0 cw_event_idx=1[0m
[self_driving-10] [0m[INFO] [1782970975.410239050] [self_driving]: [CROSSWALK_METRIC] n=1 nearest={'cx': 49, 'cy': 204, 'w': 96, 'h': 8, 'area': 768, 'score': 0.6200000047683716} all=[{'cx': 49, 'cy': 204, 'w': 96, 'h': 8, 'area': 768, 'score': 0.6200000047683716}] event_idx=1[0m
[self_driving-10] [0m[INFO] [1782970975.413495291] [self_driving]: [OBJ_RAW] msg=88 raw_cls='crosswalk' norm_cls='crosswalk' cx=47 cy=149 w=95 h=11 area=1045 score=0.570 state=LINE_FOLLOW right_done=False park_done=False park_x=-1 cw_y=204 lane_turn_idx=0 turn_cluster=0 cw_event_idx=1[0m
[self_driving-10] [0m[INFO] [1782970975.416097791] [self_driving]: [OBJ_RAW] msg=89 raw_cls='crosswalk' norm_cls='crosswalk' cx=47 cy=122 w=95 h=11 area=1045 score=0.260 state=LINE_FOLLOW right_done=False park_done=False park_x=-1 cw_y=149 lane_turn_idx=0 turn_cluster=0 cw_event_idx=1[0m
[self_driving-10] [0m[INFO] [1782970975.422443106] [self_driving]: [OBJ_RAW] msg=90 raw_cls='crosswalk' norm_cls='crosswalk' cx=47 cy=178 w=93 h=11 area=1023 score=0.250 state=LINE_FOLLOW right_done=False park_done=False park_x=-1 cw_y=122 lane_turn_idx=0 turn_cluster=0 cw_event_idx=1[0m
[self_driving-10] [0m[INFO] [1782970975.719601735] [self_driving]: [OBJECTS] msg_count=91 n=1 names=['crosswalk'][0m
[self_driving-10] [0m[INFO] [1782970975.720155772] [self_driving]: [OBJ_RAW] msg=91 raw_cls='crosswalk' norm_cls='crosswalk' cx=48 cy=204 w=97 h=9 area=873 score=0.610 state=LINE_FOLLOW right_done=False park_done=False park_x=-1 cw_y=178 lane_turn_idx=0 turn_cluster=0 cw_event_idx=1[0m
[self_driving-10] [0m[INFO] [1782970975.720827939] [self_driving]: [CROSSWALK_METRIC] n=1 nearest={'cx': 48, 'cy': 204, 'w': 97, 'h': 9, 'area': 873, 'score': 0.6100000143051147} all=[{'cx': 48, 'cy': 204, 'w': 97, 'h': 9, 'area': 873, 'score': 0.6100000143051147}] event_idx=1[0m
[self_driving-10] [0m[INFO] [1782970975.723197865] [self_driving]: [OBJ_RAW] msg=92 raw_cls='crosswalk' norm_cls='crosswalk' cx=49 cy=94 w=96 h=17 area=1632 score=0.310 state=LINE_FOLLOW right_done=False park_done=False park_x=-1 cw_y=204 lane_turn_idx=0 turn_cluster=0 cw_event_idx=1[0m
[self_driving-10] [0m[INFO] [1782970975.725796180] [self_driving]: [OBJ_RAW] msg=93 raw_cls='crosswalk' norm_cls='crosswalk' cx=47 cy=122 w=95 h=11 area=1045 score=0.250 state=LINE_FOLLOW right_done=False park_done=False park_x=-1 cw_y=94 lane_turn_idx=0 turn_cluster=0 cw_event_idx=1[0m
[self_driving-10] [0m[INFO] [1782970976.025136235] [self_driving]: [OBJ_RAW] msg=94 raw_cls='crosswalk' norm_cls='crosswalk' cx=48 cy=204 w=97 h=9 area=873 score=0.590 state=LINE_FOLLOW right_done=False park_done=False park_x=-1 cw_y=122 lane_turn_idx=0 turn_cluster=0 cw_event_idx=1[0m
[self_driving-10] [0m[INFO] [1782970976.025859494] [self_driving]: [CROSSWALK_METRIC] n=1 nearest={'cx': 48, 'cy': 204, 'w': 97, 'h': 9, 'area': 873, 'score': 0.5899999737739563} all=[{'cx': 48, 'cy': 204, 'w': 97, 'h': 9, 'area': 873, 'score': 0.5899999737739563}] event_idx=1[0m
[self_driving-10] [0m[INFO] [1782970976.028146754] [self_driving]: [OBJ_RAW] msg=95 raw_cls='crosswalk' norm_cls='crosswalk' cx=49 cy=94 w=95 h=17 area=1615 score=0.330 state=LINE_FOLLOW right_done=False park_done=False park_x=-1 cw_y=204 lane_turn_idx=0 turn_cluster=0 cw_event_idx=1[0m
[self_driving-10] [0m[INFO] [1782970976.030684939] [self_driving]: [OBJ_RAW] msg=96 raw_cls='crosswalk' norm_cls='crosswalk' cx=47 cy=122 w=95 h=11 area=1045 score=0.290 state=LINE_FOLLOW right_done=False park_done=False park_x=-1 cw_y=94 lane_turn_idx=0 turn_cluster=0 cw_event_idx=1[0m
[self_driving-10] [0m[INFO] [1782970976.034226513] [self_driving]: [OBJ_RAW] msg=97 raw_cls='crosswalk' norm_cls='crosswalk' cx=48 cy=178 w=94 h=11 area=1034 score=0.270 state=LINE_FOLLOW right_done=False park_done=False park_x=-1 cw_y=122 lane_turn_idx=0 turn_cluster=0 cw_event_idx=1[0m
[self_driving-10] [0m[INFO] [1782970976.135076309] [self_driving]: [IMAGE] received count=207 shape=(480, 640, 3) queue=0[0m
[self_driving-10] [0m[INFO] [1782970976.343842439] [self_driving]: [OBJECTS] msg_count=98 n=1 names=['crosswalk'][0m
[self_driving-10] [0m[INFO] [1782970976.344343439] [self_driving]: [OBJ_RAW] msg=98 raw_cls='crosswalk' norm_cls='crosswalk' cx=49 cy=204 w=98 h=9 area=882 score=0.580 state=LINE_FOLLOW right_done=False park_done=False park_x=-1 cw_y=178 lane_turn_idx=0 turn_cluster=0 cw_event_idx=1[0m
[self_driving-10] [0m[INFO] [1782970976.344851494] [self_driving]: [CROSSWALK_METRIC] n=1 nearest={'cx': 49, 'cy': 204, 'w': 98, 'h': 9, 'area': 882, 'score': 0.5799999833106995} all=[{'cx': 49, 'cy': 204, 'w': 98, 'h': 9, 'area': 882, 'score': 0.5799999833106995}] event_idx=1[0m
[self_driving-10] [0m[INFO] [1782970976.346574253] [self_driving]: [OBJ_RAW] msg=99 raw_cls='crosswalk' norm_cls='crosswalk' cx=49 cy=94 w=96 h=17 area=1632 score=0.390 state=LINE_FOLLOW right_done=False park_done=False park_x=-1 cw_y=204 lane_turn_idx=0 turn_cluster=0 cw_event_idx=1[0m
[self_driving-10] [0m[INFO] [1782970976.351967346] [self_driving]: [OBJ_RAW] msg=100 raw_cls='crosswalk' norm_cls='crosswalk' cx=48 cy=122 w=94 h=11 area=1034 score=0.260 state=LINE_FOLLOW right_done=False park_done=False park_x=-1 cw_y=94 lane_turn_idx=0 turn_cluster=0 cw_event_idx=1[0m
[self_driving-10] [0m[INFO] [1782970976.661611087] [self_driving]: [OBJ_RAW] msg=101 raw_cls='crosswalk' norm_cls='crosswalk' cx=49 cy=204 w=98 h=9 area=882 score=0.610 state=LINE_FOLLOW right_done=False park_done=False park_x=-1 cw_y=122 lane_turn_idx=0 turn_cluster=0 cw_event_idx=1[0m
[self_driving-10] [0m[INFO] [1782970976.662308161] [self_driving]: [CROSSWALK_METRIC] n=1 nearest={'cx': 49, 'cy': 204, 'w': 98, 'h': 9, 'area': 882, 'score': 0.6100000143051147} all=[{'cx': 49, 'cy': 204, 'w': 98, 'h': 9, 'area': 882, 'score': 0.6100000143051147}] event_idx=1[0m
[self_driving-10] [0m[INFO] [1782970976.670150994] [self_driving]: [OBJ_RAW] msg=102 raw_cls='crosswalk' norm_cls='crosswalk' cx=47 cy=122 w=95 h=11 area=1045 score=0.290 state=LINE_FOLLOW right_done=False park_done=False park_x=-1 cw_y=204 lane_turn_idx=0 turn_cluster=0 cw_event_idx=1[0m
[self_driving-10] [0m[INFO] [1782970976.984717383] [self_driving]: [OBJECTS] msg_count=103 n=1 names=['crosswalk'][0m
[self_driving-10] [0m[INFO] [1782970976.986100049] [self_driving]: [OBJ_RAW] msg=103 raw_cls='crosswalk' norm_cls='crosswalk' cx=48 cy=204 w=97 h=8 area=776 score=0.600 state=LINE_FOLLOW right_done=False park_done=False park_x=-1 cw_y=122 lane_turn_idx=0 turn_cluster=0 cw_event_idx=1[0m
[self_driving-10] [0m[INFO] [1782970976.989773068] [self_driving]: [CROSSWALK_METRIC] n=1 nearest={'cx': 48, 'cy': 204, 'w': 97, 'h': 8, 'area': 776, 'score': 0.6000000238418579} all=[{'cx': 48, 'cy': 204, 'w': 97, 'h': 8, 'area': 776, 'score': 0.6000000238418579}] event_idx=1[0m
[self_driving-10] [0m[INFO] [1782970977.002743716] [self_driving]: [OBJ_RAW] msg=104 raw_cls='crosswalk' norm_cls='crosswalk' cx=48 cy=178 w=94 h=11 area=1034 score=0.280 state=LINE_FOLLOW right_done=False park_done=False park_x=-1 cw_y=204 lane_turn_idx=0 turn_cluster=0 cw_event_idx=1[0m
[self_driving-10] [0m[INFO] [1782970977.305990382] [self_driving]: [OBJ_RAW] msg=105 raw_cls='crosswalk' norm_cls='crosswalk' cx=48 cy=204 w=97 h=9 area=873 score=0.590 state=LINE_FOLLOW right_done=False park_done=False park_x=-1 cw_y=178 lane_turn_idx=0 turn_cluster=0 cw_event_idx=1[0m
[self_driving-10] [0m[INFO] [1782970977.306803216] [self_driving]: [CROSSWALK_METRIC] n=1 nearest={'cx': 48, 'cy': 204, 'w': 97, 'h': 9, 'area': 873, 'score': 0.5899999737739563} all=[{'cx': 48, 'cy': 204, 'w': 97, 'h': 9, 'area': 873, 'score': 0.5899999737739563}] event_idx=1[0m
[self_driving-10] [0m[INFO] [1782970977.309507197] [self_driving]: [OBJ_RAW] msg=106 raw_cls='crosswalk' norm_cls='crosswalk' cx=50 cy=94 w=96 h=17 area=1632 score=0.360 state=LINE_FOLLOW right_done=False park_done=False park_x=-1 cw_y=204 lane_turn_idx=0 turn_cluster=0 cw_event_idx=1[0m
[self_driving-10] [0m[INFO] [1782970977.616718049] [self_driving]: [OBJECTS] msg_count=107 n=1 names=['crosswalk'][0m
[self_driving-10] [0m[INFO] [1782970977.617300549] [self_driving]: [OBJ_RAW] msg=107 raw_cls='crosswalk' norm_cls='crosswalk' cx=48 cy=204 w=97 h=8 area=776 score=0.630 state=LINE_FOLLOW right_done=False park_done=False park_x=-1 cw_y=94 lane_turn_idx=0 turn_cluster=0 cw_event_idx=1[0m
[self_driving-10] [0m[INFO] [1782970977.618033993] [self_driving]: [CROSSWALK_METRIC] n=1 nearest={'cx': 48, 'cy': 204, 'w': 97, 'h': 8, 'area': 776, 'score': 0.6299999952316284} all=[{'cx': 48, 'cy': 204, 'w': 97, 'h': 8, 'area': 776, 'score': 0.6299999952316284}] event_idx=1[0m
[self_driving-10] [0m[INFO] [1782970977.620829642] [self_driving]: [OBJ_RAW] msg=108 raw_cls='crosswalk' norm_cls='crosswalk' cx=50 cy=94 w=96 h=17 area=1632 score=0.320 state=LINE_FOLLOW right_done=False park_done=False park_x=-1 cw_y=204 lane_turn_idx=0 turn_cluster=0 cw_event_idx=1[0m
[self_driving-10] [0m[INFO] [1782970977.906516549] [self_driving]: [OBJ_RAW] msg=109 raw_cls='crosswalk' norm_cls='crosswalk' cx=49 cy=204 w=97 h=9 area=873 score=0.590 state=LINE_FOLLOW right_done=False park_done=False park_x=-1 cw_y=94 lane_turn_idx=0 turn_cluster=0 cw_event_idx=1[0m
[self_driving-10] [0m[INFO] [1782970977.908675419] [self_driving]: [OBJ_RAW] msg=110 raw_cls='crosswalk' norm_cls='crosswalk' cx=47 cy=149 w=95 h=11 area=1045 score=0.560 state=LINE_FOLLOW right_done=False park_done=False park_x=-1 cw_y=204 lane_turn_idx=0 turn_cluster=0 cw_event_idx=1[0m
[self_driving-10] [0m[INFO] [1782970977.910656678] [self_driving]: [OBJ_RAW] msg=111 raw_cls='crosswalk' norm_cls='crosswalk' cx=49 cy=94 w=97 h=17 area=1649 score=0.280 state=LINE_FOLLOW right_done=False park_done=False park_x=-1 cw_y=149 lane_turn_idx=0 turn_cluster=0 cw_event_idx=1[0m
[self_driving-10] [0m[INFO] [1782970977.914552104] [self_driving]: [OBJ_RAW] msg=112 raw_cls='crosswalk' norm_cls='crosswalk' cx=47 cy=122 w=93 h=11 area=1023 score=0.260 state=LINE_FOLLOW right_done=False park_done=False park_x=-1 cw_y=94 lane_turn_idx=0 turn_cluster=0 cw_event_idx=1[0m
[self_driving-10] [0m[INFO] [1782970978.139597993] [self_driving]: [IMAGE] received count=237 shape=(480, 640, 3) queue=0[0m
[self_driving-10] [0m[INFO] [1782970978.241613215] [self_driving]: [OBJECTS] msg_count=113 n=1 names=['crosswalk'][0m
[self_driving-10] [0m[INFO] [1782970978.242133752] [self_driving]: [OBJ_RAW] msg=113 raw_cls='crosswalk' norm_cls='crosswalk' cx=48 cy=204 w=97 h=9 area=873 score=0.620 state=LINE_FOLLOW right_done=False park_done=False park_x=-1 cw_y=122 lane_turn_idx=0 turn_cluster=0 cw_event_idx=1[0m
[self_driving-10] [0m[INFO] [1782970978.242948049] [self_driving]: [CROSSWALK_METRIC] n=1 nearest={'cx': 48, 'cy': 204, 'w': 97, 'h': 9, 'area': 873, 'score': 0.6200000047683716} all=[{'cx': 48, 'cy': 204, 'w': 97, 'h': 9, 'area': 873, 'score': 0.6200000047683716}] event_idx=1[0m
[self_driving-10] [0m[INFO] [1782970978.245088734] [self_driving]: [OBJ_RAW] msg=114 raw_cls='crosswalk' norm_cls='crosswalk' cx=50 cy=94 w=96 h=17 area=1632 score=0.300 state=LINE_FOLLOW right_done=False park_done=False park_x=-1 cw_y=204 lane_turn_idx=0 turn_cluster=0 cw_event_idx=1[0m
[self_driving-10] [0m[INFO] [1782970978.248666863] [self_driving]: [OBJ_RAW] msg=115 raw_cls='crosswalk' norm_cls='crosswalk' cx=48 cy=122 w=94 h=11 area=1034 score=0.270 state=LINE_FOLLOW right_done=False park_done=False park_x=-1 cw_y=94 lane_turn_idx=0 turn_cluster=0 cw_event_idx=1[0m
[self_driving-10] [0m[INFO] [1782970978.568726882] [self_driving]: [OBJ_RAW] msg=116 raw_cls='crosswalk' norm_cls='crosswalk' cx=48 cy=204 w=97 h=9 area=873 score=0.630 state=LINE_FOLLOW right_done=False park_done=False park_x=-1 cw_y=122 lane_turn_idx=0 turn_cluster=0 cw_event_idx=1[0m
[self_driving-10] [0m[INFO] [1782970978.569415289] [self_driving]: [CROSSWALK_METRIC] n=1 nearest={'cx': 48, 'cy': 204, 'w': 97, 'h': 9, 'area': 873, 'score': 0.6299999952316284} all=[{'cx': 48, 'cy': 204, 'w': 97, 'h': 9, 'area': 873, 'score': 0.6299999952316284}] event_idx=1[0m
[self_driving-10] [0m[INFO] [1782970978.571332771] [self_driving]: [OBJ_RAW] msg=117 raw_cls='crosswalk' norm_cls='crosswalk' cx=47 cy=149 w=95 h=10 area=950 score=0.580 state=LINE_FOLLOW right_done=False park_done=False park_x=-1 cw_y=204 lane_turn_idx=0 turn_cluster=0 cw_event_idx=1[0m
[self_driving-10] [0m[INFO] [1782970978.574037437] [self_driving]: [OBJ_RAW] msg=118 raw_cls='crosswalk' norm_cls='crosswalk' cx=50 cy=94 w=96 h=17 area=1632 score=0.330 state=LINE_FOLLOW right_done=False park_done=False park_x=-1 cw_y=149 lane_turn_idx=0 turn_cluster=0 cw_event_idx=1[0m
[self_driving-10] [0m[INFO] [1782970978.911747585] [self_driving]: [OBJECTS] msg_count=119 n=1 names=['crosswalk'][0m
[self_driving-10] [0m[INFO] [1782970978.912325011] [self_driving]: [OBJ_RAW] msg=119 raw_cls='crosswalk' norm_cls='crosswalk' cx=48 cy=204 w=97 h=9 area=873 score=0.570 state=LINE_FOLLOW right_done=False park_done=False park_x=-1 cw_y=94 lane_turn_idx=0 turn_cluster=0 cw_event_idx=1[0m
[self_driving-10] [0m[INFO] [1782970978.913186900] [self_driving]: [CROSSWALK_METRIC] n=1 nearest={'cx': 48, 'cy': 204, 'w': 97, 'h': 9, 'area': 873, 'score': 0.5699999928474426} all=[{'cx': 48, 'cy': 204, 'w': 97, 'h': 9, 'area': 873, 'score': 0.5699999928474426}] event_idx=1[0m
[self_driving-10] [0m[INFO] [1782970978.915216733] [self_driving]: [OBJ_RAW] msg=120 raw_cls='crosswalk' norm_cls='crosswalk' cx=50 cy=94 w=96 h=16 area=1536 score=0.370 state=LINE_FOLLOW right_done=False park_done=False park_x=-1 cw_y=204 lane_turn_idx=0 turn_cluster=0 cw_event_idx=1[0m
[self_driving-10] [0m[INFO] [1782970978.920002159] [self_driving]: [OBJ_RAW] msg=121 raw_cls='crosswalk' norm_cls='crosswalk' cx=48 cy=122 w=94 h=11 area=1034 score=0.350 state=LINE_FOLLOW right_done=False park_done=False park_x=-1 cw_y=94 lane_turn_idx=0 turn_cluster=0 cw_event_idx=1[0m
[self_driving-10] [0m[INFO] [1782970979.220176770] [self_driving]: [OBJ_RAW] msg=122 raw_cls='crosswalk' norm_cls='crosswalk' cx=48 cy=204 w=97 h=9 area=873 score=0.620 state=LINE_FOLLOW right_done=False park_done=False park_x=-1 cw_y=122 lane_turn_idx=0 turn_cluster=0 cw_event_idx=1[0m
[self_driving-10] [0m[INFO] [1782970979.220799270] [self_driving]: [CROSSWALK_METRIC] n=1 nearest={'cx': 48, 'cy': 204, 'w': 97, 'h': 9, 'area': 873, 'score': 0.6200000047683716} all=[{'cx': 48, 'cy': 204, 'w': 97, 'h': 9, 'area': 873, 'score': 0.6200000047683716}] event_idx=1[0m
[self_driving-10] [0m[INFO] [1782970979.223368474] [self_driving]: [OBJ_RAW] msg=123 raw_cls='crosswalk' norm_cls='crosswalk' cx=47 cy=122 w=95 h=11 area=1045 score=0.300 state=LINE_FOLLOW right_done=False park_done=False park_x=-1 cw_y=204 lane_turn_idx=0 turn_cluster=0 cw_event_idx=1[0m
[self_driving-10] [0m[INFO] [1782970979.225492918] [self_driving]: [OBJ_RAW] msg=124 raw_cls='crosswalk' norm_cls='crosswalk' cx=49 cy=94 w=97 h=18 area=1746 score=0.270 state=LINE_FOLLOW right_done=False park_done=False park_x=-1 cw_y=122 lane_turn_idx=0 turn_cluster=0 cw_event_idx=1[0m
[self_driving-10] [0m[INFO] [1782970979.227929918] [self_driving]: [OBJ_RAW] msg=125 raw_cls='crosswalk' norm_cls='crosswalk' cx=48 cy=178 w=94 h=11 area=1034 score=0.260 state=LINE_FOLLOW right_done=False park_done=False park_x=-1 cw_y=94 lane_turn_idx=0 turn_cluster=0 cw_event_idx=1[0m
[self_driving-10] [0m[INFO] [1782970979.234099511] [self_driving]: [OBJ_RAW] msg=126 raw_cls='crosswalk' norm_cls='crosswalk' cx=51 cy=232 w=102 h=12 area=1224 score=0.260 state=LINE_FOLLOW right_done=False park_done=False park_x=-1 cw_y=178 lane_turn_idx=0 turn_cluster=0 cw_event_idx=1[0m
[self_driving-10] [0m[INFO] [1782970979.532894307] [self_driving]: [OBJECTS] msg_count=127 n=1 names=['crosswalk'][0m
[self_driving-10] [0m[INFO] [1782970979.533412807] [self_driving]: [OBJ_RAW] msg=127 raw_cls='crosswalk' norm_cls='crosswalk' cx=48 cy=204 w=97 h=9 area=873 score=0.600 state=LINE_FOLLOW right_done=False park_done=False park_x=-1 cw_y=232 lane_turn_idx=0 turn_cluster=0 cw_event_idx=1[0m
[self_driving-10] [0m[INFO] [1782970979.534262307] [self_driving]: [CROSSWALK_METRIC] n=1 nearest={'cx': 48, 'cy': 204, 'w': 97, 'h': 9, 'area': 873, 'score': 0.6000000238418579} all=[{'cx': 48, 'cy': 204, 'w': 97, 'h': 9, 'area': 873, 'score': 0.6000000238418579}] event_idx=1[0m
[self_driving-10] [0m[INFO] [1782970979.536760177] [self_driving]: [OBJ_RAW] msg=128 raw_cls='crosswalk' norm_cls='crosswalk' cx=49 cy=94 w=95 h=17 area=1615 score=0.380 state=LINE_FOLLOW right_done=False park_done=False park_x=-1 cw_y=204 lane_turn_idx=0 turn_cluster=0 cw_event_idx=1[0m
[self_driving-10] [0m[INFO] [1782970979.544373122] [self_driving]: [OBJ_RAW] msg=129 raw_cls='crosswalk' norm_cls='crosswalk' cx=48 cy=178 w=94 h=11 area=1034 score=0.260 state=LINE_FOLLOW right_done=False park_done=False park_x=-1 cw_y=94 lane_turn_idx=0 turn_cluster=0 cw_event_idx=1[0m
[self_driving-10] [0m[INFO] [1782970979.838596455] [self_driving]: [OBJ_RAW] msg=130 raw_cls='crosswalk' norm_cls='crosswalk' cx=49 cy=204 w=97 h=9 area=873 score=0.610 state=LINE_FOLLOW right_done=False park_done=False park_x=-1 cw_y=178 lane_turn_idx=0 turn_cluster=0 cw_event_idx=1[0m
[self_driving-10] [0m[INFO] [1782970979.839200548] [self_driving]: [CROSSWALK_METRIC] n=1 nearest={'cx': 49, 'cy': 204, 'w': 97, 'h': 9, 'area': 873, 'score': 0.6100000143051147} all=[{'cx': 49, 'cy': 204, 'w': 97, 'h': 9, 'area': 873, 'score': 0.6100000143051147}] event_idx=1[0m
[self_driving-10] [0m[INFO] [1782970979.840906455] [self_driving]: [OBJ_RAW] msg=131 raw_cls='crosswalk' norm_cls='crosswalk' cx=48 cy=149 w=96 h=11 area=1056 score=0.420 state=LINE_FOLLOW right_done=False park_done=False park_x=-1 cw_y=204 lane_turn_idx=0 turn_cluster=0 cw_event_idx=1[0m
[self_driving-10] [0m[INFO] [1782970979.843139677] [self_driving]: [OBJ_RAW] msg=132 raw_cls='crosswalk' norm_cls='crosswalk' cx=49 cy=94 w=95 h=17 area=1615 score=0.330 state=LINE_FOLLOW right_done=False park_done=False park_x=-1 cw_y=149 lane_turn_idx=0 turn_cluster=0 cw_event_idx=1[0m
[self_driving-10] [0m[INFO] [1782970979.846276362] [self_driving]: [OBJ_RAW] msg=133 raw_cls='crosswalk' norm_cls='crosswalk' cx=48 cy=122 w=94 h=11 area=1034 score=0.260 state=LINE_FOLLOW right_done=False park_done=False park_x=-1 cw_y=94 lane_turn_idx=0 turn_cluster=0 cw_event_idx=1[0m
[self_driving-10] [0m[INFO] [1782970980.142577603] [self_driving]: [OBJECTS] msg_count=134 n=1 names=['crosswalk'][0m
[self_driving-10] [0m[INFO] [1782970980.143718047] [self_driving]: [OBJ_RAW] msg=134 raw_cls='crosswalk' norm_cls='crosswalk' cx=48 cy=204 w=97 h=9 area=873 score=0.590 state=LINE_FOLLOW right_done=False park_done=False park_x=-1 cw_y=122 lane_turn_idx=0 turn_cluster=0 cw_event_idx=1[0m
[self_driving-10] [0m[INFO] [1782970980.145920899] [self_driving]: [CROSSWALK_METRIC] n=1 nearest={'cx': 48, 'cy': 204, 'w': 97, 'h': 9, 'area': 873, 'score': 0.5899999737739563} all=[{'cx': 48, 'cy': 204, 'w': 97, 'h': 9, 'area': 873, 'score': 0.5899999737739563}] event_idx=1[0m
[self_driving-10] [0m[INFO] [1782970980.149044807] [self_driving]: [OBJ_RAW] msg=135 raw_cls='crosswalk' norm_cls='crosswalk' cx=49 cy=94 w=97 h=17 area=1649 score=0.300 state=LINE_FOLLOW right_done=False park_done=False park_x=-1 cw_y=204 lane_turn_idx=0 turn_cluster=0 cw_event_idx=1[0m
[self_driving-10] [0m[INFO] [1782970980.162266362] [self_driving]: [IMAGE] received count=267 shape=(480, 640, 3) queue=0[0m
[self_driving-10] [0m[INFO] [1782970980.445000362] [self_driving]: [OBJ_RAW] msg=136 raw_cls='crosswalk' norm_cls='crosswalk' cx=48 cy=204 w=97 h=9 area=873 score=0.560 state=LINE_FOLLOW right_done=False park_done=False park_x=-1 cw_y=94 lane_turn_idx=0 turn_cluster=0 cw_event_idx=1[0m
[self_driving-10] [0m[INFO] [1782970980.445568325] [self_driving]: [CROSSWALK_METRIC] n=1 nearest={'cx': 48, 'cy': 204, 'w': 97, 'h': 9, 'area': 873, 'score': 0.5600000023841858} all=[{'cx': 48, 'cy': 204, 'w': 97, 'h': 9, 'area': 873, 'score': 0.5600000023841858}] event_idx=1[0m
[self_driving-10] [0m[INFO] [1782970980.447453325] [self_driving]: [OBJ_RAW] msg=137 raw_cls='crosswalk' norm_cls='crosswalk' cx=48 cy=149 w=96 h=11 area=1056 score=0.490 state=LINE_FOLLOW right_done=False park_done=False park_x=-1 cw_y=204 lane_turn_idx=0 turn_cluster=0 cw_event_idx=1[0m
[self_driving-10] [0m[INFO] [1782970980.450711807] [self_driving]: [OBJ_RAW] msg=138 raw_cls='crosswalk' norm_cls='crosswalk' cx=49 cy=94 w=97 h=18 area=1746 score=0.370 state=LINE_FOLLOW right_done=False park_done=False park_x=-1 cw_y=149 lane_turn_idx=0 turn_cluster=0 cw_event_idx=1[0m
[self_driving-10] [0m[INFO] [1782970980.741108158] [self_driving]: [OBJECTS] msg_count=139 n=1 names=['crosswalk'][0m
[self_driving-10] [0m[INFO] [1782970980.741652751] [self_driving]: [OBJ_RAW] msg=139 raw_cls='crosswalk' norm_cls='crosswalk' cx=48 cy=204 w=97 h=9 area=873 score=0.610 state=LINE_FOLLOW right_done=False park_done=False park_x=-1 cw_y=94 lane_turn_idx=0 turn_cluster=0 cw_event_idx=1[0m
[self_driving-10] [0m[INFO] [1782970980.743941455] [self_driving]: [OBJ_RAW] msg=140 raw_cls='crosswalk' norm_cls='crosswalk' cx=49 cy=94 w=97 h=16 area=1552 score=0.340 state=LINE_FOLLOW right_done=False park_done=False park_x=-1 cw_y=204 lane_turn_idx=0 turn_cluster=0 cw_event_idx=1[0m
[self_driving-10] [0m[INFO] [1782970980.748165436] [self_driving]: [OBJ_RAW] msg=141 raw_cls='crosswalk' norm_cls='crosswalk' cx=48 cy=122 w=94 h=11 area=1034 score=0.250 state=LINE_FOLLOW right_done=False park_done=False park_x=-1 cw_y=94 lane_turn_idx=0 turn_cluster=0 cw_event_idx=1[0m
[self_driving-10] [0m[INFO] [1782970980.751269251] [self_driving]: [CROSSWALK_METRIC] n=1 nearest={'cx': 48, 'cy': 122, 'w': 94, 'h': 11, 'area': 1034, 'score': 0.25} all=[{'cx': 48, 'cy': 122, 'w': 94, 'h': 11, 'area': 1034, 'score': 0.25}] event_idx=1[0m
[self_driving-10] [0m[INFO] [1782970981.078406362] [self_driving]: [OBJ_RAW] msg=142 raw_cls='crosswalk' norm_cls='crosswalk' cx=48 cy=204 w=97 h=9 area=873 score=0.640 state=LINE_FOLLOW right_done=False park_done=False park_x=-1 cw_y=122 lane_turn_idx=0 turn_cluster=0 cw_event_idx=1[0m
[self_driving-10] [0m[INFO] [1782970981.079171899] [self_driving]: [CROSSWALK_METRIC] n=1 nearest={'cx': 48, 'cy': 204, 'w': 97, 'h': 9, 'area': 873, 'score': 0.6399999856948853} all=[{'cx': 48, 'cy': 204, 'w': 97, 'h': 9, 'area': 873, 'score': 0.6399999856948853}] event_idx=1[0m
[self_driving-10] [0m[INFO] [1782970981.081335065] [self_driving]: [OBJ_RAW] msg=143 raw_cls='crosswalk' norm_cls='crosswalk' cx=48 cy=149 w=96 h=11 area=1056 score=0.460 state=LINE_FOLLOW right_done=False park_done=False park_x=-1 cw_y=204 lane_turn_idx=0 turn_cluster=0 cw_event_idx=1[0m
[self_driving-10] [0m[INFO] [1782970981.086855028] [self_driving]: [OBJ_RAW] msg=144 raw_cls='crosswalk' norm_cls='crosswalk' cx=47 cy=122 w=95 h=11 area=1045 score=0.290 state=LINE_FOLLOW right_done=False park_done=False park_x=-1 cw_y=149 lane_turn_idx=0 turn_cluster=0 cw_event_idx=1[0m
[self_driving-10] [0m[INFO] [1782970981.396571121] [self_driving]: [OBJECTS] msg_count=145 n=1 names=['crosswalk'][0m
[self_driving-10] [0m[INFO] [1782970981.397082510] [self_driving]: [OBJ_RAW] msg=145 raw_cls='crosswalk' norm_cls='crosswalk' cx=48 cy=149 w=96 h=10 area=960 score=0.550 state=LINE_FOLLOW right_done=False park_done=False park_x=-1 cw_y=122 lane_turn_idx=0 turn_cluster=0 cw_event_idx=1[0m
[self_driving-10] [0m[INFO] [1782970981.397776936] [self_driving]: [CROSSWALK_METRIC] n=1 nearest={'cx': 48, 'cy': 149, 'w': 96, 'h': 10, 'area': 960, 'score': 0.550000011920929} all=[{'cx': 48, 'cy': 149, 'w': 96, 'h': 10, 'area': 960, 'score': 0.550000011920929}] event_idx=1[0m
[self_driving-10] [0m[INFO] [1782970981.400165454] [self_driving]: [OBJ_RAW] msg=146 raw_cls='crosswalk' norm_cls='crosswalk' cx=49 cy=94 w=97 h=18 area=1746 score=0.290 state=LINE_FOLLOW right_done=False park_done=False park_x=-1 cw_y=149 lane_turn_idx=0 turn_cluster=0 cw_event_idx=1[0m
[self_driving-10] [0m[INFO] [1782970981.403730139] [self_driving]: [OBJ_RAW] msg=147 raw_cls='crosswalk' norm_cls='crosswalk' cx=48 cy=122 w=94 h=11 area=1034 score=0.250 state=LINE_FOLLOW right_done=False park_done=False park_x=-1 cw_y=94 lane_turn_idx=0 turn_cluster=0 cw_event_idx=1[0m
[self_driving-10] [0m[INFO] [1782970981.697127047] [self_driving]: [OBJ_RAW] msg=148 raw_cls='crosswalk' norm_cls='crosswalk' cx=48 cy=204 w=97 h=8 area=776 score=0.610 state=LINE_FOLLOW right_done=False park_done=False park_x=-1 cw_y=122 lane_turn_idx=0 turn_cluster=0 cw_event_idx=1[0m
[self_driving-10] [0m[INFO] [1782970981.697860010] [self_driving]: [CROSSWALK_METRIC] n=1 nearest={'cx': 48, 'cy': 204, 'w': 97, 'h': 8, 'area': 776, 'score': 0.6100000143051147} all=[{'cx': 48, 'cy': 204, 'w': 97, 'h': 8, 'area': 776, 'score': 0.6100000143051147}] event_idx=1[0m
[self_driving-10] [0m[INFO] [1782970981.700329898] [self_driving]: [OBJ_RAW] msg=149 raw_cls='crosswalk' norm_cls='crosswalk' cx=49 cy=94 w=96 h=17 area=1632 score=0.320 state=LINE_FOLLOW right_done=False park_done=False park_x=-1 cw_y=204 lane_turn_idx=0 turn_cluster=0 cw_event_idx=1[0m
[self_driving-10] [0m[INFO] [1782970981.703156065] [self_driving]: [OBJ_RAW] msg=150 raw_cls='crosswalk' norm_cls='crosswalk' cx=48 cy=179 w=94 h=12 area=1128 score=0.290 state=LINE_FOLLOW right_done=False park_done=False park_x=-1 cw_y=94 lane_turn_idx=0 turn_cluster=0 cw_event_idx=1[0m
[self_driving-10] [0m[INFO] [1782970981.712630787] [self_driving]: [OBJ_RAW] msg=151 raw_cls='crosswalk' norm_cls='crosswalk' cx=48 cy=122 w=94 h=11 area=1034 score=0.280 state=LINE_FOLLOW right_done=False park_done=False park_x=-1 cw_y=179 lane_turn_idx=0 turn_cluster=0 cw_event_idx=1[0m
[self_driving-10] [0m[INFO] [1782970982.018649972] [self_driving]: [OBJECTS] msg_count=152 n=1 names=['crosswalk'][0m
[self_driving-10] [0m[INFO] [1782970982.019248694] [self_driving]: [OBJ_RAW] msg=152 raw_cls='crosswalk' norm_cls='crosswalk' cx=49 cy=204 w=97 h=9 area=873 score=0.590 state=LINE_FOLLOW right_done=False park_done=False park_x=-1 cw_y=122 lane_turn_idx=0 turn_cluster=0 cw_event_idx=1[0m
[self_driving-10] [0m[INFO] [1782970982.019847213] [self_driving]: [CROSSWALK_METRIC] n=1 nearest={'cx': 49, 'cy': 204, 'w': 97, 'h': 9, 'area': 873, 'score': 0.5899999737739563} all=[{'cx': 49, 'cy': 204, 'w': 97, 'h': 9, 'area': 873, 'score': 0.5899999737739563}] event_idx=1[0m
[self_driving-10] [0m[INFO] [1782970982.024541269] [self_driving]: [OBJ_RAW] msg=153 raw_cls='crosswalk' norm_cls='crosswalk' cx=50 cy=94 w=96 h=18 area=1728 score=0.320 state=LINE_FOLLOW right_done=False park_done=False park_x=-1 cw_y=204 lane_turn_idx=0 turn_cluster=0 cw_event_idx=1[0m
[self_driving-10] [0m[INFO] [1782970982.165892417] [self_driving]: [IMAGE] received count=297 shape=(480, 640, 3) queue=0[0m
[self_driving-10] [0m[INFO] [1782970982.323999213] [self_driving]: [OBJ_RAW] msg=154 raw_cls='crosswalk' norm_cls='crosswalk' cx=49 cy=204 w=98 h=8 area=784 score=0.590 state=LINE_FOLLOW right_done=False park_done=False park_x=-1 cw_y=94 lane_turn_idx=0 turn_cluster=0 cw_event_idx=1[0m
[self_driving-10] [0m[INFO] [1782970982.325216880] [self_driving]: [CROSSWALK_METRIC] n=1 nearest={'cx': 49, 'cy': 204, 'w': 98, 'h': 8, 'area': 784, 'score': 0.5899999737739563} all=[{'cx': 49, 'cy': 204, 'w': 98, 'h': 8, 'area': 784, 'score': 0.5899999737739563}] event_idx=1[0m
[self_driving-10] [0m[INFO] [1782970982.327720379] [self_driving]: [OBJ_RAW] msg=155 raw_cls='crosswalk' norm_cls='crosswalk' cx=49 cy=94 w=95 h=17 area=1615 score=0.350 state=LINE_FOLLOW right_done=False park_done=False park_x=-1 cw_y=204 lane_turn_idx=0 turn_cluster=0 cw_event_idx=1[0m
[self_driving-10] [0m[INFO] [1782970982.330565194] [self_driving]: [OBJ_RAW] msg=156 raw_cls='crosswalk' norm_cls='crosswalk' cx=48 cy=122 w=94 h=11 area=1034 score=0.280 state=LINE_FOLLOW right_done=False park_done=False park_x=-1 cw_y=94 lane_turn_idx=0 turn_cluster=0 cw_event_idx=1[0m
[self_driving-10] [0m[INFO] [1782970982.627042879] [self_driving]: [OBJECTS] msg_count=157 n=1 names=['crosswalk'][0m
[self_driving-10] [0m[INFO] [1782970982.627885620] [self_driving]: [OBJ_RAW] msg=157 raw_cls='crosswalk' norm_cls='crosswalk' cx=49 cy=204 w=98 h=9 area=882 score=0.620 state=LINE_FOLLOW right_done=False park_done=False park_x=-1 cw_y=122 lane_turn_idx=0 turn_cluster=0 cw_event_idx=1[0m
[self_driving-10] [0m[INFO] [1782970982.628747139] [self_driving]: [CROSSWALK_METRIC] n=1 nearest={'cx': 49, 'cy': 204, 'w': 98, 'h': 9, 'area': 882, 'score': 0.6200000047683716} all=[{'cx': 49, 'cy': 204, 'w': 98, 'h': 9, 'area': 882, 'score': 0.6200000047683716}] event_idx=1[0m
[self_driving-10] [0m[INFO] [1782970982.632904861] [self_driving]: [OBJ_RAW] msg=158 raw_cls='crosswalk' norm_cls='crosswalk' cx=49 cy=94 w=97 h=18 area=1746 score=0.350 state=LINE_FOLLOW right_done=False park_done=False park_x=-1 cw_y=204 lane_turn_idx=0 turn_cluster=0 cw_event_idx=1[0m
[self_driving-10] [0m[INFO] [1782970982.929109638] [self_driving]: [OBJ_RAW] msg=159 raw_cls='crosswalk' norm_cls='crosswalk' cx=48 cy=149 w=96 h=10 area=960 score=0.570 state=LINE_FOLLOW right_done=False park_done=False park_x=-1 cw_y=94 lane_turn_idx=0 turn_cluster=0 cw_event_idx=1[0m
[self_driving-10] [0m[INFO] [1782970982.929715287] [self_driving]: [CROSSWALK_METRIC] n=1 nearest={'cx': 48, 'cy': 149, 'w': 96, 'h': 10, 'area': 960, 'score': 0.5699999928474426} all=[{'cx': 48, 'cy': 149, 'w': 96, 'h': 10, 'area': 960, 'score': 0.5699999928474426}] event_idx=1[0m
[self_driving-10] [0m[INFO] [1782970982.933233916] [self_driving]: [OBJ_RAW] msg=160 raw_cls='crosswalk' norm_cls='crosswalk' cx=48 cy=204 w=97 h=9 area=873 score=0.570 state=LINE_FOLLOW right_done=False park_done=False park_x=-1 cw_y=149 lane_turn_idx=0 turn_cluster=0 cw_event_idx=1[0m
[self_driving-10] [0m[INFO] [1782970982.939871805] [self_driving]: [OBJ_RAW] msg=161 raw_cls='crosswalk' norm_cls='crosswalk' cx=50 cy=94 w=96 h=18 area=1728 score=0.340 state=LINE_FOLLOW right_done=False park_done=False park_x=-1 cw_y=204 lane_turn_idx=0 turn_cluster=0 cw_event_idx=1[0m
[self_driving-10] [0m[INFO] [1782970983.262014286] [self_driving]: [OBJECTS] msg_count=162 n=1 names=['crosswalk'][0m
[self_driving-10] [0m[INFO] [1782970983.262501934] [self_driving]: [OBJ_RAW] msg=162 raw_cls='crosswalk' norm_cls='crosswalk' cx=49 cy=204 w=98 h=9 area=882 score=0.560 state=LINE_FOLLOW right_done=False park_done=False park_x=-1 cw_y=94 lane_turn_idx=0 turn_cluster=0 cw_event_idx=1[0m
[self_driving-10] [0m[INFO] [1782970983.264325323] [self_driving]: [CROSSWALK_METRIC] n=1 nearest={'cx': 49, 'cy': 204, 'w': 98, 'h': 9, 'area': 882, 'score': 0.5600000023841858} all=[{'cx': 49, 'cy': 204, 'w': 98, 'h': 9, 'area': 882, 'score': 0.5600000023841858}] event_idx=1[0m
[self_driving-10] [0m[INFO] [1782970983.270871305] [self_driving]: [OBJ_RAW] msg=163 raw_cls='crosswalk' norm_cls='crosswalk' cx=49 cy=94 w=97 h=17 area=1649 score=0.270 state=LINE_FOLLOW right_done=False park_done=False park_x=-1 cw_y=204 lane_turn_idx=0 turn_cluster=0 cw_event_idx=1[0m
[self_driving-10] [0m[INFO] [1782970983.581061712] [self_driving]: [OBJ_RAW] msg=164 raw_cls='crosswalk' norm_cls='crosswalk' cx=48 cy=204 w=97 h=9 area=873 score=0.570 state=LINE_FOLLOW right_done=False park_done=False park_x=-1 cw_y=94 lane_turn_idx=0 turn_cluster=0 cw_event_idx=1[0m
[self_driving-10] [0m[INFO] [1782970983.581712249] [self_driving]: [CROSSWALK_METRIC] n=1 nearest={'cx': 48, 'cy': 204, 'w': 97, 'h': 9, 'area': 873, 'score': 0.5699999928474426} all=[{'cx': 48, 'cy': 204, 'w': 97, 'h': 9, 'area': 873, 'score': 0.5699999928474426}] event_idx=1[0m
[self_driving-10] [0m[INFO] [1782970983.585130027] [self_driving]: [OBJ_RAW] msg=165 raw_cls='crosswalk' norm_cls='crosswalk' cx=48 cy=149 w=96 h=11 area=1056 score=0.440 state=LINE_FOLLOW right_done=False park_done=False park_x=-1 cw_y=204 lane_turn_idx=0 turn_cluster=0 cw_event_idx=1[0m
[self_driving-10] [0m[INFO] [1782970983.596112638] [self_driving]: [OBJ_RAW] msg=166 raw_cls='crosswalk' norm_cls='crosswalk' cx=50 cy=94 w=96 h=17 area=1632 score=0.300 state=LINE_FOLLOW right_done=False park_done=False park_x=-1 cw_y=149 lane_turn_idx=0 turn_cluster=0 cw_event_idx=1[0m
[self_driving-10] [0m[INFO] [1782970983.889444008] [self_driving]: [OBJECTS] msg_count=167 n=1 names=['crosswalk'][0m
[self_driving-10] [0m[INFO] [1782970983.889938545] [self_driving]: [OBJ_RAW] msg=167 raw_cls='crosswalk' norm_cls='crosswalk' cx=48 cy=204 w=97 h=9 area=873 score=0.530 state=LINE_FOLLOW right_done=False park_done=False park_x=-1 cw_y=94 lane_turn_idx=0 turn_cluster=0 cw_event_idx=1[0m
[self_driving-10] [0m[INFO] [1782970983.890574953] [self_driving]: [CROSSWALK_METRIC] n=1 nearest={'cx': 48, 'cy': 204, 'w': 97, 'h': 9, 'area': 873, 'score': 0.5299999713897705} all=[{'cx': 48, 'cy': 204, 'w': 97, 'h': 9, 'area': 873, 'score': 0.5299999713897705}] event_idx=1[0m
[self_driving-10] [0m[INFO] [1782970983.894024027] [self_driving]: [OBJ_RAW] msg=168 raw_cls='crosswalk' norm_cls='crosswalk' cx=48 cy=149 w=96 h=10 area=960 score=0.520 state=LINE_FOLLOW right_done=False park_done=False park_x=-1 cw_y=204 lane_turn_idx=0 turn_cluster=0 cw_event_idx=1[0m
[self_driving-10] [0m[INFO] [1782970983.897859471] [self_driving]: [OBJ_RAW] msg=169 raw_cls='crosswalk' norm_cls='crosswalk' cx=50 cy=94 w=96 h=17 area=1632 score=0.310 state=LINE_FOLLOW right_done=False park_done=False park_x=-1 cw_y=149 lane_turn_idx=0 turn_cluster=0 cw_event_idx=1[0m
[self_driving-10] [0m[INFO] [1782970984.199305101] [self_driving]: [IMAGE] received count=327 shape=(480, 640, 3) queue=0[0m
[self_driving-10] [0m[INFO] [1782970984.205771471] [self_driving]: [OBJ_RAW] msg=170 raw_cls='crosswalk' norm_cls='crosswalk' cx=49 cy=204 w=98 h=9 area=882 score=0.520 state=LINE_FOLLOW right_done=False park_done=False park_x=-1 cw_y=94 lane_turn_idx=0 turn_cluster=0 cw_event_idx=1[0m
[self_driving-10] [0m[INFO] [1782970984.206551027] [self_driving]: [CROSSWALK_METRIC] n=1 nearest={'cx': 49, 'cy': 204, 'w': 98, 'h': 9, 'area': 882, 'score': 0.5199999809265137} all=[{'cx': 49, 'cy': 204, 'w': 98, 'h': 9, 'area': 882, 'score': 0.5199999809265137}] event_idx=1[0m
[self_driving-10] [0m[INFO] [1782970984.209075619] [self_driving]: [OBJ_RAW] msg=171 raw_cls='crosswalk' norm_cls='crosswalk' cx=48 cy=122 w=94 h=11 area=1034 score=0.320 state=LINE_FOLLOW right_done=False park_done=False park_x=-1 cw_y=204 lane_turn_idx=0 turn_cluster=0 cw_event_idx=1[0m
[self_driving-10] [0m[INFO] [1782970984.215158212] [self_driving]: [OBJ_RAW] msg=172 raw_cls='crosswalk' norm_cls='crosswalk' cx=50 cy=94 w=96 h=17 area=1632 score=0.320 state=LINE_FOLLOW right_done=False park_done=False park_x=-1 cw_y=122 lane_turn_idx=0 turn_cluster=0 cw_event_idx=1[0m
[self_driving-10] [0m[INFO] [1782970984.515524119] [self_driving]: [OBJECTS] msg_count=173 n=1 names=['crosswalk'][0m
[self_driving-10] [0m[INFO] [1782970984.516146878] [self_driving]: [OBJ_RAW] msg=173 raw_cls='crosswalk' norm_cls='crosswalk' cx=48 cy=204 w=97 h=9 area=873 score=0.500 state=LINE_FOLLOW right_done=False park_done=False park_x=-1 cw_y=94 lane_turn_idx=0 turn_cluster=0 cw_event_idx=1[0m
[self_driving-10] [0m[INFO] [1782970984.516844841] [self_driving]: [CROSSWALK_METRIC] n=1 nearest={'cx': 48, 'cy': 204, 'w': 97, 'h': 9, 'area': 873, 'score': 0.5} all=[{'cx': 48, 'cy': 204, 'w': 97, 'h': 9, 'area': 873, 'score': 0.5}] event_idx=1[0m
[self_driving-10] [0m[INFO] [1782970984.518752545] [self_driving]: [OBJ_RAW] msg=174 raw_cls='crosswalk' norm_cls='crosswalk' cx=48 cy=149 w=97 h=11 area=1067 score=0.380 state=LINE_FOLLOW right_done=False park_done=False park_x=-1 cw_y=204 lane_turn_idx=0 turn_cluster=0 cw_event_idx=1[0m
[self_driving-10] [0m[INFO] [1782970984.522101193] [self_driving]: [OBJ_RAW] msg=175 raw_cls='crosswalk' norm_cls='crosswalk' cx=47 cy=122 w=95 h=11 area=1045 score=0.250 state=LINE_FOLLOW right_done=False park_done=False park_x=-1 cw_y=149 lane_turn_idx=0 turn_cluster=0 cw_event_idx=1[0m
[self_driving-10] [0m[INFO] [1782970984.827679656] [self_driving]: [OBJ_RAW] msg=176 raw_cls='crosswalk' norm_cls='crosswalk' cx=48 cy=204 w=97 h=9 area=873 score=0.560 state=LINE_FOLLOW right_done=False park_done=False park_x=-1 cw_y=122 lane_turn_idx=0 turn_cluster=0 cw_event_idx=1[0m
[self_driving-10] [0m[INFO] [1782970984.828434119] [self_driving]: [CROSSWALK_METRIC] n=1 nearest={'cx': 48, 'cy': 204, 'w': 97, 'h': 9, 'area': 873, 'score': 0.5600000023841858} all=[{'cx': 48, 'cy': 204, 'w': 97, 'h': 9, 'area': 873, 'score': 0.5600000023841858}] event_idx=1[0m
[self_driving-10] [0m[INFO] [1782970984.830494434] [self_driving]: [OBJ_RAW] msg=177 raw_cls='crosswalk' norm_cls='crosswalk' cx=50 cy=94 w=96 h=18 area=1728 score=0.310 state=LINE_FOLLOW right_done=False park_done=False park_x=-1 cw_y=204 lane_turn_idx=0 turn_cluster=0 cw_event_idx=1[0m
[self_driving-10] [0m[INFO] [1782970984.833842045] [self_driving]: [OBJ_RAW] msg=178 raw_cls='crosswalk' norm_cls='crosswalk' cx=48 cy=122 w=94 h=11 area=1034 score=0.250 state=LINE_FOLLOW right_done=False park_done=False park_x=-1 cw_y=94 lane_turn_idx=0 turn_cluster=0 cw_event_idx=1[0m
[self_driving-10] [0m[INFO] [1782970985.153992044] [self_driving]: [OBJECTS] msg_count=179 n=1 names=['crosswalk'][0m
[self_driving-10] [0m[INFO] [1782970985.154552359] [self_driving]: [OBJ_RAW] msg=179 raw_cls='crosswalk' norm_cls='crosswalk' cx=48 cy=204 w=97 h=9 area=873 score=0.540 state=LINE_FOLLOW right_done=False park_done=False park_x=-1 cw_y=122 lane_turn_idx=0 turn_cluster=0 cw_event_idx=1[0m
[self_driving-10] [0m[INFO] [1782970985.155810582] [self_driving]: [CROSSWALK_METRIC] n=1 nearest={'cx': 48, 'cy': 204, 'w': 97, 'h': 9, 'area': 873, 'score': 0.5400000214576721} all=[{'cx': 48, 'cy': 204, 'w': 97, 'h': 9, 'area': 873, 'score': 0.5400000214576721}] event_idx=1[0m
[self_driving-10] [0m[INFO] [1782970985.160375007] [self_driving]: [OBJ_RAW] msg=180 raw_cls='crosswalk' norm_cls='crosswalk' cx=48 cy=122 w=96 h=11 area=1056 score=0.260 state=LINE_FOLLOW right_done=False park_done=False park_x=-1 cw_y=204 lane_turn_idx=0 turn_cluster=0 cw_event_idx=1[0m
[self_driving-10] [0m[INFO] [1782970986.205192822] [self_driving]: [IMAGE] received count=357 shape=(480, 640, 3) queue=0[0m
[self_driving-10] [0m[INFO] [1782970988.229064469] [self_driving]: [IMAGE] received count=387 shape=(480, 640, 3) queue=0[0m
[self_driving-10] [0m[INFO] [1782970990.235195153] [self_driving]: [IMAGE] received count=417 shape=(480, 640, 3) queue=0[0m
[self_driving-10] [0m[INFO] [1782970992.268923651] [self_driving]: [IMAGE] received count=446 shape=(480, 640, 3) queue=0[0m
[self_driving-10] [0m[INFO] [1782970993.616881502] [self_driving]: [OBJECTS] msg_count=181 n=1 names=['crosswalk'][0m
[self_driving-10] [0m[INFO] [1782970993.618640780] [self_driving]: [OBJ_RAW] msg=181 raw_cls='crosswalk' norm_cls='crosswalk' cx=47 cy=87 w=94 h=22 area=2068 score=0.640 state=LINE_FOLLOW right_done=False park_done=False park_x=-1 cw_y=122 lane_turn_idx=0 turn_cluster=0 cw_event_idx=1[0m
[self_driving-10] [0m[INFO] [1782970993.619275521] [self_driving]: [CROSSWALK_METRIC] n=1 nearest={'cx': 47, 'cy': 87, 'w': 94, 'h': 22, 'area': 2068, 'score': 0.6399999856948853} all=[{'cx': 47, 'cy': 87, 'w': 94, 'h': 22, 'area': 2068, 'score': 0.6399999856948853}] event_idx=1[0m
[self_driving-10] [0m[INFO] [1782970993.913554595] [self_driving]: [OBJ_RAW] msg=182 raw_cls='crosswalk' norm_cls='crosswalk' cx=37 cy=79 w=74 h=21 area=1554 score=0.570 state=LINE_FOLLOW right_done=False park_done=False park_x=-1 cw_y=87 lane_turn_idx=0 turn_cluster=0 cw_event_idx=1[0m
[self_driving-10] [0m[INFO] [1782970994.225518835] [self_driving]: [OBJECTS] msg_count=183 n=1 names=['crosswalk'][0m
[self_driving-10] [0m[INFO] [1782970994.226374539] [self_driving]: [OBJ_RAW] msg=183 raw_cls='crosswalk' norm_cls='crosswalk' cx=37 cy=82 w=75 h=20 area=1500 score=0.360 state=LINE_FOLLOW right_done=False park_done=False park_x=-1 cw_y=79 lane_turn_idx=0 turn_cluster=0 cw_event_idx=1[0m
[self_driving-10] [0m[INFO] [1782970994.228363206] [self_driving]: [CROSSWALK_METRIC] n=1 nearest={'cx': 37, 'cy': 82, 'w': 75, 'h': 20, 'area': 1500, 'score': 0.36000001430511475} all=[{'cx': 37, 'cy': 82, 'w': 75, 'h': 20, 'area': 1500, 'score': 0.36000001430511475}] event_idx=1[0m
[self_driving-10] [0m[INFO] [1782970994.291274187] [self_driving]: [IMAGE] received count=476 shape=(480, 640, 3) queue=0[0m
[self_driving-10] [0m[INFO] [1782970994.531946854] [self_driving]: [OBJ_RAW] msg=184 raw_cls='crosswalk' norm_cls='crosswalk' cx=37 cy=82 w=75 h=20 area=1500 score=0.430 state=LINE_FOLLOW right_done=False park_done=False park_x=-1 cw_y=82 lane_turn_idx=0 turn_cluster=0 cw_event_idx=1[0m
[self_driving-10] [0m[INFO] [1782970994.536886983] [self_driving]: [CROSSWALK_METRIC] n=1 nearest={'cx': 37, 'cy': 82, 'w': 75, 'h': 20, 'area': 1500, 'score': 0.4300000071525574} all=[{'cx': 37, 'cy': 82, 'w': 75, 'h': 20, 'area': 1500, 'score': 0.4300000071525574}] event_idx=1[0m
[self_driving-10] [0m[INFO] [1782970994.828400816] [self_driving]: [OBJECTS] msg_count=185 n=1 names=['crosswalk'][0m
[self_driving-10] [0m[INFO] [1782970994.829074372] [self_driving]: [OBJ_RAW] msg=185 raw_cls='crosswalk' norm_cls='crosswalk' cx=37 cy=82 w=75 h=20 area=1500 score=0.370 state=LINE_FOLLOW right_done=False park_done=False park_x=-1 cw_y=82 lane_turn_idx=0 turn_cluster=0 cw_event_idx=1[0m
[self_driving-10] [0m[INFO] [1782970995.130664168] [self_driving]: [OBJ_RAW] msg=186 raw_cls='crosswalk' norm_cls='crosswalk' cx=37 cy=82 w=75 h=20 area=1500 score=0.360 state=LINE_FOLLOW right_done=False park_done=False park_x=-1 cw_y=82 lane_turn_idx=0 turn_cluster=0 cw_event_idx=1[0m
[self_driving-10] [0m[INFO] [1782970995.132178872] [self_driving]: [CROSSWALK_METRIC] n=1 nearest={'cx': 37, 'cy': 82, 'w': 75, 'h': 20, 'area': 1500, 'score': 0.36000001430511475} all=[{'cx': 37, 'cy': 82, 'w': 75, 'h': 20, 'area': 1500, 'score': 0.36000001430511475}] event_idx=1[0m
[self_driving-10] [0m[INFO] [1782970995.435168149] [self_driving]: [OBJECTS] msg_count=187 n=1 names=['crosswalk'][0m
[self_driving-10] [0m[INFO] [1782970995.435912853] [self_driving]: [OBJ_RAW] msg=187 raw_cls='crosswalk' norm_cls='crosswalk' cx=37 cy=82 w=75 h=20 area=1500 score=0.400 state=LINE_FOLLOW right_done=False park_done=False park_x=-1 cw_y=82 lane_turn_idx=0 turn_cluster=0 cw_event_idx=1[0m
[self_driving-10] [0m[INFO] [1782970995.437667853] [self_driving]: [CROSSWALK_METRIC] n=1 nearest={'cx': 37, 'cy': 82, 'w': 75, 'h': 20, 'area': 1500, 'score': 0.4000000059604645} all=[{'cx': 37, 'cy': 82, 'w': 75, 'h': 20, 'area': 1500, 'score': 0.4000000059604645}] event_idx=1[0m
[self_driving-10] [0m[INFO] [1782970995.758370464] [self_driving]: [OBJ_RAW] msg=188 raw_cls='crosswalk' norm_cls='crosswalk' cx=37 cy=82 w=75 h=20 area=1500 score=0.430 state=LINE_FOLLOW right_done=False park_done=False park_x=-1 cw_y=82 lane_turn_idx=0 turn_cluster=0 cw_event_idx=1[0m
[self_driving-10] [0m[INFO] [1782970995.759645316] [self_driving]: [CROSSWALK_METRIC] n=1 nearest={'cx': 37, 'cy': 82, 'w': 75, 'h': 20, 'area': 1500, 'score': 0.4300000071525574} all=[{'cx': 37, 'cy': 82, 'w': 75, 'h': 20, 'area': 1500, 'score': 0.4300000071525574}] event_idx=1[0m
[self_driving-10] [0m[INFO] [1782970996.070943797] [self_driving]: [OBJECTS] msg_count=189 n=1 names=['crosswalk'][0m
[self_driving-10] [0m[INFO] [1782970996.075420816] [self_driving]: [OBJ_RAW] msg=189 raw_cls='crosswalk' norm_cls='crosswalk' cx=37 cy=82 w=75 h=20 area=1500 score=0.290 state=LINE_FOLLOW right_done=False park_done=False park_x=-1 cw_y=82 lane_turn_idx=0 turn_cluster=0 cw_event_idx=1[0m
[self_driving-10] [0m[INFO] [1782970996.077222723] [self_driving]: [CROSSWALK_METRIC] n=1 nearest={'cx': 37, 'cy': 82, 'w': 75, 'h': 20, 'area': 1500, 'score': 0.28999999165534973} all=[{'cx': 37, 'cy': 82, 'w': 75, 'h': 20, 'area': 1500, 'score': 0.28999999165534973}] event_idx=1[0m
[self_driving-10] [0m[INFO] [1782970996.305472186] [self_driving]: [IMAGE] received count=505 shape=(480, 640, 3) queue=0[0m
[self_driving-10] [0m[INFO] [1782970996.363687742] [self_driving]: [OBJ_RAW] msg=190 raw_cls='crosswalk' norm_cls='crosswalk' cx=37 cy=82 w=75 h=20 area=1500 score=0.290 state=LINE_FOLLOW right_done=False park_done=False park_x=-1 cw_y=82 lane_turn_idx=0 turn_cluster=0 cw_event_idx=1[0m
[self_driving-10] [0m[INFO] [1782970998.325148129] [self_driving]: [IMAGE] received count=530 shape=(480, 640, 3) queue=0[0m
[self_driving-10] [0m[INFO] [1782971000.327984313] [self_driving]: [IMAGE] received count=555 shape=(480, 640, 3) queue=0[0m
[self_driving-10] [0m[INFO] [1782971002.345195275] [self_driving]: [IMAGE] received count=582 shape=(480, 640, 3) queue=0[0m
[self_driving-10] [0m[INFO] [1782971004.356687607] [self_driving]: [IMAGE] received count=612 shape=(480, 640, 3) queue=0[0m
[self_driving-10] [0m[INFO] [1782971006.363403884] [self_driving]: [IMAGE] received count=642 shape=(480, 640, 3) queue=0[0m
[self_driving-10] [0m[INFO] [1782971008.388885827] [self_driving]: [IMAGE] received count=672 shape=(480, 640, 3) queue=0[0m
