[INFO] [launch]: All log files can be found below /home/ubuntu/.ros/log/2026-07-02-03-21-37-125669-raspberrypi-465550
[INFO] [launch]: Default logging verbosity is set to INFO
[INFO] [ascamera_node-1]: process started with pid [465560]
[INFO] [static_transform_publisher-2]: process started with pid [465562]
[INFO] [static_transform_publisher-3]: process started with pid [465564]
[INFO] [joint_state_publisher-4]: process started with pid [465566]
[INFO] [robot_state_publisher-5]: process started with pid [465568]
[INFO] [ros_robot_controller-6]: process started with pid [465570]
[INFO] [odom_publisher-7]: process started with pid [465572]
[INFO] [ekf_node-8]: process started with pid [465590]
[INFO] [yolo_detect-9]: process started with pid [465593]
[INFO] [self_driving-10]: process started with pid [465600]
[ascamera_node-1] [0m[INFO] [1782962497.855989321] [as_logger]: hello world angstrong camera ros2 node[0m
[static_transform_publisher-2] [33m[WARN] [1782962497.873813364] []: Old-style arguments are deprecated; see --help for new-style arguments[0m
[static_transform_publisher-3] [33m[WARN] [1782962497.848268279] []: Old-style arguments are deprecated; see --help for new-style arguments[0m
[static_transform_publisher-3] [0m[INFO] [1782962497.865989080] [static_transform_publisher_3gWaqHXAu0Wmphnu]: Spinning until stopped - publishing transform
[static_transform_publisher-3] translation: ('0.000000', '0.000000', '0.000000')
[static_transform_publisher-3] rotation: ('-0.500000', '0.499602', '-0.500000', '0.500398')
[static_transform_publisher-3] from 'depth_cam' to 'ascamera_color_0'[0m
[ascamera_node-1] 2026-07-02 03:21:37[INFO] [CameraPublisher.cpp] [1558] [printLaunchParams] get depth_width 640
[ascamera_node-1] 2026-07-02 03:21:37[INFO] [CameraPublisher.cpp] [1559] [printLaunchParams] get depth_height 480
[ascamera_node-1] 2026-07-02 03:21:37[INFO] [CameraPublisher.cpp] [1561] [printLaunchParams] get rgb_width 640
[ascamera_node-1] 2026-07-02 03:21:37[INFO] [CameraPublisher.cpp] [1562] [printLaunchParams] get rgb_height 480
[ascamera_node-1] 2026-07-02 03:21:37[INFO] [CameraPublisher.cpp] [1570] [printLaunchParams] get set_fps 15
[ascamera_node-1] 2026-07-02 03:21:37[INFO] [CameraPublisher.cpp] [1578] [printLaunchParams] get color_pcl 1
[ascamera_node-1] 2026-07-02 03:21:37[INFO] [CameraPublisher.cpp] [1582] [printLaunchParams] get pub_tfTree 1
[ascamera_node-1] 2026-07-02 03:21:37[INFO] [CameraSrv.cpp] [35] [CameraSrv] Angstrong camera server
[ascamera_node-1] 2026-07-02 03:21:37[INFO] [CameraSrv.cpp] [45] [CameraSrv] Angstrong camera sdk version:v1.2.22.20240516
[static_transform_publisher-2] [0m[INFO] [1782962497.916077596] [static_transform_publisher_6ub1HXhI4t7dd56c]: Spinning until stopped - publishing transform
[static_transform_publisher-2] translation: ('0.000000', '0.000000', '0.000000')
[static_transform_publisher-2] rotation: ('-0.500000', '0.499602', '-0.500000', '0.500398')
[static_transform_publisher-2] from 'depth_cam' to 'ascamera_camera_link_0'[0m
[robot_state_publisher-5] [0m[INFO] [1782962497.939516484] [robot_state_publisher]: got segment base_footprint[0m
[robot_state_publisher-5] [0m[INFO] [1782962497.939794170] [robot_state_publisher]: got segment base_link[0m
[robot_state_publisher-5] [0m[INFO] [1782962497.939820263] [robot_state_publisher]: got segment depth_cam[0m
[robot_state_publisher-5] [0m[INFO] [1782962497.939831726] [robot_state_publisher]: got segment imu_link[0m
[robot_state_publisher-5] [0m[INFO] [1782962497.939839485] [robot_state_publisher]: got segment lidar_frame[0m
[robot_state_publisher-5] [0m[INFO] [1782962497.939846393] [robot_state_publisher]: got segment wheel_lb_Link[0m
[robot_state_publisher-5] [0m[INFO] [1782962497.939853430] [robot_state_publisher]: got segment wheel_lf_Link[0m
[robot_state_publisher-5] [0m[INFO] [1782962497.939860597] [robot_state_publisher]: got segment wheel_rb_Link[0m
[robot_state_publisher-5] [0m[INFO] [1782962497.939964560] [robot_state_publisher]: got segment wheel_rf_Link[0m
[odom_publisher-7] [0m[INFO] [1782962498.810213521] [odom_publisher]: [1;32m0.930000 1.010000[0m[0m
[odom_publisher-7] [0m[INFO] [1782962498.830725522] [odom_publisher]: [1;32mstart[0m[0m
[joint_state_publisher-4] [0m[INFO] [1782962498.861672322] [joint_state_publisher]: Waiting for robot_description to be published on the robot_description topic...[0m
[ascamera_node-1] 2026-07-02 03:21:38[INFO] [CameraSrv.cpp] [114] [onAttached] attached
[ascamera_node-1] 2026-07-02 03:21:38[INFO] [CameraSrv.cpp] [145] [onAttached] this is a new attach device, create and open it
[ros_robot_controller-6] [0m[INFO] [1782962499.162236434] [ros_robot_controller]: 已设置舵机 1 的偏移量为 0[0m
[ros_robot_controller-6] [0m[INFO] [1782962499.163859721] [ros_robot_controller]: 已设置舵机 2 的偏移量为 0[0m
[ros_robot_controller-6] [0m[INFO] [1782962499.165312655] [ros_robot_controller]: 已设置舵机 3 的偏移量为 4[0m
[ros_robot_controller-6] [0m[INFO] [1782962499.166095992] [ros_robot_controller]: 已设置舵机 4 的偏移量为 0[0m
[ros_robot_controller-6] [0m[INFO] [1782962499.172699214] [ros_robot_controller]: [1;32mstart[0m[0m
[self_driving-10] [0m[INFO] [1782962499.375744587] [self_driving]: [INIT] init_process started[0m
[self_driving-10] [0m[INFO] [1782962499.376289035] [self_driving]: [INIT] only_line_follow=False[0m
[self_driving-10] [0m[INFO] [1782962499.378199582] [self_driving]: [INIT] request /yolov5/start[0m
[ascamera_node-1] 2026-07-02 03:21:39[INFO] [CameraSrv.cpp] [154] [onAttached] get model type 9
[ascamera_node-1] 2026-07-02 03:21:39[INFO] [CameraSrv.cpp] [342] [getConfigFile] get file: /home/ubuntu/third_party_ros2/third_party_ws/src/ascamera/configurationfiles/hp60c_v2_00_20230704_configEncrypt.json
[ascamera_node-1] 2026-07-02 03:21:39[INFO] [CameraPublisher.cpp] [1501] [logCameraPathInfo] usb camera
[ascamera_node-1] 2026-07-02 03:21:39[INFO] [CameraPublisher.cpp] [1502] [logCameraPathInfo] bnum:1
[ascamera_node-1] 2026-07-02 03:21:39[INFO] [CameraPublisher.cpp] [1503] [logCameraPathInfo] dnum:61
[ascamera_node-1] 2026-07-02 03:21:39[INFO] [CameraPublisher.cpp] [1504] [logCameraPathInfo] port_numbers:2
[ascamera_node-1] 2026-07-02 03:21:39[INFO] [CameraPublisher.cpp] [171] [onCameraAttached] create a new publisher info set
[ascamera_node-1] 2026-07-02 03:21:39[INFO] [TfTreeFrameIdInfo.cpp] [11] [TfTreeFrameIdInfo] Namespace /ascamera
[ascamera_node-1] 2026-07-02 03:21:40[INFO] [CameraHp60c.cpp] [128] [open] according to the configuration file.
[ascamera_node-1] 2026-07-02 03:21:40[INFO] [CameraHp60c.cpp] [1528] [parseConfigFileParameter] moduleName:AS_CAM_HP60C
[ascamera_node-1] 2026-07-02 03:21:40[INFO] [CameraHp60c.cpp] [1555] [parseConfigFileParameter] Parsing config file /home/ubuntu/third_party_ros2/third_party_ws/src/ascamera/configurationfiles/hp60c_v2_00_20230704_configEncrypt.json
[ascamera_node-1] 2026-07-02 03:21:40[INFO] [CameraHp60c.cpp] [1620] [parseConfigFileParameter] configuration protocol Version: v2.x
[ascamera_node-1] 2026-07-02 03:21:40[INFO] [CameraHp60c.cpp] [1631] [parseConfigFileParameter] configuration Version: v2.0.0.20230704
[ascamera_node-1] 2026-07-02 03:21:40[INFO] [CameraHp60c.cpp] [1796] [setParamersAfterOpenCam] Camera confiParaEnable true, setting configuration parameter
[self_driving-10] [33m[WARN] [1782962501.381646576] [self_driving]: [YOLO_SERVICE] service not ready, continue without blocking[0m
[ascamera_node-1] 2026-07-02 03:21:41[ERROR] [XuCmdCameraHp60c.cpp] [454] [getMjpegSize] get mjpeg from xu command failed
[ascamera_node-1] 2026-07-02 03:21:41[INFO] [XuCmdCameraHp60c.cpp] [458] [getMjpegSize] mjpeg size:640x480
[ascamera_node-1] 2026-07-02 03:21:41[INFO] [CameraPublisher.cpp] [356] [onCameraOpen] camera opened
[ascamera_node-1] 2026-07-02 03:21:41[INFO] [CameraPublisher.cpp] [370] [onCameraOpen] get config info, ret 0, is_Registration 1
[ascamera_node-1] 2026-07-02 03:21:41[INFO] [Camera.cpp] [61] [init] #camera[0x5555980ce710] SN[ASC60CF08000515]'s firmware version:DLS_VERc20865=:V01.09_2024110714:V01.19_2024110714:L01
[ascamera_node-1] 2026-07-02 03:21:41[INFO] [CameraPublisher.cpp] [1183] [setResolution] set depth resolution: 640 x 480 @ 15fps
[ascamera_node-1] 2026-07-02 03:21:41[INFO] [CameraPublisher.cpp] [1197] [setResolution] set rgb resolution: 640 x 480 @ 15fps
[ascamera_node-1] 2026-07-02 03:21:41[INFO] [CameraHp60c.cpp] [260] [startStreaming] start streaming
[ascamera_node-1] 2026-07-02 03:21:41[INFO] [CameraSrv.cpp] [202] [onAttached] attached end
[self_driving-10] [0m[INFO] [1782962501.882801345] [self_driving]: [INIT] enter + set_running start[0m
[self_driving-10] [0m[INFO] [1782962501.883415089] [self_driving]: [1;32mself driving enter[0m[0m
[self_driving-10] [0m[INFO] [1782962501.892198434] [self_driving]: [SUB] image=/ascamera/camera_publisher/rgb0/image object=/yolov5_ros2/object_detect[0m
[self_driving-10] [0m[INFO] [1782962501.893045494] [self_driving]: [1;32mset_running[0m[0m
[self_driving-10] [0m[INFO] [1782962501.895166672] [self_driving]: [1;32m[START] hybrid self_driving start: auto LINE_FOLLOW[0m[0m
[INFO] [apply_calib-11]: process started with pid [465741]
[INFO] [complementary_filter_node-12]: process started with pid [465743]
[ascamera_node-1] 2026-07-02 03:21:43[INFO] [CameraHp60c.cpp] [912] [setInternalParameter] mjpeg info: size(640x480)
[complementary_filter_node-12] [0m[INFO] [1782962503.228666583] [imu_filter]: Starting ComplementaryFilterROS[0m
[apply_calib-11] [0m[INFO] [1782962503.273026659] [imu_calib]: Calibrating gyros; do not move the IMU[0m
[ascamera_node-1] 2026-07-02 03:21:43[INFO] [Camera.cpp] [127] [backgroundThread] SN [ ASC60CF08000515 ]'s parameter:
[ascamera_node-1] 2026-07-02 03:21:43[INFO] [Camera.cpp] [128] [backgroundThread] irfx: 426.962
[ascamera_node-1] 2026-07-02 03:21:43[INFO] [Camera.cpp] [129] [backgroundThread] irfy: 426.374
[ascamera_node-1] 2026-07-02 03:21:43[INFO] [Camera.cpp] [130] [backgroundThread] ircx: 315.403
[ascamera_node-1] 2026-07-02 03:21:43[INFO] [Camera.cpp] [131] [backgroundThread] ircy: 240.933
[ascamera_node-1] 2026-07-02 03:21:43[INFO] [Camera.cpp] [132] [backgroundThread] rgbfx: 570.48
[ascamera_node-1] 2026-07-02 03:21:43[INFO] [Camera.cpp] [133] [backgroundThread] rgbfy: 569.949
[ascamera_node-1] 2026-07-02 03:21:43[INFO] [Camera.cpp] [134] [backgroundThread] rgbcx: 329.75
[ascamera_node-1] 2026-07-02 03:21:43[INFO] [Camera.cpp] [135] [backgroundThread] rgbcy: 238.406
[ascamera_node-1] 
[ascamera_node-1] 2026-07-02 03:21:43[INFO] [CameraHp60c.cpp] [1149] [streamCallback] set gain ret 0, gain 4
[self_driving-10] [0m[INFO] [1782962503.731112636] [self_driving]: [IMAGE] received count=1 shape=(480, 640, 3) queue=0[0m
[self_driving-10] [33m[WARN] [1782962503.914359327] [self_driving]: [IMAGE] queue full -> drop oldest frame[0m
[self_driving-10] [33m[WARN] [1782962503.915263888] [self_driving]: [LANE_LOST] raw_lane_x=-1 lane_x=-1 filter=lost stop=False state=LINE_FOLLOW safe_linear=0.00 right_ready=False right_done=False[0m
[self_driving-10] [0m[INFO] [1782962503.915853446] [self_driving]: [DEBUG_DRIVE] state=LINE_FOLLOW raw_lane_x=-1 lane_x=-1 filter=lost linear=0.30 angular=0.00 cw_y=0 right_done=False start_turn=False count_turn=0 traffic=None stop=False[0m
[self_driving-10] [33m[WARN] [1782962504.447752680] [self_driving]: [LANE_LOST] raw_lane_x=-1 lane_x=-1 filter=lost stop=False state=LINE_FOLLOW safe_linear=0.00 right_ready=False right_done=False[0m
[self_driving-10] [0m[INFO] [1782962504.448469239] [self_driving]: [DEBUG_DRIVE] state=LINE_FOLLOW raw_lane_x=-1 lane_x=-1 filter=lost linear=0.30 angular=0.00 cw_y=0 right_done=False start_turn=False count_turn=0 traffic=None stop=False[0m
[yolo_detect-9] [0m[INFO] [1782962504.514108507] [yolov5_ros2]: Current ROS 2 distribution: humble[0m
[self_driving-10] [33m[WARN] [1782962504.982413781] [self_driving]: [LANE_LOST] raw_lane_x=-1 lane_x=-1 filter=lost stop=False state=LINE_FOLLOW safe_linear=0.00 right_ready=False right_done=False[0m
[self_driving-10] [0m[INFO] [1782962504.982939154] [self_driving]: [DEBUG_DRIVE] state=LINE_FOLLOW raw_lane_x=-1 lane_x=-1 filter=lost linear=0.30 angular=0.00 cw_y=0 right_done=False start_turn=False count_turn=0 traffic=None stop=False[0m
[apply_calib-11] [0m[INFO] [1782962505.315355941] [imu_calib]: Gyro calibration complete! (bias = [-0.007, -0.004, 0.008])[0m
[self_driving-10] [33m[WARN] [1782962505.515777911] [self_driving]: [LANE_LOST] raw_lane_x=-1 lane_x=-1 filter=lost stop=False state=LINE_FOLLOW safe_linear=0.00 right_ready=False right_done=False[0m
[self_driving-10] [0m[INFO] [1782962505.516359063] [self_driving]: [DEBUG_DRIVE] state=LINE_FOLLOW raw_lane_x=-1 lane_x=-1 filter=lost linear=0.30 angular=0.00 cw_y=0 right_done=False start_turn=False count_turn=0 traffic=None stop=False[0m
[self_driving-10] [0m[INFO] [1782962505.784762758] [self_driving]: [IMAGE] received count=32 shape=(480, 640, 3) queue=0[0m
[self_driving-10] [33m[WARN] [1782962506.053947754] [self_driving]: [LANE_LOST] raw_lane_x=-1 lane_x=-1 filter=lost stop=False state=LINE_FOLLOW safe_linear=0.00 right_ready=False right_done=False[0m
[self_driving-10] [0m[INFO] [1782962506.054530090] [self_driving]: [DEBUG_DRIVE] state=LINE_FOLLOW raw_lane_x=-1 lane_x=-1 filter=lost linear=0.30 angular=0.00 cw_y=0 right_done=False start_turn=False count_turn=0 traffic=None stop=False[0m
[self_driving-10] [33m[WARN] [1782962506.591678982] [self_driving]: [LANE_LOST] raw_lane_x=-1 lane_x=-1 filter=lost stop=False state=LINE_FOLLOW safe_linear=0.00 right_ready=False right_done=False[0m
[self_driving-10] [0m[INFO] [1782962506.592263689] [self_driving]: [DEBUG_DRIVE] state=LINE_FOLLOW raw_lane_x=-1 lane_x=-1 filter=lost linear=0.30 angular=0.00 cw_y=0 right_done=False start_turn=False count_turn=0 traffic=None stop=False[0m
[self_driving-10] [33m[WARN] [1782962507.130300531] [self_driving]: [LANE_LOST] raw_lane_x=-1 lane_x=-1 filter=lost stop=False state=LINE_FOLLOW safe_linear=0.00 right_ready=False right_done=False[0m
[self_driving-10] [0m[INFO] [1782962507.131037886] [self_driving]: [DEBUG_DRIVE] state=LINE_FOLLOW raw_lane_x=-1 lane_x=-1 filter=lost linear=0.30 angular=0.00 cw_y=0 right_done=False start_turn=False count_turn=0 traffic=None stop=False[0m
[self_driving-10] [33m[WARN] [1782962507.685046334] [self_driving]: [LANE_LOST] raw_lane_x=-1 lane_x=-1 filter=lost stop=False state=LINE_FOLLOW safe_linear=0.00 right_ready=False right_done=False[0m
[self_driving-10] [0m[INFO] [1782962507.685915968] [self_driving]: [DEBUG_DRIVE] state=LINE_FOLLOW raw_lane_x=-1 lane_x=-1 filter=lost linear=0.30 angular=0.00 cw_y=0 right_done=False start_turn=False count_turn=0 traffic=None stop=False[0m
[self_driving-10] [0m[INFO] [1782962507.802521238] [self_driving]: [IMAGE] received count=62 shape=(480, 640, 3) queue=0[0m
[self_driving-10] [33m[WARN] [1782962508.225237298] [self_driving]: [LANE_LOST] raw_lane_x=-1 lane_x=-1 filter=lost stop=False state=LINE_FOLLOW safe_linear=0.00 right_ready=False right_done=False[0m
[self_driving-10] [0m[INFO] [1782962508.225725560] [self_driving]: [DEBUG_DRIVE] state=LINE_FOLLOW raw_lane_x=-1 lane_x=-1 filter=lost linear=0.30 angular=0.00 cw_y=0 right_done=False start_turn=False count_turn=0 traffic=None stop=False[0m
[self_driving-10] [33m[WARN] [1782962508.754618870] [self_driving]: [LANE_LOST] raw_lane_x=-1 lane_x=-1 filter=lost stop=False state=LINE_FOLLOW safe_linear=0.00 right_ready=False right_done=False[0m
[self_driving-10] [0m[INFO] [1782962508.755114040] [self_driving]: [DEBUG_DRIVE] state=LINE_FOLLOW raw_lane_x=-1 lane_x=-1 filter=lost linear=0.30 angular=0.00 cw_y=0 right_done=False start_turn=False count_turn=0 traffic=None stop=False[0m
[self_driving-10] [0m[INFO] [1782962509.304166645] [self_driving]: [DEBUG_DRIVE] state=LINE_FOLLOW raw_lane_x=308.5 lane_x=308.5 filter=stable linear=0.30 angular=-0.55 cw_y=0 right_done=False start_turn=False count_turn=4 traffic=None stop=False[0m
[self_driving-10] [0m[INFO] [1782962509.827347627] [self_driving]: [IMAGE] received count=92 shape=(480, 640, 3) queue=0[0m
[self_driving-10] [0m[INFO] [1782962509.834242869] [self_driving]: [DEBUG_DRIVE] state=LINE_FOLLOW raw_lane_x=300.0 lane_x=300.0 filter=stable linear=0.30 angular=-0.55 cw_y=0 right_done=False start_turn=True count_turn=6 traffic=None stop=False[0m
[self_driving-10] [0m[INFO] [1782962510.372631990] [self_driving]: [DEBUG_DRIVE] state=LINE_FOLLOW raw_lane_x=-1 lane_x=302.5 filter=hold_last linear=0.30 angular=-0.55 cw_y=0 right_done=False start_turn=True count_turn=14 traffic=None stop=False[0m
[self_driving-10] [33m[WARN] [1782962510.660468033] [self_driving]: [LANE_LOST] raw_lane_x=-1 lane_x=-1 filter=lost stop=False state=LINE_FOLLOW safe_linear=0.00 right_ready=False right_done=False[0m
[self_driving-10] [0m[INFO] [1782962510.886115882] [self_driving]: [DEBUG_DRIVE] state=LINE_FOLLOW raw_lane_x=-1 lane_x=-1 filter=lost linear=0.30 angular=0.00 cw_y=0 right_done=False start_turn=True count_turn=17 traffic=None stop=False[0m
[self_driving-10] [33m[WARN] [1782962511.221392944] [self_driving]: [LANE_LOST] raw_lane_x=-1 lane_x=-1 filter=lost stop=False state=LINE_FOLLOW safe_linear=0.00 right_ready=False right_done=False[0m
[self_driving-10] [33m[WARN] [1782962511.283802472] [self_driving]: [LANE_X_JUMP_REJECT] raw=195.5 last=302.5 diff=107.0 candidate=195.5 cnt=1/4[0m
[self_driving-10] [0m[INFO] [1782962511.439766772] [self_driving]: [DEBUG_DRIVE] state=LINE_FOLLOW raw_lane_x=21.5 lane_x=302.5 filter=jump_reject linear=0.30 angular=-0.55 cw_y=0 right_done=False start_turn=True count_turn=20 traffic=None stop=False[0m
[self_driving-10] [33m[WARN] [1782962511.754067108] [self_driving]: [LANE_LOST] raw_lane_x=-1 lane_x=-1 filter=lost stop=False state=LINE_FOLLOW safe_linear=0.00 right_ready=False right_done=False[0m
[self_driving-10] [0m[INFO] [1782962511.894938566] [self_driving]: [IMAGE] received count=120 shape=(480, 640, 3) queue=0[0m
[self_driving-10] [0m[INFO] [1782962511.969707717] [self_driving]: [DEBUG_DRIVE] state=LINE_FOLLOW raw_lane_x=-1 lane_x=-1 filter=lost linear=0.30 angular=0.00 cw_y=0 right_done=False start_turn=True count_turn=20 traffic=None stop=False[0m
[self_driving-10] [33m[WARN] [1782962512.305811858] [self_driving]: [LANE_LOST] raw_lane_x=-1 lane_x=-1 filter=lost stop=False state=LINE_FOLLOW safe_linear=0.00 right_ready=False right_done=False[0m
[self_driving-10] [0m[INFO] [1782962512.496751239] [self_driving]: [DEBUG_DRIVE] state=LINE_FOLLOW raw_lane_x=-1 lane_x=-1 filter=lost linear=0.30 angular=0.00 cw_y=0 right_done=False start_turn=True count_turn=20 traffic=None stop=False[0m
[self_driving-10] [33m[WARN] [1782962512.815065819] [self_driving]: [LANE_LOST] raw_lane_x=-1 lane_x=-1 filter=lost stop=False state=LINE_FOLLOW safe_linear=0.00 right_ready=False right_done=False[0m
[self_driving-10] [0m[INFO] [1782962513.036876018] [self_driving]: [DEBUG_DRIVE] state=LINE_FOLLOW raw_lane_x=-1 lane_x=-1 filter=lost linear=0.30 angular=0.00 cw_y=0 right_done=False start_turn=True count_turn=20 traffic=None stop=False[0m
[self_driving-10] [33m[WARN] [1782962513.382990510] [self_driving]: [LANE_LOST] raw_lane_x=-1 lane_x=-1 filter=lost stop=False state=LINE_FOLLOW safe_linear=0.00 right_ready=False right_done=False[0m
[self_driving-10] [0m[INFO] [1782962513.555159047] [self_driving]: [DEBUG_DRIVE] state=LINE_FOLLOW raw_lane_x=-1 lane_x=-1 filter=lost linear=0.30 angular=0.00 cw_y=0 right_done=False start_turn=True count_turn=20 traffic=None stop=False[0m
[self_driving-10] [0m[INFO] [1782962513.904813577] [self_driving]: [IMAGE] received count=150 shape=(480, 640, 3) queue=0[0m
[self_driving-10] [33m[WARN] [1782962513.922902232] [self_driving]: [LANE_LOST] raw_lane_x=-1 lane_x=-1 filter=lost stop=False state=LINE_FOLLOW safe_linear=0.00 right_ready=False right_done=False[0m
[self_driving-10] [0m[INFO] [1782962514.102351143] [self_driving]: [DEBUG_DRIVE] state=LINE_FOLLOW raw_lane_x=-1 lane_x=-1 filter=lost linear=0.30 angular=0.00 cw_y=0 right_done=False start_turn=True count_turn=20 traffic=None stop=False[0m
[self_driving-10] [33m[WARN] [1782962514.441284632] [self_driving]: [LANE_LOST] raw_lane_x=-1 lane_x=-1 filter=lost stop=False state=LINE_FOLLOW safe_linear=0.00 right_ready=False right_done=False[0m
[self_driving-10] [0m[INFO] [1782962514.639319663] [self_driving]: [DEBUG_DRIVE] state=LINE_FOLLOW raw_lane_x=-1 lane_x=-1 filter=lost linear=0.30 angular=0.00 cw_y=0 right_done=False start_turn=True count_turn=20 traffic=None stop=False[0m
[self_driving-10] [33m[WARN] [1782962514.971642228] [self_driving]: [LANE_LOST] raw_lane_x=-1 lane_x=-1 filter=lost stop=False state=LINE_FOLLOW safe_linear=0.00 right_ready=False right_done=False[0m
[self_driving-10] [0m[INFO] [1782962515.179439683] [self_driving]: [DEBUG_DRIVE] state=LINE_FOLLOW raw_lane_x=-1 lane_x=-1 filter=lost linear=0.30 angular=0.00 cw_y=0 right_done=False start_turn=True count_turn=20 traffic=None stop=False[0m
[self_driving-10] [33m[WARN] [1782962515.504233484] [self_driving]: [LANE_LOST] raw_lane_x=-1 lane_x=-1 filter=lost stop=False state=LINE_FOLLOW safe_linear=0.00 right_ready=False right_done=False[0m
[self_driving-10] [0m[INFO] [1782962515.552990918] [self_driving]: [OBJECTS] msg_count=1 n=1 names=['crosswalk'][0m
[self_driving-10] [0m[INFO] [1782962515.553831145] [self_driving]: [CW_CANDIDATE] name=crosswalkcx=434 cy=185 area=1406 score=0.53 [0m
[self_driving-10] [0m[INFO] [1782962515.723220037] [self_driving]: [DEBUG_DRIVE] state=LINE_FOLLOW raw_lane_x=-1 lane_x=-1 filter=lost linear=0.30 angular=0.00 cw_y=185 right_done=False start_turn=True count_turn=20 traffic=None stop=False[0m
[self_driving-10] [0m[INFO] [1782962515.780796520] [self_driving]: [CROSSWALK_SLOW] y=185 th=180 confirm=4[0m
[self_driving-10] [0m[INFO] [1782962515.919075649] [self_driving]: [IMAGE] received count=180 shape=(480, 640, 3) queue=0[0m
[self_driving-10] [0m[INFO] [1782962516.613543905] [self_driving]: [CW_STAGE 2] 정지선 앞 완전 정지! elapsed=0.83s[0m
[self_driving-10] [0m[INFO] [1782962516.676614640] [self_driving]: [CW_STAGE 2] 정지선 앞 완전 정지! elapsed=0.90s[0m
[self_driving-10] [0m[INFO] [1782962516.722814319] [self_driving]: [CW_STAGE 2] 정지선 앞 완전 정지! elapsed=0.94s[0m
[self_driving-10] [0m[INFO] [1782962516.795986591] [self_driving]: [CW_STAGE 2] 정지선 앞 완전 정지! elapsed=1.02s[0m
[self_driving-10] [0m[INFO] [1782962516.864051909] [self_driving]: [CW_STAGE 2] 정지선 앞 완전 정지! elapsed=1.08s[0m
[self_driving-10] [0m[INFO] [1782962516.925083022] [self_driving]: [CW_STAGE 2] 정지선 앞 완전 정지! elapsed=1.14s[0m
[self_driving-10] [0m[INFO] [1782962516.991646220] [self_driving]: [CW_STAGE 2] 정지선 앞 완전 정지! elapsed=1.21s[0m
[self_driving-10] [0m[INFO] [1782962517.070631135] [self_driving]: [CW_STAGE 2] 정지선 앞 완전 정지! elapsed=1.29s[0m
[self_driving-10] [0m[INFO] [1782962517.136085346] [self_driving]: [CW_STAGE 2] 정지선 앞 완전 정지! elapsed=1.35s[0m
[self_driving-10] [0m[INFO] [1782962517.184563983] [self_driving]: [CW_STAGE 2] 정지선 앞 완전 정지! elapsed=1.40s[0m
[self_driving-10] [0m[INFO] [1782962517.262603985] [self_driving]: [CW_STAGE 2] 정지선 앞 완전 정지! elapsed=1.48s[0m
[self_driving-10] [0m[INFO] [1782962517.323622412] [self_driving]: [CW_STAGE 2] 정지선 앞 완전 정지! elapsed=1.54s[0m
[self_driving-10] [0m[INFO] [1782962517.384735637] [self_driving]: [CW_STAGE 2] 정지선 앞 완전 정지! elapsed=1.60s[0m
[self_driving-10] [0m[INFO] [1782962517.462799009] [self_driving]: [CW_STAGE 2] 정지선 앞 완전 정지! elapsed=1.68s[0m
[self_driving-10] [0m[INFO] [1782962517.533611028] [self_driving]: [CW_STAGE 2] 정지선 앞 완전 정지! elapsed=1.75s[0m
[self_driving-10] [0m[INFO] [1782962517.590312857] [self_driving]: [CW_STAGE 2] 정지선 앞 완전 정지! elapsed=1.81s[0m
[self_driving-10] [33m[WARN] [1782962517.650150093] [self_driving]: [LANE_X_JUMP_REJECT] raw=138.5 last=302.5 diff=164.0 candidate=138.5 cnt=1/4[0m
[self_driving-10] [0m[INFO] [1782962517.654649266] [self_driving]: [CW_STAGE 2] 정지선 앞 완전 정지! elapsed=1.87s[0m
[self_driving-10] [0m[INFO] [1782962517.736967384] [self_driving]: [CW_STAGE 2] 정지선 앞 완전 정지! elapsed=1.96s[0m
[self_driving-10] [0m[INFO] [1782962517.797989034] [self_driving]: [CW_STAGE 2] 정지선 앞 완전 정지! elapsed=2.02s[0m
[self_driving-10] [0m[INFO] [1782962517.861848996] [self_driving]: [CW_STAGE 2] 정지선 앞 완전 정지! elapsed=2.08s[0m
[self_driving-10] [0m[INFO] [1782962517.932288493] [self_driving]: [IMAGE] received count=210 shape=(480, 640, 3) queue=0[0m
[self_driving-10] [0m[INFO] [1782962517.939166772] [self_driving]: [CW_STAGE 2] 정지선 앞 완전 정지! elapsed=2.16s[0m
[self_driving-10] [0m[INFO] [1782962517.993132179] [self_driving]: [CW_STAGE 2] 정지선 앞 완전 정지! elapsed=2.21s[0m
[self_driving-10] [0m[INFO] [1782962518.087919681] [self_driving]: [CW_STAGE 3] 미션 완료 -> 정상 속도 회복 및 6초 락 가동[0m
[self_driving-10] [33m[WARN] [1782962518.088964279] [self_driving]: [LANE_LOST] raw_lane_x=-1 lane_x=-1 filter=lost stop=False state=LINE_FOLLOW safe_linear=0.00 right_ready=False right_done=False[0m
[self_driving-10] [0m[INFO] [1782962518.089505838] [self_driving]: [DEBUG_DRIVE] state=LINE_FOLLOW raw_lane_x=-1 lane_x=-1 filter=lost linear=0.30 angular=0.00 cw_y=185 right_done=False start_turn=True count_turn=20 traffic=None stop=False[0m
[self_driving-10] [33m[WARN] [1782962518.605210205] [self_driving]: [LANE_X_JUMP_REJECT] raw=109.0 last=191.0 diff=82.0 candidate=109.0 cnt=1/4[0m
[self_driving-10] [0m[INFO] [1782962518.606688731] [self_driving]: [DEBUG_DRIVE] state=LINE_FOLLOW raw_lane_x=109.0 lane_x=191.0 filter=jump_reject linear=0.30 angular=-0.10 cw_y=185 right_done=False start_turn=False count_turn=0 traffic=None stop=False[0m
[self_driving-10] [0m[INFO] [1782962518.685531608] [self_driving]: [OBJECTS] msg_count=2 n=1 names=['crosswalk'][0m
[self_driving-10] [0m[INFO] [1782962518.686381094] [self_driving]: [CW_CANDIDATE] name=crosswalkcx=616 cy=30 area=2760 score=0.47 [0m
[self_driving-10] [33m[WARN] [1782962518.950055282] [self_driving]: [LANE_LOST] raw_lane_x=-1 lane_x=-1 filter=lost stop=False state=LINE_FOLLOW safe_linear=0.00 right_ready=False right_done=False[0m
[self_driving-10] [0m[INFO] [1782962519.131745742] [self_driving]: [CROSSWALK_IGNORE] y=30 < th=180[0m
[self_driving-10] [0m[INFO] [1782962519.133235898] [self_driving]: [DEBUG_DRIVE] state=LINE_FOLLOW raw_lane_x=-1 lane_x=-1 filter=lost linear=0.30 angular=0.00 cw_y=30 right_done=False start_turn=False count_turn=0 traffic=None stop=False[0m
[self_driving-10] [33m[WARN] [1782962519.490579841] [self_driving]: [LANE_LOST] raw_lane_x=-1 lane_x=-1 filter=lost stop=False state=LINE_FOLLOW safe_linear=0.00 right_ready=False right_done=False[0m
[self_driving-10] [0m[INFO] [1782962519.682725710] [self_driving]: [CROSSWALK_IGNORE] y=30 < th=180[0m
[self_driving-10] [0m[INFO] [1782962519.685005204] [self_driving]: [DEBUG_DRIVE] state=LINE_FOLLOW raw_lane_x=-1 lane_x=-1 filter=lost linear=0.30 angular=0.00 cw_y=30 right_done=False start_turn=False count_turn=0 traffic=None stop=False[0m
[self_driving-10] [0m[INFO] [1782962519.696952344] [self_driving]: [OBJECTS] msg_count=3 n=1 names=['crosswalk'][0m
[self_driving-10] [0m[INFO] [1782962519.949147728] [self_driving]: [IMAGE] received count=240 shape=(480, 640, 3) queue=0[0m
[self_driving-10] [33m[WARN] [1782962520.011931702] [self_driving]: [LANE_LOST] raw_lane_x=-1 lane_x=-1 filter=lost stop=False state=LINE_FOLLOW safe_linear=0.00 right_ready=False right_done=False[0m
[self_driving-10] [0m[INFO] [1782962520.218799782] [self_driving]: [DEBUG_DRIVE] state=LINE_FOLLOW raw_lane_x=-1 lane_x=-1 filter=lost linear=0.30 angular=0.00 cw_y=0 right_done=False start_turn=False count_turn=0 traffic=None stop=False[0m
[self_driving-10] [33m[WARN] [1782962520.563749897] [self_driving]: [LANE_LOST] raw_lane_x=-1 lane_x=-1 filter=lost stop=False state=LINE_FOLLOW safe_linear=0.00 right_ready=False right_done=False[0m
[self_driving-10] [33m[WARN] [1782962520.629662999] [self_driving]: [LANE_X_JUMP_REJECT] raw=16.5 last=191.0 diff=174.5 candidate=16.5 cnt=1/4[0m
[self_driving-10] [0m[INFO] [1782962520.761766520] [self_driving]: [DEBUG_DRIVE] state=LINE_FOLLOW raw_lane_x=-1 lane_x=-1 filter=lost linear=0.30 angular=0.00 cw_y=0 right_done=False start_turn=False count_turn=0 traffic=None stop=False[0m
[self_driving-10] [0m[INFO] [1782962521.295753062] [self_driving]: [DEBUG_DRIVE] state=LINE_FOLLOW raw_lane_x=-1 lane_x=113.0 filter=hold_last linear=0.30 angular=0.10 cw_y=0 right_done=False start_turn=False count_turn=0 traffic=None stop=False[0m
[self_driving-10] [0m[INFO] [1782962521.826249047] [self_driving]: [DEBUG_DRIVE] state=LINE_FOLLOW raw_lane_x=264.0 lane_x=264.0 filter=stable linear=0.30 angular=-0.55 cw_y=0 right_done=False start_turn=False count_turn=3 traffic=None stop=False[0m
[self_driving-10] [0m[INFO] [1782962521.962622388] [self_driving]: [IMAGE] received count=270 shape=(480, 640, 3) queue=0[0m
[self_driving-10] [0m[INFO] [1782962522.402025411] [self_driving]: [DEBUG_DRIVE] state=LINE_FOLLOW raw_lane_x=-1 lane_x=299.0 filter=hold_last linear=0.30 angular=-0.55 cw_y=0 right_done=False start_turn=True count_turn=5 traffic=None stop=False[0m
[self_driving-10] [33m[WARN] [1782962522.509652057] [self_driving]: [LANE_X_JUMP_REJECT] raw=104.5 last=299.0 diff=194.5 candidate=104.5 cnt=1/4[0m
[self_driving-10] [0m[INFO] [1782962522.908779932] [self_driving]: [DEBUG_DRIVE] state=LINE_FOLLOW raw_lane_x=230.5 lane_x=230.5 filter=stable linear=0.30 angular=-0.55 cw_y=0 right_done=False start_turn=True count_turn=13 traffic=None stop=False[0m
[self_driving-10] [33m[WARN] [1782962523.042448462] [self_driving]: [LANE_X_JUMP_REJECT] raw=151.5 last=269.5 diff=118.0 candidate=151.5 cnt=1/4[0m
[self_driving-10] [0m[INFO] [1782962523.083629244] [self_driving]: [OBJECTS] msg_count=4 n=1 names=['crosswalk'][0m
[self_driving-10] [0m[INFO] [1782962523.084205117] [self_driving]: [CW_CANDIDATE] name=crosswalkcx=251 cy=347 area=1862 score=0.49 [0m
[self_driving-10] [0m[INFO] [1782962523.431036261] [self_driving]: [CW_CANDIDATE] name=crosswalkcx=386 cy=403 area=3161 score=0.56 [0m
[self_driving-10] [0m[INFO] [1782962523.434527132] [self_driving]: [CW_CANDIDATE] name=crosswalkcx=571 cy=45 area=10608 score=0.52 [0m
[self_driving-10] [0m[INFO] [1782962523.461099389] [self_driving]: [CROSSWALK_IGNORE] y=45 < th=180[0m
[self_driving-10] [0m[INFO] [1782962523.463479421] [self_driving]: [DEBUG_DRIVE] state=LINE_FOLLOW raw_lane_x=150.5 lane_x=150.5 filter=stable linear=0.30 angular=0.00 cw_y=45 right_done=False start_turn=True count_turn=0 traffic=None stop=False[0m
[self_driving-10] [0m[INFO] [1782962523.977768798] [self_driving]: [IMAGE] received count=300 shape=(480, 640, 3) queue=0[0m
[self_driving-10] [0m[INFO] [1782962523.984520743] [self_driving]: [CROSSWALK_IGNORE] y=45 < th=180[0m
[self_driving-10] [0m[INFO] [1782962523.986294345] [self_driving]: [DEBUG_DRIVE] state=LINE_FOLLOW raw_lane_x=227.0 lane_x=227.0 filter=stable linear=0.30 angular=-0.55 cw_y=45 right_done=False start_turn=True count_turn=7 traffic=None stop=False[0m
[self_driving-10] [0m[INFO] [1782962524.116810395] [self_driving]: [OBJECTS] msg_count=7 n=1 names=['crosswalk'][0m
[self_driving-10] [0m[INFO] [1782962524.121255919] [self_driving]: [CW_CANDIDATE] name=crosswalkcx=69 cy=349 area=3562 score=0.70 [0m
[self_driving-10] [0m[INFO] [1782962524.440267855] [self_driving]: [CW_CANDIDATE] name=crosswalkcx=284 cy=359 area=4347 score=0.79 [0m
[self_driving-10] [0m[INFO] [1782962524.514885394] [self_driving]: [DEBUG_DRIVE] state=LINE_FOLLOW raw_lane_x=125.5 lane_x=125.5 filter=stable linear=0.30 angular=0.10 cw_y=359 right_done=False start_turn=False count_turn=0 traffic=None stop=False[0m
[self_driving-10] [0m[INFO] [1782962524.772241010] [self_driving]: [OBJECTS] msg_count=9 n=1 names=['crosswalk'][0m
[self_driving-10] [0m[INFO] [1782962524.772883106] [self_driving]: [CW_CANDIDATE] name=crosswalkcx=388 cy=222 area=3116 score=0.88 [0m
[self_driving-10] [0m[INFO] [1782962524.781613228] [self_driving]: [CW_CANDIDATE] name=crosswalkcx=371 cy=188 area=1344 score=0.80 [0m
[self_driving-10] [0m[INFO] [1782962525.048462507] [self_driving]: [DEBUG_DRIVE] state=LINE_FOLLOW raw_lane_x=150.5 lane_x=150.5 filter=stable linear=0.30 angular=-0.10 cw_y=188 right_done=False start_turn=False count_turn=0 traffic=None stop=False[0m
[self_driving-10] [0m[INFO] [1782962525.127418478] [self_driving]: [CW_CANDIDATE] name=crosswalkcx=382 cy=193 area=1859 score=0.85 [0m
[self_driving-10] [0m[INFO] [1782962525.130943830] [self_driving]: [CW_CANDIDATE] name=crosswalkcx=370 cy=172 area=791 score=0.71 [0m
[self_driving-10] [0m[INFO] [1782962525.476963581] [self_driving]: [OBJECTS] msg_count=13 n=1 names=['crosswalk'][0m
[self_driving-10] [0m[INFO] [1782962525.478416515] [self_driving]: [CW_CANDIDATE] name=crosswalkcx=380 cy=182 area=1539 score=0.83 [0m
[self_driving-10] [0m[INFO] [1782962525.481097919] [self_driving]: [CW_CANDIDATE] name=crosswalkcx=371 cy=163 area=590 score=0.74 [0m
[self_driving-10] [0m[INFO] [1782962525.600265610] [self_driving]: [CROSSWALK_IGNORE] y=163 < th=180[0m
[self_driving-10] [0m[INFO] [1782962525.601701321] [self_driving]: [DEBUG_DRIVE] state=LINE_FOLLOW raw_lane_x=131.0 lane_x=131.0 filter=stable linear=0.30 angular=-0.10 cw_y=163 right_done=False start_turn=False count_turn=0 traffic=None stop=False[0m
[self_driving-10] [0m[INFO] [1782962525.828777493] [self_driving]: [CW_CANDIDATE] name=crosswalkcx=400 cy=188 area=2150 score=0.74 [0m
[self_driving-10] [0m[INFO] [1782962525.832751367] [self_driving]: [CW_CANDIDATE] name=crosswalkcx=374 cy=166 area=726 score=0.55 [0m
[self_driving-10] [0m[INFO] [1782962525.987669847] [self_driving]: [IMAGE] received count=330 shape=(480, 640, 3) queue=0[0m
[self_driving-10] [0m[INFO] [1782962526.130816928] [self_driving]: [CROSSWALK_IGNORE] y=166 < th=180[0m
[self_driving-10] [0m[INFO] [1782962526.134797728] [self_driving]: [DEBUG_DRIVE] state=LINE_FOLLOW raw_lane_x=130.5 lane_x=130.5 filter=stable linear=0.30 angular=-0.10 cw_y=166 right_done=False start_turn=False count_turn=0 traffic=None stop=False[0m
[self_driving-10] [0m[INFO] [1782962526.215202095] [self_driving]: [OBJECTS] msg_count=17 n=1 names=['crosswalk'][0m
[self_driving-10] [0m[INFO] [1782962526.215709524] [self_driving]: [CW_CANDIDATE] name=crosswalkcx=410 cy=195 area=2556 score=0.85 [0m
[self_driving-10] [0m[INFO] [1782962526.218616966] [self_driving]: [TRAFFIC_CANDIDATE] name=green valid=False cx=625 cy=122 area=650 score=0.77 min_area=800[0m
[self_driving-10] [0m[INFO] [1782962526.227079383] [self_driving]: [CW_CANDIDATE] name=crosswalkcx=393 cy=169 area=924 score=0.74 [0m
[self_driving-10] [0m[INFO] [1782962526.556157096] [self_driving]: [CW_CANDIDATE] name=crosswalkcx=403 cy=198 area=3744 score=0.87 [0m
[self_driving-10] [0m[INFO] [1782962526.559719634] [self_driving]: [CW_CANDIDATE] name=crosswalkcx=381 cy=168 area=1152 score=0.80 [0m
[self_driving-10] [0m[INFO] [1782962526.672015121] [self_driving]: [CROSSWALK_IGNORE] y=168 < th=180[0m
[self_driving-10] [0m[INFO] [1782962526.673145238] [self_driving]: [DEBUG_DRIVE] state=LINE_FOLLOW raw_lane_x=137.5 lane_x=137.5 filter=stable linear=0.30 angular=-0.10 cw_y=168 right_done=False start_turn=False count_turn=0 traffic=None stop=False[0m
[self_driving-10] [0m[INFO] [1782962526.907621376] [self_driving]: [OBJECTS] msg_count=22 n=1 names=['crosswalk'][0m
[self_driving-10] [0m[INFO] [1782962526.908748216] [self_driving]: [CW_CANDIDATE] name=crosswalkcx=407 cy=205 area=4240 score=0.86 [0m
[self_driving-10] [0m[INFO] [1782962526.911441157] [self_driving]: [CW_CANDIDATE] name=crosswalkcx=380 cy=170 area=1176 score=0.79 [0m
[self_driving-10] [0m[INFO] [1782962527.210392964] [self_driving]: [CROSSWALK_IGNORE] y=170 < th=180[0m
[self_driving-10] [0m[INFO] [1782962527.211227302] [self_driving]: [DEBUG_DRIVE] state=LINE_FOLLOW raw_lane_x=140.5 lane_x=140.5 filter=stable linear=0.30 angular=-0.10 cw_y=170 right_done=False start_turn=False count_turn=0 traffic=None stop=False[0m
[self_driving-10] [0m[INFO] [1782962527.241035002] [self_driving]: [CW_CANDIDATE] name=crosswalkcx=439 cy=216 area=5966 score=0.87 [0m
[self_driving-10] [0m[INFO] [1782962527.245154562] [self_driving]: [CW_CANDIDATE] name=crosswalkcx=399 cy=174 area=1521 score=0.68 [0m
[self_driving-10] [0m[INFO] [1782962527.586599065] [self_driving]: [OBJECTS] msg_count=26 n=1 names=['crosswalk'][0m
[self_driving-10] [0m[INFO] [1782962527.588053259] [self_driving]: [CW_CANDIDATE] name=crosswalkcx=390 cy=182 area=1424 score=0.83 [0m
[self_driving-10] [0m[INFO] [1782962527.743189925] [self_driving]: [DEBUG_DRIVE] state=LINE_FOLLOW raw_lane_x=124.0 lane_x=124.0 filter=stable linear=0.30 angular=0.10 cw_y=182 right_done=False start_turn=False count_turn=0 traffic=None stop=False[0m
[self_driving-10] [0m[INFO] [1782962527.929346576] [self_driving]: [CW_CANDIDATE] name=crosswalkcx=435 cy=256 area=12710 score=0.90 [0m
[self_driving-10] [0m[INFO] [1782962527.931791349] [self_driving]: [CW_CANDIDATE] name=crosswalkcx=382 cy=186 area=1950 score=0.80 [0m
[self_driving-10] [0m[INFO] [1782962528.008866827] [self_driving]: [IMAGE] received count=360 shape=(480, 640, 3) queue=0[0m
[self_driving-10] [0m[INFO] [1782962528.283611594] [self_driving]: [DEBUG_DRIVE] state=LINE_FOLLOW raw_lane_x=135.5 lane_x=135.5 filter=stable linear=0.30 angular=-0.10 cw_y=186 right_done=False start_turn=False count_turn=0 traffic=None stop=False[0m
[self_driving-10] [0m[INFO] [1782962528.309021752] [self_driving]: [OBJECTS] msg_count=29 n=1 names=['crosswalk'][0m
[self_driving-10] [0m[INFO] [1782962528.311169782] [self_driving]: [CW_CANDIDATE] name=crosswalkcx=427 cy=302 area=21675 score=0.91 [0m
[self_driving-10] [0m[INFO] [1782962528.318074524] [self_driving]: [CW_CANDIDATE] name=crosswalkcx=400 cy=196 area=2712 score=0.86 [0m
[self_driving-10] [0m[INFO] [1782962528.379970901] [self_driving]: [CROSSWALK_SLOW] y=196 th=180 confirm=4[0m
[self_driving-10] [0m[INFO] [1782962528.664659741] [self_driving]: [CW_CANDIDATE] name=crosswalkcx=395 cy=364 area=44988 score=0.88 [0m
[self_driving-10] [0m[INFO] [1782962528.668532318] [self_driving]: [CW_CANDIDATE] name=crosswalkcx=400 cy=197 area=3584 score=0.84 [0m
[self_driving-10] [0m[INFO] [1782962529.009326854] [self_driving]: [OBJECTS] msg_count=33 n=1 names=['crosswalk'][0m
[self_driving-10] [0m[INFO] [1782962529.010232970] [self_driving]: [CW_CANDIDATE] name=crosswalkcx=434 cy=210 area=6405 score=0.86 [0m
[self_driving-10] [0m[INFO] [1782962529.211358463] [self_driving]: [CW_STAGE 2] 정지선 앞 완전 정지! elapsed=0.83s[0m
[self_driving-10] [0m[INFO] [1782962529.280403509] [self_driving]: [CW_STAGE 2] 정지선 앞 완전 정지! elapsed=0.90s[0m
[self_driving-10] [0m[INFO] [1782962529.333730098] [self_driving]: [CW_CANDIDATE] name=crosswalkcx=440 cy=221 area=8328 score=0.87 [0m
[self_driving-10] [0m[INFO] [1782962529.358958403] [self_driving]: [CW_STAGE 2] 정지선 앞 완전 정지! elapsed=0.97s[0m
[self_driving-10] [0m[INFO] [1782962529.430413110] [self_driving]: [CW_STAGE 2] 정지선 앞 완전 정지! elapsed=1.05s[0m
[self_driving-10] [0m[INFO] [1782962529.492840285] [self_driving]: [CW_STAGE 2] 정지선 앞 완전 정지! elapsed=1.11s[0m
[self_driving-10] [0m[INFO] [1782962529.550547232] [self_driving]: [CW_STAGE 2] 정지선 앞 완전 정지! elapsed=1.17s[0m
[self_driving-10] [0m[INFO] [1782962529.632168069] [self_driving]: [CW_STAGE 2] 정지선 앞 완전 정지! elapsed=1.25s[0m
[self_driving-10] [0m[INFO] [1782962529.681309357] [self_driving]: [OBJECTS] msg_count=35 n=1 names=['crosswalk'][0m
[self_driving-10] [0m[INFO] [1782962529.682254529] [self_driving]: [CW_CANDIDATE] name=crosswalkcx=441 cy=235 area=11730 score=0.89 [0m
[self_driving-10] [0m[INFO] [1782962529.719209213] [self_driving]: [CW_STAGE 2] 정지선 앞 완전 정지! elapsed=1.34s[0m
[self_driving-10] [0m[INFO] [1782962529.752077004] [self_driving]: [CW_STAGE 2] 정지선 앞 완전 정지! elapsed=1.37s[0m
[self_driving-10] [0m[INFO] [1782962529.825649278] [self_driving]: [CW_STAGE 2] 정지선 앞 완전 정지! elapsed=1.45s[0m
[self_driving-10] [0m[INFO] [1782962529.897848286] [self_driving]: [CW_STAGE 2] 정지선 앞 완전 정지! elapsed=1.52s[0m
[self_driving-10] [0m[INFO] [1782962529.952613679] [self_driving]: [CW_STAGE 2] 정지선 앞 완전 정지! elapsed=1.57s[0m
[self_driving-10] [0m[INFO] [1782962530.013961886] [self_driving]: [IMAGE] received count=390 shape=(480, 640, 3) queue=0[0m
[self_driving-10] [0m[INFO] [1782962530.019722047] [self_driving]: [CW_STAGE 2] 정지선 앞 완전 정지! elapsed=1.64s[0m
[self_driving-10] [0m[INFO] [1782962530.041097516] [self_driving]: [CW_CANDIDATE] name=crosswalkcx=443 cy=240 area=11790 score=0.89 [0m
[self_driving-10] [0m[INFO] [1782962530.108689647] [self_driving]: [CW_STAGE 2] 정지선 앞 완전 정지! elapsed=1.72s[0m
[self_driving-10] [0m[INFO] [1782962530.160310245] [self_driving]: [CW_STAGE 2] 정지선 앞 완전 정지! elapsed=1.78s[0m
[self_driving-10] [0m[INFO] [1782962530.233116959] [self_driving]: [CW_STAGE 2] 정지선 앞 완전 정지! elapsed=1.85s[0m
[self_driving-10] [0m[INFO] [1782962530.291783133] [self_driving]: [CW_STAGE 2] 정지선 앞 완전 정지! elapsed=1.91s[0m
[self_driving-10] [0m[INFO] [1782962530.363206895] [self_driving]: [CW_STAGE 2] 정지선 앞 완전 정지! elapsed=1.98s[0m
[self_driving-10] [0m[INFO] [1782962530.407490638] [self_driving]: [OBJECTS] msg_count=37 n=1 names=['crosswalk'][0m
[self_driving-10] [0m[INFO] [1782962530.411381678] [self_driving]: [CW_CANDIDATE] name=crosswalkcx=437 cy=252 area=14580 score=0.91 [0m
[self_driving-10] [0m[INFO] [1782962530.450747801] [self_driving]: [CW_STAGE 2] 정지선 앞 완전 정지! elapsed=2.07s[0m
[self_driving-10] [0m[INFO] [1782962530.495282249] [self_driving]: [CW_STAGE 2] 정지선 앞 완전 정지! elapsed=2.12s[0m
[self_driving-10] [0m[INFO] [1782962530.556561901] [self_driving]: [CW_STAGE 2] 정지선 앞 완전 정지! elapsed=2.18s[0m
[self_driving-10] [0m[INFO] [1782962530.630755456] [self_driving]: [CW_STAGE 2] 정지선 앞 완전 정지! elapsed=2.25s[0m
[self_driving-10] [0m[INFO] [1782962530.702014199] [self_driving]: [CW_STAGE 3] 미션 완료 -> 정상 속도 회복 및 6초 락 가동[0m
[self_driving-10] [0m[INFO] [1782962530.703819005] [self_driving]: [DEBUG_DRIVE] state=LINE_FOLLOW raw_lane_x=126.5 lane_x=126.5 filter=stable linear=0.30 angular=0.10 cw_y=252 right_done=False start_turn=False count_turn=0 traffic=None stop=False[0m
[self_driving-10] [0m[INFO] [1782962530.751906824] [self_driving]: [CW_CANDIDATE] name=crosswalkcx=436 cy=252 area=15504 score=0.91 [0m
[self_driving-10] [0m[INFO] [1782962531.102729453] [self_driving]: [OBJECTS] msg_count=39 n=1 names=['crosswalk'][0m
[self_driving-10] [0m[INFO] [1782962531.103677218] [self_driving]: [CW_CANDIDATE] name=crosswalkcx=435 cy=252 area=15542 score=0.91 [0m
[self_driving-10] [0m[INFO] [1782962531.242273719] [self_driving]: [DEBUG_DRIVE] state=LINE_FOLLOW raw_lane_x=151.0 lane_x=151.0 filter=stable linear=0.30 angular=-0.10 cw_y=252 right_done=False start_turn=False count_turn=0 traffic=None stop=False[0m
[self_driving-10] [0m[INFO] [1782962531.420480864] [self_driving]: [CW_CANDIDATE] name=crosswalkcx=435 cy=252 area=15580 score=0.91 [0m
[self_driving-10] [0m[INFO] [1782962531.784239601] [self_driving]: [OBJECTS] msg_count=41 n=1 names=['crosswalk'][0m
[self_driving-10] [0m[INFO] [1782962531.792837351] [self_driving]: [CW_CANDIDATE] name=crosswalkcx=436 cy=252 area=15096 score=0.91 [0m
[self_driving-10] [0m[INFO] [1782962531.798770273] [self_driving]: [DEBUG_DRIVE] state=LINE_FOLLOW raw_lane_x=139.0 lane_x=139.0 filter=stable linear=0.30 angular=0.10 cw_y=252 right_done=False start_turn=False count_turn=0 traffic=None stop=False[0m
[self_driving-10] [0m[INFO] [1782962532.032034423] [self_driving]: [IMAGE] received count=420 shape=(480, 640, 3) queue=0[0m
[self_driving-10] [0m[INFO] [1782962532.092929035] [self_driving]: [CW_CANDIDATE] name=crosswalkcx=422 cy=295 area=25230 score=0.92 [0m
[self_driving-10] [0m[INFO] [1782962532.303746692] [self_driving]: [DEBUG_DRIVE] state=LINE_FOLLOW raw_lane_x=112.5 lane_x=112.5 filter=stable linear=0.30 angular=0.10 cw_y=295 right_done=False start_turn=False count_turn=0 traffic=None stop=False[0m
[self_driving-10] [0m[INFO] [1782962532.461928949] [self_driving]: [OBJECTS] msg_count=43 n=1 names=['crosswalk'][0m
[self_driving-10] [0m[INFO] [1782962532.463958645] [self_driving]: [CW_CANDIDATE] name=crosswalkcx=375 cy=382 area=55332 score=0.89 [0m
[self_driving-10] [0m[INFO] [1782962532.797773070] [self_driving]: [CW_CANDIDATE] name=crosswalkcx=327 cy=431 area=59558 score=0.94 [0m
[self_driving-10] [0m[INFO] [1782962532.864103360] [self_driving]: [DEBUG_DRIVE] state=LINE_FOLLOW raw_lane_x=133.0 lane_x=133.0 filter=stable linear=0.30 angular=0.10 cw_y=431 right_done=False start_turn=False count_turn=0 traffic=None stop=False[0m
[self_driving-10] [0m[INFO] [1782962533.390839047] [self_driving]: [DEBUG_DRIVE] state=LINE_FOLLOW raw_lane_x=141.0 lane_x=141.0 filter=stable linear=0.30 angular=-0.10 cw_y=431 right_done=False start_turn=False count_turn=0 traffic=None stop=False[0m
[self_driving-10] [0m[INFO] [1782962533.938272236] [self_driving]: [DEBUG_DRIVE] state=LINE_FOLLOW raw_lane_x=145.5 lane_x=145.5 filter=stable linear=0.30 angular=-0.10 cw_y=431 right_done=False start_turn=False count_turn=0 traffic=None stop=False[0m
[self_driving-10] [0m[INFO] [1782962534.039138734] [self_driving]: [IMAGE] received count=450 shape=(480, 640, 3) queue=0[0m
[self_driving-10] [0m[INFO] [1782962534.454771552] [self_driving]: [DEBUG_DRIVE] state=LINE_FOLLOW raw_lane_x=240.0 lane_x=240.0 filter=stable linear=0.30 angular=-0.55 cw_y=431 right_done=False start_turn=False count_turn=5 traffic=None stop=False[0m
[self_driving-10] [33m[WARN] [1782962534.665586524] [self_driving]: [LANE_X_JUMP_REJECT] raw=140.0 last=299.5 diff=159.5 candidate=140.0 cnt=1/4[0m
[self_driving-10] [0m[INFO] [1782962534.997176325] [self_driving]: [DEBUG_DRIVE] state=LINE_FOLLOW raw_lane_x=239.0 lane_x=239.0 filter=stable linear=0.30 angular=-0.55 cw_y=431 right_done=False start_turn=True count_turn=7 traffic=None stop=False[0m
[self_driving-10] [0m[INFO] [1782962535.527274308] [self_driving]: [DEBUG_DRIVE] state=LINE_FOLLOW raw_lane_x=-1 lane_x=290.5 filter=hold_last linear=0.30 angular=-0.55 cw_y=431 right_done=False start_turn=True count_turn=4 traffic=None stop=False[0m
[self_driving-10] [33m[WARN] [1782962535.743276734] [self_driving]: [LANE_LOST] raw_lane_x=-1 lane_x=-1 filter=lost stop=False state=LINE_FOLLOW safe_linear=0.00 right_ready=False right_done=False[0m
[self_driving-10] [0m[INFO] [1782962536.075582354] [self_driving]: [IMAGE] received count=478 shape=(480, 640, 3) queue=0[0m
[self_driving-10] [0m[INFO] [1782962536.081438330] [self_driving]: [DEBUG_DRIVE] state=LINE_FOLLOW raw_lane_x=-1 lane_x=-1 filter=lost linear=0.30 angular=0.00 cw_y=431 right_done=False start_turn=True count_turn=6 traffic=None stop=False[0m
[self_driving-10] [33m[WARN] [1782962536.313626382] [self_driving]: [LANE_LOST] raw_lane_x=-1 lane_x=-1 filter=lost stop=False state=LINE_FOLLOW safe_linear=0.00 right_ready=False right_done=False[0m
[self_driving-10] [0m[INFO] [1782962536.637209065] [self_driving]: [DEBUG_DRIVE] state=LINE_FOLLOW raw_lane_x=-1 lane_x=-1 filter=lost linear=0.30 angular=0.00 cw_y=431 right_done=False start_turn=True count_turn=6 traffic=None stop=False[0m
[self_driving-10] [33m[WARN] [1782962536.829359009] [self_driving]: [LANE_LOST] raw_lane_x=-1 lane_x=-1 filter=lost stop=False state=LINE_FOLLOW safe_linear=0.00 right_ready=False right_done=False[0m
[self_driving-10] [0m[INFO] [1782962537.216189539] [self_driving]: [DEBUG_DRIVE] state=LINE_FOLLOW raw_lane_x=-1 lane_x=-1 filter=lost linear=0.30 angular=0.00 cw_y=431 right_done=False start_turn=True count_turn=6 traffic=None stop=False[0m
[self_driving-10] [33m[WARN] [1782962537.370163495] [self_driving]: [LANE_LOST] raw_lane_x=-1 lane_x=-1 filter=lost stop=False state=LINE_FOLLOW safe_linear=0.00 right_ready=False right_done=False[0m
[self_driving-10] [0m[INFO] [1782962537.782688129] [self_driving]: [DEBUG_DRIVE] state=LINE_FOLLOW raw_lane_x=-1 lane_x=-1 filter=lost linear=0.30 angular=0.00 cw_y=431 right_done=False start_turn=True count_turn=6 traffic=None stop=False[0m
[self_driving-10] [0m[INFO] [1782962538.107174558] [self_driving]: [IMAGE] received count=503 shape=(480, 640, 3) queue=0[0m
[self_driving-10] [0m[INFO] [1782962538.345081567] [self_driving]: [DEBUG_DRIVE] state=LINE_FOLLOW raw_lane_x=242.0 lane_x=242.0 filter=stable linear=0.30 angular=-0.55 cw_y=431 right_done=False start_turn=True count_turn=13 traffic=None stop=False[0m
[self_driving-10] [33m[WARN] [1782962538.891668030] [self_driving]: [LANE_X_JUMP_REJECT] raw=313.5 last=177.0 diff=136.5 candidate=313.5 cnt=1/4[0m
[self_driving-10] [0m[INFO] [1782962538.895775348] [self_driving]: [DEBUG_DRIVE] state=LINE_FOLLOW raw_lane_x=313.5 lane_x=177.0 filter=jump_reject linear=0.30 angular=-0.10 cw_y=431 right_done=False start_turn=False count_turn=0 traffic=None stop=False[0m
[self_driving-10] [0m[INFO] [1782962539.333564399] [self_driving]: [OBJECTS] msg_count=45 n=1 names=['crosswalk'][0m
[self_driving-10] [0m[INFO] [1782962539.334291903] [self_driving]: [CW_CANDIDATE] name=crosswalkcx=399 cy=433 area=15780 score=0.52 [0m
[self_driving-10] [0m[INFO] [1782962539.401982830] [self_driving]: [DEBUG_DRIVE] state=LINE_FOLLOW raw_lane_x=-1 lane_x=174.5 filter=hold_last linear=0.30 angular=-0.10 cw_y=433 right_done=False start_turn=False count_turn=0 traffic=None stop=False[0m
[self_driving-10] [33m[WARN] [1782962539.553611199] [self_driving]: [LANE_LOST] raw_lane_x=-1 lane_x=-1 filter=lost stop=False state=LINE_FOLLOW safe_linear=0.00 right_ready=False right_done=False[0m
[self_driving-10] [0m[INFO] [1782962539.664658864] [self_driving]: [CW_CANDIDATE] name=crosswalkcx=287 cy=413 area=5207 score=0.85 [0m
[self_driving-10] [0m[INFO] [1782962539.965126569] [self_driving]: [DEBUG_DRIVE] state=LINE_FOLLOW raw_lane_x=-1 lane_x=-1 filter=lost linear=0.30 angular=0.00 cw_y=413 right_done=False start_turn=False count_turn=0 traffic=None stop=False[0m
[self_driving-10] [0m[INFO] [1782962539.999205904] [self_driving]: [OBJECTS] msg_count=47 n=1 names=['crosswalk'][0m
[self_driving-10] [0m[INFO] [1782962540.001945511] [self_driving]: [CW_CANDIDATE] name=crosswalkcx=299 cy=445 area=6048 score=0.51 [0m
[self_driving-10] [33m[WARN] [1782962540.113917330] [self_driving]: [LANE_LOST] raw_lane_x=-1 lane_x=-1 filter=lost stop=False state=LINE_FOLLOW safe_linear=0.00 right_ready=False right_done=False[0m
[self_driving-10] [0m[INFO] [1782962540.187023286] [self_driving]: [IMAGE] received count=529 shape=(480, 640, 3) queue=0[0m
[self_driving-10] [0m[INFO] [1782962540.506934505] [self_driving]: [DEBUG_DRIVE] state=LINE_FOLLOW raw_lane_x=-1 lane_x=-1 filter=lost linear=0.30 angular=0.00 cw_y=445 right_done=False start_turn=False count_turn=0 traffic=None stop=False[0m
[self_driving-10] [33m[WARN] [1782962540.693841697] [self_driving]: [LANE_LOST] raw_lane_x=-1 lane_x=-1 filter=lost stop=False state=LINE_FOLLOW safe_linear=0.00 right_ready=False right_done=False[0m
[self_driving-10] [0m[INFO] [1782962541.007299251] [self_driving]: [CROSSWALK_SLOW] y=445 th=180 confirm=4[0m
[self_driving-10] [33m[WARN] [1782962541.808292498] [self_driving]: [LANE_X_JUMP_REJECT] raw=313.0 last=138.5 diff=174.5 candidate=313.0 cnt=1/4[0m
[self_driving-10] [0m[INFO] [1782962541.809851303] [self_driving]: [CW_STAGE 2] 정지선 앞 완전 정지! elapsed=0.80s[0m
[self_driving-10] [0m[INFO] [1782962541.884854844] [self_driving]: [CW_STAGE 2] 정지선 앞 완전 정지! elapsed=0.88s[0m
[self_driving-10] [0m[INFO] [1782962541.977059424] [self_driving]: [CW_STAGE 2] 정지선 앞 완전 정지! elapsed=0.97s[0m
[self_driving-10] [0m[INFO] [1782962542.061842667] [self_driving]: [CW_STAGE 2] 정지선 앞 완전 정지! elapsed=1.05s[0m
[self_driving-10] [0m[INFO] [1782962542.118755924] [self_driving]: [CW_STAGE 2] 정지선 앞 완전 정지! elapsed=1.11s[0m
[self_driving-10] [0m[INFO] [1782962542.193355963] [self_driving]: [IMAGE] received count=554 shape=(480, 640, 3) queue=0[0m
[self_driving-10] [0m[INFO] [1782962542.202789570] [self_driving]: [CW_STAGE 2] 정지선 앞 완전 정지! elapsed=1.19s[0m
[self_driving-10] [0m[INFO] [1782962542.311711557] [self_driving]: [CW_STAGE 2] 정지선 앞 완전 정지! elapsed=1.30s[0m
[self_driving-10] [0m[INFO] [1782962542.374005602] [self_driving]: [CW_STAGE 2] 정지선 앞 완전 정지! elapsed=1.37s[0m
[self_driving-10] [0m[INFO] [1782962542.445821904] [self_driving]: [CW_STAGE 2] 정지선 앞 완전 정지! elapsed=1.44s[0m
[self_driving-10] [0m[INFO] [1782962542.517883040] [self_driving]: [CW_STAGE 2] 정지선 앞 완전 정지! elapsed=1.51s[0m
[self_driving-10] [0m[INFO] [1782962542.593304658] [self_driving]: [CW_STAGE 2] 정지선 앞 완전 정지! elapsed=1.59s[0m
[self_driving-10] [0m[INFO] [1782962542.671539680] [self_driving]: [CW_STAGE 2] 정지선 앞 완전 정지! elapsed=1.66s[0m
[self_driving-10] [0m[INFO] [1782962542.733004961] [self_driving]: [CW_STAGE 2] 정지선 앞 완전 정지! elapsed=1.73s[0m
[self_driving-10] [0m[INFO] [1782962542.784940598] [self_driving]: [CW_STAGE 2] 정지선 앞 완전 정지! elapsed=1.78s[0m
[self_driving-10] [0m[INFO] [1782962542.855982488] [self_driving]: [CW_STAGE 2] 정지선 앞 완전 정지! elapsed=1.85s[0m
[self_driving-10] [0m[INFO] [1782962542.933500006] [self_driving]: [CW_STAGE 2] 정지선 앞 완전 정지! elapsed=1.93s[0m
[self_driving-10] [0m[INFO] [1782962543.020072000] [self_driving]: [CW_STAGE 2] 정지선 앞 완전 정지! elapsed=2.01s[0m
[self_driving-10] [0m[INFO] [1782962543.072002025] [self_driving]: [CW_STAGE 2] 정지선 앞 완전 정지! elapsed=2.06s[0m
[self_driving-10] [0m[INFO] [1782962543.126859289] [self_driving]: [CW_STAGE 2] 정지선 앞 완전 정지! elapsed=2.12s[0m
[self_driving-10] [0m[INFO] [1782962543.198664535] [self_driving]: [CW_STAGE 2] 정지선 앞 완전 정지! elapsed=2.19s[0m
[self_driving-10] [0m[INFO] [1782962543.266600019] [self_driving]: [CW_STAGE 2] 정지선 앞 완전 정지! elapsed=2.26s[0m
[self_driving-10] [0m[INFO] [1782962543.290107426] [self_driving]: [OBJECTS] msg_count=48 n=1 names=['crosswalk'][0m
[self_driving-10] [0m[INFO] [1782962543.355304247] [self_driving]: [CW_STAGE 3] 미션 완료 -> 정상 속도 회복 및 6초 락 가동[0m
[self_driving-10] [33m[WARN] [1782962543.357043608] [self_driving]: [LANE_LOST] raw_lane_x=-1 lane_x=-1 filter=lost stop=False state=LINE_FOLLOW safe_linear=0.00 right_ready=False right_done=False[0m
[self_driving-10] [0m[INFO] [1782962543.357665889] [self_driving]: [DEBUG_DRIVE] state=LINE_FOLLOW raw_lane_x=-1 lane_x=-1 filter=lost linear=0.30 angular=0.00 cw_y=0 right_done=False start_turn=False count_turn=0 traffic=None stop=False[0m
[self_driving-10] [33m[WARN] [1782962543.879370863] [self_driving]: [LANE_LOST] raw_lane_x=-1 lane_x=-1 filter=lost stop=False state=LINE_FOLLOW safe_linear=0.00 right_ready=False right_done=False[0m
[self_driving-10] [0m[INFO] [1782962543.881954859] [self_driving]: [DEBUG_DRIVE] state=LINE_FOLLOW raw_lane_x=-1 lane_x=-1 filter=lost linear=0.30 angular=0.00 cw_y=0 right_done=False start_turn=False count_turn=0 traffic=None stop=False[0m
[self_driving-10] [0m[INFO] [1782962544.208090353] [self_driving]: [IMAGE] received count=583 shape=(480, 640, 3) queue=0[0m
[self_driving-10] [33m[WARN] [1782962544.406967240] [self_driving]: [LANE_LOST] raw_lane_x=-1 lane_x=-1 filter=lost stop=False state=LINE_FOLLOW safe_linear=0.00 right_ready=False right_done=False[0m
[self_driving-10] [0m[INFO] [1782962544.409460698] [self_driving]: [DEBUG_DRIVE] state=LINE_FOLLOW raw_lane_x=-1 lane_x=-1 filter=lost linear=0.30 angular=0.00 cw_y=0 right_done=False start_turn=False count_turn=0 traffic=None stop=False[0m
[self_driving-10] [33m[WARN] [1782962544.937228817] [self_driving]: [LANE_LOST] raw_lane_x=-1 lane_x=-1 filter=lost stop=False state=LINE_FOLLOW safe_linear=0.00 right_ready=False right_done=False[0m
[self_driving-10] [0m[INFO] [1782962544.939719219] [self_driving]: [DEBUG_DRIVE] state=LINE_FOLLOW raw_lane_x=-1 lane_x=-1 filter=lost linear=0.30 angular=0.00 cw_y=0 right_done=False start_turn=False count_turn=0 traffic=None stop=False[0m
[self_driving-10] [0m[INFO] [1782962545.314382312] [self_driving]: [OBJECTS] msg_count=49 n=1 names=['crosswalk'][0m
[self_driving-10] [0m[INFO] [1782962545.315255317] [self_driving]: [CW_CANDIDATE] name=crosswalkcx=306 cy=48 area=22090 score=0.57 [0m
[self_driving-10] [0m[INFO] [1782962545.483691075] [self_driving]: [CROSSWALK_IGNORE] y=48 < th=180[0m
[self_driving-10] [33m[WARN] [1782962545.485489048] [self_driving]: [LANE_LOST] raw_lane_x=-1 lane_x=-1 filter=lost stop=False state=LINE_FOLLOW safe_linear=0.00 right_ready=False right_done=False[0m
[self_driving-10] [0m[INFO] [1782962545.486220718] [self_driving]: [DEBUG_DRIVE] state=LINE_FOLLOW raw_lane_x=-1 lane_x=-1 filter=lost linear=0.30 angular=0.00 cw_y=48 right_done=False start_turn=False count_turn=0 traffic=None stop=False[0m
[self_driving-10] [0m[INFO] [1782962546.029412199] [self_driving]: [CROSSWALK_IGNORE] y=48 < th=180[0m
[self_driving-10] [33m[WARN] [1782962546.030243407] [self_driving]: [LANE_LOST] raw_lane_x=-1 lane_x=-1 filter=lost stop=False state=LINE_FOLLOW safe_linear=0.00 right_ready=False right_done=False[0m
[self_driving-10] [0m[INFO] [1782962546.030756947] [self_driving]: [DEBUG_DRIVE] state=LINE_FOLLOW raw_lane_x=-1 lane_x=-1 filter=lost linear=0.30 angular=0.00 cw_y=48 right_done=False start_turn=False count_turn=0 traffic=None stop=False[0m
[self_driving-10] [0m[INFO] [1782962546.221318919] [self_driving]: [IMAGE] received count=613 shape=(480, 640, 3) queue=0[0m
[self_driving-10] [0m[INFO] [1782962546.304893137] [self_driving]: [OBJECTS] msg_count=50 n=1 names=['crosswalk'][0m
[self_driving-10] [33m[WARN] [1782962546.564761470] [self_driving]: [LANE_LOST] raw_lane_x=-1 lane_x=-1 filter=lost stop=False state=LINE_FOLLOW safe_linear=0.00 right_ready=False right_done=False[0m
[self_driving-10] [0m[INFO] [1782962546.565701938] [self_driving]: [DEBUG_DRIVE] state=LINE_FOLLOW raw_lane_x=-1 lane_x=-1 filter=lost linear=0.30 angular=0.00 cw_y=0 right_done=False start_turn=False count_turn=0 traffic=None stop=False[0m
[self_driving-10] [0m[INFO] [1782962546.635804471] [self_driving]: [CW_CANDIDATE] name=crosswalkcx=32 cy=209 area=2880 score=0.59 [0m
[self_driving-10] [33m[WARN] [1782962547.100143038] [self_driving]: [LANE_LOST] raw_lane_x=-1 lane_x=-1 filter=lost stop=False state=LINE_FOLLOW safe_linear=0.00 right_ready=False right_done=False[0m
[self_driving-10] [0m[INFO] [1782962547.100910024] [self_driving]: [DEBUG_DRIVE] state=LINE_FOLLOW raw_lane_x=-1 lane_x=-1 filter=lost linear=0.30 angular=0.00 cw_y=209 right_done=False start_turn=False count_turn=0 traffic=None stop=False[0m
[self_driving-10] [33m[WARN] [1782962547.626821484] [self_driving]: [LANE_LOST] raw_lane_x=-1 lane_x=-1 filter=lost stop=False state=LINE_FOLLOW safe_linear=0.00 right_ready=False right_done=False[0m
[self_driving-10] [0m[INFO] [1782962547.627497191] [self_driving]: [DEBUG_DRIVE] state=LINE_FOLLOW raw_lane_x=-1 lane_x=-1 filter=lost linear=0.30 angular=0.00 cw_y=209 right_done=False start_turn=False count_turn=0 traffic=None stop=False[0m
[self_driving-10] [33m[WARN] [1782962548.173529225] [self_driving]: [LANE_LOST] raw_lane_x=-1 lane_x=-1 filter=lost stop=False state=LINE_FOLLOW safe_linear=0.00 right_ready=False right_done=False[0m
[self_driving-10] [0m[INFO] [1782962548.174010746] [self_driving]: [DEBUG_DRIVE] state=LINE_FOLLOW raw_lane_x=-1 lane_x=-1 filter=lost linear=0.30 angular=0.00 cw_y=209 right_done=False start_turn=False count_turn=0 traffic=None stop=False[0m
[self_driving-10] [0m[INFO] [1782962548.233190978] [self_driving]: [IMAGE] received count=643 shape=(480, 640, 3) queue=0[0m
[self_driving-10] [33m[WARN] [1782962548.722025031] [self_driving]: [LANE_X_JUMP_REJECT] raw=4.5 last=113.5 diff=109.0 candidate=4.5 cnt=1/4[0m
[self_driving-10] [0m[INFO] [1782962548.723067666] [self_driving]: [DEBUG_DRIVE] state=LINE_FOLLOW raw_lane_x=4.5 lane_x=113.5 filter=jump_reject linear=0.30 angular=0.10 cw_y=209 right_done=False start_turn=False count_turn=0 traffic=None stop=False[0m
[self_driving-10] [0m[INFO] [1782962549.253504096] [self_driving]: [DEBUG_DRIVE] state=LINE_FOLLOW raw_lane_x=62.5 lane_x=62.5 filter=stable linear=0.30 angular=0.10 cw_y=209 right_done=False start_turn=False count_turn=0 traffic=None stop=False[0m
[self_driving-10] [0m[INFO] [1782962549.798527346] [self_driving]: [DEBUG_DRIVE] state=LINE_FOLLOW raw_lane_x=57.0 lane_x=57.0 filter=stable linear=0.30 angular=0.10 cw_y=209 right_done=False start_turn=False count_turn=0 traffic=None stop=False[0m
[self_driving-10] [0m[INFO] [1782962549.989215614] [self_driving]: [OBJECTS] msg_count=52 n=1 names=['crosswalk'][0m
[self_driving-10] [0m[INFO] [1782962549.990192879] [self_driving]: [CW_CANDIDATE] name=crosswalkcx=47 cy=443 area=3478 score=0.79 [0m
[self_driving-10] [0m[INFO] [1782962549.996972379] [self_driving]: [CW_CANDIDATE] name=crosswalkcx=36 cy=379 area=1752 score=0.57 [0m
[self_driving-10] [0m[INFO] [1782962550.259565079] [self_driving]: [IMAGE] received count=673 shape=(480, 640, 3) queue=0[0m
[self_driving-10] [33m[WARN] [1782962550.315951648] [self_driving]: [LANE_X_JUMP_REJECT] raw=195.0 last=279.0 diff=84.0 candidate=195.0 cnt=1/4[0m
[self_driving-10] [0m[INFO] [1782962550.316834283] [self_driving]: [DEBUG_DRIVE] state=LINE_FOLLOW raw_lane_x=195.0 lane_x=279.0 filter=jump_reject linear=0.30 angular=-0.55 cw_y=379 right_done=False start_turn=False count_turn=4 traffic=None stop=False[0m
[self_driving-10] [0m[INFO] [1782962550.331104565] [self_driving]: [CW_CANDIDATE] name=crosswalkcx=28 cy=412 area=1653 score=0.69 [0m
[self_driving-10] [0m[INFO] [1782962550.333675394] [self_driving]: [CW_CANDIDATE] name=crosswalkcx=39 cy=469 area=1738 score=0.65 [0m
[self_driving-10] [0m[INFO] [1782962550.668730806] [self_driving]: [OBJECTS] msg_count=56 n=1 names=['crosswalk'][0m
[self_driving-10] [0m[INFO] [1782962550.669748312] [self_driving]: [CW_CANDIDATE] name=crosswalkcx=38 cy=466 area=2052 score=0.76 [0m
[self_driving-10] [0m[INFO] [1782962550.672411252] [self_driving]: [CW_CANDIDATE] name=crosswalkcx=26 cy=406 area=1352 score=0.46 [0m
[self_driving-10] [0m[INFO] [1782962550.856262280] [self_driving]: [DEBUG_DRIVE] state=LINE_FOLLOW raw_lane_x=257.0 lane_x=257.0 filter=stable linear=0.30 angular=-0.55 cw_y=406 right_done=False start_turn=True count_turn=6 traffic=None stop=False[0m
[self_driving-10] [0m[INFO] [1782962551.004003313] [self_driving]: [CW_CANDIDATE] name=crosswalkcx=90 cy=378 area=6348 score=0.86 [0m
[self_driving-10] [0m[INFO] [1782962551.359198484] [self_driving]: [OBJECTS] msg_count=59 n=1 names=['crosswalk'][0m
[self_driving-10] [0m[INFO] [1782962551.361761739] [self_driving]: [CW_CANDIDATE] name=crosswalkcx=302 cy=384 area=3000 score=0.70 [0m
[self_driving-10] [0m[INFO] [1782962551.422067422] [self_driving]: [DEBUG_DRIVE] state=LINE_FOLLOW raw_lane_x=-1 lane_x=314.0 filter=hold_last linear=0.30 angular=-0.55 cw_y=384 right_done=False start_turn=True count_turn=14 traffic=None stop=False[0m
[self_driving-10] [33m[WARN] [1782962551.660311118] [self_driving]: [LANE_LOST] raw_lane_x=-1 lane_x=-1 filter=lost stop=False state=LINE_FOLLOW safe_linear=0.00 right_ready=False right_done=False[0m
[self_driving-10] [33m[WARN] [1782962551.753756446] [self_driving]: [LANE_X_JUMP_REJECT] raw=150.0 last=314.0 diff=164.0 candidate=150.0 cnt=1/4[0m
[self_driving-10] [0m[INFO] [1782962551.928531108] [self_driving]: [DEBUG_DRIVE] state=LINE_FOLLOW raw_lane_x=233.5 lane_x=314.0 filter=jump_reject linear=0.30 angular=-0.55 cw_y=384 right_done=False start_turn=True count_turn=21 traffic=None stop=False[0m
[self_driving-10] [0m[INFO] [1782962552.279110903] [self_driving]: [IMAGE] received count=703 shape=(480, 640, 3) queue=0[0m
[self_driving-10] [0m[INFO] [1782962552.472214703] [self_driving]: [DEBUG_DRIVE] state=LINE_FOLLOW raw_lane_x=128.0 lane_x=128.0 filter=stable linear=0.30 angular=0.10 cw_y=384 right_done=False start_turn=False count_turn=0 traffic=None stop=False[0m
[self_driving-10] [0m[INFO] [1782962553.015960613] [self_driving]: [DEBUG_DRIVE] state=LINE_FOLLOW raw_lane_x=-1 lane_x=24.5 filter=hold_last linear=0.30 angular=0.10 cw_y=384 right_done=False start_turn=False count_turn=0 traffic=None stop=False[0m
[self_driving-10] [33m[WARN] [1782962553.090617319] [self_driving]: [LANE_LOST] raw_lane_x=-1 lane_x=-1 filter=lost stop=False state=LINE_FOLLOW safe_linear=0.00 right_ready=False right_done=False[0m
[self_driving-10] [33m[WARN] [1782962553.209951011] [self_driving]: [LANE_X_JUMP_REJECT] raw=202.5 last=24.5 diff=178.0 candidate=202.5 cnt=1/4[0m
[self_driving-10] [0m[INFO] [1782962553.556902359] [self_driving]: [DEBUG_DRIVE] state=LINE_FOLLOW raw_lane_x=-1 lane_x=-1 filter=lost linear=0.30 angular=0.00 cw_y=384 right_done=False start_turn=False count_turn=0 traffic=None stop=False[0m
[self_driving-10] [0m[INFO] [1782962553.621298620] [self_driving]: [CROSSWALK_SLOW] y=384 th=180 confirm=4[0m
[self_driving-10] [33m[WARN] [1782962553.954373855] [self_driving]: [LANE_X_JUMP_REJECT] raw=110.5 last=24.5 diff=86.0 candidate=110.5 cnt=1/4[0m
[self_driving-10] [0m[INFO] [1782962554.339364061] [self_driving]: [IMAGE] received count=734 shape=(480, 640, 3) queue=0[0m
[self_driving-10] [0m[INFO] [1782962554.434536564] [self_driving]: [CW_STAGE 2] 정지선 앞 완전 정지! elapsed=0.81s[0m
[self_driving-10] [33m[WARN] [1782962554.502495826] [self_driving]: [LANE_X_JUMP_REJECT] raw=263.5 last=84.5 diff=179.0 candidate=287.0 cnt=3/4[0m
[self_driving-10] [0m[INFO] [1782962554.503196811] [self_driving]: [CW_STAGE 2] 정지선 앞 완전 정지! elapsed=0.88s[0m
[self_driving-10] [0m[INFO] [1782962554.549848753] [self_driving]: [CW_STAGE 2] 정지선 앞 완전 정지! elapsed=0.93s[0m
[self_driving-10] [0m[INFO] [1782962554.632408965] [self_driving]: [CW_STAGE 2] 정지선 앞 완전 정지! elapsed=1.01s[0m
[self_driving-10] [0m[INFO] [1782962554.710284911] [self_driving]: [CW_STAGE 2] 정지선 앞 완전 정지! elapsed=1.09s[0m
[self_driving-10] [0m[INFO] [1782962554.756348960] [self_driving]: [CW_STAGE 2] 정지선 앞 완전 정지! elapsed=1.13s[0m
[self_driving-10] [0m[INFO] [1782962554.829919678] [self_driving]: [CW_STAGE 2] 정지선 앞 완전 정지! elapsed=1.21s[0m
[self_driving-10] [0m[INFO] [1782962554.888091590] [self_driving]: [CW_STAGE 2] 정지선 앞 완전 정지! elapsed=1.26s[0m
[self_driving-10] [0m[INFO] [1782962554.952451703] [self_driving]: [CW_STAGE 2] 정지선 앞 완전 정지! elapsed=1.33s[0m
[self_driving-10] [0m[INFO] [1782962555.038796214] [self_driving]: [CW_STAGE 2] 정지선 앞 완전 정지! elapsed=1.42s[0m
[self_driving-10] [0m[INFO] [1782962555.091518596] [self_driving]: [CW_STAGE 2] 정지선 앞 완전 정지! elapsed=1.47s[0m
[self_driving-10] [0m[INFO] [1782962555.153342750] [self_driving]: [CW_STAGE 2] 정지선 앞 완전 정지! elapsed=1.53s[0m
[self_driving-10] [0m[INFO] [1782962555.223522283] [self_driving]: [CW_STAGE 2] 정지선 앞 완전 정지! elapsed=1.60s[0m
[self_driving-10] [0m[INFO] [1782962555.285945292] [self_driving]: [CW_STAGE 2] 정지선 앞 완전 정지! elapsed=1.66s[0m
[self_driving-10] [0m[INFO] [1782962555.382642212] [self_driving]: [CW_STAGE 2] 정지선 앞 완전 정지! elapsed=1.76s[0m
[self_driving-10] [0m[INFO] [1782962555.421383498] [self_driving]: [CW_STAGE 2] 정지선 앞 완전 정지! elapsed=1.80s[0m
[self_driving-10] [0m[INFO] [1782962555.508726292] [self_driving]: [CW_STAGE 2] 정지선 앞 완전 정지! elapsed=1.89s[0m
[self_driving-10] [0m[INFO] [1782962555.555913070] [self_driving]: [CW_STAGE 2] 정지선 앞 완전 정지! elapsed=1.93s[0m
[self_driving-10] [0m[INFO] [1782962555.633028197] [self_driving]: [CW_STAGE 2] 정지선 앞 완전 정지! elapsed=2.01s[0m
[self_driving-10] [0m[INFO] [1782962555.698163980] [self_driving]: [CW_STAGE 2] 정지선 앞 완전 정지! elapsed=2.08s[0m
[self_driving-10] [0m[INFO] [1782962555.781253695] [self_driving]: [CW_STAGE 2] 정지선 앞 완전 정지! elapsed=2.16s[0m
[self_driving-10] [0m[INFO] [1782962555.824982935] [self_driving]: [CW_STAGE 2] 정지선 앞 완전 정지! elapsed=2.20s[0m
[self_driving-10] [0m[INFO] [1782962555.907582185] [self_driving]: [CW_STAGE 2] 정지선 앞 완전 정지! elapsed=2.28s[0m
[self_driving-10] [0m[INFO] [1782962555.972979414] [self_driving]: [CW_STAGE 3] 미션 완료 -> 정상 속도 회복 및 6초 락 가동[0m
[self_driving-10] [0m[INFO] [1782962555.977147085] [self_driving]: [DEBUG_DRIVE] state=LINE_FOLLOW raw_lane_x=-1 lane_x=136.5 filter=hold_last linear=0.30 angular=-0.10 cw_y=384 right_done=False start_turn=False count_turn=0 traffic=None stop=False[0m
[self_driving-10] [33m[WARN] [1782962556.115797068] [self_driving]: [LANE_LOST] raw_lane_x=-1 lane_x=-1 filter=lost stop=False state=LINE_FOLLOW safe_linear=0.00 right_ready=False right_done=False[0m
[self_driving-10] [0m[INFO] [1782962556.375776180] [self_driving]: [IMAGE] received count=764 shape=(480, 640, 3) queue=0[0m
[self_driving-10] [0m[INFO] [1782962556.510804829] [self_driving]: [DEBUG_DRIVE] state=LINE_FOLLOW raw_lane_x=-1 lane_x=-1 filter=lost linear=0.30 angular=0.00 cw_y=384 right_done=False start_turn=False count_turn=0 traffic=None stop=False[0m
[self_driving-10] [33m[WARN] [1782962556.634689971] [self_driving]: [LANE_LOST] raw_lane_x=-1 lane_x=-1 filter=lost stop=False state=LINE_FOLLOW safe_linear=0.00 right_ready=False right_done=False[0m
[self_driving-10] [0m[INFO] [1782962557.064092031] [self_driving]: [DEBUG_DRIVE] state=LINE_FOLLOW raw_lane_x=-1 lane_x=-1 filter=lost linear=0.30 angular=0.00 cw_y=384 right_done=False start_turn=False count_turn=0 traffic=None stop=False[0m
[self_driving-10] [33m[WARN] [1782962557.181240730] [self_driving]: [LANE_LOST] raw_lane_x=-1 lane_x=-1 filter=lost stop=False state=LINE_FOLLOW safe_linear=0.00 right_ready=False right_done=False[0m
[self_driving-10] [0m[INFO] [1782962557.581005627] [self_driving]: [DEBUG_DRIVE] state=LINE_FOLLOW raw_lane_x=-1 lane_x=-1 filter=lost linear=0.30 angular=0.00 cw_y=384 right_done=False start_turn=False count_turn=0 traffic=None stop=False[0m
[self_driving-10] [33m[WARN] [1782962557.733574613] [self_driving]: [LANE_LOST] raw_lane_x=-1 lane_x=-1 filter=lost stop=False state=LINE_FOLLOW safe_linear=0.00 right_ready=False right_done=False[0m
[self_driving-10] [0m[INFO] [1782962558.032240418] [self_driving]: [OBJECTS] msg_count=60 n=1 names=['green'][0m
[self_driving-10] [0m[INFO] [1782962558.034132336] [self_driving]: [TRAFFIC_CANDIDATE] name=green valid=True cx=125 cy=375 area=52250 score=0.54 min_area=800[0m
[self_driving-10] [0m[INFO] [1782962558.114381314] [self_driving]: [DEBUG_DRIVE] state=LINE_FOLLOW raw_lane_x=-1 lane_x=-1 filter=lost linear=0.30 angular=0.00 cw_y=0 right_done=False start_turn=False count_turn=0 traffic=green stop=False[0m
[self_driving-10] [33m[WARN] [1782962558.245476237] [self_driving]: [LANE_LOST] raw_lane_x=-1 lane_x=-1 filter=lost stop=False state=LINE_FOLLOW safe_linear=0.00 right_ready=False right_done=False[0m
[self_driving-10] [0m[INFO] [1782962558.453677935] [self_driving]: [IMAGE] received count=795 shape=(480, 640, 3) queue=0[0m
[self_driving-10] [0m[INFO] [1782962558.650165587] [self_driving]: [DEBUG_DRIVE] state=LINE_FOLLOW raw_lane_x=-1 lane_x=-1 filter=lost linear=0.30 angular=0.00 cw_y=0 right_done=False start_turn=False count_turn=0 traffic=None stop=False[0m
[self_driving-10] [33m[WARN] [1782962558.803720263] [self_driving]: [LANE_LOST] raw_lane_x=-1 lane_x=-1 filter=lost stop=False state=LINE_FOLLOW safe_linear=0.00 right_ready=False right_done=False[0m
[self_driving-10] [0m[INFO] [1782962559.192217414] [self_driving]: [DEBUG_DRIVE] state=LINE_FOLLOW raw_lane_x=-1 lane_x=-1 filter=lost linear=0.30 angular=0.00 cw_y=0 right_done=False start_turn=False count_turn=0 traffic=None stop=False[0m
[self_driving-10] [33m[WARN] [1782962559.315443368] [self_driving]: [LANE_LOST] raw_lane_x=-1 lane_x=-1 filter=lost stop=False state=LINE_FOLLOW safe_linear=0.00 right_ready=False right_done=False[0m
[self_driving-10] [0m[INFO] [1782962559.720942445] [self_driving]: [DEBUG_DRIVE] state=LINE_FOLLOW raw_lane_x=-1 lane_x=-1 filter=lost linear=0.30 angular=0.00 cw_y=0 right_done=False start_turn=False count_turn=0 traffic=None stop=False[0m
[self_driving-10] [33m[WARN] [1782962559.863583672] [self_driving]: [LANE_LOST] raw_lane_x=-1 lane_x=-1 filter=lost stop=False state=LINE_FOLLOW safe_linear=0.00 right_ready=False right_done=False[0m
[self_driving-10] [0m[INFO] [1782962560.060543827] [self_driving]: [OBJECTS] msg_count=63 n=1 names=['crosswalk'][0m
[self_driving-10] [0m[INFO] [1782962560.275794841] [self_driving]: [DEBUG_DRIVE] state=LINE_FOLLOW raw_lane_x=-1 lane_x=-1 filter=lost linear=0.30 angular=0.00 cw_y=0 right_done=False start_turn=False count_turn=0 traffic=None stop=False[0m
[self_driving-10] [33m[WARN] [1782962560.409582816] [self_driving]: [LANE_LOST] raw_lane_x=-1 lane_x=-1 filter=lost stop=False state=LINE_FOLLOW safe_linear=0.00 right_ready=False right_done=False[0m
[self_driving-10] [0m[INFO] [1782962560.472122974] [self_driving]: [IMAGE] received count=825 shape=(480, 640, 3) queue=0[0m
[self_driving-10] [0m[INFO] [1782962560.699243850] [self_driving]: [OBJECTS] msg_count=64 n=1 names=['crosswalk'][0m
[self_driving-10] [0m[INFO] [1782962560.699733186] [self_driving]: [CW_CANDIDATE] name=crosswalkcx=565 cy=125 area=19728 score=0.59 [0m
[self_driving-10] [0m[INFO] [1782962560.793945814] [self_driving]: [CROSSWALK_IGNORE] y=125 < th=180[0m
[self_driving-10] [0m[INFO] [1782962560.797996207] [self_driving]: [DEBUG_DRIVE] state=LINE_FOLLOW raw_lane_x=-1 lane_x=-1 filter=lost linear=0.30 angular=0.00 cw_y=125 right_done=False start_turn=False count_turn=0 traffic=None stop=False[0m
[self_driving-10] [33m[WARN] [1782962560.951493197] [self_driving]: [LANE_LOST] raw_lane_x=-1 lane_x=-1 filter=lost stop=False state=LINE_FOLLOW safe_linear=0.00 right_ready=False right_done=False[0m
[self_driving-10] [0m[INFO] [1782962561.028517435] [self_driving]: [CW_CANDIDATE] name=crosswalkcx=577 cy=415 area=16254 score=0.61 [0m
[self_driving-10] [0m[INFO] [1782962561.342834938] [self_driving]: [DEBUG_DRIVE] state=LINE_FOLLOW raw_lane_x=-1 lane_x=-1 filter=lost linear=0.30 angular=0.00 cw_y=415 right_done=False start_turn=False count_turn=0 traffic=None stop=False[0m
[self_driving-10] [33m[WARN] [1782962561.481280679] [self_driving]: [LANE_LOST] raw_lane_x=-1 lane_x=-1 filter=lost stop=False state=LINE_FOLLOW safe_linear=0.00 right_ready=False right_done=False[0m
[self_driving-10] [0m[INFO] [1782962561.876803757] [self_driving]: [DEBUG_DRIVE] state=LINE_FOLLOW raw_lane_x=-1 lane_x=-1 filter=lost linear=0.30 angular=0.00 cw_y=415 right_done=False start_turn=False count_turn=0 traffic=None stop=False[0m
[self_driving-10] [33m[WARN] [1782962562.005689668] [self_driving]: [LANE_LOST] raw_lane_x=-1 lane_x=-1 filter=lost stop=False state=LINE_FOLLOW safe_linear=0.00 right_ready=False right_done=False[0m
[self_driving-10] [0m[INFO] [1782962562.436545699] [self_driving]: [DEBUG_DRIVE] state=LINE_FOLLOW raw_lane_x=-1 lane_x=-1 filter=lost linear=0.30 angular=0.00 cw_y=415 right_done=False start_turn=False count_turn=0 traffic=None stop=False[0m
[self_driving-10] [0m[INFO] [1782962562.477664461] [self_driving]: [IMAGE] received count=855 shape=(480, 640, 3) queue=0[0m
[self_driving-10] [33m[WARN] [1782962562.544543069] [self_driving]: [LANE_LOST] raw_lane_x=-1 lane_x=-1 filter=lost stop=False state=LINE_FOLLOW safe_linear=0.00 right_ready=False right_done=False[0m
[self_driving-10] [0m[INFO] [1782962562.964554874] [self_driving]: [DEBUG_DRIVE] state=LINE_FOLLOW raw_lane_x=-1 lane_x=-1 filter=lost linear=0.30 angular=0.00 cw_y=415 right_done=False start_turn=False count_turn=0 traffic=None stop=False[0m
[self_driving-10] [33m[WARN] [1782962563.102501557] [self_driving]: [LANE_LOST] raw_lane_x=-1 lane_x=-1 filter=lost stop=False state=LINE_FOLLOW safe_linear=0.00 right_ready=False right_done=False[0m
[self_driving-10] [0m[INFO] [1782962563.504087631] [self_driving]: [DEBUG_DRIVE] state=LINE_FOLLOW raw_lane_x=-1 lane_x=-1 filter=lost linear=0.30 angular=0.00 cw_y=415 right_done=False start_turn=False count_turn=0 traffic=None stop=False[0m
[self_driving-10] [33m[WARN] [1782962563.633451063] [self_driving]: [LANE_LOST] raw_lane_x=-1 lane_x=-1 filter=lost stop=False state=LINE_FOLLOW safe_linear=0.00 right_ready=False right_done=False[0m
[self_driving-10] [0m[INFO] [1782962564.024462987] [self_driving]: [DEBUG_DRIVE] state=LINE_FOLLOW raw_lane_x=-1 lane_x=-1 filter=lost linear=0.30 angular=0.00 cw_y=415 right_done=False start_turn=False count_turn=0 traffic=None stop=False[0m
[self_driving-10] [33m[WARN] [1782962564.169888840] [self_driving]: [LANE_LOST] raw_lane_x=-1 lane_x=-1 filter=lost stop=False state=LINE_FOLLOW safe_linear=0.00 right_ready=False right_done=False[0m
[self_driving-10] [0m[INFO] [1782962564.488413644] [self_driving]: [IMAGE] received count=885 shape=(480, 640, 3) queue=0[0m
[self_driving-10] [0m[INFO] [1782962564.572828515] [self_driving]: [DEBUG_DRIVE] state=LINE_FOLLOW raw_lane_x=-1 lane_x=-1 filter=lost linear=0.30 angular=0.00 cw_y=415 right_done=False start_turn=False count_turn=0 traffic=None stop=False[0m
[self_driving-10] [33m[WARN] [1782962564.718716334] [self_driving]: [LANE_LOST] raw_lane_x=-1 lane_x=-1 filter=lost stop=False state=LINE_FOLLOW safe_linear=0.00 right_ready=False right_done=False[0m
[self_driving-10] [0m[INFO] [1782962565.102852053] [self_driving]: [DEBUG_DRIVE] state=LINE_FOLLOW raw_lane_x=-1 lane_x=-1 filter=lost linear=0.30 angular=0.00 cw_y=415 right_done=False start_turn=False count_turn=0 traffic=None stop=False[0m
[self_driving-10] [33m[WARN] [1782962565.244178032] [self_driving]: [LANE_LOST] raw_lane_x=-1 lane_x=-1 filter=lost stop=False state=LINE_FOLLOW safe_linear=0.00 right_ready=False right_done=False[0m
[self_driving-10] [0m[INFO] [1782962565.632401940] [self_driving]: [DEBUG_DRIVE] state=LINE_FOLLOW raw_lane_x=-1 lane_x=-1 filter=lost linear=0.30 angular=0.00 cw_y=415 right_done=False start_turn=False count_turn=0 traffic=None stop=False[0m
[self_driving-10] [33m[WARN] [1782962565.785170686] [self_driving]: [LANE_LOST] raw_lane_x=-1 lane_x=-1 filter=lost stop=False state=LINE_FOLLOW safe_linear=0.00 right_ready=False right_done=False[0m
[self_driving-10] [0m[INFO] [1782962566.178232232] [self_driving]: [CROSSWALK_SLOW] y=415 th=180 confirm=4[0m
[self_driving-10] [0m[INFO] [1782962566.513126033] [self_driving]: [IMAGE] received count=915 shape=(480, 640, 3) queue=0[0m
[self_driving-10] [0m[INFO] [1782962566.979552074] [self_driving]: [CW_STAGE 2] 정지선 앞 완전 정지! elapsed=0.80s[0m
[self_driving-10] [0m[INFO] [1782962567.080210015] [self_driving]: [CW_STAGE 2] 정지선 앞 완전 정지! elapsed=0.90s[0m
[self_driving-10] [0m[INFO] [1782962567.134412035] [self_driving]: [CW_STAGE 2] 정지선 앞 완전 정지! elapsed=0.96s[0m
[self_driving-10] [0m[INFO] [1782962567.191171865] [self_driving]: [CW_STAGE 2] 정지선 앞 완전 정지! elapsed=1.01s[0m
[self_driving-10] [0m[INFO] [1782962567.250228596] [self_driving]: [CW_STAGE 2] 정지선 앞 완전 정지! elapsed=1.07s[0m
[self_driving-10] [0m[INFO] [1782962567.338537562] [self_driving]: [CW_STAGE 2] 정지선 앞 완전 정지! elapsed=1.16s[0m
[self_driving-10] [0m[INFO] [1782962567.396601047] [self_driving]: [CW_STAGE 2] 정지선 앞 완전 정지! elapsed=1.22s[0m
[self_driving-10] [0m[INFO] [1782962567.472540242] [self_driving]: [CW_STAGE 2] 정지선 앞 완전 정지! elapsed=1.29s[0m
[self_driving-10] [0m[INFO] [1782962567.530473745] [self_driving]: [CW_STAGE 2] 정지선 앞 완전 정지! elapsed=1.35s[0m
[self_driving-10] [0m[INFO] [1782962567.583585703] [self_driving]: [CW_STAGE 2] 정지선 앞 완전 정지! elapsed=1.41s[0m
[self_driving-10] [0m[INFO] [1782962567.673215880] [self_driving]: [CW_STAGE 2] 정지선 앞 완전 정지! elapsed=1.50s[0m
[self_driving-10] [0m[INFO] [1782962567.735906206] [self_driving]: [CW_STAGE 2] 정지선 앞 완전 정지! elapsed=1.56s[0m
[self_driving-10] [0m[INFO] [1782962567.787168765] [self_driving]: [CW_STAGE 2] 정지선 앞 완전 정지! elapsed=1.61s[0m
[self_driving-10] [0m[INFO] [1782962567.853478110] [self_driving]: [CW_STAGE 2] 정지선 앞 완전 정지! elapsed=1.67s[0m
[self_driving-10] [0m[INFO] [1782962567.918739265] [self_driving]: [CW_STAGE 2] 정지선 앞 완전 정지! elapsed=1.74s[0m
[self_driving-10] [0m[INFO] [1782962568.014428049] [self_driving]: [CW_STAGE 2] 정지선 앞 완전 정지! elapsed=1.83s[0m
[self_driving-10] [0m[INFO] [1782962568.057661694] [self_driving]: [CW_STAGE 2] 정지선 앞 완전 정지! elapsed=1.88s[0m
[self_driving-10] [0m[INFO] [1782962568.123693630] [self_driving]: [CW_STAGE 2] 정지선 앞 완전 정지! elapsed=1.94s[0m
[self_driving-10] [0m[INFO] [1782962568.201603484] [self_driving]: [CW_STAGE 2] 정지선 앞 완전 정지! elapsed=2.02s[0m
[self_driving-10] [0m[INFO] [1782962568.260719901] [self_driving]: [CW_STAGE 2] 정지선 앞 완전 정지! elapsed=2.08s[0m
[self_driving-10] [0m[INFO] [1782962568.351182582] [self_driving]: [CW_STAGE 2] 정지선 앞 완전 정지! elapsed=2.17s[0m
[self_driving-10] [0m[INFO] [1782962568.409493198] [self_driving]: [CW_STAGE 2] 정지선 앞 완전 정지! elapsed=2.23s[0m
[self_driving-10] [0m[INFO] [1782962568.475061966] [self_driving]: [CW_STAGE 2] 정지선 앞 완전 정지! elapsed=2.30s[0m
[self_driving-10] [0m[INFO] [1782962568.526234654] [self_driving]: [IMAGE] received count=945 shape=(480, 640, 3) queue=0[0m
[self_driving-10] [0m[INFO] [1782962568.533078821] [self_driving]: [CW_STAGE 3] 미션 완료 -> 정상 속도 회복 및 6초 락 가동[0m
[self_driving-10] [33m[WARN] [1782962568.535048239] [self_driving]: [LANE_LOST] raw_lane_x=-1 lane_x=-1 filter=lost stop=False state=LINE_FOLLOW safe_linear=0.00 right_ready=False right_done=False[0m
[self_driving-10] [0m[INFO] [1782962568.535553650] [self_driving]: [DEBUG_DRIVE] state=LINE_FOLLOW raw_lane_x=-1 lane_x=-1 filter=lost linear=0.30 angular=0.00 cw_y=415 right_done=False start_turn=False count_turn=0 traffic=None stop=False[0m
[self_driving-10] [33m[WARN] [1782962569.083718102] [self_driving]: [LANE_LOST] raw_lane_x=-1 lane_x=-1 filter=lost stop=False state=LINE_FOLLOW safe_linear=0.00 right_ready=False right_done=False[0m
[self_driving-10] [0m[INFO] [1782962569.086483173] [self_driving]: [DEBUG_DRIVE] state=LINE_FOLLOW raw_lane_x=-1 lane_x=-1 filter=lost linear=0.30 angular=0.00 cw_y=415 right_done=False start_turn=False count_turn=0 traffic=None stop=False[0m
[self_driving-10] [33m[WARN] [1782962569.637838680] [self_driving]: [LANE_LOST] raw_lane_x=-1 lane_x=-1 filter=lost stop=False state=LINE_FOLLOW safe_linear=0.00 right_ready=False right_done=False[0m
[self_driving-10] [0m[INFO] [1782962569.638362294] [self_driving]: [DEBUG_DRIVE] state=LINE_FOLLOW raw_lane_x=-1 lane_x=-1 filter=lost linear=0.30 angular=0.00 cw_y=415 right_done=False start_turn=False count_turn=0 traffic=None stop=False[0m
[self_driving-10] [33m[WARN] [1782962570.151824982] [self_driving]: [LANE_LOST] raw_lane_x=-1 lane_x=-1 filter=lost stop=False state=LINE_FOLLOW safe_linear=0.00 right_ready=False right_done=False[0m
[self_driving-10] [0m[INFO] [1782962570.152462023] [self_driving]: [DEBUG_DRIVE] state=LINE_FOLLOW raw_lane_x=-1 lane_x=-1 filter=lost linear=0.30 angular=0.00 cw_y=415 right_done=False start_turn=False count_turn=0 traffic=None stop=False[0m
[self_driving-10] [0m[INFO] [1782962570.539941871] [self_driving]: [IMAGE] received count=975 shape=(480, 640, 3) queue=0[0m
[self_driving-10] [33m[WARN] [1782962570.691127127] [self_driving]: [LANE_LOST] raw_lane_x=-1 lane_x=-1 filter=lost stop=False state=LINE_FOLLOW safe_linear=0.00 right_ready=False right_done=False[0m
[self_driving-10] [0m[INFO] [1782962570.691618185] [self_driving]: [DEBUG_DRIVE] state=LINE_FOLLOW raw_lane_x=-1 lane_x=-1 filter=lost linear=0.30 angular=0.00 cw_y=415 right_done=False start_turn=False count_turn=0 traffic=None stop=False[0m
[self_driving-10] [33m[WARN] [1782962571.222356153] [self_driving]: [LANE_LOST] raw_lane_x=-1 lane_x=-1 filter=lost stop=False state=LINE_FOLLOW safe_linear=0.00 right_ready=False right_done=False[0m
[self_driving-10] [0m[INFO] [1782962571.222856489] [self_driving]: [DEBUG_DRIVE] state=LINE_FOLLOW raw_lane_x=-1 lane_x=-1 filter=lost linear=0.30 angular=0.00 cw_y=415 right_done=False start_turn=False count_turn=0 traffic=None stop=False[0m
[self_driving-10] [33m[WARN] [1782962571.775711153] [self_driving]: [LANE_LOST] raw_lane_x=-1 lane_x=-1 filter=lost stop=False state=LINE_FOLLOW safe_linear=0.00 right_ready=False right_done=False[0m
[self_driving-10] [0m[INFO] [1782962571.776222044] [self_driving]: [DEBUG_DRIVE] state=LINE_FOLLOW raw_lane_x=-1 lane_x=-1 filter=lost linear=0.30 angular=0.00 cw_y=415 right_done=False start_turn=False count_turn=0 traffic=None stop=False[0m
[self_driving-10] [33m[WARN] [1782962572.309078005] [self_driving]: [LANE_LOST] raw_lane_x=-1 lane_x=-1 filter=lost stop=False state=LINE_FOLLOW safe_linear=0.00 right_ready=False right_done=False[0m
[self_driving-10] [0m[INFO] [1782962572.312337283] [self_driving]: [DEBUG_DRIVE] state=LINE_FOLLOW raw_lane_x=-1 lane_x=-1 filter=lost linear=0.30 angular=0.00 cw_y=415 right_done=False start_turn=False count_turn=0 traffic=None stop=False[0m
[self_driving-10] [0m[INFO] [1782962572.567957611] [self_driving]: [IMAGE] received count=1005 shape=(480, 640, 3) queue=0[0m
[self_driving-10] [33m[WARN] [1782962572.829801882] [self_driving]: [LANE_LOST] raw_lane_x=-1 lane_x=-1 filter=lost stop=False state=LINE_FOLLOW safe_linear=0.00 right_ready=False right_done=False[0m
[self_driving-10] [0m[INFO] [1782962572.830356736] [self_driving]: [DEBUG_DRIVE] state=LINE_FOLLOW raw_lane_x=-1 lane_x=-1 filter=lost linear=0.30 angular=0.00 cw_y=415 right_done=False start_turn=False count_turn=0 traffic=None stop=False[0m
[self_driving-10] [33m[WARN] [1782962573.376255084] [self_driving]: [LANE_LOST] raw_lane_x=-1 lane_x=-1 filter=lost stop=False state=LINE_FOLLOW safe_linear=0.00 right_ready=False right_done=False[0m
[self_driving-10] [0m[INFO] [1782962573.379368601] [self_driving]: [DEBUG_DRIVE] state=LINE_FOLLOW raw_lane_x=-1 lane_x=-1 filter=lost linear=0.30 angular=0.00 cw_y=415 right_done=False start_turn=False count_turn=0 traffic=None stop=False[0m
[self_driving-10] [33m[WARN] [1782962573.901387725] [self_driving]: [LANE_LOST] raw_lane_x=-1 lane_x=-1 filter=lost stop=False state=LINE_FOLLOW safe_linear=0.00 right_ready=False right_done=False[0m
[self_driving-10] [0m[INFO] [1782962573.901868783] [self_driving]: [DEBUG_DRIVE] state=LINE_FOLLOW raw_lane_x=-1 lane_x=-1 filter=lost linear=0.30 angular=0.00 cw_y=415 right_done=False start_turn=False count_turn=0 traffic=None stop=False[0m
[self_driving-10] [33m[WARN] [1782962574.453196290] [self_driving]: [LANE_LOST] raw_lane_x=-1 lane_x=-1 filter=lost stop=False state=LINE_FOLLOW safe_linear=0.00 right_ready=False right_done=False[0m
[self_driving-10] [0m[INFO] [1782962574.453883127] [self_driving]: [DEBUG_DRIVE] state=LINE_FOLLOW raw_lane_x=-1 lane_x=-1 filter=lost linear=0.30 angular=0.00 cw_y=415 right_done=False start_turn=False count_turn=0 traffic=None stop=False[0m
[self_driving-10] [0m[INFO] [1782962574.591984441] [self_driving]: [IMAGE] received count=1035 shape=(480, 640, 3) queue=0[0m
[self_driving-10] [33m[WARN] [1782962574.994298519] [self_driving]: [LANE_LOST] raw_lane_x=-1 lane_x=-1 filter=lost stop=False state=LINE_FOLLOW safe_linear=0.00 right_ready=False right_done=False[0m
[self_driving-10] [0m[INFO] [1782962574.995173524] [self_driving]: [DEBUG_DRIVE] state=LINE_FOLLOW raw_lane_x=-1 lane_x=-1 filter=lost linear=0.30 angular=0.00 cw_y=415 right_done=False start_turn=False count_turn=0 traffic=None stop=False[0m
[self_driving-10] [33m[WARN] [1782962575.510447611] [self_driving]: [LANE_LOST] raw_lane_x=-1 lane_x=-1 filter=lost stop=False state=LINE_FOLLOW safe_linear=0.00 right_ready=False right_done=False[0m
[self_driving-10] [0m[INFO] [1782962575.510975002] [self_driving]: [DEBUG_DRIVE] state=LINE_FOLLOW raw_lane_x=-1 lane_x=-1 filter=lost linear=0.30 angular=0.00 cw_y=415 right_done=False start_turn=False count_turn=0 traffic=None stop=False[0m
[self_driving-10] [33m[WARN] [1782962576.059223381] [self_driving]: [LANE_LOST] raw_lane_x=-1 lane_x=-1 filter=lost stop=False state=LINE_FOLLOW safe_linear=0.00 right_ready=False right_done=False[0m
[self_driving-10] [0m[INFO] [1782962576.060505481] [self_driving]: [DEBUG_DRIVE] state=LINE_FOLLOW raw_lane_x=-1 lane_x=-1 filter=lost linear=0.30 angular=0.00 cw_y=415 right_done=False start_turn=False count_turn=0 traffic=None stop=False[0m
[self_driving-10] [0m[INFO] [1782962576.603814277] [self_driving]: [IMAGE] received count=1065 shape=(480, 640, 3) queue=0[0m
[self_driving-10] [33m[WARN] [1782962576.611650098] [self_driving]: [LANE_LOST] raw_lane_x=-1 lane_x=-1 filter=lost stop=False state=LINE_FOLLOW safe_linear=0.00 right_ready=False right_done=False[0m
[self_driving-10] [0m[INFO] [1782962576.612144082] [self_driving]: [DEBUG_DRIVE] state=LINE_FOLLOW raw_lane_x=-1 lane_x=-1 filter=lost linear=0.30 angular=0.00 cw_y=415 right_done=False start_turn=False count_turn=0 traffic=None stop=False[0m
[self_driving-10] [33m[WARN] [1782962577.145970086] [self_driving]: [LANE_LOST] raw_lane_x=-1 lane_x=-1 filter=lost stop=False state=LINE_FOLLOW safe_linear=0.00 right_ready=False right_done=False[0m
[self_driving-10] [0m[INFO] [1782962577.146492014] [self_driving]: [DEBUG_DRIVE] state=LINE_FOLLOW raw_lane_x=-1 lane_x=-1 filter=lost linear=0.30 angular=0.00 cw_y=415 right_done=False start_turn=False count_turn=0 traffic=None stop=False[0m
[self_driving-10] [33m[WARN] [1782962577.682739865] [self_driving]: [LANE_LOST] raw_lane_x=-1 lane_x=-1 filter=lost stop=False state=LINE_FOLLOW safe_linear=0.00 right_ready=False right_done=False[0m
[self_driving-10] [0m[INFO] [1782962577.683340016] [self_driving]: [DEBUG_DRIVE] state=LINE_FOLLOW raw_lane_x=-1 lane_x=-1 filter=lost linear=0.30 angular=0.00 cw_y=415 right_done=False start_turn=False count_turn=0 traffic=None stop=False[0m
[self_driving-10] [33m[WARN] [1782962578.222352770] [self_driving]: [LANE_LOST] raw_lane_x=-1 lane_x=-1 filter=lost stop=False state=LINE_FOLLOW safe_linear=0.00 right_ready=False right_done=False[0m
[self_driving-10] [0m[INFO] [1782962578.222906977] [self_driving]: [DEBUG_DRIVE] state=LINE_FOLLOW raw_lane_x=-1 lane_x=-1 filter=lost linear=0.30 angular=0.00 cw_y=415 right_done=False start_turn=False count_turn=0 traffic=None stop=False[0m
[self_driving-10] [0m[INFO] [1782962578.615540965] [self_driving]: [IMAGE] received count=1095 shape=(480, 640, 3) queue=0[0m
[self_driving-10] [0m[INFO] [1782962578.748283101] [self_driving]: [CROSSWALK_SLOW] y=415 th=180 confirm=4[0m
[self_driving-10] [0m[INFO] [1782962579.559370422] [self_driving]: [CW_STAGE 2] 정지선 앞 완전 정지! elapsed=0.80s[0m
[self_driving-10] [0m[INFO] [1782962579.615787158] [self_driving]: [CW_STAGE 2] 정지선 앞 완전 정지! elapsed=0.87s[0m
[self_driving-10] [0m[INFO] [1782962579.684776240] [self_driving]: [CW_STAGE 2] 정지선 앞 완전 정지! elapsed=0.94s[0m
[self_driving-10] [0m[INFO] [1782962579.754013638] [self_driving]: [CW_STAGE 2] 정지선 앞 완전 정지! elapsed=1.01s[0m
[self_driving-10] [0m[INFO] [1782962579.811888475] [self_driving]: [CW_STAGE 2] 정지선 앞 완전 정지! elapsed=1.06s[0m
[self_driving-10] [0m[INFO] [1782962579.905367154] [self_driving]: [CW_STAGE 2] 정지선 앞 완전 정지! elapsed=1.16s[0m
[self_driving-10] [0m[INFO] [1782962579.956865011] [self_driving]: [CW_STAGE 2] 정지선 앞 완전 정지! elapsed=1.21s[0m
[self_driving-10] [0m[INFO] [1782962580.013513655] [self_driving]: [CW_STAGE 2] 정지선 앞 완전 정지! elapsed=1.26s[0m
[self_driving-10] [0m[INFO] [1782962580.096908613] [self_driving]: [CW_STAGE 2] 정지선 앞 완전 정지! elapsed=1.35s[0m
[self_driving-10] [0m[INFO] [1782962580.150044441] [self_driving]: [CW_STAGE 2] 정지선 앞 완전 정지! elapsed=1.40s[0m
[self_driving-10] [0m[INFO] [1782962580.230924904] [self_driving]: [CW_STAGE 2] 정지선 앞 완전 정지! elapsed=1.48s[0m
[self_driving-10] [0m[INFO] [1782962580.293852286] [self_driving]: [CW_STAGE 2] 정지선 앞 완전 정지! elapsed=1.54s[0m
[self_driving-10] [0m[INFO] [1782962580.367919044] [self_driving]: [CW_STAGE 2] 정지선 앞 완전 정지! elapsed=1.62s[0m
[self_driving-10] [0m[INFO] [1782962580.426431310] [self_driving]: [CW_STAGE 2] 정지선 앞 완전 정지! elapsed=1.68s[0m
[self_driving-10] [0m[INFO] [1782962580.501646130] [self_driving]: [CW_STAGE 2] 정지선 앞 완전 정지! elapsed=1.75s[0m
[self_driving-10] [0m[INFO] [1782962580.573309560] [self_driving]: [CW_STAGE 2] 정지선 앞 완전 정지! elapsed=1.82s[0m
[self_driving-10] [0m[INFO] [1782962580.621675437] [self_driving]: [IMAGE] received count=1125 shape=(480, 640, 3) queue=0[0m
[self_driving-10] [0m[INFO] [1782962580.629386553] [self_driving]: [CW_STAGE 2] 정지선 앞 완전 정지! elapsed=1.88s[0m
[self_driving-10] [0m[INFO] [1782962580.705771102] [self_driving]: [CW_STAGE 2] 정지선 앞 완전 정지! elapsed=1.95s[0m
[self_driving-10] [0m[INFO] [1782962580.767819572] [self_driving]: [CW_STAGE 2] 정지선 앞 완전 정지! elapsed=2.02s[0m
[self_driving-10] [0m[INFO] [1782962580.824636532] [self_driving]: [CW_STAGE 2] 정지선 앞 완전 정지! elapsed=2.08s[0m
[self_driving-10] [0m[INFO] [1782962580.891896327] [self_driving]: [CW_STAGE 2] 정지선 앞 완전 정지! elapsed=2.14s[0m
[self_driving-10] [0m[INFO] [1782962580.973627146] [self_driving]: [CW_STAGE 2] 정지선 앞 완전 정지! elapsed=2.23s[0m
[self_driving-10] [0m[INFO] [1782962581.033463104] [self_driving]: [CW_STAGE 2] 정지선 앞 완전 정지! elapsed=2.28s[0m
[self_driving-10] [0m[INFO] [1782962581.100616473] [self_driving]: [CW_STAGE 3] 미션 완료 -> 정상 속도 회복 및 6초 락 가동[0m
[self_driving-10] [33m[WARN] [1782962581.102574187] [self_driving]: [LANE_LOST] raw_lane_x=-1 lane_x=-1 filter=lost stop=False state=LINE_FOLLOW safe_linear=0.00 right_ready=False right_done=False[0m
[self_driving-10] [0m[INFO] [1782962581.104193381] [self_driving]: [DEBUG_DRIVE] state=LINE_FOLLOW raw_lane_x=-1 lane_x=-1 filter=lost linear=0.30 angular=0.00 cw_y=415 right_done=False start_turn=False count_turn=0 traffic=None stop=False[0m
[self_driving-10] [33m[WARN] [1782962581.642218019] [self_driving]: [LANE_LOST] raw_lane_x=-1 lane_x=-1 filter=lost stop=False state=LINE_FOLLOW safe_linear=0.00 right_ready=False right_done=False[0m
[self_driving-10] [0m[INFO] [1782962581.642730966] [self_driving]: [DEBUG_DRIVE] state=LINE_FOLLOW raw_lane_x=-1 lane_x=-1 filter=lost linear=0.30 angular=0.00 cw_y=415 right_done=False start_turn=False count_turn=0 traffic=None stop=False[0m
[self_driving-10] [33m[WARN] [1782962582.169532301] [self_driving]: [LANE_LOST] raw_lane_x=-1 lane_x=-1 filter=lost stop=False state=LINE_FOLLOW safe_linear=0.00 right_ready=False right_done=False[0m
[self_driving-10] [0m[INFO] [1782962582.170043212] [self_driving]: [DEBUG_DRIVE] state=LINE_FOLLOW raw_lane_x=-1 lane_x=-1 filter=lost linear=0.30 angular=0.00 cw_y=415 right_done=False start_turn=False count_turn=0 traffic=None stop=False[0m
[self_driving-10] [0m[INFO] [1782962582.649615362] [self_driving]: [IMAGE] received count=1155 shape=(480, 640, 3) queue=0[0m
[self_driving-10] [33m[WARN] [1782962582.729172521] [self_driving]: [LANE_LOST] raw_lane_x=-1 lane_x=-1 filter=lost stop=False state=LINE_FOLLOW safe_linear=0.00 right_ready=False right_done=False[0m
[self_driving-10] [0m[INFO] [1782962582.729647820] [self_driving]: [DEBUG_DRIVE] state=LINE_FOLLOW raw_lane_x=-1 lane_x=-1 filter=lost linear=0.30 angular=0.00 cw_y=415 right_done=False start_turn=False count_turn=0 traffic=None stop=False[0m
[self_driving-10] [33m[WARN] [1782962583.251627425] [self_driving]: [LANE_LOST] raw_lane_x=-1 lane_x=-1 filter=lost stop=False state=LINE_FOLLOW safe_linear=0.00 right_ready=False right_done=False[0m
[self_driving-10] [0m[INFO] [1782962583.252256558] [self_driving]: [DEBUG_DRIVE] state=LINE_FOLLOW raw_lane_x=-1 lane_x=-1 filter=lost linear=0.30 angular=0.00 cw_y=415 right_done=False start_turn=False count_turn=0 traffic=None stop=False[0m
[self_driving-10] [33m[WARN] [1782962583.798819168] [self_driving]: [LANE_LOST] raw_lane_x=-1 lane_x=-1 filter=lost stop=False state=LINE_FOLLOW safe_linear=0.00 right_ready=False right_done=False[0m
[self_driving-10] [0m[INFO] [1782962583.799381375] [self_driving]: [DEBUG_DRIVE] state=LINE_FOLLOW raw_lane_x=-1 lane_x=-1 filter=lost linear=0.30 angular=0.00 cw_y=415 right_done=False start_turn=False count_turn=0 traffic=None stop=False[0m
[self_driving-10] [33m[WARN] [1782962584.335787022] [self_driving]: [LANE_LOST] raw_lane_x=-1 lane_x=-1 filter=lost stop=False state=LINE_FOLLOW safe_linear=0.00 right_ready=False right_done=False[0m
[self_driving-10] [0m[INFO] [1782962584.340607141] [self_driving]: [DEBUG_DRIVE] state=LINE_FOLLOW raw_lane_x=-1 lane_x=-1 filter=lost linear=0.30 angular=0.00 cw_y=415 right_done=False start_turn=False count_turn=0 traffic=None stop=False[0m
[self_driving-10] [0m[INFO] [1782962584.653038300] [self_driving]: [IMAGE] received count=1185 shape=(480, 640, 3) queue=0[0m
[self_driving-10] [33m[WARN] [1782962584.854976501] [self_driving]: [LANE_LOST] raw_lane_x=-1 lane_x=-1 filter=lost stop=False state=LINE_FOLLOW safe_linear=0.00 right_ready=False right_done=False[0m
[self_driving-10] [0m[INFO] [1782962584.855570912] [self_driving]: [DEBUG_DRIVE] state=LINE_FOLLOW raw_lane_x=-1 lane_x=-1 filter=lost linear=0.30 angular=0.00 cw_y=415 right_done=False start_turn=False count_turn=0 traffic=None stop=False[0m
[self_driving-10] [33m[WARN] [1782962585.399160784] [self_driving]: [LANE_LOST] raw_lane_x=-1 lane_x=-1 filter=lost stop=False state=LINE_FOLLOW safe_linear=0.00 right_ready=False right_done=False[0m
[self_driving-10] [0m[INFO] [1782962585.400811219] [self_driving]: [DEBUG_DRIVE] state=LINE_FOLLOW raw_lane_x=-1 lane_x=-1 filter=lost linear=0.30 angular=0.00 cw_y=415 right_done=False start_turn=False count_turn=0 traffic=None stop=False[0m
[self_driving-10] [33m[WARN] [1782962585.943481604] [self_driving]: [LANE_LOST] raw_lane_x=-1 lane_x=-1 filter=lost stop=False state=LINE_FOLLOW safe_linear=0.00 right_ready=False right_done=False[0m
[self_driving-10] [0m[INFO] [1782962585.948350372] [self_driving]: [DEBUG_DRIVE] state=LINE_FOLLOW raw_lane_x=-1 lane_x=-1 filter=lost linear=0.30 angular=0.00 cw_y=415 right_done=False start_turn=False count_turn=0 traffic=None stop=False[0m
