[INFO] [launch]: All log files can be found below /home/ubuntu/.ros/log/2026-07-02-09-35-41-989046-raspberrypi-1033295
[INFO] [launch]: Default logging verbosity is set to INFO
[INFO] [ascamera_node-1]: process started with pid [1033312]
[INFO] [static_transform_publisher-2]: process started with pid [1033314]
[INFO] [static_transform_publisher-3]: process started with pid [1033316]
[INFO] [joint_state_publisher-4]: process started with pid [1033318]
[INFO] [robot_state_publisher-5]: process started with pid [1033320]
[INFO] [ros_robot_controller-6]: process started with pid [1033322]
[INFO] [odom_publisher-7]: process started with pid [1033324]
[INFO] [ekf_node-8]: process started with pid [1033326]
[INFO] [yolo_detect-9]: process started with pid [1033328]
[INFO] [self_driving-10]: process started with pid [1033330]
[ascamera_node-1] [0m[INFO] [1782984943.234973053] [as_logger]: hello world angstrong camera ros2 node[0m
[static_transform_publisher-2] [33m[WARN] [1782984943.243344839] []: Old-style arguments are deprecated; see --help for new-style arguments[0m
[static_transform_publisher-3] [33m[WARN] [1782984943.248961389] []: Old-style arguments are deprecated; see --help for new-style arguments[0m
[ascamera_node-1] 2026-07-02 09:35:43[INFO] [CameraPublisher.cpp] [1558] [printLaunchParams] get depth_width 640
[ascamera_node-1] 2026-07-02 09:35:43[INFO] [CameraPublisher.cpp] [1559] [printLaunchParams] get depth_height 480
[ascamera_node-1] 2026-07-02 09:35:43[INFO] [CameraPublisher.cpp] [1561] [printLaunchParams] get rgb_width 640
[ascamera_node-1] 2026-07-02 09:35:43[INFO] [CameraPublisher.cpp] [1562] [printLaunchParams] get rgb_height 480
[ascamera_node-1] 2026-07-02 09:35:43[INFO] [CameraPublisher.cpp] [1570] [printLaunchParams] get set_fps 15
[ascamera_node-1] 2026-07-02 09:35:43[INFO] [CameraPublisher.cpp] [1578] [printLaunchParams] get color_pcl 1
[ascamera_node-1] 2026-07-02 09:35:43[INFO] [CameraPublisher.cpp] [1582] [printLaunchParams] get pub_tfTree 1
[ascamera_node-1] 2026-07-02 09:35:43[INFO] [CameraSrv.cpp] [35] [CameraSrv] Angstrong camera server
[ascamera_node-1] 2026-07-02 09:35:43[INFO] [CameraSrv.cpp] [45] [CameraSrv] Angstrong camera sdk version:v1.2.22.20240516
[static_transform_publisher-3] [0m[INFO] [1782984943.444022176] [static_transform_publisher_DRXuIeocdz8jDjH6]: Spinning until stopped - publishing transform
[static_transform_publisher-3] translation: ('0.000000', '0.000000', '0.000000')
[static_transform_publisher-3] rotation: ('-0.500000', '0.499602', '-0.500000', '0.500398')
[static_transform_publisher-3] from 'depth_cam' to 'ascamera_color_0'[0m
[static_transform_publisher-2] [0m[INFO] [1782984943.445586684] [static_transform_publisher_MNWEu43CQkQ0zb0l]: Spinning until stopped - publishing transform
[static_transform_publisher-2] translation: ('0.000000', '0.000000', '0.000000')
[static_transform_publisher-2] rotation: ('-0.500000', '0.499602', '-0.500000', '0.500398')
[static_transform_publisher-2] from 'depth_cam' to 'ascamera_camera_link_0'[0m
[robot_state_publisher-5] [0m[INFO] [1782984943.532588233] [robot_state_publisher]: got segment base_footprint[0m
[robot_state_publisher-5] [0m[INFO] [1782984943.532718938] [robot_state_publisher]: got segment base_link[0m
[robot_state_publisher-5] [0m[INFO] [1782984943.532729401] [robot_state_publisher]: got segment depth_cam[0m
[robot_state_publisher-5] [0m[INFO] [1782984943.532736938] [robot_state_publisher]: got segment imu_link[0m
[robot_state_publisher-5] [0m[INFO] [1782984943.532743290] [robot_state_publisher]: got segment lidar_frame[0m
[robot_state_publisher-5] [0m[INFO] [1782984943.532749734] [robot_state_publisher]: got segment wheel_lb_Link[0m
[robot_state_publisher-5] [0m[INFO] [1782984943.532756364] [robot_state_publisher]: got segment wheel_lf_Link[0m
[robot_state_publisher-5] [0m[INFO] [1782984943.532762660] [robot_state_publisher]: got segment wheel_rb_Link[0m
[robot_state_publisher-5] [0m[INFO] [1782984943.532769734] [robot_state_publisher]: got segment wheel_rf_Link[0m
[ascamera_node-1] 2026-07-02 09:35:44[INFO] [CameraSrv.cpp] [114] [onAttached] attached
[ascamera_node-1] 2026-07-02 09:35:44[INFO] [CameraSrv.cpp] [145] [onAttached] this is a new attach device, create and open it
[joint_state_publisher-4] [0m[INFO] [1782984944.407385154] [joint_state_publisher]: Waiting for robot_description to be published on the robot_description topic...[0m
[odom_publisher-7] [0m[INFO] [1782984944.452167565] [odom_publisher]: [1;32m0.930000 1.010000[0m[0m
[odom_publisher-7] [0m[INFO] [1782984944.499856325] [odom_publisher]: [1;32mstart[0m[0m
[ros_robot_controller-6] [0m[INFO] [1782984945.039979307] [ros_robot_controller]: 已设置舵机 1 的偏移量为 0[0m
[ros_robot_controller-6] [0m[INFO] [1782984945.040792274] [ros_robot_controller]: 已设置舵机 2 的偏移量为 0[0m
[ros_robot_controller-6] [0m[INFO] [1782984945.041763854] [ros_robot_controller]: 已设置舵机 3 的偏移量为 4[0m
[ros_robot_controller-6] [0m[INFO] [1782984945.042635507] [ros_robot_controller]: 已设置舵机 4 的偏移量为 0[0m
[ros_robot_controller-6] [0m[INFO] [1782984945.045851506] [ros_robot_controller]: [1;32mstart[0m[0m
[ascamera_node-1] 2026-07-02 09:35:45[INFO] [CameraSrv.cpp] [154] [onAttached] get model type 9
[ascamera_node-1] 2026-07-02 09:35:45[INFO] [CameraSrv.cpp] [342] [getConfigFile] get file: /home/ubuntu/third_party_ros2/third_party_ws/src/ascamera/configurationfiles/hp60c_v2_00_20230704_configEncrypt.json
[ascamera_node-1] 2026-07-02 09:35:45[INFO] [CameraPublisher.cpp] [1501] [logCameraPathInfo] usb camera
[ascamera_node-1] 2026-07-02 09:35:45[INFO] [CameraPublisher.cpp] [1502] [logCameraPathInfo] bnum:1
[ascamera_node-1] 2026-07-02 09:35:45[INFO] [CameraPublisher.cpp] [1503] [logCameraPathInfo] dnum:13
[ascamera_node-1] 2026-07-02 09:35:45[INFO] [CameraPublisher.cpp] [1504] [logCameraPathInfo] port_numbers:2
[ascamera_node-1] 2026-07-02 09:35:45[INFO] [CameraPublisher.cpp] [171] [onCameraAttached] create a new publisher info set
[ascamera_node-1] 2026-07-02 09:35:45[INFO] [TfTreeFrameIdInfo.cpp] [11] [TfTreeFrameIdInfo] Namespace /ascamera
[ascamera_node-1] 2026-07-02 09:35:45[INFO] [CameraHp60c.cpp] [128] [open] according to the configuration file.
[ascamera_node-1] 2026-07-02 09:35:45[INFO] [CameraHp60c.cpp] [1528] [parseConfigFileParameter] moduleName:AS_CAM_HP60C
[ascamera_node-1] 2026-07-02 09:35:45[INFO] [CameraHp60c.cpp] [1555] [parseConfigFileParameter] Parsing config file /home/ubuntu/third_party_ros2/third_party_ws/src/ascamera/configurationfiles/hp60c_v2_00_20230704_configEncrypt.json
[ascamera_node-1] 2026-07-02 09:35:45[INFO] [CameraHp60c.cpp] [1620] [parseConfigFileParameter] configuration protocol Version: v2.x
[ascamera_node-1] 2026-07-02 09:35:45[INFO] [CameraHp60c.cpp] [1631] [parseConfigFileParameter] configuration Version: v2.0.0.20230704
[ascamera_node-1] 2026-07-02 09:35:45[INFO] [CameraHp60c.cpp] [1796] [setParamersAfterOpenCam] Camera confiParaEnable true, setting configuration parameter
[self_driving-10] [0m[INFO] [1782984946.747020173] [self_driving]: [INIT] init_process started[0m
[self_driving-10] [0m[INFO] [1782984946.747716677] [self_driving]: [INIT] only_line_follow=False[0m
[self_driving-10] [0m[INFO] [1782984946.748373773] [self_driving]: [INIT] request /yolov5/start[0m
[ascamera_node-1] 2026-07-02 09:35:47[ERROR] [XuCmdCameraHp60c.cpp] [454] [getMjpegSize] get mjpeg from xu command failed
[ascamera_node-1] 2026-07-02 09:35:47[INFO] [XuCmdCameraHp60c.cpp] [458] [getMjpegSize] mjpeg size:640x480
[ascamera_node-1] 2026-07-02 09:35:47[INFO] [CameraPublisher.cpp] [356] [onCameraOpen] camera opened
[ascamera_node-1] 2026-07-02 09:35:47[INFO] [CameraPublisher.cpp] [370] [onCameraOpen] get config info, ret 0, is_Registration 1
[ascamera_node-1] 2026-07-02 09:35:47[INFO] [Camera.cpp] [61] [init] #camera[0x555626f76710] SN[ASC60CF08000515]'s firmware version:DLS_VERc20865=:V01.09_2024110714:V01.19_2024110714:L01
[ascamera_node-1] 2026-07-02 09:35:47[INFO] [CameraPublisher.cpp] [1183] [setResolution] set depth resolution: 640 x 480 @ 15fps
[ascamera_node-1] 2026-07-02 09:35:47[INFO] [CameraPublisher.cpp] [1197] [setResolution] set rgb resolution: 640 x 480 @ 15fps
[ascamera_node-1] 2026-07-02 09:35:47[INFO] [CameraHp60c.cpp] [260] [startStreaming] start streaming
[ascamera_node-1] 2026-07-02 09:35:47[INFO] [CameraSrv.cpp] [202] [onAttached] attached end
[INFO] [apply_calib-11]: process started with pid [1033491]
[INFO] [complementary_filter_node-12]: process started with pid [1033493]
[complementary_filter_node-12] [0m[INFO] [1782984947.825226792] [imu_filter]: Starting ComplementaryFilterROS[0m
[apply_calib-11] [0m[INFO] [1782984947.827697231] [imu_calib]: Calibrating gyros; do not move the IMU[0m
[ascamera_node-1] 2026-07-02 09:35:48[INFO] [CameraHp60c.cpp] [279] [stopStreaming] stop streaming
[self_driving-10] [33m[WARN] [1782984948.751624135] [self_driving]: [YOLO_SERVICE] service not ready, continue without blocking[0m
[self_driving-10] [0m[INFO] [1782984949.252736038] [self_driving]: [INIT] enter + set_running start[0m
[self_driving-10] [0m[INFO] [1782984949.253225559] [self_driving]: [1;32mself driving enter[0m[0m
[self_driving-10] [0m[INFO] [1782984949.277864193] [self_driving]: [SUB] image=/ascamera/camera_publisher/rgb0/image object=/yolov5_ros2/object_detect[0m
[self_driving-10] [0m[INFO] [1782984949.278615604] [self_driving]: [1;32mset_running data=True state=LINE_FOLLOW[0m[0m
[self_driving-10] [0m[INFO] [1782984949.279195904] [self_driving]: [SET_RUNNING_RESUME_IGNORED] already_running_state=LINE_FOLLOW[0m
[self_driving-10] [0m[INFO] [1782984949.282139883] [self_driving]: [1;32m[START] hybrid self_driving start: auto LINE_FOLLOW[0m[0m
[apply_calib-11] [0m[INFO] [1782984949.857056092] [imu_calib]: Gyro calibration complete! (bias = [-0.052, -0.039, 0.315])[0m
[ascamera_node-1] 2026-07-02 09:35:52[INFO] [CameraHp60c.cpp] [260] [startStreaming] start streaming
[ascamera_node-1] 2026-07-02 09:35:53[WARN] [CameraHp60c.cpp] [785] [processRawData] wrong size, read :45873,but framesize:0
[ascamera_node-1] 2026-07-02 09:35:53[INFO] [CameraHp60c.cpp] [912] [setInternalParameter] mjpeg info: size(640x480)
[ascamera_node-1] 2026-07-02 09:35:54[INFO] [Camera.cpp] [127] [backgroundThread] SN [ ASC60CF08000515 ]'s parameter:
[ascamera_node-1] 2026-07-02 09:35:54[INFO] [Camera.cpp] [128] [backgroundThread] irfx: 426.962
[ascamera_node-1] 2026-07-02 09:35:54[INFO] [Camera.cpp] [129] [backgroundThread] irfy: 426.374
[ascamera_node-1] 2026-07-02 09:35:54[INFO] [Camera.cpp] [130] [backgroundThread] ircx: 315.403
[ascamera_node-1] 2026-07-02 09:35:54[INFO] [Camera.cpp] [131] [backgroundThread] ircy: 240.933
[ascamera_node-1] 2026-07-02 09:35:54[INFO] [Camera.cpp] [132] [backgroundThread] rgbfx: 570.48
[ascamera_node-1] 2026-07-02 09:35:54[INFO] [Camera.cpp] [133] [backgroundThread] rgbfy: 569.949
[ascamera_node-1] 2026-07-02 09:35:54[INFO] [Camera.cpp] [134] [backgroundThread] rgbcx: 329.75
[ascamera_node-1] 2026-07-02 09:35:54[INFO] [Camera.cpp] [135] [backgroundThread] rgbcy: 238.406
[ascamera_node-1] 
[self_driving-10] [0m[INFO] [1782984954.086743729] [self_driving]: [IMAGE] received count=1 shape=(480, 640, 3) queue=0[0m
[self_driving-10] [0m[INFO] [1782984954.283238640] [self_driving]: [CMD] n=1 source=pid_follow linear_x=0.30 linear_y=0.00 angular_z=-0.10 state=LINE_FOLLOW stop=False lane_x=140.5 raw_lane_x=140.5 lane_filter=init cw_y=0 park_x=-1 right_done=False[0m
[self_driving-10] [0m[INFO] [1782984954.283855551] [self_driving]: [DEBUG_DRIVE] state=LINE_FOLLOW raw_lane_x=140.5 lane_x=140.5 filter=init linear=0.30 angular=-0.10 cw_y=0 cw_n=0 cw_event_idx=0 right_done=False start_turn=False count_turn=0 park_x=-1 park_done=False traffic=None stop=False last_turn_age=-1.00[0m
[ascamera_node-1] 2026-07-02 09:35:54[INFO] [CameraHp60c.cpp] [1149] [streamCallback] set gain ret 0, gain 4
[self_driving-10] [0m[INFO] [1782984955.359656308] [self_driving]: [CMD] n=17 source=pid_follow linear_x=0.30 linear_y=0.00 angular_z=-0.10 state=LINE_FOLLOW stop=False lane_x=141.5 raw_lane_x=141.5 lane_filter=stable cw_y=0 park_x=-1 right_done=False[0m
[self_driving-10] [0m[INFO] [1782984955.360316775] [self_driving]: [DEBUG_DRIVE] state=LINE_FOLLOW raw_lane_x=141.5 lane_x=141.5 filter=stable linear=0.30 angular=-0.10 cw_y=0 cw_n=0 cw_event_idx=0 right_done=False start_turn=False count_turn=0 park_x=-1 park_done=False traffic=None stop=False last_turn_age=-1.00[0m
[self_driving-10] [0m[INFO] [1782984956.369517408] [self_driving]: [CMD] n=29 source=pid_follow linear_x=0.30 linear_y=0.00 angular_z=-0.10 state=LINE_FOLLOW stop=False lane_x=126.0 raw_lane_x=126.0 lane_filter=stable cw_y=0 park_x=-1 right_done=False[0m
[self_driving-10] [0m[INFO] [1782984956.370192800] [self_driving]: [DEBUG_DRIVE] state=LINE_FOLLOW raw_lane_x=126.0 lane_x=126.0 filter=stable linear=0.30 angular=-0.10 cw_y=0 cw_n=0 cw_event_idx=0 right_done=False start_turn=False count_turn=0 park_x=-1 park_done=False traffic=None stop=False last_turn_age=-1.00[0m
[yolo_detect-9] [0m[INFO] [1782984956.786466945] [yolov5_ros2]: Current ROS 2 distribution: humble[0m
[self_driving-10] [0m[INFO] [1782984957.388401734] [self_driving]: [CMD] n=42 source=pid_follow linear_x=0.30 linear_y=0.00 angular_z=0.10 state=LINE_FOLLOW stop=False lane_x=119.0 raw_lane_x=119.0 lane_filter=stable cw_y=0 park_x=-1 right_done=False[0m
[self_driving-10] [0m[INFO] [1782984957.389130757] [self_driving]: [DEBUG_DRIVE] state=LINE_FOLLOW raw_lane_x=119.0 lane_x=119.0 filter=stable linear=0.30 angular=0.10 cw_y=0 cw_n=0 cw_event_idx=0 right_done=False start_turn=False count_turn=0 park_x=-1 park_done=False traffic=None stop=False last_turn_age=-1.00[0m
[self_driving-10] [0m[INFO] [1782984958.432652135] [self_driving]: [CMD] n=55 source=pid_follow linear_x=0.30 linear_y=0.00 angular_z=-0.10 state=LINE_FOLLOW stop=False lane_x=130.5 raw_lane_x=130.5 lane_filter=stable cw_y=0 park_x=-1 right_done=False[0m
[self_driving-10] [0m[INFO] [1782984958.433216008] [self_driving]: [DEBUG_DRIVE] state=LINE_FOLLOW raw_lane_x=130.5 lane_x=130.5 filter=stable linear=0.30 angular=-0.10 cw_y=0 cw_n=0 cw_event_idx=0 right_done=False start_turn=False count_turn=0 park_x=-1 park_done=False traffic=None stop=False last_turn_age=-1.00[0m
[self_driving-10] [0m[INFO] [1782984959.078627618] [self_driving]: [OBJECTS] msg_count=1 n=1 names=['crosswalk'][0m
[self_driving-10] [0m[INFO] [1782984959.079612567] [self_driving]: [CROSSWALK_METRIC] n=1 nearest={'cx': 362, 'cy': 433, 'w': 550, 'h': 93, 'area': 51150, 'score': 0.9399999976158142} all=[{'cx': 362, 'cy': 433, 'w': 550, 'h': 93, 'area': 51150, 'score': 0.9399999976158142}] event_idx=0[0m
[self_driving-10] [33m[WARN] [1782984959.081266169] [self_driving]: [CROSSWALK_EVENT] idx=1 policy=future_stop_candidate nearest={'cx': 362, 'cy': 433, 'w': 550, 'h': 93, 'area': 51150, 'score': 0.9399999976158142} y_th=120[0m
[self_driving-10] [0m[INFO] [1782984959.393980270] [self_driving]: [CROSSWALK_SLOW] y=433 th=180 confirm=4 candidates=[{'cx': 362, 'cy': 433, 'w': 550, 'h': 93, 'area': 51150, 'score': 0.9399999976158142}][0m
[self_driving-10] [0m[INFO] [1782984959.499816281] [self_driving]: [CMD] n=68 source=pid_follow linear_x=0.15 linear_y=0.00 angular_z=-0.10 state=LINE_FOLLOW stop=False lane_x=143.5 raw_lane_x=143.5 lane_filter=stable cw_y=433 park_x=-1 right_done=False[0m
[self_driving-10] [0m[INFO] [1782984959.500381747] [self_driving]: [DEBUG_DRIVE] state=LINE_FOLLOW raw_lane_x=143.5 lane_x=143.5 filter=stable linear=0.15 angular=-0.10 cw_y=433 cw_n=1 cw_event_idx=1 right_done=False start_turn=False count_turn=0 park_x=-1 park_done=False traffic=None stop=False last_turn_age=-1.00[0m
[self_driving-10] [33m[WARN] [1782984960.385684469] [self_driving]: [LANE_TURN_EVENT_START] idx=1 raw_lane_x=203.0 lane_x=203.0 filter=stable th=200 cw_y=433[0m
[self_driving-10] [33m[WARN] [1782984960.406870490] [self_driving]: [TURN_CLUSTER_START] cluster=1 event_idx=1 raw_lane_x=203.0 lane_x=203.0 filter=stable cw_y=433[0m
[self_driving-10] [0m[INFO] [1782984960.412579687] [self_driving]: [TURN_CLUSTER_UPDATE] cluster=1 samples=1 lane_x=203.0 max_lane_x=203.0 cw_y=433 cw_range=(433,433)[0m
[self_driving-10] [0m[INFO] [1782984960.428807014] [self_driving]: [CMD] n=79 source=line_turn linear_x=0.15 linear_y=0.00 angular_z=-0.45 state=LINE_FOLLOW stop=False lane_x=203.0 raw_lane_x=203.0 lane_filter=stable cw_y=433 park_x=-1 right_done=False[0m
[self_driving-10] [0m[INFO] [1782984960.565890729] [self_driving]: [DEBUG_DRIVE] state=LINE_FOLLOW raw_lane_x=216.0 lane_x=216.0 filter=stable linear=0.15 angular=-0.45 cw_y=433 cw_n=1 cw_event_idx=1 right_done=False start_turn=False count_turn=3 park_x=-1 park_done=False traffic=None stop=False last_turn_age=-1.00[0m
[self_driving-10] [33m[WARN] [1782984961.334545044] [self_driving]: [LANE_X_JUMP_REJECT] raw=133.0 last=287.5 diff=154.5 candidate=133.0 cnt=1/4[0m
[self_driving-10] [0m[INFO] [1782984961.412924074] [self_driving]: [TURN_CLUSTER_UPDATE] cluster=1 samples=14 lane_x=287.5 max_lane_x=287.5 cw_y=433 cw_range=(433,433)[0m
[self_driving-10] [0m[INFO] [1782984961.516953389] [self_driving]: [CMD] n=93 source=line_turn linear_x=0.15 linear_y=0.00 angular_z=-0.45 state=LINE_FOLLOW stop=False lane_x=287.5 raw_lane_x=158.0 lane_filter=jump_reject cw_y=433 park_x=-1 right_done=False[0m
[self_driving-10] [0m[INFO] [1782984961.592952036] [self_driving]: [LANE_X_JUMP_ACCEPT] raw=165.5 last=165.5 cnt=4/4[0m
[self_driving-10] [33m[WARN] [1782984961.595594754] [self_driving]: [LANE_TURN_EVENT_END] idx=1 raw_lane_x=165.5 lane_x=165.5 filter=jump_accept last_turn_done_time=1782984961.59[0m
[self_driving-10] [0m[INFO] [1782984961.597329022] [self_driving]: [CMD] n=94 source=pid_follow linear_x=0.15 linear_y=0.00 angular_z=0.00 state=LINE_FOLLOW stop=False lane_x=165.5 raw_lane_x=165.5 lane_filter=jump_accept cw_y=433 park_x=-1 right_done=False[0m
[self_driving-10] [0m[INFO] [1782984961.601421951] [self_driving]: [DEBUG_DRIVE] state=LINE_FOLLOW raw_lane_x=165.5 lane_x=165.5 filter=jump_accept linear=0.15 angular=0.00 cw_y=433 cw_n=1 cw_event_idx=1 right_done=False start_turn=True count_turn=0 park_x=-1 park_done=False traffic=None stop=False last_turn_age=0.00[0m
[self_driving-10] [33m[WARN] [1782984961.819826971] [self_driving]: [LANE_TURN_EVENT_START] idx=2 raw_lane_x=212.5 lane_x=212.5 filter=stable th=200 cw_y=433[0m
[self_driving-10] [0m[INFO] [1782984961.821279793] [self_driving]: [CMD] n=97 source=line_turn linear_x=0.15 linear_y=0.00 angular_z=-0.45 state=LINE_FOLLOW stop=False lane_x=212.5 raw_lane_x=212.5 lane_filter=stable cw_y=433 park_x=-1 right_done=False[0m
[self_driving-10] [0m[INFO] [1782984962.147784185] [self_driving]: [IMAGE] received count=101 shape=(480, 640, 3) queue=0[0m
[self_driving-10] [0m[INFO] [1782984962.158096629] [self_driving]: [CROSSWALK_SLOW_DONE] return normal speed[0m
[self_driving-10] [0m[INFO] [1782984962.469675200] [self_driving]: [TURN_CLUSTER_UPDATE] cluster=1 samples=24 lane_x=285.5 max_lane_x=287.5 cw_y=433 cw_range=(433,433)[0m
[self_driving-10] [0m[INFO] [1782984962.470355167] [self_driving]: [CROSSWALK_SLOW] y=433 th=180 confirm=4 candidates=[{'cx': 362, 'cy': 433, 'w': 550, 'h': 93, 'area': 51150, 'score': 0.9399999976158142}][0m
[self_driving-10] [0m[INFO] [1782984962.649619994] [self_driving]: [DEBUG_DRIVE] state=LINE_FOLLOW raw_lane_x=311.5 lane_x=311.5 filter=stable linear=0.15 angular=-0.45 cw_y=433 cw_n=1 cw_event_idx=1 right_done=False start_turn=True count_turn=11 park_x=-1 park_done=False traffic=None stop=False last_turn_age=1.05[0m
[self_driving-10] [0m[INFO] [1782984962.872767500] [self_driving]: [CMD] n=110 source=line_turn linear_x=0.15 linear_y=0.00 angular_z=-0.45 state=LINE_FOLLOW stop=False lane_x=267.5 raw_lane_x=267.5 lane_filter=stable cw_y=433 park_x=-1 right_done=False[0m
[self_driving-10] [0m[INFO] [1782984963.511164553] [self_driving]: [TURN_CLUSTER_UPDATE] cluster=1 samples=37 lane_x=287.5 max_lane_x=311.5 cw_y=433 cw_range=(433,433)[0m
[self_driving-10] [0m[INFO] [1782984963.702602351] [self_driving]: [DEBUG_DRIVE] state=LINE_FOLLOW raw_lane_x=257.0 lane_x=257.0 filter=stable linear=0.15 angular=-0.45 cw_y=433 cw_n=1 cw_event_idx=1 right_done=False start_turn=True count_turn=24 park_x=-1 park_done=False traffic=None stop=False last_turn_age=2.11[0m
[self_driving-10] [33m[WARN] [1782984963.932928690] [self_driving]: [LANE_TURN_EVENT_END] idx=2 raw_lane_x=197.0 lane_x=197.0 filter=stable last_turn_done_time=1782984963.93[0m
[self_driving-10] [0m[INFO] [1782984963.933705083] [self_driving]: [CMD] n=123 source=pid_follow linear_x=0.15 linear_y=0.00 angular_z=-0.10 state=LINE_FOLLOW stop=False lane_x=197.0 raw_lane_x=197.0 lane_filter=stable cw_y=433 park_x=-1 right_done=False[0m
[self_driving-10] [0m[INFO] [1782984963.977842356] [self_driving]: [OBJECTS] msg_count=2 n=1 names=['go'][0m
[self_driving-10] [0m[INFO] [1782984964.349131241] [self_driving]: [CROSSWALK_METRIC] n=1 nearest={'cx': 580, 'cy': 237, 'w': 120, 'h': 37, 'area': 4440, 'score': 0.8399999737739563} all=[{'cx': 580, 'cy': 237, 'w': 120, 'h': 37, 'area': 4440, 'score': 0.8399999737739563}] event_idx=1[0m
[self_driving-10] [33m[WARN] [1782984964.349679058] [self_driving]: [CROSSWALK_EVENT] idx=2 policy=future_pass_candidate nearest={'cx': 580, 'cy': 237, 'w': 120, 'h': 37, 'area': 4440, 'score': 0.8399999737739563} y_th=120[0m
[self_driving-10] [0m[INFO] [1782984964.745121683] [self_driving]: [DEBUG_DRIVE] state=LINE_FOLLOW raw_lane_x=123.5 lane_x=123.5 filter=stable linear=0.15 angular=0.10 cw_y=242 cw_n=1 cw_event_idx=2 right_done=False start_turn=False count_turn=0 park_x=-1 park_done=False traffic=None stop=False last_turn_age=0.81[0m
[self_driving-10] [0m[INFO] [1782984964.975264297] [self_driving]: [CMD] n=136 source=pid_follow linear_x=0.15 linear_y=0.00 angular_z=-0.10 state=LINE_FOLLOW stop=False lane_x=135.0 raw_lane_x=135.0 lane_filter=stable cw_y=242 park_x=-1 right_done=False[0m
[self_driving-10] [0m[INFO] [1782984965.036858977] [self_driving]: [OBJECTS] msg_count=6 n=1 names=['crosswalk'][0m
[self_driving-10] [33m[WARN] [1782984965.076803171] [self_driving]: [TURN_CLUSTER_END] cluster=1 duration=4.69 samples=41 max_lane_x=311.5 cw_range=(433,433) last_event_idx=2[0m
[self_driving-10] [0m[INFO] [1782984965.139456115] [self_driving]: [CROSSWALK_SLOW_DONE] return normal speed[0m
[self_driving-10] [0m[INFO] [1782984965.688886908] [self_driving]: [CROSSWALK_SLOW] y=185 th=180 confirm=4 candidates=[{'cx': 414, 'cy': 185, 'w': 212, 'h': 12, 'area': 2544, 'score': 0.8199999928474426}][0m
[self_driving-10] [0m[INFO] [1782984965.801230802] [self_driving]: [DEBUG_DRIVE] state=LINE_FOLLOW raw_lane_x=143.0 lane_x=143.0 filter=stable linear=0.15 angular=-0.10 cw_y=187 cw_n=1 cw_event_idx=2 right_done=False start_turn=False count_turn=0 park_x=-1 park_done=False traffic=None stop=False last_turn_age=1.87[0m
[self_driving-10] [0m[INFO] [1782984966.028727605] [self_driving]: [CMD] n=149 source=pid_follow linear_x=0.15 linear_y=0.00 angular_z=0.10 state=LINE_FOLLOW stop=False lane_x=126.0 raw_lane_x=126.0 lane_filter=stable cw_y=187 park_x=-1 right_done=False[0m
[self_driving-10] [0m[INFO] [1782984966.062241283] [self_driving]: [OBJECTS] msg_count=15 n=1 names=['crosswalk'][0m
[self_driving-10] [0m[INFO] [1782984966.843814602] [self_driving]: [DEBUG_DRIVE] state=LINE_FOLLOW raw_lane_x=133.0 lane_x=133.0 filter=stable linear=0.15 angular=0.10 cw_y=0 cw_n=0 cw_event_idx=2 right_done=False start_turn=False count_turn=0 park_x=-1 park_done=False traffic=None stop=False last_turn_age=2.91[0m
[self_driving-10] [0m[INFO] [1782984967.074176437] [self_driving]: [CMD] n=162 source=pid_follow linear_x=0.15 linear_y=0.00 angular_z=-0.10 state=LINE_FOLLOW stop=False lane_x=128.5 raw_lane_x=128.5 lane_filter=stable cw_y=0 park_x=-1 right_done=False[0m
[self_driving-10] [0m[INFO] [1782984967.120731073] [self_driving]: [OBJECTS] msg_count=23 n=1 names=['go'][0m
[self_driving-10] [0m[INFO] [1782984967.877797665] [self_driving]: [DEBUG_DRIVE] state=LINE_FOLLOW raw_lane_x=131.5 lane_x=131.5 filter=stable linear=0.15 angular=-0.02 cw_y=227 cw_n=1 cw_event_idx=2 right_done=False start_turn=False count_turn=0 park_x=-1 park_done=False traffic=None stop=False last_turn_age=3.95[0m
[self_driving-10] [0m[INFO] [1782984968.121271567] [self_driving]: [CMD] n=175 source=pid_follow linear_x=0.15 linear_y=0.00 angular_z=-0.10 state=LINE_FOLLOW stop=False lane_x=127.5 raw_lane_x=127.5 lane_filter=stable cw_y=227 park_x=-1 right_done=False[0m
[self_driving-10] [0m[INFO] [1782984968.128662458] [self_driving]: [OBJECTS] msg_count=28 n=1 names=['crosswalk'][0m
[self_driving-10] [0m[INFO] [1782984968.355808977] [self_driving]: [CROSSWALK_SLOW_DONE] return normal speed[0m
[self_driving-10] [0m[INFO] [1782984968.679023431] [self_driving]: [CROSSWALK_SLOW] y=248 th=180 confirm=4 candidates=[{'cx': 439, 'cy': 248, 'w': 397, 'h': 37, 'area': 14689, 'score': 0.9300000071525574}][0m
[self_driving-10] [0m[INFO] [1782984968.918064624] [self_driving]: [DEBUG_DRIVE] state=LINE_FOLLOW raw_lane_x=131.5 lane_x=131.5 filter=stable linear=0.15 angular=0.10 cw_y=260 cw_n=1 cw_event_idx=2 right_done=False start_turn=False count_turn=0 park_x=-1 park_done=False traffic=None stop=False last_turn_age=4.99[0m
[self_driving-10] [0m[INFO] [1782984969.149190719] [self_driving]: [OBJECTS] msg_count=31 n=1 names=['crosswalk'][0m
[self_driving-10] [0m[INFO] [1782984969.175185042] [self_driving]: [CMD] n=188 source=pid_follow linear_x=0.15 linear_y=0.00 angular_z=-0.10 state=LINE_FOLLOW stop=False lane_x=129.0 raw_lane_x=129.0 lane_filter=stable cw_y=351 park_x=-1 right_done=False[0m
[self_driving-10] [0m[INFO] [1782984969.470393308] [self_driving]: [CROSSWALK_METRIC] n=1 nearest={'cx': 413, 'cy': 306, 'w': 452, 'h': 70, 'area': 31640, 'score': 0.9200000166893005} all=[{'cx': 413, 'cy': 306, 'w': 452, 'h': 70, 'area': 31640, 'score': 0.9200000166893005}] event_idx=2[0m
[self_driving-10] [0m[INFO] [1782984969.967475700] [self_driving]: [DEBUG_DRIVE] state=LINE_FOLLOW raw_lane_x=126.5 lane_x=126.5 filter=stable linear=0.15 angular=0.10 cw_y=371 cw_n=1 cw_event_idx=2 right_done=False start_turn=False count_turn=0 park_x=-1 park_done=False traffic=None stop=False last_turn_age=6.03[0m
[self_driving-10] [0m[INFO] [1782984970.207043930] [self_driving]: [IMAGE] received count=201 shape=(480, 640, 3) queue=0[0m
[self_driving-10] [0m[INFO] [1782984970.217543948] [self_driving]: [CMD] n=201 source=pid_follow linear_x=0.15 linear_y=0.00 angular_z=-0.10 state=LINE_FOLLOW stop=False lane_x=138.5 raw_lane_x=138.5 lane_filter=stable cw_y=425 park_x=-1 right_done=False[0m
[self_driving-10] [0m[INFO] [1782984970.464529791] [self_driving]: [OBJECTS] msg_count=37 n=1 names=['crosswalk'][0m
[self_driving-10] [0m[INFO] [1782984971.019400003] [self_driving]: [DEBUG_DRIVE] state=LINE_FOLLOW raw_lane_x=131.5 lane_x=131.5 filter=stable linear=0.15 angular=-0.10 cw_y=314 cw_n=1 cw_event_idx=2 right_done=False start_turn=False count_turn=0 park_x=-1 park_done=False traffic=None stop=False last_turn_age=7.09[0m
[self_driving-10] [0m[INFO] [1782984971.261396319] [self_driving]: [CMD] n=214 source=pid_follow linear_x=0.15 linear_y=0.00 angular_z=0.10 state=LINE_FOLLOW stop=False lane_x=121.5 raw_lane_x=121.5 lane_filter=stable cw_y=314 park_x=-1 right_done=False[0m
[self_driving-10] [0m[INFO] [1782984971.346344731] [self_driving]: [CROSSWALK_SLOW_DONE] return normal speed[0m
[self_driving-10] [0m[INFO] [1782984971.664740931] [self_driving]: [CROSSWALK_SLOW] y=314 th=180 confirm=4 candidates=[{'cx': 501, 'cy': 314, 'w': 79, 'h': 9, 'area': 711, 'score': 0.4000000059604645}][0m
[self_driving-10] [0m[INFO] [1782984972.066419663] [self_driving]: [DEBUG_DRIVE] state=LINE_FOLLOW raw_lane_x=143.0 lane_x=143.0 filter=stable linear=0.15 angular=-0.10 cw_y=314 cw_n=1 cw_event_idx=2 right_done=False start_turn=False count_turn=0 park_x=-1 park_done=False traffic=None stop=False last_turn_age=8.13[0m
[self_driving-10] [0m[INFO] [1782984972.323910374] [self_driving]: [CMD] n=227 source=pid_follow linear_x=0.15 linear_y=0.00 angular_z=0.10 state=LINE_FOLLOW stop=False lane_x=127.0 raw_lane_x=127.0 lane_filter=stable cw_y=314 park_x=-1 right_done=False[0m
[self_driving-10] [0m[INFO] [1782984973.122012899] [self_driving]: [DEBUG_DRIVE] state=LINE_FOLLOW raw_lane_x=133.0 lane_x=133.0 filter=stable linear=0.15 angular=-0.10 cw_y=314 cw_n=1 cw_event_idx=2 right_done=False start_turn=False count_turn=0 park_x=-1 park_done=False traffic=None stop=False last_turn_age=9.19[0m
[self_driving-10] [0m[INFO] [1782984973.350063730] [self_driving]: [CMD] n=240 source=pid_follow linear_x=0.15 linear_y=0.00 angular_z=0.10 state=LINE_FOLLOW stop=False lane_x=131.5 raw_lane_x=131.5 lane_filter=stable cw_y=314 park_x=-1 right_done=False[0m
[self_driving-10] [0m[INFO] [1782984973.921021165] [self_driving]: [OBJECTS] msg_count=39 n=1 names=['crosswalk'][0m
[self_driving-10] [0m[INFO] [1782984974.154653840] [self_driving]: [DEBUG_DRIVE] state=LINE_FOLLOW raw_lane_x=135.0 lane_x=135.0 filter=stable linear=0.15 angular=-0.10 cw_y=313 cw_n=1 cw_event_idx=2 right_done=False start_turn=False count_turn=0 park_x=-1 park_done=False traffic=None stop=False last_turn_age=10.22[0m
[self_driving-10] [0m[INFO] [1782984974.344013855] [self_driving]: [CROSSWALK_SLOW_DONE] return normal speed[0m
[self_driving-10] [0m[INFO] [1782984974.420227757] [self_driving]: [CMD] n=253 source=pid_follow linear_x=0.30 linear_y=0.00 angular_z=0.10 state=LINE_FOLLOW stop=False lane_x=132.5 raw_lane_x=132.5 lane_filter=stable cw_y=329 park_x=-1 right_done=False[0m
[self_driving-10] [0m[INFO] [1782984974.659500979] [self_driving]: [CROSSWALK_SLOW] y=329 th=180 confirm=4 candidates=[{'cx': 571, 'cy': 329, 'w': 136, 'h': 153, 'area': 20808, 'score': 0.47999998927116394}][0m
[self_driving-10] [0m[INFO] [1782984974.990201109] [self_driving]: [OBJECTS] msg_count=41 n=1 names=['crosswalk'][0m
[self_driving-10] [0m[INFO] [1782984974.991134466] [self_driving]: [CROSSWALK_METRIC] n=1 nearest={'cx': 428, 'cy': 244, 'w': 120, 'h': 15, 'area': 1800, 'score': 0.3100000023841858} all=[{'cx': 428, 'cy': 244, 'w': 120, 'h': 15, 'area': 1800, 'score': 0.3100000023841858}] event_idx=2[0m
[self_driving-10] [33m[WARN] [1782984975.053506553] [self_driving]: [LANE_TURN_EVENT_START] idx=3 raw_lane_x=202.0 lane_x=202.0 filter=stable th=200 cw_y=244[0m
[self_driving-10] [33m[WARN] [1782984975.057405277] [self_driving]: [TURN_CLUSTER_START] cluster=2 event_idx=3 raw_lane_x=202.0 lane_x=202.0 filter=stable cw_y=244[0m
[self_driving-10] [0m[INFO] [1782984975.058787173] [self_driving]: [TURN_CLUSTER_UPDATE] cluster=2 samples=1 lane_x=202.0 max_lane_x=202.0 cw_y=244 cw_range=(244,244)[0m
[self_driving-10] [0m[INFO] [1782984975.059920290] [self_driving]: [CMD] n=261 source=line_turn linear_x=0.15 linear_y=0.00 angular_z=-0.45 state=LINE_FOLLOW stop=False lane_x=202.0 raw_lane_x=202.0 lane_filter=stable cw_y=244 park_x=-1 right_done=False[0m
[self_driving-10] [0m[INFO] [1782984975.218903515] [self_driving]: [DEBUG_DRIVE] state=LINE_FOLLOW raw_lane_x=202.0 lane_x=202.0 filter=stable linear=0.15 angular=-0.45 cw_y=244 cw_n=1 cw_event_idx=2 right_done=False start_turn=False count_turn=3 park_x=-1 park_done=False traffic=None stop=False last_turn_age=11.29[0m
[self_driving-10] [33m[WARN] [1782984975.294119614] [self_driving]: [LANE_TURN_EVENT_END] idx=3 raw_lane_x=183.0 lane_x=183.0 filter=stable last_turn_done_time=1782984975.29[0m
[self_driving-10] [0m[INFO] [1782984975.295067934] [self_driving]: [CMD] n=264 source=pid_follow linear_x=0.15 linear_y=0.00 angular_z=-0.10 state=LINE_FOLLOW stop=False lane_x=183.0 raw_lane_x=183.0 lane_filter=stable cw_y=244 park_x=-1 right_done=False[0m
[self_driving-10] [0m[INFO] [1782984975.624022534] [self_driving]: [CMD] n=268 source=line_turn linear_x=0.15 linear_y=0.00 angular_z=-0.45 state=LINE_FOLLOW stop=False lane_x=211.0 raw_lane_x=211.0 lane_filter=stable cw_y=244 park_x=-1 right_done=False[0m
[self_driving-10] [33m[WARN] [1782984976.102079806] [self_driving]: [LANE_TURN_EVENT_START] idx=4 raw_lane_x=277.5 lane_x=277.5 filter=stable th=200 cw_y=244[0m
[self_driving-10] [0m[INFO] [1782984976.103021922] [self_driving]: [TURN_CLUSTER_UPDATE] cluster=2 samples=10 lane_x=277.5 max_lane_x=277.5 cw_y=244 cw_range=(244,244)[0m
[self_driving-10] [33m[WARN] [1782984976.263420135] [self_driving]: [LANE_X_JUMP_REJECT] raw=129.0 last=294.5 diff=165.5 candidate=129.0 cnt=1/4[0m
[self_driving-10] [0m[INFO] [1782984976.264194417] [self_driving]: [DEBUG_DRIVE] state=LINE_FOLLOW raw_lane_x=129.0 lane_x=294.5 filter=jump_reject linear=0.15 angular=-0.45 cw_y=244 cw_n=1 cw_event_idx=2 right_done=False start_turn=True count_turn=3 park_x=-1 park_done=False traffic=None stop=False last_turn_age=0.97[0m
[self_driving-10] [0m[INFO] [1782984976.493327120] [self_driving]: [LANE_X_JUMP_ACCEPT] raw=159.5 last=159.5 cnt=4/4[0m
[self_driving-10] [33m[WARN] [1782984976.493985827] [self_driving]: [LANE_TURN_EVENT_END] idx=4 raw_lane_x=159.5 lane_x=159.5 filter=jump_accept last_turn_done_time=1782984976.49[0m
[self_driving-10] [0m[INFO] [1782984976.494756943] [self_driving]: [CMD] n=279 source=pid_follow linear_x=0.15 linear_y=0.00 angular_z=0.00 state=LINE_FOLLOW stop=False lane_x=159.5 raw_lane_x=159.5 lane_filter=jump_accept cw_y=244 park_x=-1 right_done=False[0m
[self_driving-10] [0m[INFO] [1782984976.753922989] [self_driving]: [CMD] n=282 source=line_turn linear_x=0.15 linear_y=0.00 angular_z=-0.45 state=LINE_FOLLOW stop=False lane_x=206.0 raw_lane_x=206.0 lane_filter=stable cw_y=244 park_x=-1 right_done=False[0m
[self_driving-10] [33m[WARN] [1782984977.145113450] [self_driving]: [LANE_TURN_EVENT_START] idx=5 raw_lane_x=267.5 lane_x=267.5 filter=stable th=200 cw_y=244[0m
[self_driving-10] [0m[INFO] [1782984977.146865144] [self_driving]: [TURN_CLUSTER_UPDATE] cluster=2 samples=20 lane_x=267.5 max_lane_x=294.5 cw_y=244 cw_range=(244,244)[0m
[self_driving-10] [0m[INFO] [1782984977.322510677] [self_driving]: [DEBUG_DRIVE] state=LINE_FOLLOW raw_lane_x=279.5 lane_x=279.5 filter=stable linear=0.15 angular=-0.45 cw_y=244 cw_n=1 cw_event_idx=2 right_done=False start_turn=True count_turn=8 park_x=-1 park_done=False traffic=None stop=False last_turn_age=0.83[0m
[self_driving-10] [0m[INFO] [1782984977.404009160] [self_driving]: [CROSSWALK_SLOW_DONE] return normal speed[0m
[self_driving-10] [0m[INFO] [1782984977.706073337] [self_driving]: [CROSSWALK_SLOW] y=244 th=180 confirm=4 candidates=[{'cx': 428, 'cy': 244, 'w': 120, 'h': 15, 'area': 1800, 'score': 0.3100000023841858}][0m
[self_driving-10] [0m[INFO] [1782984977.803191309] [self_driving]: [CMD] n=295 source=line_turn linear_x=0.15 linear_y=0.00 angular_z=-0.45 state=LINE_FOLLOW stop=False lane_x=301.0 raw_lane_x=301.0 lane_filter=stable cw_y=244 park_x=-1 right_done=False[0m
[self_driving-10] [0m[INFO] [1782984978.188581552] [self_driving]: [TURN_CLUSTER_UPDATE] cluster=2 samples=33 lane_x=299.0 max_lane_x=308.5 cw_y=244 cw_range=(244,244)[0m
[self_driving-10] [0m[INFO] [1782984978.269339068] [self_driving]: [IMAGE] received count=301 shape=(480, 640, 3) queue=0[0m
[self_driving-10] [0m[INFO] [1782984978.368863164] [self_driving]: [DEBUG_DRIVE] state=LINE_FOLLOW raw_lane_x=271.5 lane_x=271.5 filter=stable linear=0.15 angular=-0.45 cw_y=244 cw_n=1 cw_event_idx=2 right_done=False start_turn=True count_turn=21 park_x=-1 park_done=False traffic=None stop=False last_turn_age=1.87[0m
[self_driving-10] [0m[INFO] [1782984978.843297909] [self_driving]: [CMD] n=308 source=line_turn linear_x=0.15 linear_y=0.00 angular_z=-0.45 state=LINE_FOLLOW stop=False lane_x=245.0 raw_lane_x=245.0 lane_filter=stable cw_y=244 park_x=-1 right_done=False[0m
[self_driving-10] [33m[WARN] [1782984979.102577156] [self_driving]: [LANE_TURN_EVENT_END] idx=5 raw_lane_x=180.5 lane_x=180.5 filter=stable last_turn_done_time=1782984979.10[0m
[self_driving-10] [0m[INFO] [1782984979.105329966] [self_driving]: [CMD] n=311 source=pid_follow linear_x=0.15 linear_y=0.00 angular_z=-0.10 state=LINE_FOLLOW stop=False lane_x=180.5 raw_lane_x=180.5 lane_filter=stable cw_y=244 park_x=-1 right_done=False[0m
[self_driving-10] [0m[INFO] [1782984979.430262204] [self_driving]: [DEBUG_DRIVE] state=LINE_FOLLOW raw_lane_x=128.5 lane_x=128.5 filter=stable linear=0.15 angular=0.09 cw_y=244 cw_n=1 cw_event_idx=2 right_done=False start_turn=False count_turn=0 park_x=-1 park_done=False traffic=None stop=False last_turn_age=0.33[0m
[self_driving-10] [0m[INFO] [1782984979.709590499] [self_driving]: [OBJECTS] msg_count=42 n=1 names=['go'][0m
[self_driving-10] [0m[INFO] [1782984980.132078450] [self_driving]: [CMD] n=324 source=pid_follow linear_x=0.15 linear_y=0.00 angular_z=-0.10 state=LINE_FOLLOW stop=False lane_x=135.0 raw_lane_x=135.0 lane_filter=stable cw_y=0 park_x=-1 right_done=False[0m
[self_driving-10] [33m[WARN] [1782984980.224191561] [self_driving]: [TURN_CLUSTER_END] cluster=2 duration=5.17 samples=43 max_lane_x=308.5 cw_range=(244,244) last_event_idx=5[0m
[self_driving-10] [0m[INFO] [1782984980.387912084] [self_driving]: [CROSSWALK_METRIC] n=1 nearest={'cx': 393, 'cy': 184, 'w': 202, 'h': 12, 'area': 2424, 'score': 0.8100000023841858} all=[{'cx': 393, 'cy': 184, 'w': 202, 'h': 12, 'area': 2424, 'score': 0.8100000023841858}] event_idx=2[0m
[self_driving-10] [33m[WARN] [1782984980.389289721] [self_driving]: [CROSSWALK_EVENT] idx=3 policy=future_pass_candidate nearest={'cx': 393, 'cy': 184, 'w': 202, 'h': 12, 'area': 2424, 'score': 0.8100000023841858} y_th=120[0m
[self_driving-10] [0m[INFO] [1782984980.462021416] [self_driving]: [CROSSWALK_IGNORE] y=163 < th=180 candidates=[{'cx': 372, 'cy': 163, 'w': 128, 'h': 5, 'area': 640, 'score': 0.5699999928474426}][0m
[self_driving-10] [0m[INFO] [1782984980.463292182] [self_driving]: [CROSSWALK_SLOW_DONE] return normal speed[0m
[self_driving-10] [0m[INFO] [1782984980.466724811] [self_driving]: [DEBUG_DRIVE] state=LINE_FOLLOW raw_lane_x=126.5 lane_x=126.5 filter=stable linear=0.15 angular=0.10 cw_y=163 cw_n=1 cw_event_idx=3 right_done=False start_turn=False count_turn=0 park_x=-1 park_done=False traffic=None stop=False last_turn_age=1.37[0m
[self_driving-10] [0m[INFO] [1782984980.717448695] [self_driving]: [OBJECTS] msg_count=47 n=1 names=['go'][0m
[self_driving-10] [0m[INFO] [1782984981.060521748] [self_driving]: [TRAFFIC_CANDIDATE] name=red valid=False cx=516 cy=66 w=15 h=13 area=195 score=0.45 min_area=800[0m
[self_driving-10] [0m[INFO] [1782984981.187766820] [self_driving]: [CMD] n=337 source=pid_follow linear_x=0.30 linear_y=0.00 angular_z=-0.10 state=LINE_FOLLOW stop=False lane_x=135.0 raw_lane_x=135.0 lane_filter=stable cw_y=0 park_x=-1 right_done=False[0m
[self_driving-10] [0m[INFO] [1782984981.527933429] [self_driving]: [DEBUG_DRIVE] state=LINE_FOLLOW raw_lane_x=143.0 lane_x=143.0 filter=stable linear=0.30 angular=-0.10 cw_y=0 cw_n=0 cw_event_idx=3 right_done=False start_turn=False count_turn=0 park_x=-1 park_done=False traffic=None stop=False last_turn_age=2.43[0m
[self_driving-10] [0m[INFO] [1782984981.797296391] [self_driving]: [OBJECTS] msg_count=58 n=1 names=['go'][0m
[self_driving-10] [0m[INFO] [1782984982.147889758] [self_driving]: [TRAFFIC_CANDIDATE] name=red valid=False cx=545 cy=58 w=16 h=15 area=240 score=0.66 min_area=800[0m
[self_driving-10] [0m[INFO] [1782984982.230679505] [self_driving]: [CMD] n=350 source=pid_follow linear_x=0.30 linear_y=0.00 angular_z=-0.10 state=LINE_FOLLOW stop=False lane_x=139.0 raw_lane_x=139.0 lane_filter=stable cw_y=0 park_x=-1 right_done=False[0m
[self_driving-10] [0m[INFO] [1782984982.569552791] [self_driving]: [DEBUG_DRIVE] state=LINE_FOLLOW raw_lane_x=124.5 lane_x=124.5 filter=stable linear=0.30 angular=0.10 cw_y=0 cw_n=0 cw_event_idx=3 right_done=False start_turn=False count_turn=0 park_x=-1 park_done=False traffic=None stop=False last_turn_age=3.47[0m
[self_driving-10] [0m[INFO] [1782984982.830270336] [self_driving]: [OBJECTS] msg_count=69 n=1 names=['crosswalk'][0m
[self_driving-10] [0m[INFO] [1782984983.162565512] [self_driving]: [TRAFFIC_CANDIDATE] name=red valid=False cx=612 cy=36 w=20 h=18 area=360 score=0.82 min_area=800[0m
[self_driving-10] [0m[INFO] [1782984983.286570769] [self_driving]: [CMD] n=363 source=pid_follow linear_x=0.30 linear_y=0.00 angular_z=0.10 state=LINE_FOLLOW stop=False lane_x=120.5 raw_lane_x=120.5 lane_filter=stable cw_y=282 park_x=-1 right_done=False[0m
[self_driving-10] [0m[INFO] [1782984983.441843819] [self_driving]: [CROSSWALK_SLOW] y=282 th=180 confirm=4 candidates=[{'cx': 181, 'cy': 282, 'w': 76, 'h': 8, 'area': 608, 'score': 0.5799999833106995}][0m
[self_driving-10] [0m[INFO] [1782984983.623911601] [self_driving]: [DEBUG_DRIVE] state=LINE_FOLLOW raw_lane_x=132.0 lane_x=132.0 filter=stable linear=0.15 angular=0.10 cw_y=0 cw_n=0 cw_event_idx=3 right_done=False start_turn=False count_turn=0 park_x=-1 park_done=False traffic=None stop=False last_turn_age=4.52[0m
[self_driving-10] [0m[INFO] [1782984983.908745159] [self_driving]: [OBJECTS] msg_count=81 n=1 names=['crosswalk'][0m
[self_driving-10] [0m[INFO] [1782984984.328016489] [self_driving]: [CMD] n=376 source=pid_follow linear_x=0.15 linear_y=0.00 angular_z=0.10 state=LINE_FOLLOW stop=False lane_x=123.5 raw_lane_x=123.5 lane_filter=stable cw_y=0 park_x=-1 right_done=False[0m
[self_driving-10] [0m[INFO] [1782984984.663318289] [self_driving]: [DEBUG_DRIVE] state=LINE_FOLLOW raw_lane_x=136.5 lane_x=136.5 filter=stable linear=0.15 angular=-0.10 cw_y=0 cw_n=0 cw_event_idx=3 right_done=False start_turn=False count_turn=0 park_x=-1 park_done=False traffic=None stop=False last_turn_age=5.57[0m
[self_driving-10] [0m[INFO] [1782984984.927994519] [self_driving]: [OBJECTS] msg_count=87 n=1 names=['crosswalk'][0m
[self_driving-10] [0m[INFO] [1782984985.375959718] [self_driving]: [CMD] n=389 source=pid_follow linear_x=0.15 linear_y=0.00 angular_z=0.10 state=LINE_FOLLOW stop=False lane_x=116.5 raw_lane_x=116.5 lane_filter=stable cw_y=0 park_x=-1 right_done=False[0m
[self_driving-10] [0m[INFO] [1782984985.685855902] [self_driving]: [DEBUG_DRIVE] state=LINE_FOLLOW raw_lane_x=120.5 lane_x=120.5 filter=stable linear=0.15 angular=0.10 cw_y=0 cw_n=0 cw_event_idx=3 right_done=False start_turn=False count_turn=0 park_x=-1 park_done=False traffic=None stop=False last_turn_age=6.59[0m
[self_driving-10] [0m[INFO] [1782984986.025575113] [self_driving]: [OBJECTS] msg_count=92 n=1 names=['go'][0m
[self_driving-10] [0m[INFO] [1782984986.189646168] [self_driving]: [CROSSWALK_SLOW_DONE] return normal speed[0m
[self_driving-10] [0m[INFO] [1782984986.326452045] [self_driving]: [IMAGE] received count=401 shape=(480, 640, 3) queue=0[0m
[self_driving-10] [0m[INFO] [1782984986.353329647] [self_driving]: [CROSSWALK_METRIC] n=1 nearest={'cx': 392, 'cy': 334, 'w': 494, 'h': 89, 'area': 43966, 'score': 0.9300000071525574} all=[{'cx': 392, 'cy': 334, 'w': 494, 'h': 89, 'area': 43966, 'score': 0.9300000071525574}] event_idx=3[0m
[self_driving-10] [33m[WARN] [1782984986.354187189] [self_driving]: [CROSSWALK_EVENT] idx=4 policy=future_pass_candidate nearest={'cx': 392, 'cy': 334, 'w': 494, 'h': 89, 'area': 43966, 'score': 0.9300000071525574} y_th=120[0m
[self_driving-10] [0m[INFO] [1782984986.428496501] [self_driving]: [CMD] n=402 source=pid_follow linear_x=0.30 linear_y=0.00 angular_z=0.10 state=LINE_FOLLOW stop=False lane_x=123.5 raw_lane_x=123.5 lane_filter=stable cw_y=0 park_x=-1 right_done=False[0m
[self_driving-10] [0m[INFO] [1782984986.759810017] [self_driving]: [DEBUG_DRIVE] state=LINE_FOLLOW raw_lane_x=125.0 lane_x=125.0 filter=stable linear=0.30 angular=0.10 cw_y=383 cw_n=1 cw_event_idx=4 right_done=False start_turn=False count_turn=0 park_x=-1 park_done=False traffic=None stop=False last_turn_age=7.66[0m
[self_driving-10] [0m[INFO] [1782984986.989102781] [self_driving]: [CROSSWALK_SLOW] y=383 th=180 confirm=4 candidates=[{'cx': 373, 'cy': 383, 'w': 532, 'h': 133, 'area': 70756, 'score': 0.8899999856948853}][0m
[self_driving-10] [0m[INFO] [1782984987.025412211] [self_driving]: [OBJECTS] msg_count=97 n=1 names=['crosswalk'][0m
[self_driving-10] [0m[INFO] [1782984987.485158039] [self_driving]: [CMD] n=415 source=pid_follow linear_x=0.15 linear_y=0.00 angular_z=-0.10 state=LINE_FOLLOW stop=False lane_x=138.0 raw_lane_x=138.0 lane_filter=stable cw_y=442 park_x=-1 right_done=False[0m
[self_driving-10] [0m[INFO] [1782984987.818132470] [self_driving]: [DEBUG_DRIVE] state=LINE_FOLLOW raw_lane_x=125.5 lane_x=125.5 filter=stable linear=0.15 angular=0.10 cw_y=442 cw_n=1 cw_event_idx=4 right_done=False start_turn=False count_turn=0 park_x=-1 park_done=False traffic=None stop=False last_turn_age=8.72[0m
[self_driving-10] [0m[INFO] [1782984988.096763988] [self_driving]: [OBJECTS] msg_count=100 n=1 names=['crosswalk'][0m
[self_driving-10] [0m[INFO] [1782984988.529265950] [self_driving]: [CMD] n=428 source=pid_follow linear_x=0.15 linear_y=0.00 angular_z=-0.10 state=LINE_FOLLOW stop=False lane_x=137.5 raw_lane_x=137.5 lane_filter=stable cw_y=295 park_x=-1 right_done=False[0m
[self_driving-10] [0m[INFO] [1782984988.851781325] [self_driving]: [DEBUG_DRIVE] state=LINE_FOLLOW raw_lane_x=122.0 lane_x=122.0 filter=stable linear=0.15 angular=0.10 cw_y=295 cw_n=1 cw_event_idx=4 right_done=False start_turn=False count_turn=0 park_x=-1 park_done=False traffic=None stop=False last_turn_age=9.75[0m
[self_driving-10] [0m[INFO] [1782984989.575771849] [self_driving]: [CMD] n=441 source=pid_follow linear_x=0.15 linear_y=0.00 angular_z=-0.10 state=LINE_FOLLOW stop=False lane_x=151.5 raw_lane_x=151.5 lane_filter=stable cw_y=295 park_x=-1 right_done=False[0m
[self_driving-10] [0m[INFO] [1782984989.731618970] [self_driving]: [CROSSWALK_SLOW_DONE] return normal speed[0m
[self_driving-10] [33m[WARN] [1782984989.836949497] [self_driving]: [LANE_TURN_EVENT_START] idx=6 raw_lane_x=206.0 lane_x=206.0 filter=stable th=200 cw_y=295[0m
[self_driving-10] [33m[WARN] [1782984989.837534352] [self_driving]: [TURN_CLUSTER_START] cluster=3 event_idx=6 raw_lane_x=206.0 lane_x=206.0 filter=stable cw_y=295[0m
[self_driving-10] [0m[INFO] [1782984989.838016650] [self_driving]: [TURN_CLUSTER_UPDATE] cluster=3 samples=1 lane_x=206.0 max_lane_x=206.0 cw_y=295 cw_range=(295,295)[0m
[self_driving-10] [0m[INFO] [1782984989.842431821] [self_driving]: [CMD] n=444 source=line_turn linear_x=0.30 linear_y=0.00 angular_z=-0.45 state=LINE_FOLLOW stop=False lane_x=206.0 raw_lane_x=206.0 lane_filter=stable cw_y=295 park_x=-1 right_done=False[0m
[self_driving-10] [0m[INFO] [1782984989.889821066] [self_driving]: [DEBUG_DRIVE] state=LINE_FOLLOW raw_lane_x=206.5 lane_x=206.5 filter=stable linear=0.30 angular=-0.45 cw_y=295 cw_n=1 cw_event_idx=4 right_done=False start_turn=False count_turn=2 park_x=-1 park_done=False traffic=None stop=False last_turn_age=10.79[0m
[self_driving-10] [0m[INFO] [1782984990.039508044] [self_driving]: [CROSSWALK_SLOW] y=295 th=180 confirm=4 candidates=[{'cx': 522, 'cy': 295, 'w': 145, 'h': 81, 'area': 11745, 'score': 0.38999998569488525}][0m
[self_driving-10] [33m[WARN] [1782984990.377005252] [self_driving]: [LANE_X_JUMP_REJECT] raw=137.0 last=275.0 diff=138.0 candidate=137.0 cnt=1/4[0m
[self_driving-10] [0m[INFO] [1782984990.607361812] [self_driving]: [LANE_X_JUMP_ACCEPT] raw=159.5 last=159.5 cnt=4/4[0m
[self_driving-10] [33m[WARN] [1782984990.608071909] [self_driving]: [LANE_TURN_EVENT_END] idx=6 raw_lane_x=159.5 lane_x=159.5 filter=jump_accept last_turn_done_time=1782984990.61[0m
[self_driving-10] [0m[INFO] [1782984990.608735727] [self_driving]: [CMD] n=454 source=pid_follow linear_x=0.15 linear_y=0.00 angular_z=0.00 state=LINE_FOLLOW stop=False lane_x=159.5 raw_lane_x=159.5 lane_filter=jump_accept cw_y=295 park_x=-1 right_done=False[0m
[self_driving-10] [0m[INFO] [1782984990.932958384] [self_driving]: [DEBUG_DRIVE] state=LINE_FOLLOW raw_lane_x=195.5 lane_x=195.5 filter=stable linear=0.15 angular=0.00 cw_y=295 cw_n=1 cw_event_idx=4 right_done=False start_turn=True count_turn=0 park_x=-1 park_done=False traffic=None stop=False last_turn_age=0.32[0m
[self_driving-10] [33m[WARN] [1782984991.006913266] [self_driving]: [LANE_TURN_EVENT_START] idx=7 raw_lane_x=233.5 lane_x=233.5 filter=stable th=200 cw_y=295[0m
[self_driving-10] [0m[INFO] [1782984991.007492047] [self_driving]: [TURN_CLUSTER_UPDATE] cluster=3 samples=11 lane_x=233.5 max_lane_x=275.0 cw_y=295 cw_range=(295,295)[0m
[self_driving-10] [0m[INFO] [1782984991.008284718] [self_driving]: [CMD] n=459 source=line_turn linear_x=0.15 linear_y=0.00 angular_z=-0.45 state=LINE_FOLLOW stop=False lane_x=233.5 raw_lane_x=233.5 lane_filter=stable cw_y=295 park_x=-1 right_done=False[0m
[self_driving-10] [0m[INFO] [1782984991.980388847] [self_driving]: [DEBUG_DRIVE] state=LINE_FOLLOW raw_lane_x=275.0 lane_x=275.0 filter=stable linear=0.15 angular=-0.45 cw_y=295 cw_n=1 cw_event_idx=4 right_done=False start_turn=True count_turn=13 park_x=-1 park_done=False traffic=None stop=False last_turn_age=1.37[0m
[self_driving-10] [0m[INFO] [1782984992.052382607] [self_driving]: [TURN_CLUSTER_UPDATE] cluster=3 samples=24 lane_x=274.0 max_lane_x=279.0 cw_y=295 cw_range=(295,295)[0m
[self_driving-10] [0m[INFO] [1782984992.053196704] [self_driving]: [CMD] n=472 source=line_turn linear_x=0.15 linear_y=0.00 angular_z=-0.45 state=LINE_FOLLOW stop=False lane_x=274.0 raw_lane_x=274.0 lane_filter=stable cw_y=295 park_x=-1 right_done=False[0m
[self_driving-10] [0m[INFO] [1782984992.735397240] [self_driving]: [CROSSWALK_SLOW_DONE] return normal speed[0m
[self_driving-10] [0m[INFO] [1782984992.995694378] [self_driving]: [CROSSWALK_SLOW] y=295 th=180 confirm=4 candidates=[{'cx': 522, 'cy': 295, 'w': 145, 'h': 81, 'area': 11745, 'score': 0.38999998569488525}][0m
[self_driving-10] [0m[INFO] [1782984992.996561568] [self_driving]: [DEBUG_DRIVE] state=LINE_FOLLOW raw_lane_x=274.5 lane_x=274.5 filter=stable linear=0.15 angular=-0.45 cw_y=295 cw_n=1 cw_event_idx=4 right_done=False start_turn=True count_turn=28 park_x=-1 park_done=False traffic=None stop=False last_turn_age=2.39[0m
[self_driving-10] [0m[INFO] [1782984993.072085327] [self_driving]: [TURN_CLUSTER_UPDATE] cluster=3 samples=39 lane_x=277.5 max_lane_x=308.5 cw_y=295 cw_range=(295,295)[0m
[self_driving-10] [0m[INFO] [1782984993.075040528] [self_driving]: [CMD] n=487 source=line_turn linear_x=0.15 linear_y=0.00 angular_z=-0.45 state=LINE_FOLLOW stop=False lane_x=277.5 raw_lane_x=277.5 lane_filter=stable cw_y=295 park_x=-1 right_done=False[0m
[self_driving-10] [0m[INFO] [1782984993.576417962] [self_driving]: [OBJECTS] msg_count=101 n=1 names=['right'][0m
[self_driving-10] Exception in thread Thread-1 (main):
[self_driving-10] Traceback (most recent call last):
[self_driving-10]   File "/usr/lib/python3.10/threading.py", line 1016, in _bootstrap_inner
[self_driving-10] Traceback (most recent call last):
[self_driving-10]   File "/home/ubuntu/ros2_ws/install/example/lib/example/self_driving", line 33, in <module>
[self_driving-10]     sys.exit(load_entry_point('example', 'console_scripts', 'self_driving')())
[self_driving-10]   File "/home/ubuntu/ros2_ws/build/example/example/self_driving/self_driving_HJ.py", line 1695, in main
[self_driving-10]     executor.spin()
[self_driving-10]   File "/opt/ros/humble/local/lib/python3.10/dist-packages/rclpy/executors.py", line 294, in spin
[self_driving-10]     self.spin_once()
[self_driving-10]   File "/opt/ros/humble/local/lib/python3.10/dist-packages/rclpy/executors.py", line 794, in spin_once
[self_driving-10]     self._spin_once_impl(timeout_sec)
[self_driving-10]   File "/opt/ros/humble/local/lib/python3.10/dist-packages/rclpy/executors.py", line 791, in _spin_once_impl
[self_driving-10]     future.result()
[self_driving-10]   File "/opt/ros/humble/local/lib/python3.10/dist-packages/rclpy/task.py", line 94, in result
[self_driving-10]     raise self.exception()
[self_driving-10]   File "/opt/ros/humble/local/lib/python3.10/dist-packages/rclpy/task.py", line 239, in __call__
[self_driving-10]     self._handler.send(None)
[self_driving-10]   File "/opt/ros/humble/local/lib/python3.10/dist-packages/rclpy/executors.py", line 437, in handler
[self_driving-10]     await call_coroutine(entity, arg)
[self_driving-10]   File "/opt/ros/humble/local/lib/python3.10/dist-packages/rclpy/executors.py", line 362, in _execute_subscription
[self_driving-10]     await await_or_execute(sub.callback, msg)
[self_driving-10]   File "/opt/ros/humble/local/lib/python3.10/dist-packages/rclpy/executors.py", line 107, in await_or_execute
[self_driving-10]     return callback(*args)
[self_driving-10]   File "/home/ubuntu/ros2_ws/build/example/example/self_driving/self_driving_HJ.py", line 683, in get_object_callback
[self_driving-10]     if not resume_ignore_ok:
[self_driving-10] UnboundLocalError: local variable 'resume_ignore_ok' referenced before assignment
[self_driving-10]     self.run()
[self_driving-10]   File "/usr/lib/python3.10/threading.py", line 953, in run
[self_driving-10]     self._target(*self._args, **self._kwargs)
[self_driving-10]   File "/home/ubuntu/ros2_ws/build/example/example/self_driving/self_driving_HJ.py", line 1634, in main
[self_driving-10]     result_image = self.handle_line_follow(image, result_image)
[self_driving-10]   File "/home/ubuntu/ros2_ws/build/example/example/self_driving/self_driving_HJ.py", line 1492, in handle_line_follow
[ERROR] [self_driving-10]: process has died [pid 1033330, exit code 1, cmd '/home/ubuntu/ros2_ws/install/example/lib/example/self_driving --ros-args --params-file /tmp/launch_params_ejq5tp4e --params-file /tmp/launch_params_cf3xiiwu'].
