[INFO] [launch]: All log files can be found below /home/ubuntu/.ros/log/2026-07-02-01-46-23-149846-raspberrypi-123969
[INFO] [launch]: Default logging verbosity is set to INFO
[INFO] [ascamera_node-1]: process started with pid [123985]
[INFO] [static_transform_publisher-2]: process started with pid [123987]
[INFO] [static_transform_publisher-3]: process started with pid [123989]
[INFO] [joint_state_publisher-4]: process started with pid [123991]
[INFO] [robot_state_publisher-5]: process started with pid [123993]
[INFO] [ros_robot_controller-6]: process started with pid [123995]
[INFO] [odom_publisher-7]: process started with pid [124013]
[INFO] [ekf_node-8]: process started with pid [124015]
[INFO] [yolo_detect-9]: process started with pid [124018]
[INFO] [self_driving-10]: process started with pid [124021]
[static_transform_publisher-2] [33m[WARN] [1782956783.892744913] []: Old-style arguments are deprecated; see --help for new-style arguments[0m
[static_transform_publisher-3] [33m[WARN] [1782956783.892744598] []: Old-style arguments are deprecated; see --help for new-style arguments[0m
[static_transform_publisher-3] [0m[INFO] [1782956783.928258015] [static_transform_publisher_a0VMGGCHTnJTx2Gt]: Spinning until stopped - publishing transform
[static_transform_publisher-3] translation: ('0.000000', '0.000000', '0.000000')
[static_transform_publisher-3] rotation: ('-0.500000', '0.499602', '-0.500000', '0.500398')
[static_transform_publisher-3] from 'depth_cam' to 'ascamera_color_0'[0m
[ascamera_node-1] [0m[INFO] [1782956783.929102945] [as_logger]: hello world angstrong camera ros2 node[0m
[static_transform_publisher-2] [0m[INFO] [1782956783.967341637] [static_transform_publisher_NT3EaMreVxNfLrgD]: Spinning until stopped - publishing transform
[static_transform_publisher-2] translation: ('0.000000', '0.000000', '0.000000')
[static_transform_publisher-2] rotation: ('-0.500000', '0.499602', '-0.500000', '0.500398')
[static_transform_publisher-2] from 'depth_cam' to 'ascamera_camera_link_0'[0m
[robot_state_publisher-5] [0m[INFO] [1782956783.978256345] [robot_state_publisher]: got segment base_footprint[0m
[robot_state_publisher-5] [0m[INFO] [1782956783.980763544] [robot_state_publisher]: got segment base_link[0m
[robot_state_publisher-5] [0m[INFO] [1782956783.981268769] [robot_state_publisher]: got segment depth_cam[0m
[robot_state_publisher-5] [0m[INFO] [1782956783.981287732] [robot_state_publisher]: got segment imu_link[0m
[robot_state_publisher-5] [0m[INFO] [1782956783.981295565] [robot_state_publisher]: got segment lidar_frame[0m
[robot_state_publisher-5] [0m[INFO] [1782956783.981302491] [robot_state_publisher]: got segment wheel_lb_Link[0m
[robot_state_publisher-5] [0m[INFO] [1782956783.981309862] [robot_state_publisher]: got segment wheel_lf_Link[0m
[robot_state_publisher-5] [0m[INFO] [1782956783.981316454] [robot_state_publisher]: got segment wheel_rb_Link[0m
[robot_state_publisher-5] [0m[INFO] [1782956783.981324158] [robot_state_publisher]: got segment wheel_rf_Link[0m
[ascamera_node-1] 2026-07-02 01:46:23[INFO] [CameraPublisher.cpp] [1558] [printLaunchParams] get depth_width 640
[ascamera_node-1] 2026-07-02 01:46:23[INFO] [CameraPublisher.cpp] [1559] [printLaunchParams] get depth_height 480
[ascamera_node-1] 2026-07-02 01:46:23[INFO] [CameraPublisher.cpp] [1561] [printLaunchParams] get rgb_width 640
[ascamera_node-1] 2026-07-02 01:46:23[INFO] [CameraPublisher.cpp] [1562] [printLaunchParams] get rgb_height 480
[ascamera_node-1] 2026-07-02 01:46:23[INFO] [CameraPublisher.cpp] [1570] [printLaunchParams] get set_fps 15
[ascamera_node-1] 2026-07-02 01:46:23[INFO] [CameraPublisher.cpp] [1578] [printLaunchParams] get color_pcl 1
[ascamera_node-1] 2026-07-02 01:46:23[INFO] [CameraPublisher.cpp] [1582] [printLaunchParams] get pub_tfTree 1
[ascamera_node-1] 2026-07-02 01:46:23[INFO] [CameraSrv.cpp] [35] [CameraSrv] Angstrong camera server
[ascamera_node-1] 2026-07-02 01:46:23[INFO] [CameraSrv.cpp] [45] [CameraSrv] Angstrong camera sdk version:v1.2.22.20240516
[joint_state_publisher-4] [0m[INFO] [1782956784.800235300] [joint_state_publisher]: Waiting for robot_description to be published on the robot_description topic...[0m
[odom_publisher-7] [0m[INFO] [1782956784.887302204] [odom_publisher]: [1;32m0.930000 1.010000[0m[0m
[odom_publisher-7] [0m[INFO] [1782956784.902365768] [odom_publisher]: [1;32mstart[0m[0m
[ascamera_node-1] 2026-07-02 01:46:25[INFO] [CameraSrv.cpp] [114] [onAttached] attached
[ascamera_node-1] 2026-07-02 01:46:25[INFO] [CameraSrv.cpp] [145] [onAttached] this is a new attach device, create and open it
[self_driving-10] [0m[INFO] [1782956785.399333662] [self_driving]: [INIT] init_process started[0m
[self_driving-10] [0m[INFO] [1782956785.399891461] [self_driving]: [INIT] only_line_follow=False[0m
[self_driving-10] [0m[INFO] [1782956785.400434483] [self_driving]: [INIT] request /yolov5/start[0m
[ros_robot_controller-6] [0m[INFO] [1782956785.903997968] [ros_robot_controller]: 已设置舵机 1 的偏移量为 0[0m
[ros_robot_controller-6] [0m[INFO] [1782956785.904970344] [ros_robot_controller]: 已设置舵机 2 的偏移量为 0[0m
[ros_robot_controller-6] [0m[INFO] [1782956785.905984794] [ros_robot_controller]: 已设置舵机 3 的偏移量为 4[0m
[ros_robot_controller-6] [0m[INFO] [1782956785.906988985] [ros_robot_controller]: 已设置舵机 4 的偏移量为 0[0m
[ros_robot_controller-6] [0m[INFO] [1782956785.911841826] [ros_robot_controller]: [1;32mstart[0m[0m
[ascamera_node-1] 2026-07-02 01:46:26[INFO] [CameraSrv.cpp] [154] [onAttached] get model type 9
[ascamera_node-1] 2026-07-02 01:46:26[INFO] [CameraSrv.cpp] [342] [getConfigFile] get file: /home/ubuntu/third_party_ros2/third_party_ws/src/ascamera/configurationfiles/hp60c_v2_00_20230704_configEncrypt.json
[ascamera_node-1] 2026-07-02 01:46:26[INFO] [CameraPublisher.cpp] [1501] [logCameraPathInfo] usb camera
[ascamera_node-1] 2026-07-02 01:46:26[INFO] [CameraPublisher.cpp] [1502] [logCameraPathInfo] bnum:1
[ascamera_node-1] 2026-07-02 01:46:26[INFO] [CameraPublisher.cpp] [1503] [logCameraPathInfo] dnum:19
[ascamera_node-1] 2026-07-02 01:46:26[INFO] [CameraPublisher.cpp] [1504] [logCameraPathInfo] port_numbers:2
[ascamera_node-1] 2026-07-02 01:46:26[INFO] [CameraPublisher.cpp] [171] [onCameraAttached] create a new publisher info set
[ascamera_node-1] 2026-07-02 01:46:26[INFO] [TfTreeFrameIdInfo.cpp] [11] [TfTreeFrameIdInfo] Namespace /ascamera
[ascamera_node-1] 2026-07-02 01:46:26[INFO] [CameraHp60c.cpp] [128] [open] according to the configuration file.
[ascamera_node-1] 2026-07-02 01:46:26[INFO] [CameraHp60c.cpp] [1528] [parseConfigFileParameter] moduleName:AS_CAM_HP60C
[ascamera_node-1] 2026-07-02 01:46:26[INFO] [CameraHp60c.cpp] [1555] [parseConfigFileParameter] Parsing config file /home/ubuntu/third_party_ros2/third_party_ws/src/ascamera/configurationfiles/hp60c_v2_00_20230704_configEncrypt.json
[ascamera_node-1] 2026-07-02 01:46:26[INFO] [CameraHp60c.cpp] [1620] [parseConfigFileParameter] configuration protocol Version: v2.x
[ascamera_node-1] 2026-07-02 01:46:26[INFO] [CameraHp60c.cpp] [1631] [parseConfigFileParameter] configuration Version: v2.0.0.20230704
[ascamera_node-1] 2026-07-02 01:46:26[INFO] [CameraHp60c.cpp] [1796] [setParamersAfterOpenCam] Camera confiParaEnable true, setting configuration parameter
[self_driving-10] [33m[WARN] [1782956787.403785495] [self_driving]: [YOLO_SERVICE] service not ready, continue without blocking[0m
[ascamera_node-1] 2026-07-02 01:46:27[ERROR] [XuCmdCameraHp60c.cpp] [454] [getMjpegSize] get mjpeg from xu command failed
[ascamera_node-1] 2026-07-02 01:46:27[INFO] [XuCmdCameraHp60c.cpp] [458] [getMjpegSize] mjpeg size:640x480
[ascamera_node-1] 2026-07-02 01:46:27[INFO] [CameraPublisher.cpp] [356] [onCameraOpen] camera opened
[ascamera_node-1] 2026-07-02 01:46:27[INFO] [CameraPublisher.cpp] [370] [onCameraOpen] get config info, ret 0, is_Registration 1
[ascamera_node-1] 2026-07-02 01:46:27[INFO] [Camera.cpp] [61] [init] #camera[0x555587572710] SN[ASC60CF08000515]'s firmware version:DLS_VERc20865=:V01.09_2024110714:V01.19_2024110714:L01
[ascamera_node-1] 2026-07-02 01:46:27[INFO] [CameraPublisher.cpp] [1183] [setResolution] set depth resolution: 640 x 480 @ 15fps
[ascamera_node-1] 2026-07-02 01:46:27[INFO] [CameraPublisher.cpp] [1197] [setResolution] set rgb resolution: 640 x 480 @ 15fps
[ascamera_node-1] 2026-07-02 01:46:27[INFO] [CameraHp60c.cpp] [260] [startStreaming] start streaming
[ascamera_node-1] 2026-07-02 01:46:27[INFO] [CameraSrv.cpp] [202] [onAttached] attached end
[self_driving-10] [0m[INFO] [1782956787.904973004] [self_driving]: [INIT] enter + set_running start[0m
[self_driving-10] [0m[INFO] [1782956787.905496192] [self_driving]: [1;32mself driving enter[0m[0m
[self_driving-10] [0m[INFO] [1782956787.914818929] [self_driving]: [SUB] image=/ascamera/camera_publisher/rgb0/image object=/yolov5_ros2/object_detect[0m
[self_driving-10] [0m[INFO] [1782956787.915651563] [self_driving]: [1;32mset_running[0m[0m
[self_driving-10] [0m[INFO] [1782956787.917813630] [self_driving]: [1;32m[START] hybrid self_driving start: auto LINE_FOLLOW[0m[0m
[INFO] [apply_calib-11]: process started with pid [124165]
[INFO] [complementary_filter_node-12]: process started with pid [124167]
[ascamera_node-1] 2026-07-02 01:46:29[INFO] [CameraHp60c.cpp] [912] [setInternalParameter] mjpeg info: size(640x480)
[apply_calib-11] [0m[INFO] [1782956789.291271593] [imu_calib]: Calibrating gyros; do not move the IMU[0m
[complementary_filter_node-12] [0m[INFO] [1782956789.294113924] [imu_filter]: Starting ComplementaryFilterROS[0m
[ascamera_node-1] 2026-07-02 01:46:29[INFO] [Camera.cpp] [127] [backgroundThread] SN [ ASC60CF08000515 ]'s parameter:
[ascamera_node-1] 2026-07-02 01:46:29[INFO] [Camera.cpp] [128] [backgroundThread] irfx: 426.962
[ascamera_node-1] 2026-07-02 01:46:29[INFO] [Camera.cpp] [129] [backgroundThread] irfy: 426.374
[ascamera_node-1] 2026-07-02 01:46:29[INFO] [Camera.cpp] [130] [backgroundThread] ircx: 315.403
[ascamera_node-1] 2026-07-02 01:46:29[INFO] [Camera.cpp] [131] [backgroundThread] ircy: 240.933
[ascamera_node-1] 2026-07-02 01:46:29[INFO] [Camera.cpp] [132] [backgroundThread] rgbfx: 570.48
[ascamera_node-1] 2026-07-02 01:46:29[INFO] [Camera.cpp] [133] [backgroundThread] rgbfy: 569.949
[ascamera_node-1] 2026-07-02 01:46:29[INFO] [Camera.cpp] [134] [backgroundThread] rgbcx: 329.75
[ascamera_node-1] 2026-07-02 01:46:29[INFO] [Camera.cpp] [135] [backgroundThread] rgbcy: 238.406
[ascamera_node-1] 
[ascamera_node-1] 2026-07-02 01:46:29[INFO] [CameraHp60c.cpp] [1149] [streamCallback] set gain ret 0, gain 4
[self_driving-10] [0m[INFO] [1782956789.833265994] [self_driving]: [IMAGE] received count=1 shape=(480, 640, 3) queue=0[0m
[self_driving-10] [33m[WARN] [1782956790.006920891] [self_driving]: [IMAGE] queue full -> drop oldest frame[0m
[self_driving-10] [0m[INFO] [1782956790.017664135] [self_driving]: [DEBUG_DRIVE] state=LINE_FOLLOW raw_lane_x=222.5 lane_x=222.5 filter=init linear=0.30 angular=-0.45 cw_y=0 right_done=False start_turn=False count_turn=1 traffic=None stop=False[0m
[yolo_detect-9] [0m[INFO] [1782956790.391984837] [yolov5_ros2]: Current ROS 2 distribution: humble[0m
[self_driving-10] [0m[INFO] [1782956790.547345394] [self_driving]: [DEBUG_DRIVE] state=LINE_FOLLOW raw_lane_x=208.0 lane_x=208.0 filter=stable linear=0.30 angular=-0.45 cw_y=0 right_done=False start_turn=True count_turn=5 traffic=None stop=False[0m
[self_driving-10] [0m[INFO] [1782956791.100816301] [self_driving]: [DEBUG_DRIVE] state=LINE_FOLLOW raw_lane_x=216.0 lane_x=216.0 filter=stable linear=0.30 angular=-0.45 cw_y=0 right_done=False start_turn=True count_turn=1 traffic=None stop=False[0m
[apply_calib-11] [0m[INFO] [1782956791.359038033] [imu_calib]: Gyro calibration complete! (bias = [-0.148, -0.037, -0.048])[0m
[self_driving-10] [33m[WARN] [1782956791.432713382] [self_driving]: [LANE_X_JUMP_REJECT] raw=105.5 last=205.5 diff=100.0 candidate=105.5 cnt=1/4[0m
[self_driving-10] [0m[INFO] [1782956791.650939302] [self_driving]: [DEBUG_DRIVE] state=LINE_FOLLOW raw_lane_x=143.5 lane_x=143.5 filter=stable linear=0.30 angular=0.00 cw_y=0 right_done=False start_turn=True count_turn=0 traffic=None stop=False[0m
[self_driving-10] [0m[INFO] [1782956791.905695644] [self_driving]: [IMAGE] received count=32 shape=(480, 640, 3) queue=0[0m
[self_driving-10] [0m[INFO] [1782956792.173061426] [self_driving]: [DEBUG_DRIVE] state=LINE_FOLLOW raw_lane_x=226.0 lane_x=226.0 filter=stable linear=0.30 angular=-0.45 cw_y=0 right_done=False start_turn=True count_turn=3 traffic=None stop=False[0m
[self_driving-10] [0m[INFO] [1782956792.705234458] [self_driving]: [DEBUG_DRIVE] state=LINE_FOLLOW raw_lane_x=310.0 lane_x=310.0 filter=stable linear=0.30 angular=-0.45 cw_y=0 right_done=False start_turn=True count_turn=11 traffic=None stop=False[0m
[self_driving-10] [0m[INFO] [1782956793.251956791] [self_driving]: [DEBUG_DRIVE] state=LINE_FOLLOW raw_lane_x=285.5 lane_x=285.5 filter=stable linear=0.30 angular=-0.45 cw_y=0 right_done=False start_turn=True count_turn=19 traffic=None stop=False[0m
[self_driving-10] [0m[INFO] [1782956793.793304429] [self_driving]: [DEBUG_DRIVE] state=LINE_FOLLOW raw_lane_x=226.5 lane_x=226.5 filter=stable linear=0.30 angular=-0.45 cw_y=0 right_done=False start_turn=True count_turn=27 traffic=None stop=False[0m
[self_driving-10] [0m[INFO] [1782956793.906634365] [self_driving]: [IMAGE] received count=62 shape=(480, 640, 3) queue=0[0m
[self_driving-10] [0m[INFO] [1782956794.331919329] [self_driving]: [DEBUG_DRIVE] state=LINE_FOLLOW raw_lane_x=-1 lane_x=300.0 filter=hold_last linear=0.30 angular=-0.45 cw_y=0 right_done=False start_turn=False count_turn=4 traffic=None stop=False[0m
[self_driving-10] [33m[WARN] [1782956794.602141441] [self_driving]: [LANE_LOST] raw_lane_x=-1 lane_x=-1 filter=lost stop=False state=LINE_FOLLOW safe_linear=0.00 right_ready=False right_done=False[0m
[self_driving-10] [0m[INFO] [1782956794.874599159] [self_driving]: [DEBUG_DRIVE] state=LINE_FOLLOW raw_lane_x=-1 lane_x=-1 filter=lost linear=0.30 angular=0.00 cw_y=0 right_done=False start_turn=True count_turn=1 traffic=None stop=False[0m
[self_driving-10] [33m[WARN] [1782956795.136552967] [self_driving]: [LANE_LOST] raw_lane_x=-1 lane_x=-1 filter=lost stop=False state=LINE_FOLLOW safe_linear=0.00 right_ready=False right_done=False[0m
[self_driving-10] [0m[INFO] [1782956795.407990178] [self_driving]: [DEBUG_DRIVE] state=LINE_FOLLOW raw_lane_x=-1 lane_x=-1 filter=lost linear=0.30 angular=0.00 cw_y=0 right_done=False start_turn=True count_turn=1 traffic=None stop=False[0m
[self_driving-10] [0m[INFO] [1782956795.934384771] [self_driving]: [IMAGE] received count=92 shape=(480, 640, 3) queue=0[0m
[self_driving-10] [0m[INFO] [1782956795.944698124] [self_driving]: [DEBUG_DRIVE] state=LINE_FOLLOW raw_lane_x=-1 lane_x=237.0 filter=hold_last linear=0.30 angular=-0.45 cw_y=0 right_done=False start_turn=True count_turn=8 traffic=None stop=False[0m
[self_driving-10] [33m[WARN] [1782956796.208355756] [self_driving]: [LANE_LOST] raw_lane_x=-1 lane_x=-1 filter=lost stop=False state=LINE_FOLLOW safe_linear=0.00 right_ready=False right_done=False[0m
[self_driving-10] [33m[WARN] [1782956796.478086291] [self_driving]: [LANE_X_JUMP_REJECT] raw=148.5 last=237.0 diff=88.5 candidate=148.5 cnt=1/4[0m
[self_driving-10] [0m[INFO] [1782956796.479109890] [self_driving]: [DEBUG_DRIVE] state=LINE_FOLLOW raw_lane_x=148.5 lane_x=237.0 filter=jump_reject linear=0.30 angular=-0.45 cw_y=0 right_done=False start_turn=True count_turn=12 traffic=None stop=False[0m
[self_driving-10] [33m[WARN] [1782956796.803491225] [self_driving]: [LANE_LOST] raw_lane_x=-1 lane_x=-1 filter=lost stop=False state=LINE_FOLLOW safe_linear=0.00 right_ready=False right_done=False[0m
[self_driving-10] [0m[INFO] [1782956796.940324976] [self_driving]: [LANE_X_JUMP_ACCEPT] raw=144.0 last=144.0 cnt=4/4[0m
[self_driving-10] [33m[WARN] [1782956797.021989184] [self_driving]: [LANE_X_JUMP_REJECT] raw=54.5 last=144.0 diff=89.5 candidate=54.5 cnt=1/4[0m
[self_driving-10] [0m[INFO] [1782956797.027494529] [self_driving]: [DEBUG_DRIVE] state=LINE_FOLLOW raw_lane_x=54.5 lane_x=144.0 filter=jump_reject linear=0.30 angular=-0.10 cw_y=0 right_done=False start_turn=False count_turn=0 traffic=None stop=False[0m
[self_driving-10] [33m[WARN] [1782956797.341826105] [self_driving]: [LANE_LOST] raw_lane_x=-1 lane_x=-1 filter=lost stop=False state=LINE_FOLLOW safe_linear=0.00 right_ready=False right_done=False[0m
[self_driving-10] [0m[INFO] [1782956797.543776695] [self_driving]: [DEBUG_DRIVE] state=LINE_FOLLOW raw_lane_x=-1 lane_x=-1 filter=lost linear=0.30 angular=0.00 cw_y=0 right_done=False start_turn=False count_turn=0 traffic=None stop=False[0m
[self_driving-10] [33m[WARN] [1782956797.890820025] [self_driving]: [LANE_LOST] raw_lane_x=-1 lane_x=-1 filter=lost stop=False state=LINE_FOLLOW safe_linear=0.00 right_ready=False right_done=False[0m
[self_driving-10] [0m[INFO] [1782956797.961018485] [self_driving]: [IMAGE] received count=122 shape=(480, 640, 3) queue=0[0m
[self_driving-10] [0m[INFO] [1782956798.092653022] [self_driving]: [DEBUG_DRIVE] state=LINE_FOLLOW raw_lane_x=-1 lane_x=-1 filter=lost linear=0.30 angular=0.00 cw_y=0 right_done=False start_turn=False count_turn=0 traffic=None stop=False[0m
[self_driving-10] [33m[WARN] [1782956798.425822628] [self_driving]: [LANE_LOST] raw_lane_x=-1 lane_x=-1 filter=lost stop=False state=LINE_FOLLOW safe_linear=0.00 right_ready=False right_done=False[0m
[self_driving-10] [0m[INFO] [1782956798.580750886] [self_driving]: [OBJECTS] msg_count=1 n=1 names=['crosswalk'][0m
[self_driving-10] [0m[INFO] [1782956798.645675760] [self_driving]: [DEBUG_DRIVE] state=LINE_FOLLOW raw_lane_x=-1 lane_x=-1 filter=lost linear=0.30 angular=0.00 cw_y=0 right_done=False start_turn=False count_turn=0 traffic=None stop=False[0m
[self_driving-10] [33m[WARN] [1782956798.981550678] [self_driving]: [LANE_LOST] raw_lane_x=-1 lane_x=-1 filter=lost stop=False state=LINE_FOLLOW safe_linear=0.00 right_ready=False right_done=False[0m
[self_driving-10] [0m[INFO] [1782956799.150432567] [self_driving]: [DEBUG_DRIVE] state=LINE_FOLLOW raw_lane_x=-1 lane_x=-1 filter=lost linear=0.30 angular=0.00 cw_y=0 right_done=False start_turn=False count_turn=0 traffic=None stop=False[0m
[self_driving-10] [33m[WARN] [1782956799.567799228] [self_driving]: [LANE_LOST] raw_lane_x=-1 lane_x=-1 filter=lost stop=False state=LINE_FOLLOW safe_linear=0.00 right_ready=False right_done=False[0m
[self_driving-10] [0m[INFO] [1782956799.705716411] [self_driving]: [LANE_X_JUMP_ACCEPT] raw=42.5 last=42.5 cnt=4/4[0m
[self_driving-10] [0m[INFO] [1782956799.707852349] [self_driving]: [DEBUG_DRIVE] state=LINE_FOLLOW raw_lane_x=42.5 lane_x=42.5 filter=jump_accept linear=0.30 angular=0.10 cw_y=0 right_done=False start_turn=False count_turn=0 traffic=None stop=False[0m
[self_driving-10] [0m[INFO] [1782956800.015485074] [self_driving]: [IMAGE] received count=150 shape=(480, 640, 3) queue=0[0m
[self_driving-10] [33m[WARN] [1782956800.094168839] [self_driving]: [LANE_LOST] raw_lane_x=-1 lane_x=-1 filter=lost stop=False state=LINE_FOLLOW safe_linear=0.00 right_ready=False right_done=False[0m
[self_driving-10] [0m[INFO] [1782956800.258587000] [self_driving]: [DEBUG_DRIVE] state=LINE_FOLLOW raw_lane_x=-1 lane_x=-1 filter=lost linear=0.30 angular=0.00 cw_y=0 right_done=False start_turn=False count_turn=0 traffic=None stop=False[0m
[self_driving-10] [33m[WARN] [1782956800.648886624] [self_driving]: [LANE_LOST] raw_lane_x=-1 lane_x=-1 filter=lost stop=False state=LINE_FOLLOW safe_linear=0.00 right_ready=False right_done=False[0m
[self_driving-10] [0m[INFO] [1782956800.786468712] [self_driving]: [DEBUG_DRIVE] state=LINE_FOLLOW raw_lane_x=-1 lane_x=-1 filter=lost linear=0.30 angular=0.00 cw_y=0 right_done=False start_turn=False count_turn=0 traffic=None stop=False[0m
[self_driving-10] [33m[WARN] [1782956801.198716215] [self_driving]: [LANE_LOST] raw_lane_x=-1 lane_x=-1 filter=lost stop=False state=LINE_FOLLOW safe_linear=0.00 right_ready=False right_done=False[0m
[self_driving-10] [0m[INFO] [1782956801.319321451] [self_driving]: [DEBUG_DRIVE] state=LINE_FOLLOW raw_lane_x=-1 lane_x=-1 filter=lost linear=0.30 angular=0.00 cw_y=0 right_done=False start_turn=False count_turn=0 traffic=None stop=False[0m
[self_driving-10] [33m[WARN] [1782956801.539485437] [self_driving]: [LANE_X_JUMP_REJECT] raw=284.0 last=42.5 diff=241.5 candidate=284.0 cnt=1/4[0m
[self_driving-10] [33m[WARN] [1782956801.720130669] [self_driving]: [LANE_LOST] raw_lane_x=-1 lane_x=-1 filter=lost stop=False state=LINE_FOLLOW safe_linear=0.00 right_ready=False right_done=False[0m
[self_driving-10] [0m[INFO] [1782956801.863930458] [self_driving]: [DEBUG_DRIVE] state=LINE_FOLLOW raw_lane_x=-1 lane_x=-1 filter=lost linear=0.30 angular=0.00 cw_y=0 right_done=False start_turn=False count_turn=0 traffic=None stop=False[0m
[self_driving-10] [0m[INFO] [1782956802.070951502] [self_driving]: [IMAGE] received count=180 shape=(480, 640, 3) queue=0[0m
[self_driving-10] [33m[WARN] [1782956802.085572304] [self_driving]: [LANE_X_JUMP_REJECT] raw=214.0 last=42.5 diff=171.5 candidate=224.0 cnt=3/4[0m
[self_driving-10] [0m[INFO] [1782956802.121656021] [self_driving]: [LANE_X_JUMP_ACCEPT] raw=222.0 last=222.0 cnt=4/4[0m
[self_driving-10] [0m[INFO] [1782956802.389293156] [self_driving]: [DEBUG_DRIVE] state=LINE_FOLLOW raw_lane_x=279.5 lane_x=279.5 filter=stable linear=0.30 angular=-0.45 cw_y=0 right_done=False start_turn=False count_turn=5 traffic=None stop=False[0m
[self_driving-10] [33m[WARN] [1782956802.662174302] [self_driving]: [LANE_X_JUMP_REJECT] raw=122.0 last=267.0 diff=145.0 candidate=122.0 cnt=1/4[0m
[self_driving-10] [0m[INFO] [1782956802.815998294] [self_driving]: [OBJECTS] msg_count=2 n=1 names=['crosswalk'][0m
[self_driving-10] [0m[INFO] [1782956802.955320095] [self_driving]: [DEBUG_DRIVE] state=LINE_FOLLOW raw_lane_x=241.5 lane_x=241.5 filter=stable linear=0.30 angular=-0.45 cw_y=0 right_done=False start_turn=True count_turn=7 traffic=None stop=False[0m
[self_driving-10] [33m[WARN] [1782956803.225690061] [self_driving]: [LANE_X_JUMP_REJECT] raw=292.0 last=186.0 diff=106.0 candidate=292.0 cnt=1/4[0m
[self_driving-10] [0m[INFO] [1782956803.481471631] [self_driving]: [DEBUG_DRIVE] state=LINE_FOLLOW raw_lane_x=233.0 lane_x=233.0 filter=stable linear=0.30 angular=-0.45 cw_y=0 right_done=False start_turn=True count_turn=3 traffic=None stop=False[0m
[self_driving-10] [0m[INFO] [1782956803.486789679] [self_driving]: [OBJECTS] msg_count=3 n=1 names=['crosswalk'][0m
[self_driving-10] [0m[INFO] [1782956804.010261662] [self_driving]: [DEBUG_DRIVE] state=LINE_FOLLOW raw_lane_x=123.5 lane_x=123.5 filter=stable linear=0.30 angular=0.00 cw_y=0 right_done=False start_turn=True count_turn=0 traffic=None stop=False[0m
[self_driving-10] [0m[INFO] [1782956804.083181674] [self_driving]: [IMAGE] received count=210 shape=(480, 640, 3) queue=0[0m
[self_driving-10] [0m[INFO] [1782956804.138310013] [self_driving]: [OBJECTS] msg_count=7 n=1 names=['crosswalk'][0m
[self_driving-10] [33m[WARN] [1782956804.548475801] [self_driving]: [LANE_LOST] raw_lane_x=-1 lane_x=-1 filter=lost stop=False state=LINE_FOLLOW safe_linear=0.00 right_ready=False right_done=False[0m
[self_driving-10] [0m[INFO] [1782956804.549039138] [self_driving]: [DEBUG_DRIVE] state=LINE_FOLLOW raw_lane_x=-1 lane_x=-1 filter=lost linear=0.30 angular=0.00 cw_y=0 right_done=False start_turn=False count_turn=0 traffic=None stop=False[0m
[self_driving-10] [0m[INFO] [1782956804.824615076] [self_driving]: [OBJECTS] msg_count=10 n=1 names=['crosswalk'][0m
[self_driving-10] [33m[WARN] [1782956805.098548190] [self_driving]: [LANE_LOST] raw_lane_x=-1 lane_x=-1 filter=lost stop=False state=LINE_FOLLOW safe_linear=0.00 right_ready=False right_done=False[0m
[self_driving-10] [0m[INFO] [1782956805.100506682] [self_driving]: [DEBUG_DRIVE] state=LINE_FOLLOW raw_lane_x=-1 lane_x=-1 filter=lost linear=0.30 angular=0.00 cw_y=0 right_done=False start_turn=False count_turn=0 traffic=None stop=False[0m
[self_driving-10] [0m[INFO] [1782956805.475241980] [self_driving]: [OBJECTS] msg_count=16 n=1 names=['crosswalk'][0m
[self_driving-10] [33m[WARN] [1782956805.633360292] [self_driving]: [LANE_LOST] raw_lane_x=-1 lane_x=-1 filter=lost stop=False state=LINE_FOLLOW safe_linear=0.00 right_ready=False right_done=False[0m
[self_driving-10] [0m[INFO] [1782956805.634017517] [self_driving]: [DEBUG_DRIVE] state=LINE_FOLLOW raw_lane_x=-1 lane_x=-1 filter=lost linear=0.30 angular=0.00 cw_y=0 right_done=False start_turn=False count_turn=0 traffic=None stop=False[0m
[self_driving-10] [0m[INFO] [1782956806.099880444] [self_driving]: [IMAGE] received count=240 shape=(480, 640, 3) queue=0[0m
[self_driving-10] [0m[INFO] [1782956806.136658424] [self_driving]: [OBJECTS] msg_count=21 n=1 names=['crosswalk'][0m
[self_driving-10] [33m[WARN] [1782956806.183855979] [self_driving]: [LANE_LOST] raw_lane_x=-1 lane_x=-1 filter=lost stop=False state=LINE_FOLLOW safe_linear=0.00 right_ready=False right_done=False[0m
[self_driving-10] [0m[INFO] [1782956806.184389519] [self_driving]: [DEBUG_DRIVE] state=LINE_FOLLOW raw_lane_x=-1 lane_x=-1 filter=lost linear=0.30 angular=0.00 cw_y=0 right_done=False start_turn=False count_turn=0 traffic=None stop=False[0m
[self_driving-10] [0m[INFO] [1782956806.691843619] [self_driving]: [DEBUG_DRIVE] state=LINE_FOLLOW raw_lane_x=27.5 lane_x=27.5 filter=stable linear=0.30 angular=0.10 cw_y=0 right_done=False start_turn=False count_turn=0 traffic=None stop=False[0m
[self_driving-10] [0m[INFO] [1782956806.815910892] [self_driving]: [OBJECTS] msg_count=27 n=1 names=['crosswalk'][0m
[self_driving-10] [0m[INFO] [1782956807.256746589] [self_driving]: [DEBUG_DRIVE] state=LINE_FOLLOW raw_lane_x=61.0 lane_x=61.0 filter=stable linear=0.30 angular=0.10 cw_y=0 right_done=False start_turn=False count_turn=0 traffic=None stop=False[0m
[self_driving-10] [0m[INFO] [1782956807.471361174] [self_driving]: [OBJECTS] msg_count=30 n=1 names=['crosswalk'][0m
[self_driving-10] [0m[INFO] [1782956807.776054976] [self_driving]: [DEBUG_DRIVE] state=LINE_FOLLOW raw_lane_x=117.5 lane_x=117.5 filter=stable linear=0.30 angular=0.10 cw_y=0 right_done=False start_turn=False count_turn=0 traffic=None stop=False[0m
[self_driving-10] [0m[INFO] [1782956808.109280471] [self_driving]: [IMAGE] received count=270 shape=(480, 640, 3) queue=0[0m
[self_driving-10] [0m[INFO] [1782956808.140403753] [self_driving]: [OBJECTS] msg_count=35 n=1 names=['crosswalk'][0m
[self_driving-10] [0m[INFO] [1782956808.310881781] [self_driving]: [DEBUG_DRIVE] state=LINE_FOLLOW raw_lane_x=151.5 lane_x=151.5 filter=stable linear=0.30 angular=-0.10 cw_y=0 right_done=False start_turn=False count_turn=0 traffic=None stop=False[0m
[self_driving-10] [0m[INFO] [1782956808.817274227] [self_driving]: [OBJECTS] msg_count=42 n=1 names=['crosswalk'][0m
[self_driving-10] [0m[INFO] [1782956808.865552233] [self_driving]: [DEBUG_DRIVE] state=LINE_FOLLOW raw_lane_x=153.5 lane_x=153.5 filter=stable linear=0.30 angular=-0.10 cw_y=0 right_done=False start_turn=False count_turn=0 traffic=None stop=False[0m
[self_driving-10] [0m[INFO] [1782956809.393045090] [self_driving]: [DEBUG_DRIVE] state=LINE_FOLLOW raw_lane_x=139.0 lane_x=139.0 filter=stable linear=0.30 angular=-0.10 cw_y=0 right_done=False start_turn=False count_turn=0 traffic=None stop=False[0m
[self_driving-10] [0m[INFO] [1782956809.479614065] [self_driving]: [OBJECTS] msg_count=49 n=1 names=['crosswalk'][0m
[self_driving-10] [0m[INFO] [1782956809.931930621] [self_driving]: [DEBUG_DRIVE] state=LINE_FOLLOW raw_lane_x=121.5 lane_x=121.5 filter=stable linear=0.30 angular=0.10 cw_y=0 right_done=False start_turn=False count_turn=0 traffic=None stop=False[0m
[self_driving-10] [0m[INFO] [1782956810.118088421] [self_driving]: [IMAGE] received count=300 shape=(480, 640, 3) queue=0[0m
[self_driving-10] [0m[INFO] [1782956810.163763727] [self_driving]: [OBJECTS] msg_count=54 n=1 names=['crosswalk'][0m
[self_driving-10] [0m[INFO] [1782956810.466844298] [self_driving]: [DEBUG_DRIVE] state=LINE_FOLLOW raw_lane_x=132.5 lane_x=132.5 filter=stable linear=0.30 angular=-0.10 cw_y=0 right_done=False start_turn=False count_turn=0 traffic=None stop=False[0m
[self_driving-10] [0m[INFO] [1782956810.866428250] [self_driving]: [OBJECTS] msg_count=56 n=1 names=['crosswalk'][0m
[self_driving-10] [0m[INFO] [1782956810.993239112] [self_driving]: [DEBUG_DRIVE] state=LINE_FOLLOW raw_lane_x=142.0 lane_x=142.0 filter=stable linear=0.30 angular=-0.10 cw_y=0 right_done=False start_turn=False count_turn=0 traffic=None stop=False[0m
[self_driving-10] [0m[INFO] [1782956811.512405461] [self_driving]: [OBJECTS] msg_count=58 n=1 names=['crosswalk'][0m
[self_driving-10] [0m[INFO] [1782956811.543867060] [self_driving]: [DEBUG_DRIVE] state=LINE_FOLLOW raw_lane_x=125.0 lane_x=125.0 filter=stable linear=0.30 angular=-0.10 cw_y=0 right_done=False start_turn=False count_turn=0 traffic=None stop=False[0m
[self_driving-10] [0m[INFO] [1782956812.076812799] [self_driving]: [DEBUG_DRIVE] state=LINE_FOLLOW raw_lane_x=143.5 lane_x=143.5 filter=stable linear=0.30 angular=-0.10 cw_y=0 right_done=False start_turn=False count_turn=0 traffic=None stop=False[0m
[self_driving-10] [0m[INFO] [1782956812.143575555] [self_driving]: [IMAGE] received count=330 shape=(480, 640, 3) queue=0[0m
[self_driving-10] [0m[INFO] [1782956812.607887454] [self_driving]: [DEBUG_DRIVE] state=LINE_FOLLOW raw_lane_x=138.5 lane_x=138.5 filter=stable linear=0.30 angular=-0.10 cw_y=0 right_done=False start_turn=False count_turn=0 traffic=None stop=False[0m
[self_driving-10] [0m[INFO] [1782956813.148187123] [self_driving]: [DEBUG_DRIVE] state=LINE_FOLLOW raw_lane_x=145.0 lane_x=145.0 filter=stable linear=0.30 angular=-0.10 cw_y=0 right_done=False start_turn=False count_turn=0 traffic=None stop=False[0m
[self_driving-10] [0m[INFO] [1782956813.514584189] [self_driving]: [OBJECTS] msg_count=59 n=1 names=['crosswalk'][0m
[self_driving-10] [0m[INFO] [1782956813.688209975] [self_driving]: [DEBUG_DRIVE] state=LINE_FOLLOW raw_lane_x=208.5 lane_x=208.5 filter=stable linear=0.30 angular=-0.45 cw_y=0 right_done=False start_turn=False count_turn=1 traffic=None stop=False[0m
[self_driving-10] [0m[INFO] [1782956814.162046205] [self_driving]: [IMAGE] received count=360 shape=(480, 640, 3) queue=0[0m
[self_driving-10] [33m[WARN] [1782956814.169914545] [self_driving]: [LANE_X_JUMP_REJECT] raw=107.0 last=275.5 diff=168.5 candidate=107.0 cnt=1/4[0m
[self_driving-10] [0m[INFO] [1782956814.238663348] [self_driving]: [DEBUG_DRIVE] state=LINE_FOLLOW raw_lane_x=159.5 lane_x=275.5 filter=jump_reject linear=0.30 angular=-0.45 cw_y=0 right_done=False start_turn=True count_turn=3 traffic=None stop=False[0m
[self_driving-10] [0m[INFO] [1782956814.773636210] [self_driving]: [DEBUG_DRIVE] state=LINE_FOLLOW raw_lane_x=255.0 lane_x=255.0 filter=stable linear=0.30 angular=-0.45 cw_y=0 right_done=False start_turn=True count_turn=11 traffic=None stop=False[0m
[self_driving-10] [33m[WARN] [1782956815.224638814] [self_driving]: [LANE_LOST] raw_lane_x=-1 lane_x=-1 filter=lost stop=False state=LINE_FOLLOW safe_linear=0.00 right_ready=False right_done=False[0m
[self_driving-10] [0m[INFO] [1782956815.302898318] [self_driving]: [DEBUG_DRIVE] state=LINE_FOLLOW raw_lane_x=-1 lane_x=-1 filter=lost linear=0.30 angular=0.00 cw_y=0 right_done=False start_turn=True count_turn=17 traffic=None stop=False[0m
[self_driving-10] [33m[WARN] [1782956815.780880959] [self_driving]: [LANE_LOST] raw_lane_x=-1 lane_x=-1 filter=lost stop=False state=LINE_FOLLOW safe_linear=0.00 right_ready=False right_done=False[0m
[self_driving-10] [0m[INFO] [1782956815.838536646] [self_driving]: [DEBUG_DRIVE] state=LINE_FOLLOW raw_lane_x=-1 lane_x=-1 filter=lost linear=0.30 angular=0.00 cw_y=0 right_done=False start_turn=True count_turn=17 traffic=None stop=False[0m
[self_driving-10] [0m[INFO] [1782956816.162997852] [self_driving]: [IMAGE] received count=390 shape=(480, 640, 3) queue=0[0m
[self_driving-10] [33m[WARN] [1782956816.315833691] [self_driving]: [LANE_LOST] raw_lane_x=-1 lane_x=-1 filter=lost stop=False state=LINE_FOLLOW safe_linear=0.00 right_ready=False right_done=False[0m
[self_driving-10] [0m[INFO] [1782956816.368785334] [self_driving]: [DEBUG_DRIVE] state=LINE_FOLLOW raw_lane_x=-1 lane_x=-1 filter=lost linear=0.30 angular=0.00 cw_y=0 right_done=False start_turn=True count_turn=17 traffic=None stop=False[0m
[self_driving-10] [33m[WARN] [1782956816.858007166] [self_driving]: [LANE_LOST] raw_lane_x=-1 lane_x=-1 filter=lost stop=False state=LINE_FOLLOW safe_linear=0.00 right_ready=False right_done=False[0m
[self_driving-10] [0m[INFO] [1782956816.942747113] [self_driving]: [DEBUG_DRIVE] state=LINE_FOLLOW raw_lane_x=-1 lane_x=-1 filter=lost linear=0.30 angular=0.00 cw_y=0 right_done=False start_turn=True count_turn=17 traffic=None stop=False[0m
[self_driving-10] [33m[WARN] [1782956817.387194256] [self_driving]: [LANE_X_JUMP_REJECT] raw=165.0 last=294.5 diff=129.5 candidate=165.0 cnt=1/4[0m
[self_driving-10] [0m[INFO] [1782956817.453906807] [self_driving]: [DEBUG_DRIVE] state=LINE_FOLLOW raw_lane_x=96.0 lane_x=294.5 filter=jump_reject linear=0.30 angular=-0.45 cw_y=0 right_done=False start_turn=True count_turn=21 traffic=None stop=False[0m
[self_driving-10] [33m[WARN] [1782956817.962104355] [self_driving]: [LANE_X_JUMP_REJECT] raw=47.0 last=294.5 diff=247.5 candidate=47.0 cnt=1/4[0m
[self_driving-10] [0m[INFO] [1782956817.965731190] [self_driving]: [DEBUG_DRIVE] state=LINE_FOLLOW raw_lane_x=47.0 lane_x=294.5 filter=jump_reject linear=0.30 angular=-0.45 cw_y=0 right_done=False start_turn=True count_turn=28 traffic=None stop=False[0m
[self_driving-10] [0m[INFO] [1782956818.118276749] [self_driving]: [LANE_X_JUMP_ACCEPT] raw=14.0 last=14.0 cnt=4/4[0m
[self_driving-10] [0m[INFO] [1782956818.179639993] [self_driving]: [IMAGE] received count=420 shape=(480, 640, 3) queue=0[0m
[self_driving-10] [33m[WARN] [1782956818.472591508] [self_driving]: [LANE_LOST] raw_lane_x=-1 lane_x=-1 filter=lost stop=False state=LINE_FOLLOW safe_linear=0.00 right_ready=False right_done=False[0m
[self_driving-10] [0m[INFO] [1782956818.473201308] [self_driving]: [DEBUG_DRIVE] state=LINE_FOLLOW raw_lane_x=-1 lane_x=-1 filter=lost linear=0.30 angular=0.00 cw_y=0 right_done=False start_turn=False count_turn=0 traffic=None stop=False[0m
[self_driving-10] [0m[INFO] [1782956818.891532141] [self_driving]: [OBJECTS] msg_count=60 n=1 names=['go'][0m
[self_driving-10] [33m[WARN] [1782956819.003174772] [self_driving]: [LANE_LOST] raw_lane_x=-1 lane_x=-1 filter=lost stop=False state=LINE_FOLLOW safe_linear=0.00 right_ready=False right_done=False[0m
[self_driving-10] [0m[INFO] [1782956819.004068777] [self_driving]: [DEBUG_DRIVE] state=LINE_FOLLOW raw_lane_x=-1 lane_x=-1 filter=lost linear=0.30 angular=0.00 cw_y=0 right_done=False start_turn=False count_turn=0 traffic=None stop=False[0m
[self_driving-10] [0m[INFO] [1782956819.532643566] [self_driving]: [OBJECTS] msg_count=64 n=1 names=['go'][0m
[self_driving-10] [0m[INFO] [1782956819.538655044] [self_driving]: [DEBUG_DRIVE] state=LINE_FOLLOW raw_lane_x=108.0 lane_x=108.0 filter=stable linear=0.30 angular=0.10 cw_y=0 right_done=False start_turn=False count_turn=0 traffic=None stop=False[0m
[self_driving-10] [0m[INFO] [1782956820.091281428] [self_driving]: [DEBUG_DRIVE] state=LINE_FOLLOW raw_lane_x=150.5 lane_x=150.5 filter=stable linear=0.30 angular=-0.10 cw_y=0 right_done=False start_turn=False count_turn=0 traffic=None stop=False[0m
[self_driving-10] [0m[INFO] [1782956820.197471863] [self_driving]: [IMAGE] received count=450 shape=(480, 640, 3) queue=0[0m
[self_driving-10] [0m[INFO] [1782956820.221731218] [self_driving]: [OBJECTS] msg_count=70 n=1 names=['go'][0m
[self_driving-10] [0m[INFO] [1782956820.622262879] [self_driving]: [DEBUG_DRIVE] state=LINE_FOLLOW raw_lane_x=156.5 lane_x=156.5 filter=stable linear=0.30 angular=-0.10 cw_y=0 right_done=False start_turn=False count_turn=0 traffic=None stop=False[0m
[self_driving-10] [0m[INFO] [1782956820.863963928] [self_driving]: [OBJECTS] msg_count=76 n=1 names=['crosswalk'][0m
[self_driving-10] [0m[INFO] [1782956820.869583292] [self_driving]: [TRAFFIC_CANDIDATE] name=green valid=False cx=561 cy=130 area=289 score=0.32 min_area=800[0m
[self_driving-10] [0m[INFO] [1782956821.163119458] [self_driving]: [DEBUG_DRIVE] state=LINE_FOLLOW raw_lane_x=141.0 lane_x=141.0 filter=stable linear=0.30 angular=-0.10 cw_y=0 right_done=False start_turn=False count_turn=0 traffic=None stop=False[0m
[self_driving-10] [0m[INFO] [1782956821.566664117] [self_driving]: [OBJECTS] msg_count=84 n=1 names=['crosswalk'][0m
[self_driving-10] [0m[INFO] [1782956821.570595953] [self_driving]: [TRAFFIC_CANDIDATE] name=green valid=False cx=582 cy=130 area=380 score=0.36 min_area=800[0m
[self_driving-10] [0m[INFO] [1782956821.700629408] [self_driving]: [DEBUG_DRIVE] state=LINE_FOLLOW raw_lane_x=142.5 lane_x=142.5 filter=stable linear=0.30 angular=-0.10 cw_y=0 right_done=False start_turn=False count_turn=0 traffic=None stop=False[0m
[self_driving-10] [0m[INFO] [1782956822.211488822] [self_driving]: [IMAGE] received count=480 shape=(480, 640, 3) queue=0[0m
[self_driving-10] [0m[INFO] [1782956822.216787759] [self_driving]: [DEBUG_DRIVE] state=LINE_FOLLOW raw_lane_x=117.0 lane_x=117.0 filter=stable linear=0.30 angular=0.10 cw_y=0 right_done=False start_turn=False count_turn=0 traffic=None stop=False[0m
[self_driving-10] [0m[INFO] [1782956822.243483961] [self_driving]: [OBJECTS] msg_count=91 n=1 names=['crosswalk'][0m
[self_driving-10] [0m[INFO] [1782956822.248928657] [self_driving]: [TRAFFIC_CANDIDATE] name=green valid=False cx=584 cy=129 area=644 score=0.30 min_area=800[0m
[self_driving-10] [0m[INFO] [1782956822.767040538] [self_driving]: [DEBUG_DRIVE] state=LINE_FOLLOW raw_lane_x=147.5 lane_x=147.5 filter=stable linear=0.30 angular=-0.10 cw_y=0 right_done=False start_turn=False count_turn=0 traffic=None stop=False[0m
[self_driving-10] [0m[INFO] [1782956822.886927121] [self_driving]: [OBJECTS] msg_count=99 n=1 names=['go'][0m
[self_driving-10] [0m[INFO] [1782956823.314494505] [self_driving]: [DEBUG_DRIVE] state=LINE_FOLLOW raw_lane_x=148.0 lane_x=148.0 filter=stable linear=0.30 angular=-0.10 cw_y=0 right_done=False start_turn=False count_turn=0 traffic=None stop=False[0m
[self_driving-10] [0m[INFO] [1782956823.615737176] [self_driving]: [OBJECTS] msg_count=102 n=1 names=['crosswalk'][0m
[self_driving-10] [0m[INFO] [1782956823.834759082] [self_driving]: [DEBUG_DRIVE] state=LINE_FOLLOW raw_lane_x=140.0 lane_x=140.0 filter=stable linear=0.30 angular=-0.10 cw_y=0 right_done=False start_turn=False count_turn=0 traffic=None stop=False[0m
[self_driving-10] [0m[INFO] [1782956824.239263135] [self_driving]: [IMAGE] received count=510 shape=(480, 640, 3) queue=0[0m
[self_driving-10] [0m[INFO] [1782956824.277458326] [self_driving]: [OBJECTS] msg_count=106 n=1 names=['crosswalk'][0m
[self_driving-10] [0m[INFO] [1782956824.417354131] [self_driving]: [DEBUG_DRIVE] state=LINE_FOLLOW raw_lane_x=136.0 lane_x=136.0 filter=stable linear=0.30 angular=-0.10 cw_y=0 right_done=False start_turn=False count_turn=0 traffic=None stop=False[0m
[self_driving-10] [0m[INFO] [1782956824.914825435] [self_driving]: [OBJECTS] msg_count=110 n=1 names=['crosswalk'][0m
[self_driving-10] [0m[INFO] [1782956824.989998440] [self_driving]: [DEBUG_DRIVE] state=LINE_FOLLOW raw_lane_x=134.0 lane_x=134.0 filter=stable linear=0.30 angular=-0.10 cw_y=0 right_done=False start_turn=False count_turn=0 traffic=None stop=False[0m
[self_driving-10] [0m[INFO] [1782956825.543618404] [self_driving]: [DEBUG_DRIVE] state=LINE_FOLLOW raw_lane_x=132.0 lane_x=132.0 filter=stable linear=0.30 angular=-0.10 cw_y=0 right_done=False start_turn=False count_turn=0 traffic=None stop=False[0m
[self_driving-10] [0m[INFO] [1782956825.889144448] [self_driving]: [OBJECTS] msg_count=111 n=1 names=['crosswalk'][0m
[self_driving-10] [0m[INFO] [1782956826.097748426] [self_driving]: [DEBUG_DRIVE] state=LINE_FOLLOW raw_lane_x=227.5 lane_x=227.5 filter=stable linear=0.30 angular=-0.45 cw_y=0 right_done=False start_turn=False count_turn=3 traffic=None stop=False[0m
[self_driving-10] [0m[INFO] [1782956826.277355764] [self_driving]: [IMAGE] received count=535 shape=(480, 640, 3) queue=0[0m
[self_driving-10] [33m[WARN] [1782956826.431002681] [self_driving]: [LANE_X_JUMP_REJECT] raw=159.0 last=275.0 diff=116.0 candidate=159.0 cnt=1/4[0m
[self_driving-10] [0m[INFO] [1782956826.597882634] [self_driving]: [DEBUG_DRIVE] state=LINE_FOLLOW raw_lane_x=170.0 lane_x=275.0 filter=jump_reject linear=0.30 angular=-0.45 cw_y=0 right_done=False start_turn=True count_turn=3 traffic=None stop=False[0m
[self_driving-10] [0m[INFO] [1782956827.161616154] [self_driving]: [DEBUG_DRIVE] state=LINE_FOLLOW raw_lane_x=-1 lane_x=274.5 filter=hold_last linear=0.30 angular=-0.45 cw_y=0 right_done=False start_turn=True count_turn=4 traffic=None stop=False[0m
[self_driving-10] [33m[WARN] [1782956827.396412516] [self_driving]: [LANE_LOST] raw_lane_x=-1 lane_x=-1 filter=lost stop=False state=LINE_FOLLOW safe_linear=0.00 right_ready=False right_done=False[0m
[self_driving-10] [0m[INFO] [1782956827.721412559] [self_driving]: [DEBUG_DRIVE] state=LINE_FOLLOW raw_lane_x=-1 lane_x=-1 filter=lost linear=0.30 angular=0.00 cw_y=0 right_done=False start_turn=True count_turn=6 traffic=None stop=False[0m
[self_driving-10] [33m[WARN] [1782956827.967279315] [self_driving]: [LANE_LOST] raw_lane_x=-1 lane_x=-1 filter=lost stop=False state=LINE_FOLLOW safe_linear=0.00 right_ready=False right_done=False[0m
[self_driving-10] [0m[INFO] [1782956828.283754034] [self_driving]: [IMAGE] received count=560 shape=(480, 640, 3) queue=0[0m
[self_driving-10] [0m[INFO] [1782956828.293384753] [self_driving]: [DEBUG_DRIVE] state=LINE_FOLLOW raw_lane_x=-1 lane_x=-1 filter=lost linear=0.30 angular=0.00 cw_y=0 right_done=False start_turn=True count_turn=6 traffic=None stop=False[0m
[self_driving-10] [33m[WARN] [1782956828.522559363] [self_driving]: [LANE_LOST] raw_lane_x=-1 lane_x=-1 filter=lost stop=False state=LINE_FOLLOW safe_linear=0.00 right_ready=False right_done=False[0m
[self_driving-10] [0m[INFO] [1782956828.847993315] [self_driving]: [DEBUG_DRIVE] state=LINE_FOLLOW raw_lane_x=-1 lane_x=-1 filter=lost linear=0.30 angular=0.00 cw_y=0 right_done=False start_turn=True count_turn=6 traffic=None stop=False[0m
[self_driving-10] [33m[WARN] [1782956829.097987539] [self_driving]: [LANE_LOST] raw_lane_x=-1 lane_x=-1 filter=lost stop=False state=LINE_FOLLOW safe_linear=0.00 right_ready=False right_done=False[0m
[self_driving-10] [0m[INFO] [1782956829.404562073] [self_driving]: [DEBUG_DRIVE] state=LINE_FOLLOW raw_lane_x=-1 lane_x=-1 filter=lost linear=0.30 angular=0.00 cw_y=0 right_done=False start_turn=True count_turn=6 traffic=None stop=False[0m
[self_driving-10] [33m[WARN] [1782956829.645484506] [self_driving]: [LANE_LOST] raw_lane_x=-1 lane_x=-1 filter=lost stop=False state=LINE_FOLLOW safe_linear=0.00 right_ready=False right_done=False[0m
[self_driving-10] [0m[INFO] [1782956829.984542015] [self_driving]: [DEBUG_DRIVE] state=LINE_FOLLOW raw_lane_x=-1 lane_x=-1 filter=lost linear=0.30 angular=0.00 cw_y=0 right_done=False start_turn=True count_turn=6 traffic=None stop=False[0m
[self_driving-10] [33m[WARN] [1782956830.209495472] [self_driving]: [LANE_LOST] raw_lane_x=-1 lane_x=-1 filter=lost stop=False state=LINE_FOLLOW safe_linear=0.00 right_ready=False right_done=False[0m
[self_driving-10] [0m[INFO] [1782956830.392618347] [self_driving]: [IMAGE] received count=586 shape=(480, 640, 3) queue=0[0m
[self_driving-10] [0m[INFO] [1782956830.534863220] [self_driving]: [DEBUG_DRIVE] state=LINE_FOLLOW raw_lane_x=-1 lane_x=-1 filter=lost linear=0.30 angular=0.00 cw_y=0 right_done=False start_turn=True count_turn=6 traffic=None stop=False[0m
[self_driving-10] [33m[WARN] [1782956830.718729044] [self_driving]: [LANE_LOST] raw_lane_x=-1 lane_x=-1 filter=lost stop=False state=LINE_FOLLOW safe_linear=0.00 right_ready=False right_done=False[0m
[self_driving-10] [0m[INFO] [1782956831.102370779] [self_driving]: [DEBUG_DRIVE] state=LINE_FOLLOW raw_lane_x=-1 lane_x=-1 filter=lost linear=0.30 angular=0.00 cw_y=0 right_done=False start_turn=True count_turn=6 traffic=None stop=False[0m
[self_driving-10] [0m[INFO] [1782956831.683851081] [self_driving]: [DEBUG_DRIVE] state=LINE_FOLLOW raw_lane_x=249.5 lane_x=249.5 filter=stable linear=0.30 angular=-0.45 cw_y=0 right_done=False start_turn=True count_turn=12 traffic=None stop=False[0m
[self_driving-10] [0m[INFO] [1782956832.241535716] [self_driving]: [DEBUG_DRIVE] state=LINE_FOLLOW raw_lane_x=141.0 lane_x=141.0 filter=stable linear=0.30 angular=-0.10 cw_y=0 right_done=False start_turn=False count_turn=0 traffic=None stop=False[0m
[self_driving-10] [0m[INFO] [1782956832.390476088] [self_driving]: [IMAGE] received count=611 shape=(480, 640, 3) queue=0[0m
[self_driving-10] [0m[INFO] [1782956832.580317612] [self_driving]: [OBJECTS] msg_count=112 n=1 names=['crosswalk'][0m
[self_driving-10] [0m[INFO] [1782956832.806933392] [self_driving]: [DEBUG_DRIVE] state=LINE_FOLLOW raw_lane_x=128.5 lane_x=128.5 filter=stable linear=0.30 angular=-0.10 cw_y=0 right_done=False start_turn=False count_turn=0 traffic=None stop=False[0m
[self_driving-10] [0m[INFO] [1782956832.891625302] [self_driving]: [RIGHT_CANDIDATE] valid=False reject=['small_area'] cnt=0 cx=278 cy=126 area=546 score=0.72 done=False[0m
[self_driving-10] [0m[INFO] [1782956833.215776914] [self_driving]: [OBJECTS] msg_count=116 n=1 names=['right'][0m
[self_driving-10] [0m[INFO] [1782956833.216222398] [self_driving]: [RIGHT_CANDIDATE] valid=False reject=['small_area'] cnt=0 cx=213 cy=124 area=816 score=0.83 done=False[0m
[self_driving-10] [0m[INFO] [1782956833.353439651] [self_driving]: [DEBUG_DRIVE] state=LINE_FOLLOW raw_lane_x=128.0 lane_x=128.0 filter=stable linear=0.30 angular=-0.10 cw_y=0 right_done=False start_turn=False count_turn=0 traffic=None stop=False[0m
[self_driving-10] [0m[INFO] [1782956833.582420407] [self_driving]: [RIGHT_CANDIDATE] valid=False reject=['small_area'] cnt=0 cx=190 cy=121 area=1036 score=0.84 done=False[0m
[self_driving-10] [0m[INFO] [1782956833.883267503] [self_driving]: [DEBUG_DRIVE] state=LINE_FOLLOW raw_lane_x=124.5 lane_x=124.5 filter=stable linear=0.30 angular=-0.10 cw_y=0 right_done=False start_turn=False count_turn=0 traffic=None stop=False[0m
[self_driving-10] [0m[INFO] [1782956833.921006987] [self_driving]: [OBJECTS] msg_count=124 n=1 names=['crosswalk'][0m
[self_driving-10] [0m[INFO] [1782956833.923485390] [self_driving]: [RIGHT_CANDIDATE] valid=False reject=['small_area'] cnt=0 cx=191 cy=115 area=1218 score=0.85 done=False[0m
[self_driving-10] [0m[INFO] [1782956834.289659177] [self_driving]: [RIGHT_CANDIDATE] valid=False reject=['small_area'] cnt=0 cx=170 cy=111 area=1700 score=0.84 done=False[0m
[self_driving-10] [0m[INFO] [1782956834.413568413] [self_driving]: [IMAGE] received count=639 shape=(480, 640, 3) queue=0[0m
[self_driving-10] [0m[INFO] [1782956834.424008711] [self_driving]: [DEBUG_DRIVE] state=LINE_FOLLOW raw_lane_x=112.5 lane_x=112.5 filter=stable linear=0.30 angular=0.10 cw_y=0 right_done=False start_turn=False count_turn=0 traffic=None stop=False[0m
[self_driving-10] [0m[INFO] [1782956834.625441224] [self_driving]: [OBJECTS] msg_count=131 n=1 names=['right'][0m
[self_driving-10] [0m[INFO] [1782956834.627773199] [self_driving]: [RIGHT_CANDIDATE] valid=False reject=['small_area'] cnt=0 cx=143 cy=106 area=2280 score=0.86 done=False[0m
[self_driving-10] [0m[INFO] [1782956834.955971556] [self_driving]: [DEBUG_DRIVE] state=LINE_FOLLOW raw_lane_x=140.5 lane_x=140.5 filter=stable linear=0.30 angular=-0.10 cw_y=0 right_done=False start_turn=False count_turn=0 traffic=None stop=False[0m
[self_driving-10] [0m[INFO] [1782956834.956547411] [self_driving]: [RIGHT_CANDIDATE] valid=True reject=[] cnt=0 cx=124 cy=101 area=3149 score=0.86 done=False[0m
[self_driving-10] [0m[INFO] [1782956835.277622099] [self_driving]: [OBJECTS] msg_count=136 n=1 names=['crosswalk'][0m
[self_driving-10] [0m[INFO] [1782956835.280868080] [self_driving]: [RIGHT_CANDIDATE] valid=True reject=[] cnt=1 cx=51 cy=91 area=5440 score=0.86 done=False[0m
[self_driving-10] [0m[INFO] [1782956835.285844718] [self_driving]: [RIGHT_READY] cx=51 cy=91 area=5440 score=0.86[0m
[self_driving-10] [0m[INFO] [1782956835.322924014] [self_driving]: [RIGHT_TRIGGER] enter ARROW_SIGNAL lane_x=130.5 raw_lane_x=130.5 filter=stable cw_y=0 candidate={'cx': 51, 'cy': 91, 'area': 5440, 'score': 0.8600000143051147}[0m
[self_driving-10] [0m[INFO] [1782956835.323400072] [self_driving]: [1;36m[FSM] LINE_FOLLOW -> ARROW_SIGNAL[0m[0m
[self_driving-10] [0m[INFO] [1782956835.508593866] [self_driving]: [ARROW_SIGNAL] waiting elapsed=0.18/3.00 direction=right[0m
[self_driving-10] [0m[INFO] [1782956835.641023704] [self_driving]: [RIGHT_CANDIDATE] valid=True reject=[] cnt=0 cx=15 cy=76 area=3210 score=0.66 done=False[0m
[self_driving-10] [0m[INFO] [1782956835.939785992] [self_driving]: [OBJECTS] msg_count=140 n=1 names=['crosswalk'][0m
[self_driving-10] [0m[INFO] [1782956836.041323512] [self_driving]: [ARROW_SIGNAL] waiting elapsed=0.72/3.00 direction=right[0m
[self_driving-10] [0m[INFO] [1782956836.431511005] [self_driving]: [IMAGE] received count=669 shape=(480, 640, 3) queue=0[0m
[self_driving-10] [0m[INFO] [1782956836.569511225] [self_driving]: [ARROW_SIGNAL] waiting elapsed=1.25/3.00 direction=right[0m
[self_driving-10] [0m[INFO] [1782956836.588600960] [self_driving]: [OBJECTS] msg_count=142 n=1 names=['crosswalk'][0m
[self_driving-10] [0m[INFO] [1782956837.107794512] [self_driving]: [ARROW_SIGNAL] waiting elapsed=1.78/3.00 direction=right[0m
[self_driving-10] [0m[INFO] [1782956837.204052356] [self_driving]: [OBJECTS] msg_count=144 n=1 names=['crosswalk'][0m
[self_driving-10] [0m[INFO] [1782956837.661855646] [self_driving]: [ARROW_SIGNAL] waiting elapsed=2.34/3.00 direction=right[0m
[self_driving-10] [0m[INFO] [1782956837.880091862] [self_driving]: [OBJECTS] msg_count=146 n=1 names=['crosswalk'][0m
[self_driving-10] [0m[INFO] [1782956838.188404498] [self_driving]: [ARROW_SIGNAL] waiting elapsed=2.86/3.00 direction=right[0m
[self_driving-10] [0m[INFO] [1782956838.395995767] [self_driving]: [ARROW_SIGNAL] done elapsed=3.07 -> INTERSECTION direction=right[0m
[self_driving-10] [0m[INFO] [1782956838.396747438] [self_driving]: [1;36m[FSM] ARROW_SIGNAL -> INTERSECTION[0m[0m
[self_driving-10] [0m[INFO] [1782956838.445133962] [self_driving]: [IMAGE] received count=699 shape=(480, 640, 3) queue=0[0m
[self_driving-10] [0m[INFO] [1782956838.535719608] [self_driving]: [OBJECTS] msg_count=148 n=1 names=['crosswalk'][0m
[self_driving-10] [0m[INFO] [1782956838.722015834] [self_driving]: [RIGHT_TURN] elapsed=0.33 cmd=(0.10,-0.50) lane_x=86.0[0m
[self_driving-10] [0m[INFO] [1782956839.170367868] [self_driving]: [OBJECTS] msg_count=150 n=1 names=['crosswalk'][0m
[self_driving-10] [0m[INFO] [1782956839.223763495] [self_driving]: [RIGHT_TURN] elapsed=0.83 cmd=(0.10,-0.50) lane_x=-1[0m
[self_driving-10] [0m[INFO] [1782956839.730853685] [self_driving]: [RIGHT_TURN] elapsed=1.33 cmd=(0.10,-0.50) lane_x=296.0[0m
[self_driving-10] [0m[INFO] [1782956839.837834309] [self_driving]: [OBJECTS] msg_count=152 n=1 names=['crosswalk'][0m
[self_driving-10] [0m[INFO] [1782956840.289784326] [self_driving]: [RIGHT_TURN] elapsed=1.89 cmd=(0.10,-0.50) lane_x=159.0[0m
[self_driving-10] [0m[INFO] [1782956840.467030928] [self_driving]: [IMAGE] received count=729 shape=(480, 640, 3) queue=0[0m
[self_driving-10] [0m[INFO] [1782956840.500780984] [self_driving]: [OBJECTS] msg_count=154 n=1 names=['crosswalk'][0m
[self_driving-10] [0m[INFO] [1782956840.807173554] [self_driving]: [RIGHT_TURN] elapsed=2.41 cmd=(0.10,-0.50) lane_x=302.0[0m
[self_driving-10] [0m[INFO] [1782956841.157066530] [self_driving]: [OBJECTS] msg_count=156 n=1 names=['crosswalk'][0m
[self_driving-10] [0m[INFO] [1782956841.356672514] [self_driving]: [RIGHT_TURN] elapsed=2.96 cmd=(0.10,-0.50) lane_x=260.0[0m
[self_driving-10] [0m[INFO] [1782956841.630695777] [self_driving]: [RIGHT_TURN] done elapsed=3.23 lane_x=181.0 -> LINE_FOLLOW. . . .[0m
[self_driving-10] [0m[INFO] [1782956841.631150798] [self_driving]: [1;36m[FSM] INTERSECTION -> PARKING[0m[0m
[self_driving-10] [0m[INFO] [1782956841.681221406] [self_driving]: [PARK!!!!] straight[0m
[self_driving-10] [0m[INFO] [1782956841.741502441] [self_driving]: [PARK!!!!] straight[0m
[self_driving-10] [0m[INFO] [1782956841.821727140] [self_driving]: [PARK!!!!] straight[0m
[self_driving-10] [0m[INFO] [1782956841.857809912] [self_driving]: [OBJECTS] msg_count=159 n=1 names=['crosswalk'][0m
[self_driving-10] [0m[INFO] [1782956841.892968772] [self_driving]: [PARK!!!!] straight[0m
[self_driving-10] [0m[INFO] [1782956841.948135093] [self_driving]: [PARK!!!!] straight[0m
[self_driving-10] [0m[INFO] [1782956842.019823838] [self_driving]: [PARK!!!!] straight[0m
[self_driving-10] [0m[INFO] [1782956842.084826269] [self_driving]: [PARK!!!!] straight[0m
[self_driving-10] [0m[INFO] [1782956842.150756409] [self_driving]: [PARK!!!!] straight[0m
[self_driving-10] [0m[INFO] [1782956842.222429469] [self_driving]: [PARK!!!!] straight[0m
[self_driving-10] [0m[INFO] [1782956842.301167475] [self_driving]: [PARK!!!!] straight[0m
[self_driving-10] [0m[INFO] [1782956842.356785373] [self_driving]: [PARK!!!!] straight[0m
[self_driving-10] [0m[INFO] [1782956842.424944136] [self_driving]: [PARK!!!!] straight[0m
[self_driving-10] [0m[INFO] [1782956842.490374365] [self_driving]: [IMAGE] received count=759 shape=(480, 640, 3) queue=0[0m
[self_driving-10] [0m[INFO] [1782956842.495257133] [self_driving]: [PARK!!!!] straight[0m
[self_driving-10] [0m[INFO] [1782956842.577861845] [self_driving]: [PARK!!!!] straight[0m
[self_driving-10] [0m[INFO] [1782956842.618232622] [self_driving]: [PARK!!!!] straight[0m
[self_driving-10] [0m[INFO] [1782956842.686081569] [self_driving]: [PARK!!!!] straight[0m
[self_driving-10] [0m[INFO] [1782956842.757298182] [self_driving]: [PARK!!!!] straight[0m
[self_driving-10] [0m[INFO] [1782956842.830867826] [self_driving]: [PARK!!!!] straight[0m
[self_driving-10] [0m[INFO] [1782956842.882636740] [self_driving]: [PARK!!!!] straight[0m
[self_driving-10] [0m[INFO] [1782956842.958501527] [self_driving]: [PARK!!!!] straight[0m
[self_driving-10] [0m[INFO] [1782956843.025511024] [self_driving]: [PARK!!!!] straight[0m
[self_driving-10] [0m[INFO] [1782956843.099799080] [self_driving]: [PARK!!!!] straight[0m
[self_driving-10] [0m[INFO] [1782956843.156971801] [self_driving]: [PARK!!!!] straight[0m
[self_driving-10] [0m[INFO] [1782956843.232859421] [self_driving]: [PARK!!!!] straight[0m
[self_driving-10] [0m[INFO] [1782956843.307723739] [self_driving]: [PARK!!!!] straight[0m
[self_driving-10] [0m[INFO] [1782956843.359811710] [self_driving]: [PARK!!!!] straight[0m
[self_driving-10] [0m[INFO] [1782956843.428881904] [self_driving]: [PARK!!!!] straight[0m
[self_driving-10] [0m[INFO] [1782956843.490063370] [self_driving]: [PARK!!!!] straight[0m
[self_driving-10] [0m[INFO] [1782956843.492472827] [self_driving]: [OBJECTS] msg_count=161 n=1 names=['crosswalk'][0m
[self_driving-10] [0m[INFO] [1782956843.556495604] [self_driving]: [PARK!!!!] straight[0m
[self_driving-10] [0m[INFO] [1782956843.624636941] [self_driving]: [PARK!!!!] straight[0m
[self_driving-10] [0m[INFO] [1782956843.703806265] [self_driving]: [PARK!!!!] straight[0m
[self_driving-10] [0m[INFO] [1782956843.773202331] [self_driving]: [PARK!!!!] straight[0m
[self_driving-10] [0m[INFO] [1782956843.842977769] [self_driving]: [PARK!!!!] straight[0m
[self_driving-10] [0m[INFO] [1782956843.910821141] [self_driving]: [PARK!!!!] straight[0m
[self_driving-10] [0m[INFO] [1782956843.973671746] [self_driving]: [PARK!!!!] straight[0m
[self_driving-10] [0m[INFO] [1782956844.035701493] [self_driving]: [PARK!!!!] straight[0m
[self_driving-10] [0m[INFO] [1782956844.093546885] [self_driving]: [PARK!!!!] straight[0m
[self_driving-10] [0m[INFO] [1782956844.177620902] [self_driving]: [PARK!!!!] straight[0m
[self_driving-10] [0m[INFO] [1782956844.244469602] [self_driving]: [PARK!!!!] straight[0m
[self_driving-10] [0m[INFO] [1782956844.313580907] [self_driving]: [PARK!!!!] straight[0m
[self_driving-10] [0m[INFO] [1782956844.369595122] [self_driving]: [PARK!!!!] straight[0m
[self_driving-10] [0m[INFO] [1782956844.437752737] [self_driving]: [PARK!!!!] straight[0m
[self_driving-10] [0m[INFO] [1782956844.493899712] [self_driving]: [IMAGE] received count=789 shape=(480, 640, 3) queue=0[0m
[self_driving-10] [0m[INFO] [1782956844.500032134] [self_driving]: [PARK!!!!] straight[0m
[self_driving-10] [0m[INFO] [1782956844.572038603] [self_driving]: [PARK!!!!] straight[0m
[self_driving-10] [0m[INFO] [1782956844.647849279] [self_driving]: [PARK!!!!] straight[0m
[self_driving-10] [0m[INFO] [1782956844.699142671] [self_driving]: [PARK!!!!] straight[0m
[self_driving-10] [0m[INFO] [1782956844.767949938] [self_driving]: [PARK!!!!] straight[0m
[self_driving-10] [0m[INFO] [1782956844.855543196] [self_driving]: [PARK!!!!] straight[0m
[self_driving-10] [0m[INFO] [1782956844.906730921] [self_driving]: [PARK!!!!] straight[0m
[self_driving-10] [0m[INFO] [1782956844.966195600] [self_driving]: [PARK!!!!] straight[0m
[self_driving-10] [0m[INFO] [1782956845.049996522] [self_driving]: [PARK!!!!] straight[0m
[self_driving-10] [0m[INFO] [1782956845.122607551] [self_driving]: [OBJECTS] msg_count=162 n=1 names=['crosswalk'][0m
[self_driving-10] [0m[INFO] [1782956845.123810113] [self_driving]: [PARK!!!!] straight[0m
[self_driving-10] [0m[INFO] [1782956845.189633141] [self_driving]: [PARK!!!!] straight[0m
[self_driving-10] [0m[INFO] [1782956845.240769143] [self_driving]: [PARK!!!!] straight[0m
[self_driving-10] [0m[INFO] [1782956845.307051766] [self_driving]: [PARK!!!!] straight[0m
[self_driving-10] [0m[INFO] [1782956845.384126078] [self_driving]: [PARK!!!!] straight[0m
[self_driving-10] [0m[INFO] [1782956845.447415870] [self_driving]: [PARK!!!!] straight[0m
[self_driving-10] [0m[INFO] [1782956845.524781906] [self_driving]: [PARK!!!!] straight[0m
[self_driving-10] [0m[INFO] [1782956845.596189686] [self_driving]: [PARK!!!!] straight[0m
[self_driving-10] [0m[INFO] [1782956845.639422146] [self_driving]: [PARK!!!!] straight[0m
[self_driving-10] [0m[INFO] [1782956845.719318881] [self_driving]: [PARK!!!!] straight[0m
[self_driving-10] [0m[INFO] [1782956845.757549368] [self_driving]: [OBJECTS] msg_count=164 n=1 names=['crosswalk'][0m
[self_driving-10] [0m[INFO] [1782956845.804250587] [self_driving]: [PARK!!!!] straight[0m
[self_driving-10] [0m[INFO] [1782956845.855746592] [self_driving]: [PARK!!!!] straight[0m
[self_driving-10] [0m[INFO] [1782956845.925477882] [self_driving]: [PARK!!!!] straight[0m
[self_driving-10] [0m[INFO] [1782956845.984149371] [self_driving]: [PARK!!!!] straight[0m
[self_driving-10] [0m[INFO] [1782956846.053233639] [self_driving]: [PARK!!!!] straight[0m
[self_driving-10] [0m[INFO] [1782956846.109529800] [self_driving]: [PARK!!!!] straight[0m
[self_driving-10] [0m[INFO] [1782956846.183324205] [self_driving]: [PARK!!!!] straight[0m
[self_driving-10] [0m[INFO] [1782956846.257744891] [self_driving]: [PARK!!!!] straight[0m
[self_driving-10] [0m[INFO] [1782956846.324145552] [self_driving]: [PARK!!!!] straight[0m
[self_driving-10] [0m[INFO] [1782956846.385867390] [self_driving]: [PARK!!!!] straight[0m
[self_driving-10] [0m[INFO] [1782956846.425319718] [self_driving]: [OBJECTS] msg_count=168 n=1 names=['crosswalk'][0m
[self_driving-10] [0m[INFO] [1782956846.461379305] [self_driving]: [PARK!!!!] straight[0m
[self_driving-10] [0m[INFO] [1782956846.515938697] [self_driving]: [IMAGE] received count=819 shape=(480, 640, 3) queue=0[0m
[self_driving-10] [0m[INFO] [1782956846.518405451] [self_driving]: [PARK!!!!] straight[0m
[self_driving-10] [0m[INFO] [1782956846.595042631] [self_driving]: [PARK!!!!] straight[0m
[self_driving-10] [0m[INFO] [1782956846.648135941] [self_driving]: [PARK!!!!] straight[0m
[self_driving-10] [0m[INFO] [1782956846.714964326] [self_driving]: [PARK!!!!] straight[0m
[self_driving-10] [0m[INFO] [1782956846.796832368] [self_driving]: [PARK!!!!] straight[0m
[self_driving-10] [0m[INFO] [1782956846.865408911] [self_driving]: [PARK!!!!] straight[0m
[self_driving-10] [0m[INFO] [1782956846.928414905] [self_driving]: [PARK!!!!] straight[0m
[self_driving-10] [0m[INFO] [1782956846.994093321] [self_driving]: [PARK!!!!] straight[0m
[self_driving-10] [0m[INFO] [1782956847.060339573] [self_driving]: [PARK!!!!] straight[0m
[self_driving-10] [0m[INFO] [1782956847.132949620] [self_driving]: [PARK!!!!] straight[0m
[self_driving-10] [0m[INFO] [1782956847.196344708] [self_driving]: [PARK!!!!] straight[0m
[self_driving-10] [0m[INFO] [1782956847.262587961] [self_driving]: [PARK!!!!] straight[0m
[self_driving-10] [0m[INFO] [1782956847.331026151] [self_driving]: [PARK!!!!] straight[0m
[self_driving-10] [0m[INFO] [1782956847.373186994] [self_driving]: [OBJECTS] msg_count=172 n=1 names=['crosswalk'][0m
[self_driving-10] [0m[INFO] [1782956847.416778677] [self_driving]: [PARK!!!!] straight[0m
[self_driving-10] [0m[INFO] [1782956847.454848812] [self_driving]: [PARK!!!!] straight[0m
[self_driving-10] [0m[INFO] [1782956847.538188973] [self_driving]: [PARK!!!!] straight[0m
[self_driving-10] [0m[INFO] [1782956847.598630768] [self_driving]: [PARK!!!!] straight[0m
[self_driving-10] [0m[INFO] [1782956847.663017806] [self_driving]: [PARK!!!!] straight[0m
[self_driving-10] [0m[INFO] [1782956847.725597039] [self_driving]: [PARK!!!!] straight[0m
[self_driving-10] [0m[INFO] [1782956847.800268782] [self_driving]: [PARK!!!!] straight[0m
[self_driving-10] [0m[INFO] [1782956847.854331856] [self_driving]: [PARK!!!!] straight[0m
[self_driving-10] [0m[INFO] [1782956847.946100952] [self_driving]: [PARK!!!!] straight[0m
[self_driving-10] [0m[INFO] [1782956848.004158845] [self_driving]: [PARK!!!!] straight[0m
[self_driving-10] [0m[INFO] [1782956848.041978904] [self_driving]: [OBJECTS] msg_count=173 n=1 names=['crosswalk'][0m
[self_driving-10] [0m[INFO] [1782956848.073086483] [self_driving]: [PARK!!!!] straight[0m
[self_driving-10] [0m[INFO] [1782956848.126985889] [self_driving]: [PARK!!!!] straight[0m
[self_driving-10] [0m[INFO] [1782956848.211809633] [self_driving]: [PARK!!!!] straight[0m
[self_driving-10] [0m[INFO] [1782956848.259150930] [self_driving]: [PARK!!!!] straight[0m
[self_driving-10] [0m[INFO] [1782956848.342143366] [self_driving]: [PARK!!!!] straight[0m
[self_driving-10] [0m[INFO] [1782956848.403560889] [self_driving]: [PARK!!!!] straight[0m
[self_driving-10] [0m[INFO] [1782956848.471859504] [self_driving]: [PARK!!!!] straight[0m
[self_driving-10] [0m[INFO] [1782956848.537310308] [self_driving]: [IMAGE] received count=849 shape=(480, 640, 3) queue=0[0m
[self_driving-10] [0m[INFO] [1782956848.544074697] [self_driving]: [PARK!!!!] straight[0m
[self_driving-10] [0m[INFO] [1782956848.591838459] [self_driving]: [PARK!!!!] straight[0m
[self_driving-10] [0m[INFO] [1782956848.661759528] [self_driving]: [PARK!!!!] straight[0m
[self_driving-10] [0m[INFO] [1782956848.747383590] [self_driving]: [PARK!!!!] straight[0m
[self_driving-10] [0m[INFO] [1782956848.797243790] [self_driving]: [PARK!!!!] straight[0m
[self_driving-10] [0m[INFO] [1782956848.868175679] [self_driving]: [PARK!!!!] straight[0m
[self_driving-10] [0m[INFO] [1782956848.930323816] [self_driving]: [PARK!!!!] straight[0m
[self_driving-10] [0m[INFO] [1782956848.995743120] [self_driving]: [PARK!!!!] straight[0m
[self_driving-10] [0m[INFO] [1782956849.085736040] [self_driving]: [PARK!!!!] straight[0m
[self_driving-10] [0m[INFO] [1782956849.141848329] [self_driving]: [PARK!!!!] straight[0m
[self_driving-10] [0m[INFO] [1782956849.199021828] [self_driving]: [PARK!!!!] straight[0m
[self_driving-10] [0m[INFO] [1782956849.282268526] [self_driving]: [PARK!!!!] straight[0m
[self_driving-10] [0m[INFO] [1782956849.354435218] [self_driving]: [PARK!!!!] straight[0m
[self_driving-10] [0m[INFO] [1782956849.418863312] [self_driving]: [PARK!!!!] straight[0m
[self_driving-10] [0m[INFO] [1782956849.477092113] [self_driving]: [PARK!!!!] straight[0m
[self_driving-10] [0m[INFO] [1782956849.534496595] [self_driving]: [PARK!!!!] straight[0m
[self_driving-10] [0m[INFO] [1782956849.614105735] [self_driving]: [PARK!!!!] straight[0m
[self_driving-10] [0m[INFO] [1782956849.645747520] [self_driving]: [OBJECTS] msg_count=175 n=1 names=['green'][0m
[self_driving-10] [0m[INFO] [1782956849.646471672] [self_driving]: [TRAFFIC_CANDIDATE] name=green valid=True cx=142 cy=365 area=51338 score=0.50 min_area=800[0m
[self_driving-10] [0m[INFO] [1782956849.693252614] [self_driving]: [PARK!!!!] straight[0m
[self_driving-10] [0m[INFO] [1782956849.763968539] [self_driving]: [PARK!!!!] straight[0m
[self_driving-10] [0m[INFO] [1782956849.823265920] [self_driving]: [PARK!!!!] straight[0m
[self_driving-10] [0m[INFO] [1782956849.886163580] [self_driving]: [PARK!!!!] straight[0m
[self_driving-10] [0m[INFO] [1782956849.960341413] [self_driving]: [PARK!!!!] straight[0m
[self_driving-10] [0m[INFO] [1782956850.029953554] [self_driving]: [PARK!!!!] straight[0m
[self_driving-10] [0m[INFO] [1782956850.089878846] [self_driving]: [PARK!!!!] straight[0m
[self_driving-10] [0m[INFO] [1782956850.158476649] [self_driving]: [PARK!!!!] straight[0m
[self_driving-10] [0m[INFO] [1782956850.216712394] [self_driving]: [PARK!!!!] straight[0m
[self_driving-10] [0m[INFO] [1782956850.286262350] [self_driving]: [PARK!!!!] straight[0m
[self_driving-10] [0m[INFO] [1782956850.370050865] [self_driving]: [PARK!!!!] straight[0m
[self_driving-10] [0m[INFO] [1782956850.425297613] [self_driving]: [PARK!!!!] straight[0m
[self_driving-10] [0m[INFO] [1782956850.478267626] [self_driving]: [PARK!!!!] straight[0m
[self_driving-10] [0m[INFO] [1782956850.559424460] [self_driving]: [IMAGE] received count=879 shape=(480, 640, 3) queue=0[0m
[self_driving-10] [0m[INFO] [1782956850.564071893] [self_driving]: [PARK!!!!] straight[0m
[self_driving-10] [0m[INFO] [1782956850.624109204] [self_driving]: [PARK!!!!] straight[0m
[self_driving-10] [0m[INFO] [1782956850.696795621] [self_driving]: [PARK!!!!] park ready[0m
[self_driving-10] [0m[INFO] [1782956850.761107437] [self_driving]: [PARK!!!!] park ready[0m
[self_driving-10] [0m[INFO] [1782956850.823454002] [self_driving]: [PARK!!!!] park ready[0m
[self_driving-10] [0m[INFO] [1782956850.891314059] [self_driving]: [PARK!!!!] park ready[0m
[self_driving-10] [0m[INFO] [1782956850.962116670] [self_driving]: [PARK!!!!] park ready[0m
[self_driving-10] [0m[INFO] [1782956850.968079758] [self_driving]: [OBJECTS] msg_count=176 n=1 names=['crosswalk'][0m
[self_driving-10] [0m[INFO] [1782956850.970622272] [self_driving]: [TRAFFIC_CLEAR] no valid red/green in current object msg -> clear stale traffic[0m
[self_driving-10] [0m[INFO] [1782956851.035036552] [self_driving]: [PARK!!!!] park ready[0m
[self_driving-10] [0m[INFO] [1782956851.095626903] [self_driving]: [PARK!!!!] park ready[0m
[self_driving-10] [0m[INFO] [1782956851.161709358] [self_driving]: [PARK!!!!] park ready[0m
[self_driving-10] [0m[INFO] [1782956851.233602863] [self_driving]: [PARK!!!!] park ready[0m
[self_driving-10] [0m[INFO] [1782956851.290243267] [self_driving]: [PARK!!!!] park ready[0m
[self_driving-10] [0m[INFO] [1782956851.356262592] [self_driving]: [PARK!!!!] park ready[0m
[self_driving-10] [0m[INFO] [1782956851.438788378] [self_driving]: [PARK!!!!] park ready[0m
[self_driving-10] [0m[INFO] [1782956851.487437590] [self_driving]: [PARK!!!!] park ready[0m
[self_driving-10] [0m[INFO] [1782956851.561929202] [self_driving]: [PARK!!!!] park ready[0m
[self_driving-10] [0m[INFO] [1782956851.623386817] [self_driving]: [PARK!!!!] park ready[0m
[self_driving-10] [0m[INFO] [1782956851.688415526] [self_driving]: [PARK!!!!] park ready[0m
[self_driving-10] [0m[INFO] [1782956851.766446547] [self_driving]: [PARK!!!!] park ready[0m
[self_driving-10] [0m[INFO] [1782956851.821840295] [self_driving]: [PARK!!!!] park ready[0m
[self_driving-10] [0m[INFO] [1782956851.887983732] [self_driving]: [PARK!!!!] park ready[0m
[self_driving-10] [0m[INFO] [1782956851.956273144] [self_driving]: [PARK!!!!] park ready[0m
[self_driving-10] [0m[INFO] [1782956851.968654027] [self_driving]: [OBJECTS] msg_count=177 n=1 names=['crosswalk'][0m
[self_driving-10] [0m[INFO] [1782956852.029523213] [self_driving]: [PARK!!!!] park ready[0m
[self_driving-10] [0m[INFO] [1782956852.097414807] [self_driving]: [PARK!!!!] park ready[0m
[self_driving-10] [0m[INFO] [1782956852.164397508] [self_driving]: [PARK!!!!] park ready[0m
[self_driving-10] [0m[INFO] [1782956852.226583350] [self_driving]: [PARK!!!!] park ready[0m
[self_driving-10] [0m[INFO] [1782956852.296313066] [self_driving]: [PARK!!!!] park ready[0m
[self_driving-10] [0m[INFO] [1782956852.374235456] [self_driving]: [PARK!!!!] park ready[0m
[self_driving-10] [0m[INFO] [1782956852.439420092] [self_driving]: [PARK!!!!] park ready[0m
[self_driving-10] [0m[INFO] [1782956852.506816999] [self_driving]: [PARK!!!!] park ready[0m
[self_driving-10] [0m[INFO] [1782956852.562745435] [self_driving]: [IMAGE] received count=909 shape=(480, 640, 3) queue=0[0m
[self_driving-10] [0m[INFO] [1782956852.567348886] [self_driving]: [PARK!!!!] park ready[0m
[self_driving-10] [0m[INFO] [1782956852.633338230] [self_driving]: [PARK !!!! ] park action complete[0m
[self_driving-10] [0m[INFO] [1782956852.633821251] [self_driving]: [1;36m[FSM] PARKING -> DONE[0m[0m
[self_driving-10] [0m[INFO] [1782956852.952701186] [self_driving]: [OBJECTS] msg_count=180 n=1 names=['crosswalk'][0m
[self_driving-10] [0m[INFO] [1782956854.591622735] [self_driving]: [IMAGE] received count=939 shape=(480, 640, 3) queue=0[0m
[self_driving-10] [0m[INFO] [1782956856.607490224] [self_driving]: [IMAGE] received count=969 shape=(480, 640, 3) queue=0[0m
[self_driving-10] [0m[INFO] [1782956856.656620993] [self_driving]: [OBJECTS] msg_count=181 n=1 names=['crosswalk'][0m
[self_driving-10] [0m[INFO] [1782956858.607791256] [self_driving]: [IMAGE] received count=999 shape=(480, 640, 3) queue=0[0m
[self_driving-10] [0m[INFO] [1782956860.640048742] [self_driving]: [IMAGE] received count=1029 shape=(480, 640, 3) queue=0[0m
[self_driving-10] [0m[INFO] [1782956861.018644708] [self_driving]: [OBJECTS] msg_count=182 n=1 names=['crosswalk'][0m
[self_driving-10] [0m[INFO] [1782956862.653087733] [self_driving]: [IMAGE] received count=1059 shape=(480, 640, 3) queue=0[0m
[self_driving-10] [0m[INFO] [1782956864.663960268] [self_driving]: [IMAGE] received count=1089 shape=(480, 640, 3) queue=0[0m
[self_driving-10] [0m[INFO] [1782956866.686792443] [self_driving]: [IMAGE] received count=1119 shape=(480, 640, 3) queue=0[0m
