[INFO] [launch]: All log files can be found below /home/ubuntu/.ros/log/2026-07-02-16-23-55-980865-raspberrypi-342825
[INFO] [launch]: Default logging verbosity is set to INFO
[INFO] [ascamera_node-1]: process started with pid [342841]
[INFO] [static_transform_publisher-2]: process started with pid [342843]
[INFO] [static_transform_publisher-3]: process started with pid [342845]
[INFO] [joint_state_publisher-4]: process started with pid [342847]
[INFO] [robot_state_publisher-5]: process started with pid [342849]
[INFO] [ros_robot_controller-6]: process started with pid [342851]
[INFO] [odom_publisher-7]: process started with pid [342868]
[INFO] [ekf_node-8]: process started with pid [342873]
[INFO] [yolo_detect-9]: process started with pid [342875]
[INFO] [self_driving-10]: process started with pid [342877]
[static_transform_publisher-2] [33m[WARN] [1783009436.708953833] []: Old-style arguments are deprecated; see --help for new-style arguments[0m
[static_transform_publisher-3] [33m[WARN] [1783009436.707977722] []: Old-style arguments are deprecated; see --help for new-style arguments[0m
[static_transform_publisher-3] [0m[INFO] [1783009436.728733833] [static_transform_publisher_aIkm0O1BtcmkEuXY]: Spinning until stopped - publishing transform
[static_transform_publisher-3] translation: ('0.000000', '0.000000', '0.000000')
[static_transform_publisher-3] rotation: ('-0.500000', '0.499602', '-0.500000', '0.500398')
[static_transform_publisher-3] from 'depth_cam' to 'ascamera_color_0'[0m
[ascamera_node-1] [0m[INFO] [1783009436.744452352] [as_logger]: hello world angstrong camera ros2 node[0m
[static_transform_publisher-2] [0m[INFO] [1783009436.747669148] [static_transform_publisher_l7GsSkqDDCjwbrhG]: Spinning until stopped - publishing transform
[static_transform_publisher-2] translation: ('0.000000', '0.000000', '0.000000')
[static_transform_publisher-2] rotation: ('-0.500000', '0.499602', '-0.500000', '0.500398')
[static_transform_publisher-2] from 'depth_cam' to 'ascamera_camera_link_0'[0m
[ascamera_node-1] 2026-07-02 16:23:56[INFO] [CameraPublisher.cpp] [1558] [printLaunchParams] get depth_width 640
[ascamera_node-1] 2026-07-02 16:23:56[INFO] [CameraPublisher.cpp] [1559] [printLaunchParams] get depth_height 480
[ascamera_node-1] 2026-07-02 16:23:56[INFO] [CameraPublisher.cpp] [1561] [printLaunchParams] get rgb_width 640
[ascamera_node-1] 2026-07-02 16:23:56[INFO] [CameraPublisher.cpp] [1562] [printLaunchParams] get rgb_height 480
[ascamera_node-1] 2026-07-02 16:23:56[INFO] [CameraPublisher.cpp] [1570] [printLaunchParams] get set_fps 15
[ascamera_node-1] 2026-07-02 16:23:56[INFO] [CameraPublisher.cpp] [1578] [printLaunchParams] get color_pcl 1
[ascamera_node-1] 2026-07-02 16:23:56[INFO] [CameraPublisher.cpp] [1582] [printLaunchParams] get pub_tfTree 1
[ascamera_node-1] 2026-07-02 16:23:56[INFO] [CameraSrv.cpp] [35] [CameraSrv] Angstrong camera server
[ascamera_node-1] 2026-07-02 16:23:56[INFO] [CameraSrv.cpp] [45] [CameraSrv] Angstrong camera sdk version:v1.2.22.20240516
[robot_state_publisher-5] [0m[INFO] [1783009436.833467574] [robot_state_publisher]: got segment base_footprint[0m
[robot_state_publisher-5] [0m[INFO] [1783009436.835079981] [robot_state_publisher]: got segment base_link[0m
[robot_state_publisher-5] [0m[INFO] [1783009436.835102352] [robot_state_publisher]: got segment depth_cam[0m
[robot_state_publisher-5] [0m[INFO] [1783009436.835113111] [robot_state_publisher]: got segment imu_link[0m
[robot_state_publisher-5] [0m[INFO] [1783009436.835120759] [robot_state_publisher]: got segment lidar_frame[0m
[robot_state_publisher-5] [0m[INFO] [1783009436.835129389] [robot_state_publisher]: got segment wheel_lb_Link[0m
[robot_state_publisher-5] [0m[INFO] [1783009436.835137611] [robot_state_publisher]: got segment wheel_lf_Link[0m
[robot_state_publisher-5] [0m[INFO] [1783009436.835145630] [robot_state_publisher]: got segment wheel_rb_Link[0m
[robot_state_publisher-5] [0m[INFO] [1783009436.835153130] [robot_state_publisher]: got segment wheel_rf_Link[0m
[joint_state_publisher-4] [0m[INFO] [1783009437.643640536] [joint_state_publisher]: Waiting for robot_description to be published on the robot_description topic...[0m
[odom_publisher-7] [0m[INFO] [1783009437.730205814] [odom_publisher]: [1;32m0.930000 1.010000[0m[0m
[odom_publisher-7] [0m[INFO] [1783009437.754925629] [odom_publisher]: [1;32mstart[0m[0m
[ascamera_node-1] 2026-07-02 16:23:57[INFO] [CameraSrv.cpp] [114] [onAttached] attached
[ascamera_node-1] 2026-07-02 16:23:57[INFO] [CameraSrv.cpp] [145] [onAttached] this is a new attach device, create and open it
[self_driving-10] [0m[INFO] [1783009438.331036277] [self_driving]: [INIT] init_process started[0m
[self_driving-10] [0m[INFO] [1783009438.331554906] [self_driving]: [INIT] only_line_follow=False[0m
[self_driving-10] [0m[INFO] [1783009438.331964092] [self_driving]: [INIT] request /yolov5/start[0m
[ros_robot_controller-6] [0m[INFO] [1783009438.334718258] [ros_robot_controller]: 已设置舵机 1 的偏移量为 0[0m
[ros_robot_controller-6] [0m[INFO] [1783009438.335835536] [ros_robot_controller]: 已设置舵机 2 的偏移量为 0[0m
[ros_robot_controller-6] [0m[INFO] [1783009438.336796129] [ros_robot_controller]: 已设置舵机 3 的偏移量为 4[0m
[ros_robot_controller-6] [0m[INFO] [1783009438.337956258] [ros_robot_controller]: 已设置舵机 4 的偏移量为 0[0m
[ros_robot_controller-6] [0m[INFO] [1783009438.342136518] [ros_robot_controller]: [1;32mstart[0m[0m
[ascamera_node-1] 2026-07-02 16:23:58[INFO] [CameraSrv.cpp] [154] [onAttached] get model type 9
[ascamera_node-1] 2026-07-02 16:23:58[INFO] [CameraSrv.cpp] [342] [getConfigFile] get file: /home/ubuntu/third_party_ros2/third_party_ws/src/ascamera/configurationfiles/hp60c_v2_00_20230704_configEncrypt.json
[ascamera_node-1] 2026-07-02 16:23:58[INFO] [CameraPublisher.cpp] [1501] [logCameraPathInfo] usb camera
[ascamera_node-1] 2026-07-02 16:23:58[INFO] [CameraPublisher.cpp] [1502] [logCameraPathInfo] bnum:1
[ascamera_node-1] 2026-07-02 16:23:58[INFO] [CameraPublisher.cpp] [1503] [logCameraPathInfo] dnum:3
[ascamera_node-1] 2026-07-02 16:23:58[INFO] [CameraPublisher.cpp] [1504] [logCameraPathInfo] port_numbers:2
[ascamera_node-1] 2026-07-02 16:23:58[INFO] [CameraPublisher.cpp] [171] [onCameraAttached] create a new publisher info set
[ascamera_node-1] 2026-07-02 16:23:58[INFO] [TfTreeFrameIdInfo.cpp] [11] [TfTreeFrameIdInfo] Namespace /ascamera
[ascamera_node-1] 2026-07-02 16:23:58[INFO] [CameraHp60c.cpp] [128] [open] according to the configuration file.
[ascamera_node-1] 2026-07-02 16:23:58[INFO] [CameraHp60c.cpp] [1528] [parseConfigFileParameter] moduleName:AS_CAM_HP60C
[ascamera_node-1] 2026-07-02 16:23:58[INFO] [CameraHp60c.cpp] [1555] [parseConfigFileParameter] Parsing config file /home/ubuntu/third_party_ros2/third_party_ws/src/ascamera/configurationfiles/hp60c_v2_00_20230704_configEncrypt.json
[ascamera_node-1] 2026-07-02 16:23:58[INFO] [CameraHp60c.cpp] [1620] [parseConfigFileParameter] configuration protocol Version: v2.x
[ascamera_node-1] 2026-07-02 16:23:58[INFO] [CameraHp60c.cpp] [1631] [parseConfigFileParameter] configuration Version: v2.0.0.20230704
[ascamera_node-1] 2026-07-02 16:23:58[INFO] [CameraHp60c.cpp] [1796] [setParamersAfterOpenCam] Camera confiParaEnable true, setting configuration parameter
[self_driving-10] [33m[WARN] [1783009440.335238498] [self_driving]: [YOLO_SERVICE] service not ready, continue without blocking[0m
[ascamera_node-1] 2026-07-02 16:24:00[ERROR] [XuCmdCameraHp60c.cpp] [454] [getMjpegSize] get mjpeg from xu command failed
[ascamera_node-1] 2026-07-02 16:24:00[INFO] [XuCmdCameraHp60c.cpp] [458] [getMjpegSize] mjpeg size:640x480
[ascamera_node-1] 2026-07-02 16:24:00[INFO] [CameraPublisher.cpp] [356] [onCameraOpen] camera opened
[ascamera_node-1] 2026-07-02 16:24:00[INFO] [CameraPublisher.cpp] [370] [onCameraOpen] get config info, ret 0, is_Registration 1
[ascamera_node-1] 2026-07-02 16:24:00[INFO] [Camera.cpp] [61] [init] #camera[0x5555ed35e710] SN[ASC60CF08000515]'s firmware version:DLS_VERc20865=:V01.09_2024110714:V01.19_2024110714:L01
[ascamera_node-1] 2026-07-02 16:24:00[INFO] [CameraPublisher.cpp] [1183] [setResolution] set depth resolution: 640 x 480 @ 15fps
[ascamera_node-1] 2026-07-02 16:24:00[INFO] [CameraPublisher.cpp] [1197] [setResolution] set rgb resolution: 640 x 480 @ 15fps
[ascamera_node-1] 2026-07-02 16:24:00[INFO] [CameraHp60c.cpp] [260] [startStreaming] start streaming
[ascamera_node-1] 2026-07-02 16:24:00[INFO] [CameraSrv.cpp] [202] [onAttached] attached end
[self_driving-10] [0m[INFO] [1783009440.836387831] [self_driving]: [INIT] enter + set_running start[0m
[self_driving-10] [0m[INFO] [1783009440.836959238] [self_driving]: [1;32mself driving enter[0m[0m
[self_driving-10] [0m[INFO] [1783009440.845201127] [self_driving]: [SUB] image=/ascamera/camera_publisher/rgb0/image object=/yolov5_ros2/object_detect[0m
[self_driving-10] [0m[INFO] [1783009440.845947646] [self_driving]: [1;32mset_running[0m[0m
[self_driving-10] [0m[INFO] [1783009440.850477923] [self_driving]: [1;32m[START] hybrid self_driving start: auto LINE_FOLLOW[0m[0m
[INFO] [apply_calib-11]: process started with pid [343024]
[INFO] [complementary_filter_node-12]: process started with pid [343026]
[complementary_filter_node-12] [0m[INFO] [1783009441.742701201] [imu_filter]: Starting ComplementaryFilterROS[0m
[ascamera_node-1] 2026-07-02 16:24:02[INFO] [CameraHp60c.cpp] [912] [setInternalParameter] mjpeg info: size(640x480)
[apply_calib-11] [0m[INFO] [1783009442.112267219] [imu_calib]: Calibrating gyros; do not move the IMU[0m
[ascamera_node-1] 2026-07-02 16:24:02[INFO] [Camera.cpp] [127] [backgroundThread] SN [ ASC60CF08000515 ]'s parameter:
[ascamera_node-1] 2026-07-02 16:24:02[INFO] [Camera.cpp] [128] [backgroundThread] irfx: 426.962
[ascamera_node-1] 2026-07-02 16:24:02[INFO] [Camera.cpp] [129] [backgroundThread] irfy: 426.374
[ascamera_node-1] 2026-07-02 16:24:02[INFO] [Camera.cpp] [130] [backgroundThread] ircx: 315.403
[ascamera_node-1] 2026-07-02 16:24:02[INFO] [Camera.cpp] [131] [backgroundThread] ircy: 240.933
[ascamera_node-1] 2026-07-02 16:24:02[INFO] [Camera.cpp] [132] [backgroundThread] rgbfx: 570.48
[ascamera_node-1] 2026-07-02 16:24:02[INFO] [Camera.cpp] [133] [backgroundThread] rgbfy: 569.949
[ascamera_node-1] 2026-07-02 16:24:02[INFO] [Camera.cpp] [134] [backgroundThread] rgbcx: 329.75
[ascamera_node-1] 2026-07-02 16:24:02[INFO] [Camera.cpp] [135] [backgroundThread] rgbcy: 238.406
[ascamera_node-1] 
[self_driving-10] [0m[INFO] [1783009442.504011682] [self_driving]: [IMAGE] received count=1 shape=(480, 640, 3) queue=0[0m
[ascamera_node-1] 2026-07-02 16:24:02[INFO] [CameraHp60c.cpp] [1149] [streamCallback] set gain ret 0, gain 4
[self_driving-10] [0m[INFO] [1783009442.693539608] [self_driving]: [DEBUG_DRIVE] state=LINE_FOLLOW raw_lane_x=117.0 lane_x=117.0 filter=init linear=0.32 angular=0.10 cw_y=0 right_done=False start_turn=False count_turn=0 traffic=None stop=False[0m
[self_driving-10] [0m[INFO] [1783009443.235113478] [self_driving]: [DEBUG_DRIVE] state=LINE_FOLLOW raw_lane_x=-1 lane_x=137.5 filter=hold_last linear=0.32 angular=-0.10 cw_y=0 right_done=False start_turn=False count_turn=0 traffic=None stop=False[0m
[self_driving-10] [33m[WARN] [1783009443.381165940] [self_driving]: [LANE_LOST] raw_lane_x=-1 lane_x=-1 filter=lost stop=False state=LINE_FOLLOW safe_linear=0.02 right_ready=False right_done=False[0m
[yolo_detect-9] [0m[INFO] [1783009443.723916940] [yolov5_ros2]: Current ROS 2 distribution: humble[0m
[self_driving-10] [0m[INFO] [1783009443.774074403] [self_driving]: [DEBUG_DRIVE] state=LINE_FOLLOW raw_lane_x=-1 lane_x=-1 filter=lost linear=0.32 angular=0.00 cw_y=0 right_done=False start_turn=False count_turn=0 traffic=None stop=False[0m
[self_driving-10] [33m[WARN] [1783009443.905628125] [self_driving]: [LANE_LOST] raw_lane_x=-1 lane_x=-1 filter=lost stop=False state=LINE_FOLLOW safe_linear=0.02 right_ready=False right_done=False[0m
[apply_calib-11] [0m[INFO] [1783009444.177528607] [imu_calib]: Gyro calibration complete! (bias = [0.050, 0.076, -0.200])[0m
[self_driving-10] [0m[INFO] [1783009444.322171218] [self_driving]: [DEBUG_DRIVE] state=LINE_FOLLOW raw_lane_x=-1 lane_x=-1 filter=lost linear=0.32 angular=0.00 cw_y=0 right_done=False start_turn=False count_turn=0 traffic=None stop=False[0m
[self_driving-10] [33m[WARN] [1783009444.456950495] [self_driving]: [LANE_LOST] raw_lane_x=-1 lane_x=-1 filter=lost stop=False state=LINE_FOLLOW safe_linear=0.02 right_ready=False right_done=False[0m
[self_driving-10] [0m[INFO] [1783009444.527100477] [self_driving]: [IMAGE] received count=30 shape=(480, 640, 3) queue=0[0m
[self_driving-10] [0m[INFO] [1783009444.879575421] [self_driving]: [DEBUG_DRIVE] state=LINE_FOLLOW raw_lane_x=-1 lane_x=-1 filter=lost linear=0.32 angular=0.00 cw_y=0 right_done=False start_turn=False count_turn=0 traffic=None stop=False[0m
[self_driving-10] [33m[WARN] [1783009445.007876699] [self_driving]: [LANE_LOST] raw_lane_x=-1 lane_x=-1 filter=lost stop=False state=LINE_FOLLOW safe_linear=0.02 right_ready=False right_done=False[0m
[self_driving-10] [0m[INFO] [1783009445.408412587] [self_driving]: [DEBUG_DRIVE] state=LINE_FOLLOW raw_lane_x=-1 lane_x=-1 filter=lost linear=0.32 angular=0.00 cw_y=0 right_done=False start_turn=False count_turn=0 traffic=None stop=False[0m
[self_driving-10] [33m[WARN] [1783009445.524096495] [self_driving]: [LANE_LOST] raw_lane_x=-1 lane_x=-1 filter=lost stop=False state=LINE_FOLLOW safe_linear=0.02 right_ready=False right_done=False[0m
[self_driving-10] [0m[INFO] [1783009445.677825217] [self_driving]: [OBJECTS] msg_count=1 n=1 names=['crosswalk'][0m
[self_driving-10] [0m[INFO] [1783009445.944875272] [self_driving]: [DEBUG_DRIVE] state=LINE_FOLLOW raw_lane_x=-1 lane_x=-1 filter=lost linear=0.32 angular=0.00 cw_y=0 right_done=False start_turn=False count_turn=0 traffic=None stop=False[0m
[self_driving-10] [33m[WARN] [1783009446.078938383] [self_driving]: [LANE_LOST] raw_lane_x=-1 lane_x=-1 filter=lost stop=False state=LINE_FOLLOW safe_linear=0.02 right_ready=False right_done=False[0m
[self_driving-10] [0m[INFO] [1783009446.361996865] [self_driving]: [OBJECTS] msg_count=2 n=1 names=['crosswalk'][0m
[self_driving-10] [0m[INFO] [1783009446.478731031] [self_driving]: [DEBUG_DRIVE] state=LINE_FOLLOW raw_lane_x=-1 lane_x=-1 filter=lost linear=0.32 angular=0.00 cw_y=0 right_done=False start_turn=False count_turn=0 traffic=None stop=False[0m
[self_driving-10] [0m[INFO] [1783009446.603130550] [self_driving]: [IMAGE] received count=61 shape=(480, 640, 3) queue=0[0m
[self_driving-10] [33m[WARN] [1783009446.613569550] [self_driving]: [LANE_LOST] raw_lane_x=-1 lane_x=-1 filter=lost stop=False state=LINE_FOLLOW safe_linear=0.02 right_ready=False right_done=False[0m
[self_driving-10] [0m[INFO] [1783009446.689405642] [self_driving]: [CW_CANDIDATE] name=crosswalkcx=578 y2=296 area=4026 score=0.58 [0m
[self_driving-10] [0m[INFO] [1783009447.012583253] [self_driving]: [DEBUG_DRIVE] state=LINE_FOLLOW raw_lane_x=-1 lane_x=-1 filter=lost linear=0.32 angular=0.00 cw_y=296 right_done=False start_turn=False count_turn=0 traffic=None stop=False[0m
[self_driving-10] [33m[WARN] [1783009447.139019623] [self_driving]: [LANE_LOST] raw_lane_x=-1 lane_x=-1 filter=lost stop=False state=LINE_FOLLOW safe_linear=0.02 right_ready=False right_done=False[0m
[self_driving-10] [33m[WARN] [1783009447.210732290] [self_driving]: [LANE_X_JUMP_REJECT] raw=39.0 last=137.5 diff=98.5 candidate=39.0 cnt=1/4[0m
[self_driving-10] [0m[INFO] [1783009447.359220401] [self_driving]: [OBJECTS] msg_count=4 n=1 names=['crosswalk'][0m
[self_driving-10] [0m[INFO] [1783009447.558186660] [self_driving]: [DEBUG_DRIVE] state=LINE_FOLLOW raw_lane_x=272.0 lane_x=76.5 filter=jump_reject linear=0.32 angular=0.10 cw_y=0 right_done=False start_turn=False count_turn=0 traffic=None stop=False[0m
[self_driving-10] [0m[INFO] [1783009447.698896308] [self_driving]: [CW_CANDIDATE] name=crosswalkcx=605 y2=189 area=5226 score=0.51 [0m
[self_driving-10] [33m[WARN] [1783009447.896581956] [self_driving]: [LANE_X_JUMP_REJECT] raw=23.0 last=127.0 diff=104.0 candidate=23.0 cnt=1/4[0m
[self_driving-10] [0m[INFO] [1783009447.897263882] [self_driving]: [CROSSWALK_SLOW] y=189 th=180 confirm=3[0m
[self_driving-10] [0m[INFO] [1783009447.898401827] [self_driving]: [CW_STAGE 2] 정지선 앞 완전 정지! elapsed=0.00s[0m
[self_driving-10] [0m[INFO] [1783009447.958058401] [self_driving]: [CW_STAGE 2] 정지선 앞 완전 정지! elapsed=0.06s[0m
[self_driving-10] [0m[INFO] [1783009448.013330549] [self_driving]: [CW_STAGE 2] 정지선 앞 완전 정지! elapsed=0.12s[0m
[self_driving-10] [0m[INFO] [1783009448.032852938] [self_driving]: [OBJECTS] msg_count=6 n=1 names=['crosswalk'][0m
[self_driving-10] [0m[INFO] [1783009448.109035493] [self_driving]: [CW_STAGE 2] 정지선 앞 완전 정지! elapsed=0.21s[0m
[self_driving-10] [0m[INFO] [1783009448.156412327] [self_driving]: [CW_STAGE 2] 정지선 앞 완전 정지! elapsed=0.26s[0m
[self_driving-10] [0m[INFO] [1783009448.222615623] [self_driving]: [CW_STAGE 2] 정지선 앞 완전 정지! elapsed=0.32s[0m
[self_driving-10] [0m[INFO] [1783009448.293414734] [self_driving]: [CW_STAGE 2] 정지선 앞 완전 정지! elapsed=0.39s[0m
[self_driving-10] [0m[INFO] [1783009448.355598771] [self_driving]: [CW_STAGE 2] 정지선 앞 완전 정지! elapsed=0.46s[0m
[self_driving-10] [0m[INFO] [1783009448.390865715] [self_driving]: [CW_CANDIDATE] name=crosswalkcx=434 y2=476 area=5194 score=0.81 [0m
[self_driving-10] [0m[INFO] [1783009448.435086215] [self_driving]: [CW_STAGE 2] 정지선 앞 완전 정지! elapsed=0.54s[0m
[self_driving-10] [0m[INFO] [1783009448.489320160] [self_driving]: [CW_STAGE 2] 정지선 앞 완전 정지! elapsed=0.59s[0m
[self_driving-10] [0m[INFO] [1783009448.556652437] [self_driving]: [CW_STAGE 2] 정지선 앞 완전 정지! elapsed=0.66s[0m
[self_driving-10] [0m[INFO] [1783009448.621673400] [self_driving]: [IMAGE] received count=91 shape=(480, 640, 3) queue=0[0m
[self_driving-10] [0m[INFO] [1783009448.635911215] [self_driving]: [CW_STAGE 2] 정지선 앞 완전 정지! elapsed=0.74s[0m
[self_driving-10] [0m[INFO] [1783009448.687540548] [self_driving]: [CW_STAGE 2] 정지선 앞 완전 정지! elapsed=0.79s[0m
[self_driving-10] [0m[INFO] [1783009448.762463752] [self_driving]: [CW_STAGE 2] 정지선 앞 완전 정지! elapsed=0.86s[0m
[self_driving-10] [0m[INFO] [1783009448.831730363] [self_driving]: [CW_STAGE 2] 정지선 앞 완전 정지! elapsed=0.93s[0m
[self_driving-10] [0m[INFO] [1783009448.898839363] [self_driving]: [CW_STAGE 2] 정지선 앞 완전 정지! elapsed=1.00s[0m
[self_driving-10] [0m[INFO] [1783009448.965033159] [self_driving]: [CW_STAGE 2] 정지선 앞 완전 정지! elapsed=1.07s[0m
[self_driving-10] [0m[INFO] [1783009449.022711270] [self_driving]: [CW_STAGE 2] 정지선 앞 완전 정지! elapsed=1.13s[0m
[self_driving-10] [0m[INFO] [1783009449.100367196] [self_driving]: [CW_STAGE 2] 정지선 앞 완전 정지! elapsed=1.20s[0m
[self_driving-10] [0m[INFO] [1783009449.128939604] [self_driving]: [OBJECTS] msg_count=9 n=1 names=['crosswalk'][0m
[self_driving-10] [0m[INFO] [1783009449.130476622] [self_driving]: [CW_CANDIDATE] name=crosswalkcx=324 y2=327 area=2640 score=0.71 [0m
[self_driving-10] [0m[INFO] [1783009449.133923437] [self_driving]: [CW_CANDIDATE] name=crosswalkcx=359 y2=473 area=15405 score=0.52 [0m
[self_driving-10] [0m[INFO] [1783009449.141936993] [self_driving]: [CW_CANDIDATE] name=crosswalkcx=326 y2=344 area=2484 score=0.47 [0m
[self_driving-10] [0m[INFO] [1783009449.181860233] [self_driving]: [CW_STAGE 2] 정지선 앞 완전 정지! elapsed=1.28s[0m
[self_driving-10] [0m[INFO] [1783009449.245898881] [self_driving]: [CW_STAGE 2] 정지선 앞 완전 정지! elapsed=1.35s[0m
[self_driving-10] [0m[INFO] [1783009449.302115400] [self_driving]: [CW_STAGE 3] 미션 완료 -> 정상 속도 회복 및 6초 락 가동[0m
[self_driving-10] [0m[INFO] [1783009449.302931400] [self_driving]: [DEBUG_DRIVE] state=LINE_FOLLOW raw_lane_x=93.5 lane_x=93.5 filter=stable linear=0.32 angular=0.10 cw_y=344 right_done=False start_turn=False count_turn=0 traffic=None stop=False[0m
[self_driving-10] [0m[INFO] [1783009449.485192178] [self_driving]: [CW_CANDIDATE] name=crosswalkcx=386 y2=283 area=5474 score=0.87 [0m
[self_driving-10] [0m[INFO] [1783009449.488534344] [self_driving]: [CW_CANDIDATE] name=crosswalkcx=376 y2=239 area=2380 score=0.72 [0m
[self_driving-10] [0m[INFO] [1783009449.821781807] [self_driving]: [DEBUG_DRIVE] state=LINE_FOLLOW raw_lane_x=121.5 lane_x=121.5 filter=stable linear=0.32 angular=0.10 cw_y=239 right_done=False start_turn=False count_turn=0 traffic=None stop=False[0m
[self_driving-10] [0m[INFO] [1783009449.826603955] [self_driving]: [OBJECTS] msg_count=14 n=1 names=['crosswalk'][0m
[self_driving-10] [0m[INFO] [1783009449.829422326] [self_driving]: [CW_CANDIDATE] name=crosswalkcx=395 y2=213 area=3765 score=0.86 [0m
[self_driving-10] [0m[INFO] [1783009449.838166270] [self_driving]: [CW_CANDIDATE] name=crosswalkcx=386 y2=177 area=888 score=0.72 [0m
[self_driving-10] [0m[INFO] [1783009450.155510455] [self_driving]: [CW_CANDIDATE] name=crosswalkcx=392 y2=213 area=3765 score=0.85 [0m
[self_driving-10] [0m[INFO] [1783009450.167089585] [self_driving]: [CW_CANDIDATE] name=crosswalkcx=383 y2=178 area=1008 score=0.72 [0m
[self_driving-10] [0m[INFO] [1783009450.374930418] [self_driving]: [CROSSWALK_IGNORE] y=178 < th=180[0m
[self_driving-10] [0m[INFO] [1783009450.375642862] [self_driving]: [DEBUG_DRIVE] state=LINE_FOLLOW raw_lane_x=135.0 lane_x=135.0 filter=stable linear=0.32 angular=-0.10 cw_y=178 right_done=False start_turn=False count_turn=0 traffic=None stop=False[0m
[self_driving-10] [0m[INFO] [1783009450.508306881] [self_driving]: [OBJECTS] msg_count=18 n=1 names=['crosswalk'][0m
[self_driving-10] [0m[INFO] [1783009450.511467307] [self_driving]: [CW_CANDIDATE] name=crosswalkcx=382 y2=181 area=1050 score=0.74 [0m
[self_driving-10] [0m[INFO] [1783009450.636395214] [self_driving]: [IMAGE] received count=121 shape=(480, 640, 3) queue=0[0m
[self_driving-10] [0m[INFO] [1783009450.839193566] [self_driving]: [CW_CANDIDATE] name=crosswalkcx=422 y2=235 area=6531 score=0.85 [0m
[self_driving-10] [0m[INFO] [1783009450.843243862] [self_driving]: [CW_CANDIDATE] name=crosswalkcx=407 y2=188 area=1328 score=0.75 [0m
[self_driving-10] [0m[INFO] [1783009450.910619992] [self_driving]: [DEBUG_DRIVE] state=LINE_FOLLOW raw_lane_x=141.5 lane_x=141.5 filter=stable linear=0.32 angular=-0.10 cw_y=188 right_done=False start_turn=False count_turn=0 traffic=None stop=False[0m
[self_driving-10] [0m[INFO] [1783009451.199913677] [self_driving]: [OBJECTS] msg_count=21 n=1 names=['crosswalk'][0m
[self_driving-10] [0m[INFO] [1783009451.201091843] [self_driving]: [CW_CANDIDATE] name=crosswalkcx=444 y2=253 area=9568 score=0.89 [0m
[self_driving-10] [0m[INFO] [1783009451.212000528] [self_driving]: [CW_CANDIDATE] name=crosswalkcx=410 y2=192 area=1456 score=0.83 [0m
[self_driving-10] [0m[INFO] [1783009451.448639306] [self_driving]: [DEBUG_DRIVE] state=LINE_FOLLOW raw_lane_x=130.5 lane_x=130.5 filter=stable linear=0.32 angular=-0.10 cw_y=192 right_done=False start_turn=False count_turn=0 traffic=None stop=False[0m
[self_driving-10] [0m[INFO] [1783009451.555023324] [self_driving]: [CW_CANDIDATE] name=crosswalkcx=431 y2=279 area=14178 score=0.92 [0m
[self_driving-10] [0m[INFO] [1783009451.563067973] [self_driving]: [CW_CANDIDATE] name=crosswalkcx=398 y2=198 area=1960 score=0.83 [0m
[self_driving-10] [0m[INFO] [1783009451.904515528] [self_driving]: [OBJECTS] msg_count=25 n=1 names=['crosswalk'][0m
[self_driving-10] [0m[INFO] [1783009451.905565861] [self_driving]: [CW_CANDIDATE] name=crosswalkcx=411 y2=337 area=27022 score=0.89 [0m
[self_driving-10] [0m[INFO] [1783009451.910814547] [self_driving]: [CW_CANDIDATE] name=crosswalkcx=412 y2=207 area=2724 score=0.82 [0m
[self_driving-10] [0m[INFO] [1783009451.988695176] [self_driving]: [DEBUG_DRIVE] state=LINE_FOLLOW raw_lane_x=126.0 lane_x=126.0 filter=stable linear=0.32 angular=0.10 cw_y=207 right_done=False start_turn=False count_turn=0 traffic=None stop=False[0m
[self_driving-10] [0m[INFO] [1783009452.235194269] [self_driving]: [CW_CANDIDATE] name=crosswalkcx=350 y2=431 area=59058 score=0.75 [0m
[self_driving-10] [0m[INFO] [1783009452.525441157] [self_driving]: [DEBUG_DRIVE] state=LINE_FOLLOW raw_lane_x=159.0 lane_x=159.0 filter=stable linear=0.32 angular=-0.10 cw_y=431 right_done=False start_turn=False count_turn=0 traffic=None stop=False[0m
[self_driving-10] [0m[INFO] [1783009452.559695528] [self_driving]: [OBJECTS] msg_count=28 n=1 names=['crosswalk'][0m
[self_driving-10] [0m[INFO] [1783009452.560833639] [self_driving]: [CW_CANDIDATE] name=crosswalkcx=429 y2=227 area=5681 score=0.87 [0m
[self_driving-10] [0m[INFO] [1783009452.564955602] [self_driving]: [CW_CANDIDATE] name=crosswalkcx=323 y2=480 area=45216 score=0.84 [0m
[self_driving-10] [0m[INFO] [1783009452.640945842] [self_driving]: [IMAGE] received count=151 shape=(480, 640, 3) queue=0[0m
[self_driving-10] [0m[INFO] [1783009452.890110120] [self_driving]: [CW_CANDIDATE] name=crosswalkcx=425 y2=238 area=8400 score=0.89 [0m
[self_driving-10] [0m[INFO] [1783009453.058541138] [self_driving]: [DEBUG_DRIVE] state=LINE_FOLLOW raw_lane_x=164.5 lane_x=164.5 filter=stable linear=0.32 angular=-0.10 cw_y=238 right_done=False start_turn=False count_turn=0 traffic=None stop=False[0m
[self_driving-10] [0m[INFO] [1783009453.274990249] [self_driving]: [OBJECTS] msg_count=31 n=1 names=['crosswalk'][0m
[self_driving-10] [0m[INFO] [1783009453.276627194] [self_driving]: [CW_CANDIDATE] name=crosswalkcx=451 y2=260 area=11687 score=0.91 [0m
[self_driving-10] [0m[INFO] [1783009453.594142175] [self_driving]: [DEBUG_DRIVE] state=LINE_FOLLOW raw_lane_x=120.0 lane_x=120.0 filter=stable linear=0.32 angular=0.10 cw_y=260 right_done=False start_turn=False count_turn=0 traffic=None stop=False[0m
[self_driving-10] [0m[INFO] [1783009453.635571953] [self_driving]: [CW_CANDIDATE] name=crosswalkcx=425 y2=319 area=20210 score=0.93 [0m
[self_driving-10] [0m[INFO] [1783009453.975647675] [self_driving]: [OBJECTS] msg_count=33 n=1 names=['crosswalk'][0m
[self_driving-10] [0m[INFO] [1783009453.984482267] [self_driving]: [CW_CANDIDATE] name=crosswalkcx=383 y2=399 area=41472 score=0.92 [0m
[self_driving-10] [0m[INFO] [1783009454.129476267] [self_driving]: [DEBUG_DRIVE] state=LINE_FOLLOW raw_lane_x=144.5 lane_x=144.5 filter=stable linear=0.32 angular=-0.10 cw_y=399 right_done=False start_turn=False count_turn=0 traffic=None stop=False[0m
[self_driving-10] [0m[INFO] [1783009454.315614082] [self_driving]: [CW_CANDIDATE] name=crosswalkcx=324 y2=480 area=70152 score=0.92 [0m
[self_driving-10] [0m[INFO] [1783009454.686940304] [self_driving]: [IMAGE] received count=181 shape=(480, 640, 3) queue=0[0m
[self_driving-10] [0m[INFO] [1783009454.700041767] [self_driving]: [DEBUG_DRIVE] state=LINE_FOLLOW raw_lane_x=125.0 lane_x=125.0 filter=stable linear=0.32 angular=0.10 cw_y=480 right_done=False start_turn=False count_turn=0 traffic=None stop=False[0m
[self_driving-10] [0m[INFO] [1783009455.211050193] [self_driving]: [DEBUG_DRIVE] state=LINE_FOLLOW raw_lane_x=133.5 lane_x=133.5 filter=stable linear=0.32 angular=0.10 cw_y=480 right_done=False start_turn=False count_turn=0 traffic=None stop=False[0m
[self_driving-10] [0m[INFO] [1783009455.754045303] [self_driving]: [DEBUG_DRIVE] state=LINE_FOLLOW raw_lane_x=250.0 lane_x=250.0 filter=stable linear=0.32 angular=-0.70 cw_y=480 right_done=False start_turn=False count_turn=2 traffic=None stop=False[0m
[self_driving-10] [33m[WARN] [1783009456.023094618] [self_driving]: [LANE_X_JUMP_REJECT] raw=159.0 last=269.0 diff=110.0 candidate=159.0 cnt=1/4[0m
[self_driving-10] [0m[INFO] [1783009456.213497599] [self_driving]: [LANE_X_JUMP_ACCEPT] raw=176.5 last=176.5 cnt=4/4[0m
[self_driving-10] [0m[INFO] [1783009456.286262822] [self_driving]: [DEBUG_DRIVE] state=LINE_FOLLOW raw_lane_x=223.0 lane_x=223.0 filter=stable linear=0.32 angular=-0.70 cw_y=480 right_done=False start_turn=True count_turn=1 traffic=None stop=False[0m
[self_driving-10] [0m[INFO] [1783009456.689426377] [self_driving]: [IMAGE] received count=211 shape=(480, 640, 3) queue=0[0m
[self_driving-10] [0m[INFO] [1783009456.830810488] [self_driving]: [DEBUG_DRIVE] state=LINE_FOLLOW raw_lane_x=-1 lane_x=285.0 filter=hold_last linear=0.32 angular=-0.70 cw_y=480 right_done=False start_turn=True count_turn=5 traffic=None stop=False[0m
[self_driving-10] [33m[WARN] [1783009457.036770729] [self_driving]: [LANE_LOST] raw_lane_x=-1 lane_x=-1 filter=lost stop=False state=LINE_FOLLOW safe_linear=0.02 right_ready=False right_done=False[0m
[self_driving-10] [0m[INFO] [1783009457.348802284] [self_driving]: [DEBUG_DRIVE] state=LINE_FOLLOW raw_lane_x=-1 lane_x=-1 filter=lost linear=0.32 angular=0.00 cw_y=480 right_done=False start_turn=True count_turn=7 traffic=None stop=False[0m
[self_driving-10] [33m[WARN] [1783009457.569496043] [self_driving]: [LANE_LOST] raw_lane_x=-1 lane_x=-1 filter=lost stop=False state=LINE_FOLLOW safe_linear=0.02 right_ready=False right_done=False[0m
[self_driving-10] [0m[INFO] [1783009457.888638043] [self_driving]: [DEBUG_DRIVE] state=LINE_FOLLOW raw_lane_x=-1 lane_x=-1 filter=lost linear=0.32 angular=0.00 cw_y=480 right_done=False start_turn=True count_turn=7 traffic=None stop=False[0m
[self_driving-10] [0m[INFO] [1783009458.432793117] [self_driving]: [DEBUG_DRIVE] state=LINE_FOLLOW raw_lane_x=245.5 lane_x=245.5 filter=stable linear=0.32 angular=-0.70 cw_y=480 right_done=False start_turn=True count_turn=15 traffic=None stop=False[0m
[self_driving-10] [0m[INFO] [1783009458.693601857] [self_driving]: [OBJECTS] msg_count=35 n=1 names=['go'][0m
[self_driving-10] [0m[INFO] [1783009458.719057635] [self_driving]: [IMAGE] received count=241 shape=(480, 640, 3) queue=0[0m
[self_driving-10] [0m[INFO] [1783009458.973661709] [self_driving]: [DEBUG_DRIVE] state=LINE_FOLLOW raw_lane_x=144.5 lane_x=144.5 filter=stable linear=0.32 angular=0.00 cw_y=0 right_done=False start_turn=True count_turn=0 traffic=None stop=False[0m
[self_driving-10] [0m[INFO] [1783009459.029802061] [self_driving]: [CW_CANDIDATE] name=crosswalkcx=587 y2=271 area=3640 score=0.86 [0m
[self_driving-10] [0m[INFO] [1783009459.404207616] [self_driving]: [OBJECTS] msg_count=38 n=1 names=['crosswalk'][0m
[self_driving-10] [0m[INFO] [1783009459.407040209] [self_driving]: [CW_CANDIDATE] name=crosswalkcx=489 y2=280 area=9269 score=0.88 [0m
[self_driving-10] [0m[INFO] [1783009459.517299135] [self_driving]: [DEBUG_DRIVE] state=LINE_FOLLOW raw_lane_x=145.5 lane_x=145.5 filter=stable linear=0.32 angular=0.00 cw_y=0 right_done=False start_turn=True count_turn=0 traffic=None stop=False[0m
[self_driving-10] [0m[INFO] [1783009459.754696634] [self_driving]: [CW_CANDIDATE] name=crosswalkcx=431 y2=315 area=16302 score=0.89 [0m
[self_driving-10] [0m[INFO] [1783009459.761856912] [self_driving]: [CW_CANDIDATE] name=crosswalkcx=371 y2=207 area=2354 score=0.84 [0m
[self_driving-10] [0m[INFO] [1783009459.916215764] [self_driving]: [CROSSWALK_SLOW] y=207 th=180 confirm=3[0m
[self_driving-10] [0m[INFO] [1783009459.919790949] [self_driving]: [CW_STAGE 2] 정지선 앞 완전 정지! elapsed=0.00s[0m
[self_driving-10] [0m[INFO] [1783009459.990119134] [self_driving]: [CW_STAGE 2] 정지선 앞 완전 정지! elapsed=0.07s[0m
[self_driving-10] [0m[INFO] [1783009460.063800819] [self_driving]: [CW_STAGE 2] 정지선 앞 완전 정지! elapsed=0.15s[0m
[self_driving-10] [0m[INFO] [1783009460.109350079] [self_driving]: [CW_STAGE 2] 정지선 앞 완전 정지! elapsed=0.19s[0m
[self_driving-10] [0m[INFO] [1783009460.117544653] [self_driving]: [OBJECTS] msg_count=43 n=1 names=['crosswalk'][0m
[self_driving-10] [0m[INFO] [1783009460.118025801] [self_driving]: [CW_CANDIDATE] name=crosswalkcx=409 y2=434 area=48510 score=0.89 [0m
[self_driving-10] [0m[INFO] [1783009460.121363930] [self_driving]: [CW_CANDIDATE] name=crosswalkcx=383 y2=218 area=3486 score=0.82 [0m
[self_driving-10] [0m[INFO] [1783009460.184756227] [self_driving]: [CW_STAGE 2] 정지선 앞 완전 정지! elapsed=0.26s[0m
[self_driving-10] [0m[INFO] [1783009460.266482912] [self_driving]: [CW_STAGE 2] 정지선 앞 완전 정지! elapsed=0.35s[0m
[self_driving-10] [0m[INFO] [1783009460.321103949] [self_driving]: [CW_STAGE 2] 정지선 앞 완전 정지! elapsed=0.40s[0m
[self_driving-10] [0m[INFO] [1783009460.397260856] [self_driving]: [CW_STAGE 2] 정지선 앞 완전 정지! elapsed=0.48s[0m
[self_driving-10] [0m[INFO] [1783009460.469685912] [self_driving]: [CW_STAGE 2] 정지선 앞 완전 정지! elapsed=0.55s[0m
[self_driving-10] [0m[INFO] [1783009460.510709819] [self_driving]: [CW_STAGE 2] 정지선 앞 완전 정지! elapsed=0.59s[0m
[self_driving-10] [0m[INFO] [1783009460.542283190] [self_driving]: [CW_CANDIDATE] name=crosswalkcx=392 y2=230 area=5094 score=0.86 [0m
[self_driving-10] [0m[INFO] [1783009460.545600097] [self_driving]: [CW_CANDIDATE] name=crosswalkcx=374 y2=478 area=30324 score=0.82 [0m
[self_driving-10] [0m[INFO] [1783009460.601461727] [self_driving]: [CW_STAGE 2] 정지선 앞 완전 정지! elapsed=0.68s[0m
[self_driving-10] [0m[INFO] [1783009460.663571597] [self_driving]: [CW_STAGE 2] 정지선 앞 완전 정지! elapsed=0.75s[0m
[self_driving-10] [0m[INFO] [1783009460.721060745] [self_driving]: [IMAGE] received count=271 shape=(480, 640, 3) queue=0[0m
[self_driving-10] [0m[INFO] [1783009460.728230356] [self_driving]: [CW_STAGE 2] 정지선 앞 완전 정지! elapsed=0.81s[0m
[self_driving-10] [0m[INFO] [1783009460.788998819] [self_driving]: [CW_STAGE 2] 정지선 앞 완전 정지! elapsed=0.87s[0m
[self_driving-10] [0m[INFO] [1783009460.854753893] [self_driving]: [CW_STAGE 2] 정지선 앞 완전 정지! elapsed=0.94s[0m
[self_driving-10] [0m[INFO] [1783009460.894149763] [self_driving]: [OBJECTS] msg_count=49 n=1 names=['crosswalk'][0m
[self_driving-10] [0m[INFO] [1783009460.895713486] [self_driving]: [CW_CANDIDATE] name=crosswalkcx=411 y2=250 area=7981 score=0.88 [0m
[self_driving-10] [0m[INFO] [1783009460.898166671] [self_driving]: [RIGHT_CANDIDATE] valid=False reject=['low_score'] cnt=0 cx=18 cy=89 area=3744 score=0.48 done=False[0m
[self_driving-10] [0m[INFO] [1783009460.915293856] [self_driving]: [CW_STAGE 2] 정지선 앞 완전 정지! elapsed=1.00s[0m
[self_driving-10] [0m[INFO] [1783009460.985083393] [self_driving]: [CW_STAGE 2] 정지선 앞 완전 정지! elapsed=1.07s[0m
[self_driving-10] [0m[INFO] [1783009461.051070504] [self_driving]: [CW_STAGE 2] 정지선 앞 완전 정지! elapsed=1.13s[0m
[self_driving-10] [0m[INFO] [1783009461.114955041] [self_driving]: [CW_STAGE 2] 정지선 앞 완전 정지! elapsed=1.20s[0m
[self_driving-10] [0m[INFO] [1783009461.201180300] [self_driving]: [CW_STAGE 2] 정지선 앞 완전 정지! elapsed=1.28s[0m
[self_driving-10] [0m[INFO] [1783009461.239833504] [self_driving]: [CW_CANDIDATE] name=crosswalkcx=414 y2=262 area=11460 score=0.91 [0m
[self_driving-10] [0m[INFO] [1783009461.279290448] [self_driving]: [CW_STAGE 2] 정지선 앞 완전 정지! elapsed=1.36s[0m
[self_driving-10] [0m[INFO] [1783009461.321100985] [self_driving]: [CW_STAGE 3] 미션 완료 -> 정상 속도 회복 및 6초 락 가동[0m
[self_driving-10] [0m[INFO] [1783009461.322309263] [self_driving]: [DEBUG_DRIVE] state=LINE_FOLLOW raw_lane_x=113.5 lane_x=113.5 filter=stable linear=0.32 angular=0.10 cw_y=262 right_done=False start_turn=False count_turn=0 traffic=None stop=False[0m
[self_driving-10] [0m[INFO] [1783009461.615539856] [self_driving]: [OBJECTS] msg_count=52 n=1 names=['crosswalk'][0m
[self_driving-10] [0m[INFO] [1783009461.618140078] [self_driving]: [CW_CANDIDATE] name=crosswalkcx=415 y2=262 area=11430 score=0.90 [0m
[self_driving-10] [0m[INFO] [1783009461.863438263] [self_driving]: [DEBUG_DRIVE] state=LINE_FOLLOW raw_lane_x=117.5 lane_x=117.5 filter=stable linear=0.32 angular=0.10 cw_y=262 right_done=False start_turn=False count_turn=0 traffic=None stop=False[0m
[self_driving-10] [0m[INFO] [1783009461.952136874] [self_driving]: [CW_CANDIDATE] name=crosswalkcx=415 y2=262 area=11460 score=0.90 [0m
[self_driving-10] [0m[INFO] [1783009462.292177725] [self_driving]: [OBJECTS] msg_count=54 n=1 names=['crosswalk'][0m
[self_driving-10] [0m[INFO] [1783009462.293163263] [self_driving]: [CW_CANDIDATE] name=crosswalkcx=415 y2=262 area=11490 score=0.90 [0m
[self_driving-10] [0m[INFO] [1783009462.406086744] [self_driving]: [DEBUG_DRIVE] state=LINE_FOLLOW raw_lane_x=141.0 lane_x=141.0 filter=stable linear=0.32 angular=-0.10 cw_y=262 right_done=False start_turn=False count_turn=0 traffic=None stop=False[0m
[self_driving-10] [0m[INFO] [1783009462.628964744] [self_driving]: [CW_CANDIDATE] name=crosswalkcx=429 y2=274 area=14008 score=0.91 [0m
[self_driving-10] [0m[INFO] [1783009462.806744633] [self_driving]: [IMAGE] received count=302 shape=(480, 640, 3) queue=0[0m
[self_driving-10] [0m[INFO] [1783009462.944915540] [self_driving]: [DEBUG_DRIVE] state=LINE_FOLLOW raw_lane_x=124.0 lane_x=124.0 filter=stable linear=0.32 angular=0.10 cw_y=274 right_done=False start_turn=False count_turn=0 traffic=None stop=False[0m
[self_driving-10] [0m[INFO] [1783009462.976390503] [self_driving]: [OBJECTS] msg_count=56 n=1 names=['crosswalk'][0m
[self_driving-10] [0m[INFO] [1783009462.977307170] [self_driving]: [CW_CANDIDATE] name=crosswalkcx=412 y2=320 area=24115 score=0.90 [0m
[self_driving-10] [0m[INFO] [1783009463.297308243] [self_driving]: [CW_CANDIDATE] name=crosswalkcx=394 y2=406 area=46851 score=0.92 [0m
[self_driving-10] [0m[INFO] [1783009463.476213614] [self_driving]: [DEBUG_DRIVE] state=LINE_FOLLOW raw_lane_x=118.5 lane_x=118.5 filter=stable linear=0.32 angular=0.10 cw_y=406 right_done=False start_turn=False count_turn=0 traffic=None stop=False[0m
[self_driving-10] [0m[INFO] [1783009463.664207039] [self_driving]: [OBJECTS] msg_count=58 n=1 names=['crosswalk'][0m
[self_driving-10] [0m[INFO] [1783009463.665842354] [self_driving]: [CW_CANDIDATE] name=crosswalkcx=346 y2=480 area=52830 score=0.92 [0m
[self_driving-10] [0m[INFO] [1783009464.003521521] [self_driving]: [DEBUG_DRIVE] state=LINE_FOLLOW raw_lane_x=132.0 lane_x=132.0 filter=stable linear=0.32 angular=0.10 cw_y=480 right_done=False start_turn=False count_turn=0 traffic=None stop=False[0m
[self_driving-10] [0m[INFO] [1783009464.536165317] [self_driving]: [DEBUG_DRIVE] state=LINE_FOLLOW raw_lane_x=127.5 lane_x=127.5 filter=stable linear=0.32 angular=0.10 cw_y=480 right_done=False start_turn=False count_turn=0 traffic=None stop=False[0m
[self_driving-10] [0m[INFO] [1783009464.818525539] [self_driving]: [IMAGE] received count=332 shape=(480, 640, 3) queue=0[0m
[self_driving-10] [0m[INFO] [1783009465.104913835] [self_driving]: [DEBUG_DRIVE] state=LINE_FOLLOW raw_lane_x=134.5 lane_x=134.5 filter=stable linear=0.32 angular=-0.10 cw_y=480 right_done=False start_turn=False count_turn=0 traffic=None stop=False[0m
[self_driving-10] [0m[INFO] [1783009465.627509909] [self_driving]: [DEBUG_DRIVE] state=LINE_FOLLOW raw_lane_x=212.5 lane_x=212.5 filter=stable linear=0.32 angular=-0.10 cw_y=480 right_done=False start_turn=False count_turn=0 traffic=None stop=False[0m
[self_driving-10] [33m[WARN] [1783009465.960015297] [self_driving]: [LANE_X_JUMP_REJECT] raw=93.0 last=293.0 diff=200.0 candidate=93.0 cnt=1/4[0m
[self_driving-10] [0m[INFO] [1783009466.163916501] [self_driving]: [DEBUG_DRIVE] state=LINE_FOLLOW raw_lane_x=176.0 lane_x=293.0 filter=jump_reject linear=0.32 angular=-0.70 cw_y=480 right_done=False start_turn=True count_turn=1 traffic=None stop=False[0m
[self_driving-10] [33m[WARN] [1783009466.499996742] [self_driving]: [LANE_X_JUMP_REJECT] raw=208.5 last=305.0 diff=96.5 candidate=208.5 cnt=1/4[0m
[self_driving-10] [0m[INFO] [1783009466.686390260] [self_driving]: [DEBUG_DRIVE] state=LINE_FOLLOW raw_lane_x=296.5 lane_x=296.5 filter=stable linear=0.32 angular=-0.70 cw_y=480 right_done=False start_turn=True count_turn=9 traffic=None stop=False[0m
[self_driving-10] [0m[INFO] [1783009466.836151982] [self_driving]: [IMAGE] received count=362 shape=(480, 640, 3) queue=0[0m
[self_driving-10] [33m[WARN] [1783009467.107740982] [self_driving]: [LANE_LOST] raw_lane_x=-1 lane_x=-1 filter=lost stop=False state=LINE_FOLLOW safe_linear=0.02 right_ready=False right_done=False[0m
[self_driving-10] [0m[INFO] [1783009467.239095889] [self_driving]: [DEBUG_DRIVE] state=LINE_FOLLOW raw_lane_x=-1 lane_x=-1 filter=lost linear=0.32 angular=0.00 cw_y=480 right_done=False start_turn=True count_turn=14 traffic=None stop=False[0m
[self_driving-10] [33m[WARN] [1783009467.636573037] [self_driving]: [LANE_LOST] raw_lane_x=-1 lane_x=-1 filter=lost stop=False state=LINE_FOLLOW safe_linear=0.02 right_ready=False right_done=False[0m
[self_driving-10] [0m[INFO] [1783009467.779663148] [self_driving]: [DEBUG_DRIVE] state=LINE_FOLLOW raw_lane_x=-1 lane_x=-1 filter=lost linear=0.32 angular=0.00 cw_y=480 right_done=False start_turn=True count_turn=14 traffic=None stop=False[0m
[self_driving-10] [0m[INFO] [1783009468.305252370] [self_driving]: [DEBUG_DRIVE] state=LINE_FOLLOW raw_lane_x=304.5 lane_x=304.5 filter=stable linear=0.32 angular=-0.70 cw_y=480 right_done=False start_turn=True count_turn=22 traffic=None stop=False[0m
[self_driving-10] [0m[INFO] [1783009468.395801814] [self_driving]: [OBJECTS] msg_count=59 n=1 names=['red'][0m
[self_driving-10] [0m[INFO] [1783009468.398098111] [self_driving]: [TRAFFIC_CANDIDATE] name=red valid=True cx=596 cy=5 area=297 score=0.61 min_area=270[0m
[self_driving-10] [0m[INFO] [1783009468.841178073] [self_driving]: [DEBUG_DRIVE] state=LINE_FOLLOW raw_lane_x=180.0 lane_x=180.0 filter=stable linear=0.32 angular=0.00 cw_y=0 right_done=False start_turn=True count_turn=0 traffic=red stop=False[0m
[self_driving-10] [0m[INFO] [1783009468.920183814] [self_driving]: [IMAGE] received count=393 shape=(480, 640, 3) queue=0[0m
[self_driving-10] [0m[INFO] [1783009469.084158536] [self_driving]: [OBJECTS] msg_count=60 n=1 names=['crosswalk'][0m
[self_driving-10] [0m[INFO] [1783009469.085288073] [self_driving]: [CW_CANDIDATE] name=crosswalkcx=578 y2=200 area=1220 score=0.81 [0m
[self_driving-10] [0m[INFO] [1783009469.085992129] [self_driving]: [TRAFFIC_CLEAR] no valid red/green in current object msg -> clear stale traffic[0m
[self_driving-10] [0m[INFO] [1783009469.090567351] [self_driving]: [CW_CANDIDATE] name=crosswalkcx=579 y2=180 area=630 score=0.40 [0m
[self_driving-10] [0m[INFO] [1783009469.257113444] [self_driving]: [CROSSWALK_SLOW] y=180 th=180 confirm=3[0m
[self_driving-10] [0m[INFO] [1783009469.258803518] [self_driving]: [CW_STAGE 2] 정지선 앞 완전 정지! elapsed=0.00s[0m
[self_driving-10] [0m[INFO] [1783009469.320020832] [self_driving]: [CW_STAGE 2] 정지선 앞 완전 정지! elapsed=0.06s[0m
[self_driving-10] [0m[INFO] [1783009469.387167221] [self_driving]: [CW_STAGE 2] 정지선 앞 완전 정지! elapsed=0.13s[0m
[self_driving-10] [0m[INFO] [1783009469.438902980] [self_driving]: [CW_CANDIDATE] name=crosswalkcx=511 y2=198 area=1920 score=0.78 [0m
[self_driving-10] [0m[INFO] [1783009469.480056980] [self_driving]: [CW_STAGE 2] 정지선 앞 완전 정지! elapsed=0.22s[0m
[self_driving-10] [0m[INFO] [1783009469.523159221] [self_driving]: [CW_STAGE 2] 정지선 앞 완전 정지! elapsed=0.26s[0m
[self_driving-10] [0m[INFO] [1783009469.598597443] [self_driving]: [CW_STAGE 2] 정지선 앞 완전 정지! elapsed=0.34s[0m
[self_driving-10] [0m[INFO] [1783009469.665277166] [self_driving]: [CW_STAGE 2] 정지선 앞 완전 정지! elapsed=0.41s[0m
[self_driving-10] [0m[INFO] [1783009469.736039888] [self_driving]: [CW_STAGE 2] 정지선 앞 완전 정지! elapsed=0.48s[0m
[self_driving-10] [0m[INFO] [1783009469.792589388] [self_driving]: [CW_STAGE 2] 정지선 앞 완전 정지! elapsed=0.54s[0m
[self_driving-10] [0m[INFO] [1783009469.813019036] [self_driving]: [OBJECTS] msg_count=64 n=1 names=['crosswalk'][0m
[self_driving-10] [0m[INFO] [1783009469.813471221] [self_driving]: [CW_CANDIDATE] name=crosswalkcx=421 y2=198 area=1810 score=0.81 [0m
[self_driving-10] [0m[INFO] [1783009469.820851925] [self_driving]: [RIGHT_CANDIDATE] valid=False reject=['low_score', 'small_area'] cnt=0 cx=310 cy=133 area=342 score=0.29 done=False[0m
[self_driving-10] [0m[INFO] [1783009469.873139054] [self_driving]: [CW_STAGE 2] 정지선 앞 완전 정지! elapsed=0.61s[0m
[self_driving-10] [0m[INFO] [1783009469.925156295] [self_driving]: [CW_STAGE 2] 정지선 앞 완전 정지! elapsed=0.67s[0m
[self_driving-10] [0m[INFO] [1783009470.002759128] [self_driving]: [CW_STAGE 2] 정지선 앞 완전 정지! elapsed=0.75s[0m
[self_driving-10] [0m[INFO] [1783009470.048977721] [self_driving]: [CW_STAGE 2] 정지선 앞 완전 정지! elapsed=0.79s[0m
[self_driving-10] [0m[INFO] [1783009470.143790758] [self_driving]: [CW_STAGE 2] 정지선 앞 완전 정지! elapsed=0.89s[0m
[self_driving-10] [0m[INFO] [1783009470.155690462] [self_driving]: [CW_CANDIDATE] name=crosswalkcx=309 y2=197 area=1629 score=0.76 [0m
[self_driving-10] [0m[INFO] [1783009470.212459147] [self_driving]: [CW_STAGE 2] 정지선 앞 완전 정지! elapsed=0.95s[0m
[self_driving-10] [0m[INFO] [1783009470.270560795] [self_driving]: [CW_STAGE 2] 정지선 앞 완전 정지! elapsed=1.01s[0m
[self_driving-10] [33m[WARN] [1783009470.337623554] [self_driving]: [LANE_X_JUMP_REJECT] raw=310.0 last=13.0 diff=297.0 candidate=310.0 cnt=1/4[0m
[self_driving-10] [0m[INFO] [1783009470.339639295] [self_driving]: [CW_STAGE 2] 정지선 앞 완전 정지! elapsed=1.08s[0m
[self_driving-10] [0m[INFO] [1783009470.387099961] [self_driving]: [CW_STAGE 2] 정지선 앞 완전 정지! elapsed=1.13s[0m
[self_driving-10] [0m[INFO] [1783009470.468376924] [self_driving]: [CW_STAGE 2] 정지선 앞 완전 정지! elapsed=1.21s[0m
[self_driving-10] [0m[INFO] [1783009470.507532980] [self_driving]: [OBJECTS] msg_count=72 n=1 names=['crosswalk'][0m
[self_driving-10] [0m[INFO] [1783009470.513835535] [self_driving]: [CW_CANDIDATE] name=crosswalkcx=210 y2=198 area=1728 score=0.81 [0m
[self_driving-10] [0m[INFO] [1783009470.549374980] [self_driving]: [CW_STAGE 2] 정지선 앞 완전 정지! elapsed=1.29s[0m
[self_driving-10] [0m[INFO] [1783009470.616785776] [self_driving]: [CW_STAGE 2] 정지선 앞 완전 정지! elapsed=1.36s[0m
[self_driving-10] [0m[INFO] [1783009470.663750054] [self_driving]: [CW_STAGE 3] 미션 완료 -> 정상 속도 회복 및 6초 락 가동[0m
[self_driving-10] [0m[INFO] [1783009470.664545739] [self_driving]: [DEBUG_DRIVE] state=LINE_FOLLOW raw_lane_x=239.0 lane_x=13.0 filter=jump_reject linear=0.32 angular=0.10 cw_y=198 right_done=False start_turn=False count_turn=0 traffic=None stop=False[0m
[self_driving-10] [33m[WARN] [1783009470.857033554] [self_driving]: [LANE_X_JUMP_REJECT] raw=303.5 last=13.0 diff=290.5 candidate=303.5 cnt=1/4[0m
[self_driving-10] [0m[INFO] [1783009470.868378109] [self_driving]: [CW_CANDIDATE] name=crosswalkcx=98 y2=182 area=840 score=0.54 [0m
[self_driving-10] [0m[INFO] [1783009470.931834072] [self_driving]: [IMAGE] received count=423 shape=(480, 640, 3) queue=0[0m
[self_driving-10] [0m[INFO] [1783009471.203199572] [self_driving]: [DEBUG_DRIVE] state=LINE_FOLLOW raw_lane_x=227.0 lane_x=13.0 filter=jump_reject linear=0.32 angular=0.10 cw_y=182 right_done=False start_turn=False count_turn=0 traffic=None stop=False[0m
[self_driving-10] [0m[INFO] [1783009471.214422350] [self_driving]: [OBJECTS] msg_count=74 n=1 names=['crosswalk'][0m
[self_driving-10] [0m[INFO] [1783009471.215744961] [self_driving]: [CW_CANDIDATE] name=crosswalkcx=45 y2=206 area=1092 score=0.81 [0m
[self_driving-10] [0m[INFO] [1783009471.219021479] [self_driving]: [CW_CANDIDATE] name=crosswalkcx=20 y2=186 area=320 score=0.46 [0m
[self_driving-10] [33m[WARN] [1783009471.398020276] [self_driving]: [LANE_X_JUMP_REJECT] raw=297.5 last=13.0 diff=284.5 candidate=297.5 cnt=1/4[0m
[self_driving-10] [0m[INFO] [1783009471.737564405] [self_driving]: [DEBUG_DRIVE] state=LINE_FOLLOW raw_lane_x=207.0 lane_x=13.0 filter=jump_reject linear=0.32 angular=0.10 cw_y=186 right_done=False start_turn=False count_turn=0 traffic=None stop=False[0m
[self_driving-10] [33m[WARN] [1783009471.938460738] [self_driving]: [LANE_X_JUMP_REJECT] raw=159.0 last=13.0 diff=146.0 candidate=159.5 cnt=2/4[0m
[self_driving-10] [0m[INFO] [1783009472.080429109] [self_driving]: [LANE_X_JUMP_ACCEPT] raw=159.5 last=159.5 cnt=4/4[0m
[self_driving-10] [0m[INFO] [1783009472.282725034] [self_driving]: [DEBUG_DRIVE] state=LINE_FOLLOW raw_lane_x=291.0 lane_x=159.5 filter=jump_reject linear=0.32 angular=-0.10 cw_y=186 right_done=False start_turn=False count_turn=0 traffic=None stop=False[0m
[self_driving-10] [0m[INFO] [1783009472.417995775] [self_driving]: [LANE_X_JUMP_ACCEPT] raw=280.5 last=280.5 cnt=4/4[0m
[self_driving-10] [0m[INFO] [1783009472.629287053] [self_driving]: [OBJECTS] msg_count=76 n=1 names=['crosswalk'][0m
[self_driving-10] [0m[INFO] [1783009472.822346886] [self_driving]: [DEBUG_DRIVE] state=LINE_FOLLOW raw_lane_x=250.0 lane_x=250.0 filter=stable linear=0.32 angular=-0.70 cw_y=0 right_done=False start_turn=True count_turn=1 traffic=None stop=False[0m
[self_driving-10] [0m[INFO] [1783009472.948225682] [self_driving]: [IMAGE] received count=453 shape=(480, 640, 3) queue=0[0m
[self_driving-10] [0m[INFO] [1783009472.955511590] [self_driving]: [CW_CANDIDATE] name=crosswalkcx=568 y2=207 area=1668 score=0.80 [0m
[self_driving-10] [0m[INFO] [1783009473.289683552] [self_driving]: [OBJECTS] msg_count=78 n=1 names=['crosswalk'][0m
[self_driving-10] [0m[INFO] [1783009473.290633941] [self_driving]: [CW_CANDIDATE] name=crosswalkcx=525 y2=206 area=2769 score=0.73 [0m
[self_driving-10] [0m[INFO] [1783009473.295813682] [self_driving]: [CW_CANDIDATE] name=crosswalkcx=474 y2=181 area=819 score=0.63 [0m
[self_driving-10] [0m[INFO] [1783009473.364499071] [self_driving]: [DEBUG_DRIVE] state=LINE_FOLLOW raw_lane_x=214.5 lane_x=214.5 filter=stable linear=0.32 angular=0.00 cw_y=181 right_done=False start_turn=True count_turn=0 traffic=None stop=False[0m
[self_driving-10] [33m[WARN] [1783009473.413662071] [self_driving]: [LANE_X_JUMP_REJECT] raw=316.0 last=214.5 diff=101.5 candidate=316.0 cnt=1/4[0m
[self_driving-10] [0m[INFO] [1783009473.619580571] [self_driving]: [CW_CANDIDATE] name=crosswalkcx=430 y2=204 area=2354 score=0.72 [0m
[self_driving-10] [0m[INFO] [1783009473.621609534] [self_driving]: [CW_CANDIDATE] name=crosswalkcx=381 y2=180 area=660 score=0.50 [0m
[self_driving-10] [0m[INFO] [1783009473.898969570] [self_driving]: [DEBUG_DRIVE] state=LINE_FOLLOW raw_lane_x=55.5 lane_x=158.0 filter=jump_reject linear=0.32 angular=0.00 cw_y=180 right_done=False start_turn=True count_turn=0 traffic=None stop=False[0m
[self_driving-10] [0m[INFO] [1783009473.970119237] [self_driving]: [OBJECTS] msg_count=82 n=1 names=['crosswalk'][0m
[self_driving-10] [0m[INFO] [1783009473.970918830] [self_driving]: [CW_CANDIDATE] name=crosswalkcx=333 y2=203 area=1773 score=0.78 [0m
[self_driving-10] [0m[INFO] [1783009474.433227311] [self_driving]: [DEBUG_DRIVE] state=LINE_FOLLOW raw_lane_x=101.5 lane_x=101.5 filter=stable linear=0.32 angular=0.00 cw_y=203 right_done=False start_turn=True count_turn=0 traffic=None stop=False[0m
[self_driving-10] [0m[INFO] [1783009474.955281292] [self_driving]: [IMAGE] received count=483 shape=(480, 640, 3) queue=0[0m
[self_driving-10] [0m[INFO] [1783009474.964486274] [self_driving]: [DEBUG_DRIVE] state=LINE_FOLLOW raw_lane_x=43.5 lane_x=43.5 filter=stable linear=0.32 angular=0.00 cw_y=203 right_done=False start_turn=True count_turn=0 traffic=None stop=False[0m
[self_driving-10] [0m[INFO] [1783009474.966344755] [self_driving]: [OBJECTS] msg_count=83 n=1 names=['crosswalk'][0m
[self_driving-10] [0m[INFO] [1783009475.306433255] [self_driving]: [CW_CANDIDATE] name=crosswalkcx=401 y2=201 area=3184 score=0.85 [0m
[self_driving-10] [0m[INFO] [1783009475.309706940] [self_driving]: [CW_CANDIDATE] name=crosswalkcx=383 y2=169 area=1161 score=0.77 [0m
[self_driving-10] [0m[INFO] [1783009475.501345681] [self_driving]: [CROSSWALK_IGNORE] y=169 < th=180[0m
[self_driving-10] [0m[INFO] [1783009475.505122495] [self_driving]: [DEBUG_DRIVE] state=LINE_FOLLOW raw_lane_x=-1 lane_x=14.0 filter=hold_last linear=0.32 angular=0.00 cw_y=169 right_done=False start_turn=True count_turn=0 traffic=None stop=False[0m
[self_driving-10] [33m[WARN] [1783009475.578108903] [self_driving]: [LANE_LOST] raw_lane_x=-1 lane_x=-1 filter=lost stop=False state=LINE_FOLLOW safe_linear=0.02 right_ready=False right_done=False[0m
[self_driving-10] [0m[INFO] [1783009475.630235718] [self_driving]: [OBJECTS] msg_count=87 n=1 names=['crosswalk'][0m
[self_driving-10] [0m[INFO] [1783009475.630697421] [self_driving]: [CW_CANDIDATE] name=crosswalkcx=365 y2=203 area=2178 score=0.84 [0m
[self_driving-10] [0m[INFO] [1783009475.644607755] [self_driving]: [PARK_COUNT] count=1/2 park_x=253 cw_y=0 right_done=False candidate={'cx': 253, 'cy': 133, 'area': 400, 'score': 0.49000000953674316, 'right_done': False}[0m
[self_driving-10] [0m[INFO] [1783009475.706491680] [self_driving]: [PARK_COUNT] count=2/2 park_x=253 cw_y=0 right_done=False candidate={'cx': 253, 'cy': 133, 'area': 400, 'score': 0.49000000953674316, 'right_done': False}[0m
[self_driving-10] [0m[INFO] [1783009475.707764143] [self_driving]: [PARK_START] stop and run park_action[0m
[self_driving-10] [0m[INFO] [1783009475.709601180] [self_driving]: [1;36m[FSM] LINE_FOLLOW -> PARKING[0m[0m
[self_driving-10] [0m[INFO] [1783009475.776317069] [self_driving]: [PARK!!!!] park ready[0m
[self_driving-10] [0m[INFO] [1783009475.833104810] [self_driving]: [PARK!!!!] park ready[0m
[self_driving-10] [0m[INFO] [1783009475.908876606] [self_driving]: [PARK!!!!] park ready[0m
[self_driving-10] [0m[INFO] [1783009475.963325403] [self_driving]: [PARK!!!!] park ready[0m
[self_driving-10] [0m[INFO] [1783009475.992346384] [self_driving]: [CW_CANDIDATE] name=crosswalkcx=284 y2=204 area=1970 score=0.78 [0m
[self_driving-10] [0m[INFO] [1783009475.996108273] [self_driving]: [CW_CANDIDATE] name=crosswalkcx=265 y2=182 area=635 score=0.69 [0m
[self_driving-10] [0m[INFO] [1783009476.044689458] [self_driving]: [PARK!!!!] park ready[0m
[self_driving-10] [0m[INFO] [1783009476.120191032] [self_driving]: [PARK!!!!] park ready[0m
[self_driving-10] [0m[INFO] [1783009476.180029199] [self_driving]: [PARK!!!!] park ready[0m
[self_driving-10] [0m[INFO] [1783009476.244497217] [self_driving]: [PARK!!!!] park ready[0m
[self_driving-10] [0m[INFO] [1783009476.314585921] [self_driving]: [PARK!!!!] park ready[0m
[self_driving-10] [0m[INFO] [1783009476.331853550] [self_driving]: [OBJECTS] msg_count=92 n=1 names=['crosswalk'][0m
[self_driving-10] [0m[INFO] [1783009476.332977347] [self_driving]: [CW_CANDIDATE] name=crosswalkcx=179 y2=207 area=2150 score=0.81 [0m
[self_driving-10] [0m[INFO] [1783009476.337021273] [self_driving]: [CW_CANDIDATE] name=crosswalkcx=166 y2=184 area=670 score=0.50 [0m
[self_driving-10] [0m[INFO] [1783009476.387673939] [self_driving]: [PARK!!!!] park ready[0m
[self_driving-10] [0m[INFO] [1783009476.453978013] [self_driving]: [PARK!!!!] park ready[0m
[self_driving-10] [0m[INFO] [1783009476.510172921] [self_driving]: [PARK!!!!] park ready[0m
[self_driving-10] [0m[INFO] [1783009476.574940698] [self_driving]: [PARK!!!!] park ready[0m
[self_driving-10] [0m[INFO] [1783009476.649733272] [self_driving]: [PARK!!!!] park ready[0m
[self_driving-10] [0m[INFO] [1783009476.667901217] [self_driving]: [CW_CANDIDATE] name=crosswalkcx=136 y2=278 area=12992 score=0.58 [0m
[self_driving-10] [0m[INFO] [1783009476.715443347] [self_driving]: [PARK!!!!] park ready[0m
[self_driving-10] [0m[INFO] [1783009476.771530587] [self_driving]: [PARK!!!!] park ready[0m
[self_driving-10] [0m[INFO] [1783009476.845384458] [self_driving]: [PARK!!!!] park ready[0m
[self_driving-10] [0m[INFO] [1783009476.916439439] [self_driving]: [PARK!!!!] park ready[0m
[self_driving-10] [0m[INFO] [1783009476.980800920] [self_driving]: [IMAGE] received count=513 shape=(480, 640, 3) queue=0[0m
[self_driving-10] [0m[INFO] [1783009476.982465976] [self_driving]: [PARK!!!!] park ready[0m
[self_driving-10] [0m[INFO] [1783009476.998498550] [self_driving]: [OBJECTS] msg_count=95 n=1 names=['crosswalk'][0m
[self_driving-10] [0m[INFO] [1783009477.000000587] [self_driving]: [CW_CANDIDATE] name=crosswalkcx=418 y2=235 area=5544 score=0.89 [0m
[self_driving-10] [0m[INFO] [1783009477.003803309] [self_driving]: [CW_CANDIDATE] name=crosswalkcx=390 y2=178 area=2048 score=0.85 [0m
[self_driving-10] [0m[INFO] [1783009477.068090957] [self_driving]: [PARK!!!!] park ready[0m
[self_driving-10] [0m[INFO] [1783009477.103875013] [self_driving]: [PARK!!!!] park ready[0m
[self_driving-10] [0m[INFO] [1783009477.190905791] [self_driving]: [PARK!!!!] park ready[0m
[self_driving-10] [0m[INFO] [1783009477.251624957] [self_driving]: [PARK!!!!] park ready[0m
[self_driving-10] [0m[INFO] [1783009477.307500180] [self_driving]: [PARK!!!!] park ready[0m
[self_driving-10] [0m[INFO] [1783009477.328838846] [self_driving]: [CW_CANDIDATE] name=crosswalkcx=331 y2=227 area=2440 score=0.91 [0m
[self_driving-10] [0m[INFO] [1783009477.332110142] [self_driving]: [CW_CANDIDATE] name=crosswalkcx=353 y2=304 area=6138 score=0.85 [0m
[self_driving-10] [0m[INFO] [1783009477.399740772] [self_driving]: [PARK!!!!] park ready[0m
[self_driving-10] [0m[INFO] [1783009477.442282624] [self_driving]: [PARK!!!!] park ready[0m
[self_driving-10] [0m[INFO] [1783009477.516390902] [self_driving]: [PARK!!!!] park ready[0m
[self_driving-10] [0m[INFO] [1783009477.580896253] [self_driving]: [PARK!!!!] park ready[0m
[self_driving-10] [0m[INFO] [1783009477.655676735] [self_driving]: [PARK!!!!] park ready[0m
[self_driving-10] [0m[INFO] [1783009477.659786716] [self_driving]: [OBJECTS] msg_count=99 n=1 names=['crosswalk'][0m
[self_driving-10] [0m[INFO] [1783009477.660390420] [self_driving]: [CW_CANDIDATE] name=crosswalkcx=364 y2=327 area=5292 score=0.93 [0m
[self_driving-10] [0m[INFO] [1783009477.664530827] [self_driving]: [RIGHT_CANDIDATE] valid=False reject=['low_score', 'small_area'] cnt=0 cx=629 cy=158 area=108 score=0.28 done=False[0m
[self_driving-10] [0m[INFO] [1783009477.732361309] [self_driving]: [PARK!!!!] park ready[0m
[self_driving-10] [0m[INFO] [1783009477.792139735] [self_driving]: [PARK!!!!] park ready[0m
[self_driving-10] [0m[INFO] [1783009477.854222642] [self_driving]: [PARK!!!!] park ready[0m
[self_driving-10] [0m[INFO] [1783009477.908627587] [self_driving]: [PARK!!!!] park ready[0m
[self_driving-10] [0m[INFO] [1783009477.978512012] [self_driving]: [CW_CANDIDATE] name=crosswalkcx=381 y2=341 area=5488 score=0.92 [0m
[self_driving-10] [0m[INFO] [1783009477.987208512] [self_driving]: [PARK!!!!] park ready[0m
[self_driving-10] [0m[INFO] [1783009478.066351272] [self_driving]: [PARK!!!!] park ready[0m
[self_driving-10] [0m[INFO] [1783009478.124326327] [self_driving]: [PARK!!!!] park ready[0m
[self_driving-10] [0m[INFO] [1783009478.196281198] [self_driving]: [PARK!!!!] park ready[0m
[self_driving-10] [0m[INFO] [1783009478.248135957] [self_driving]: [PARK!!!!] park ready[0m
[self_driving-10] [0m[INFO] [1783009478.325003142] [self_driving]: [PARK!!!!] park ready[0m
[self_driving-10] [0m[INFO] [1783009478.338503846] [self_driving]: [OBJECTS] msg_count=104 n=1 names=['crosswalk'][0m
[self_driving-10] [0m[INFO] [1783009478.340603438] [self_driving]: [CW_CANDIDATE] name=crosswalkcx=392 y2=340 area=5544 score=0.90 [0m
[self_driving-10] [0m[INFO] [1783009478.396026105] [self_driving]: [PARK!!!!] park ready[0m
[self_driving-10] [0m[INFO] [1783009478.446017605] [self_driving]: [PARK!!!!] park ready[0m
[self_driving-10] [0m[INFO] [1783009478.515241623] [self_driving]: [PARK!!!!] park ready[0m
[self_driving-10] [0m[INFO] [1783009478.598223642] [self_driving]: [PARK!!!!] park ready[0m
[self_driving-10] [0m[INFO] [1783009478.650292956] [self_driving]: [PARK!!!!] park ready[0m
[self_driving-10] [0m[INFO] [1783009478.672155771] [self_driving]: [CW_CANDIDATE] name=crosswalkcx=394 y2=319 area=5481 score=0.92 [0m
[self_driving-10] [0m[INFO] [1783009478.675091956] [self_driving]: [CW_CANDIDATE] name=crosswalkcx=375 y2=247 area=1778 score=0.88 [0m
[self_driving-10] [0m[INFO] [1783009478.723064419] [self_driving]: [PARK!!!!] park ready[0m
[self_driving-10] [0m[INFO] [1783009478.798794771] [self_driving]: [PARK!!!!] park ready[0m
[self_driving-10] [0m[INFO] [1783009478.851548567] [self_driving]: [PARK!!!!] park ready[0m
[self_driving-10] [0m[INFO] [1783009478.932374623] [self_driving]: [PARK!!!!] park ready[0m
[self_driving-10] [0m[INFO] [1783009478.990769697] [self_driving]: [IMAGE] received count=543 shape=(480, 640, 3) queue=0[0m
[self_driving-10] [0m[INFO] [1783009478.993720216] [self_driving]: [PARK!!!!] park ready[0m
[self_driving-10] [0m[INFO] [1783009479.014084734] [self_driving]: [OBJECTS] msg_count=109 n=1 names=['crosswalk'][0m
[self_driving-10] [0m[INFO] [1783009479.015047938] [self_driving]: [CW_CANDIDATE] name=crosswalkcx=359 y2=202 area=2756 score=0.86 [0m
[self_driving-10] [0m[INFO] [1783009479.016773216] [self_driving]: [CW_CANDIDATE] name=crosswalkcx=341 y2=171 area=931 score=0.74 [0m
[self_driving-10] [0m[INFO] [1783009479.066120123] [self_driving]: [PARK!!!!] park ready[0m
[self_driving-10] [0m[INFO] [1783009479.139466734] [self_driving]: [PARK!!!!] park ready[0m
[self_driving-10] [0m[INFO] [1783009479.194017956] [self_driving]: [PARK!!!!] park ready[0m
[self_driving-10] [0m[INFO] [1783009479.270152882] [self_driving]: [PARK!!!!] park ready[0m
[self_driving-10] [0m[INFO] [1783009479.325065863] [self_driving]: [PARK!!!!] park ready[0m
[self_driving-10] [0m[INFO] [1783009479.353643308] [self_driving]: [CW_CANDIDATE] name=crosswalkcx=340 y2=206 area=2080 score=0.82 [0m
[self_driving-10] [0m[INFO] [1783009479.356494104] [self_driving]: [CW_CANDIDATE] name=crosswalkcx=319 y2=182 area=640 score=0.74 [0m
[self_driving-10] [0m[INFO] [1783009479.404107123] [self_driving]: [PARK!!!!] park ready[0m
[self_driving-10] [0m[INFO] [1783009479.474949104] [self_driving]: [PARK!!!!] park ready[0m
[self_driving-10] [0m[INFO] [1783009479.530824808] [self_driving]: [PARK!!!!] park ready[0m
[self_driving-10] [0m[INFO] [1783009479.593443049] [self_driving]: [PARK!!!!] park ready[0m
[self_driving-10] [0m[INFO] [1783009479.671232623] [self_driving]: [PARK!!!!] park ready[0m
[self_driving-10] [0m[INFO] [1783009479.694750437] [self_driving]: [OBJECTS] msg_count=115 n=1 names=['crosswalk'][0m
[self_driving-10] [0m[INFO] [1783009479.695771382] [self_driving]: [CW_CANDIDATE] name=crosswalkcx=253 y2=207 area=2343 score=0.82 [0m
[self_driving-10] [0m[INFO] [1783009479.699483678] [self_driving]: [CW_CANDIDATE] name=crosswalkcx=239 y2=183 area=650 score=0.54 [0m
[self_driving-10] [0m[INFO] [1783009480.026505474] [self_driving]: [CW_CANDIDATE] name=crosswalkcx=149 y2=212 area=3172 score=0.80 [0m
[self_driving-10] [0m[INFO] [1783009480.029842604] [self_driving]: [CW_CANDIDATE] name=crosswalkcx=140 y2=185 area=852 score=0.71 [0m
[self_driving-10] [0m[INFO] [1783009480.378816585] [self_driving]: [OBJECTS] msg_count=120 n=1 names=['crosswalk'][0m
[self_driving-10] [0m[INFO] [1783009480.380080511] [self_driving]: [CW_CANDIDATE] name=crosswalkcx=82 y2=216 area=2460 score=0.80 [0m
[self_driving-10] [0m[INFO] [1783009480.386858326] [self_driving]: [CW_CANDIDATE] name=crosswalkcx=58 y2=187 area=525 score=0.44 [0m
[self_driving-10] [0m[INFO] [1783009480.699162270] [self_driving]: [CW_CANDIDATE] name=crosswalkcx=27 y2=220 area=935 score=0.81 [0m
[self_driving-10] [0m[INFO] [1783009481.011143381] [self_driving]: [IMAGE] received count=573 shape=(480, 640, 3) queue=0[0m
[self_driving-10] [0m[INFO] [1783009481.617073992] [self_driving]: [PARK !!!! ] park action complete[0m
[self_driving-10] [0m[INFO] [1783009481.617889770] [self_driving]: [1;36m[FSM] PARKING -> DONE[0m[0m
[self_driving-10] [0m[INFO] [1783009482.950217065] [self_driving]: [OBJECTS] msg_count=123 n=1 names=['crosswalk'][0m
[self_driving-10] [0m[INFO] [1783009483.038591472] [self_driving]: [IMAGE] received count=603 shape=(480, 640, 3) queue=0[0m
[self_driving-10] [0m[INFO] [1783009483.274763398] [self_driving]: [CW_CANDIDATE] name=crosswalkcx=506 y2=404 area=2088 score=0.41 [0m
[self_driving-10] [0m[INFO] [1783009483.594477528] [self_driving]: [OBJECTS] msg_count=126 n=1 names=['crosswalk'][0m
[self_driving-10] [0m[INFO] [1783009483.595780842] [self_driving]: [CW_CANDIDATE] name=crosswalkcx=562 y2=438 area=3861 score=0.73 [0m
[self_driving-10] [0m[INFO] [1783009483.921628287] [self_driving]: [CW_CANDIDATE] name=crosswalkcx=603 y2=479 area=1207 score=0.46 [0m
[self_driving-10] [0m[INFO] [1783009484.245326583] [self_driving]: [OBJECTS] msg_count=128 n=1 names=['crosswalk'][0m
[self_driving-10] [0m[INFO] [1783009484.245999416] [self_driving]: [CW_CANDIDATE] name=crosswalkcx=558 y2=54 area=8046 score=0.64 [0m
[self_driving-10] [0m[INFO] [1783009484.913259508] [self_driving]: [OBJECTS] msg_count=130 n=1 names=['crosswalk'][0m
[self_driving-10] [0m[INFO] [1783009485.098951397] [self_driving]: [IMAGE] received count=634 shape=(480, 640, 3) queue=0[0m
[self_driving-10] [0m[INFO] [1783009485.239465971] [self_driving]: [CW_CANDIDATE] name=crosswalkcx=577 y2=80 area=10080 score=0.44 [0m
[self_driving-10] [0m[INFO] [1783009487.128416340] [self_driving]: [IMAGE] received count=664 shape=(480, 640, 3) queue=0[0m
[self_driving-10] [0m[INFO] [1783009487.516656544] [self_driving]: [OBJECTS] msg_count=132 n=1 names=['crosswalk'][0m
[self_driving-10] [0m[INFO] [1783009487.518267322] [self_driving]: [CW_CANDIDATE] name=crosswalkcx=155 y2=441 area=2040 score=0.81 [0m
[self_driving-10] [0m[INFO] [1783009488.140862525] [self_driving]: [OBJECTS] msg_count=133 n=1 names=['crosswalk'][0m
[self_driving-10] [0m[INFO] [1783009489.188019821] [self_driving]: [IMAGE] received count=692 shape=(480, 640, 3) queue=0[0m
[self_driving-10] [0m[INFO] [1783009491.200903375] [self_driving]: [IMAGE] received count=722 shape=(480, 640, 3) queue=0[0m
[self_driving-10] [0m[INFO] [1783009493.225094281] [self_driving]: [IMAGE] received count=750 shape=(480, 640, 3) queue=0[0m
[self_driving-10] [0m[INFO] [1783009495.242778484] [self_driving]: [IMAGE] received count=775 shape=(480, 640, 3) queue=0[0m
[self_driving-10] [0m[INFO] [1783009496.331573613] [self_driving]: [OBJECTS] msg_count=134 n=1 names=['crosswalk'][0m
[self_driving-10] [0m[INFO] [1783009496.333471279] [self_driving]: [CW_CANDIDATE] name=crosswalkcx=576 y2=53 area=6678 score=0.50 [0m
[self_driving-10] [0m[INFO] [1783009497.277321408] [self_driving]: [IMAGE] received count=805 shape=(480, 640, 3) queue=0[0m
[self_driving-10] [0m[INFO] [1783009497.950535056] [self_driving]: [OBJECTS] msg_count=135 n=1 names=['crosswalk'][0m
[self_driving-10] [0m[INFO] [1783009497.953114204] [self_driving]: [CW_CANDIDATE] name=crosswalkcx=594 y2=74 area=6716 score=0.58 [0m
[self_driving-10] [0m[INFO] [1783009499.281289444] [self_driving]: [IMAGE] received count=833 shape=(480, 640, 3) queue=0[0m
[self_driving-10] [0m[INFO] [1783009501.292490462] [self_driving]: [IMAGE] received count=858 shape=(480, 640, 3) queue=0[0m
[self_driving-10] [0m[INFO] [1783009502.900393886] [self_driving]: [OBJECTS] msg_count=137 n=1 names=['crosswalk'][0m
[self_driving-10] [0m[INFO] [1783009503.318847534] [self_driving]: [IMAGE] received count=888 shape=(480, 640, 3) queue=0[0m
[self_driving-10] [0m[INFO] [1783009504.825372959] [self_driving]: [OBJECTS] msg_count=138 n=1 names=['right'][0m
[self_driving-10] [0m[INFO] [1783009504.826032033] [self_driving]: [RIGHT_CANDIDATE] valid=False reject=['low_score', 'small_area'] cnt=0 cx=59 cy=220 area=2107 score=0.40 done=False[0m
[self_driving-10] [0m[INFO] [1783009505.347505922] [self_driving]: [IMAGE] received count=918 shape=(480, 640, 3) queue=0[0m
[self_driving-10] [0m[INFO] [1783009506.428420810] [self_driving]: [OBJECTS] msg_count=139 n=1 names=['right'][0m
[self_driving-10] [0m[INFO] [1783009506.431388847] [self_driving]: [RIGHT_CANDIDATE] valid=True reject=[] cnt=0 cx=52 cy=425 area=4914 score=0.69 done=False[0m
[self_driving-10] [0m[INFO] [1783009506.753160366] [self_driving]: [RIGHT_CANDIDATE] valid=False reject=['low_score'] cnt=1 cx=77 cy=427 area=6552 score=0.45 done=False[0m
[self_driving-10] [0m[INFO] [1783009507.076006810] [self_driving]: [OBJECTS] msg_count=141 n=1 names=['right'][0m
[self_driving-10] [0m[INFO] [1783009507.079997365] [self_driving]: [RIGHT_CANDIDATE] valid=False reject=['low_score'] cnt=1 cx=72 cy=411 area=6450 score=0.48 done=False[0m
[self_driving-10] [0m[INFO] [1783009507.353459310] [self_driving]: [IMAGE] received count=948 shape=(480, 640, 3) queue=0[0m
