[INFO] [launch]: All log files can be found below /home/ubuntu/.ros/log/2026-07-02-14-40-15-888378-raspberrypi-3189
[INFO] [launch]: Default logging verbosity is set to INFO
[INFO] [ascamera_node-1]: process started with pid [3205]
[INFO] [static_transform_publisher-2]: process started with pid [3207]
[INFO] [static_transform_publisher-3]: process started with pid [3209]
[INFO] [joint_state_publisher-4]: process started with pid [3211]
[INFO] [robot_state_publisher-5]: process started with pid [3213]
[INFO] [ros_robot_controller-6]: process started with pid [3215]
[INFO] [odom_publisher-7]: process started with pid [3217]
[INFO] [ekf_node-8]: process started with pid [3219]
[INFO] [yolo_detect-9]: process started with pid [3221]
[INFO] [self_driving-10]: process started with pid [3223]
[static_transform_publisher-2] [33m[WARN] [1783003216.879962879] []: Old-style arguments are deprecated; see --help for new-style arguments[0m
[static_transform_publisher-3] [33m[WARN] [1783003216.880269656] []: Old-style arguments are deprecated; see --help for new-style arguments[0m
[ascamera_node-1] [0m[INFO] [1783003216.891549971] [as_logger]: hello world angstrong camera ros2 node[0m
[ascamera_node-1] 2026-07-02 14:40:17[INFO] [CameraPublisher.cpp] [1558] [printLaunchParams] get depth_width 640
[ascamera_node-1] 2026-07-02 14:40:17[INFO] [CameraPublisher.cpp] [1559] [printLaunchParams] get depth_height 480
[ascamera_node-1] 2026-07-02 14:40:17[INFO] [CameraPublisher.cpp] [1561] [printLaunchParams] get rgb_width 640
[ascamera_node-1] 2026-07-02 14:40:17[INFO] [CameraPublisher.cpp] [1562] [printLaunchParams] get rgb_height 480
[ascamera_node-1] 2026-07-02 14:40:17[INFO] [CameraPublisher.cpp] [1570] [printLaunchParams] get set_fps 15
[ascamera_node-1] 2026-07-02 14:40:17[INFO] [CameraPublisher.cpp] [1578] [printLaunchParams] get color_pcl 1
[ascamera_node-1] 2026-07-02 14:40:17[INFO] [CameraPublisher.cpp] [1582] [printLaunchParams] get pub_tfTree 1
[ascamera_node-1] 2026-07-02 14:40:17[INFO] [CameraSrv.cpp] [35] [CameraSrv] Angstrong camera server
[ascamera_node-1] 2026-07-02 14:40:17[INFO] [CameraSrv.cpp] [45] [CameraSrv] Angstrong camera sdk version:v1.2.22.20240516
[static_transform_publisher-2] [0m[INFO] [1783003217.098416619] [static_transform_publisher_3owZYKCYy1exNiAs]: Spinning until stopped - publishing transform
[static_transform_publisher-2] translation: ('0.000000', '0.000000', '0.000000')
[static_transform_publisher-2] rotation: ('-0.500000', '0.499602', '-0.500000', '0.500398')
[static_transform_publisher-2] from 'depth_cam' to 'ascamera_camera_link_0'[0m
[static_transform_publisher-3] [0m[INFO] [1783003217.098605638] [static_transform_publisher_0UBilsGRMgmprJit]: Spinning until stopped - publishing transform
[static_transform_publisher-3] translation: ('0.000000', '0.000000', '0.000000')
[static_transform_publisher-3] rotation: ('-0.500000', '0.499602', '-0.500000', '0.500398')
[static_transform_publisher-3] from 'depth_cam' to 'ascamera_color_0'[0m
[robot_state_publisher-5] [0m[INFO] [1783003217.162407990] [robot_state_publisher]: got segment base_footprint[0m
[robot_state_publisher-5] [0m[INFO] [1783003217.162608860] [robot_state_publisher]: got segment base_link[0m
[robot_state_publisher-5] [0m[INFO] [1783003217.162634193] [robot_state_publisher]: got segment depth_cam[0m
[robot_state_publisher-5] [0m[INFO] [1783003217.162644304] [robot_state_publisher]: got segment imu_link[0m
[robot_state_publisher-5] [0m[INFO] [1783003217.162651915] [robot_state_publisher]: got segment lidar_frame[0m
[robot_state_publisher-5] [0m[INFO] [1783003217.162661138] [robot_state_publisher]: got segment wheel_lb_Link[0m
[robot_state_publisher-5] [0m[INFO] [1783003217.162670341] [robot_state_publisher]: got segment wheel_lf_Link[0m
[robot_state_publisher-5] [0m[INFO] [1783003217.162679860] [robot_state_publisher]: got segment wheel_rb_Link[0m
[robot_state_publisher-5] [0m[INFO] [1783003217.162688878] [robot_state_publisher]: got segment wheel_rf_Link[0m
[ascamera_node-1] 2026-07-02 14:40:18[INFO] [CameraSrv.cpp] [114] [onAttached] attached
[ascamera_node-1] 2026-07-02 14:40:18[INFO] [CameraSrv.cpp] [145] [onAttached] this is a new attach device, create and open it
[joint_state_publisher-4] [0m[INFO] [1783003218.548314415] [joint_state_publisher]: Waiting for robot_description to be published on the robot_description topic...[0m
[odom_publisher-7] [0m[INFO] [1783003218.650131692] [odom_publisher]: [1;32m0.930000 1.010000[0m[0m
[odom_publisher-7] [0m[INFO] [1783003218.706881859] [odom_publisher]: [1;32mstart[0m[0m
[ascamera_node-1] 2026-07-02 14:40:18[INFO] [CameraSrv.cpp] [154] [onAttached] get model type 9
[ascamera_node-1] 2026-07-02 14:40:18[INFO] [CameraSrv.cpp] [342] [getConfigFile] get file: /home/ubuntu/third_party_ros2/third_party_ws/src/ascamera/configurationfiles/hp60c_v2_00_20230704_configEncrypt.json
[ascamera_node-1] 2026-07-02 14:40:18[INFO] [CameraPublisher.cpp] [1501] [logCameraPathInfo] usb camera
[ascamera_node-1] 2026-07-02 14:40:18[INFO] [CameraPublisher.cpp] [1502] [logCameraPathInfo] bnum:1
[ascamera_node-1] 2026-07-02 14:40:18[INFO] [CameraPublisher.cpp] [1503] [logCameraPathInfo] dnum:3
[ascamera_node-1] 2026-07-02 14:40:18[INFO] [CameraPublisher.cpp] [1504] [logCameraPathInfo] port_numbers:2
[ascamera_node-1] 2026-07-02 14:40:18[INFO] [CameraPublisher.cpp] [171] [onCameraAttached] create a new publisher info set
[ascamera_node-1] 2026-07-02 14:40:18[INFO] [TfTreeFrameIdInfo.cpp] [11] [TfTreeFrameIdInfo] Namespace /ascamera
[ascamera_node-1] 2026-07-02 14:40:18[INFO] [CameraHp60c.cpp] [128] [open] according to the configuration file.
[ascamera_node-1] 2026-07-02 14:40:18[INFO] [CameraHp60c.cpp] [1528] [parseConfigFileParameter] moduleName:AS_CAM_HP60C
[ascamera_node-1] 2026-07-02 14:40:18[INFO] [CameraHp60c.cpp] [1555] [parseConfigFileParameter] Parsing config file /home/ubuntu/third_party_ros2/third_party_ws/src/ascamera/configurationfiles/hp60c_v2_00_20230704_configEncrypt.json
[ascamera_node-1] 2026-07-02 14:40:19[INFO] [CameraHp60c.cpp] [1620] [parseConfigFileParameter] configuration protocol Version: v2.x
[ascamera_node-1] 2026-07-02 14:40:19[INFO] [CameraHp60c.cpp] [1631] [parseConfigFileParameter] configuration Version: v2.0.0.20230704
[ascamera_node-1] 2026-07-02 14:40:19[INFO] [CameraHp60c.cpp] [1796] [setParamersAfterOpenCam] Camera confiParaEnable true, setting configuration parameter
[ros_robot_controller-6] [0m[INFO] [1783003219.142905729] [ros_robot_controller]: 已设置舵机 1 的偏移量为 0[0m
[ros_robot_controller-6] [0m[INFO] [1783003219.144036729] [ros_robot_controller]: 已设置舵机 2 的偏移量为 0[0m
[ros_robot_controller-6] [0m[INFO] [1783003219.145006951] [ros_robot_controller]: 已设置舵机 3 的偏移量为 4[0m
[ros_robot_controller-6] [0m[INFO] [1783003219.146153562] [ros_robot_controller]: 已设置舵机 4 的偏移量为 0[0m
[ros_robot_controller-6] [0m[INFO] [1783003219.150512766] [ros_robot_controller]: [1;32mstart[0m[0m
[ascamera_node-1] 2026-07-02 14:40:20[ERROR] [XuCmdCameraHp60c.cpp] [454] [getMjpegSize] get mjpeg from xu command failed
[ascamera_node-1] 2026-07-02 14:40:20[INFO] [XuCmdCameraHp60c.cpp] [458] [getMjpegSize] mjpeg size:640x480
[ascamera_node-1] 2026-07-02 14:40:20[INFO] [CameraPublisher.cpp] [356] [onCameraOpen] camera opened
[ascamera_node-1] 2026-07-02 14:40:20[INFO] [CameraPublisher.cpp] [370] [onCameraOpen] get config info, ret 0, is_Registration 1
[ascamera_node-1] 2026-07-02 14:40:20[INFO] [Camera.cpp] [61] [init] #camera[0x55559e9b6710] SN[ASC60CF08000515]'s firmware version:DLS_VERc20865=:V01.09_2024110714:V01.19_2024110714:L01
[ascamera_node-1] 2026-07-02 14:40:20[INFO] [CameraPublisher.cpp] [1183] [setResolution] set depth resolution: 640 x 480 @ 15fps
[ascamera_node-1] 2026-07-02 14:40:20[INFO] [CameraPublisher.cpp] [1197] [setResolution] set rgb resolution: 640 x 480 @ 15fps
[ascamera_node-1] 2026-07-02 14:40:20[INFO] [CameraHp60c.cpp] [260] [startStreaming] start streaming
[ascamera_node-1] 2026-07-02 14:40:20[INFO] [CameraSrv.cpp] [202] [onAttached] attached end
[self_driving-10] [0m[INFO] [1783003221.102741709] [self_driving]: [INIT] init_process started[0m
[self_driving-10] [0m[INFO] [1783003221.103310709] [self_driving]: [INIT] only_line_follow=False[0m
[self_driving-10] [0m[INFO] [1783003221.103739209] [self_driving]: [INIT] request /yolov5/start[0m
[ascamera_node-1] 2026-07-02 14:40:21[INFO] [CameraHp60c.cpp] [279] [stopStreaming] stop streaming
[INFO] [apply_calib-11]: process started with pid [3387]
[INFO] [complementary_filter_node-12]: process started with pid [3389]
[complementary_filter_node-12] [0m[INFO] [1783003221.737424191] [imu_filter]: Starting ComplementaryFilterROS[0m
[apply_calib-11] [0m[INFO] [1783003221.771508024] [imu_calib]: Calibrating gyros; do not move the IMU[0m
[self_driving-10] [33m[WARN] [1783003223.107126190] [self_driving]: [YOLO_SERVICE] service not ready, continue without blocking[0m
[self_driving-10] [0m[INFO] [1783003223.608273615] [self_driving]: [INIT] enter + set_running start[0m
[self_driving-10] [0m[INFO] [1783003223.608841467] [self_driving]: [1;32mself driving enter[0m[0m
[self_driving-10] [0m[INFO] [1783003223.634274856] [self_driving]: [SUB] image=/ascamera/camera_publisher/rgb0/image object=/yolov5_ros2/object_detect[0m
[self_driving-10] [0m[INFO] [1783003223.635251782] [self_driving]: [1;32mset_running[0m[0m
[self_driving-10] [0m[INFO] [1783003223.638657226] [self_driving]: [1;32m[START] hybrid self_driving start: auto LINE_FOLLOW[0m[0m
[apply_calib-11] [0m[INFO] [1783003223.799412874] [imu_calib]: Gyro calibration complete! (bias = [-1.152, -0.218, 0.490])[0m
[ascamera_node-1] 2026-07-02 14:40:24[INFO] [CameraHp60c.cpp] [260] [startStreaming] start streaming
[ascamera_node-1] 2026-07-02 14:40:25[INFO] [CameraHp60c.cpp] [912] [setInternalParameter] mjpeg info: size(640x480)
[ascamera_node-1] 2026-07-02 14:40:26[INFO] [CameraHp60c.cpp] [1149] [streamCallback] set gain ret 0, gain 4
[ascamera_node-1] 2026-07-02 14:40:26[INFO] [Camera.cpp] [127] [backgroundThread] SN [ ASC60CF08000515 ]'s parameter:
[ascamera_node-1] 2026-07-02 14:40:26[INFO] [Camera.cpp] [128] [backgroundThread] irfx: 426.962
[ascamera_node-1] 2026-07-02 14:40:26[INFO] [Camera.cpp] [129] [backgroundThread] irfy: 426.374
[ascamera_node-1] 2026-07-02 14:40:26[INFO] [Camera.cpp] [130] [backgroundThread] ircx: 315.403
[ascamera_node-1] 2026-07-02 14:40:26[INFO] [Camera.cpp] [131] [backgroundThread] ircy: 240.933
[ascamera_node-1] 2026-07-02 14:40:26[INFO] [Camera.cpp] [132] [backgroundThread] rgbfx: 570.48
[ascamera_node-1] 2026-07-02 14:40:26[INFO] [Camera.cpp] [133] [backgroundThread] rgbfy: 569.949
[ascamera_node-1] 2026-07-02 14:40:26[INFO] [Camera.cpp] [134] [backgroundThread] rgbcx: 329.75
[ascamera_node-1] 2026-07-02 14:40:26[INFO] [Camera.cpp] [135] [backgroundThread] rgbcy: 238.406
[ascamera_node-1] 
[self_driving-10] [0m[INFO] [1783003226.618044243] [self_driving]: [IMAGE] received count=1 shape=(480, 640, 3) queue=0[0m
[self_driving-10] [33m[WARN] [1783003226.791118947] [self_driving]: [IMAGE] queue full -> drop oldest frame[0m
[self_driving-10] [33m[WARN] [1783003226.838404262] [self_driving]: [LANE_LOST] raw_lane_x=-1 lane_x=-1 filter=lost stop=False state=LINE_FOLLOW safe_linear=0.02 right_ready=False right_done=False[0m
[self_driving-10] [0m[INFO] [1783003226.839063632] [self_driving]: [DEBUG_DRIVE] state=LINE_FOLLOW raw_lane_x=-1 lane_x=-1 filter=lost linear=0.32 angular=0.00 cw_y=0 right_done=False start_turn=False count_turn=0 traffic=None stop=False[0m
[self_driving-10] [33m[WARN] [1783003227.397294020] [self_driving]: [LANE_LOST] raw_lane_x=-1 lane_x=-1 filter=lost stop=False state=LINE_FOLLOW safe_linear=0.02 right_ready=False right_done=False[0m
[self_driving-10] [0m[INFO] [1783003227.398193020] [self_driving]: [DEBUG_DRIVE] state=LINE_FOLLOW raw_lane_x=-1 lane_x=-1 filter=lost linear=0.32 angular=0.00 cw_y=0 right_done=False start_turn=False count_turn=0 traffic=None stop=False[0m
[self_driving-10] [33m[WARN] [1783003227.934364909] [self_driving]: [LANE_LOST] raw_lane_x=-1 lane_x=-1 filter=lost stop=False state=LINE_FOLLOW safe_linear=0.02 right_ready=False right_done=False[0m
[self_driving-10] [0m[INFO] [1783003227.934924261] [self_driving]: [DEBUG_DRIVE] state=LINE_FOLLOW raw_lane_x=-1 lane_x=-1 filter=lost linear=0.32 angular=0.00 cw_y=0 right_done=False start_turn=False count_turn=0 traffic=None stop=False[0m
[self_driving-10] [33m[WARN] [1783003228.473752501] [self_driving]: [LANE_LOST] raw_lane_x=-1 lane_x=-1 filter=lost stop=False state=LINE_FOLLOW safe_linear=0.02 right_ready=False right_done=False[0m
[self_driving-10] [0m[INFO] [1783003228.474333427] [self_driving]: [DEBUG_DRIVE] state=LINE_FOLLOW raw_lane_x=-1 lane_x=-1 filter=lost linear=0.32 angular=0.00 cw_y=0 right_done=False start_turn=False count_turn=0 traffic=None stop=False[0m
[self_driving-10] [0m[INFO] [1783003228.672814057] [self_driving]: [IMAGE] received count=32 shape=(480, 640, 3) queue=0[0m
[self_driving-10] [33m[WARN] [1783003229.010624482] [self_driving]: [LANE_LOST] raw_lane_x=-1 lane_x=-1 filter=lost stop=False state=LINE_FOLLOW safe_linear=0.02 right_ready=False right_done=False[0m
[self_driving-10] [0m[INFO] [1783003229.011318316] [self_driving]: [DEBUG_DRIVE] state=LINE_FOLLOW raw_lane_x=-1 lane_x=-1 filter=lost linear=0.32 angular=0.00 cw_y=0 right_done=False start_turn=False count_turn=0 traffic=None stop=False[0m
[self_driving-10] [0m[INFO] [1783003229.552475241] [self_driving]: [DEBUG_DRIVE] state=LINE_FOLLOW raw_lane_x=69.5 lane_x=69.5 filter=init linear=0.32 angular=0.10 cw_y=0 right_done=False start_turn=False count_turn=0 traffic=None stop=False[0m
[self_driving-10] [0m[INFO] [1783003230.088524093] [self_driving]: [DEBUG_DRIVE] state=LINE_FOLLOW raw_lane_x=293.0 lane_x=293.0 filter=stable linear=0.32 angular=-0.70 cw_y=0 right_done=False start_turn=False count_turn=3 traffic=None stop=False[0m
[self_driving-10] [0m[INFO] [1783003230.624291222] [self_driving]: [DEBUG_DRIVE] state=LINE_FOLLOW raw_lane_x=176.0 lane_x=176.0 filter=stable linear=0.32 angular=-0.10 cw_y=0 right_done=False start_turn=False count_turn=0 traffic=None stop=False[0m
[self_driving-10] [0m[INFO] [1783003230.688269926] [self_driving]: [IMAGE] received count=62 shape=(480, 640, 3) queue=0[0m
[self_driving-10] [0m[INFO] [1783003231.162378018] [self_driving]: [DEBUG_DRIVE] state=LINE_FOLLOW raw_lane_x=144.5 lane_x=144.5 filter=stable linear=0.32 angular=-0.10 cw_y=0 right_done=False start_turn=False count_turn=0 traffic=None stop=False[0m
[self_driving-10] [0m[INFO] [1783003231.701243296] [self_driving]: [DEBUG_DRIVE] state=LINE_FOLLOW raw_lane_x=130.0 lane_x=130.0 filter=stable linear=0.32 angular=-0.10 cw_y=0 right_done=False start_turn=False count_turn=0 traffic=None stop=False[0m
[yolo_detect-9] [0m[INFO] [1783003231.979421129] [yolov5_ros2]: Current ROS 2 distribution: humble[0m
[self_driving-10] [0m[INFO] [1783003232.238159018] [self_driving]: [DEBUG_DRIVE] state=LINE_FOLLOW raw_lane_x=132.0 lane_x=132.0 filter=stable linear=0.32 angular=-0.10 cw_y=0 right_done=False start_turn=False count_turn=0 traffic=None stop=False[0m
[self_driving-10] [0m[INFO] [1783003232.705069517] [self_driving]: [IMAGE] received count=92 shape=(480, 640, 3) queue=0[0m
[self_driving-10] [0m[INFO] [1783003232.775508332] [self_driving]: [DEBUG_DRIVE] state=LINE_FOLLOW raw_lane_x=131.5 lane_x=131.5 filter=stable linear=0.32 angular=-0.10 cw_y=0 right_done=False start_turn=False count_turn=0 traffic=None stop=False[0m
[self_driving-10] [0m[INFO] [1783003233.329473017] [self_driving]: [DEBUG_DRIVE] state=LINE_FOLLOW raw_lane_x=127.0 lane_x=127.0 filter=stable linear=0.32 angular=0.10 cw_y=0 right_done=False start_turn=False count_turn=0 traffic=None stop=False[0m
[self_driving-10] [0m[INFO] [1783003233.868998202] [self_driving]: [DEBUG_DRIVE] state=LINE_FOLLOW raw_lane_x=132.5 lane_x=132.5 filter=stable linear=0.32 angular=-0.10 cw_y=0 right_done=False start_turn=False count_turn=0 traffic=None stop=False[0m
[self_driving-10] [0m[INFO] [1783003233.899222887] [self_driving]: [OBJECTS] msg_count=1 n=1 names=['crosswalk'][0m
[self_driving-10] [0m[INFO] [1783003233.900110294] [self_driving]: [CW_CANDIDATE] name=crosswalkcx=313 cy=456 area=28125 score=0.90 [0m
[self_driving-10] [0m[INFO] [1783003234.424369683] [self_driving]: [DEBUG_DRIVE] state=LINE_FOLLOW raw_lane_x=133.5 lane_x=133.5 filter=stable linear=0.32 angular=0.10 cw_y=0 right_done=False start_turn=False count_turn=0 traffic=None stop=False[0m
[self_driving-10] [0m[INFO] [1783003234.731578164] [self_driving]: [IMAGE] received count=122 shape=(480, 640, 3) queue=0[0m
[self_driving-10] [0m[INFO] [1783003234.762748775] [self_driving]: [OBJECTS] msg_count=4 n=1 names=['crosswalk'][0m
[self_driving-10] [0m[INFO] [1783003234.945178960] [self_driving]: [DEBUG_DRIVE] state=LINE_FOLLOW raw_lane_x=108.0 lane_x=108.0 filter=stable linear=0.32 angular=0.10 cw_y=0 right_done=False start_turn=False count_turn=0 traffic=None stop=False[0m
[self_driving-10] [0m[INFO] [1783003235.467361164] [self_driving]: [DEBUG_DRIVE] state=LINE_FOLLOW raw_lane_x=124.5 lane_x=124.5 filter=stable linear=0.32 angular=0.10 cw_y=0 right_done=False start_turn=False count_turn=0 traffic=None stop=False[0m
[self_driving-10] [0m[INFO] [1783003235.566133701] [self_driving]: [OBJECTS] msg_count=6 n=1 names=['crosswalk'][0m
[self_driving-10] [0m[INFO] [1783003235.568732553] [self_driving]: [CW_CANDIDATE] name=crosswalkcx=296 cy=430 area=57624 score=0.94 [0m
[self_driving-10] [33m[WARN] [1783003235.826602219] [self_driving]: [LANE_X_JUMP_REJECT] raw=280.0 last=137.0 diff=143.0 candidate=280.0 cnt=1/4[0m
[self_driving-10] [0m[INFO] [1783003235.979489293] [self_driving]: [CW_CANDIDATE] name=crosswalkcx=320 cy=468 area=14720 score=0.75 [0m
[self_driving-10] [0m[INFO] [1783003236.042315682] [self_driving]: [LANE_X_JUMP_ACCEPT] raw=271.5 last=271.5 cnt=4/4[0m
[self_driving-10] [0m[INFO] [1783003236.044612145] [self_driving]: [DEBUG_DRIVE] state=LINE_FOLLOW raw_lane_x=271.5 lane_x=271.5 filter=jump_accept linear=0.32 angular=-0.70 cw_y=468 right_done=False start_turn=False count_turn=1 traffic=None stop=False[0m
[self_driving-10] [0m[INFO] [1783003236.567868089] [self_driving]: [DEBUG_DRIVE] state=LINE_FOLLOW raw_lane_x=-1 lane_x=234.5 filter=hold_last linear=0.32 angular=-0.70 cw_y=468 right_done=False start_turn=True count_turn=3 traffic=None stop=False[0m
[self_driving-10] [33m[WARN] [1783003236.680200737] [self_driving]: [LANE_X_JUMP_REJECT] raw=56.5 last=234.5 diff=178.0 candidate=56.5 cnt=1/4[0m
[self_driving-10] [0m[INFO] [1783003236.741738367] [self_driving]: [IMAGE] received count=152 shape=(480, 640, 3) queue=0[0m
[self_driving-10] [0m[INFO] [1783003236.854629348] [self_driving]: [OBJECTS] msg_count=8 n=1 names=['crosswalk'][0m
[self_driving-10] [0m[INFO] [1783003237.024005107] [self_driving]: [LANE_X_JUMP_ACCEPT] raw=120.0 last=120.0 cnt=4/4[0m
[self_driving-10] [0m[INFO] [1783003237.092397922] [self_driving]: [DEBUG_DRIVE] state=LINE_FOLLOW raw_lane_x=123.0 lane_x=123.0 filter=stable linear=0.32 angular=0.00 cw_y=0 right_done=False start_turn=True count_turn=0 traffic=None stop=False[0m
[self_driving-10] [0m[INFO] [1783003237.632726440] [self_driving]: [DEBUG_DRIVE] state=LINE_FOLLOW raw_lane_x=262.5 lane_x=262.5 filter=stable linear=0.32 angular=-0.70 cw_y=0 right_done=False start_turn=True count_turn=3 traffic=None stop=False[0m
[self_driving-10] [0m[INFO] [1783003238.080875940] [self_driving]: [OBJECTS] msg_count=9 n=1 names=['go'][0m
[self_driving-10] [0m[INFO] [1783003238.176935218] [self_driving]: [DEBUG_DRIVE] state=LINE_FOLLOW raw_lane_x=247.0 lane_x=247.0 filter=stable linear=0.32 angular=-0.70 cw_y=0 right_done=False start_turn=True count_turn=11 traffic=None stop=False[0m
[self_driving-10] [33m[WARN] [1783003238.362254810] [self_driving]: [LANE_X_JUMP_REJECT] raw=306.0 last=204.5 diff=101.5 candidate=306.0 cnt=1/4[0m
[self_driving-10] [0m[INFO] [1783003238.591287569] [self_driving]: [LANE_X_JUMP_ACCEPT] raw=300.5 last=300.5 cnt=4/4[0m
[self_driving-10] [0m[INFO] [1783003238.702517754] [self_driving]: [DEBUG_DRIVE] state=LINE_FOLLOW raw_lane_x=308.5 lane_x=308.5 filter=stable linear=0.32 angular=-0.70 cw_y=0 right_done=False start_turn=True count_turn=3 traffic=None stop=False[0m
[self_driving-10] [0m[INFO] [1783003238.774921329] [self_driving]: [IMAGE] received count=182 shape=(480, 640, 3) queue=0[0m
[self_driving-10] [0m[INFO] [1783003238.930308143] [self_driving]: [OBJECTS] msg_count=11 n=1 names=['crosswalk'][0m
[self_driving-10] [0m[INFO] [1783003239.237147513] [self_driving]: [DEBUG_DRIVE] state=LINE_FOLLOW raw_lane_x=136.5 lane_x=136.5 filter=stable linear=0.32 angular=0.00 cw_y=0 right_done=False start_turn=True count_turn=0 traffic=None stop=False[0m
[self_driving-10] [0m[INFO] [1783003239.331202699] [self_driving]: [CW_CANDIDATE] name=crosswalkcx=362 cy=384 area=83400 score=0.83 [0m
[self_driving-10] [0m[INFO] [1783003239.742856328] [self_driving]: [OBJECTS] msg_count=15 n=1 names=['crosswalk'][0m
[self_driving-10] [0m[INFO] [1783003239.791475439] [self_driving]: [DEBUG_DRIVE] state=LINE_FOLLOW raw_lane_x=131.0 lane_x=131.0 filter=stable linear=0.32 angular=0.00 cw_y=0 right_done=False start_turn=True count_turn=0 traffic=None stop=False[0m
[self_driving-10] [0m[INFO] [1783003240.324355346] [self_driving]: [DEBUG_DRIVE] state=LINE_FOLLOW raw_lane_x=135.0 lane_x=135.0 filter=stable linear=0.32 angular=0.00 cw_y=0 right_done=False start_turn=True count_turn=0 traffic=None stop=False[0m
[self_driving-10] [0m[INFO] [1783003240.552269513] [self_driving]: [OBJECTS] msg_count=18 n=1 names=['crosswalk'][0m
[self_driving-10] [0m[INFO] [1783003240.784149401] [self_driving]: [IMAGE] received count=212 shape=(480, 640, 3) queue=0[0m
[self_driving-10] [0m[INFO] [1783003240.857568735] [self_driving]: [DEBUG_DRIVE] state=LINE_FOLLOW raw_lane_x=119.5 lane_x=119.5 filter=stable linear=0.32 angular=0.10 cw_y=0 right_done=False start_turn=False count_turn=0 traffic=None stop=False[0m
[self_driving-10] [0m[INFO] [1783003240.975511901] [self_driving]: [CW_CANDIDATE] name=crosswalkcx=275 cy=354 area=30856 score=0.88 [0m
[self_driving-10] [0m[INFO] [1783003241.382879605] [self_driving]: [DEBUG_DRIVE] state=LINE_FOLLOW raw_lane_x=116.0 lane_x=116.0 filter=stable linear=0.32 angular=0.10 cw_y=0 right_done=False start_turn=False count_turn=0 traffic=None stop=False[0m
[self_driving-10] [0m[INFO] [1783003241.401321031] [self_driving]: [OBJECTS] msg_count=21 n=1 names=['crosswalk'][0m
[self_driving-10] [0m[INFO] [1783003241.402650105] [self_driving]: [CW_CANDIDATE] name=crosswalkcx=320 cy=436 area=55680 score=0.91 [0m
[self_driving-10] [0m[INFO] [1783003241.929929586] [self_driving]: [DEBUG_DRIVE] state=LINE_FOLLOW raw_lane_x=136.0 lane_x=136.0 filter=stable linear=0.32 angular=-0.10 cw_y=436 right_done=False start_turn=False count_turn=0 traffic=None stop=False[0m
[self_driving-10] [33m[WARN] [1783003242.478497400] [self_driving]: [LANE_X_JUMP_REJECT] raw=290.0 last=130.5 diff=159.5 candidate=290.0 cnt=1/4[0m
[self_driving-10] [0m[INFO] [1783003242.480992493] [self_driving]: [DEBUG_DRIVE] state=LINE_FOLLOW raw_lane_x=290.0 lane_x=130.5 filter=jump_reject linear=0.32 angular=-0.10 cw_y=436 right_done=False start_turn=False count_turn=0 traffic=None stop=False[0m
[self_driving-10] [0m[INFO] [1783003242.606822567] [self_driving]: [OBJECTS] msg_count=22 n=1 names=['crosswalk'][0m
[self_driving-10] [0m[INFO] [1783003242.694015345] [self_driving]: [LANE_X_JUMP_ACCEPT] raw=283.0 last=283.0 cnt=4/4[0m
[self_driving-10] [0m[INFO] [1783003242.812224919] [self_driving]: [IMAGE] received count=242 shape=(480, 640, 3) queue=0[0m
[self_driving-10] [0m[INFO] [1783003242.939873048] [self_driving]: [LANE_X_JUMP_ACCEPT] raw=21.0 last=21.0 cnt=4/4[0m
[self_driving-10] [0m[INFO] [1783003243.019609882] [self_driving]: [DEBUG_DRIVE] state=LINE_FOLLOW raw_lane_x=-1 lane_x=21.0 filter=hold_last linear=0.32 angular=0.10 cw_y=0 right_done=False start_turn=False count_turn=0 traffic=None stop=False[0m
[self_driving-10] [0m[INFO] [1783003243.538170918] [self_driving]: [DEBUG_DRIVE] state=LINE_FOLLOW raw_lane_x=159.5 lane_x=159.5 filter=stable linear=0.32 angular=-0.10 cw_y=0 right_done=False start_turn=False count_turn=0 traffic=None stop=False[0m
[self_driving-10] [33m[WARN] [1783003243.818867585] [self_driving]: [LANE_X_JUMP_REJECT] raw=100.5 last=263.0 diff=162.5 candidate=100.5 cnt=1/4[0m
[self_driving-10] [0m[INFO] [1783003244.072385622] [self_driving]: [DEBUG_DRIVE] state=LINE_FOLLOW raw_lane_x=223.5 lane_x=223.5 filter=stable linear=0.32 angular=-0.70 cw_y=0 right_done=False start_turn=True count_turn=1 traffic=None stop=False[0m
[self_driving-10] [0m[INFO] [1783003244.606656584] [self_driving]: [DEBUG_DRIVE] state=LINE_FOLLOW raw_lane_x=-1 lane_x=299.0 filter=hold_last linear=0.32 angular=-0.70 cw_y=0 right_done=False start_turn=True count_turn=9 traffic=None stop=False[0m
[self_driving-10] [33m[WARN] [1783003244.712952195] [self_driving]: [LANE_LOST] raw_lane_x=-1 lane_x=-1 filter=lost stop=False state=LINE_FOLLOW safe_linear=0.02 right_ready=False right_done=False[0m
[self_driving-10] [0m[INFO] [1783003244.813504084] [self_driving]: [IMAGE] received count=272 shape=(480, 640, 3) queue=0[0m
[self_driving-10] [0m[INFO] [1783003245.174496806] [self_driving]: [DEBUG_DRIVE] state=LINE_FOLLOW raw_lane_x=-1 lane_x=-1 filter=lost linear=0.32 angular=0.00 cw_y=0 right_done=False start_turn=True count_turn=9 traffic=None stop=False[0m
[self_driving-10] [33m[WARN] [1783003245.229819899] [self_driving]: [LANE_LOST] raw_lane_x=-1 lane_x=-1 filter=lost stop=False state=LINE_FOLLOW safe_linear=0.02 right_ready=False right_done=False[0m
[self_driving-10] [0m[INFO] [1783003245.685388713] [self_driving]: [DEBUG_DRIVE] state=LINE_FOLLOW raw_lane_x=287.5 lane_x=287.5 filter=stable linear=0.32 angular=-0.70 cw_y=0 right_done=False start_turn=True count_turn=15 traffic=None stop=False[0m
[self_driving-10] [0m[INFO] [1783003246.221089583] [self_driving]: [DEBUG_DRIVE] state=LINE_FOLLOW raw_lane_x=153.5 lane_x=153.5 filter=stable linear=0.32 angular=0.00 cw_y=0 right_done=False start_turn=True count_turn=0 traffic=None stop=False[0m
[self_driving-10] [0m[INFO] [1783003246.268878343] [self_driving]: [OBJECTS] msg_count=23 n=1 names=['park'][0m
[self_driving-10] [0m[INFO] [1783003246.728955398] [self_driving]: [DEBUG_DRIVE] state=LINE_FOLLOW raw_lane_x=154.5 lane_x=154.5 filter=stable linear=0.32 angular=0.00 cw_y=0 right_done=False start_turn=True count_turn=0 traffic=None stop=False[0m
[self_driving-10] [0m[INFO] [1783003246.839503157] [self_driving]: [IMAGE] received count=302 shape=(480, 640, 3) queue=0[0m
[self_driving-10] [0m[INFO] [1783003247.109434101] [self_driving]: [OBJECTS] msg_count=25 n=1 names=['crosswalk'][0m
[self_driving-10] [0m[INFO] [1783003247.245332286] [self_driving]: [DEBUG_DRIVE] state=LINE_FOLLOW raw_lane_x=139.5 lane_x=139.5 filter=stable linear=0.32 angular=0.00 cw_y=0 right_done=False start_turn=True count_turn=0 traffic=None stop=False[0m
[self_driving-10] [0m[INFO] [1783003247.780266305] [self_driving]: [DEBUG_DRIVE] state=LINE_FOLLOW raw_lane_x=129.0 lane_x=129.0 filter=stable linear=0.32 angular=0.00 cw_y=0 right_done=False start_turn=True count_turn=0 traffic=None stop=False[0m
[self_driving-10] [0m[INFO] [1783003247.896268508] [self_driving]: [OBJECTS] msg_count=29 n=1 names=['crosswalk'][0m
[self_driving-10] [0m[INFO] [1783003248.332634378] [self_driving]: [DEBUG_DRIVE] state=LINE_FOLLOW raw_lane_x=141.0 lane_x=141.0 filter=stable linear=0.32 angular=-0.10 cw_y=0 right_done=False start_turn=False count_turn=0 traffic=None stop=False[0m
[self_driving-10] [0m[INFO] [1783003248.638003100] [self_driving]: [OBJECTS] msg_count=34 n=1 names=['go'][0m
[self_driving-10] [0m[INFO] [1783003248.844607230] [self_driving]: [DEBUG_DRIVE] state=LINE_FOLLOW raw_lane_x=119.0 lane_x=119.0 filter=stable linear=0.32 angular=0.10 cw_y=0 right_done=False start_turn=False count_turn=0 traffic=None stop=False[0m
[self_driving-10] [0m[INFO] [1783003248.918393841] [self_driving]: [IMAGE] received count=333 shape=(480, 640, 3) queue=0[0m
[self_driving-10] [0m[INFO] [1783003249.007065693] [self_driving]: [CW_CANDIDATE] name=crosswalkcx=316 cy=440 area=50640 score=0.91 [0m
[self_driving-10] [0m[INFO] [1783003249.394295526] [self_driving]: [DEBUG_DRIVE] state=LINE_FOLLOW raw_lane_x=121.0 lane_x=121.0 filter=stable linear=0.32 angular=0.10 cw_y=0 right_done=False start_turn=False count_turn=0 traffic=None stop=False[0m
[self_driving-10] [0m[INFO] [1783003249.398027396] [self_driving]: [OBJECTS] msg_count=39 n=1 names=['crosswalk'][0m
[self_driving-10] [0m[INFO] [1783003249.402258730] [self_driving]: [TRAFFIC_CANDIDATE] name=red valid=True cx=554 cy=84 area=598 score=0.39 min_area=270[0m
[self_driving-10] [0m[INFO] [1783003249.922245970] [self_driving]: [DEBUG_DRIVE] state=LINE_FOLLOW raw_lane_x=135.0 lane_x=135.0 filter=stable linear=0.32 angular=-0.10 cw_y=0 right_done=False start_turn=False count_turn=0 traffic=red stop=False[0m
[self_driving-10] [0m[INFO] [1783003250.130946970] [self_driving]: [OBJECTS] msg_count=45 n=1 names=['go'][0m
[self_driving-10] [0m[INFO] [1783003250.132338266] [self_driving]: [TRAFFIC_CLEAR] no valid red/green in current object msg -> clear stale traffic[0m
[self_driving-10] [0m[INFO] [1783003250.465217803] [self_driving]: [DEBUG_DRIVE] state=LINE_FOLLOW raw_lane_x=122.5 lane_x=122.5 filter=stable linear=0.32 angular=0.10 cw_y=0 right_done=False start_turn=False count_turn=0 traffic=None stop=False[0m
[self_driving-10] [0m[INFO] [1783003250.493428822] [self_driving]: [CW_CANDIDATE] name=crosswalkcx=306 cy=372 area=42910 score=0.93 [0m
[self_driving-10] [33m[WARN] [1783003250.804242192] [self_driving]: [LANE_X_JUMP_REJECT] raw=280.5 last=124.0 diff=156.5 candidate=280.5 cnt=1/4[0m
[self_driving-10] [0m[INFO] [1783003250.854404488] [self_driving]: [OBJECTS] msg_count=48 n=1 names=['crosswalk'][0m
[self_driving-10] [0m[INFO] [1783003250.855547025] [self_driving]: [CW_CANDIDATE] name=crosswalkcx=320 cy=434 area=58240 score=0.92 [0m
[self_driving-10] [0m[INFO] [1783003250.941114655] [self_driving]: [IMAGE] received count=363 shape=(480, 640, 3) queue=0[0m
[self_driving-10] [0m[INFO] [1783003251.012663655] [self_driving]: [LANE_X_JUMP_ACCEPT] raw=278.0 last=278.0 cnt=4/4[0m
[self_driving-10] [0m[INFO] [1783003251.014914710] [self_driving]: [DEBUG_DRIVE] state=LINE_FOLLOW raw_lane_x=278.0 lane_x=278.0 filter=jump_accept linear=0.32 angular=-0.70 cw_y=434 right_done=False start_turn=False count_turn=1 traffic=None stop=False[0m
[self_driving-10] [0m[INFO] [1783003251.533923932] [self_driving]: [DEBUG_DRIVE] state=LINE_FOLLOW raw_lane_x=-1 lane_x=249.0 filter=hold_last linear=0.32 angular=-0.70 cw_y=434 right_done=False start_turn=True count_turn=3 traffic=None stop=False[0m
[self_driving-10] [33m[WARN] [1783003251.594132395] [self_driving]: [LANE_X_JUMP_REJECT] raw=47.5 last=249.0 diff=201.5 candidate=18.5 cnt=2/4[0m
[self_driving-10] [0m[INFO] [1783003251.880401376] [self_driving]: [LANE_X_JUMP_ACCEPT] raw=126.0 last=126.0 cnt=4/4[0m
[self_driving-10] [0m[INFO] [1783003252.086914543] [self_driving]: [DEBUG_DRIVE] state=LINE_FOLLOW raw_lane_x=166.0 lane_x=166.0 filter=stable linear=0.32 angular=0.00 cw_y=434 right_done=False start_turn=True count_turn=0 traffic=None stop=False[0m
[self_driving-10] [0m[INFO] [1783003252.622992209] [self_driving]: [DEBUG_DRIVE] state=LINE_FOLLOW raw_lane_x=303.5 lane_x=303.5 filter=stable linear=0.32 angular=-0.70 cw_y=434 right_done=False start_turn=True count_turn=5 traffic=None stop=False[0m
[self_driving-10] [0m[INFO] [1783003252.945387246] [self_driving]: [IMAGE] received count=393 shape=(480, 640, 3) queue=0[0m
[self_driving-10] [0m[INFO] [1783003253.148528376] [self_driving]: [DEBUG_DRIVE] state=LINE_FOLLOW raw_lane_x=278.0 lane_x=278.0 filter=stable linear=0.32 angular=-0.70 cw_y=434 right_done=False start_turn=True count_turn=13 traffic=None stop=False[0m
[self_driving-10] [0m[INFO] [1783003253.701270801] [self_driving]: [DEBUG_DRIVE] state=LINE_FOLLOW raw_lane_x=287.5 lane_x=287.5 filter=stable linear=0.32 angular=-0.70 cw_y=434 right_done=False start_turn=True count_turn=21 traffic=None stop=False[0m
[self_driving-10] [0m[INFO] [1783003254.119810597] [self_driving]: [OBJECTS] msg_count=49 n=1 names=['crosswalk'][0m
[self_driving-10] [0m[INFO] [1783003254.122843393] [self_driving]: [RIGHT_CANDIDATE] valid=False reject=['low_score', 'small_area'] cnt=0 cx=484 cy=181 area=957 score=0.30 done=False[0m
[self_driving-10] [0m[INFO] [1783003254.220324875] [self_driving]: [DEBUG_DRIVE] state=LINE_FOLLOW raw_lane_x=137.5 lane_x=137.5 filter=stable linear=0.32 angular=0.00 cw_y=0 right_done=False start_turn=True count_turn=0 traffic=None stop=False[0m
[self_driving-10] [0m[INFO] [1783003254.508463356] [self_driving]: [RIGHT_CANDIDATE] valid=False reject=['low_score', 'small_area'] cnt=0 cx=345 cy=177 area=1085 score=0.35 done=False[0m
[self_driving-10] [0m[INFO] [1783003254.758751134] [self_driving]: [DEBUG_DRIVE] state=LINE_FOLLOW raw_lane_x=144.0 lane_x=144.0 filter=stable linear=0.32 angular=0.00 cw_y=0 right_done=False start_turn=True count_turn=0 traffic=None stop=False[0m
[self_driving-10] [0m[INFO] [1783003254.882381782] [self_driving]: [OBJECTS] msg_count=55 n=1 names=['crosswalk'][0m
[self_driving-10] [0m[INFO] [1783003254.970381986] [self_driving]: [IMAGE] received count=423 shape=(480, 640, 3) queue=0[0m
[self_driving-10] [0m[INFO] [1783003255.266774522] [self_driving]: [RIGHT_CANDIDATE] valid=False reject=['small_area'] cnt=0 cx=35 cy=170 area=2726 score=0.88 done=False[0m
[self_driving-10] [0m[INFO] [1783003255.268502319] [self_driving]: [CW_CANDIDATE] name=crosswalkcx=320 cy=421 area=69012 score=0.88 [0m
[self_driving-10] [0m[INFO] [1783003255.315262985] [self_driving]: [DEBUG_DRIVE] state=LINE_FOLLOW raw_lane_x=138.0 lane_x=138.0 filter=stable linear=0.32 angular=0.00 cw_y=0 right_done=False start_turn=True count_turn=0 traffic=None stop=False[0m
[self_driving-10] [0m[INFO] [1783003255.669190652] [self_driving]: [OBJECTS] msg_count=60 n=1 names=['crosswalk'][0m
[self_driving-10] [0m[INFO] [1783003255.670134448] [self_driving]: [CW_CANDIDATE] name=crosswalkcx=313 cy=464 area=18780 score=0.79 [0m
[self_driving-10] [0m[INFO] [1783003255.836643022] [self_driving]: [DEBUG_DRIVE] state=LINE_FOLLOW raw_lane_x=125.0 lane_x=125.0 filter=stable linear=0.32 angular=0.10 cw_y=464 right_done=False start_turn=False count_turn=0 traffic=None stop=False[0m
[self_driving-10] [0m[INFO] [1783003256.379347466] [self_driving]: [OBJECTS] msg_count=62 n=1 names=['crosswalk'][0m
[self_driving-10] [0m[INFO] [1783003256.398986837] [self_driving]: [DEBUG_DRIVE] state=LINE_FOLLOW raw_lane_x=132.5 lane_x=132.5 filter=stable linear=0.32 angular=-0.10 cw_y=0 right_done=False start_turn=False count_turn=0 traffic=None stop=False[0m
[self_driving-10] [0m[INFO] [1783003256.917300003] [self_driving]: [DEBUG_DRIVE] state=LINE_FOLLOW raw_lane_x=125.0 lane_x=125.0 filter=stable linear=0.32 angular=0.10 cw_y=0 right_done=False start_turn=False count_turn=0 traffic=None stop=False[0m
[self_driving-10] [0m[INFO] [1783003256.981832818] [self_driving]: [IMAGE] received count=453 shape=(480, 640, 3) queue=0[0m
[self_driving-10] [0m[INFO] [1783003257.069222318] [self_driving]: [OBJECTS] msg_count=64 n=1 names=['crosswalk'][0m
[self_driving-10] [0m[INFO] [1783003257.070055781] [self_driving]: [CW_CANDIDATE] name=crosswalkcx=315 cy=419 area=73196 score=0.87 [0m
[self_driving-10] [33m[WARN] [1783003257.325092169] [self_driving]: [LANE_X_JUMP_REJECT] raw=261.0 last=132.5 diff=128.5 candidate=261.0 cnt=1/4[0m
[self_driving-10] [0m[INFO] [1783003257.427264466] [self_driving]: [CW_CANDIDATE] name=crosswalkcx=317 cy=456 area=27852 score=0.85 [0m
[self_driving-10] [0m[INFO] [1783003257.461326484] [self_driving]: [DEBUG_DRIVE] state=LINE_FOLLOW raw_lane_x=254.5 lane_x=132.5 filter=jump_reject linear=0.32 angular=-0.10 cw_y=0 right_done=False start_turn=False count_turn=0 traffic=None stop=False[0m
[self_driving-10] [0m[INFO] [1783003257.534988947] [self_driving]: [LANE_X_JUMP_ACCEPT] raw=247.5 last=247.5 cnt=4/4[0m
[self_driving-10] [0m[INFO] [1783003257.834155502] [self_driving]: [OBJECTS] msg_count=67 n=1 names=['crosswalk'][0m
[self_driving-10] [0m[INFO] [1783003257.992023095] [self_driving]: [DEBUG_DRIVE] state=LINE_FOLLOW raw_lane_x=-1 lane_x=219.0 filter=hold_last linear=0.32 angular=-0.10 cw_y=0 right_done=False start_turn=False count_turn=0 traffic=None stop=False[0m
[self_driving-10] [33m[WARN] [1783003258.206691058] [self_driving]: [LANE_X_JUMP_REJECT] raw=61.0 last=219.0 diff=158.0 candidate=61.0 cnt=1/4[0m
[self_driving-10] [0m[INFO] [1783003258.528162798] [self_driving]: [DEBUG_DRIVE] state=LINE_FOLLOW raw_lane_x=159.5 lane_x=159.5 filter=stable linear=0.32 angular=-0.10 cw_y=0 right_done=False start_turn=False count_turn=0 traffic=None stop=False[0m
[self_driving-10] [33m[WARN] [1783003258.873114650] [self_driving]: [LANE_X_JUMP_REJECT] raw=48.0 last=271.5 diff=223.5 candidate=48.0 cnt=1/4[0m
[self_driving-10] [0m[INFO] [1783003258.988768168] [self_driving]: [IMAGE] received count=483 shape=(480, 640, 3) queue=0[0m
[self_driving-10] [0m[INFO] [1783003259.058364483] [self_driving]: [DEBUG_DRIVE] state=LINE_FOLLOW raw_lane_x=159.5 lane_x=271.5 filter=jump_reject linear=0.32 angular=-0.70 cw_y=0 right_done=False start_turn=True count_turn=0 traffic=None stop=False[0m
[self_driving-10] [0m[INFO] [1783003259.601705612] [self_driving]: [DEBUG_DRIVE] state=LINE_FOLLOW raw_lane_x=292.0 lane_x=292.0 filter=stable linear=0.32 angular=-0.70 cw_y=0 right_done=False start_turn=True count_turn=6 traffic=None stop=False[0m
[self_driving-10] [0m[INFO] [1783003260.134194631] [self_driving]: [DEBUG_DRIVE] state=LINE_FOLLOW raw_lane_x=273.5 lane_x=273.5 filter=stable linear=0.32 angular=-0.70 cw_y=0 right_done=False start_turn=True count_turn=14 traffic=None stop=False[0m
[self_driving-10] [0m[INFO] [1783003260.687674352] [self_driving]: [DEBUG_DRIVE] state=LINE_FOLLOW raw_lane_x=267.5 lane_x=267.5 filter=stable linear=0.32 angular=-0.70 cw_y=0 right_done=False start_turn=True count_turn=22 traffic=None stop=False[0m
[self_driving-10] [0m[INFO] [1783003261.015677223] [self_driving]: [IMAGE] received count=513 shape=(480, 640, 3) queue=0[0m
[self_driving-10] [0m[INFO] [1783003261.094679852] [self_driving]: [OBJECTS] msg_count=68 n=1 names=['crosswalk'][0m
[self_driving-10] [0m[INFO] [1783003261.228233537] [self_driving]: [DEBUG_DRIVE] state=LINE_FOLLOW raw_lane_x=145.0 lane_x=145.0 filter=stable linear=0.32 angular=0.00 cw_y=0 right_done=False start_turn=True count_turn=0 traffic=None stop=False[0m
[self_driving-10] [33m[WARN] [1783003261.687657574] [self_driving]: [LANE_X_JUMP_REJECT] raw=202.5 last=87.5 diff=115.0 candidate=202.5 cnt=1/4[0m
[self_driving-10] [0m[INFO] [1783003261.765141111] [self_driving]: [DEBUG_DRIVE] state=LINE_FOLLOW raw_lane_x=200.0 lane_x=87.5 filter=jump_reject linear=0.32 angular=0.00 cw_y=0 right_done=False start_turn=True count_turn=0 traffic=None stop=False[0m
[self_driving-10] [0m[INFO] [1783003261.841367926] [self_driving]: [OBJECTS] msg_count=72 n=1 names=['crosswalk'][0m
[self_driving-10] [33m[WARN] [1783003262.035755555] [self_driving]: [LANE_LOST] raw_lane_x=-1 lane_x=-1 filter=lost stop=False state=LINE_FOLLOW safe_linear=0.02 right_ready=False right_done=False[0m
[self_driving-10] [0m[INFO] [1783003262.291523611] [self_driving]: [DEBUG_DRIVE] state=LINE_FOLLOW raw_lane_x=-1 lane_x=-1 filter=lost linear=0.32 angular=0.00 cw_y=0 right_done=False start_turn=True count_turn=0 traffic=None stop=False[0m
[self_driving-10] [33m[WARN] [1783003262.564672833] [self_driving]: [LANE_LOST] raw_lane_x=-1 lane_x=-1 filter=lost stop=False state=LINE_FOLLOW safe_linear=0.02 right_ready=False right_done=False[0m
[self_driving-10] [0m[INFO] [1783003262.583549777] [self_driving]: [OBJECTS] msg_count=75 n=1 names=['crosswalk'][0m
[self_driving-10] [0m[INFO] [1783003262.585105166] [self_driving]: [CW_CANDIDATE] name=crosswalkcx=331 cy=397 area=46065 score=0.53 [0m
[self_driving-10] [0m[INFO] [1783003262.825661370] [self_driving]: [DEBUG_DRIVE] state=LINE_FOLLOW raw_lane_x=-1 lane_x=-1 filter=lost linear=0.32 angular=0.00 cw_y=0 right_done=False start_turn=True count_turn=0 traffic=None stop=False[0m
[self_driving-10] [0m[INFO] [1783003263.026316573] [self_driving]: [IMAGE] received count=543 shape=(480, 640, 3) queue=0[0m
[self_driving-10] [33m[WARN] [1783003263.102002740] [self_driving]: [LANE_LOST] raw_lane_x=-1 lane_x=-1 filter=lost stop=False state=LINE_FOLLOW safe_linear=0.02 right_ready=False right_done=False[0m
[self_driving-10] [0m[INFO] [1783003263.372732481] [self_driving]: [DEBUG_DRIVE] state=LINE_FOLLOW raw_lane_x=-1 lane_x=-1 filter=lost linear=0.32 angular=0.00 cw_y=0 right_done=False start_turn=True count_turn=0 traffic=None stop=False[0m
[self_driving-10] [33m[WARN] [1783003263.625328906] [self_driving]: [LANE_LOST] raw_lane_x=-1 lane_x=-1 filter=lost stop=False state=LINE_FOLLOW safe_linear=0.02 right_ready=False right_done=False[0m
[self_driving-10] [0m[INFO] [1783003263.910297351] [self_driving]: [DEBUG_DRIVE] state=LINE_FOLLOW raw_lane_x=-1 lane_x=-1 filter=lost linear=0.32 angular=0.00 cw_y=0 right_done=False start_turn=True count_turn=0 traffic=None stop=False[0m
[self_driving-10] [0m[INFO] [1783003264.083309647] [self_driving]: [OBJECTS] msg_count=78 n=1 names=['green'][0m
[self_driving-10] [0m[INFO] [1783003264.084088850] [self_driving]: [TRAFFIC_CANDIDATE] name=green valid=True cx=365 cy=161 area=89598 score=0.31 min_area=270[0m
[self_driving-10] [33m[WARN] [1783003264.167682554] [self_driving]: [LANE_LOST] raw_lane_x=-1 lane_x=-1 filter=lost stop=False state=LINE_FOLLOW safe_linear=0.02 right_ready=False right_done=False[0m
[self_driving-10] [0m[INFO] [1783003264.442481776] [self_driving]: [DEBUG_DRIVE] state=LINE_FOLLOW raw_lane_x=-1 lane_x=-1 filter=lost linear=0.32 angular=0.00 cw_y=0 right_done=False start_turn=True count_turn=0 traffic=green stop=False[0m
[self_driving-10] [33m[WARN] [1783003264.719999461] [self_driving]: [LANE_LOST] raw_lane_x=-1 lane_x=-1 filter=lost stop=False state=LINE_FOLLOW safe_linear=0.02 right_ready=False right_done=False[0m
[self_driving-10] [0m[INFO] [1783003264.969518646] [self_driving]: [DEBUG_DRIVE] state=LINE_FOLLOW raw_lane_x=-1 lane_x=-1 filter=lost linear=0.32 angular=0.00 cw_y=0 right_done=False start_turn=True count_turn=0 traffic=green stop=False[0m
[self_driving-10] [0m[INFO] [1783003265.041233739] [self_driving]: [IMAGE] received count=573 shape=(480, 640, 3) queue=0[0m
[self_driving-10] [33m[WARN] [1783003265.263454091] [self_driving]: [LANE_LOST] raw_lane_x=-1 lane_x=-1 filter=lost stop=False state=LINE_FOLLOW safe_linear=0.02 right_ready=False right_done=False[0m
[self_driving-10] [0m[INFO] [1783003265.518415701] [self_driving]: [DEBUG_DRIVE] state=LINE_FOLLOW raw_lane_x=-1 lane_x=-1 filter=lost linear=0.32 angular=0.00 cw_y=0 right_done=False start_turn=True count_turn=0 traffic=green stop=False[0m
[self_driving-10] [33m[WARN] [1783003265.785003868] [self_driving]: [LANE_LOST] raw_lane_x=-1 lane_x=-1 filter=lost stop=False state=LINE_FOLLOW safe_linear=0.02 right_ready=False right_done=False[0m
[self_driving-10] [0m[INFO] [1783003266.069716664] [self_driving]: [DEBUG_DRIVE] state=LINE_FOLLOW raw_lane_x=-1 lane_x=-1 filter=lost linear=0.32 angular=0.00 cw_y=0 right_done=False start_turn=True count_turn=0 traffic=green stop=False[0m
[self_driving-10] [33m[WARN] [1783003266.321053108] [self_driving]: [LANE_LOST] raw_lane_x=-1 lane_x=-1 filter=lost stop=False state=LINE_FOLLOW safe_linear=0.02 right_ready=False right_done=False[0m
[self_driving-10] [0m[INFO] [1783003266.585271793] [self_driving]: [DEBUG_DRIVE] state=LINE_FOLLOW raw_lane_x=-1 lane_x=-1 filter=lost linear=0.32 angular=0.00 cw_y=0 right_done=False start_turn=True count_turn=0 traffic=green stop=False[0m
[self_driving-10] [33m[WARN] [1783003266.866780978] [self_driving]: [LANE_LOST] raw_lane_x=-1 lane_x=-1 filter=lost stop=False state=LINE_FOLLOW safe_linear=0.02 right_ready=False right_done=False[0m
[self_driving-10] [0m[INFO] [1783003267.076535626] [self_driving]: [IMAGE] received count=603 shape=(480, 640, 3) queue=0[0m
[self_driving-10] [0m[INFO] [1783003267.090194682] [self_driving]: [DEBUG_DRIVE] state=LINE_FOLLOW raw_lane_x=-1 lane_x=-1 filter=lost linear=0.32 angular=0.00 cw_y=0 right_done=False start_turn=True count_turn=0 traffic=green stop=False[0m
[self_driving-10] [33m[WARN] [1783003267.398527867] [self_driving]: [LANE_LOST] raw_lane_x=-1 lane_x=-1 filter=lost stop=False state=LINE_FOLLOW safe_linear=0.02 right_ready=False right_done=False[0m
[self_driving-10] [0m[INFO] [1783003267.598466034] [self_driving]: [DEBUG_DRIVE] state=LINE_FOLLOW raw_lane_x=-1 lane_x=-1 filter=lost linear=0.32 angular=0.00 cw_y=0 right_done=False start_turn=True count_turn=0 traffic=green stop=False[0m
[self_driving-10] [33m[WARN] [1783003267.944050274] [self_driving]: [LANE_LOST] raw_lane_x=-1 lane_x=-1 filter=lost stop=False state=LINE_FOLLOW safe_linear=0.02 right_ready=False right_done=False[0m
[self_driving-10] [0m[INFO] [1783003268.165387033] [self_driving]: [DEBUG_DRIVE] state=LINE_FOLLOW raw_lane_x=-1 lane_x=-1 filter=lost linear=0.32 angular=0.00 cw_y=0 right_done=False start_turn=True count_turn=0 traffic=green stop=False[0m
[self_driving-10] [33m[WARN] [1783003268.460727274] [self_driving]: [LANE_LOST] raw_lane_x=-1 lane_x=-1 filter=lost stop=False state=LINE_FOLLOW safe_linear=0.02 right_ready=False right_done=False[0m
[self_driving-10] [0m[INFO] [1783003268.493229422] [self_driving]: [OBJECTS] msg_count=79 n=1 names=['crosswalk'][0m
[self_driving-10] [0m[INFO] [1783003268.495653477] [self_driving]: [TRAFFIC_CLEAR] no valid red/green in current object msg -> clear stale traffic[0m
[self_driving-10] [0m[INFO] [1783003268.677092718] [self_driving]: [DEBUG_DRIVE] state=LINE_FOLLOW raw_lane_x=-1 lane_x=-1 filter=lost linear=0.32 angular=0.00 cw_y=0 right_done=False start_turn=True count_turn=0 traffic=None stop=False[0m
[self_driving-10] [33m[WARN] [1783003268.966066459] [self_driving]: [LANE_LOST] raw_lane_x=-1 lane_x=-1 filter=lost stop=False state=LINE_FOLLOW safe_linear=0.02 right_ready=False right_done=False[0m
[self_driving-10] [0m[INFO] [1783003269.075837385] [self_driving]: [IMAGE] received count=633 shape=(480, 640, 3) queue=0[0m
[self_driving-10] [0m[INFO] [1783003269.202302681] [self_driving]: [DEBUG_DRIVE] state=LINE_FOLLOW raw_lane_x=-1 lane_x=-1 filter=lost linear=0.32 angular=0.00 cw_y=0 right_done=False start_turn=True count_turn=0 traffic=None stop=False[0m
[self_driving-10] [33m[WARN] [1783003269.474281329] [self_driving]: [LANE_LOST] raw_lane_x=-1 lane_x=-1 filter=lost stop=False state=LINE_FOLLOW safe_linear=0.02 right_ready=False right_done=False[0m
[self_driving-10] [0m[INFO] [1783003269.746520921] [self_driving]: [DEBUG_DRIVE] state=LINE_FOLLOW raw_lane_x=-1 lane_x=-1 filter=lost linear=0.32 angular=0.00 cw_y=0 right_done=False start_turn=True count_turn=0 traffic=None stop=False[0m
[self_driving-10] [33m[WARN] [1783003270.030359180] [self_driving]: [LANE_LOST] raw_lane_x=-1 lane_x=-1 filter=lost stop=False state=LINE_FOLLOW safe_linear=0.02 right_ready=False right_done=False[0m
[self_driving-10] [0m[INFO] [1783003270.282249643] [self_driving]: [DEBUG_DRIVE] state=LINE_FOLLOW raw_lane_x=-1 lane_x=-1 filter=lost linear=0.32 angular=0.00 cw_y=0 right_done=False start_turn=True count_turn=0 traffic=None stop=False[0m
[self_driving-10] [33m[WARN] [1783003270.547783754] [self_driving]: [LANE_LOST] raw_lane_x=-1 lane_x=-1 filter=lost stop=False state=LINE_FOLLOW safe_linear=0.02 right_ready=False right_done=False[0m
[self_driving-10] [0m[INFO] [1783003270.820977032] [self_driving]: [DEBUG_DRIVE] state=LINE_FOLLOW raw_lane_x=-1 lane_x=-1 filter=lost linear=0.32 angular=0.00 cw_y=0 right_done=False start_turn=True count_turn=0 traffic=None stop=False[0m
[self_driving-10] [0m[INFO] [1783003271.084259976] [self_driving]: [IMAGE] received count=663 shape=(480, 640, 3) queue=0[0m
[self_driving-10] [33m[WARN] [1783003271.090541846] [self_driving]: [LANE_LOST] raw_lane_x=-1 lane_x=-1 filter=lost stop=False state=LINE_FOLLOW safe_linear=0.02 right_ready=False right_done=False[0m
[self_driving-10] [0m[INFO] [1783003271.378041365] [self_driving]: [DEBUG_DRIVE] state=LINE_FOLLOW raw_lane_x=-1 lane_x=-1 filter=lost linear=0.32 angular=0.00 cw_y=0 right_done=False start_turn=True count_turn=0 traffic=None stop=False[0m
[self_driving-10] [33m[WARN] [1783003271.620054420] [self_driving]: [LANE_LOST] raw_lane_x=-1 lane_x=-1 filter=lost stop=False state=LINE_FOLLOW safe_linear=0.02 right_ready=False right_done=False[0m
