[INFO] [launch]: All log files can be found below /home/ubuntu/.ros/log/2026-07-02-20-37-58-288157-raspberrypi-129106
[INFO] [launch]: Default logging verbosity is set to INFO
[INFO] [ascamera_node-1]: process started with pid [129122]
[INFO] [static_transform_publisher-2]: process started with pid [129124]
[INFO] [static_transform_publisher-3]: process started with pid [129126]
[INFO] [joint_state_publisher-4]: process started with pid [129128]
[INFO] [robot_state_publisher-5]: process started with pid [129130]
[INFO] [ros_robot_controller-6]: process started with pid [129132]
[INFO] [odom_publisher-7]: process started with pid [129148]
[INFO] [ekf_node-8]: process started with pid [129154]
[INFO] [yolo_detect-9]: process started with pid [129157]
[INFO] [self_driving-10]: process started with pid [129174]
[ascamera_node-1] [0m[INFO] [1783024679.075751551] [as_logger]: hello world angstrong camera ros2 node[0m
[static_transform_publisher-2] [33m[WARN] [1783024679.050758903] []: Old-style arguments are deprecated; see --help for new-style arguments[0m
[static_transform_publisher-2] [0m[INFO] [1783024679.074047662] [static_transform_publisher_980CI1xubDFbQylH]: Spinning until stopped - publishing transform
[static_transform_publisher-2] translation: ('0.000000', '0.000000', '0.000000')
[static_transform_publisher-2] rotation: ('-0.500000', '0.499602', '-0.500000', '0.500398')
[static_transform_publisher-2] from 'depth_cam' to 'ascamera_camera_link_0'[0m
[static_transform_publisher-3] [33m[WARN] [1783024679.054823607] []: Old-style arguments are deprecated; see --help for new-style arguments[0m
[static_transform_publisher-3] [0m[INFO] [1783024679.110461848] [static_transform_publisher_xIKOUyakAtzVwkx5]: Spinning until stopped - publishing transform
[static_transform_publisher-3] translation: ('0.000000', '0.000000', '0.000000')
[static_transform_publisher-3] rotation: ('-0.500000', '0.499602', '-0.500000', '0.500398')
[static_transform_publisher-3] from 'depth_cam' to 'ascamera_color_0'[0m
[robot_state_publisher-5] [0m[INFO] [1783024679.147936551] [robot_state_publisher]: got segment base_footprint[0m
[robot_state_publisher-5] [0m[INFO] [1783024679.148131959] [robot_state_publisher]: got segment base_link[0m
[robot_state_publisher-5] [0m[INFO] [1783024679.148152551] [robot_state_publisher]: got segment depth_cam[0m
[robot_state_publisher-5] [0m[INFO] [1783024679.148163199] [robot_state_publisher]: got segment imu_link[0m
[robot_state_publisher-5] [0m[INFO] [1783024679.148172736] [robot_state_publisher]: got segment lidar_frame[0m
[robot_state_publisher-5] [0m[INFO] [1783024679.148182922] [robot_state_publisher]: got segment wheel_lb_Link[0m
[robot_state_publisher-5] [0m[INFO] [1783024679.148192847] [robot_state_publisher]: got segment wheel_lf_Link[0m
[robot_state_publisher-5] [0m[INFO] [1783024679.148201644] [robot_state_publisher]: got segment wheel_rb_Link[0m
[robot_state_publisher-5] [0m[INFO] [1783024679.148212347] [robot_state_publisher]: got segment wheel_rf_Link[0m
[ascamera_node-1] 2026-07-02 20:37:59[INFO] [CameraPublisher.cpp] [1558] [printLaunchParams] get depth_width 640
[ascamera_node-1] 2026-07-02 20:37:59[INFO] [CameraPublisher.cpp] [1559] [printLaunchParams] get depth_height 480
[ascamera_node-1] 2026-07-02 20:37:59[INFO] [CameraPublisher.cpp] [1561] [printLaunchParams] get rgb_width 640
[ascamera_node-1] 2026-07-02 20:37:59[INFO] [CameraPublisher.cpp] [1562] [printLaunchParams] get rgb_height 480
[ascamera_node-1] 2026-07-02 20:37:59[INFO] [CameraPublisher.cpp] [1570] [printLaunchParams] get set_fps 15
[ascamera_node-1] 2026-07-02 20:37:59[INFO] [CameraPublisher.cpp] [1578] [printLaunchParams] get color_pcl 1
[ascamera_node-1] 2026-07-02 20:37:59[INFO] [CameraPublisher.cpp] [1582] [printLaunchParams] get pub_tfTree 1
[ascamera_node-1] 2026-07-02 20:37:59[INFO] [CameraSrv.cpp] [35] [CameraSrv] Angstrong camera server
[ascamera_node-1] 2026-07-02 20:37:59[INFO] [CameraSrv.cpp] [45] [CameraSrv] Angstrong camera sdk version:v1.2.22.20240516
[odom_publisher-7] [0m[INFO] [1783024679.896265754] [odom_publisher]: [1;32m0.930000 1.010000[0m[0m
[odom_publisher-7] [0m[INFO] [1783024679.925016995] [odom_publisher]: [1;32mstart[0m[0m
[joint_state_publisher-4] [0m[INFO] [1783024679.943451069] [joint_state_publisher]: Waiting for robot_description to be published on the robot_description topic...[0m
[ascamera_node-1] 2026-07-02 20:38:00[INFO] [CameraSrv.cpp] [114] [onAttached] attached
[ascamera_node-1] 2026-07-02 20:38:00[INFO] [CameraSrv.cpp] [145] [onAttached] this is a new attach device, create and open it
[self_driving-10] [0m[INFO] [1783024680.583924495] [self_driving]: [INIT] init_process started[0m
[self_driving-10] [0m[INFO] [1783024680.584631365] [self_driving]: [INIT] only_line_follow=False[0m
[self_driving-10] [0m[INFO] [1783024680.585255828] [self_driving]: [INIT] request /yolov5/start[0m
[ros_robot_controller-6] [0m[INFO] [1783024680.637293939] [ros_robot_controller]: 已设置舵机 1 的偏移量为 0[0m
[ros_robot_controller-6] [0m[INFO] [1783024680.638019735] [ros_robot_controller]: 已设置舵机 2 的偏移量为 0[0m
[ros_robot_controller-6] [0m[INFO] [1783024680.639078958] [ros_robot_controller]: 已设置舵机 3 的偏移量为 4[0m
[ros_robot_controller-6] [0m[INFO] [1783024680.639928587] [ros_robot_controller]: 已设置舵机 4 的偏移量为 0[0m
[ros_robot_controller-6] [0m[INFO] [1783024680.644213532] [ros_robot_controller]: [1;32mstart[0m[0m
[ascamera_node-1] 2026-07-02 20:38:01[INFO] [CameraSrv.cpp] [154] [onAttached] get model type 9
[ascamera_node-1] 2026-07-02 20:38:01[INFO] [CameraSrv.cpp] [342] [getConfigFile] get file: /home/ubuntu/third_party_ros2/third_party_ws/src/ascamera/configurationfiles/hp60c_v2_00_20230704_configEncrypt.json
[ascamera_node-1] 2026-07-02 20:38:01[INFO] [CameraPublisher.cpp] [1501] [logCameraPathInfo] usb camera
[ascamera_node-1] 2026-07-02 20:38:01[INFO] [CameraPublisher.cpp] [1502] [logCameraPathInfo] bnum:1
[ascamera_node-1] 2026-07-02 20:38:01[INFO] [CameraPublisher.cpp] [1503] [logCameraPathInfo] dnum:3
[ascamera_node-1] 2026-07-02 20:38:01[INFO] [CameraPublisher.cpp] [1504] [logCameraPathInfo] port_numbers:2
[ascamera_node-1] 2026-07-02 20:38:01[INFO] [CameraPublisher.cpp] [171] [onCameraAttached] create a new publisher info set
[ascamera_node-1] 2026-07-02 20:38:01[INFO] [TfTreeFrameIdInfo.cpp] [11] [TfTreeFrameIdInfo] Namespace /ascamera
[ascamera_node-1] 2026-07-02 20:38:01[INFO] [CameraHp60c.cpp] [128] [open] according to the configuration file.
[ascamera_node-1] 2026-07-02 20:38:01[INFO] [CameraHp60c.cpp] [1528] [parseConfigFileParameter] moduleName:AS_CAM_HP60C
[ascamera_node-1] 2026-07-02 20:38:01[INFO] [CameraHp60c.cpp] [1555] [parseConfigFileParameter] Parsing config file /home/ubuntu/third_party_ros2/third_party_ws/src/ascamera/configurationfiles/hp60c_v2_00_20230704_configEncrypt.json
[ascamera_node-1] 2026-07-02 20:38:01[INFO] [CameraHp60c.cpp] [1620] [parseConfigFileParameter] configuration protocol Version: v2.x
[ascamera_node-1] 2026-07-02 20:38:01[INFO] [CameraHp60c.cpp] [1631] [parseConfigFileParameter] configuration Version: v2.0.0.20230704
[ascamera_node-1] 2026-07-02 20:38:01[INFO] [CameraHp60c.cpp] [1796] [setParamersAfterOpenCam] Camera confiParaEnable true, setting configuration parameter
[self_driving-10] [33m[WARN] [1783024682.589334420] [self_driving]: [YOLO_SERVICE] service not ready, continue without blocking[0m
[ascamera_node-1] 2026-07-02 20:38:02[ERROR] [XuCmdCameraHp60c.cpp] [454] [getMjpegSize] get mjpeg from xu command failed
[ascamera_node-1] 2026-07-02 20:38:02[INFO] [XuCmdCameraHp60c.cpp] [458] [getMjpegSize] mjpeg size:640x480
[ascamera_node-1] 2026-07-02 20:38:02[INFO] [CameraPublisher.cpp] [356] [onCameraOpen] camera opened
[ascamera_node-1] 2026-07-02 20:38:02[INFO] [CameraPublisher.cpp] [370] [onCameraOpen] get config info, ret 0, is_Registration 1
[ascamera_node-1] 2026-07-02 20:38:02[INFO] [Camera.cpp] [61] [init] #camera[0x5555aba92710] SN[ASC60CF08000515]'s firmware version:DLS_VERc20865=:V01.09_2024110714:V01.19_2024110714:L01
[ascamera_node-1] 2026-07-02 20:38:02[INFO] [CameraPublisher.cpp] [1183] [setResolution] set depth resolution: 640 x 480 @ 15fps
[ascamera_node-1] 2026-07-02 20:38:02[INFO] [CameraPublisher.cpp] [1197] [setResolution] set rgb resolution: 640 x 480 @ 15fps
[ascamera_node-1] 2026-07-02 20:38:02[INFO] [CameraHp60c.cpp] [260] [startStreaming] start streaming
[ascamera_node-1] 2026-07-02 20:38:02[INFO] [CameraSrv.cpp] [202] [onAttached] attached end
[self_driving-10] [0m[INFO] [1783024683.090485827] [self_driving]: [INIT] enter + set_running start[0m
[self_driving-10] [0m[INFO] [1783024683.091058604] [self_driving]: [1;32mself driving enter[0m[0m
[self_driving-10] [0m[INFO] [1783024683.099010549] [self_driving]: [SUB] image=/ascamera/camera_publisher/rgb0/image object=/yolov5_ros2/object_detect[0m
[self_driving-10] [0m[INFO] [1783024683.099746530] [self_driving]: [1;32mset_running[0m[0m
[self_driving-10] [0m[INFO] [1783024683.104135216] [self_driving]: [1;32m[START] hybrid self_driving ready: WAIT_START, press button to LINE_FOLLOW[0m[0m
[INFO] [apply_calib-11]: process started with pid [129305]
[INFO] [complementary_filter_node-12]: process started with pid [129307]
[complementary_filter_node-12] [0m[INFO] [1783024684.092059919] [imu_filter]: Starting ComplementaryFilterROS[0m
[apply_calib-11] [0m[INFO] [1783024684.437826881] [imu_calib]: Calibrating gyros; do not move the IMU[0m
[ascamera_node-1] 2026-07-02 20:38:04[INFO] [CameraHp60c.cpp] [912] [setInternalParameter] mjpeg info: size(640x480)
[ascamera_node-1] 2026-07-02 20:38:04[INFO] [Camera.cpp] [127] [backgroundThread] SN [ ASC60CF08000515 ]'s parameter:
[ascamera_node-1] 2026-07-02 20:38:04[INFO] [Camera.cpp] [128] [backgroundThread] irfx: 426.962
[ascamera_node-1] 2026-07-02 20:38:04[INFO] [Camera.cpp] [129] [backgroundThread] irfy: 426.374
[ascamera_node-1] 2026-07-02 20:38:04[INFO] [Camera.cpp] [130] [backgroundThread] ircx: 315.403
[ascamera_node-1] 2026-07-02 20:38:04[INFO] [Camera.cpp] [131] [backgroundThread] ircy: 240.933
[ascamera_node-1] 2026-07-02 20:38:04[INFO] [Camera.cpp] [132] [backgroundThread] rgbfx: 570.48
[ascamera_node-1] 2026-07-02 20:38:04[INFO] [Camera.cpp] [133] [backgroundThread] rgbfy: 569.949
[ascamera_node-1] 2026-07-02 20:38:04[INFO] [Camera.cpp] [134] [backgroundThread] rgbcx: 329.75
[ascamera_node-1] 2026-07-02 20:38:04[INFO] [Camera.cpp] [135] [backgroundThread] rgbcy: 238.406
[ascamera_node-1] 
[ascamera_node-1] 2026-07-02 20:38:04[INFO] [CameraHp60c.cpp] [1149] [streamCallback] set gain ret 0, gain 4
[self_driving-10] [0m[INFO] [1783024685.031107307] [self_driving]: [IMAGE] received count=1 shape=(480, 640, 3) queue=0[0m
[self_driving-10] [0m[INFO] [1783024685.032970659] [self_driving]: [WAIT_START] waiting for physical button /ros_robot_controller/button[0m
[self_driving-10] [0m[INFO] [1783024685.533368529] [self_driving]: [WAIT_START] waiting for physical button /ros_robot_controller/button[0m
[self_driving-10] [0m[INFO] [1783024686.072149732] [self_driving]: [WAIT_START] waiting for physical button /ros_robot_controller/button[0m
[apply_calib-11] [0m[INFO] [1783024686.474092639] [imu_calib]: Gyro calibration complete! (bias = [-0.004, 0.032, -0.000])[0m
[yolo_detect-9] [0m[INFO] [1783024686.522314047] [yolov5_ros2]: Current ROS 2 distribution: humble[0m
[self_driving-10] [0m[INFO] [1783024686.619182195] [self_driving]: [WAIT_START] waiting for physical button /ros_robot_controller/button[0m
[self_driving-10] [0m[INFO] [1783024687.091644750] [self_driving]: [IMAGE] received count=32 shape=(480, 640, 3) queue=0[0m
[self_driving-10] [0m[INFO] [1783024687.161567287] [self_driving]: [WAIT_START] waiting for physical button /ros_robot_controller/button[0m
[self_driving-10] [0m[INFO] [1783024687.705839676] [self_driving]: [WAIT_START] waiting for physical button /ros_robot_controller/button[0m
[self_driving-10] [0m[INFO] [1783024688.231074675] [self_driving]: [WAIT_START] waiting for physical button /ros_robot_controller/button[0m
[self_driving-10] [0m[INFO] [1783024688.779720231] [self_driving]: [WAIT_START] waiting for physical button /ros_robot_controller/button[0m
[self_driving-10] [0m[INFO] [1783024689.114592823] [self_driving]: [IMAGE] received count=62 shape=(480, 640, 3) queue=0[0m
[self_driving-10] [0m[INFO] [1783024689.279880527] [self_driving]: [WAIT_START] waiting for physical button /ros_robot_controller/button[0m
[self_driving-10] [0m[INFO] [1783024689.829825600] [self_driving]: [WAIT_START] waiting for physical button /ros_robot_controller/button[0m
[self_driving-10] [0m[INFO] [1783024690.406062415] [self_driving]: [WAIT_START] waiting for physical button /ros_robot_controller/button[0m
[self_driving-10] [0m[INFO] [1783024690.974726989] [self_driving]: [WAIT_START] waiting for physical button /ros_robot_controller/button[0m
[self_driving-10] [0m[INFO] [1783024691.120973359] [self_driving]: [IMAGE] received count=87 shape=(480, 640, 3) queue=0[0m
[self_driving-10] [0m[INFO] [1783024691.524234729] [self_driving]: [WAIT_START] waiting for physical button /ros_robot_controller/button[0m
[self_driving-10] [0m[INFO] [1783024692.102926321] [self_driving]: [WAIT_START] waiting for physical button /ros_robot_controller/button[0m
[self_driving-10] [0m[INFO] [1783024692.667242451] [self_driving]: [WAIT_START] waiting for physical button /ros_robot_controller/button[0m
[self_driving-10] [0m[INFO] [1783024693.143218913] [self_driving]: [IMAGE] received count=112 shape=(480, 640, 3) queue=0[0m
[self_driving-10] [0m[INFO] [1783024693.220698506] [self_driving]: [WAIT_START] waiting for physical button /ros_robot_controller/button[0m
[self_driving-10] [0m[INFO] [1783024693.788219061] [self_driving]: [WAIT_START] waiting for physical button /ros_robot_controller/button[0m
[self_driving-10] [0m[INFO] [1783024694.350901857] [self_driving]: [WAIT_START] waiting for physical button /ros_robot_controller/button[0m
[self_driving-10] [0m[INFO] [1783024694.920487690] [self_driving]: [WAIT_START] waiting for physical button /ros_robot_controller/button[0m
[self_driving-10] [0m[INFO] [1783024695.157199245] [self_driving]: [IMAGE] received count=137 shape=(480, 640, 3) queue=0[0m
[self_driving-10] [0m[INFO] [1783024695.435406523] [self_driving]: [WAIT_START] waiting for physical button /ros_robot_controller/button[0m
[self_driving-10] [0m[INFO] [1783024695.966062189] [self_driving]: [WAIT_START] waiting for physical button /ros_robot_controller/button[0m
[self_driving-10] [0m[INFO] [1783024696.538384263] [self_driving]: [WAIT_START] waiting for physical button /ros_robot_controller/button[0m
[self_driving-10] [0m[INFO] [1783024697.094273226] [self_driving]: [WAIT_START] waiting for physical button /ros_robot_controller/button[0m
[self_driving-10] [0m[INFO] [1783024697.179271281] [self_driving]: [IMAGE] received count=162 shape=(480, 640, 3) queue=0[0m
[self_driving-10] [0m[INFO] [1783024697.662221448] [self_driving]: [WAIT_START] waiting for physical button /ros_robot_controller/button[0m
[self_driving-10] [0m[INFO] [1783024698.219006040] [self_driving]: [WAIT_START] waiting for physical button /ros_robot_controller/button[0m
[self_driving-10] [0m[INFO] [1783024698.790386669] [self_driving]: [WAIT_START] waiting for physical button /ros_robot_controller/button[0m
[self_driving-10] [0m[INFO] [1783024699.194312280] [self_driving]: [IMAGE] received count=187 shape=(480, 640, 3) queue=0[0m
[self_driving-10] [0m[INFO] [1783024699.353080039] [self_driving]: [WAIT_START] waiting for physical button /ros_robot_controller/button[0m
[self_driving-10] [0m[INFO] [1783024699.923252965] [self_driving]: [WAIT_START] waiting for physical button /ros_robot_controller/button[0m
[self_driving-10] [0m[INFO] [1783024700.482603483] [self_driving]: [WAIT_START] waiting for physical button /ros_robot_controller/button[0m
[self_driving-10] [0m[INFO] [1783024701.052024964] [self_driving]: [WAIT_START] waiting for physical button /ros_robot_controller/button[0m
[self_driving-10] [0m[INFO] [1783024701.205083816] [self_driving]: [IMAGE] received count=212 shape=(480, 640, 3) queue=0[0m
[self_driving-10] [0m[INFO] [1783024701.613909982] [self_driving]: [WAIT_START] waiting for physical button /ros_robot_controller/button[0m
[self_driving-10] [0m[INFO] [1783024702.174981852] [self_driving]: [WAIT_START] waiting for physical button /ros_robot_controller/button[0m
[self_driving-10] [0m[INFO] [1783024702.729202482] [self_driving]: [WAIT_START] waiting for physical button /ros_robot_controller/button[0m
[self_driving-10] [0m[INFO] [1783024703.224146333] [self_driving]: [IMAGE] received count=237 shape=(480, 640, 3) queue=0[0m
[self_driving-10] [0m[INFO] [1783024703.231461074] [self_driving]: [WAIT_START] waiting for physical button /ros_robot_controller/button[0m
[self_driving-10] [0m[INFO] [1783024703.781553481] [self_driving]: [WAIT_START] waiting for physical button /ros_robot_controller/button[0m
[self_driving-10] [0m[INFO] [1783024704.344823944] [self_driving]: [WAIT_START] waiting for physical button /ros_robot_controller/button[0m
[self_driving-10] [0m[INFO] [1783024704.905014999] [self_driving]: [WAIT_START] waiting for physical button /ros_robot_controller/button[0m
[self_driving-10] [0m[INFO] [1783024705.239746554] [self_driving]: [IMAGE] received count=262 shape=(480, 640, 3) queue=0[0m
[self_driving-10] [0m[INFO] [1783024705.476629184] [self_driving]: [WAIT_START] waiting for physical button /ros_robot_controller/button[0m
[self_driving-10] [0m[INFO] [1783024706.060008924] [self_driving]: [WAIT_START] waiting for physical button /ros_robot_controller/button[0m
[self_driving-10] [0m[INFO] [1783024706.615466998] [self_driving]: [WAIT_START] waiting for physical button /ros_robot_controller/button[0m
[self_driving-10] [0m[INFO] [1783024707.186623109] [self_driving]: [WAIT_START] waiting for physical button /ros_robot_controller/button[0m
[self_driving-10] [0m[INFO] [1783024707.256827275] [self_driving]: [IMAGE] received count=287 shape=(480, 640, 3) queue=0[0m
[self_driving-10] [0m[INFO] [1783024707.746180793] [self_driving]: [WAIT_START] waiting for physical button /ros_robot_controller/button[0m
[self_driving-10] [0m[INFO] [1783024708.314054200] [self_driving]: [WAIT_START] waiting for physical button /ros_robot_controller/button[0m
[self_driving-10] [0m[INFO] [1783024708.862601756] [self_driving]: [WAIT_START] waiting for physical button /ros_robot_controller/button[0m
[self_driving-10] [0m[INFO] [1783024709.281778311] [self_driving]: [IMAGE] received count=312 shape=(480, 640, 3) queue=0[0m
[self_driving-10] [0m[INFO] [1783024709.422907033] [self_driving]: [WAIT_START] waiting for physical button /ros_robot_controller/button[0m
[self_driving-10] [0m[INFO] [1783024709.928275885] [self_driving]: [WAIT_START] waiting for physical button /ros_robot_controller/button[0m
[self_driving-10] [0m[INFO] [1783024710.499872736] [self_driving]: [WAIT_START] waiting for physical button /ros_robot_controller/button[0m
[self_driving-10] [0m[INFO] [1783024711.047127495] [self_driving]: [WAIT_START] waiting for physical button /ros_robot_controller/button[0m
[self_driving-10] [0m[INFO] [1783024711.291520680] [self_driving]: [IMAGE] received count=337 shape=(480, 640, 3) queue=0[0m
[self_driving-10] [0m[INFO] [1783024711.618095347] [self_driving]: [WAIT_START] waiting for physical button /ros_robot_controller/button[0m
[self_driving-10] [0m[INFO] [1783024712.166085013] [self_driving]: [WAIT_START] waiting for physical button /ros_robot_controller/button[0m
[self_driving-10] [0m[INFO] [1783024712.670408346] [self_driving]: [WAIT_START] waiting for physical button /ros_robot_controller/button[0m
[self_driving-10] [0m[INFO] [1783024713.233065846] [self_driving]: [WAIT_START] waiting for physical button /ros_robot_controller/button[0m
[self_driving-10] [0m[INFO] [1783024713.307085549] [self_driving]: [IMAGE] received count=362 shape=(480, 640, 3) queue=0[0m
[self_driving-10] [0m[INFO] [1783024713.794490031] [self_driving]: [WAIT_START] waiting for physical button /ros_robot_controller/button[0m
[self_driving-10] [0m[INFO] [1783024714.200236382] [self_driving]: [BUTTON] pressed: ros_robot_controller_msgs.msg.ButtonState(id=1, state=1)[0m
[self_driving-10] [0m[INFO] [1783024714.200714308] [self_driving]: [1;36m[FSM] WAIT_START -> LINE_FOLLOW[0m[0m
[self_driving-10] [0m[INFO] [1783024714.484277012] [self_driving]: [DEBUG_DRIVE] state=LINE_FOLLOW raw_lane_x=238.5 lane_x=238.5 filter=init linear=0.32 angular=-0.70 cw_y=0 right_done=False start_turn=False count_turn=1 traffic=None stop=False[0m
[self_driving-10] [33m[WARN] [1783024714.921748308] [self_driving]: [LANE_X_JUMP_REJECT] raw=83.0 last=255.0 diff=172.0 candidate=83.0 cnt=1/4[0m
[self_driving-10] [0m[INFO] [1783024714.993094530] [self_driving]: [DEBUG_DRIVE] state=LINE_FOLLOW raw_lane_x=156.0 lane_x=255.0 filter=jump_reject linear=0.32 angular=-0.70 cw_y=0 right_done=False start_turn=True count_turn=4 traffic=None stop=False[0m
[self_driving-10] [0m[INFO] [1783024715.326052585] [self_driving]: [IMAGE] received count=387 shape=(480, 640, 3) queue=0[0m
[self_driving-10] [0m[INFO] [1783024715.502998400] [self_driving]: [DEBUG_DRIVE] state=LINE_FOLLOW raw_lane_x=208.0 lane_x=208.0 filter=stable linear=0.32 angular=0.00 cw_y=0 right_done=False start_turn=True count_turn=0 traffic=None stop=False[0m
[self_driving-10] [0m[INFO] [1783024716.049699585] [self_driving]: [DEBUG_DRIVE] state=LINE_FOLLOW raw_lane_x=-1 lane_x=308.5 filter=hold_last linear=0.32 angular=-0.70 cw_y=0 right_done=False start_turn=True count_turn=7 traffic=None stop=False[0m
[self_driving-10] [33m[WARN] [1783024716.213989899] [self_driving]: [LANE_LOST] raw_lane_x=-1 lane_x=-1 filter=lost stop=False state=LINE_FOLLOW safe_linear=0.02 right_ready=False right_done=False[0m
[self_driving-10] [0m[INFO] [1783024716.605718658] [self_driving]: [DEBUG_DRIVE] state=LINE_FOLLOW raw_lane_x=303.5 lane_x=303.5 filter=stable linear=0.32 angular=-0.70 cw_y=0 right_done=False start_turn=True count_turn=11 traffic=None stop=False[0m
[self_driving-10] [0m[INFO] [1783024717.153032066] [self_driving]: [DEBUG_DRIVE] state=LINE_FOLLOW raw_lane_x=234.5 lane_x=234.5 filter=stable linear=0.32 angular=-0.70 cw_y=0 right_done=False start_turn=True count_turn=18 traffic=None stop=False[0m
[self_driving-10] [0m[INFO] [1783024717.325968473] [self_driving]: [IMAGE] received count=413 shape=(480, 640, 3) queue=0[0m
[self_driving-10] [0m[INFO] [1783024717.404250269] [self_driving]: [OBJECTS] msg_count=1 n=1 names=['crosswalk'][0m
[self_driving-10] [0m[INFO] [1783024717.692324639] [self_driving]: [DEBUG_DRIVE] state=LINE_FOLLOW raw_lane_x=124.5 lane_x=124.5 filter=stable linear=0.32 angular=0.00 cw_y=0 right_done=False start_turn=True count_turn=0 traffic=None stop=False[0m
[self_driving-10] [0m[INFO] [1783024718.118193769] [self_driving]: [OBJECTS] msg_count=3 n=1 names=['crosswalk'][0m
[self_driving-10] [0m[INFO] [1783024718.119208065] [self_driving]: [CW_CANDIDATE] name=crosswalkcx=482 y2=247 area=7153 score=0.86 [0m
[self_driving-10] [0m[INFO] [1783024718.123236269] [self_driving]: [CW_CANDIDATE] name=crosswalkcx=419 y2=195 area=1690 score=0.69 [0m
[self_driving-10] [0m[INFO] [1783024718.210565361] [self_driving]: [DEBUG_DRIVE] state=LINE_FOLLOW raw_lane_x=105.5 lane_x=105.5 filter=stable linear=0.32 angular=0.00 cw_y=195 right_done=False start_turn=True count_turn=0 traffic=None stop=False[0m
[self_driving-10] [0m[INFO] [1783024718.463991694] [self_driving]: [CW_CANDIDATE] name=crosswalkcx=421 y2=266 area=11600 score=0.87 [0m
[self_driving-10] [0m[INFO] [1783024718.470852546] [self_driving]: [CW_CANDIDATE] name=crosswalkcx=338 y2=199 area=1810 score=0.78 [0m
[self_driving-10] [0m[INFO] [1783024718.756395713] [self_driving]: [DEBUG_DRIVE] state=LINE_FOLLOW raw_lane_x=97.5 lane_x=97.5 filter=stable linear=0.32 angular=0.10 cw_y=199 right_done=False start_turn=False count_turn=0 traffic=None stop=False[0m
[self_driving-10] [0m[INFO] [1783024718.800392805] [self_driving]: [OBJECTS] msg_count=7 n=1 names=['right'][0m
[self_driving-10] [0m[INFO] [1783024718.801588861] [self_driving]: [RIGHT_CANDIDATE] valid=False reject=['small_area'] cnt=0 cx=141 cy=119 area=1728 score=0.86 done=False[0m
[self_driving-10] [0m[INFO] [1783024718.807681935] [self_driving]: [CW_CANDIDATE] name=crosswalkcx=344 y2=206 area=2332 score=0.79 [0m
[self_driving-10] [0m[INFO] [1783024718.945178953] [self_driving]: [CROSSWALK_SLOW] y=206 th=180 confirm=3[0m
[self_driving-10] [0m[INFO] [1783024718.946419102] [self_driving]: [CW_STAGE 2] 정지선 앞 완전 정지! elapsed=0.00s[0m
[self_driving-10] [0m[INFO] [1783024719.024659713] [self_driving]: [CW_STAGE 2] 정지선 앞 완전 정지! elapsed=0.08s[0m
[self_driving-10] [0m[INFO] [1783024719.085030027] [self_driving]: [CW_STAGE 2] 정지선 앞 완전 정지! elapsed=0.14s[0m
[self_driving-10] [0m[INFO] [1783024719.128137805] [self_driving]: [CW_CANDIDATE] name=crosswalkcx=392 y2=388 area=38610 score=0.88 [0m
[self_driving-10] [0m[INFO] [1783024719.131934676] [self_driving]: [CW_CANDIDATE] name=crosswalkcx=347 y2=215 area=2856 score=0.82 [0m
[self_driving-10] [0m[INFO] [1783024719.167589601] [self_driving]: [CW_STAGE 2] 정지선 앞 완전 정지! elapsed=0.22s[0m
[self_driving-10] [0m[INFO] [1783024719.225758564] [self_driving]: [CW_STAGE 2] 정지선 앞 완전 정지! elapsed=0.28s[0m
[self_driving-10] [0m[INFO] [1783024719.301996212] [self_driving]: [CW_STAGE 2] 정지선 앞 완전 정지! elapsed=0.36s[0m
[self_driving-10] [0m[INFO] [1783024719.359195768] [self_driving]: [IMAGE] received count=443 shape=(480, 640, 3) queue=0[0m
[self_driving-10] [0m[INFO] [1783024719.366087120] [self_driving]: [CW_STAGE 2] 정지선 앞 완전 정지! elapsed=0.42s[0m
[self_driving-10] [0m[INFO] [1783024719.418170879] [self_driving]: [CW_STAGE 2] 정지선 앞 완전 정지! elapsed=0.47s[0m
[self_driving-10] [0m[INFO] [1783024719.474484472] [self_driving]: [OBJECTS] msg_count=11 n=1 names=['right'][0m
[self_driving-10] [0m[INFO] [1783024719.476260157] [self_driving]: [RIGHT_CANDIDATE] valid=True reject=[] cnt=0 cx=77 cy=113 area=3264 score=0.83 done=False[0m
[self_driving-10] [0m[INFO] [1783024719.480703805] [self_driving]: [CW_CANDIDATE] name=crosswalkcx=353 y2=223 area=3780 score=0.83 [0m
[self_driving-10] [0m[INFO] [1783024719.504703435] [self_driving]: [CW_STAGE 2] 정지선 앞 완전 정지! elapsed=0.56s[0m
[self_driving-10] [0m[INFO] [1783024719.566537583] [self_driving]: [CW_STAGE 2] 정지선 앞 완전 정지! elapsed=0.62s[0m
[self_driving-10] [0m[INFO] [1783024719.635215046] [self_driving]: [CW_STAGE 2] 정지선 앞 완전 정지! elapsed=0.69s[0m
[self_driving-10] [0m[INFO] [1783024719.701380231] [self_driving]: [CW_STAGE 2] 정지선 앞 완전 정지! elapsed=0.76s[0m
[self_driving-10] [0m[INFO] [1783024719.765440971] [self_driving]: [CW_STAGE 2] 정지선 앞 완전 정지! elapsed=0.81s[0m
[self_driving-10] [0m[INFO] [1783024719.822599823] [self_driving]: [CW_CANDIDATE] name=crosswalkcx=364 y2=241 area=6762 score=0.88 [0m
[self_driving-10] [0m[INFO] [1783024719.834487231] [self_driving]: [RIGHT_CANDIDATE] valid=True reject=[] cnt=1 cx=18 cy=99 area=3034 score=0.82 done=False[0m
[self_driving-10] [0m[INFO] [1783024719.840923027] [self_driving]: [RIGHT_READY] cx=18 cy=99 area=3034 score=0.82[0m
[self_driving-10] [0m[INFO] [1783024719.854859768] [self_driving]: [RIGHT_TRIGGER] enter ARROW_SIGNAL lane_x=99.5 raw_lane_x=99.5 filter=stable cw_y=0 candidate={'cx': 18, 'cy': 99, 'area': 3034, 'score': 0.8199999928474426}[0m
[self_driving-10] [0m[INFO] [1783024719.857045008] [self_driving]: [1;36m[FSM] LINE_FOLLOW -> ARROW_SIGNAL[0m[0m
[self_driving-10] [0m[INFO] [1783024719.896139823] [self_driving]: [ARROW_SIGNAL] waiting elapsed=0.04/1.20 direction=right[0m
[self_driving-10] [0m[INFO] [1783024720.177873342] [self_driving]: [OBJECTS] msg_count=15 n=1 names=['crosswalk'][0m
[self_driving-10] [0m[INFO] [1783024720.181415360] [self_driving]: [CW_CANDIDATE] name=crosswalkcx=387 y2=256 area=10360 score=0.89 [0m
[self_driving-10] [0m[INFO] [1783024720.433669249] [self_driving]: [ARROW_SIGNAL] waiting elapsed=0.58/1.20 direction=right[0m
[self_driving-10] [0m[INFO] [1783024720.504824730] [self_driving]: [CW_CANDIDATE] name=crosswalkcx=387 y2=256 area=9620 score=0.90 [0m
[self_driving-10] [0m[INFO] [1783024720.814880749] [self_driving]: [OBJECTS] msg_count=17 n=1 names=['crosswalk'][0m
[self_driving-10] [0m[INFO] [1783024720.816992582] [self_driving]: [CW_CANDIDATE] name=crosswalkcx=387 y2=256 area=9620 score=0.90 [0m
[self_driving-10] [0m[INFO] [1783024720.973893397] [self_driving]: [ARROW_SIGNAL] waiting elapsed=1.12/1.20 direction=right[0m
[self_driving-10] [0m[INFO] [1783024721.105546600] [self_driving]: [ARROW_SIGNAL] done elapsed=1.25 -> INTERSECTION direction=right[0m
[self_driving-10] [0m[INFO] [1783024721.106063119] [self_driving]: [1;36m[FSM] ARROW_SIGNAL -> INTERSECTION[0m[0m
[self_driving-10] [0m[INFO] [1783024721.142699063] [self_driving]: [CW_CANDIDATE] name=crosswalkcx=386 y2=256 area=9646 score=0.90 [0m
[self_driving-10] [0m[INFO] [1783024721.363063285] [self_driving]: [IMAGE] received count=473 shape=(480, 640, 3) queue=0[0m
[self_driving-10] [0m[INFO] [1783024721.471260563] [self_driving]: [OBJECTS] msg_count=19 n=1 names=['crosswalk'][0m
[self_driving-10] [0m[INFO] [1783024721.472223100] [self_driving]: [CW_CANDIDATE] name=crosswalkcx=387 y2=256 area=9646 score=0.90 [0m
[self_driving-10] [0m[INFO] [1783024721.538958100] [self_driving]: [RIGHT_TURN] elapsed=0.43 cmd=(0.10,-0.50) lane_x=43.0[0m
[self_driving-10] [0m[INFO] [1783024721.816005100] [self_driving]: [CW_CANDIDATE] name=crosswalkcx=386 y2=256 area=9646 score=0.90 [0m
[self_driving-10] [0m[INFO] [1783024722.102192581] [self_driving]: [RIGHT_TURN] elapsed=1.00 cmd=(0.10,-0.50) lane_x=-1[0m
[self_driving-10] [0m[INFO] [1783024722.160001729] [self_driving]: [OBJECTS] msg_count=21 n=1 names=['crosswalk'][0m
[self_driving-10] [0m[INFO] [1783024722.161173100] [self_driving]: [CW_CANDIDATE] name=crosswalkcx=387 y2=256 area=9646 score=0.90 [0m
[self_driving-10] [0m[INFO] [1783024722.487426136] [self_driving]: [CW_CANDIDATE] name=crosswalkcx=326 y2=257 area=9776 score=0.87 [0m
[self_driving-10] [0m[INFO] [1783024722.641893747] [self_driving]: [RIGHT_TURN] elapsed=1.54 cmd=(0.10,-0.50) lane_x=222.0[0m
[self_driving-10] [0m[INFO] [1783024722.807674266] [self_driving]: [OBJECTS] msg_count=23 n=1 names=['crosswalk'][0m
[self_driving-10] [0m[INFO] [1783024722.810962710] [self_driving]: [CW_CANDIDATE] name=crosswalkcx=202 y2=278 area=16200 score=0.87 [0m
[self_driving-10] [0m[INFO] [1783024723.203223210] [self_driving]: [RIGHT_TURN] elapsed=2.10 cmd=(0.10,-0.50) lane_x=145.5[0m
[self_driving-10] [0m[INFO] [1783024723.390515932] [self_driving]: [IMAGE] received count=503 shape=(480, 640, 3) queue=0[0m
[self_driving-10] [0m[INFO] [1783024723.467358377] [self_driving]: [OBJECTS] msg_count=25 n=1 names=['crosswalk'][0m
[self_driving-10] [0m[INFO] [1783024723.727871691] [self_driving]: [RIGHT_TURN] elapsed=2.62 cmd=(0.10,-0.50) lane_x=62.0[0m
[self_driving-10] [0m[INFO] [1783024724.142770543] [self_driving]: [OBJECTS] msg_count=26 n=1 names=['crosswalk'][0m
[self_driving-10] [0m[INFO] [1783024724.143618543] [self_driving]: [CW_CANDIDATE] name=crosswalkcx=320 y2=480 area=138240 score=0.64 [0m
[self_driving-10] [0m[INFO] [1783024724.262028802] [self_driving]: [RIGHT_TURN] elapsed=3.15 cmd=(0.10,-0.50) lane_x=-1[0m
[self_driving-10] [0m[INFO] [1783024724.335914950] [self_driving]: straight[0m
[self_driving-10] [0m[INFO] [1783024724.402506561] [self_driving]: straight[0m
[self_driving-10] [0m[INFO] [1783024724.464102746] [self_driving]: straight[0m
[self_driving-10] [0m[INFO] [1783024724.512140950] [self_driving]: [CW_CANDIDATE] name=crosswalkcx=318 y2=480 area=115752 score=0.73 [0m
[self_driving-10] [0m[INFO] [1783024724.556921543] [self_driving]: straight[0m
[self_driving-10] [0m[INFO] [1783024724.593771950] [self_driving]: straight[0m
[self_driving-10] [0m[INFO] [1783024724.679602617] [self_driving]: straight[0m
[self_driving-10] [0m[INFO] [1783024724.734055672] [self_driving]: straight[0m
[self_driving-10] [0m[INFO] [1783024724.806309431] [self_driving]: straight[0m
[self_driving-10] [0m[INFO] [1783024724.844003246] [self_driving]: [OBJECTS] msg_count=28 n=1 names=['crosswalk'][0m
[self_driving-10] [0m[INFO] [1783024724.846528598] [self_driving]: [CW_CANDIDATE] name=crosswalkcx=282 y2=480 area=61585 score=0.76 [0m
[self_driving-10] [0m[INFO] [1783024724.888342839] [self_driving]: straight[0m
[self_driving-10] [0m[INFO] [1783024724.930227172] [self_driving]: straight[0m
[self_driving-10] [0m[INFO] [1783024724.999016431] [self_driving]: straight[0m
[self_driving-10] [0m[INFO] [1783024725.062084802] [self_driving]: straight[0m
[self_driving-10] [0m[INFO] [1783024725.140966894] [self_driving]: straight[0m
[self_driving-10] [0m[INFO] [1783024725.186791690] [self_driving]: [CW_CANDIDATE] name=crosswalkcx=339 y2=169 area=576 score=0.49 [0m
[self_driving-10] [0m[INFO] [1783024725.230872153] [self_driving]: straight[0m
[self_driving-10] [0m[INFO] [1783024725.279352635] [self_driving]: straight[0m
[self_driving-10] [0m[INFO] [1783024725.347279468] [self_driving]: straight[0m
[self_driving-10] [0m[INFO] [1783024725.389245524] [self_driving]: [IMAGE] received count=533 shape=(480, 640, 3) queue=0[0m
[self_driving-10] [0m[INFO] [1783024725.396284357] [self_driving]: straight[0m
[self_driving-10] [0m[INFO] [1783024725.481482653] [self_driving]: straight[0m
[self_driving-10] [0m[INFO] [1783024725.522383857] [self_driving]: [OBJECTS] msg_count=30 n=1 names=['park'][0m
[self_driving-10] [0m[INFO] [1783024725.548346209] [self_driving]: straight[0m
[self_driving-10] [0m[INFO] [1783024725.608838579] [self_driving]: straight[0m
[self_driving-10] [0m[INFO] [1783024725.678172968] [self_driving]: straight[0m
[self_driving-10] [0m[INFO] [1783024725.738192838] [self_driving]: straight[0m
[self_driving-10] [0m[INFO] [1783024725.801841634] [self_driving]: straight[0m
[self_driving-10] [0m[INFO] [1783024725.870211838] [self_driving]: straight[0m
[self_driving-10] [0m[INFO] [1783024725.874894079] [self_driving]: [CW_CANDIDATE] name=crosswalkcx=260 y2=170 area=545 score=0.52 [0m
[self_driving-10] [0m[INFO] [1783024725.950506764] [self_driving]: straight[0m
[self_driving-10] [0m[INFO] [1783024726.011366857] [self_driving]: straight[0m
[self_driving-10] [0m[INFO] [1783024726.069829097] [self_driving]: straight[0m
[self_driving-10] [0m[INFO] [1783024726.134080208] [self_driving]: straight[0m
[self_driving-10] [0m[INFO] [1783024726.217671560] [self_driving]: straight[0m
[self_driving-10] [0m[INFO] [1783024726.224595060] [self_driving]: [OBJECTS] msg_count=33 n=1 names=['park'][0m
[self_driving-10] [0m[INFO] [1783024726.230828005] [self_driving]: [CW_CANDIDATE] name=crosswalkcx=260 y2=170 area=404 score=0.54 [0m
[self_driving-10] [0m[INFO] [1783024726.297785042] [self_driving]: straight[0m
[self_driving-10] [0m[INFO] [1783024726.338865727] [self_driving]: straight[0m
[self_driving-10] [0m[INFO] [1783024726.419437356] [self_driving]: straight[0m
[self_driving-10] [0m[INFO] [1783024726.476996579] [self_driving]: straight[0m
[self_driving-10] [0m[INFO] [1783024726.558525430] [self_driving]: straight[0m
[self_driving-10] [0m[INFO] [1783024726.587895134] [self_driving]: [CW_CANDIDATE] name=crosswalkcx=262 y2=174 area=560 score=0.48 [0m
[self_driving-10] [0m[INFO] [1783024726.628943764] [self_driving]: straight[0m
[self_driving-10] [0m[INFO] [1783024726.680972227] [self_driving]: straight[0m
[self_driving-10] [0m[INFO] [1783024726.760882041] [self_driving]: straight[0m
[self_driving-10] [0m[INFO] [1783024726.806378671] [self_driving]: straight[0m
[self_driving-10] [0m[INFO] [1783024726.878417819] [self_driving]: straight[0m
[self_driving-10] [0m[INFO] [1783024726.939937597] [self_driving]: [OBJECTS] msg_count=37 n=1 names=['park'][0m
[self_driving-10] [0m[INFO] [1783024726.966958226] [self_driving]: straight[0m
[self_driving-10] [0m[INFO] [1783024727.021118652] [self_driving]: straight[0m
[self_driving-10] [0m[INFO] [1783024727.085182078] [self_driving]: straight[0m
[self_driving-10] [0m[INFO] [1783024727.152209319] [self_driving]: straight[0m
[self_driving-10] [0m[INFO] [1783024727.229143097] [self_driving]: straight[0m
[self_driving-10] [0m[INFO] [1783024727.313243300] [self_driving]: straight[0m
[self_driving-10] [0m[INFO] [1783024727.357066097] [self_driving]: straight[0m
[self_driving-10] [0m[INFO] [1783024727.412898541] [self_driving]: [IMAGE] received count=563 shape=(480, 640, 3) queue=0[0m
[self_driving-10] [0m[INFO] [1783024727.420063171] [self_driving]: straight[0m
[self_driving-10] [0m[INFO] [1783024727.502280319] [self_driving]: straight[0m
[self_driving-10] [0m[INFO] [1783024727.561949041] [self_driving]: straight[0m
[self_driving-10] [0m[INFO] [1783024727.612120726] [self_driving]: [OBJECTS] msg_count=40 n=1 names=['park'][0m
[self_driving-10] [0m[INFO] [1783024727.645939170] [self_driving]: straight[0m
[self_driving-10] [0m[INFO] [1783024727.709140485] [self_driving]: straight[0m
[self_driving-10] [0m[INFO] [1783024727.764098948] [self_driving]: straight[0m
[self_driving-10] [0m[INFO] [1783024727.830923967] [self_driving]: straight[0m
[self_driving-10] [0m[INFO] [1783024727.895605374] [self_driving]: straight[0m
[self_driving-10] [0m[INFO] [1783024727.963149948] [self_driving]: straight[0m
[self_driving-10] [0m[INFO] [1783024727.975016633] [self_driving]: [CW_CANDIDATE] name=crosswalkcx=251 y2=203 area=590 score=0.72 [0m
[self_driving-10] [0m[INFO] [1783024728.044616818] [self_driving]: straight[0m
[self_driving-10] [0m[INFO] [1783024728.095863337] [self_driving]: straight[0m
[self_driving-10] [0m[INFO] [1783024728.167140689] [self_driving]: straight[0m
[self_driving-10] [0m[INFO] [1783024728.231014115] [self_driving]: straight[0m
[self_driving-10] [0m[INFO] [1783024728.298235040] [self_driving]: straight[0m
[self_driving-10] [0m[INFO] [1783024728.340880559] [self_driving]: [OBJECTS] msg_count=44 n=1 names=['park'][0m
[self_driving-10] [0m[INFO] [1783024728.370565151] [self_driving]: straight[0m
[self_driving-10] [0m[INFO] [1783024728.443838948] [self_driving]: straight[0m
[self_driving-10] [0m[INFO] [1783024728.495896670] [self_driving]: straight[0m
[self_driving-10] [0m[INFO] [1783024728.567206503] [self_driving]: straight[0m
[self_driving-10] [0m[INFO] [1783024728.628730485] [self_driving]: straight[0m
[self_driving-10] [0m[INFO] [1783024728.683010429] [self_driving]: [CW_CANDIDATE] name=crosswalkcx=245 y2=178 area=834 score=0.56 [0m
[self_driving-10] [0m[INFO] [1783024728.714998355] [self_driving]: straight[0m
[self_driving-10] [0m[INFO] [1783024728.780669985] [self_driving]: straight[0m
[self_driving-10] [0m[INFO] [1783024728.837984985] [self_driving]: [RIGHT_TURN] done elapsed=7.73 lane_x=-1 -> LINE_FOLLOW. . . .[0m
[self_driving-10] [0m[INFO] [1783024728.838904077] [self_driving]: [1;36m[FSM] INTERSECTION -> LINE_FOLLOW[0m[0m
[self_driving-10] [0m[INFO] [1783024728.903421003] [self_driving]: [CROSSWALK_IGNORE] y=178 < th=180[0m
[self_driving-10] [0m[INFO] [1783024728.903928614] [self_driving]: [CW_STAGE 3] 미션 완료 -> 정상 속도 회복 및 6초 락 가동[0m
[self_driving-10] [33m[WARN] [1783024728.905908170] [self_driving]: [LANE_LOST] raw_lane_x=-1 lane_x=-1 filter=lost stop=False state=LINE_FOLLOW safe_linear=0.02 right_ready=False right_done=True[0m
[self_driving-10] [0m[INFO] [1783024728.907428744] [self_driving]: [DEBUG_DRIVE] state=LINE_FOLLOW raw_lane_x=-1 lane_x=-1 filter=lost linear=0.32 angular=0.00 cw_y=178 right_done=True start_turn=False count_turn=0 traffic=None stop=False[0m
[self_driving-10] [0m[INFO] [1783024729.021722596] [self_driving]: [OBJECTS] msg_count=48 n=1 names=['park'][0m
[self_driving-10] [0m[INFO] [1783024729.026344596] [self_driving]: [CW_CANDIDATE] name=crosswalkcx=248 y2=180 area=1008 score=0.45 [0m
[self_driving-10] [0m[INFO] [1783024729.365620503] [self_driving]: [CW_CANDIDATE] name=crosswalkcx=242 y2=170 area=1184 score=0.73 [0m
[self_driving-10] [0m[INFO] [1783024729.425464780] [self_driving]: [IMAGE] received count=593 shape=(480, 640, 3) queue=0[0m
[self_driving-10] [0m[INFO] [1783024729.435838429] [self_driving]: [CROSSWALK_IGNORE] y=170 < th=180[0m
[self_driving-10] [33m[WARN] [1783024729.438859243] [self_driving]: [LANE_LOST] raw_lane_x=-1 lane_x=-1 filter=lost stop=False state=LINE_FOLLOW safe_linear=0.02 right_ready=False right_done=True[0m
[self_driving-10] [0m[INFO] [1783024729.439389021] [self_driving]: [DEBUG_DRIVE] state=LINE_FOLLOW raw_lane_x=-1 lane_x=-1 filter=lost linear=0.32 angular=0.00 cw_y=170 right_done=True start_turn=False count_turn=0 traffic=None stop=False[0m
[self_driving-10] [33m[WARN] [1783024729.508329225] [self_driving]: [LANE_X_JUMP_REJECT] raw=314.0 last=99.5 diff=214.5 candidate=314.0 cnt=1/4[0m
[self_driving-10] [0m[INFO] [1783024729.699329058] [self_driving]: [LANE_X_JUMP_ACCEPT] raw=302.5 last=302.5 cnt=4/4[0m
[self_driving-10] [0m[INFO] [1783024729.719485003] [self_driving]: [OBJECTS] msg_count=52 n=1 names=['park'][0m
[self_driving-10] [0m[INFO] [1783024729.969962225] [self_driving]: [DEBUG_DRIVE] state=LINE_FOLLOW raw_lane_x=181.5 lane_x=181.5 filter=stable linear=0.32 angular=-0.10 cw_y=0 right_done=True start_turn=False count_turn=0 traffic=None stop=False[0m
[self_driving-10] [0m[INFO] [1783024730.053984150] [self_driving]: [CW_CANDIDATE] name=crosswalkcx=225 y2=190 area=1400 score=0.69 [0m
[self_driving-10] [33m[WARN] [1783024730.378777576] [self_driving]: [LANE_X_JUMP_REJECT] raw=116.0 last=286.0 diff=170.0 candidate=116.0 cnt=1/4[0m
[self_driving-10] [0m[INFO] [1783024730.387656706] [self_driving]: [OBJECTS] msg_count=56 n=1 names=['park'][0m
[self_driving-10] [0m[INFO] [1783024730.389984002] [self_driving]: [CW_CANDIDATE] name=crosswalkcx=188 y2=191 area=1400 score=0.56 [0m
[self_driving-10] [0m[INFO] [1783024730.470525187] [self_driving]: [DEBUG_DRIVE] state=LINE_FOLLOW raw_lane_x=200.5 lane_x=286.0 filter=jump_reject linear=0.32 angular=-0.70 cw_y=191 right_done=True start_turn=False count_turn=4 traffic=None stop=False[0m
[self_driving-10] [0m[INFO] [1783024730.974098687] [self_driving]: [DEBUG_DRIVE] state=LINE_FOLLOW raw_lane_x=224.0 lane_x=224.0 filter=stable linear=0.32 angular=-0.70 cw_y=0 right_done=True start_turn=True count_turn=6 traffic=None stop=False[0m
[self_driving-10] [33m[WARN] [1783024731.064124798] [self_driving]: [LANE_X_JUMP_REJECT] raw=132.0 last=224.0 diff=92.0 candidate=132.0 cnt=1/4[0m
[self_driving-10] [33m[WARN] [1783024731.383266816] [self_driving]: [LANE_LOST] raw_lane_x=-1 lane_x=-1 filter=lost stop=False state=LINE_FOLLOW safe_linear=0.02 right_ready=False right_done=True[0m
[self_driving-10] [0m[INFO] [1783024731.442958539] [self_driving]: [IMAGE] received count=623 shape=(480, 640, 3) queue=0[0m
[self_driving-10] [0m[INFO] [1783024731.523263409] [self_driving]: [DEBUG_DRIVE] state=LINE_FOLLOW raw_lane_x=-1 lane_x=-1 filter=lost linear=0.32 angular=0.00 cw_y=0 right_done=True start_turn=True count_turn=11 traffic=None stop=False[0m
[self_driving-10] [33m[WARN] [1783024731.991813538] [self_driving]: [LANE_X_JUMP_REJECT] raw=69.0 last=159.5 diff=90.5 candidate=69.0 cnt=1/4[0m
[self_driving-10] [0m[INFO] [1783024732.079292020] [self_driving]: [DEBUG_DRIVE] state=LINE_FOLLOW raw_lane_x=299.0 lane_x=159.5 filter=jump_reject linear=0.32 angular=0.00 cw_y=0 right_done=True start_turn=True count_turn=0 traffic=None stop=False[0m
[self_driving-10] [0m[INFO] [1783024732.594670205] [self_driving]: [DEBUG_DRIVE] state=LINE_FOLLOW raw_lane_x=-1 lane_x=142.5 filter=hold_last linear=0.32 angular=0.00 cw_y=0 right_done=True start_turn=True count_turn=0 traffic=None stop=False[0m
[self_driving-10] [33m[WARN] [1783024732.806960093] [self_driving]: [LANE_LOST] raw_lane_x=-1 lane_x=-1 filter=lost stop=False state=LINE_FOLLOW safe_linear=0.02 right_ready=False right_done=True[0m
[self_driving-10] [0m[INFO] [1783024733.142077519] [self_driving]: [DEBUG_DRIVE] state=LINE_FOLLOW raw_lane_x=-1 lane_x=-1 filter=lost linear=0.32 angular=0.00 cw_y=0 right_done=True start_turn=True count_turn=0 traffic=None stop=False[0m
[self_driving-10] [33m[WARN] [1783024733.324357926] [self_driving]: [LANE_LOST] raw_lane_x=-1 lane_x=-1 filter=lost stop=False state=LINE_FOLLOW safe_linear=0.02 right_ready=False right_done=True[0m
[self_driving-10] [0m[INFO] [1783024733.472567834] [self_driving]: [IMAGE] received count=653 shape=(480, 640, 3) queue=0[0m
[self_driving-10] [0m[INFO] [1783024733.671844315] [self_driving]: [DEBUG_DRIVE] state=LINE_FOLLOW raw_lane_x=-1 lane_x=-1 filter=lost linear=0.32 angular=0.00 cw_y=0 right_done=True start_turn=True count_turn=0 traffic=None stop=False[0m
[self_driving-10] [0m[INFO] [1783024734.217441352] [self_driving]: [DEBUG_DRIVE] state=LINE_FOLLOW raw_lane_x=159.5 lane_x=159.5 filter=stable linear=0.32 angular=0.00 cw_y=0 right_done=True start_turn=True count_turn=0 traffic=None stop=False[0m
[self_driving-10] [33m[WARN] [1783024734.532821537] [self_driving]: [LANE_X_JUMP_REJECT] raw=159.5 last=266.0 diff=106.5 candidate=159.5 cnt=1/4[0m
[self_driving-10] [0m[INFO] [1783024734.751903018] [self_driving]: [DEBUG_DRIVE] state=LINE_FOLLOW raw_lane_x=187.5 lane_x=187.5 filter=stable linear=0.32 angular=-0.10 cw_y=0 right_done=True start_turn=False count_turn=0 traffic=None stop=False[0m
[self_driving-10] [0m[INFO] [1783024735.275648944] [self_driving]: [DEBUG_DRIVE] state=LINE_FOLLOW raw_lane_x=-1 lane_x=297.0 filter=hold_last linear=0.32 angular=-0.70 cw_y=0 right_done=True start_turn=False count_turn=4 traffic=None stop=False[0m
[self_driving-10] [0m[INFO] [1783024735.475709221] [self_driving]: [IMAGE] received count=683 shape=(480, 640, 3) queue=0[0m
[self_driving-10] [33m[WARN] [1783024735.560323425] [self_driving]: [LANE_LOST] raw_lane_x=-1 lane_x=-1 filter=lost stop=False state=LINE_FOLLOW safe_linear=0.02 right_ready=False right_done=True[0m
[self_driving-10] [0m[INFO] [1783024735.815753258] [self_driving]: [DEBUG_DRIVE] state=LINE_FOLLOW raw_lane_x=-1 lane_x=-1 filter=lost linear=0.32 angular=0.00 cw_y=0 right_done=True start_turn=True count_turn=1 traffic=None stop=False[0m
[self_driving-10] [33m[WARN] [1783024736.108526702] [self_driving]: [LANE_LOST] raw_lane_x=-1 lane_x=-1 filter=lost stop=False state=LINE_FOLLOW safe_linear=0.02 right_ready=False right_done=True[0m
[self_driving-10] [0m[INFO] [1783024736.359318795] [self_driving]: [DEBUG_DRIVE] state=LINE_FOLLOW raw_lane_x=-1 lane_x=-1 filter=lost linear=0.32 angular=0.00 cw_y=0 right_done=True start_turn=True count_turn=1 traffic=None stop=False[0m
[self_driving-10] [33m[WARN] [1783024736.632910813] [self_driving]: [LANE_LOST] raw_lane_x=-1 lane_x=-1 filter=lost stop=False state=LINE_FOLLOW safe_linear=0.02 right_ready=False right_done=True[0m
[self_driving-10] [0m[INFO] [1783024736.894330665] [self_driving]: [DEBUG_DRIVE] state=LINE_FOLLOW raw_lane_x=296.0 lane_x=296.0 filter=stable linear=0.32 angular=-0.70 cw_y=0 right_done=True start_turn=True count_turn=3 traffic=None stop=False[0m
[self_driving-10] [0m[INFO] [1783024737.391405183] [self_driving]: [OBJECTS] msg_count=60 n=1 names=['go'][0m
[self_driving-10] [0m[INFO] [1783024737.455179998] [self_driving]: [DEBUG_DRIVE] state=LINE_FOLLOW raw_lane_x=159.5 lane_x=159.5 filter=stable linear=0.32 angular=0.00 cw_y=0 right_done=True start_turn=True count_turn=0 traffic=None stop=False[0m
[self_driving-10] [0m[INFO] [1783024737.493556109] [self_driving]: [IMAGE] received count=713 shape=(480, 640, 3) queue=0[0m
[self_driving-10] [0m[INFO] [1783024737.980120849] [self_driving]: [DEBUG_DRIVE] state=LINE_FOLLOW raw_lane_x=108.5 lane_x=108.5 filter=stable linear=0.32 angular=0.00 cw_y=0 right_done=True start_turn=True count_turn=0 traffic=None stop=False[0m
[self_driving-10] [0m[INFO] [1783024738.065646590] [self_driving]: [OBJECTS] msg_count=63 n=1 names=['crosswalk'][0m
[self_driving-10] [0m[INFO] [1783024738.398397942] [self_driving]: [CW_CANDIDATE] name=crosswalkcx=434 y2=322 area=23016 score=0.91 [0m
[self_driving-10] [0m[INFO] [1783024738.519551090] [self_driving]: [DEBUG_DRIVE] state=LINE_FOLLOW raw_lane_x=94.0 lane_x=94.0 filter=stable linear=0.32 angular=0.00 cw_y=0 right_done=True start_turn=True count_turn=0 traffic=None stop=False[0m
[self_driving-10] [0m[INFO] [1783024738.728162405] [self_driving]: [OBJECTS] msg_count=66 n=1 names=['crosswalk'][0m
[self_driving-10] [0m[INFO] [1783024738.728701719] [self_driving]: [CW_CANDIDATE] name=crosswalkcx=408 y2=400 area=43522 score=0.89 [0m
[self_driving-10] [0m[INFO] [1783024739.046132997] [self_driving]: [DEBUG_DRIVE] state=LINE_FOLLOW raw_lane_x=77.5 lane_x=77.5 filter=stable linear=0.32 angular=0.00 cw_y=0 right_done=True start_turn=True count_turn=0 traffic=None stop=False[0m
[self_driving-10] [0m[INFO] [1783024739.087331941] [self_driving]: [CW_CANDIDATE] name=crosswalkcx=373 y2=480 area=50196 score=0.93 [0m
[self_driving-10] [0m[INFO] [1783024739.243119330] [self_driving]: [CROSSWALK_SLOW] y=480 th=180 confirm=3[0m
[self_driving-10] [0m[INFO] [1783024739.244838052] [self_driving]: [CW_STAGE 2] 정지선 앞 완전 정지! elapsed=0.00s[0m
[self_driving-10] [0m[INFO] [1783024739.316685997] [self_driving]: [CW_STAGE 2] 정지선 앞 완전 정지! elapsed=0.07s[0m
[self_driving-10] [0m[INFO] [1783024739.384153663] [self_driving]: [CW_STAGE 2] 정지선 앞 완전 정지! elapsed=0.14s[0m
[self_driving-10] [0m[INFO] [1783024739.463022349] [self_driving]: [CW_STAGE 2] 정지선 앞 완전 정지! elapsed=0.22s[0m
[self_driving-10] [0m[INFO] [1783024739.503206182] [self_driving]: [IMAGE] received count=743 shape=(480, 640, 3) queue=0[0m
[self_driving-10] [0m[INFO] [1783024739.512826552] [self_driving]: [CW_STAGE 2] 정지선 앞 완전 정지! elapsed=0.27s[0m
[self_driving-10] [0m[INFO] [1783024739.578482071] [self_driving]: [CW_STAGE 2] 정지선 앞 완전 정지! elapsed=0.33s[0m
[self_driving-10] [0m[INFO] [1783024739.647538460] [self_driving]: [CW_STAGE 2] 정지선 앞 완전 정지! elapsed=0.40s[0m
[self_driving-10] [0m[INFO] [1783024739.721829422] [self_driving]: [CW_STAGE 2] 정지선 앞 완전 정지! elapsed=0.48s[0m
[self_driving-10] [0m[INFO] [1783024739.793298997] [self_driving]: [CW_STAGE 2] 정지선 앞 완전 정지! elapsed=0.55s[0m
[self_driving-10] [0m[INFO] [1783024739.854245682] [self_driving]: [CW_STAGE 2] 정지선 앞 완전 정지! elapsed=0.61s[0m
[self_driving-10] [0m[INFO] [1783024739.920734293] [self_driving]: [CW_STAGE 2] 정지선 앞 완전 정지! elapsed=0.68s[0m
[self_driving-10] [0m[INFO] [1783024739.988973182] [self_driving]: [CW_STAGE 2] 정지선 앞 완전 정지! elapsed=0.75s[0m
[self_driving-10] [0m[INFO] [1783024740.054283237] [self_driving]: [CW_STAGE 2] 정지선 앞 완전 정지! elapsed=0.81s[0m
[self_driving-10] [0m[INFO] [1783024740.139546070] [self_driving]: [CW_STAGE 2] 정지선 앞 완전 정지! elapsed=0.89s[0m
[self_driving-10] [0m[INFO] [1783024740.196404033] [self_driving]: [CW_STAGE 2] 정지선 앞 완전 정지! elapsed=0.95s[0m
[self_driving-10] [0m[INFO] [1783024740.257338681] [self_driving]: [CW_STAGE 2] 정지선 앞 완전 정지! elapsed=1.01s[0m
[self_driving-10] [0m[INFO] [1783024740.330405181] [self_driving]: [CW_STAGE 2] 정지선 앞 완전 정지! elapsed=1.09s[0m
[self_driving-10] [0m[INFO] [1783024740.398120848] [self_driving]: [CW_STAGE 2] 정지선 앞 완전 정지! elapsed=1.15s[0m
[self_driving-10] [0m[INFO] [1783024740.474205626] [self_driving]: [CW_STAGE 2] 정지선 앞 완전 정지! elapsed=1.23s[0m
[self_driving-10] [0m[INFO] [1783024740.539636941] [self_driving]: [CW_STAGE 2] 정지선 앞 완전 정지! elapsed=1.30s[0m
[self_driving-10] [0m[INFO] [1783024740.595236996] [self_driving]: [CW_STAGE 2] 정지선 앞 완전 정지! elapsed=1.35s[0m
[self_driving-10] [0m[INFO] [1783024740.666172107] [self_driving]: [CW_STAGE 3] 미션 완료 -> 정상 속도 회복 및 6초 락 가동[0m
[self_driving-10] [0m[INFO] [1783024740.666845033] [self_driving]: [DEBUG_DRIVE] state=LINE_FOLLOW raw_lane_x=65.5 lane_x=65.5 filter=stable linear=0.32 angular=0.10 cw_y=480 right_done=True start_turn=False count_turn=0 traffic=None stop=False[0m
[self_driving-10] [0m[INFO] [1783024741.104465070] [self_driving]: [OBJECTS] msg_count=69 n=1 names=['crosswalk'][0m
[self_driving-10] [0m[INFO] [1783024741.207284199] [self_driving]: [DEBUG_DRIVE] state=LINE_FOLLOW raw_lane_x=94.0 lane_x=94.0 filter=stable linear=0.32 angular=0.10 cw_y=0 right_done=True start_turn=False count_turn=0 traffic=None stop=False[0m
[self_driving-10] [0m[INFO] [1783024741.528560458] [self_driving]: [IMAGE] received count=773 shape=(480, 640, 3) queue=0[0m
[self_driving-10] [0m[INFO] [1783024741.744476551] [self_driving]: [DEBUG_DRIVE] state=LINE_FOLLOW raw_lane_x=255.5 lane_x=255.5 filter=stable linear=0.32 angular=-0.70 cw_y=0 right_done=True start_turn=False count_turn=2 traffic=None stop=False[0m
[self_driving-10] [0m[INFO] [1783024741.760917421] [self_driving]: [OBJECTS] msg_count=71 n=1 names=['crosswalk'][0m
[self_driving-10] [33m[WARN] [1783024741.827653866] [self_driving]: [LANE_X_JUMP_REJECT] raw=87.0 last=255.5 diff=168.5 candidate=87.0 cnt=1/4[0m
[self_driving-10] [0m[INFO] [1783024742.282763514] [self_driving]: [DEBUG_DRIVE] state=LINE_FOLLOW raw_lane_x=159.5 lane_x=284.0 filter=jump_reject linear=0.32 angular=-0.70 cw_y=0 right_done=True start_turn=True count_turn=3 traffic=None stop=False[0m
[self_driving-10] [33m[WARN] [1783024742.343203939] [self_driving]: [LANE_X_JUMP_REJECT] raw=187.5 last=284.0 diff=96.5 candidate=159.5 cnt=2/4[0m
[self_driving-10] [0m[INFO] [1783024742.809057550] [self_driving]: [DEBUG_DRIVE] state=LINE_FOLLOW raw_lane_x=-1 lane_x=307.0 filter=hold_last linear=0.32 angular=-0.70 cw_y=0 right_done=True start_turn=True count_turn=11 traffic=None stop=False[0m
[self_driving-10] [33m[WARN] [1783024742.942981124] [self_driving]: [LANE_LOST] raw_lane_x=-1 lane_x=-1 filter=lost stop=False state=LINE_FOLLOW safe_linear=0.02 right_ready=False right_done=True[0m
[self_driving-10] [0m[INFO] [1783024743.341155217] [self_driving]: [DEBUG_DRIVE] state=LINE_FOLLOW raw_lane_x=-1 lane_x=-1 filter=lost linear=0.32 angular=0.00 cw_y=0 right_done=True start_turn=True count_turn=12 traffic=None stop=False[0m
[self_driving-10] [33m[WARN] [1783024743.481501439] [self_driving]: [LANE_LOST] raw_lane_x=-1 lane_x=-1 filter=lost stop=False state=LINE_FOLLOW safe_linear=0.02 right_ready=False right_done=True[0m
[self_driving-10] [0m[INFO] [1783024743.546576013] [self_driving]: [IMAGE] received count=803 shape=(480, 640, 3) queue=0[0m
[self_driving-10] [0m[INFO] [1783024743.879463642] [self_driving]: [DEBUG_DRIVE] state=LINE_FOLLOW raw_lane_x=294.0 lane_x=294.0 filter=stable linear=0.32 angular=-0.70 cw_y=0 right_done=True start_turn=True count_turn=15 traffic=None stop=False[0m
[self_driving-10] [0m[INFO] [1783024744.435900272] [self_driving]: [DEBUG_DRIVE] state=LINE_FOLLOW raw_lane_x=184.5 lane_x=184.5 filter=stable linear=0.32 angular=0.00 cw_y=0 right_done=True start_turn=True count_turn=0 traffic=None stop=False[0m
[self_driving-10] [0m[INFO] [1783024744.701466086] [self_driving]: [OBJECTS] msg_count=72 n=1 names=['crosswalk'][0m
[self_driving-10] [0m[INFO] [1783024744.966445086] [self_driving]: [DEBUG_DRIVE] state=LINE_FOLLOW raw_lane_x=142.5 lane_x=142.5 filter=stable linear=0.32 angular=0.00 cw_y=0 right_done=True start_turn=True count_turn=0 traffic=None stop=False[0m
[self_driving-10] [0m[INFO] [1783024745.367139197] [self_driving]: [OBJECTS] msg_count=74 n=1 names=['crosswalk'][0m
[self_driving-10] [0m[INFO] [1783024745.367681530] [self_driving]: [CW_CANDIDATE] name=crosswalkcx=438 y2=236 area=6180 score=0.86 [0m
[self_driving-10] [0m[INFO] [1783024745.370663197] [self_driving]: [CW_CANDIDATE] name=crosswalkcx=381 y2=192 area=1328 score=0.61 [0m
[self_driving-10] [0m[INFO] [1783024745.509953493] [self_driving]: [DEBUG_DRIVE] state=LINE_FOLLOW raw_lane_x=134.5 lane_x=134.5 filter=stable linear=0.32 angular=0.00 cw_y=192 right_done=True start_turn=True count_turn=0 traffic=None stop=False[0m
[self_driving-10] [0m[INFO] [1783024745.554419530] [self_driving]: [IMAGE] received count=833 shape=(480, 640, 3) queue=0[0m
[self_driving-10] [0m[INFO] [1783024745.700222030] [self_driving]: [CW_CANDIDATE] name=crosswalkcx=428 y2=255 area=9256 score=0.87 [0m
[self_driving-10] [0m[INFO] [1783024745.707140808] [self_driving]: [CW_CANDIDATE] name=crosswalkcx=361 y2=196 area=1593 score=0.76 [0m
[self_driving-10] [0m[INFO] [1783024746.036727178] [self_driving]: [DEBUG_DRIVE] state=LINE_FOLLOW raw_lane_x=148.0 lane_x=148.0 filter=stable linear=0.32 angular=-0.10 cw_y=196 right_done=True start_turn=False count_turn=0 traffic=None stop=False[0m
[self_driving-10] [0m[INFO] [1783024746.050151808] [self_driving]: [OBJECTS] msg_count=78 n=1 names=['crosswalk'][0m
[self_driving-10] [0m[INFO] [1783024746.050659734] [self_driving]: [CW_CANDIDATE] name=crosswalkcx=433 y2=284 area=15352 score=0.89 [0m
[self_driving-10] [0m[INFO] [1783024746.053455196] [self_driving]: [RIGHT_CANDIDATE] valid=False reject=['small_area', 'right_done'] cnt=0 cx=179 cy=121 area=1408 score=0.86 done=True[0m
[self_driving-10] [0m[INFO] [1783024746.059413715] [self_driving]: [CW_CANDIDATE] name=crosswalkcx=365 y2=202 area=2189 score=0.79 [0m
[self_driving-10] [0m[INFO] [1783024746.381488881] [self_driving]: [CW_CANDIDATE] name=crosswalkcx=419 y2=333 area=22932 score=0.90 [0m
[self_driving-10] [0m[INFO] [1783024746.383172085] [self_driving]: [RIGHT_CANDIDATE] valid=False reject=['small_area', 'right_done'] cnt=0 cx=154 cy=120 area=1715 score=0.88 done=True[0m
[self_driving-10] [0m[INFO] [1783024746.386871641] [self_driving]: [CW_CANDIDATE] name=crosswalkcx=370 y2=210 area=2724 score=0.83 [0m
[self_driving-10] [0m[INFO] [1783024746.588485548] [self_driving]: [DEBUG_DRIVE] state=LINE_FOLLOW raw_lane_x=130.0 lane_x=130.0 filter=stable linear=0.32 angular=-0.10 cw_y=210 right_done=True start_turn=False count_turn=0 traffic=None stop=False[0m
[self_driving-10] [0m[INFO] [1783024746.731693048] [self_driving]: [OBJECTS] msg_count=84 n=1 names=['right'][0m
[self_driving-10] [0m[INFO] [1783024746.732600715] [self_driving]: [RIGHT_CANDIDATE] valid=True reject=['right_done'] cnt=0 cx=127 cy=114 area=2552 score=0.84 done=True[0m
[self_driving-10] [0m[INFO] [1783024746.735477678] [self_driving]: [CW_CANDIDATE] name=crosswalkcx=379 y2=217 area=3237 score=0.83 [0m
[self_driving-10] [0m[INFO] [1783024747.062477288] [self_driving]: [RIGHT_CANDIDATE] valid=True reject=['right_done'] cnt=0 cx=84 cy=109 area=3960 score=0.86 done=True[0m
[self_driving-10] [0m[INFO] [1783024747.064593881] [self_driving]: [CW_CANDIDATE] name=crosswalkcx=388 y2=232 area=5310 score=0.84 [0m
[self_driving-10] [0m[INFO] [1783024747.071095344] [self_driving]: [CW_CANDIDATE] name=crosswalkcx=352 y2=480 area=33925 score=0.81 [0m
[self_driving-10] [0m[INFO] [1783024747.122944900] [self_driving]: [DEBUG_DRIVE] state=LINE_FOLLOW raw_lane_x=126.5 lane_x=126.5 filter=stable linear=0.32 angular=0.10 cw_y=480 right_done=True start_turn=False count_turn=0 traffic=None stop=False[0m
[self_driving-10] [0m[INFO] [1783024747.410634751] [self_driving]: [OBJECTS] msg_count=89 n=1 names=['crosswalk'][0m
[self_driving-10] [0m[INFO] [1783024747.411890751] [self_driving]: [CW_CANDIDATE] name=crosswalkcx=403 y2=248 area=9207 score=0.90 [0m
[self_driving-10] [0m[INFO] [1783024747.417778325] [self_driving]: [RIGHT_CANDIDATE] valid=True reject=['right_done'] cnt=0 cx=28 cy=94 area=5096 score=0.83 done=True[0m
[self_driving-10] [0m[INFO] [1783024747.582850103] [self_driving]: [IMAGE] received count=863 shape=(480, 640, 3) queue=0[0m
[self_driving-10] [0m[INFO] [1783024747.648492159] [self_driving]: [DEBUG_DRIVE] state=LINE_FOLLOW raw_lane_x=123.0 lane_x=123.0 filter=stable linear=0.32 angular=0.10 cw_y=0 right_done=True start_turn=False count_turn=0 traffic=None stop=False[0m
[self_driving-10] [0m[INFO] [1783024747.759212307] [self_driving]: [CW_CANDIDATE] name=crosswalkcx=423 y2=271 area=14420 score=0.91 [0m
[self_driving-10] [0m[INFO] [1783024748.089111825] [self_driving]: [OBJECTS] msg_count=92 n=1 names=['crosswalk'][0m
[self_driving-10] [0m[INFO] [1783024748.091483936] [self_driving]: [CW_CANDIDATE] name=crosswalkcx=415 y2=308 area=22500 score=0.92 [0m
[self_driving-10] [0m[INFO] [1783024748.189538825] [self_driving]: [DEBUG_DRIVE] state=LINE_FOLLOW raw_lane_x=131.0 lane_x=131.0 filter=stable linear=0.32 angular=0.10 cw_y=308 right_done=True start_turn=False count_turn=0 traffic=None stop=False[0m
[self_driving-10] [0m[INFO] [1783024748.311288269] [self_driving]: [CROSSWALK_SLOW] y=308 th=180 confirm=3[0m
[self_driving-10] [0m[INFO] [1783024748.312316862] [self_driving]: [CW_STAGE 2] 정지선 앞 완전 정지! elapsed=0.00s[0m
[self_driving-10] [0m[INFO] [1783024748.389773417] [self_driving]: [CW_STAGE 2] 정지선 앞 완전 정지! elapsed=0.08s[0m
[self_driving-10] [0m[INFO] [1783024748.412552936] [self_driving]: [CW_CANDIDATE] name=crosswalkcx=391 y2=374 area=39342 score=0.92 [0m
[self_driving-10] [0m[INFO] [1783024748.471823288] [self_driving]: [CW_STAGE 2] 정지선 앞 완전 정지! elapsed=0.16s[0m
[self_driving-10] [0m[INFO] [1783024748.524219880] [self_driving]: [CW_STAGE 2] 정지선 앞 완전 정지! elapsed=0.21s[0m
[self_driving-10] [0m[INFO] [1783024748.597606547] [self_driving]: [CW_STAGE 2] 정지선 앞 완전 정지! elapsed=0.29s[0m
[self_driving-10] [0m[INFO] [1783024748.653221862] [self_driving]: [CW_STAGE 2] 정지선 앞 완전 정지! elapsed=0.34s[0m
[self_driving-10] [0m[INFO] [1783024748.722349806] [self_driving]: [CW_STAGE 2] 정지선 앞 완전 정지! elapsed=0.41s[0m
[self_driving-10] [0m[INFO] [1783024748.759551195] [self_driving]: [OBJECTS] msg_count=94 n=1 names=['crosswalk'][0m
[self_driving-10] [0m[INFO] [1783024748.760657565] [self_driving]: [CW_CANDIDATE] name=crosswalkcx=332 y2=480 area=73185 score=0.93 [0m
[self_driving-10] [0m[INFO] [1783024748.807629917] [self_driving]: [CW_STAGE 2] 정지선 앞 완전 정지! elapsed=0.49s[0m
[self_driving-10] [0m[INFO] [1783024748.858747287] [self_driving]: [CW_STAGE 2] 정지선 앞 완전 정지! elapsed=0.54s[0m
[self_driving-10] [0m[INFO] [1783024748.917225343] [self_driving]: [CW_STAGE 2] 정지선 앞 완전 정지! elapsed=0.60s[0m
[self_driving-10] [0m[INFO] [1783024748.985104861] [self_driving]: [CW_STAGE 2] 정지선 앞 완전 정지! elapsed=0.67s[0m
[self_driving-10] [0m[INFO] [1783024749.064571139] [self_driving]: [CW_STAGE 2] 정지선 앞 완전 정지! elapsed=0.75s[0m
[self_driving-10] [0m[INFO] [1783024749.143565528] [self_driving]: [CW_STAGE 2] 정지선 앞 완전 정지! elapsed=0.83s[0m
[self_driving-10] [0m[INFO] [1783024749.191786954] [self_driving]: [CW_STAGE 2] 정지선 앞 완전 정지! elapsed=0.88s[0m
[self_driving-10] [0m[INFO] [1783024749.257747621] [self_driving]: [CW_STAGE 2] 정지선 앞 완전 정지! elapsed=0.95s[0m
[self_driving-10] [0m[INFO] [1783024749.330092435] [self_driving]: [CW_STAGE 2] 정지선 앞 완전 정지! elapsed=1.02s[0m
[self_driving-10] [0m[INFO] [1783024749.398051046] [self_driving]: [CW_STAGE 2] 정지선 앞 완전 정지! elapsed=1.09s[0m
[self_driving-10] [0m[INFO] [1783024749.458334176] [self_driving]: [CW_STAGE 2] 정지선 앞 완전 정지! elapsed=1.15s[0m
[self_driving-10] [0m[INFO] [1783024749.544199009] [self_driving]: [CW_STAGE 2] 정지선 앞 완전 정지! elapsed=1.23s[0m
[self_driving-10] [0m[INFO] [1783024749.587089194] [self_driving]: [IMAGE] received count=893 shape=(480, 640, 3) queue=0[0m
[self_driving-10] [0m[INFO] [1783024749.599242454] [self_driving]: [CW_STAGE 2] 정지선 앞 완전 정지! elapsed=1.29s[0m
[self_driving-10] [0m[INFO] [1783024749.672037268] [self_driving]: [CW_STAGE 2] 정지선 앞 완전 정지! elapsed=1.36s[0m
[self_driving-10] [0m[INFO] [1783024749.728916787] [self_driving]: [CW_STAGE 3] 미션 완료 -> 정상 속도 회복 및 6초 락 가동[0m
[self_driving-10] [0m[INFO] [1783024749.730944917] [self_driving]: [DEBUG_DRIVE] state=LINE_FOLLOW raw_lane_x=138.0 lane_x=138.0 filter=stable linear=0.32 angular=-0.10 cw_y=480 right_done=True start_turn=False count_turn=0 traffic=None stop=False[0m
[self_driving-10] [0m[INFO] [1783024750.280251509] [self_driving]: [DEBUG_DRIVE] state=LINE_FOLLOW raw_lane_x=123.5 lane_x=123.5 filter=stable linear=0.32 angular=0.10 cw_y=480 right_done=True start_turn=False count_turn=0 traffic=None stop=False[0m
[self_driving-10] [0m[INFO] [1783024750.809815305] [self_driving]: [DEBUG_DRIVE] state=LINE_FOLLOW raw_lane_x=129.5 lane_x=129.5 filter=stable linear=0.32 angular=0.10 cw_y=480 right_done=True start_turn=False count_turn=0 traffic=None stop=False[0m
[self_driving-10] [0m[INFO] [1783024751.339179619] [self_driving]: [DEBUG_DRIVE] state=LINE_FOLLOW raw_lane_x=210.0 lane_x=210.0 filter=stable linear=0.32 angular=-0.10 cw_y=480 right_done=True start_turn=False count_turn=0 traffic=None stop=False[0m
[self_driving-10] [0m[INFO] [1783024751.611054823] [self_driving]: [IMAGE] received count=923 shape=(480, 640, 3) queue=0[0m
[self_driving-10] [33m[WARN] [1783024751.742536434] [self_driving]: [LANE_X_JUMP_REJECT] raw=74.5 last=254.0 diff=179.5 candidate=74.5 cnt=1/4[0m
[self_driving-10] [0m[INFO] [1783024751.903960471] [self_driving]: [DEBUG_DRIVE] state=LINE_FOLLOW raw_lane_x=152.0 lane_x=254.0 filter=jump_reject linear=0.32 angular=-0.70 cw_y=480 right_done=True start_turn=True count_turn=1 traffic=None stop=False[0m
[self_driving-10] [33m[WARN] [1783024752.344533563] [self_driving]: [LANE_X_JUMP_REJECT] raw=194.5 last=306.0 diff=111.5 candidate=194.5 cnt=1/4[0m
[self_driving-10] [0m[INFO] [1783024752.412530748] [self_driving]: [DEBUG_DRIVE] state=LINE_FOLLOW raw_lane_x=229.0 lane_x=229.0 filter=stable linear=0.32 angular=-0.70 cw_y=480 right_done=True start_turn=True count_turn=5 traffic=None stop=False[0m
[self_driving-10] [0m[INFO] [1783024752.948676674] [self_driving]: [DEBUG_DRIVE] state=LINE_FOLLOW raw_lane_x=-1 lane_x=307.0 filter=hold_last linear=0.32 angular=-0.70 cw_y=480 right_done=True start_turn=True count_turn=13 traffic=None stop=False[0m
[self_driving-10] [33m[WARN] [1783024753.102353266] [self_driving]: [LANE_LOST] raw_lane_x=-1 lane_x=-1 filter=lost stop=False state=LINE_FOLLOW safe_linear=0.02 right_ready=False right_done=True[0m
[self_driving-10] [0m[INFO] [1783024753.490227266] [self_driving]: [DEBUG_DRIVE] state=LINE_FOLLOW raw_lane_x=285.0 lane_x=285.0 filter=stable linear=0.32 angular=-0.70 cw_y=480 right_done=True start_turn=True count_turn=19 traffic=None stop=False[0m
[self_driving-10] [0m[INFO] [1783024753.625936099] [self_driving]: [IMAGE] received count=953 shape=(480, 640, 3) queue=0[0m
[self_driving-10] [0m[INFO] [1783024754.036303136] [self_driving]: [DEBUG_DRIVE] state=LINE_FOLLOW raw_lane_x=218.5 lane_x=218.5 filter=stable linear=0.32 angular=0.00 cw_y=480 right_done=True start_turn=True count_turn=0 traffic=None stop=False[0m
[self_driving-10] [0m[INFO] [1783024754.526650266] [self_driving]: [OBJECTS] msg_count=95 n=1 names=['crosswalk'][0m
[self_driving-10] [0m[INFO] [1783024754.576962303] [self_driving]: [DEBUG_DRIVE] state=LINE_FOLLOW raw_lane_x=127.5 lane_x=127.5 filter=stable linear=0.32 angular=0.00 cw_y=0 right_done=True start_turn=True count_turn=0 traffic=None stop=False[0m
[self_driving-10] [0m[INFO] [1783024755.109118191] [self_driving]: [DEBUG_DRIVE] state=LINE_FOLLOW raw_lane_x=112.5 lane_x=112.5 filter=stable linear=0.32 angular=0.00 cw_y=0 right_done=True start_turn=True count_turn=0 traffic=None stop=False[0m
[self_driving-10] [0m[INFO] [1783024755.203739173] [self_driving]: [OBJECTS] msg_count=97 n=1 names=['crosswalk'][0m
[self_driving-10] [0m[INFO] [1783024755.205001561] [self_driving]: [CW_CANDIDATE] name=crosswalkcx=381 y2=226 area=4573 score=0.84 [0m
[self_driving-10] [0m[INFO] [1783024755.211764876] [self_driving]: [CW_CANDIDATE] name=crosswalkcx=333 y2=186 area=1350 score=0.76 [0m
[self_driving-10] [0m[INFO] [1783024755.547980524] [self_driving]: [CW_CANDIDATE] name=crosswalkcx=389 y2=233 area=5624 score=0.81 [0m
[self_driving-10] [0m[INFO] [1783024755.558802857] [self_driving]: [CW_CANDIDATE] name=crosswalkcx=333 y2=187 area=1296 score=0.76 [0m
[self_driving-10] [0m[INFO] [1783024755.632185783] [self_driving]: [IMAGE] received count=983 shape=(480, 640, 3) queue=0[0m
[self_driving-10] [0m[INFO] [1783024755.640980487] [self_driving]: [DEBUG_DRIVE] state=LINE_FOLLOW raw_lane_x=94.5 lane_x=94.5 filter=stable linear=0.32 angular=0.00 cw_y=187 right_done=True start_turn=True count_turn=0 traffic=None stop=False[0m
[self_driving-10] [0m[INFO] [1783024755.888243820] [self_driving]: [OBJECTS] msg_count=101 n=1 names=['crosswalk'][0m
[self_driving-10] [0m[INFO] [1783024755.888756413] [self_driving]: [CW_CANDIDATE] name=crosswalkcx=406 y2=254 area=9025 score=0.86 [0m
[self_driving-10] [0m[INFO] [1783024755.894280135] [self_driving]: [CW_CANDIDATE] name=crosswalkcx=337 y2=193 area=1416 score=0.76 [0m
[self_driving-10] [0m[INFO] [1783024756.184199302] [self_driving]: [DEBUG_DRIVE] state=LINE_FOLLOW raw_lane_x=85.0 lane_x=85.0 filter=stable linear=0.32 angular=0.10 cw_y=193 right_done=True start_turn=False count_turn=0 traffic=None stop=False[0m
[self_driving-10] [0m[INFO] [1783024756.224058727] [self_driving]: [CW_CANDIDATE] name=crosswalkcx=418 y2=281 area=14025 score=0.89 [0m
[self_driving-10] [0m[INFO] [1783024756.235457227] [self_driving]: [CW_CANDIDATE] name=crosswalkcx=340 y2=199 area=1576 score=0.74 [0m
[self_driving-10] [0m[INFO] [1783024756.559993246] [self_driving]: [OBJECTS] msg_count=105 n=1 names=['crosswalk'][0m
[self_driving-10] [0m[INFO] [1783024756.566942746] [self_driving]: [CW_CANDIDATE] name=crosswalkcx=342 y2=206 area=2007 score=0.79 [0m
[self_driving-10] [0m[INFO] [1783024756.724604894] [self_driving]: [DEBUG_DRIVE] state=LINE_FOLLOW raw_lane_x=102.5 lane_x=102.5 filter=stable linear=0.32 angular=0.10 cw_y=206 right_done=True start_turn=False count_turn=0 traffic=None stop=False[0m
[self_driving-10] [0m[INFO] [1783024756.888316986] [self_driving]: [CW_CANDIDATE] name=crosswalkcx=362 y2=415 area=47730 score=0.85 [0m
[self_driving-10] [0m[INFO] [1783024756.890977672] [self_driving]: [CW_CANDIDATE] name=crosswalkcx=344 y2=216 area=2739 score=0.77 [0m
[self_driving-10] [33m[WARN] [1783024757.057551745] [self_driving]: [LANE_X_JUMP_REJECT] raw=286.5 last=181.5 diff=105.0 candidate=286.5 cnt=1/4[0m
[self_driving-10] [0m[INFO] [1783024757.226831301] [self_driving]: [OBJECTS] msg_count=109 n=1 names=['crosswalk'][0m
[self_driving-10] [0m[INFO] [1783024757.227622171] [self_driving]: [CW_CANDIDATE] name=crosswalkcx=314 y2=480 area=47272 score=0.91 [0m
[self_driving-10] [0m[INFO] [1783024757.233580819] [self_driving]: [CW_CANDIDATE] name=crosswalkcx=363 y2=226 area=4930 score=0.84 [0m
[self_driving-10] [0m[INFO] [1783024757.282003542] [self_driving]: [DEBUG_DRIVE] state=LINE_FOLLOW raw_lane_x=-1 lane_x=181.5 filter=hold_last linear=0.32 angular=-0.10 cw_y=226 right_done=True start_turn=False count_turn=0 traffic=None stop=False[0m
[self_driving-10] [0m[INFO] [1783024757.396156856] [self_driving]: [CROSSWALK_SLOW] y=226 th=180 confirm=3[0m
[self_driving-10] [0m[INFO] [1783024757.397963319] [self_driving]: [CW_STAGE 2] 정지선 앞 완전 정지! elapsed=0.00s[0m
[self_driving-10] [0m[INFO] [1783024757.466208579] [self_driving]: [CW_STAGE 2] 정지선 앞 완전 정지! elapsed=0.07s[0m
[self_driving-10] [0m[INFO] [1783024757.539918486] [self_driving]: [CW_STAGE 2] 정지선 앞 완전 정지! elapsed=0.14s[0m
[self_driving-10] [0m[INFO] [1783024757.574044727] [self_driving]: [CW_CANDIDATE] name=crosswalkcx=395 y2=239 area=8119 score=0.88 [0m
[self_driving-10] [0m[INFO] [1783024757.620667041] [self_driving]: [CW_STAGE 2] 정지선 앞 완전 정지! elapsed=0.22s[0m
[self_driving-10] [0m[INFO] [1783024757.667046393] [self_driving]: [IMAGE] received count=1013 shape=(480, 640, 3) queue=0[0m
[self_driving-10] [0m[INFO] [1783024757.680153486] [self_driving]: [CW_STAGE 2] 정지선 앞 완전 정지! elapsed=0.28s[0m
[self_driving-10] [0m[INFO] [1783024757.738295560] [self_driving]: [CW_STAGE 2] 정지선 앞 완전 정지! elapsed=0.34s[0m
[self_driving-10] [0m[INFO] [1783024757.801259152] [self_driving]: [CW_STAGE 2] 정지선 앞 완전 정지! elapsed=0.40s[0m
[self_driving-10] [0m[INFO] [1783024757.876891467] [self_driving]: [CW_STAGE 2] 정지선 앞 완전 정지! elapsed=0.48s[0m
[self_driving-10] [0m[INFO] [1783024757.934163078] [self_driving]: [CW_STAGE 2] 정지선 앞 완전 정지! elapsed=0.54s[0m
[self_driving-10] [0m[INFO] [1783024757.945170060] [self_driving]: [OBJECTS] msg_count=112 n=1 names=['crosswalk'][0m
[self_driving-10] [0m[INFO] [1783024757.945902541] [self_driving]: [CW_CANDIDATE] name=crosswalkcx=432 y2=261 area=12493 score=0.90 [0m
[self_driving-10] [0m[INFO] [1783024758.014736300] [self_driving]: [CW_STAGE 2] 정지선 앞 완전 정지! elapsed=0.62s[0m
[self_driving-10] [0m[INFO] [1783024758.070160337] [self_driving]: [CW_STAGE 2] 정지선 앞 완전 정지! elapsed=0.67s[0m
[self_driving-10] [0m[INFO] [1783024758.137944449] [self_driving]: [CW_STAGE 2] 정지선 앞 완전 정지! elapsed=0.74s[0m
[self_driving-10] [0m[INFO] [1783024758.207658134] [self_driving]: [CW_STAGE 2] 정지선 앞 완전 정지! elapsed=0.81s[0m
[self_driving-10] [33m[WARN] [1783024758.270712523] [self_driving]: [LANE_X_JUMP_REJECT] raw=301.5 last=216.5 diff=85.0 candidate=301.5 cnt=1/4[0m
[self_driving-10] [0m[INFO] [1783024758.272840041] [self_driving]: [CW_STAGE 2] 정지선 앞 완전 정지! elapsed=0.88s[0m
[self_driving-10] [0m[INFO] [1783024758.362990263] [self_driving]: [CW_STAGE 2] 정지선 앞 완전 정지! elapsed=0.97s[0m
[self_driving-10] [0m[INFO] [1783024758.394726134] [self_driving]: [CW_STAGE 2] 정지선 앞 완전 정지! elapsed=1.00s[0m
[self_driving-10] [0m[INFO] [1783024758.475988115] [self_driving]: [CW_STAGE 2] 정지선 앞 완전 정지! elapsed=1.08s[0m
[self_driving-10] [0m[INFO] [1783024758.526640411] [self_driving]: [CW_STAGE 2] 정지선 앞 완전 정지! elapsed=1.13s[0m
[self_driving-10] [0m[INFO] [1783024758.607226300] [self_driving]: [CW_STAGE 2] 정지선 앞 완전 정지! elapsed=1.21s[0m
[self_driving-10] [0m[INFO] [1783024758.682163004] [self_driving]: [CW_STAGE 2] 정지선 앞 완전 정지! elapsed=1.29s[0m
[self_driving-10] [0m[INFO] [1783024758.745974967] [self_driving]: [CW_STAGE 2] 정지선 앞 완전 정지! elapsed=1.35s[0m
[self_driving-10] [0m[INFO] [1783024758.793350837] [self_driving]: [CW_STAGE 2] 정지선 앞 완전 정지! elapsed=1.40s[0m
[self_driving-10] [0m[INFO] [1783024758.878060115] [self_driving]: [CW_STAGE 3] 미션 완료 -> 정상 속도 회복 및 6초 락 가동[0m
[self_driving-10] [0m[INFO] [1783024758.880458411] [self_driving]: [DEBUG_DRIVE] state=LINE_FOLLOW raw_lane_x=221.5 lane_x=221.5 filter=stable linear=0.32 angular=-0.70 cw_y=0 right_done=True start_turn=False count_turn=1 traffic=None stop=False[0m
[self_driving-10] [0m[INFO] [1783024759.399490744] [self_driving]: [DEBUG_DRIVE] state=LINE_FOLLOW raw_lane_x=-1 lane_x=236.0 filter=hold_last linear=0.32 angular=-0.70 cw_y=0 right_done=True start_turn=True count_turn=1 traffic=None stop=False[0m
[self_driving-10] [33m[WARN] [1783024759.486305059] [self_driving]: [LANE_X_JUMP_REJECT] raw=37.0 last=236.0 diff=199.0 candidate=37.0 cnt=1/4[0m
[self_driving-10] [0m[INFO] [1783024759.651892503] [self_driving]: [OBJECTS] msg_count=114 n=1 names=['crosswalk'][0m
[self_driving-10] [0m[INFO] [1783024759.686390892] [self_driving]: [IMAGE] received count=1043 shape=(480, 640, 3) queue=0[0m
[self_driving-10] [33m[WARN] [1783024759.810372911] [self_driving]: [LANE_LOST] raw_lane_x=-1 lane_x=-1 filter=lost stop=False state=LINE_FOLLOW safe_linear=0.02 right_ready=False right_done=True[0m
[self_driving-10] [0m[INFO] [1783024759.953198355] [self_driving]: [DEBUG_DRIVE] state=LINE_FOLLOW raw_lane_x=218.0 lane_x=218.0 filter=stable linear=0.32 angular=0.00 cw_y=0 right_done=True start_turn=True count_turn=0 traffic=None stop=False[0m
[self_driving-10] [0m[INFO] [1783024760.323415688] [self_driving]: [OBJECTS] msg_count=116 n=1 names=['crosswalk'][0m
[self_driving-10] [0m[INFO] [1783024760.497251503] [self_driving]: [DEBUG_DRIVE] state=LINE_FOLLOW raw_lane_x=269.5 lane_x=269.5 filter=stable linear=0.32 angular=-0.70 cw_y=0 right_done=True start_turn=True count_turn=8 traffic=None stop=False[0m
[self_driving-10] [0m[INFO] [1783024761.043370595] [self_driving]: [DEBUG_DRIVE] state=LINE_FOLLOW raw_lane_x=27.5 lane_x=27.5 filter=stable linear=0.32 angular=0.00 cw_y=0 right_done=True start_turn=True count_turn=0 traffic=None stop=False[0m
[self_driving-10] [33m[WARN] [1783024761.080727539] [self_driving]: [LANE_X_JUMP_REJECT] raw=259.0 last=27.5 diff=231.5 candidate=259.0 cnt=1/4[0m
[self_driving-10] [0m[INFO] [1783024761.335682243] [self_driving]: [OBJECTS] msg_count=119 n=1 names=['crosswalk'][0m
[self_driving-10] [0m[INFO] [1783024761.550928928] [self_driving]: [DEBUG_DRIVE] state=LINE_FOLLOW raw_lane_x=277.0 lane_x=27.5 filter=jump_reject linear=0.32 angular=0.00 cw_y=0 right_done=True start_turn=True count_turn=0 traffic=None stop=False[0m
[self_driving-10] [33m[WARN] [1783024761.633014317] [self_driving]: [LANE_X_JUMP_REJECT] raw=238.0 last=27.5 diff=210.5 candidate=238.0 cnt=1/4[0m
[self_driving-10] [0m[INFO] [1783024761.707170261] [self_driving]: [IMAGE] received count=1073 shape=(480, 640, 3) queue=0[0m
[self_driving-10] [0m[INFO] [1783024762.034855335] [self_driving]: [OBJECTS] msg_count=121 n=1 names=['crosswalk'][0m
[self_driving-10] [0m[INFO] [1783024762.105163409] [self_driving]: [DEBUG_DRIVE] state=LINE_FOLLOW raw_lane_x=129.5 lane_x=129.5 filter=stable linear=0.32 angular=0.00 cw_y=0 right_done=True start_turn=True count_turn=0 traffic=None stop=False[0m
[self_driving-10] [33m[WARN] [1783024762.500148946] [self_driving]: [LANE_LOST] raw_lane_x=-1 lane_x=-1 filter=lost stop=False state=LINE_FOLLOW safe_linear=0.02 right_ready=False right_done=True[0m
[self_driving-10] [0m[INFO] [1783024762.626651594] [self_driving]: [DEBUG_DRIVE] state=LINE_FOLLOW raw_lane_x=-1 lane_x=-1 filter=lost linear=0.32 angular=0.00 cw_y=0 right_done=True start_turn=True count_turn=0 traffic=None stop=False[0m
[self_driving-10] [0m[INFO] [1783024762.700707557] [self_driving]: [OBJECTS] msg_count=126 n=1 names=['crosswalk'][0m
[self_driving-10] [33m[WARN] [1783024763.054777390] [self_driving]: [LANE_LOST] raw_lane_x=-1 lane_x=-1 filter=lost stop=False state=LINE_FOLLOW safe_linear=0.02 right_ready=False right_done=True[0m
[self_driving-10] [0m[INFO] [1783024763.168518409] [self_driving]: [DEBUG_DRIVE] state=LINE_FOLLOW raw_lane_x=-1 lane_x=-1 filter=lost linear=0.32 angular=0.00 cw_y=0 right_done=True start_turn=True count_turn=0 traffic=None stop=False[0m
[self_driving-10] [0m[INFO] [1783024763.345424890] [self_driving]: [OBJECTS] msg_count=128 n=1 names=['crosswalk'][0m
[self_driving-10] [33m[WARN] [1783024763.579508705] [self_driving]: [LANE_LOST] raw_lane_x=-1 lane_x=-1 filter=lost stop=False state=LINE_FOLLOW safe_linear=0.02 right_ready=False right_done=True[0m
[self_driving-10] [0m[INFO] [1783024763.713919834] [self_driving]: [IMAGE] received count=1103 shape=(480, 640, 3) queue=0[0m
[self_driving-10] [0m[INFO] [1783024763.724642816] [self_driving]: [DEBUG_DRIVE] state=LINE_FOLLOW raw_lane_x=-1 lane_x=-1 filter=lost linear=0.32 angular=0.00 cw_y=0 right_done=True start_turn=True count_turn=0 traffic=None stop=False[0m
[self_driving-10] [33m[WARN] [1783024764.123958297] [self_driving]: [LANE_X_JUMP_REJECT] raw=43.5 last=129.5 diff=86.0 candidate=43.5 cnt=1/4[0m
[self_driving-10] [33m[WARN] [1783024764.178055241] [self_driving]: [LANE_LOST] raw_lane_x=-1 lane_x=-1 filter=lost stop=False state=LINE_FOLLOW safe_linear=0.02 right_ready=False right_done=True[0m
[self_driving-10] [0m[INFO] [1783024764.251242593] [self_driving]: [DEBUG_DRIVE] state=LINE_FOLLOW raw_lane_x=-1 lane_x=-1 filter=lost linear=0.32 angular=0.00 cw_y=0 right_done=True start_turn=False count_turn=0 traffic=None stop=False[0m
[self_driving-10] [33m[WARN] [1783024764.737818982] [self_driving]: [LANE_LOST] raw_lane_x=-1 lane_x=-1 filter=lost stop=False state=LINE_FOLLOW safe_linear=0.02 right_ready=False right_done=True[0m
[self_driving-10] [0m[INFO] [1783024764.801535259] [self_driving]: [DEBUG_DRIVE] state=LINE_FOLLOW raw_lane_x=-1 lane_x=-1 filter=lost linear=0.32 angular=0.00 cw_y=0 right_done=True start_turn=False count_turn=0 traffic=None stop=False[0m
[self_driving-10] [33m[WARN] [1783024765.182312111] [self_driving]: [LANE_X_JUMP_REJECT] raw=183.0 last=59.0 diff=124.0 candidate=183.0 cnt=1/4[0m
[self_driving-10] [0m[INFO] [1783024765.329381685] [self_driving]: [DEBUG_DRIVE] state=LINE_FOLLOW raw_lane_x=59.0 lane_x=59.0 filter=stable linear=0.32 angular=0.10 cw_y=0 right_done=True start_turn=False count_turn=0 traffic=None stop=False[0m
[self_driving-10] [0m[INFO] [1783024765.725964037] [self_driving]: [IMAGE] received count=1133 shape=(480, 640, 3) queue=0[0m
[self_driving-10] [33m[WARN] [1783024765.733941277] [self_driving]: [LANE_LOST] raw_lane_x=-1 lane_x=-1 filter=lost stop=False state=LINE_FOLLOW safe_linear=0.02 right_ready=False right_done=True[0m
[self_driving-10] [33m[WARN] [1783024765.868150648] [self_driving]: [LANE_X_JUMP_REJECT] raw=239.0 last=71.5 diff=167.5 candidate=239.0 cnt=1/4[0m
[self_driving-10] [0m[INFO] [1783024765.869380129] [self_driving]: [DEBUG_DRIVE] state=LINE_FOLLOW raw_lane_x=239.0 lane_x=71.5 filter=jump_reject linear=0.32 angular=0.10 cw_y=0 right_done=True start_turn=False count_turn=0 traffic=None stop=False[0m
[self_driving-10] [33m[WARN] [1783024766.267247203] [self_driving]: [LANE_LOST] raw_lane_x=-1 lane_x=-1 filter=lost stop=False state=LINE_FOLLOW safe_linear=0.02 right_ready=False right_done=True[0m
[self_driving-10] [0m[INFO] [1783024766.398869870] [self_driving]: [DEBUG_DRIVE] state=LINE_FOLLOW raw_lane_x=-1 lane_x=-1 filter=lost linear=0.32 angular=0.00 cw_y=0 right_done=True start_turn=False count_turn=0 traffic=None stop=False[0m
[self_driving-10] [33m[WARN] [1783024766.808962573] [self_driving]: [LANE_LOST] raw_lane_x=-1 lane_x=-1 filter=lost stop=False state=LINE_FOLLOW safe_linear=0.02 right_ready=False right_done=True[0m
[self_driving-10] [0m[INFO] [1783024766.930147221] [self_driving]: [DEBUG_DRIVE] state=LINE_FOLLOW raw_lane_x=-1 lane_x=-1 filter=lost linear=0.32 angular=0.00 cw_y=0 right_done=True start_turn=False count_turn=0 traffic=None stop=False[0m
[self_driving-10] [33m[WARN] [1783024767.343784036] [self_driving]: [LANE_LOST] raw_lane_x=-1 lane_x=-1 filter=lost stop=False state=LINE_FOLLOW safe_linear=0.02 right_ready=False right_done=True[0m
[self_driving-10] [0m[INFO] [1783024767.467760462] [self_driving]: [DEBUG_DRIVE] state=LINE_FOLLOW raw_lane_x=-1 lane_x=-1 filter=lost linear=0.32 angular=0.00 cw_y=0 right_done=True start_turn=False count_turn=0 traffic=None stop=False[0m
[self_driving-10] [0m[INFO] [1783024767.729037721] [self_driving]: [IMAGE] received count=1163 shape=(480, 640, 3) queue=0[0m
[self_driving-10] [33m[WARN] [1783024767.889843350] [self_driving]: [LANE_LOST] raw_lane_x=-1 lane_x=-1 filter=lost stop=False state=LINE_FOLLOW safe_linear=0.02 right_ready=False right_done=True[0m
[self_driving-10] [0m[INFO] [1783024768.010099813] [self_driving]: [DEBUG_DRIVE] state=LINE_FOLLOW raw_lane_x=-1 lane_x=-1 filter=lost linear=0.32 angular=0.00 cw_y=0 right_done=True start_turn=False count_turn=0 traffic=None stop=False[0m
[self_driving-10] [33m[WARN] [1783024768.402959202] [self_driving]: [LANE_LOST] raw_lane_x=-1 lane_x=-1 filter=lost stop=False state=LINE_FOLLOW safe_linear=0.02 right_ready=False right_done=True[0m
[self_driving-10] [0m[INFO] [1783024768.552905350] [self_driving]: [DEBUG_DRIVE] state=LINE_FOLLOW raw_lane_x=-1 lane_x=-1 filter=lost linear=0.32 angular=0.00 cw_y=0 right_done=True start_turn=False count_turn=0 traffic=None stop=False[0m
[self_driving-10] [33m[WARN] [1783024768.943551887] [self_driving]: [LANE_LOST] raw_lane_x=-1 lane_x=-1 filter=lost stop=False state=LINE_FOLLOW safe_linear=0.02 right_ready=False right_done=True[0m
[self_driving-10] [0m[INFO] [1783024769.103768720] [self_driving]: [DEBUG_DRIVE] state=LINE_FOLLOW raw_lane_x=-1 lane_x=-1 filter=lost linear=0.32 angular=0.00 cw_y=0 right_done=True start_turn=False count_turn=0 traffic=None stop=False[0m
