[INFO] [launch]: All log files can be found below /home/ubuntu/.ros/log/2026-07-02-15-49-22-777182-raspberrypi-126718
[INFO] [launch]: Default logging verbosity is set to INFO
[INFO] [ascamera_node-1]: process started with pid [126734]
[INFO] [static_transform_publisher-2]: process started with pid [126736]
[INFO] [static_transform_publisher-3]: process started with pid [126738]
[INFO] [joint_state_publisher-4]: process started with pid [126740]
[INFO] [robot_state_publisher-5]: process started with pid [126742]
[INFO] [ros_robot_controller-6]: process started with pid [126744]
[INFO] [odom_publisher-7]: process started with pid [126751]
[INFO] [ekf_node-8]: process started with pid [126759]
[INFO] [yolo_detect-9]: process started with pid [126773]
[INFO] [self_driving-10]: process started with pid [126778]
[ascamera_node-1] [0m[INFO] [1783007363.541957217] [as_logger]: hello world angstrong camera ros2 node[0m
[static_transform_publisher-2] [33m[WARN] [1783007363.522118014] []: Old-style arguments are deprecated; see --help for new-style arguments[0m
[static_transform_publisher-3] [33m[WARN] [1783007363.510647680] []: Old-style arguments are deprecated; see --help for new-style arguments[0m
[static_transform_publisher-3] [0m[INFO] [1783007363.547137717] [static_transform_publisher_yb9RBrD0XpV0lh46]: Spinning until stopped - publishing transform
[static_transform_publisher-3] translation: ('0.000000', '0.000000', '0.000000')
[static_transform_publisher-3] rotation: ('-0.500000', '0.499602', '-0.500000', '0.500398')
[static_transform_publisher-3] from 'depth_cam' to 'ascamera_color_0'[0m
[ascamera_node-1] 2026-07-02 15:49:23[INFO] [CameraPublisher.cpp] [1558] [printLaunchParams] get depth_width 640
[ascamera_node-1] 2026-07-02 15:49:23[INFO] [CameraPublisher.cpp] [1559] [printLaunchParams] get depth_height 480
[ascamera_node-1] 2026-07-02 15:49:23[INFO] [CameraPublisher.cpp] [1561] [printLaunchParams] get rgb_width 640
[ascamera_node-1] 2026-07-02 15:49:23[INFO] [CameraPublisher.cpp] [1562] [printLaunchParams] get rgb_height 480
[ascamera_node-1] 2026-07-02 15:49:23[INFO] [CameraPublisher.cpp] [1570] [printLaunchParams] get set_fps 15
[ascamera_node-1] 2026-07-02 15:49:23[INFO] [CameraPublisher.cpp] [1578] [printLaunchParams] get color_pcl 1
[ascamera_node-1] 2026-07-02 15:49:23[INFO] [CameraPublisher.cpp] [1582] [printLaunchParams] get pub_tfTree 1
[ascamera_node-1] 2026-07-02 15:49:23[INFO] [CameraSrv.cpp] [35] [CameraSrv] Angstrong camera server
[ascamera_node-1] 2026-07-02 15:49:23[INFO] [CameraSrv.cpp] [45] [CameraSrv] Angstrong camera sdk version:v1.2.22.20240516
[static_transform_publisher-2] [0m[INFO] [1783007363.576674106] [static_transform_publisher_gh9MxMVR1QT6WEL8]: Spinning until stopped - publishing transform
[static_transform_publisher-2] translation: ('0.000000', '0.000000', '0.000000')
[static_transform_publisher-2] rotation: ('-0.500000', '0.499602', '-0.500000', '0.500398')
[static_transform_publisher-2] from 'depth_cam' to 'ascamera_camera_link_0'[0m
[robot_state_publisher-5] [0m[INFO] [1783007363.599711958] [robot_state_publisher]: got segment base_footprint[0m
[robot_state_publisher-5] [0m[INFO] [1783007363.603952199] [robot_state_publisher]: got segment base_link[0m
[robot_state_publisher-5] [0m[INFO] [1783007363.603973439] [robot_state_publisher]: got segment depth_cam[0m
[robot_state_publisher-5] [0m[INFO] [1783007363.603983662] [robot_state_publisher]: got segment imu_link[0m
[robot_state_publisher-5] [0m[INFO] [1783007363.603993199] [robot_state_publisher]: got segment lidar_frame[0m
[robot_state_publisher-5] [0m[INFO] [1783007363.604002013] [robot_state_publisher]: got segment wheel_lb_Link[0m
[robot_state_publisher-5] [0m[INFO] [1783007363.604012180] [robot_state_publisher]: got segment wheel_lf_Link[0m
[robot_state_publisher-5] [0m[INFO] [1783007363.604021643] [robot_state_publisher]: got segment wheel_rb_Link[0m
[robot_state_publisher-5] [0m[INFO] [1783007363.604030476] [robot_state_publisher]: got segment wheel_rf_Link[0m
[joint_state_publisher-4] [0m[INFO] [1783007364.264227680] [joint_state_publisher]: Waiting for robot_description to be published on the robot_description topic...[0m
[odom_publisher-7] [0m[INFO] [1783007364.364772346] [odom_publisher]: [1;32m0.930000 1.010000[0m[0m
[odom_publisher-7] [0m[INFO] [1783007364.388257143] [odom_publisher]: [1;32mstart[0m[0m
[ascamera_node-1] 2026-07-02 15:49:24[INFO] [CameraSrv.cpp] [114] [onAttached] attached
[ascamera_node-1] 2026-07-02 15:49:24[INFO] [CameraSrv.cpp] [145] [onAttached] this is a new attach device, create and open it
[self_driving-10] [0m[INFO] [1783007365.140542790] [self_driving]: [INIT] init_process started[0m
[self_driving-10] [0m[INFO] [1783007365.141452235] [self_driving]: [INIT] only_line_follow=False[0m
[self_driving-10] [0m[INFO] [1783007365.141978198] [self_driving]: [INIT] request /yolov5/start[0m
[ros_robot_controller-6] [0m[INFO] [1783007365.149902290] [ros_robot_controller]: 已设置舵机 1 的偏移量为 0[0m
[ros_robot_controller-6] [0m[INFO] [1783007365.150557994] [ros_robot_controller]: 已设置舵机 2 的偏移量为 0[0m
[ros_robot_controller-6] [0m[INFO] [1783007365.151389957] [ros_robot_controller]: 已设置舵机 3 的偏移量为 4[0m
[ros_robot_controller-6] [0m[INFO] [1783007365.152439050] [ros_robot_controller]: 已设置舵机 4 的偏移量为 0[0m
[ros_robot_controller-6] [0m[INFO] [1783007365.156569161] [ros_robot_controller]: [1;32mstart[0m[0m
[ascamera_node-1] 2026-07-02 15:49:25[INFO] [CameraSrv.cpp] [154] [onAttached] get model type 9
[ascamera_node-1] 2026-07-02 15:49:25[INFO] [CameraSrv.cpp] [342] [getConfigFile] get file: /home/ubuntu/third_party_ros2/third_party_ws/src/ascamera/configurationfiles/hp60c_v2_00_20230704_configEncrypt.json
[ascamera_node-1] 2026-07-02 15:49:25[INFO] [CameraPublisher.cpp] [1501] [logCameraPathInfo] usb camera
[ascamera_node-1] 2026-07-02 15:49:25[INFO] [CameraPublisher.cpp] [1502] [logCameraPathInfo] bnum:1
[ascamera_node-1] 2026-07-02 15:49:25[INFO] [CameraPublisher.cpp] [1503] [logCameraPathInfo] dnum:3
[ascamera_node-1] 2026-07-02 15:49:25[INFO] [CameraPublisher.cpp] [1504] [logCameraPathInfo] port_numbers:2
[ascamera_node-1] 2026-07-02 15:49:25[INFO] [CameraPublisher.cpp] [171] [onCameraAttached] create a new publisher info set
[ascamera_node-1] 2026-07-02 15:49:25[INFO] [TfTreeFrameIdInfo.cpp] [11] [TfTreeFrameIdInfo] Namespace /ascamera
[ascamera_node-1] 2026-07-02 15:49:25[INFO] [CameraHp60c.cpp] [128] [open] according to the configuration file.
[ascamera_node-1] 2026-07-02 15:49:25[INFO] [CameraHp60c.cpp] [1528] [parseConfigFileParameter] moduleName:AS_CAM_HP60C
[ascamera_node-1] 2026-07-02 15:49:25[INFO] [CameraHp60c.cpp] [1555] [parseConfigFileParameter] Parsing config file /home/ubuntu/third_party_ros2/third_party_ws/src/ascamera/configurationfiles/hp60c_v2_00_20230704_configEncrypt.json
[ascamera_node-1] 2026-07-02 15:49:25[INFO] [CameraHp60c.cpp] [1620] [parseConfigFileParameter] configuration protocol Version: v2.x
[ascamera_node-1] 2026-07-02 15:49:25[INFO] [CameraHp60c.cpp] [1631] [parseConfigFileParameter] configuration Version: v2.0.0.20230704
[ascamera_node-1] 2026-07-02 15:49:25[INFO] [CameraHp60c.cpp] [1796] [setParamersAfterOpenCam] Camera confiParaEnable true, setting configuration parameter
[ascamera_node-1] 2026-07-02 15:49:26[ERROR] [XuCmdCameraHp60c.cpp] [454] [getMjpegSize] get mjpeg from xu command failed
[ascamera_node-1] 2026-07-02 15:49:26[INFO] [XuCmdCameraHp60c.cpp] [458] [getMjpegSize] mjpeg size:640x480
[ascamera_node-1] 2026-07-02 15:49:26[INFO] [CameraPublisher.cpp] [356] [onCameraOpen] camera opened
[ascamera_node-1] 2026-07-02 15:49:26[INFO] [CameraPublisher.cpp] [370] [onCameraOpen] get config info, ret 0, is_Registration 1
[ascamera_node-1] 2026-07-02 15:49:26[INFO] [Camera.cpp] [61] [init] #camera[0x5555deed6710] SN[ASC60CF08000515]'s firmware version:DLS_VERc20865=:V01.09_2024110714:V01.19_2024110714:L01
[ascamera_node-1] 2026-07-02 15:49:26[INFO] [CameraPublisher.cpp] [1183] [setResolution] set depth resolution: 640 x 480 @ 15fps
[ascamera_node-1] 2026-07-02 15:49:26[INFO] [CameraPublisher.cpp] [1197] [setResolution] set rgb resolution: 640 x 480 @ 15fps
[ascamera_node-1] 2026-07-02 15:49:26[INFO] [CameraHp60c.cpp] [260] [startStreaming] start streaming
[ascamera_node-1] 2026-07-02 15:49:26[INFO] [CameraSrv.cpp] [202] [onAttached] attached end
[self_driving-10] [33m[WARN] [1783007367.145472104] [self_driving]: [YOLO_SERVICE] service not ready, continue without blocking[0m
[self_driving-10] [0m[INFO] [1783007367.646751122] [self_driving]: [INIT] enter + set_running start[0m
[self_driving-10] [0m[INFO] [1783007367.647253104] [self_driving]: [1;32mself driving enter[0m[0m
[self_driving-10] [0m[INFO] [1783007367.656403622] [self_driving]: [SUB] image=/ascamera/camera_publisher/rgb0/image object=/yolov5_ros2/object_detect[0m
[self_driving-10] [0m[INFO] [1783007367.658045696] [self_driving]: [1;32mset_running[0m[0m
[self_driving-10] [0m[INFO] [1783007367.661698474] [self_driving]: [1;32m[START] hybrid self_driving start: auto LINE_FOLLOW[0m[0m
[INFO] [apply_calib-11]: process started with pid [126914]
[INFO] [complementary_filter_node-12]: process started with pid [126916]
[ascamera_node-1] 2026-07-02 15:49:28[INFO] [CameraHp60c.cpp] [912] [setInternalParameter] mjpeg info: size(640x480)
[complementary_filter_node-12] [0m[INFO] [1783007368.553045992] [imu_filter]: Starting ComplementaryFilterROS[0m
[apply_calib-11] [0m[INFO] [1783007368.559887455] [imu_calib]: Calibrating gyros; do not move the IMU[0m
[ascamera_node-1] 2026-07-02 15:49:28[INFO] [Camera.cpp] [127] [backgroundThread] SN [ ASC60CF08000515 ]'s parameter:
[ascamera_node-1] 2026-07-02 15:49:28[INFO] [Camera.cpp] [128] [backgroundThread] irfx: 426.962
[ascamera_node-1] 2026-07-02 15:49:28[INFO] [Camera.cpp] [129] [backgroundThread] irfy: 426.374
[ascamera_node-1] 2026-07-02 15:49:28[INFO] [Camera.cpp] [130] [backgroundThread] ircx: 315.403
[ascamera_node-1] 2026-07-02 15:49:28[INFO] [Camera.cpp] [131] [backgroundThread] ircy: 240.933
[ascamera_node-1] 2026-07-02 15:49:28[INFO] [Camera.cpp] [132] [backgroundThread] rgbfx: 570.48
[ascamera_node-1] 2026-07-02 15:49:28[INFO] [Camera.cpp] [133] [backgroundThread] rgbfy: 569.949
[ascamera_node-1] 2026-07-02 15:49:28[INFO] [Camera.cpp] [134] [backgroundThread] rgbcx: 329.75
[ascamera_node-1] 2026-07-02 15:49:28[INFO] [Camera.cpp] [135] [backgroundThread] rgbcy: 238.406
[ascamera_node-1] 
[ascamera_node-1] 2026-07-02 15:49:29[INFO] [CameraHp60c.cpp] [1149] [streamCallback] set gain ret 0, gain 4
[self_driving-10] [0m[INFO] [1783007369.191277806] [self_driving]: [CMD] n=1 source=pid_follow linear_x=0.30 linear_y=0.00 angular_z=0.10 state=LINE_FOLLOW stop=False lane_x=48.0 raw_lane_x=48.0 lane_filter=init cw_y=0 park_x=-1 right_done=False[0m
[apply_calib-11] [0m[INFO] [1783007370.600577454] [imu_calib]: Gyro calibration complete! (bias = [-0.001, 0.026, 0.024])[0m
[yolo_detect-9] [0m[INFO] [1783007370.707917954] [yolov5_ros2]: Current ROS 2 distribution: humble[0m
[self_driving-10] [0m[INFO] [1783007379.302216300] [self_driving]: [CMD] n=153 source=line_turn linear_x=0.15 linear_y=0.00 angular_z=-0.45 state=LINE_FOLLOW stop=False lane_x=202.0 raw_lane_x=202.0 lane_filter=stable cw_y=429 park_x=-1 right_done=False[0m
[self_driving-10] [0m[INFO] [1783007379.509904967] [self_driving]: [CMD] n=156 source=pid_follow linear_x=0.15 linear_y=0.00 angular_z=-0.10 state=LINE_FOLLOW stop=False lane_x=195.0 raw_lane_x=195.0 lane_filter=stable cw_y=429 park_x=-1 right_done=False[0m
[self_driving-10] [0m[INFO] [1783007379.706261893] [self_driving]: [CMD] n=159 source=line_turn linear_x=0.15 linear_y=0.00 angular_z=-0.45 state=LINE_FOLLOW stop=False lane_x=203.5 raw_lane_x=203.5 lane_filter=stable cw_y=429 park_x=-1 right_done=False[0m
[self_driving-10] [0m[INFO] [1783007380.721753355] [self_driving]: [CMD] n=174 source=pid_follow linear_x=0.15 linear_y=0.00 angular_z=0.00 state=LINE_FOLLOW stop=False lane_x=147.0 raw_lane_x=147.0 lane_filter=jump_accept cw_y=429 park_x=-1 right_done=False[0m
[self_driving-10] [0m[INFO] [1783007381.038299022] [self_driving]: [CMD] n=179 source=line_turn linear_x=0.15 linear_y=0.00 angular_z=-0.45 state=LINE_FOLLOW stop=False lane_x=207.5 raw_lane_x=207.5 lane_filter=stable cw_y=429 park_x=-1 right_done=False[0m
[self_driving-10] [0m[INFO] [1783007382.999365798] [self_driving]: [CMD] n=208 source=pid_follow linear_x=0.15 linear_y=0.00 angular_z=-0.10 state=LINE_FOLLOW stop=False lane_x=200.0 raw_lane_x=200.0 lane_filter=stable cw_y=252 park_x=-1 right_done=False[0m
[self_driving-10] [0m[INFO] [1783007393.688667699] [self_driving]: [CMD] n=367 source=line_turn linear_x=0.15 linear_y=0.00 angular_z=-0.45 state=LINE_FOLLOW stop=False lane_x=211.5 raw_lane_x=211.5 lane_filter=stable cw_y=322 park_x=-1 right_done=False[0m
[self_driving-10] [0m[INFO] [1783007394.090572347] [self_driving]: [CMD] n=373 source=pid_follow linear_x=0.15 linear_y=0.00 angular_z=0.00 state=LINE_FOLLOW stop=False lane_x=192.5 raw_lane_x=192.5 lane_filter=stable cw_y=322 park_x=-1 right_done=False[0m
[self_driving-10] [0m[INFO] [1783007394.366040088] [self_driving]: [CMD] n=377 source=line_turn linear_x=0.15 linear_y=0.00 angular_z=-0.45 state=LINE_FOLLOW stop=False lane_x=214.0 raw_lane_x=214.0 lane_filter=stable cw_y=322 park_x=-1 right_done=False[0m
[self_driving-10] [0m[INFO] [1783007394.977791495] [self_driving]: [CMD] n=386 source=pid_follow linear_x=0.15 linear_y=0.00 angular_z=0.00 state=LINE_FOLLOW stop=False lane_x=134.0 raw_lane_x=134.0 lane_filter=jump_accept cw_y=322 park_x=-1 right_done=False[0m
[self_driving-10] [0m[INFO] [1783007395.357641272] [self_driving]: [CMD] n=392 source=line_turn linear_x=0.15 linear_y=0.00 angular_z=-0.45 state=LINE_FOLLOW stop=False lane_x=207.0 raw_lane_x=207.0 lane_filter=stable cw_y=322 park_x=-1 right_done=False[0m
[self_driving-10] [0m[INFO] [1783007397.774962882] [self_driving]: [CMD] n=428 source=pid_follow linear_x=0.15 linear_y=0.00 angular_z=-0.10 state=LINE_FOLLOW stop=False lane_x=186.5 raw_lane_x=186.5 lane_filter=stable cw_y=322 park_x=-1 right_done=False[0m
[self_driving-10] [0m[INFO] [1783007409.547050079] [self_driving]: [CMD] n=603 source=line_turn linear_x=0.30 linear_y=0.00 angular_z=-0.45 state=LINE_FOLLOW stop=False lane_x=202.5 raw_lane_x=202.5 lane_filter=stable cw_y=0 park_x=-1 right_done=False[0m
[self_driving-10] [0m[INFO] [1783007410.278301819] [self_driving]: [CMD] n=614 source=pid_follow linear_x=0.30 linear_y=0.00 angular_z=0.00 state=LINE_FOLLOW stop=False lane_x=199.0 raw_lane_x=199.0 lane_filter=stable cw_y=0 park_x=-1 right_done=False[0m
[self_driving-10] [0m[INFO] [1783007410.348296986] [self_driving]: [CMD] n=615 source=line_turn linear_x=0.30 linear_y=0.00 angular_z=-0.45 state=LINE_FOLLOW stop=False lane_x=247.0 raw_lane_x=247.0 lane_filter=stable cw_y=0 park_x=-1 right_done=False[0m
[self_driving-10] [0m[INFO] [1783007411.098368967] [self_driving]: [CMD] n=626 source=lane_lost_safe linear_x=0.05 linear_y=0.00 angular_z=0.00 state=LINE_FOLLOW stop=False raw_lane_x=-1 lane_filter=lost[0m
[self_driving-10] [0m[INFO] [1783007413.570914632] [self_driving]: [CMD] n=663 source=line_turn linear_x=0.30 linear_y=0.00 angular_z=-0.45 state=LINE_FOLLOW stop=False lane_x=303.5 raw_lane_x=303.5 lane_filter=stable cw_y=0 park_x=-1 right_done=False[0m
[self_driving-10] [0m[INFO] [1783007414.308397242] [self_driving]: [CMD] n=674 source=lane_lost_safe linear_x=0.05 linear_y=0.00 angular_z=0.00 state=LINE_FOLLOW stop=False raw_lane_x=-1 lane_filter=lost[0m
[self_driving-10] [0m[INFO] [1783007415.147604909] [self_driving]: [RIGHT_METRIC] valid=False can_trigger=False reject=['low_score', 'small_area'] cnt=0 cx=103 cy=123 w=31 h=36 area=1116 score=0.30 done=False repeat=True cooldown_ok=True fsm_enabled=True[0m
[self_driving-10] [0m[INFO] [1783007416.404483260] [self_driving]: [CMD] n=705 source=line_turn linear_x=0.15 linear_y=0.00 angular_z=-0.45 state=LINE_FOLLOW stop=False lane_x=303.5 raw_lane_x=41.0 lane_filter=jump_reject cw_y=254 park_x=-1 right_done=False[0m
[self_driving-10] [0m[INFO] [1783007416.796197111] [self_driving]: [CMD] n=711 source=pid_follow linear_x=0.15 linear_y=0.00 angular_z=0.10 state=LINE_FOLLOW stop=False lane_x=35.0 raw_lane_x=35.0 lane_filter=jump_accept cw_y=258 park_x=-1 right_done=False[0m
[self_driving-10] [0m[INFO] [1783007417.997044370] [self_driving]: [RIGHT_METRIC] valid=False can_trigger=False reject=['small_area'] cnt=0 cx=189 cy=171 w=25 h=41 area=1025 score=0.83 done=False repeat=True cooldown_ok=True fsm_enabled=True[0m
[self_driving-10] [0m[INFO] [1783007418.687676240] [self_driving]: [RIGHT_METRIC] valid=False can_trigger=False reject=['small_area'] cnt=0 cx=233 cy=124 w=26 h=36 area=936 score=0.85 done=False repeat=True cooldown_ok=True fsm_enabled=True[0m
[self_driving-10] [0m[INFO] [1783007419.022244073] [self_driving]: [RIGHT_METRIC] valid=False can_trigger=False reject=['small_area'] cnt=0 cx=239 cy=124 w=26 h=39 area=1014 score=0.85 done=False repeat=True cooldown_ok=True fsm_enabled=True[0m
[self_driving-10] [0m[INFO] [1783007419.359274684] [self_driving]: [RIGHT_METRIC] valid=False can_trigger=False reject=['small_area'] cnt=0 cx=209 cy=122 w=29 h=40 area=1160 score=0.87 done=False repeat=True cooldown_ok=True fsm_enabled=True[0m
[self_driving-10] [0m[INFO] [1783007419.683187628] [self_driving]: [RIGHT_METRIC] valid=False can_trigger=False reject=['small_area'] cnt=0 cx=214 cy=121 w=31 h=43 area=1333 score=0.85 done=False repeat=True cooldown_ok=True fsm_enabled=True[0m
[self_driving-10] [0m[INFO] [1783007420.037760535] [self_driving]: [RIGHT_METRIC] valid=False can_trigger=False reject=['small_area'] cnt=0 cx=195 cy=120 w=32 h=45 area=1440 score=0.87 done=False repeat=True cooldown_ok=True fsm_enabled=True[0m
[self_driving-10] [0m[INFO] [1783007420.387620387] [self_driving]: [RIGHT_METRIC] valid=False can_trigger=False reject=['small_area'] cnt=0 cx=196 cy=118 w=33 h=47 area=1551 score=0.86 done=False repeat=True cooldown_ok=True fsm_enabled=True[0m
[self_driving-10] [0m[INFO] [1783007420.723962405] [self_driving]: [RIGHT_METRIC] valid=False can_trigger=False reject=['small_area'] cnt=0 cx=171 cy=118 w=36 h=50 area=1800 score=0.87 done=False repeat=True cooldown_ok=True fsm_enabled=True[0m
[self_driving-10] [0m[INFO] [1783007421.054538127] [self_driving]: [RIGHT_METRIC] valid=False can_trigger=False reject=['small_area'] cnt=0 cx=161 cy=115 w=38 h=53 area=2014 score=0.88 done=False repeat=True cooldown_ok=True fsm_enabled=True[0m
[self_driving-10] [0m[INFO] [1783007421.377774942] [self_driving]: [RIGHT_METRIC] valid=False can_trigger=False reject=['small_area'] cnt=0 cx=151 cy=113 w=43 h=56 area=2408 score=0.86 done=False repeat=True cooldown_ok=True fsm_enabled=True[0m
[self_driving-10] [0m[INFO] [1783007422.261672367] [self_driving]: [RIGHT_METRIC] valid=True can_trigger=True reject=[] cnt=0 cx=86 cy=104 w=56 h=73 area=4088 score=0.86 done=False repeat=True cooldown_ok=True fsm_enabled=True[0m
[self_driving-10] [0m[INFO] [1783007422.760636756] [self_driving]: [RIGHT_METRIC] valid=True can_trigger=True reject=[] cnt=1 cx=51 cy=97 w=63 h=84 area=5292 score=0.84 done=False repeat=True cooldown_ok=True fsm_enabled=True[0m
[self_driving-10] [33m[WARN] [1783007422.761571923] [self_driving]: [RIGHT_READY] cx=51 cy=97 w=63 h=84 area=5292 score=0.84 repeat=True[0m
[self_driving-10] [33m[WARN] [1783007422.801261886] [self_driving]: [RIGHT_TRIGGER] enter ARROW_SIGNAL lane_x=130.5 raw_lane_x=130.5 filter=stable cw_y=0 candidate={'cx': 51, 'cy': 97, 'w': 63, 'h': 84, 'area': 5292, 'score': 0.8399999737739563} repeat=True[0m
[self_driving-10] [0m[INFO] [1783007422.804799330] [self_driving]: [1;36m[FSM] LINE_FOLLOW -> ARROW_SIGNAL[0m[0m
[self_driving-10] [0m[INFO] [1783007422.805733700] [self_driving]: [CMD] n=800 source=right_trigger_stop linear_x=0.00 linear_y=0.00 angular_z=0.00 state=ARROW_SIGNAL stop=False [0m
[self_driving-10] [0m[INFO] [1783007422.850490626] [self_driving]: [CMD] n=801 source=arrow_signal_wait linear_x=0.00 linear_y=0.00 angular_z=0.00 state=ARROW_SIGNAL stop=False [0m
[self_driving-10] [0m[INFO] [1783007423.253832848] [self_driving]: [ARROW_SIGNAL] done elapsed=0.45 -> INTERSECTION direction=right[0m
[self_driving-10] [0m[INFO] [1783007423.254795978] [self_driving]: [1;36m[FSM] ARROW_SIGNAL -> INTERSECTION[0m[0m
[self_driving-10] [0m[INFO] [1783007423.320307219] [self_driving]: [CMD] n=807 source=right_fsm_turn linear_x=0.10 linear_y=0.00 angular_z=-0.50 state=INTERSECTION stop=False [0m
[self_driving-10] [0m[INFO] [1783007425.077474532] [self_driving]: [1;36m[FSM] INTERSECTION -> LINE_FOLLOW[0m[0m
[self_driving-10] [33m[WARN] [1783007425.078853032] [self_driving]: [RIGHT_TURN_DONE] elapsed=1.82 lane_x=254.5 right_done=True repeat=True cooldown=2.0s -> LINE_FOLLOW[0m
[self_driving-10] [0m[INFO] [1783007425.152164718] [self_driving]: [CMD] n=833 source=pid_follow linear_x=0.15 linear_y=0.00 angular_z=-0.10 state=LINE_FOLLOW stop=False lane_x=130.5 raw_lane_x=220.0 lane_filter=jump_reject cw_y=294 park_x=-1 right_done=True[0m
[self_driving-10] [0m[INFO] [1783007425.669455532] [self_driving]: [CMD] n=841 source=line_turn linear_x=0.15 linear_y=0.00 angular_z=-0.45 state=LINE_FOLLOW stop=False lane_x=225.5 raw_lane_x=225.5 lane_filter=stable cw_y=306 park_x=-1 right_done=True[0m
[self_driving-10] [0m[INFO] [1783007427.086600568] [self_driving]: [CMD] n=862 source=pid_follow linear_x=0.15 linear_y=0.00 angular_z=0.00 state=LINE_FOLLOW stop=False lane_x=189.5 raw_lane_x=189.5 lane_filter=stable cw_y=388 park_x=-1 right_done=True[0m
[self_driving-10] [0m[INFO] [1783007428.446526660] [self_driving]: [PARK_METRIC] accept=True area=285/650 frames=0/2 cx=469 cy=132 score=0.80 reject=[] right_done=True cooldown_ok=True[0m
[self_driving-10] [33m[WARN] [1783007428.447358586] [self_driving]: [PARK_APPROACH_START] first_cx=469 first_cy=132 first_area=285 score=0.80 cw_y=168 ref_turn_age=1.36[0m
[self_driving-10] [0m[INFO] [1783007428.512585975] [self_driving]: [PARK_AREA_GATE] ok=False area=285/650 frames=0/2 age=0.07 cy=132 after_turn_ok=False cooldown_ok=True seen_recent=True[0m
[self_driving-10] [0m[INFO] [1783007428.513660141] [self_driving]: [CMD] n=883 source=park_approach_hold linear_x=0.10 linear_y=0.00 angular_z=-0.06 state=LINE_FOLLOW stop=False lane_x=155.5 raw_lane_x=155.5 lane_filter=stable cw_y=170 park_x=469 park_age=0.07 park_area=285 park_cy=132 after_lane_turn_ok=False lane_stable_ok=True[0m
[self_driving-10] [0m[INFO] [1783007429.158105548] [self_driving]: [PARK_METRIC] accept=True area=285/650 frames=0/2 cx=480 cy=132 score=0.83 reject=[] right_done=True cooldown_ok=True[0m
[self_driving-10] [0m[INFO] [1783007429.568315530] [self_driving]: [PARK_AREA_GATE] ok=False area=285/650 frames=0/2 age=1.12 cy=132 after_turn_ok=False cooldown_ok=True seen_recent=True[0m
[self_driving-10] [0m[INFO] [1783007430.163830770] [self_driving]: [PARK_METRIC] accept=True area=336/650 frames=0/2 cx=454 cy=137 score=0.73 reject=[] right_done=True cooldown_ok=True[0m
[self_driving-10] [0m[INFO] [1783007430.592331381] [self_driving]: [PARK_AREA_GATE] ok=False area=380/650 frames=0/2 age=2.15 cy=158 after_turn_ok=False cooldown_ok=True seen_recent=True[0m
[self_driving-10] [0m[INFO] [1783007430.846520973] [self_driving]: [PARK_METRIC] accept=True area=352/650 frames=0/2 cx=477 cy=145 score=0.83 reject=[] right_done=True cooldown_ok=True[0m
[self_driving-10] [0m[INFO] [1783007431.392170121] [self_driving]: [PARK_METRIC] accept=True area=368/650 frames=0/2 cx=474 cy=143 score=0.83 reject=[] right_done=True cooldown_ok=True[0m
[self_driving-10] [0m[INFO] [1783007431.641718269] [self_driving]: [PARK_AREA_GATE] ok=False area=368/650 frames=0/2 age=3.20 cy=143 after_turn_ok=False cooldown_ok=True seen_recent=True[0m
[self_driving-10] [0m[INFO] [1783007432.063625806] [self_driving]: [PARK_METRIC] accept=True area=408/650 frames=0/2 cx=483 cy=125 score=0.83 reject=[] right_done=True cooldown_ok=True[0m
[self_driving-10] [0m[INFO] [1783007432.663197750] [self_driving]: [PARK_AREA_GATE] ok=False area=442/650 frames=0/2 age=4.22 cy=127 after_turn_ok=True cooldown_ok=True seen_recent=True[0m
[self_driving-10] [0m[INFO] [1783007432.736860491] [self_driving]: [PARK_METRIC] accept=True area=432/650 frames=0/2 cx=507 cy=119 score=0.86 reject=[] right_done=True cooldown_ok=True[0m
[self_driving-10] [0m[INFO] [1783007433.451691416] [self_driving]: [PARK_METRIC] accept=True area=450/650 frames=0/2 cx=552 cy=128 score=0.82 reject=[] right_done=True cooldown_ok=True[0m
[self_driving-10] [0m[INFO] [1783007433.665674805] [self_driving]: [PARK_AREA_GATE] ok=False area=450/650 frames=0/2 age=5.22 cy=128 after_turn_ok=True cooldown_ok=True seen_recent=True[0m
[self_driving-10] [0m[INFO] [1783007434.108528397] [self_driving]: [PARK_METRIC] accept=True area=588/650 frames=0/2 cx=610 cy=123 score=0.87 reject=[] right_done=True cooldown_ok=True[0m
[self_driving-10] [0m[INFO] [1783007434.678573064] [self_driving]: [PARK_AREA_GATE] ok=False area=600/650 frames=0/2 age=6.23 cy=122 after_turn_ok=True cooldown_ok=True seen_recent=True[0m
[self_driving-10] [0m[INFO] [1783007435.681876933] [self_driving]: [PARK_AREA_GATE] ok=False area=600/650 frames=0/2 age=7.24 cy=122 after_turn_ok=True cooldown_ok=True seen_recent=True[0m
[self_driving-10] [0m[INFO] [1783007436.693128877] [self_driving]: [PARK_AREA_GATE] ok=False area=600/650 frames=0/2 age=8.25 cy=122 after_turn_ok=True cooldown_ok=True seen_recent=True[0m
[self_driving-10] [0m[INFO] [1783007437.766405580] [self_driving]: [PARK_AREA_GATE] ok=False area=600/650 frames=0/2 age=9.32 cy=122 after_turn_ok=True cooldown_ok=True seen_recent=True[0m
[self_driving-10] [0m[INFO] [1783007438.835617191] [self_driving]: [PARK_AREA_GATE] ok=False area=600/650 frames=0/2 age=10.39 cy=122 after_turn_ok=True cooldown_ok=True seen_recent=True[0m
[self_driving-10] [0m[INFO] [1783007439.845490283] [self_driving]: [PARK_AREA_GATE] ok=False area=600/650 frames=0/2 age=11.40 cy=122 after_turn_ok=True cooldown_ok=True seen_recent=True[0m
[self_driving-10] [0m[INFO] [1783007440.857795875] [self_driving]: [PARK_AREA_GATE] ok=False area=600/650 frames=0/2 age=12.41 cy=122 after_turn_ok=True cooldown_ok=True seen_recent=True[0m
[self_driving-10] [0m[INFO] [1783007441.863918967] [self_driving]: [PARK_AREA_GATE] ok=False area=600/650 frames=0/2 age=13.42 cy=122 after_turn_ok=True cooldown_ok=True seen_recent=True[0m
[self_driving-10] [0m[INFO] [1783007442.873143263] [self_driving]: [PARK_AREA_GATE] ok=False area=600/650 frames=0/2 age=14.43 cy=122 after_turn_ok=True cooldown_ok=True seen_recent=True[0m
[self_driving-10] [0m[INFO] [1783007443.472687892] [self_driving]: [CMD] n=1106 source=lane_lost_safe linear_x=0.05 linear_y=0.00 angular_z=0.00 state=LINE_FOLLOW stop=False raw_lane_x=-1 lane_filter=lost[0m
[self_driving-10] [0m[INFO] [1783007443.682608892] [self_driving]: [CMD] n=1109 source=pid_follow linear_x=0.15 linear_y=0.00 angular_z=0.10 state=LINE_FOLLOW stop=False lane_x=39.0 raw_lane_x=147.0 lane_filter=jump_reject cw_y=228 park_x=628 right_done=True[0m
[self_driving-10] [0m[INFO] [1783007444.022024391] [self_driving]: [CMD] n=1114 source=lane_lost_safe linear_x=0.05 linear_y=0.00 angular_z=0.00 state=LINE_FOLLOW stop=False raw_lane_x=-1 lane_filter=lost[0m
[self_driving-10] [0m[INFO] [1783007444.299585521] [self_driving]: [CMD] n=1118 source=pid_follow linear_x=0.15 linear_y=0.00 angular_z=0.10 state=LINE_FOLLOW stop=False lane_x=39.0 raw_lane_x=269.5 lane_filter=jump_reject cw_y=228 park_x=628 right_done=True[0m
[self_driving-10] [0m[INFO] [1783007444.364725373] [self_driving]: [CMD] n=1119 source=lane_lost_safe linear_x=0.05 linear_y=0.00 angular_z=0.00 state=LINE_FOLLOW stop=False raw_lane_x=-1 lane_filter=lost[0m
[self_driving-10] [0m[INFO] [1783007444.415664743] [self_driving]: [CMD] n=1120 source=pid_follow linear_x=0.15 linear_y=0.00 angular_z=0.10 state=LINE_FOLLOW stop=False lane_x=39.0 raw_lane_x=166.5 lane_filter=jump_reject cw_y=228 park_x=628 right_done=True[0m
[self_driving-10] [0m[INFO] [1783007446.508249223] [self_driving]: [CMD] n=1151 source=lane_lost_safe linear_x=0.05 linear_y=0.00 angular_z=0.00 state=LINE_FOLLOW stop=False raw_lane_x=-1 lane_filter=lost[0m
[self_driving-10] [0m[INFO] [1783007447.979292371] [self_driving]: [CMD] n=1173 source=pid_follow linear_x=0.15 linear_y=0.00 angular_z=0.10 state=LINE_FOLLOW stop=False lane_x=33.0 raw_lane_x=33.0 lane_filter=stable cw_y=363 park_x=-1 right_done=True[0m
[self_driving-10] [0m[INFO] [1783007448.453773944] [self_driving]: [CMD] n=1180 source=lane_lost_safe linear_x=0.05 linear_y=0.00 angular_z=0.00 state=LINE_FOLLOW stop=False raw_lane_x=-1 lane_filter=lost[0m
[self_driving-10] [0m[INFO] [1783007448.872129500] [self_driving]: [CMD] n=1186 source=pid_follow linear_x=0.15 linear_y=0.00 angular_z=0.10 state=LINE_FOLLOW stop=False lane_x=33.0 raw_lane_x=315.0 lane_filter=jump_reject cw_y=363 park_x=-1 right_done=True[0m
[self_driving-10] [0m[INFO] [1783007448.925655629] [self_driving]: [CMD] n=1187 source=lane_lost_safe linear_x=0.05 linear_y=0.00 angular_z=0.00 state=LINE_FOLLOW stop=False raw_lane_x=-1 lane_filter=lost[0m
[self_driving-10] [0m[INFO] [1783007450.270966406] [self_driving]: [CMD] n=1207 source=pid_follow linear_x=0.15 linear_y=0.00 angular_z=0.10 state=LINE_FOLLOW stop=False lane_x=33.0 raw_lane_x=272.0 lane_filter=jump_reject cw_y=363 park_x=-1 right_done=True[0m
[self_driving-10] [0m[INFO] [1783007450.453957036] [self_driving]: [CMD] n=1210 source=lane_lost_safe linear_x=0.05 linear_y=0.00 angular_z=0.00 state=LINE_FOLLOW stop=False raw_lane_x=-1 lane_filter=lost[0m
[self_driving-10] [0m[INFO] [1783007450.886915961] [self_driving]: [CMD] n=1216 source=pid_follow linear_x=0.15 linear_y=0.00 angular_z=0.10 state=LINE_FOLLOW stop=False lane_x=13.0 raw_lane_x=13.0 lane_filter=stable cw_y=363 park_x=-1 right_done=True[0m
[self_driving-10] [0m[INFO] [1783007451.126690517] [self_driving]: [CMD] n=1220 source=line_turn linear_x=0.15 linear_y=0.00 angular_z=-0.45 state=LINE_FOLLOW stop=False lane_x=214.0 raw_lane_x=214.0 lane_filter=stable cw_y=363 park_x=-1 right_done=True[0m
[self_driving-10] [0m[INFO] [1783007451.609464905] [self_driving]: [CMD] n=1227 source=lane_lost_safe linear_x=0.05 linear_y=0.00 angular_z=0.00 state=LINE_FOLLOW stop=False raw_lane_x=-1 lane_filter=lost[0m
[self_driving-10] [0m[INFO] [1783007451.809380146] [self_driving]: [CMD] n=1230 source=line_turn linear_x=0.15 linear_y=0.00 angular_z=-0.45 state=LINE_FOLLOW stop=False lane_x=250.5 raw_lane_x=15.5 lane_filter=jump_reject cw_y=218 park_x=-1 right_done=True[0m
[self_driving-10] [0m[INFO] [1783007452.008870535] [self_driving]: [CMD] n=1233 source=pid_follow linear_x=0.15 linear_y=0.00 angular_z=0.00 state=LINE_FOLLOW stop=False lane_x=195.0 raw_lane_x=195.0 lane_filter=stable cw_y=218 park_x=-1 right_done=True[0m
[self_driving-10] [0m[INFO] [1783007452.422848016] [self_driving]: [CMD] n=1239 source=lane_lost_safe linear_x=0.05 linear_y=0.00 angular_z=0.00 state=LINE_FOLLOW stop=False raw_lane_x=-1 lane_filter=lost[0m
[self_driving-10] [0m[INFO] [1783007453.092821108] [self_driving]: [CMD] n=1249 source=line_turn linear_x=0.15 linear_y=0.00 angular_z=-0.45 state=LINE_FOLLOW stop=False lane_x=259.0 raw_lane_x=259.0 lane_filter=stable cw_y=26 park_x=-1 right_done=True[0m
[self_driving-10] [0m[INFO] [1783007453.426701719] [self_driving]: [CMD] n=1254 source=pid_follow linear_x=0.15 linear_y=0.00 angular_z=0.00 state=LINE_FOLLOW stop=False lane_x=152.0 raw_lane_x=152.0 lane_filter=stable cw_y=26 park_x=-1 right_done=True[0m
[self_driving-10] [0m[INFO] [1783007458.662534772] [self_driving]: [CMD] n=1332 source=line_turn linear_x=0.15 linear_y=0.00 angular_z=-0.45 state=LINE_FOLLOW stop=False lane_x=201.0 raw_lane_x=201.0 lane_filter=stable cw_y=461 park_x=-1 right_done=True[0m
[self_driving-10] [0m[INFO] [1783007458.798835938] [self_driving]: [CMD] n=1334 source=pid_follow linear_x=0.15 linear_y=0.00 angular_z=-0.10 state=LINE_FOLLOW stop=False lane_x=200.0 raw_lane_x=200.0 lane_filter=stable cw_y=461 park_x=-1 right_done=True[0m
[self_driving-10] [0m[INFO] [1783007459.075656679] [self_driving]: [CMD] n=1338 source=line_turn linear_x=0.15 linear_y=0.00 angular_z=-0.45 state=LINE_FOLLOW stop=False lane_x=212.5 raw_lane_x=212.5 lane_filter=stable cw_y=461 park_x=-1 right_done=True[0m
[self_driving-10] [0m[INFO] [1783007459.598090030] [self_driving]: [CMD] n=1346 source=pid_follow linear_x=0.15 linear_y=0.00 angular_z=0.00 state=LINE_FOLLOW stop=False lane_x=159.5 raw_lane_x=159.5 lane_filter=jump_accept cw_y=461 park_x=-1 right_done=True[0m
[self_driving-10] [0m[INFO] [1783007460.004713715] [self_driving]: [CMD] n=1352 source=line_turn linear_x=0.15 linear_y=0.00 angular_z=-0.45 state=LINE_FOLLOW stop=False lane_x=211.0 raw_lane_x=211.0 lane_filter=stable cw_y=461 park_x=-1 right_done=True[0m
[self_driving-10] [0m[INFO] [1783007462.803546695] [self_driving]: [RIGHT_METRIC] valid=False can_trigger=False reject=['small_area'] cnt=0 cx=534 cy=126 w=22 h=27 area=594 score=0.64 done=True repeat=True cooldown_ok=True fsm_enabled=True[0m
[self_driving-10] [0m[INFO] [1783007462.843328936] [self_driving]: [CMD] n=1394 source=pid_follow linear_x=0.15 linear_y=0.00 angular_z=-0.10 state=LINE_FOLLOW stop=False lane_x=186.5 raw_lane_x=186.5 lane_filter=stable cw_y=0 park_x=-1 right_done=True[0m
[self_driving-10] [0m[INFO] [1783007463.140162880] [self_driving]: [RIGHT_METRIC] valid=False can_trigger=False reject=['small_area'] cnt=0 cx=452 cy=125 w=23 h=30 area=690 score=0.72 done=True repeat=True cooldown_ok=True fsm_enabled=True[0m
[self_driving-10] [0m[INFO] [1783007463.491331732] [self_driving]: [RIGHT_METRIC] valid=False can_trigger=False reject=['small_area'] cnt=0 cx=394 cy=125 w=25 h=34 area=850 score=0.83 done=True repeat=True cooldown_ok=True fsm_enabled=True[0m
[self_driving-10] [0m[INFO] [1783007464.930493509] [self_driving]: [RIGHT_METRIC] valid=False can_trigger=False reject=['small_area'] cnt=0 cx=200 cy=120 w=31 h=44 area=1364 score=0.85 done=True repeat=True cooldown_ok=True fsm_enabled=True[0m
[self_driving-10] [0m[INFO] [1783007465.258746434] [self_driving]: [RIGHT_METRIC] valid=False can_trigger=False reject=['small_area'] cnt=0 cx=174 cy=119 w=32 h=46 area=1472 score=0.86 done=True repeat=True cooldown_ok=True fsm_enabled=True[0m
[self_driving-10] [0m[INFO] [1783007465.614568601] [self_driving]: [RIGHT_METRIC] valid=False can_trigger=False reject=['small_area'] cnt=0 cx=171 cy=118 w=35 h=51 area=1785 score=0.86 done=True repeat=True cooldown_ok=True fsm_enabled=True[0m
[self_driving-10] [0m[INFO] [1783007465.949768841] [self_driving]: [RIGHT_METRIC] valid=False can_trigger=False reject=['small_area'] cnt=0 cx=158 cy=117 w=38 h=54 area=2052 score=0.86 done=True repeat=True cooldown_ok=True fsm_enabled=True[0m
[self_driving-10] [0m[INFO] [1783007466.275354637] [self_driving]: [RIGHT_METRIC] valid=False can_trigger=False reject=['small_area'] cnt=0 cx=116 cy=112 w=46 h=59 area=2714 score=0.87 done=True repeat=True cooldown_ok=True fsm_enabled=True[0m
[self_driving-10] [0m[INFO] [1783007467.304114711] [self_driving]: [RIGHT_METRIC] valid=True can_trigger=True reject=[] cnt=0 cx=50 cy=102 w=60 h=79 area=4740 score=0.84 done=True repeat=True cooldown_ok=True fsm_enabled=True[0m
[self_driving-10] [0m[INFO] [1783007467.647524488] [self_driving]: [RIGHT_METRIC] valid=True can_trigger=True reject=[] cnt=1 cx=44 cy=95 w=69 h=87 area=6003 score=0.85 done=True repeat=True cooldown_ok=True fsm_enabled=True[0m
[self_driving-10] [33m[WARN] [1783007467.648283970] [self_driving]: [RIGHT_READY] cx=44 cy=95 w=69 h=87 area=6003 score=0.85 repeat=True[0m
[self_driving-10] [33m[WARN] [1783007467.682942303] [self_driving]: [RIGHT_TRIGGER] enter ARROW_SIGNAL lane_x=133.0 raw_lane_x=133.0 filter=stable cw_y=0 candidate={'cx': 44, 'cy': 95, 'w': 69, 'h': 87, 'area': 6003, 'score': 0.8500000238418579} repeat=True[0m
[self_driving-10] [0m[INFO] [1783007467.683539970] [self_driving]: [1;36m[FSM] LINE_FOLLOW -> ARROW_SIGNAL[0m[0m
[self_driving-10] [0m[INFO] [1783007467.690633155] [self_driving]: [CMD] n=1466 source=right_trigger_stop linear_x=0.00 linear_y=0.00 angular_z=0.00 state=ARROW_SIGNAL stop=False [0m
[self_driving-10] [0m[INFO] [1783007467.726269933] [self_driving]: [CMD] n=1467 source=arrow_signal_wait linear_x=0.00 linear_y=0.00 angular_z=0.00 state=ARROW_SIGNAL stop=False [0m
[self_driving-10] [0m[INFO] [1783007467.986777099] [self_driving]: [RIGHT_METRIC] valid=True can_trigger=False reject=['cooldown', 'state_ARROW_SIGNAL'] cnt=0 cx=14 cy=86 w=29 h=101 area=2929 score=0.75 done=True repeat=True cooldown_ok=False fsm_enabled=True[0m
[self_driving-10] [0m[INFO] [1783007468.139024877] [self_driving]: [ARROW_SIGNAL] done elapsed=0.46 -> INTERSECTION direction=right[0m
[self_driving-10] [0m[INFO] [1783007468.139593062] [self_driving]: [1;36m[FSM] ARROW_SIGNAL -> INTERSECTION[0m[0m
[self_driving-10] [0m[INFO] [1783007468.195843081] [self_driving]: [CMD] n=1473 source=right_fsm_turn linear_x=0.10 linear_y=0.00 angular_z=-0.50 state=INTERSECTION stop=False [0m
[self_driving-10] [0m[INFO] [1783007469.969143006] [self_driving]: [1;36m[FSM] INTERSECTION -> LINE_FOLLOW[0m[0m
[self_driving-10] [33m[WARN] [1783007469.970893320] [self_driving]: [RIGHT_TURN_DONE] elapsed=1.83 lane_x=74.0 right_done=True repeat=True cooldown=2.0s -> LINE_FOLLOW[0m
[self_driving-10] [0m[INFO] [1783007470.045202135] [self_driving]: [CMD] n=1499 source=pid_follow linear_x=0.15 linear_y=0.00 angular_z=-0.10 state=LINE_FOLLOW stop=False lane_x=197.0 raw_lane_x=197.0 lane_filter=stable cw_y=285 park_x=-1 right_done=True[0m
[self_driving-10] [0m[INFO] [1783007470.437732728] [self_driving]: [CMD] n=1505 source=line_turn linear_x=0.15 linear_y=0.00 angular_z=-0.45 state=LINE_FOLLOW stop=False lane_x=242.5 raw_lane_x=242.5 lane_filter=stable cw_y=300 park_x=-1 right_done=True[0m
[self_driving-10] [0m[INFO] [1783007471.640279505] [self_driving]: [CMD] n=1523 source=pid_follow linear_x=0.15 linear_y=0.00 angular_z=0.00 state=LINE_FOLLOW stop=False lane_x=189.5 raw_lane_x=189.5 lane_filter=stable cw_y=393 park_x=-1 right_done=True[0m
[self_driving-10] [0m[INFO] [1783007473.052576226] [self_driving]: [PARK_METRIC] accept=True area=255/650 frames=0/2 cx=505 cy=130 score=0.74 reject=[] right_done=True cooldown_ok=True[0m
[self_driving-10] [33m[WARN] [1783007473.053330374] [self_driving]: [PARK_APPROACH_START] first_cx=505 first_cy=130 first_area=255 score=0.74 cw_y=168 ref_turn_age=1.41[0m
[self_driving-10] [0m[INFO] [1783007473.108725244] [self_driving]: [PARK_AREA_GATE] ok=False area=255/650 frames=0/2 age=0.06 cy=130 after_turn_ok=False cooldown_ok=True seen_recent=True[0m
[self_driving-10] [0m[INFO] [1783007473.109497337] [self_driving]: [CMD] n=1545 source=park_approach_hold linear_x=0.10 linear_y=0.00 angular_z=-0.06 state=LINE_FOLLOW stop=False lane_x=178.0 raw_lane_x=178.0 lane_filter=stable cw_y=168 park_x=505 park_age=0.06 park_area=255 park_cy=130 after_lane_turn_ok=False lane_stable_ok=True[0m
[self_driving-10] [0m[INFO] [1783007473.742240485] [self_driving]: [PARK_METRIC] accept=True area=323/650 frames=0/2 cx=520 cy=133 score=0.82 reject=[] right_done=True cooldown_ok=True[0m
[self_driving-10] [0m[INFO] [1783007474.134851114] [self_driving]: [PARK_AREA_GATE] ok=False area=304/650 frames=0/2 age=1.08 cy=132 after_turn_ok=False cooldown_ok=True seen_recent=True[0m
[self_driving-10] [0m[INFO] [1783007474.403699299] [self_driving]: [PARK_METRIC] accept=True area=320/650 frames=0/2 cx=517 cy=129 score=0.77 reject=[] right_done=True cooldown_ok=True[0m
[self_driving-10] [0m[INFO] [1783007475.108116003] [self_driving]: [PARK_METRIC] accept=True area=336/650 frames=0/2 cx=491 cy=127 score=0.75 reject=[] right_done=True cooldown_ok=True[0m
[self_driving-10] [0m[INFO] [1783007475.144391743] [self_driving]: [PARK_AREA_GATE] ok=False area=336/650 frames=0/2 age=2.09 cy=127 after_turn_ok=False cooldown_ok=True seen_recent=True[0m
[self_driving-10] [0m[INFO] [1783007475.766612150] [self_driving]: [PARK_METRIC] accept=True area=323/650 frames=0/2 cx=444 cy=139 score=0.73 reject=[] right_done=True cooldown_ok=True[0m
[self_driving-10] [0m[INFO] [1783007476.153204020] [self_driving]: [PARK_AREA_GATE] ok=False area=437/650 frames=0/2 age=3.10 cy=148 after_turn_ok=False cooldown_ok=True seen_recent=True[0m
[self_driving-10] [0m[INFO] [1783007476.438864224] [self_driving]: [PARK_METRIC] accept=True area=357/650 frames=0/2 cx=480 cy=147 score=0.83 reject=[] right_done=True cooldown_ok=True[0m
[self_driving-10] [0m[INFO] [1783007477.208366483] [self_driving]: [PARK_AREA_GATE] ok=False area=396/650 frames=0/2 age=4.16 cy=150 after_turn_ok=True cooldown_ok=True seen_recent=True[0m
[self_driving-10] [0m[INFO] [1783007477.479253446] [self_driving]: [PARK_METRIC] accept=True area=414/650 frames=0/2 cx=495 cy=127 score=0.74 reject=[] right_done=True cooldown_ok=True[0m
[self_driving-10] [0m[INFO] [1783007478.218573927] [self_driving]: [PARK_AREA_GATE] ok=False area=456/650 frames=0/2 age=5.17 cy=129 after_turn_ok=True cooldown_ok=True seen_recent=True[0m
[self_driving-10] [0m[INFO] [1783007478.462761278] [self_driving]: [PARK_METRIC] accept=True area=475/650 frames=0/2 cx=550 cy=132 score=0.84 reject=[] right_done=True cooldown_ok=True[0m
[self_driving-10] [0m[INFO] [1783007479.129702278] [self_driving]: [PARK_METRIC] accept=True area=567/650 frames=0/2 cx=590 cy=125 score=0.83 reject=[] right_done=True cooldown_ok=True[0m
[self_driving-10] [0m[INFO] [1783007479.229658296] [self_driving]: [PARK_AREA_GATE] ok=False area=567/650 frames=0/2 age=6.18 cy=125 after_turn_ok=True cooldown_ok=True seen_recent=True[0m
[self_driving-10] [0m[INFO] [1783007479.799879222] [self_driving]: [PARK_METRIC] accept=True area=493/650 frames=0/2 cx=630 cy=123 score=0.84 reject=[] right_done=True cooldown_ok=True[0m
[self_driving-10] [0m[INFO] [1783007480.233068574] [self_driving]: [PARK_AREA_GATE] ok=False area=493/650 frames=0/2 age=7.18 cy=123 after_turn_ok=True cooldown_ok=True seen_recent=True[0m
[self_driving-10] [0m[INFO] [1783007481.251103147] [self_driving]: [PARK_AREA_GATE] ok=False area=493/650 frames=0/2 age=8.20 cy=123 after_turn_ok=True cooldown_ok=True seen_recent=True[0m
[self_driving-10] [0m[INFO] [1783007482.259506961] [self_driving]: [PARK_AREA_GATE] ok=False area=493/650 frames=0/2 age=9.21 cy=123 after_turn_ok=True cooldown_ok=True seen_recent=True[0m
[self_driving-10] [0m[INFO] [1783007483.268278442] [self_driving]: [PARK_AREA_GATE] ok=False area=493/650 frames=0/2 age=10.21 cy=123 after_turn_ok=True cooldown_ok=True seen_recent=True[0m
[self_driving-10] [0m[INFO] [1783007484.266740312] [self_driving]: [PARK_AREA_GATE] ok=False area=493/650 frames=0/2 age=11.22 cy=123 after_turn_ok=True cooldown_ok=True seen_recent=True[0m
[self_driving-10] [0m[INFO] [1783007485.285226404] [self_driving]: [PARK_AREA_GATE] ok=False area=493/650 frames=0/2 age=12.23 cy=123 after_turn_ok=True cooldown_ok=True seen_recent=True[0m
[self_driving-10] [0m[INFO] [1783007486.341403181] [self_driving]: [PARK_AREA_GATE] ok=False area=493/650 frames=0/2 age=13.29 cy=123 after_turn_ok=True cooldown_ok=True seen_recent=True[0m
[self_driving-10] [0m[INFO] [1783007487.367436940] [self_driving]: [PARK_AREA_GATE] ok=False area=493/650 frames=0/2 age=14.32 cy=123 after_turn_ok=True cooldown_ok=True seen_recent=True[0m
[self_driving-10] [0m[INFO] [1783007488.426768717] [self_driving]: [PARK_AREA_GATE] ok=False area=493/650 frames=0/2 age=15.38 cy=123 after_turn_ok=True cooldown_ok=True seen_recent=True[0m
[self_driving-10] [0m[INFO] [1783007488.847403735] [self_driving]: [CMD] n=1779 source=lane_lost_safe linear_x=0.05 linear_y=0.00 angular_z=0.00 state=LINE_FOLLOW stop=False raw_lane_x=-1 lane_filter=lost[0m
[self_driving-10] [0m[INFO] [1783007488.983821716] [self_driving]: [CMD] n=1781 source=pid_follow linear_x=0.30 linear_y=0.00 angular_z=0.10 state=LINE_FOLLOW stop=False lane_x=11.5 raw_lane_x=11.5 lane_filter=stable cw_y=11 park_x=630 right_done=True[0m
[self_driving-10] [0m[INFO] [1783007489.242278753] [self_driving]: [CMD] n=1785 source=line_turn linear_x=0.30 linear_y=0.00 angular_z=-0.45 state=LINE_FOLLOW stop=False lane_x=232.0 raw_lane_x=232.0 lane_filter=stable cw_y=11 park_x=630 right_done=True[0m
[self_driving-10] [0m[INFO] [1783007489.997238901] [self_driving]: [CMD] n=1796 source=pid_follow linear_x=0.30 linear_y=0.00 angular_z=0.00 state=LINE_FOLLOW stop=False lane_x=170.0 raw_lane_x=170.0 lane_filter=stable cw_y=23 park_x=-1 right_done=True[0m
[self_driving-10] [0m[INFO] [1783007490.588163827] [self_driving]: [CMD] n=1805 source=lane_lost_safe linear_x=0.05 linear_y=0.00 angular_z=0.00 state=LINE_FOLLOW stop=False raw_lane_x=-1 lane_filter=lost[0m
[self_driving-10] [0m[INFO] [1783007493.934789010] [self_driving]: [CMD] n=1855 source=pid_follow linear_x=0.30 linear_y=0.00 angular_z=0.10 state=LINE_FOLLOW stop=False lane_x=112.5 raw_lane_x=290.0 lane_filter=jump_reject cw_y=12 park_x=-1 right_done=True[0m
[self_driving-10] [0m[INFO] [1783007494.167794232] [self_driving]: [CMD] n=1858 source=lane_lost_safe linear_x=0.05 linear_y=0.00 angular_z=0.00 state=LINE_FOLLOW stop=False raw_lane_x=-1 lane_filter=lost[0m
[self_driving-10] [0m[INFO] [1783007494.272895695] [self_driving]: [CMD] n=1860 source=line_turn linear_x=0.30 linear_y=0.00 angular_z=-0.45 state=LINE_FOLLOW stop=False lane_x=259.5 raw_lane_x=259.5 lane_filter=jump_accept cw_y=12 park_x=-1 right_done=True[0m
[self_driving-10] [0m[INFO] [1783007494.476444602] [self_driving]: [CMD] n=1863 source=pid_follow linear_x=0.30 linear_y=0.00 angular_z=-0.10 state=LINE_FOLLOW stop=False lane_x=180.5 raw_lane_x=180.5 lane_filter=stable cw_y=12 park_x=-1 right_done=True[0m
[self_driving-10] [0m[INFO] [1783007495.912654379] [self_driving]: [CMD] n=1884 source=lane_lost_safe linear_x=0.05 linear_y=0.00 angular_z=0.00 state=LINE_FOLLOW stop=False raw_lane_x=-1 lane_filter=lost[0m
