[INFO] [launch]: All log files can be found below /home/ubuntu/.ros/log/2026-07-02-16-58-02-959927-raspberrypi-559610
[INFO] [launch]: Default logging verbosity is set to INFO
[INFO] [ascamera_node-1]: process started with pid [559620]
[INFO] [static_transform_publisher-2]: process started with pid [559622]
[INFO] [static_transform_publisher-3]: process started with pid [559624]
[INFO] [joint_state_publisher-4]: process started with pid [559626]
[INFO] [robot_state_publisher-5]: process started with pid [559628]
[INFO] [ros_robot_controller-6]: process started with pid [559630]
[INFO] [odom_publisher-7]: process started with pid [559632]
[INFO] [ekf_node-8]: process started with pid [559639]
[INFO] [yolo_detect-9]: process started with pid [559644]
[INFO] [self_driving-10]: process started with pid [559654]
[ascamera_node-1] [0m[INFO] [1783011483.726010780] [as_logger]: hello world angstrong camera ros2 node[0m
[static_transform_publisher-2] [33m[WARN] [1783011483.705942947] []: Old-style arguments are deprecated; see --help for new-style arguments[0m
[static_transform_publisher-3] [33m[WARN] [1783011483.713327187] []: Old-style arguments are deprecated; see --help for new-style arguments[0m
[ascamera_node-1] 2026-07-02 16:58:03[INFO] [CameraPublisher.cpp] [1558] [printLaunchParams] get depth_width 640
[ascamera_node-1] 2026-07-02 16:58:03[INFO] [CameraPublisher.cpp] [1559] [printLaunchParams] get depth_height 480
[ascamera_node-1] 2026-07-02 16:58:03[INFO] [CameraPublisher.cpp] [1561] [printLaunchParams] get rgb_width 640
[ascamera_node-1] 2026-07-02 16:58:03[INFO] [CameraPublisher.cpp] [1562] [printLaunchParams] get rgb_height 480
[ascamera_node-1] 2026-07-02 16:58:03[INFO] [CameraPublisher.cpp] [1570] [printLaunchParams] get set_fps 15
[ascamera_node-1] 2026-07-02 16:58:03[INFO] [CameraPublisher.cpp] [1578] [printLaunchParams] get color_pcl 1
[ascamera_node-1] 2026-07-02 16:58:03[INFO] [CameraPublisher.cpp] [1582] [printLaunchParams] get pub_tfTree 1
[ascamera_node-1] 2026-07-02 16:58:03[INFO] [CameraSrv.cpp] [35] [CameraSrv] Angstrong camera server
[ascamera_node-1] 2026-07-02 16:58:03[INFO] [CameraSrv.cpp] [45] [CameraSrv] Angstrong camera sdk version:v1.2.22.20240516
[static_transform_publisher-2] [0m[INFO] [1783011483.782125780] [static_transform_publisher_WeKnPGfw40QPFWBR]: Spinning until stopped - publishing transform
[static_transform_publisher-2] translation: ('0.000000', '0.000000', '0.000000')
[static_transform_publisher-2] rotation: ('-0.500000', '0.499602', '-0.500000', '0.500398')
[static_transform_publisher-2] from 'depth_cam' to 'ascamera_camera_link_0'[0m
[static_transform_publisher-3] [0m[INFO] [1783011483.826449206] [static_transform_publisher_w5coMyHfeKxzw6hl]: Spinning until stopped - publishing transform
[static_transform_publisher-3] translation: ('0.000000', '0.000000', '0.000000')
[static_transform_publisher-3] rotation: ('-0.500000', '0.499602', '-0.500000', '0.500398')
[static_transform_publisher-3] from 'depth_cam' to 'ascamera_color_0'[0m
[robot_state_publisher-5] [0m[INFO] [1783011483.842480076] [robot_state_publisher]: got segment base_footprint[0m
[robot_state_publisher-5] [0m[INFO] [1783011483.842805484] [robot_state_publisher]: got segment base_link[0m
[robot_state_publisher-5] [0m[INFO] [1783011483.842839761] [robot_state_publisher]: got segment depth_cam[0m
[robot_state_publisher-5] [0m[INFO] [1783011483.842852687] [robot_state_publisher]: got segment imu_link[0m
[robot_state_publisher-5] [0m[INFO] [1783011483.842862761] [robot_state_publisher]: got segment lidar_frame[0m
[robot_state_publisher-5] [0m[INFO] [1783011483.842871335] [robot_state_publisher]: got segment wheel_lb_Link[0m
[robot_state_publisher-5] [0m[INFO] [1783011483.842879428] [robot_state_publisher]: got segment wheel_lf_Link[0m
[robot_state_publisher-5] [0m[INFO] [1783011483.842888243] [robot_state_publisher]: got segment wheel_rb_Link[0m
[robot_state_publisher-5] [0m[INFO] [1783011483.842899317] [robot_state_publisher]: got segment wheel_rf_Link[0m
[odom_publisher-7] [0m[INFO] [1783011484.655656724] [odom_publisher]: [1;32m0.930000 1.010000[0m[0m
[odom_publisher-7] [0m[INFO] [1783011484.683911631] [odom_publisher]: [1;32mstart[0m[0m
[ascamera_node-1] 2026-07-02 16:58:04[INFO] [CameraSrv.cpp] [114] [onAttached] attached
[ascamera_node-1] 2026-07-02 16:58:04[INFO] [CameraSrv.cpp] [145] [onAttached] this is a new attach device, create and open it
[joint_state_publisher-4] [0m[INFO] [1783011484.865416853] [joint_state_publisher]: Waiting for robot_description to be published on the robot_description topic...[0m
[ros_robot_controller-6] [0m[INFO] [1783011485.177066075] [ros_robot_controller]: 已设置舵机 1 的偏移量为 0[0m
[ros_robot_controller-6] [0m[INFO] [1783011485.178847316] [ros_robot_controller]: 已设置舵机 2 的偏移量为 0[0m
[ros_robot_controller-6] [0m[INFO] [1783011485.180173668] [ros_robot_controller]: 已设置舵机 3 的偏移量为 4[0m
[ros_robot_controller-6] [0m[INFO] [1783011485.181403372] [ros_robot_controller]: 已设置舵机 4 的偏移量为 0[0m
[ros_robot_controller-6] [0m[INFO] [1783011485.185606890] [ros_robot_controller]: [1;32mstart[0m[0m
[self_driving-10] [0m[INFO] [1783011485.336086797] [self_driving]: [INIT] init_process started[0m
[self_driving-10] [0m[INFO] [1783011485.337297594] [self_driving]: [INIT] only_line_follow=False[0m
[self_driving-10] [0m[INFO] [1783011485.337746834] [self_driving]: [INIT] request /yolov5/start[0m
[ascamera_node-1] 2026-07-02 16:58:05[INFO] [CameraSrv.cpp] [154] [onAttached] get model type 9
[ascamera_node-1] 2026-07-02 16:58:05[INFO] [CameraSrv.cpp] [342] [getConfigFile] get file: /home/ubuntu/third_party_ros2/third_party_ws/src/ascamera/configurationfiles/hp60c_v2_00_20230704_configEncrypt.json
[ascamera_node-1] 2026-07-02 16:58:05[INFO] [CameraPublisher.cpp] [1501] [logCameraPathInfo] usb camera
[ascamera_node-1] 2026-07-02 16:58:05[INFO] [CameraPublisher.cpp] [1502] [logCameraPathInfo] bnum:1
[ascamera_node-1] 2026-07-02 16:58:05[INFO] [CameraPublisher.cpp] [1503] [logCameraPathInfo] dnum:3
[ascamera_node-1] 2026-07-02 16:58:05[INFO] [CameraPublisher.cpp] [1504] [logCameraPathInfo] port_numbers:2
[ascamera_node-1] 2026-07-02 16:58:05[INFO] [CameraPublisher.cpp] [171] [onCameraAttached] create a new publisher info set
[ascamera_node-1] 2026-07-02 16:58:05[INFO] [TfTreeFrameIdInfo.cpp] [11] [TfTreeFrameIdInfo] Namespace /ascamera
[ascamera_node-1] 2026-07-02 16:58:05[INFO] [CameraHp60c.cpp] [128] [open] according to the configuration file.
[ascamera_node-1] 2026-07-02 16:58:05[INFO] [CameraHp60c.cpp] [1528] [parseConfigFileParameter] moduleName:AS_CAM_HP60C
[ascamera_node-1] 2026-07-02 16:58:05[INFO] [CameraHp60c.cpp] [1555] [parseConfigFileParameter] Parsing config file /home/ubuntu/third_party_ros2/third_party_ws/src/ascamera/configurationfiles/hp60c_v2_00_20230704_configEncrypt.json
[ascamera_node-1] 2026-07-02 16:58:05[INFO] [CameraHp60c.cpp] [1620] [parseConfigFileParameter] configuration protocol Version: v2.x
[ascamera_node-1] 2026-07-02 16:58:05[INFO] [CameraHp60c.cpp] [1631] [parseConfigFileParameter] configuration Version: v2.0.0.20230704
[ascamera_node-1] 2026-07-02 16:58:05[INFO] [CameraHp60c.cpp] [1796] [setParamersAfterOpenCam] Camera confiParaEnable true, setting configuration parameter
[self_driving-10] [33m[WARN] [1783011487.341050667] [self_driving]: [YOLO_SERVICE] service not ready, continue without blocking[0m
[ascamera_node-1] 2026-07-02 16:58:07[ERROR] [XuCmdCameraHp60c.cpp] [454] [getMjpegSize] get mjpeg from xu command failed
[ascamera_node-1] 2026-07-02 16:58:07[INFO] [XuCmdCameraHp60c.cpp] [458] [getMjpegSize] mjpeg size:640x480
[ascamera_node-1] 2026-07-02 16:58:07[INFO] [CameraPublisher.cpp] [356] [onCameraOpen] camera opened
[ascamera_node-1] 2026-07-02 16:58:07[INFO] [CameraPublisher.cpp] [370] [onCameraOpen] get config info, ret 0, is_Registration 1
[ascamera_node-1] 2026-07-02 16:58:07[INFO] [Camera.cpp] [61] [init] #camera[0x55560f542710] SN[ASC60CF08000515]'s firmware version:DLS_VERc20865=:V01.09_2024110714:V01.19_2024110714:L01
[ascamera_node-1] 2026-07-02 16:58:07[INFO] [CameraPublisher.cpp] [1183] [setResolution] set depth resolution: 640 x 480 @ 15fps
[ascamera_node-1] 2026-07-02 16:58:07[INFO] [CameraPublisher.cpp] [1197] [setResolution] set rgb resolution: 640 x 480 @ 15fps
[ascamera_node-1] 2026-07-02 16:58:07[INFO] [CameraHp60c.cpp] [260] [startStreaming] start streaming
[ascamera_node-1] 2026-07-02 16:58:07[INFO] [CameraSrv.cpp] [202] [onAttached] attached end
[self_driving-10] [0m[INFO] [1783011487.841767592] [self_driving]: [INIT] enter + set_running start[0m
[self_driving-10] [0m[INFO] [1783011487.842800592] [self_driving]: [1;32mself driving enter[0m[0m
[self_driving-10] [0m[INFO] [1783011487.851968463] [self_driving]: [SUB] image=/ascamera/camera_publisher/rgb0/image object=/yolov5_ros2/object_detect[0m
[self_driving-10] [0m[INFO] [1783011487.852677444] [self_driving]: [1;32mset_running[0m[0m
[self_driving-10] [0m[INFO] [1783011487.857990092] [self_driving]: [1;32m[START] hybrid self_driving ready: WAIT_START, press button to LINE_FOLLOW[0m[0m
[INFO] [apply_calib-11]: process started with pid [559809]
[INFO] [complementary_filter_node-12]: process started with pid [559811]
[ascamera_node-1] 2026-07-02 16:58:09[INFO] [CameraHp60c.cpp] [912] [setInternalParameter] mjpeg info: size(640x480)
[complementary_filter_node-12] [0m[INFO] [1783011489.105781814] [imu_filter]: Starting ComplementaryFilterROS[0m
[ascamera_node-1] 2026-07-02 16:58:09[INFO] [Camera.cpp] [127] [backgroundThread] SN [ ASC60CF08000515 ]'s parameter:
[ascamera_node-1] 2026-07-02 16:58:09[INFO] [Camera.cpp] [128] [backgroundThread] irfx: 426.962
[ascamera_node-1] 2026-07-02 16:58:09[INFO] [Camera.cpp] [129] [backgroundThread] irfy: 426.374
[ascamera_node-1] 2026-07-02 16:58:09[INFO] [Camera.cpp] [130] [backgroundThread] ircx: 315.403
[ascamera_node-1] 2026-07-02 16:58:09[INFO] [Camera.cpp] [131] [backgroundThread] ircy: 240.933
[ascamera_node-1] 2026-07-02 16:58:09[INFO] [Camera.cpp] [132] [backgroundThread] rgbfx: 570.48
[ascamera_node-1] 2026-07-02 16:58:09[INFO] [Camera.cpp] [133] [backgroundThread] rgbfy: 569.949
[ascamera_node-1] 2026-07-02 16:58:09[INFO] [Camera.cpp] [134] [backgroundThread] rgbcx: 329.75
[ascamera_node-1] 2026-07-02 16:58:09[INFO] [Camera.cpp] [135] [backgroundThread] rgbcy: 238.406
[ascamera_node-1] 
[ascamera_node-1] 2026-07-02 16:58:09[INFO] [CameraHp60c.cpp] [1149] [streamCallback] set gain ret 0, gain 4
[self_driving-10] [0m[INFO] [1783011489.553099888] [self_driving]: [IMAGE] received count=1 shape=(480, 640, 3) queue=0[0m
[self_driving-10] [0m[INFO] [1783011489.555200073] [self_driving]: [WAIT_START] waiting for physical button /ros_robot_controller/button[0m
[apply_calib-11] [0m[INFO] [1783011489.735554517] [imu_calib]: Calibrating gyros; do not move the IMU[0m
[self_driving-10] [0m[INFO] [1783011490.104740961] [self_driving]: [WAIT_START] waiting for physical button /ros_robot_controller/button[0m
[self_driving-10] [0m[INFO] [1783011490.669523535] [self_driving]: [WAIT_START] waiting for physical button /ros_robot_controller/button[0m
[self_driving-10] [0m[INFO] [1783011491.233616387] [self_driving]: [WAIT_START] waiting for physical button /ros_robot_controller/button[0m
[yolo_detect-9] [0m[INFO] [1783011491.233654127] [yolov5_ros2]: Current ROS 2 distribution: humble[0m
[self_driving-10] [0m[INFO] [1783011491.555785497] [self_driving]: [IMAGE] received count=26 shape=(480, 640, 3) queue=0[0m
[apply_calib-11] [0m[INFO] [1783011491.788430960] [imu_calib]: Gyro calibration complete! (bias = [-0.006, 0.029, 0.000])[0m
[self_driving-10] [0m[INFO] [1783011491.811270071] [self_driving]: [WAIT_START] waiting for physical button /ros_robot_controller/button[0m
[self_driving-10] [0m[INFO] [1783011492.382049886] [self_driving]: [WAIT_START] waiting for physical button /ros_robot_controller/button[0m
[self_driving-10] [0m[INFO] [1783011492.932247534] [self_driving]: [WAIT_START] waiting for physical button /ros_robot_controller/button[0m
[self_driving-10] [0m[INFO] [1783011493.432502274] [self_driving]: [WAIT_START] waiting for physical button /ros_robot_controller/button[0m
[self_driving-10] [0m[INFO] [1783011493.606202737] [self_driving]: [IMAGE] received count=51 shape=(480, 640, 3) queue=0[0m
[self_driving-10] [0m[INFO] [1783011493.988829589] [self_driving]: [WAIT_START] waiting for physical button /ros_robot_controller/button[0m
[self_driving-10] [0m[INFO] [1783011494.496647292] [self_driving]: [WAIT_START] waiting for physical button /ros_robot_controller/button[0m
[self_driving-10] [0m[INFO] [1783011495.038927144] [self_driving]: [WAIT_START] waiting for physical button /ros_robot_controller/button[0m
[self_driving-10] [0m[INFO] [1783011495.592841569] [self_driving]: [WAIT_START] waiting for physical button /ros_robot_controller/button[0m
[self_driving-10] [0m[INFO] [1783011495.672237606] [self_driving]: [IMAGE] received count=77 shape=(480, 640, 3) queue=0[0m
[self_driving-10] [0m[INFO] [1783011496.173814698] [self_driving]: [WAIT_START] waiting for physical button /ros_robot_controller/button[0m
[self_driving-10] [0m[INFO] [1783011496.734224976] [self_driving]: [WAIT_START] waiting for physical button /ros_robot_controller/button[0m
[self_driving-10] [0m[INFO] [1783011497.282599735] [self_driving]: [WAIT_START] waiting for physical button /ros_robot_controller/button[0m
[self_driving-10] [0m[INFO] [1783011497.694016031] [self_driving]: [IMAGE] received count=102 shape=(480, 640, 3) queue=0[0m
[self_driving-10] [0m[INFO] [1783011497.865471660] [self_driving]: [WAIT_START] waiting for physical button /ros_robot_controller/button[0m
[self_driving-10] [0m[INFO] [1783011497.920741068] [self_driving]: [OBJECTS] msg_count=1 n=1 names=['crosswalk'][0m
[self_driving-10] [0m[INFO] [1783011498.420408419] [self_driving]: [WAIT_START] waiting for physical button /ros_robot_controller/button[0m
[self_driving-10] [0m[INFO] [1783011498.889299789] [self_driving]: [OBJECTS] msg_count=2 n=1 names=['crosswalk'][0m
[self_driving-10] [0m[INFO] [1783011498.893349067] [self_driving]: [CW_CANDIDATE] name=crosswalkcx=598 y2=389 area=1053 score=0.67 [0m
[self_driving-10] [0m[INFO] [1783011498.931985234] [self_driving]: [WAIT_START] waiting for physical button /ros_robot_controller/button[0m
[self_driving-10] [0m[INFO] [1783011499.465035919] [self_driving]: [WAIT_START] waiting for physical button /ros_robot_controller/button[0m
[self_driving-10] [0m[INFO] [1783011499.537433289] [self_driving]: [OBJECTS] msg_count=3 n=1 names=['crosswalk'][0m
[self_driving-10] [0m[INFO] [1783011499.542938270] [self_driving]: [CW_CANDIDATE] name=crosswalkcx=588 y2=380 area=1957 score=0.54 [0m
[self_driving-10] [0m[INFO] [1783011499.716882122] [self_driving]: [IMAGE] received count=127 shape=(480, 640, 3) queue=0[0m
[self_driving-10] [0m[INFO] [1783011499.966471622] [self_driving]: [WAIT_START] waiting for physical button /ros_robot_controller/button[0m
[self_driving-10] [0m[INFO] [1783011500.539090548] [self_driving]: [WAIT_START] waiting for physical button /ros_robot_controller/button[0m
[self_driving-10] [0m[INFO] [1783011501.091651251] [self_driving]: [WAIT_START] waiting for physical button /ros_robot_controller/button[0m
[self_driving-10] [0m[INFO] [1783011501.639153621] [self_driving]: [WAIT_START] waiting for physical button /ros_robot_controller/button[0m
[self_driving-10] [0m[INFO] [1783011501.730683695] [self_driving]: [IMAGE] received count=152 shape=(480, 640, 3) queue=0[0m
[self_driving-10] [0m[INFO] [1783011502.138747473] [self_driving]: [WAIT_START] waiting for physical button /ros_robot_controller/button[0m
[self_driving-10] [0m[INFO] [1783011502.687781398] [self_driving]: [WAIT_START] waiting for physical button /ros_robot_controller/button[0m
[self_driving-10] [0m[INFO] [1783011503.188728416] [self_driving]: [WAIT_START] waiting for physical button /ros_robot_controller/button[0m
[self_driving-10] [0m[INFO] [1783011503.757307453] [self_driving]: [IMAGE] received count=177 shape=(480, 640, 3) queue=0[0m
[self_driving-10] [0m[INFO] [1783011503.761786231] [self_driving]: [WAIT_START] waiting for physical button /ros_robot_controller/button[0m
[self_driving-10] [0m[INFO] [1783011504.319539045] [self_driving]: [WAIT_START] waiting for physical button /ros_robot_controller/button[0m
[self_driving-10] [0m[INFO] [1783011504.894789989] [self_driving]: [WAIT_START] waiting for physical button /ros_robot_controller/button[0m
[self_driving-10] [0m[INFO] [1783011505.432914304] [self_driving]: [WAIT_START] waiting for physical button /ros_robot_controller/button[0m
[self_driving-10] [0m[INFO] [1783011505.766375582] [self_driving]: [IMAGE] received count=202 shape=(480, 640, 3) queue=0[0m
[self_driving-10] [0m[INFO] [1783011505.988988674] [self_driving]: [WAIT_START] waiting for physical button /ros_robot_controller/button[0m
[self_driving-10] [0m[INFO] [1783011506.569910655] [self_driving]: [WAIT_START] waiting for physical button /ros_robot_controller/button[0m
[self_driving-10] [0m[INFO] [1783011507.136359247] [self_driving]: [WAIT_START] waiting for physical button /ros_robot_controller/button[0m
[self_driving-10] [0m[INFO] [1783011507.701899710] [self_driving]: [WAIT_START] waiting for physical button /ros_robot_controller/button[0m
[self_driving-10] [0m[INFO] [1783011507.775240377] [self_driving]: [IMAGE] received count=227 shape=(480, 640, 3) queue=0[0m
[self_driving-10] [0m[INFO] [1783011508.271322654] [self_driving]: [WAIT_START] waiting for physical button /ros_robot_controller/button[0m
[self_driving-10] [0m[INFO] [1783011508.845064117] [self_driving]: [WAIT_START] waiting for physical button /ros_robot_controller/button[0m
[self_driving-10] [0m[INFO] [1783011509.407517505] [self_driving]: [WAIT_START] waiting for physical button /ros_robot_controller/button[0m
[self_driving-10] [0m[INFO] [1783011509.787888487] [self_driving]: [IMAGE] received count=252 shape=(480, 640, 3) queue=0[0m
[self_driving-10] [0m[INFO] [1783011509.948839079] [self_driving]: [WAIT_START] waiting for physical button /ros_robot_controller/button[0m
[self_driving-10] [0m[INFO] [1783011510.527530986] [self_driving]: [WAIT_START] waiting for physical button /ros_robot_controller/button[0m
[self_driving-10] [0m[INFO] [1783011511.091665967] [self_driving]: [WAIT_START] waiting for physical button /ros_robot_controller/button[0m
[self_driving-10] [0m[INFO] [1783011511.666514634] [self_driving]: [WAIT_START] waiting for physical button /ros_robot_controller/button[0m
[self_driving-10] [0m[INFO] [1783011511.811741745] [self_driving]: [IMAGE] received count=277 shape=(480, 640, 3) queue=0[0m
[self_driving-10] [0m[INFO] [1783011512.214325874] [self_driving]: [WAIT_START] waiting for physical button /ros_robot_controller/button[0m
[self_driving-10] [0m[INFO] [1783011512.778250966] [self_driving]: [WAIT_START] waiting for physical button /ros_robot_controller/button[0m
[self_driving-10] [0m[INFO] [1783011513.343685855] [self_driving]: [WAIT_START] waiting for physical button /ros_robot_controller/button[0m
[self_driving-10] [0m[INFO] [1783011513.828771706] [self_driving]: [IMAGE] received count=302 shape=(480, 640, 3) queue=0[0m
[self_driving-10] [0m[INFO] [1783011513.907384484] [self_driving]: [WAIT_START] waiting for physical button /ros_robot_controller/button[0m
[self_driving-10] [0m[INFO] [1783011514.462061687] [self_driving]: [WAIT_START] waiting for physical button /ros_robot_controller/button[0m
[self_driving-10] [0m[INFO] [1783011515.039792132] [self_driving]: [WAIT_START] waiting for physical button /ros_robot_controller/button[0m
[self_driving-10] [0m[INFO] [1783011515.605983613] [self_driving]: [WAIT_START] waiting for physical button /ros_robot_controller/button[0m
[self_driving-10] [0m[INFO] [1783011515.848073520] [self_driving]: [IMAGE] received count=327 shape=(480, 640, 3) queue=0[0m
[self_driving-10] [0m[INFO] [1783011516.172105335] [self_driving]: [WAIT_START] waiting for physical button /ros_robot_controller/button[0m
[self_driving-10] [0m[INFO] [1783011516.732633705] [self_driving]: [WAIT_START] waiting for physical button /ros_robot_controller/button[0m
[self_driving-10] [0m[INFO] [1783011517.289109593] [self_driving]: [WAIT_START] waiting for physical button /ros_robot_controller/button[0m
[self_driving-10] [0m[INFO] [1783011517.798041889] [self_driving]: [WAIT_START] waiting for physical button /ros_robot_controller/button[0m
[self_driving-10] [0m[INFO] [1783011517.862215519] [self_driving]: [IMAGE] received count=352 shape=(480, 640, 3) queue=0[0m
[self_driving-10] [0m[INFO] [1783011518.360115444] [self_driving]: [WAIT_START] waiting for physical button /ros_robot_controller/button[0m
[self_driving-10] [0m[INFO] [1783011518.911738777] [self_driving]: [WAIT_START] waiting for physical button /ros_robot_controller/button[0m
[self_driving-10] [0m[INFO] [1783011519.474032296] [self_driving]: [WAIT_START] waiting for physical button /ros_robot_controller/button[0m
[self_driving-10] [0m[INFO] [1783011519.877168740] [self_driving]: [IMAGE] received count=377 shape=(480, 640, 3) queue=0[0m
[self_driving-10] [0m[INFO] [1783011520.028968018] [self_driving]: [WAIT_START] waiting for physical button /ros_robot_controller/button[0m
[self_driving-10] [0m[INFO] [1783011520.603612480] [self_driving]: [WAIT_START] waiting for physical button /ros_robot_controller/button[0m
[self_driving-10] [0m[INFO] [1783011521.172362406] [self_driving]: [WAIT_START] waiting for physical button /ros_robot_controller/button[0m
[self_driving-10] [0m[INFO] [1783011521.716597517] [self_driving]: [WAIT_START] waiting for physical button /ros_robot_controller/button[0m
[self_driving-10] [0m[INFO] [1783011521.888729905] [self_driving]: [IMAGE] received count=402 shape=(480, 640, 3) queue=0[0m
[self_driving-10] [0m[INFO] [1783011522.230670775] [self_driving]: [WAIT_START] waiting for physical button /ros_robot_controller/button[0m
[self_driving-10] [0m[INFO] [1783011522.782643886] [self_driving]: [WAIT_START] waiting for physical button /ros_robot_controller/button[0m
[self_driving-10] [0m[INFO] [1783011523.329796219] [self_driving]: [WAIT_START] waiting for physical button /ros_robot_controller/button[0m
[self_driving-10] [0m[INFO] [1783011523.836525997] [self_driving]: [WAIT_START] waiting for physical button /ros_robot_controller/button[0m
[self_driving-10] [0m[INFO] [1783011523.906186700] [self_driving]: [IMAGE] received count=427 shape=(480, 640, 3) queue=0[0m
[self_driving-10] [0m[INFO] [1783011524.406749552] [self_driving]: [WAIT_START] waiting for physical button /ros_robot_controller/button[0m
[self_driving-10] [0m[INFO] [1783011524.946232829] [self_driving]: [WAIT_START] waiting for physical button /ros_robot_controller/button[0m
[self_driving-10] [0m[INFO] [1783011525.510274107] [self_driving]: [WAIT_START] waiting for physical button /ros_robot_controller/button[0m
[self_driving-10] [0m[INFO] [1783011525.923334662] [self_driving]: [IMAGE] received count=452 shape=(480, 640, 3) queue=0[0m
[self_driving-10] [0m[INFO] [1783011526.018852069] [self_driving]: [WAIT_START] waiting for physical button /ros_robot_controller/button[0m
[self_driving-10] [0m[INFO] [1783011526.567005551] [self_driving]: [WAIT_START] waiting for physical button /ros_robot_controller/button[0m
[self_driving-10] [0m[INFO] [1783011527.138799087] [self_driving]: [WAIT_START] waiting for physical button /ros_robot_controller/button[0m
[self_driving-10] [0m[INFO] [1783011527.697089291] [self_driving]: [WAIT_START] waiting for physical button /ros_robot_controller/button[0m
[self_driving-10] [0m[INFO] [1783011527.931546328] [self_driving]: [IMAGE] received count=477 shape=(480, 640, 3) queue=0[0m
[self_driving-10] [0m[INFO] [1783011528.264177457] [self_driving]: [WAIT_START] waiting for physical button /ros_robot_controller/button[0m
[self_driving-10] [0m[INFO] [1783011528.833061086] [self_driving]: [WAIT_START] waiting for physical button /ros_robot_controller/button[0m
[self_driving-10] [0m[INFO] [1783011529.397918642] [self_driving]: [WAIT_START] waiting for physical button /ros_robot_controller/button[0m
[self_driving-10] [0m[INFO] [1783011529.952887641] [self_driving]: [IMAGE] received count=502 shape=(480, 640, 3) queue=0[0m
[self_driving-10] [0m[INFO] [1783011529.954135326] [self_driving]: [WAIT_START] waiting for physical button /ros_robot_controller/button[0m
[self_driving-10] [0m[INFO] [1783011530.519665271] [self_driving]: [WAIT_START] waiting for physical button /ros_robot_controller/button[0m
[self_driving-10] [0m[INFO] [1783011531.086318196] [self_driving]: [WAIT_START] waiting for physical button /ros_robot_controller/button[0m
[self_driving-10] [0m[INFO] [1783011531.650184659] [self_driving]: [WAIT_START] waiting for physical button /ros_robot_controller/button[0m
[self_driving-10] [0m[INFO] [1783011531.957893325] [self_driving]: [IMAGE] received count=527 shape=(480, 640, 3) queue=0[0m
[self_driving-10] [0m[INFO] [1783011532.215294418] [self_driving]: [WAIT_START] waiting for physical button /ros_robot_controller/button[0m
[self_driving-10] [0m[INFO] [1783011532.790292510] [self_driving]: [WAIT_START] waiting for physical button /ros_robot_controller/button[0m
[self_driving-10] [0m[INFO] [1783011533.339379473] [self_driving]: [WAIT_START] waiting for physical button /ros_robot_controller/button[0m
[self_driving-10] [0m[INFO] [1783011533.895558009] [self_driving]: [WAIT_START] waiting for physical button /ros_robot_controller/button[0m
[self_driving-10] [0m[INFO] [1783011533.987115102] [self_driving]: [IMAGE] received count=552 shape=(480, 640, 3) queue=0[0m
[self_driving-10] [0m[INFO] [1783011534.402308657] [self_driving]: [WAIT_START] waiting for physical button /ros_robot_controller/button[0m
[self_driving-10] [0m[INFO] [1783011534.952781064] [self_driving]: [WAIT_START] waiting for physical button /ros_robot_controller/button[0m
[self_driving-10] [0m[INFO] [1783011535.511882675] [self_driving]: [WAIT_START] waiting for physical button /ros_robot_controller/button[0m
[self_driving-10] [0m[INFO] [1783011535.996249767] [self_driving]: [IMAGE] received count=577 shape=(480, 640, 3) queue=0[0m
[self_driving-10] [0m[INFO] [1783011536.076606101] [self_driving]: [WAIT_START] waiting for physical button /ros_robot_controller/button[0m
[self_driving-10] [0m[INFO] [1783011536.648459322] [self_driving]: [WAIT_START] waiting for physical button /ros_robot_controller/button[0m
[self_driving-10] [0m[INFO] [1783011537.205061841] [self_driving]: [WAIT_START] waiting for physical button /ros_robot_controller/button[0m
[self_driving-10] [0m[INFO] [1783011537.764757711] [self_driving]: [WAIT_START] waiting for physical button /ros_robot_controller/button[0m
[self_driving-10] [0m[INFO] [1783011538.015357785] [self_driving]: [IMAGE] received count=602 shape=(480, 640, 3) queue=0[0m
[self_driving-10] [0m[INFO] [1783011538.338662488] [self_driving]: [WAIT_START] waiting for physical button /ros_robot_controller/button[0m
[self_driving-10] [0m[INFO] [1783011538.897312988] [self_driving]: [WAIT_START] waiting for physical button /ros_robot_controller/button[0m
[self_driving-10] [0m[INFO] [1783011539.411730524] [self_driving]: [WAIT_START] waiting for physical button /ros_robot_controller/button[0m
[self_driving-10] [0m[INFO] [1783011539.961147135] [self_driving]: [WAIT_START] waiting for physical button /ros_robot_controller/button[0m
[self_driving-10] [0m[INFO] [1783011540.045136080] [self_driving]: [IMAGE] received count=627 shape=(480, 640, 3) queue=0[0m
[self_driving-10] [0m[INFO] [1783011540.519074098] [self_driving]: [WAIT_START] waiting for physical button /ros_robot_controller/button[0m
[self_driving-10] [0m[INFO] [1783011541.078445246] [self_driving]: [WAIT_START] waiting for physical button /ros_robot_controller/button[0m
[self_driving-10] [0m[INFO] [1783011541.679586745] [self_driving]: [WAIT_START] waiting for physical button /ros_robot_controller/button[0m
[self_driving-10] [0m[INFO] [1783011542.045574134] [self_driving]: [IMAGE] received count=652 shape=(480, 640, 3) queue=0[0m
[self_driving-10] [0m[INFO] [1783011542.215673134] [self_driving]: [WAIT_START] waiting for physical button /ros_robot_controller/button[0m
[self_driving-10] [0m[INFO] [1783011542.782879171] [self_driving]: [WAIT_START] waiting for physical button /ros_robot_controller/button[0m
[self_driving-10] [0m[INFO] [1783011543.332354393] [self_driving]: [WAIT_START] waiting for physical button /ros_robot_controller/button[0m
[self_driving-10] [0m[INFO] [1783011543.756376466] [self_driving]: [OBJECTS] msg_count=4 n=1 names=['red'][0m
[self_driving-10] [0m[INFO] [1783011543.757541226] [self_driving]: [TRAFFIC_CANDIDATE] name=red valid=True cx=583 cy=347 area=11655 score=0.52 min_area=270[0m
[self_driving-10] [0m[INFO] [1783011543.838353355] [self_driving]: [WAIT_START] waiting for physical button /ros_robot_controller/button[0m
[self_driving-10] [0m[INFO] [1783011544.070566225] [self_driving]: [IMAGE] received count=677 shape=(480, 640, 3) queue=0[0m
[self_driving-10] [0m[INFO] [1783011544.382529318] [self_driving]: [WAIT_START] waiting for physical button /ros_robot_controller/button[0m
[self_driving-10] [0m[INFO] [1783011544.956549447] [self_driving]: [WAIT_START] waiting for physical button /ros_robot_controller/button[0m
[self_driving-10] [0m[INFO] [1783011545.523394836] [self_driving]: [WAIT_START] waiting for physical button /ros_robot_controller/button[0m
[self_driving-10] [0m[INFO] [1783011546.090239335] [self_driving]: [IMAGE] received count=702 shape=(480, 640, 3) queue=0[0m
[self_driving-10] [0m[INFO] [1783011546.094347298] [self_driving]: [WAIT_START] waiting for physical button /ros_robot_controller/button[0m
[self_driving-10] [0m[INFO] [1783011546.656377335] [self_driving]: [WAIT_START] waiting for physical button /ros_robot_controller/button[0m
[self_driving-10] [0m[INFO] [1783011547.202865575] [self_driving]: [WAIT_START] waiting for physical button /ros_robot_controller/button[0m
[self_driving-10] [0m[INFO] [1783011547.774513094] [self_driving]: [WAIT_START] waiting for physical button /ros_robot_controller/button[0m
[self_driving-10] [0m[INFO] [1783011548.097012390] [self_driving]: [IMAGE] received count=727 shape=(480, 640, 3) queue=0[0m
[self_driving-10] [0m[INFO] [1783011548.343769686] [self_driving]: [WAIT_START] waiting for physical button /ros_robot_controller/button[0m
[self_driving-10] [0m[INFO] [1783011548.917686389] [self_driving]: [WAIT_START] waiting for physical button /ros_robot_controller/button[0m
[self_driving-10] [0m[INFO] [1783011549.478009093] [self_driving]: [WAIT_START] waiting for physical button /ros_robot_controller/button[0m
[self_driving-10] [0m[INFO] [1783011550.040073389] [self_driving]: [WAIT_START] waiting for physical button /ros_robot_controller/button[0m
[self_driving-10] [0m[INFO] [1783011550.117472148] [self_driving]: [IMAGE] received count=752 shape=(480, 640, 3) queue=0[0m
[self_driving-10] [0m[INFO] [1783011550.596781481] [self_driving]: [WAIT_START] waiting for physical button /ros_robot_controller/button[0m
[self_driving-10] [0m[INFO] [1783011551.163761055] [self_driving]: [WAIT_START] waiting for physical button /ros_robot_controller/button[0m
[self_driving-10] [0m[INFO] [1783011551.739092943] [self_driving]: [WAIT_START] waiting for physical button /ros_robot_controller/button[0m
[self_driving-10] [0m[INFO] [1783011552.126084295] [self_driving]: [IMAGE] received count=777 shape=(480, 640, 3) queue=0[0m
[self_driving-10] [0m[INFO] [1783011552.293793350] [self_driving]: [WAIT_START] waiting for physical button /ros_robot_controller/button[0m
[self_driving-10] [0m[INFO] [1783011552.847756535] [self_driving]: [WAIT_START] waiting for physical button /ros_robot_controller/button[0m
[self_driving-10] [0m[INFO] [1783011553.435758183] [self_driving]: [WAIT_START] waiting for physical button /ros_robot_controller/button[0m
[self_driving-10] [0m[INFO] [1783011553.985422682] [self_driving]: [WAIT_START] waiting for physical button /ros_robot_controller/button[0m
[self_driving-10] [0m[INFO] [1783011554.154885164] [self_driving]: [IMAGE] received count=802 shape=(480, 640, 3) queue=0[0m
[self_driving-10] [0m[INFO] [1783011554.544870775] [self_driving]: [WAIT_START] waiting for physical button /ros_robot_controller/button[0m
[self_driving-10] [0m[INFO] [1783011555.071852645] [self_driving]: [OBJECTS] msg_count=5 n=1 names=['red'][0m
[self_driving-10] [0m[INFO] [1783011555.076382774] [self_driving]: [TRAFFIC_CANDIDATE] name=red valid=True cx=581 cy=338 area=11978 score=0.52 min_area=270[0m
[self_driving-10] [0m[INFO] [1783011555.136762904] [self_driving]: [WAIT_START] waiting for physical button /ros_robot_controller/button[0m
[self_driving-10] [0m[INFO] [1783011555.678381089] [self_driving]: [WAIT_START] waiting for physical button /ros_robot_controller/button[0m
[self_driving-10] [0m[INFO] [1783011556.026398311] [self_driving]: [OBJECTS] msg_count=6 n=1 names=['red'][0m
[self_driving-10] [0m[INFO] [1783011556.027263163] [self_driving]: [TRAFFIC_CANDIDATE] name=red valid=True cx=582 cy=336 area=11948 score=0.34 min_area=270[0m
[self_driving-10] [0m[INFO] [1783011556.163300163] [self_driving]: [IMAGE] received count=827 shape=(480, 640, 3) queue=0[0m
[self_driving-10] [0m[INFO] [1783011556.248136014] [self_driving]: [WAIT_START] waiting for physical button /ros_robot_controller/button[0m
[self_driving-10] [0m[INFO] [1783011556.800559996] [self_driving]: [WAIT_START] waiting for physical button /ros_robot_controller/button[0m
[self_driving-10] [0m[INFO] [1783011557.377489236] [self_driving]: [WAIT_START] waiting for physical button /ros_robot_controller/button[0m
[self_driving-10] [0m[INFO] [1783011557.937045513] [self_driving]: [WAIT_START] waiting for physical button /ros_robot_controller/button[0m
[self_driving-10] [0m[INFO] [1783011558.179782736] [self_driving]: [IMAGE] received count=852 shape=(480, 640, 3) queue=0[0m
[self_driving-10] [0m[INFO] [1783011558.496843791] [self_driving]: [WAIT_START] waiting for physical button /ros_robot_controller/button[0m
[self_driving-10] [0m[INFO] [1783011559.088279031] [self_driving]: [WAIT_START] waiting for physical button /ros_robot_controller/button[0m
[self_driving-10] [0m[INFO] [1783011559.299773235] [self_driving]: [OBJECTS] msg_count=7 n=1 names=['red'][0m
[self_driving-10] [0m[INFO] [1783011559.301782902] [self_driving]: [TRAFFIC_CANDIDATE] name=red valid=False cx=584 cy=343 area=11424 score=0.25 min_area=270[0m
[self_driving-10] [0m[INFO] [1783011559.623728179] [self_driving]: [WAIT_START] waiting for physical button /ros_robot_controller/button[0m
[self_driving-10] [0m[INFO] [1783011559.969519957] [self_driving]: [OBJECTS] msg_count=8 n=1 names=['red'][0m
[self_driving-10] [0m[INFO] [1783011559.973724160] [self_driving]: [TRAFFIC_CANDIDATE] name=red valid=True cx=586 cy=344 area=10403 score=0.38 min_area=270[0m
[self_driving-10] [0m[INFO] [1783011560.184453123] [self_driving]: [IMAGE] received count=877 shape=(480, 640, 3) queue=0[0m
[self_driving-10] [0m[INFO] [1783011560.187340549] [self_driving]: [WAIT_START] waiting for physical button /ros_robot_controller/button[0m
[self_driving-10] [0m[INFO] [1783011560.651561438] [self_driving]: [OBJECTS] msg_count=9 n=1 names=['red'][0m
[self_driving-10] [0m[INFO] [1783011560.652561678] [self_driving]: [TRAFFIC_CANDIDATE] name=red valid=True cx=584 cy=345 area=11550 score=0.36 min_area=270[0m
[self_driving-10] [0m[INFO] [1783011560.769904030] [self_driving]: [WAIT_START] waiting for physical button /ros_robot_controller/button[0m
[self_driving-10] [0m[INFO] [1783011561.338245048] [self_driving]: [WAIT_START] waiting for physical button /ros_robot_controller/button[0m
[self_driving-10] [0m[INFO] [1783011561.884787641] [self_driving]: [WAIT_START] waiting for physical button /ros_robot_controller/button[0m
[self_driving-10] [0m[INFO] [1783011562.210309715] [self_driving]: [IMAGE] received count=902 shape=(480, 640, 3) queue=0[0m
[self_driving-10] [0m[INFO] [1783011562.454302659] [self_driving]: [WAIT_START] waiting for physical button /ros_robot_controller/button[0m
[self_driving-10] [0m[INFO] [1783011563.027060622] [self_driving]: [WAIT_START] waiting for physical button /ros_robot_controller/button[0m
[self_driving-10] [0m[INFO] [1783011563.577724714] [self_driving]: [WAIT_START] waiting for physical button /ros_robot_controller/button[0m
[self_driving-10] [0m[INFO] [1783011564.145649917] [self_driving]: [WAIT_START] waiting for physical button /ros_robot_controller/button[0m
[self_driving-10] [0m[INFO] [1783011564.242796880] [self_driving]: [IMAGE] received count=927 shape=(480, 640, 3) queue=0[0m
[self_driving-10] [0m[INFO] [1783011564.716901454] [self_driving]: [WAIT_START] waiting for physical button /ros_robot_controller/button[0m
[self_driving-10] [0m[INFO] [1783011565.263268546] [self_driving]: [WAIT_START] waiting for physical button /ros_robot_controller/button[0m
[self_driving-10] [0m[INFO] [1783011565.768842935] [self_driving]: [WAIT_START] waiting for physical button /ros_robot_controller/button[0m
[self_driving-10] [0m[INFO] [1783011566.243173305] [self_driving]: [IMAGE] received count=952 shape=(480, 640, 3) queue=0[0m
[self_driving-10] [0m[INFO] [1783011566.318497508] [self_driving]: [WAIT_START] waiting for physical button /ros_robot_controller/button[0m
[self_driving-10] [0m[INFO] [1783011566.881236378] [self_driving]: [WAIT_START] waiting for physical button /ros_robot_controller/button[0m
[self_driving-10] [0m[INFO] [1783011567.383600008] [self_driving]: [WAIT_START] waiting for physical button /ros_robot_controller/button[0m
[self_driving-10] [0m[INFO] [1783011567.938692952] [self_driving]: [WAIT_START] waiting for physical button /ros_robot_controller/button[0m
[self_driving-10] [0m[INFO] [1783011568.265877544] [self_driving]: [IMAGE] received count=977 shape=(480, 640, 3) queue=0[0m
[self_driving-10] [0m[INFO] [1783011568.489034896] [self_driving]: [WAIT_START] waiting for physical button /ros_robot_controller/button[0m
[self_driving-10] [0m[INFO] [1783011568.993382099] [self_driving]: [WAIT_START] waiting for physical button /ros_robot_controller/button[0m
[self_driving-10] [0m[INFO] [1783011569.554304840] [self_driving]: [WAIT_START] waiting for physical button /ros_robot_controller/button[0m
[self_driving-10] [0m[INFO] [1783011570.113686821] [self_driving]: [WAIT_START] waiting for physical button /ros_robot_controller/button[0m
[self_driving-10] [0m[INFO] [1783011570.274390913] [self_driving]: [IMAGE] received count=1002 shape=(480, 640, 3) queue=0[0m
[self_driving-10] [0m[INFO] [1783011570.669079210] [self_driving]: [WAIT_START] waiting for physical button /ros_robot_controller/button[0m
[self_driving-10] [0m[INFO] [1783011571.174465580] [self_driving]: [WAIT_START] waiting for physical button /ros_robot_controller/button[0m
[self_driving-10] [0m[INFO] [1783011571.715038857] [self_driving]: [WAIT_START] waiting for physical button /ros_robot_controller/button[0m
[self_driving-10] [0m[INFO] [1783011572.227529357] [self_driving]: [WAIT_START] waiting for physical button /ros_robot_controller/button[0m
[self_driving-10] [0m[INFO] [1783011572.283647764] [self_driving]: [IMAGE] received count=1027 shape=(480, 640, 3) queue=0[0m
[self_driving-10] [0m[INFO] [1783011572.786838560] [self_driving]: [WAIT_START] waiting for physical button /ros_robot_controller/button[0m
[self_driving-10] [0m[INFO] [1783011573.339522615] [self_driving]: [WAIT_START] waiting for physical button /ros_robot_controller/button[0m
[self_driving-10] [0m[INFO] [1783011573.907270059] [self_driving]: [WAIT_START] waiting for physical button /ros_robot_controller/button[0m
[self_driving-10] [0m[INFO] [1783011574.297797411] [self_driving]: [IMAGE] received count=1052 shape=(480, 640, 3) queue=0[0m
[self_driving-10] [0m[INFO] [1783011574.464745022] [self_driving]: [WAIT_START] waiting for physical button /ros_robot_controller/button[0m
[self_driving-10] [0m[INFO] [1783011575.030623948] [self_driving]: [WAIT_START] waiting for physical button /ros_robot_controller/button[0m
[self_driving-10] [0m[INFO] [1783011575.599500058] [self_driving]: [WAIT_START] waiting for physical button /ros_robot_controller/button[0m
[self_driving-10] [0m[INFO] [1783011576.167557762] [self_driving]: [WAIT_START] waiting for physical button /ros_robot_controller/button[0m
[self_driving-10] [0m[INFO] [1783011576.322587169] [self_driving]: [IMAGE] received count=1077 shape=(480, 640, 3) queue=0[0m
[self_driving-10] [0m[INFO] [1783011576.732991910] [self_driving]: [WAIT_START] waiting for physical button /ros_robot_controller/button[0m
[self_driving-10] [0m[INFO] [1783011577.309235798] [self_driving]: [WAIT_START] waiting for physical button /ros_robot_controller/button[0m
[self_driving-10] [0m[INFO] [1783011577.852929853] [self_driving]: [WAIT_START] waiting for physical button /ros_robot_controller/button[0m
[self_driving-10] [0m[INFO] [1783011578.337010538] [self_driving]: [IMAGE] received count=1102 shape=(480, 640, 3) queue=0[0m
[self_driving-10] [0m[INFO] [1783011578.407733742] [self_driving]: [WAIT_START] waiting for physical button /ros_robot_controller/button[0m
[self_driving-10] [0m[INFO] [1783011578.987570982] [self_driving]: [WAIT_START] waiting for physical button /ros_robot_controller/button[0m
[self_driving-10] [0m[INFO] [1783011579.548309501] [self_driving]: [WAIT_START] waiting for physical button /ros_robot_controller/button[0m
[self_driving-10] [0m[INFO] [1783011580.055618185] [self_driving]: [WAIT_START] waiting for physical button /ros_robot_controller/button[0m
[self_driving-10] [0m[INFO] [1783011580.344114815] [self_driving]: [IMAGE] received count=1127 shape=(480, 640, 3) queue=0[0m
[self_driving-10] [0m[INFO] [1783011580.595050944] [self_driving]: [WAIT_START] waiting for physical button /ros_robot_controller/button[0m
[self_driving-10] [0m[INFO] [1783011581.163068888] [self_driving]: [WAIT_START] waiting for physical button /ros_robot_controller/button[0m
[self_driving-10] [0m[INFO] [1783011581.731304110] [self_driving]: [WAIT_START] waiting for physical button /ros_robot_controller/button[0m
[self_driving-10] [0m[INFO] [1783011582.302856221] [self_driving]: [WAIT_START] waiting for physical button /ros_robot_controller/button[0m
[self_driving-10] [0m[INFO] [1783011582.361816647] [self_driving]: [IMAGE] received count=1152 shape=(480, 640, 3) queue=0[0m
[self_driving-10] [0m[INFO] [1783011582.861937480] [self_driving]: [WAIT_START] waiting for physical button /ros_robot_controller/button[0m
[self_driving-10] [0m[INFO] [1783011583.412483313] [self_driving]: [WAIT_START] waiting for physical button /ros_robot_controller/button[0m
[self_driving-10] [0m[INFO] [1783011583.979881628] [self_driving]: [WAIT_START] waiting for physical button /ros_robot_controller/button[0m
[self_driving-10] [0m[INFO] [1783011584.385431794] [self_driving]: [IMAGE] received count=1177 shape=(480, 640, 3) queue=0[0m
[self_driving-10] [0m[INFO] [1783011584.484999905] [self_driving]: [WAIT_START] waiting for physical button /ros_robot_controller/button[0m
[self_driving-10] [0m[INFO] [1783011585.030334331] [self_driving]: [WAIT_START] waiting for physical button /ros_robot_controller/button[0m
[self_driving-10] [0m[INFO] [1783011585.593241830] [self_driving]: [WAIT_START] waiting for physical button /ros_robot_controller/button[0m
[self_driving-10] [0m[INFO] [1783011586.169038163] [self_driving]: [WAIT_START] waiting for physical button /ros_robot_controller/button[0m
[self_driving-10] [0m[INFO] [1783011586.401893978] [self_driving]: [IMAGE] received count=1202 shape=(480, 640, 3) queue=0[0m
[self_driving-10] [0m[INFO] [1783011586.742315885] [self_driving]: [WAIT_START] waiting for physical button /ros_robot_controller/button[0m
[self_driving-10] [0m[INFO] [1783011587.297078589] [self_driving]: [WAIT_START] waiting for physical button /ros_robot_controller/button[0m
[self_driving-10] [0m[INFO] [1783011587.844605162] [self_driving]: [WAIT_START] waiting for physical button /ros_robot_controller/button[0m
[self_driving-10] [0m[INFO] [1783011588.351473292] [self_driving]: [WAIT_START] waiting for physical button /ros_robot_controller/button[0m
[self_driving-10] [0m[INFO] [1783011588.421121903] [self_driving]: [IMAGE] received count=1227 shape=(480, 640, 3) queue=0[0m
[self_driving-10] [0m[INFO] [1783011588.891134606] [self_driving]: [WAIT_START] waiting for physical button /ros_robot_controller/button[0m
[self_driving-10] [0m[INFO] [1783011589.394343106] [self_driving]: [WAIT_START] waiting for physical button /ros_robot_controller/button[0m
[self_driving-10] [0m[INFO] [1783011589.961978754] [self_driving]: [WAIT_START] waiting for physical button /ros_robot_controller/button[0m
[self_driving-10] [0m[INFO] [1783011590.423770198] [self_driving]: [IMAGE] received count=1252 shape=(480, 640, 3) queue=0[0m
[self_driving-10] [0m[INFO] [1783011590.505242753] [self_driving]: [WAIT_START] waiting for physical button /ros_robot_controller/button[0m
[self_driving-10] [0m[INFO] [1783011591.090028123] [self_driving]: [WAIT_START] waiting for physical button /ros_robot_controller/button[0m
[self_driving-10] [0m[INFO] [1783011591.645838197] [self_driving]: [WAIT_START] waiting for physical button /ros_robot_controller/button[0m
[self_driving-10] [0m[INFO] [1783011592.214311400] [self_driving]: [WAIT_START] waiting for physical button /ros_robot_controller/button[0m
[self_driving-10] [0m[INFO] [1783011592.445275011] [self_driving]: [IMAGE] received count=1277 shape=(480, 640, 3) queue=0[0m
[self_driving-10] [0m[INFO] [1783011592.783402752] [self_driving]: [WAIT_START] waiting for physical button /ros_robot_controller/button[0m
[self_driving-10] [0m[INFO] [1783011593.359436955] [self_driving]: [WAIT_START] waiting for physical button /ros_robot_controller/button[0m
[self_driving-10] [0m[INFO] [1783011593.890690566] [self_driving]: [WAIT_START] waiting for physical button /ros_robot_controller/button[0m
[self_driving-10] [0m[INFO] [1783011594.390688732] [self_driving]: [WAIT_START] waiting for physical button /ros_robot_controller/button[0m
[self_driving-10] [0m[INFO] [1783011594.470844492] [self_driving]: [IMAGE] received count=1302 shape=(480, 640, 3) queue=0[0m
[self_driving-10] [0m[INFO] [1783011594.954719325] [self_driving]: [WAIT_START] waiting for physical button /ros_robot_controller/button[0m
[self_driving-10] [0m[INFO] [1783011595.530458843] [self_driving]: [WAIT_START] waiting for physical button /ros_robot_controller/button[0m
[self_driving-10] [0m[INFO] [1783011596.083643009] [self_driving]: [WAIT_START] waiting for physical button /ros_robot_controller/button[0m
[self_driving-10] [0m[INFO] [1783011596.475129583] [self_driving]: [IMAGE] received count=1327 shape=(480, 640, 3) queue=0[0m
[self_driving-10] [0m[INFO] [1783011596.650539564] [self_driving]: [WAIT_START] waiting for physical button /ros_robot_controller/button[0m
[self_driving-10] [0m[INFO] [1783011597.207031823] [self_driving]: [WAIT_START] waiting for physical button /ros_robot_controller/button[0m
[self_driving-10] [0m[INFO] [1783011597.789443545] [self_driving]: [WAIT_START] waiting for physical button /ros_robot_controller/button[0m
[self_driving-10] [0m[INFO] [1783011598.342521212] [self_driving]: [WAIT_START] waiting for physical button /ros_robot_controller/button[0m
[self_driving-10] [0m[INFO] [1783011598.491353286] [self_driving]: [IMAGE] received count=1352 shape=(480, 640, 3) queue=0[0m
[self_driving-10] [0m[INFO] [1783011598.890021082] [self_driving]: [WAIT_START] waiting for physical button /ros_robot_controller/button[0m
[self_driving-10] [0m[INFO] [1783011599.396748322] [self_driving]: [WAIT_START] waiting for physical button /ros_robot_controller/button[0m
[self_driving-10] [0m[INFO] [1783011599.953903803] [self_driving]: [WAIT_START] waiting for physical button /ros_robot_controller/button[0m
[self_driving-10] [0m[INFO] [1783011600.514609470] [self_driving]: [IMAGE] received count=1377 shape=(480, 640, 3) queue=0[0m
[self_driving-10] [0m[INFO] [1783011600.519101970] [self_driving]: [WAIT_START] waiting for physical button /ros_robot_controller/button[0m
[self_driving-10] [0m[INFO] [1783011601.095007469] [self_driving]: [WAIT_START] waiting for physical button /ros_robot_controller/button[0m
[self_driving-10] [0m[INFO] [1783011601.658423080] [self_driving]: [WAIT_START] waiting for physical button /ros_robot_controller/button[0m
[self_driving-10] [0m[INFO] [1783011602.202785024] [self_driving]: [WAIT_START] waiting for physical button /ros_robot_controller/button[0m
[self_driving-10] [0m[INFO] [1783011602.517354839] [self_driving]: [IMAGE] received count=1402 shape=(480, 640, 3) queue=0[0m
[self_driving-10] [0m[INFO] [1783011602.772039820] [self_driving]: [WAIT_START] waiting for physical button /ros_robot_controller/button[0m
[self_driving-10] [0m[INFO] [1783011603.337929097] [self_driving]: [WAIT_START] waiting for physical button /ros_robot_controller/button[0m
[self_driving-10] [0m[INFO] [1783011603.903955616] [self_driving]: [WAIT_START] waiting for physical button /ros_robot_controller/button[0m
[self_driving-10] [0m[INFO] [1783011604.457747763] [self_driving]: [WAIT_START] waiting for physical button /ros_robot_controller/button[0m
[self_driving-10] [0m[INFO] [1783011604.533167689] [self_driving]: [IMAGE] received count=1427 shape=(480, 640, 3) queue=0[0m
[self_driving-10] [0m[INFO] [1783011605.022755689] [self_driving]: [WAIT_START] waiting for physical button /ros_robot_controller/button[0m
[self_driving-10] [0m[INFO] [1783011605.601969892] [self_driving]: [WAIT_START] waiting for physical button /ros_robot_controller/button[0m
[self_driving-10] [0m[INFO] [1783011606.155276244] [self_driving]: [WAIT_START] waiting for physical button /ros_robot_controller/button[0m
[self_driving-10] [0m[INFO] [1783011606.561307392] [self_driving]: [IMAGE] received count=1452 shape=(480, 640, 3) queue=0[0m
[self_driving-10] [0m[INFO] [1783011606.720337262] [self_driving]: [WAIT_START] waiting for physical button /ros_robot_controller/button[0m
[self_driving-10] [0m[INFO] [1783011607.293531280] [self_driving]: [WAIT_START] waiting for physical button /ros_robot_controller/button[0m
[self_driving-10] [0m[INFO] [1783011607.841456373] [self_driving]: [WAIT_START] waiting for physical button /ros_robot_controller/button[0m
[self_driving-10] [0m[INFO] [1783011608.347638724] [self_driving]: [WAIT_START] waiting for physical button /ros_robot_controller/button[0m
[self_driving-10] [0m[INFO] [1783011608.575255205] [self_driving]: [IMAGE] received count=1477 shape=(480, 640, 3) queue=0[0m
[self_driving-10] [0m[INFO] [1783011608.887378705] [self_driving]: [WAIT_START] waiting for physical button /ros_robot_controller/button[0m
[self_driving-10] [0m[INFO] [1783011609.468011464] [self_driving]: [WAIT_START] waiting for physical button /ros_robot_controller/button[0m
[self_driving-10] [0m[INFO] [1783011610.030662834] [self_driving]: [WAIT_START] waiting for physical button /ros_robot_controller/button[0m
[self_driving-10] [0m[INFO] [1783011610.601135575] [self_driving]: [IMAGE] received count=1502 shape=(480, 640, 3) queue=0[0m
[self_driving-10] [0m[INFO] [1783011610.603580575] [self_driving]: [WAIT_START] waiting for physical button /ros_robot_controller/button[0m
[self_driving-10] [0m[INFO] [1783011611.153976352] [self_driving]: [WAIT_START] waiting for physical button /ros_robot_controller/button[0m
[self_driving-10] [0m[INFO] [1783011611.728665074] [self_driving]: [WAIT_START] waiting for physical button /ros_robot_controller/button[0m
[self_driving-10] [0m[INFO] [1783011612.291940537] [self_driving]: [WAIT_START] waiting for physical button /ros_robot_controller/button[0m
[self_driving-10] [0m[INFO] [1783011612.608666759] [self_driving]: [IMAGE] received count=1527 shape=(480, 640, 3) queue=0[0m
[self_driving-10] [0m[INFO] [1783011612.843420796] [self_driving]: [WAIT_START] waiting for physical button /ros_robot_controller/button[0m
[self_driving-10] [0m[INFO] [1783011613.415907629] [self_driving]: [WAIT_START] waiting for physical button /ros_robot_controller/button[0m
[self_driving-10] [0m[INFO] [1783011613.970656295] [self_driving]: [WAIT_START] waiting for physical button /ros_robot_controller/button[0m
[self_driving-10] [0m[INFO] [1783011614.474091720] [self_driving]: [WAIT_START] waiting for physical button /ros_robot_controller/button[0m
[self_driving-10] [0m[INFO] [1783011614.628805461] [self_driving]: [IMAGE] received count=1552 shape=(480, 640, 3) queue=0[0m
[self_driving-10] [0m[INFO] [1783011615.024932776] [self_driving]: [WAIT_START] waiting for physical button /ros_robot_controller/button[0m
[self_driving-10] [0m[INFO] [1783011615.596349849] [self_driving]: [WAIT_START] waiting for physical button /ros_robot_controller/button[0m
[self_driving-10] [0m[INFO] [1783011616.154188923] [self_driving]: [WAIT_START] waiting for physical button /ros_robot_controller/button[0m
[self_driving-10] [0m[INFO] [1783011616.639148423] [self_driving]: [IMAGE] received count=1577 shape=(480, 640, 3) queue=0[0m
[self_driving-10] [0m[INFO] [1783011616.714155201] [self_driving]: [WAIT_START] waiting for physical button /ros_robot_controller/button[0m
[self_driving-10] [0m[INFO] [1783011617.289879404] [self_driving]: [WAIT_START] waiting for physical button /ros_robot_controller/button[0m
[self_driving-10] [0m[INFO] [1783011617.852460607] [self_driving]: [WAIT_START] waiting for physical button /ros_robot_controller/button[0m
[self_driving-10] [0m[INFO] [1783011618.412178218] [self_driving]: [WAIT_START] waiting for physical button /ros_robot_controller/button[0m
[self_driving-10] [0m[INFO] [1783011618.663238144] [self_driving]: [IMAGE] received count=1602 shape=(480, 640, 3) queue=0[0m
