[INFO] [launch]: All log files can be found below /home/ubuntu/.ros/log/2026-07-02-20-15-35-285652-raspberrypi-47264
[INFO] [launch]: Default logging verbosity is set to INFO
[INFO] [ascamera_node-1]: process started with pid [47274]
[INFO] [static_transform_publisher-2]: process started with pid [47276]
[INFO] [static_transform_publisher-3]: process started with pid [47278]
[INFO] [joint_state_publisher-4]: process started with pid [47280]
[INFO] [robot_state_publisher-5]: process started with pid [47282]
[INFO] [ros_robot_controller-6]: process started with pid [47284]
[INFO] [odom_publisher-7]: process started with pid [47286]
[INFO] [ekf_node-8]: process started with pid [47288]
[INFO] [yolo_detect-9]: process started with pid [47290]
[INFO] [self_driving-10]: process started with pid [47295]
[static_transform_publisher-2] [33m[WARN] [1783023336.057708926] []: Old-style arguments are deprecated; see --help for new-style arguments[0m
[static_transform_publisher-3] [33m[WARN] [1783023336.056308296] []: Old-style arguments are deprecated; see --help for new-style arguments[0m
[ascamera_node-1] [0m[INFO] [1783023336.066993055] [as_logger]: hello world angstrong camera ros2 node[0m
[static_transform_publisher-3] [0m[INFO] [1783023336.106148963] [static_transform_publisher_1IERP3rNl26dUm2P]: Spinning until stopped - publishing transform
[static_transform_publisher-3] translation: ('0.000000', '0.000000', '0.000000')
[static_transform_publisher-3] rotation: ('-0.500000', '0.499602', '-0.500000', '0.500398')
[static_transform_publisher-3] from 'depth_cam' to 'ascamera_color_0'[0m
[ascamera_node-1] 2026-07-02 20:15:36[INFO] [CameraPublisher.cpp] [1558] [printLaunchParams] get depth_width 640
[ascamera_node-1] 2026-07-02 20:15:36[INFO] [CameraPublisher.cpp] [1559] [printLaunchParams] get depth_height 480
[ascamera_node-1] 2026-07-02 20:15:36[INFO] [CameraPublisher.cpp] [1561] [printLaunchParams] get rgb_width 640
[ascamera_node-1] 2026-07-02 20:15:36[INFO] [CameraPublisher.cpp] [1562] [printLaunchParams] get rgb_height 480
[ascamera_node-1] 2026-07-02 20:15:36[INFO] [CameraPublisher.cpp] [1570] [printLaunchParams] get set_fps 15
[ascamera_node-1] 2026-07-02 20:15:36[INFO] [CameraPublisher.cpp] [1578] [printLaunchParams] get color_pcl 1
[ascamera_node-1] 2026-07-02 20:15:36[INFO] [CameraPublisher.cpp] [1582] [printLaunchParams] get pub_tfTree 1
[ascamera_node-1] 2026-07-02 20:15:36[INFO] [CameraSrv.cpp] [35] [CameraSrv] Angstrong camera server
[ascamera_node-1] 2026-07-02 20:15:36[INFO] [CameraSrv.cpp] [45] [CameraSrv] Angstrong camera sdk version:v1.2.22.20240516
[static_transform_publisher-2] [0m[INFO] [1783023336.128324426] [static_transform_publisher_N4FEp0m170yZRUiM]: Spinning until stopped - publishing transform
[static_transform_publisher-2] translation: ('0.000000', '0.000000', '0.000000')
[static_transform_publisher-2] rotation: ('-0.500000', '0.499602', '-0.500000', '0.500398')
[static_transform_publisher-2] from 'depth_cam' to 'ascamera_camera_link_0'[0m
[robot_state_publisher-5] [0m[INFO] [1783023336.148720889] [robot_state_publisher]: got segment base_footprint[0m
[robot_state_publisher-5] [0m[INFO] [1783023336.148877592] [robot_state_publisher]: got segment base_link[0m
[robot_state_publisher-5] [0m[INFO] [1783023336.148899055] [robot_state_publisher]: got segment depth_cam[0m
[robot_state_publisher-5] [0m[INFO] [1783023336.148911852] [robot_state_publisher]: got segment imu_link[0m
[robot_state_publisher-5] [0m[INFO] [1783023336.148921352] [robot_state_publisher]: got segment lidar_frame[0m
[robot_state_publisher-5] [0m[INFO] [1783023336.148931444] [robot_state_publisher]: got segment wheel_lb_Link[0m
[robot_state_publisher-5] [0m[INFO] [1783023336.148941296] [robot_state_publisher]: got segment wheel_lf_Link[0m
[robot_state_publisher-5] [0m[INFO] [1783023336.148951166] [robot_state_publisher]: got segment wheel_rb_Link[0m
[robot_state_publisher-5] [0m[INFO] [1783023336.148963981] [robot_state_publisher]: got segment wheel_rf_Link[0m
[odom_publisher-7] [0m[INFO] [1783023337.117941814] [odom_publisher]: [1;32m0.930000 1.010000[0m[0m
[ascamera_node-1] 2026-07-02 20:15:37[INFO] [CameraSrv.cpp] [114] [onAttached] attached
[ascamera_node-1] 2026-07-02 20:15:37[INFO] [CameraSrv.cpp] [145] [onAttached] this is a new attach device, create and open it
[odom_publisher-7] [0m[INFO] [1783023337.148784277] [odom_publisher]: [1;32mstart[0m[0m
[joint_state_publisher-4] [0m[INFO] [1783023337.462475018] [joint_state_publisher]: Waiting for robot_description to be published on the robot_description topic...[0m
[self_driving-10] [0m[INFO] [1783023337.784740277] [self_driving]: [INIT] init_process started[0m
[self_driving-10] [0m[INFO] [1783023337.785328184] [self_driving]: [INIT] only_line_follow=False[0m
[self_driving-10] [0m[INFO] [1783023337.785811073] [self_driving]: [INIT] request /yolov5/start[0m
[ros_robot_controller-6] [0m[INFO] [1783023337.805674406] [ros_robot_controller]: 已设置舵机 1 的偏移量为 0[0m
[ros_robot_controller-6] [0m[INFO] [1783023337.807023721] [ros_robot_controller]: 已设置舵机 2 的偏移量为 0[0m
[ros_robot_controller-6] [0m[INFO] [1783023337.807915166] [ros_robot_controller]: 已设置舵机 3 的偏移量为 4[0m
[ros_robot_controller-6] [0m[INFO] [1783023337.808682073] [ros_robot_controller]: 已设置舵机 4 的偏移量为 0[0m
[ros_robot_controller-6] [0m[INFO] [1783023337.813308721] [ros_robot_controller]: [1;32mstart[0m[0m
[ascamera_node-1] 2026-07-02 20:15:38[INFO] [CameraSrv.cpp] [154] [onAttached] get model type 9
[ascamera_node-1] 2026-07-02 20:15:38[INFO] [CameraSrv.cpp] [342] [getConfigFile] get file: /home/ubuntu/third_party_ros2/third_party_ws/src/ascamera/configurationfiles/hp60c_v2_00_20230704_configEncrypt.json
[ascamera_node-1] 2026-07-02 20:15:38[INFO] [CameraPublisher.cpp] [1501] [logCameraPathInfo] usb camera
[ascamera_node-1] 2026-07-02 20:15:38[INFO] [CameraPublisher.cpp] [1502] [logCameraPathInfo] bnum:1
[ascamera_node-1] 2026-07-02 20:15:38[INFO] [CameraPublisher.cpp] [1503] [logCameraPathInfo] dnum:3
[ascamera_node-1] 2026-07-02 20:15:38[INFO] [CameraPublisher.cpp] [1504] [logCameraPathInfo] port_numbers:2
[ascamera_node-1] 2026-07-02 20:15:38[INFO] [CameraPublisher.cpp] [171] [onCameraAttached] create a new publisher info set
[ascamera_node-1] 2026-07-02 20:15:38[INFO] [TfTreeFrameIdInfo.cpp] [11] [TfTreeFrameIdInfo] Namespace /ascamera
[ascamera_node-1] 2026-07-02 20:15:38[INFO] [CameraHp60c.cpp] [128] [open] according to the configuration file.
[ascamera_node-1] 2026-07-02 20:15:38[INFO] [CameraHp60c.cpp] [1528] [parseConfigFileParameter] moduleName:AS_CAM_HP60C
[ascamera_node-1] 2026-07-02 20:15:38[INFO] [CameraHp60c.cpp] [1555] [parseConfigFileParameter] Parsing config file /home/ubuntu/third_party_ros2/third_party_ws/src/ascamera/configurationfiles/hp60c_v2_00_20230704_configEncrypt.json
[ascamera_node-1] 2026-07-02 20:15:38[INFO] [CameraHp60c.cpp] [1620] [parseConfigFileParameter] configuration protocol Version: v2.x
[ascamera_node-1] 2026-07-02 20:15:38[INFO] [CameraHp60c.cpp] [1631] [parseConfigFileParameter] configuration Version: v2.0.0.20230704
[ascamera_node-1] 2026-07-02 20:15:38[INFO] [CameraHp60c.cpp] [1796] [setParamersAfterOpenCam] Camera confiParaEnable true, setting configuration parameter
[self_driving-10] [33m[WARN] [1783023339.789037201] [self_driving]: [YOLO_SERVICE] service not ready, continue without blocking[0m
[ascamera_node-1] 2026-07-02 20:15:39[ERROR] [XuCmdCameraHp60c.cpp] [454] [getMjpegSize] get mjpeg from xu command failed
[ascamera_node-1] 2026-07-02 20:15:39[INFO] [XuCmdCameraHp60c.cpp] [458] [getMjpegSize] mjpeg size:640x480
[ascamera_node-1] 2026-07-02 20:15:39[INFO] [CameraPublisher.cpp] [356] [onCameraOpen] camera opened
[ascamera_node-1] 2026-07-02 20:15:39[INFO] [CameraPublisher.cpp] [370] [onCameraOpen] get config info, ret 0, is_Registration 1
[ascamera_node-1] 2026-07-02 20:15:39[INFO] [Camera.cpp] [61] [init] #camera[0x5555ca97e710] SN[ASC60CF08000515]'s firmware version:DLS_VERc20865=:V01.09_2024110714:V01.19_2024110714:L01
[ascamera_node-1] 2026-07-02 20:15:39[INFO] [CameraPublisher.cpp] [1183] [setResolution] set depth resolution: 640 x 480 @ 15fps
[ascamera_node-1] 2026-07-02 20:15:39[INFO] [CameraPublisher.cpp] [1197] [setResolution] set rgb resolution: 640 x 480 @ 15fps
[ascamera_node-1] 2026-07-02 20:15:39[INFO] [CameraHp60c.cpp] [260] [startStreaming] start streaming
[ascamera_node-1] 2026-07-02 20:15:39[INFO] [CameraSrv.cpp] [202] [onAttached] attached end
[self_driving-10] [0m[INFO] [1783023340.290055720] [self_driving]: [INIT] enter + set_running start[0m
[self_driving-10] [0m[INFO] [1783023340.290596442] [self_driving]: [1;32mself driving enter[0m[0m
[self_driving-10] [0m[INFO] [1783023340.298220405] [self_driving]: [SUB] image=/ascamera/camera_publisher/rgb0/image object=/yolov5_ros2/object_detect[0m
[self_driving-10] [0m[INFO] [1783023340.299733720] [self_driving]: [1;32mset_running[0m[0m
[self_driving-10] [0m[INFO] [1783023340.302187775] [self_driving]: [1;32m[START] hybrid self_driving ready: WAIT_START, press button to LINE_FOLLOW[0m[0m
[INFO] [apply_calib-11]: process started with pid [47463]
[INFO] [complementary_filter_node-12]: process started with pid [47465]
[complementary_filter_node-12] [0m[INFO] [1783023341.084945497] [imu_filter]: Starting ComplementaryFilterROS[0m
[ascamera_node-1] 2026-07-02 20:15:41[INFO] [CameraHp60c.cpp] [912] [setInternalParameter] mjpeg info: size(640x480)
[apply_calib-11] [0m[INFO] [1783023341.429216534] [imu_calib]: Calibrating gyros; do not move the IMU[0m
[ascamera_node-1] 2026-07-02 20:15:41[INFO] [Camera.cpp] [127] [backgroundThread] SN [ ASC60CF08000515 ]'s parameter:
[ascamera_node-1] 2026-07-02 20:15:41[INFO] [Camera.cpp] [128] [backgroundThread] irfx: 426.962
[ascamera_node-1] 2026-07-02 20:15:41[INFO] [Camera.cpp] [129] [backgroundThread] irfy: 426.374
[ascamera_node-1] 2026-07-02 20:15:41[INFO] [Camera.cpp] [130] [backgroundThread] ircx: 315.403
[ascamera_node-1] 2026-07-02 20:15:41[INFO] [Camera.cpp] [131] [backgroundThread] ircy: 240.933
[ascamera_node-1] 2026-07-02 20:15:41[INFO] [Camera.cpp] [132] [backgroundThread] rgbfx: 570.48
[ascamera_node-1] 2026-07-02 20:15:41[INFO] [Camera.cpp] [133] [backgroundThread] rgbfy: 569.949
[ascamera_node-1] 2026-07-02 20:15:41[INFO] [Camera.cpp] [134] [backgroundThread] rgbcx: 329.75
[ascamera_node-1] 2026-07-02 20:15:41[INFO] [Camera.cpp] [135] [backgroundThread] rgbcy: 238.406
[ascamera_node-1] 
[ascamera_node-1] 2026-07-02 20:15:41[INFO] [CameraHp60c.cpp] [1149] [streamCallback] set gain ret 0, gain 4
[self_driving-10] [0m[INFO] [1783023341.975027515] [self_driving]: [IMAGE] received count=1 shape=(480, 640, 3) queue=0[0m
[self_driving-10] [0m[INFO] [1783023341.976487533] [self_driving]: [WAIT_START] waiting for physical button /ros_robot_controller/button[0m
[self_driving-10] [0m[INFO] [1783023342.480811033] [self_driving]: [WAIT_START] waiting for physical button /ros_robot_controller/button[0m
[self_driving-10] [0m[INFO] [1783023343.018545385] [self_driving]: [WAIT_START] waiting for physical button /ros_robot_controller/button[0m
[apply_calib-11] [0m[INFO] [1783023343.476239755] [imu_calib]: Gyro calibration complete! (bias = [-0.043, -0.384, -0.045])[0m
[self_driving-10] [0m[INFO] [1783023343.555175273] [self_driving]: [WAIT_START] waiting for physical button /ros_robot_controller/button[0m
[self_driving-10] [0m[INFO] [1783023344.025170569] [self_driving]: [IMAGE] received count=32 shape=(480, 640, 3) queue=0[0m
[yolo_detect-9] [0m[INFO] [1783023344.028923236] [yolov5_ros2]: Current ROS 2 distribution: humble[0m
[self_driving-10] [0m[INFO] [1783023344.095102032] [self_driving]: [WAIT_START] waiting for physical button /ros_robot_controller/button[0m
[self_driving-10] [0m[INFO] [1783023344.637903698] [self_driving]: [WAIT_START] waiting for physical button /ros_robot_controller/button[0m
[self_driving-10] [0m[INFO] [1783023345.177647680] [self_driving]: [WAIT_START] waiting for physical button /ros_robot_controller/button[0m
[self_driving-10] [0m[INFO] [1783023345.720139957] [self_driving]: [WAIT_START] waiting for physical button /ros_robot_controller/button[0m
[self_driving-10] [0m[INFO] [1783023346.068322975] [self_driving]: [IMAGE] received count=62 shape=(480, 640, 3) queue=0[0m
[self_driving-10] [0m[INFO] [1783023346.269598827] [self_driving]: [WAIT_START] waiting for physical button /ros_robot_controller/button[0m
[self_driving-10] [0m[INFO] [1783023346.789202105] [self_driving]: [WAIT_START] waiting for physical button /ros_robot_controller/button[0m
[self_driving-10] [0m[INFO] [1783023347.341515771] [self_driving]: [WAIT_START] waiting for physical button /ros_robot_controller/button[0m
[self_driving-10] [0m[INFO] [1783023347.897209993] [self_driving]: [WAIT_START] waiting for physical button /ros_robot_controller/button[0m
[self_driving-10] [0m[INFO] [1783023348.077848548] [self_driving]: [IMAGE] received count=92 shape=(480, 640, 3) queue=0[0m
[self_driving-10] [0m[INFO] [1783023348.406995881] [self_driving]: [WAIT_START] waiting for physical button /ros_robot_controller/button[0m
[self_driving-10] [0m[INFO] [1783023348.937147159] [self_driving]: [WAIT_START] waiting for physical button /ros_robot_controller/button[0m
[self_driving-10] [0m[INFO] [1783023349.491181177] [self_driving]: [WAIT_START] waiting for physical button /ros_robot_controller/button[0m
[self_driving-10] [0m[INFO] [1783023350.025638825] [self_driving]: [WAIT_START] waiting for physical button /ros_robot_controller/button[0m
[self_driving-10] [0m[INFO] [1783023350.095581566] [self_driving]: [IMAGE] received count=122 shape=(480, 640, 3) queue=0[0m
[self_driving-10] [0m[INFO] [1783023350.561039825] [self_driving]: [WAIT_START] waiting for physical button /ros_robot_controller/button[0m
[self_driving-10] [0m[INFO] [1783023351.090106769] [self_driving]: [WAIT_START] waiting for physical button /ros_robot_controller/button[0m
[self_driving-10] [0m[INFO] [1783023351.626872120] [self_driving]: [WAIT_START] waiting for physical button /ros_robot_controller/button[0m
[self_driving-10] [0m[INFO] [1783023352.108939861] [self_driving]: [IMAGE] received count=152 shape=(480, 640, 3) queue=0[0m
[self_driving-10] [0m[INFO] [1783023352.159573972] [self_driving]: [WAIT_START] waiting for physical button /ros_robot_controller/button[0m
[self_driving-10] [0m[INFO] [1783023352.718173416] [self_driving]: [WAIT_START] waiting for physical button /ros_robot_controller/button[0m
[self_driving-10] [0m[INFO] [1783023353.250411712] [self_driving]: [WAIT_START] waiting for physical button /ros_robot_controller/button[0m
[self_driving-10] [0m[INFO] [1783023353.781437767] [self_driving]: [WAIT_START] waiting for physical button /ros_robot_controller/button[0m
[self_driving-10] [0m[INFO] [1783023354.178139711] [self_driving]: [IMAGE] received count=182 shape=(480, 640, 3) queue=0[0m
[self_driving-10] [0m[INFO] [1783023354.356368026] [self_driving]: [WAIT_START] waiting for physical button /ros_robot_controller/button[0m
[self_driving-10] [0m[INFO] [1783023354.912765581] [self_driving]: [WAIT_START] waiting for physical button /ros_robot_controller/button[0m
[self_driving-10] [0m[INFO] [1783023355.454014322] [self_driving]: [OBJECTS] msg_count=1 n=1 names=['red'][0m
[self_driving-10] [0m[INFO] [1783023355.462371748] [self_driving]: [TRAFFIC_CANDIDATE] name=red valid=True cx=521 cy=20 area=6045 score=0.74 min_area=270[0m
[self_driving-10] [0m[INFO] [1783023355.513937414] [self_driving]: [WAIT_START] waiting for physical button /ros_robot_controller/button[0m
[self_driving-10] [0m[INFO] [1783023356.043099081] [self_driving]: [WAIT_START] waiting for physical button /ros_robot_controller/button[0m
[self_driving-10] [0m[INFO] [1783023356.199632821] [self_driving]: [IMAGE] received count=207 shape=(480, 640, 3) queue=0[0m
[self_driving-10] [0m[INFO] [1783023356.620739654] [self_driving]: [WAIT_START] waiting for physical button /ros_robot_controller/button[0m
[self_driving-10] [0m[INFO] [1783023356.669483784] [self_driving]: [OBJECTS] msg_count=3 n=1 names=['crosswalk'][0m
[self_driving-10] [0m[INFO] [1783023357.168689395] [self_driving]: [WAIT_START] waiting for physical button /ros_robot_controller/button[0m
[self_driving-10] [0m[INFO] [1783023357.704028228] [self_driving]: [WAIT_START] waiting for physical button /ros_robot_controller/button[0m
[self_driving-10] [0m[INFO] [1783023358.228085487] [self_driving]: [IMAGE] received count=233 shape=(480, 640, 3) queue=0[0m
[self_driving-10] [0m[INFO] [1783023358.229827987] [self_driving]: [WAIT_START] waiting for physical button /ros_robot_controller/button[0m
[self_driving-10] [0m[INFO] [1783023358.244408116] [self_driving]: [OBJECTS] msg_count=4 n=1 names=['crosswalk'][0m
[self_driving-10] [0m[INFO] [1783023358.788822857] [self_driving]: [WAIT_START] waiting for physical button /ros_robot_controller/button[0m
[self_driving-10] [0m[INFO] [1783023359.362615153] [self_driving]: [WAIT_START] waiting for physical button /ros_robot_controller/button[0m
[self_driving-10] [0m[INFO] [1783023359.863232541] [self_driving]: [WAIT_START] waiting for physical button /ros_robot_controller/button[0m
[self_driving-10] [0m[INFO] [1783023360.250130097] [self_driving]: [IMAGE] received count=258 shape=(480, 640, 3) queue=0[0m
[self_driving-10] [0m[INFO] [1783023360.400512411] [self_driving]: [WAIT_START] waiting for physical button /ros_robot_controller/button[0m
[self_driving-10] [0m[INFO] [1783023360.410042245] [self_driving]: [OBJECTS] msg_count=8 n=1 names=['crosswalk'][0m
[self_driving-10] [0m[INFO] [1783023360.410538263] [self_driving]: [CW_CANDIDATE] name=crosswalkcx=345 y2=253 area=5696 score=0.84 [0m
[self_driving-10] [0m[INFO] [1783023360.413600022] [self_driving]: [CW_CANDIDATE] name=crosswalkcx=344 y2=202 area=2640 score=0.82 [0m
[self_driving-10] [0m[INFO] [1783023360.961032467] [self_driving]: [WAIT_START] waiting for physical button /ros_robot_controller/button[0m
[self_driving-10] [0m[INFO] [1783023361.037272244] [self_driving]: [OBJECTS] msg_count=11 n=1 names=['crosswalk'][0m
[self_driving-10] [0m[INFO] [1783023361.039326929] [self_driving]: [CW_CANDIDATE] name=crosswalkcx=355 y2=194 area=784 score=0.54 [0m
[self_driving-10] [0m[INFO] [1783023361.361170151] [self_driving]: [CW_CANDIDATE] name=crosswalkcx=350 y2=194 area=840 score=0.55 [0m
[self_driving-10] [0m[INFO] [1783023361.461321170] [self_driving]: [WAIT_START] waiting for physical button /ros_robot_controller/button[0m
[self_driving-10] [0m[INFO] [1783023361.665302262] [self_driving]: [OBJECTS] msg_count=14 n=1 names=['crosswalk'][0m
[self_driving-10] [0m[INFO] [1783023361.666045429] [self_driving]: [CW_CANDIDATE] name=crosswalkcx=361 y2=192 area=945 score=0.41 [0m
[self_driving-10] [0m[INFO] [1783023361.972099910] [self_driving]: [CW_CANDIDATE] name=crosswalkcx=379 y2=192 area=896 score=0.72 [0m
[self_driving-10] [0m[INFO] [1783023362.027061170] [self_driving]: [WAIT_START] waiting for physical button /ros_robot_controller/button[0m
[self_driving-10] [0m[INFO] [1783023362.252423373] [self_driving]: [IMAGE] received count=283 shape=(480, 640, 3) queue=0[0m
[self_driving-10] [0m[INFO] [1783023362.259849262] [self_driving]: [OBJECTS] msg_count=16 n=1 names=['crosswalk'][0m
[self_driving-10] [0m[INFO] [1783023362.261606558] [self_driving]: [CW_CANDIDATE] name=crosswalkcx=380 y2=194 area=945 score=0.76 [0m
[self_driving-10] [0m[INFO] [1783023362.547474910] [self_driving]: [CW_CANDIDATE] name=crosswalkcx=379 y2=195 area=1104 score=0.77 [0m
[self_driving-10] [0m[INFO] [1783023362.599176503] [self_driving]: [WAIT_START] waiting for physical button /ros_robot_controller/button[0m
[self_driving-10] [0m[INFO] [1783023362.866038299] [self_driving]: [OBJECTS] msg_count=18 n=1 names=['crosswalk'][0m
[self_driving-10] [0m[INFO] [1783023362.866884280] [self_driving]: [CW_CANDIDATE] name=crosswalkcx=379 y2=195 area=1096 score=0.77 [0m
[self_driving-10] [0m[INFO] [1783023363.158089224] [self_driving]: [WAIT_START] waiting for physical button /ros_robot_controller/button[0m
[self_driving-10] [0m[INFO] [1783023363.162727669] [self_driving]: [CW_CANDIDATE] name=crosswalkcx=400 y2=196 area=900 score=0.65 [0m
[self_driving-10] [0m[INFO] [1783023363.164944243] [self_driving]: [TRAFFIC_CANDIDATE] name=green valid=True cx=134 cy=399 area=43309 score=0.36 min_area=270[0m
[self_driving-10] [0m[INFO] [1783023363.541900206] [self_driving]: [BUTTON] pressed: ros_robot_controller_msgs.msg.ButtonState(id=1, state=1)[0m
[self_driving-10] [0m[INFO] [1783023363.542418576] [self_driving]: [1;36m[FSM] WAIT_START -> LINE_FOLLOW[0m[0m
[self_driving-10] [33m[WARN] [1783023363.747338446] [self_driving]: [LANE_LOST] raw_lane_x=-1 lane_x=-1 filter=lost stop=False state=LINE_FOLLOW safe_linear=0.02 right_ready=False right_done=False[0m
[self_driving-10] [0m[INFO] [1783023363.747955243] [self_driving]: [DEBUG_DRIVE] state=LINE_FOLLOW raw_lane_x=-1 lane_x=-1 filter=lost linear=0.32 angular=0.00 cw_y=0 right_done=False start_turn=False count_turn=0 traffic=None stop=False[0m
[self_driving-10] [0m[INFO] [1783023363.879629650] [self_driving]: [OBJECTS] msg_count=22 n=1 names=['crosswalk'][0m
[self_driving-10] [0m[INFO] [1783023363.883850743] [self_driving]: [CW_CANDIDATE] name=crosswalkcx=410 y2=195 area=512 score=0.53 [0m
[self_driving-10] [0m[INFO] [1783023364.266231335] [self_driving]: [IMAGE] received count=308 shape=(480, 640, 3) queue=0[0m
[self_driving-10] [0m[INFO] [1783023364.272600428] [self_driving]: [DEBUG_DRIVE] state=LINE_FOLLOW raw_lane_x=74.5 lane_x=74.5 filter=stable linear=0.32 angular=0.10 cw_y=195 right_done=False start_turn=False count_turn=0 traffic=None stop=False[0m
[self_driving-10] [33m[WARN] [1783023364.683334149] [self_driving]: [LANE_LOST] raw_lane_x=-1 lane_x=-1 filter=lost stop=False state=LINE_FOLLOW safe_linear=0.02 right_ready=False right_done=False[0m
[self_driving-10] [0m[INFO] [1783023364.860665168] [self_driving]: [DEBUG_DRIVE] state=LINE_FOLLOW raw_lane_x=-1 lane_x=-1 filter=lost linear=0.32 angular=0.00 cw_y=195 right_done=False start_turn=False count_turn=0 traffic=None stop=False[0m
[self_driving-10] [33m[WARN] [1783023365.241669927] [self_driving]: [LANE_LOST] raw_lane_x=-1 lane_x=-1 filter=lost stop=False state=LINE_FOLLOW safe_linear=0.02 right_ready=False right_done=False[0m
[self_driving-10] [0m[INFO] [1783023365.411759019] [self_driving]: [DEBUG_DRIVE] state=LINE_FOLLOW raw_lane_x=-1 lane_x=-1 filter=lost linear=0.32 angular=0.00 cw_y=195 right_done=False start_turn=False count_turn=0 traffic=None stop=False[0m
[self_driving-10] [0m[INFO] [1783023365.528972927] [self_driving]: [OBJECTS] msg_count=23 n=1 names=['go'][0m
[self_driving-10] [0m[INFO] [1783023365.531369482] [self_driving]: [CW_CANDIDATE] name=crosswalkcx=292 y2=197 area=1336 score=0.64 [0m
[self_driving-10] [0m[INFO] [1783023365.534987093] [self_driving]: [CW_CANDIDATE] name=crosswalkcx=304 y2=243 area=5833 score=0.60 [0m
[self_driving-10] [0m[INFO] [1783023365.714639723] [self_driving]: [CROSSWALK_SLOW] y=243 th=180 confirm=3[0m
[self_driving-10] [0m[INFO] [1783023365.716146741] [self_driving]: [CW_STAGE 2] 정지선 앞 완전 정지! elapsed=0.00s[0m
[self_driving-10] [0m[INFO] [1783023365.766474982] [self_driving]: [CW_STAGE 2] 정지선 앞 완전 정지! elapsed=0.05s[0m
[self_driving-10] [0m[INFO] [1783023365.846956390] [self_driving]: [CW_STAGE 2] 정지선 앞 완전 정지! elapsed=0.13s[0m
[self_driving-10] [0m[INFO] [1783023365.868405334] [self_driving]: [CW_CANDIDATE] name=crosswalkcx=261 y2=200 area=1330 score=0.74 [0m
[self_driving-10] [0m[INFO] [1783023365.873077464] [self_driving]: [CW_CANDIDATE] name=crosswalkcx=303 y2=266 area=9768 score=0.59 [0m
[self_driving-10] [0m[INFO] [1783023365.931671538] [self_driving]: [CW_STAGE 2] 정지선 앞 완전 정지! elapsed=0.22s[0m
[self_driving-10] [0m[INFO] [1783023365.978733445] [self_driving]: [CW_STAGE 2] 정지선 앞 완전 정지! elapsed=0.26s[0m
[self_driving-10] [0m[INFO] [1783023366.050462704] [self_driving]: [CW_STAGE 2] 정지선 앞 완전 정지! elapsed=0.33s[0m
[self_driving-10] [0m[INFO] [1783023366.099393741] [self_driving]: [CW_STAGE 2] 정지선 앞 완전 정지! elapsed=0.38s[0m
[self_driving-10] [0m[INFO] [1783023366.183995297] [self_driving]: [CW_STAGE 2] 정지선 앞 완전 정지! elapsed=0.47s[0m
[self_driving-10] [0m[INFO] [1783023366.227414852] [self_driving]: [OBJECTS] msg_count=29 n=1 names=['go'][0m
[self_driving-10] [0m[INFO] [1783023366.233738741] [self_driving]: [CW_CANDIDATE] name=crosswalkcx=235 y2=276 area=11184 score=0.64 [0m
[self_driving-10] [0m[INFO] [1783023366.244876371] [self_driving]: [CW_STAGE 2] 정지선 앞 완전 정지! elapsed=0.52s[0m
[self_driving-10] [0m[INFO] [1783023366.305002630] [self_driving]: [IMAGE] received count=335 shape=(480, 640, 3) queue=0[0m
[self_driving-10] [0m[INFO] [1783023366.314287797] [self_driving]: [CW_STAGE 2] 정지선 앞 완전 정지! elapsed=0.60s[0m
[self_driving-10] [0m[INFO] [1783023366.389146945] [self_driving]: [CW_STAGE 2] 정지선 앞 완전 정지! elapsed=0.67s[0m
[self_driving-10] [0m[INFO] [1783023366.445052408] [self_driving]: [CW_STAGE 2] 정지선 앞 완전 정지! elapsed=0.73s[0m
[self_driving-10] [0m[INFO] [1783023366.518714241] [self_driving]: [CW_STAGE 2] 정지선 앞 완전 정지! elapsed=0.80s[0m
[self_driving-10] [0m[INFO] [1783023366.600810982] [self_driving]: [CW_STAGE 2] 정지선 앞 완전 정지! elapsed=0.88s[0m
[self_driving-10] [0m[INFO] [1783023366.656906278] [self_driving]: [CW_STAGE 2] 정지선 앞 완전 정지! elapsed=0.94s[0m
[self_driving-10] [0m[INFO] [1783023366.712566889] [self_driving]: [CW_STAGE 2] 정지선 앞 완전 정지! elapsed=1.00s[0m
[self_driving-10] [0m[INFO] [1783023366.781658333] [self_driving]: [CW_STAGE 2] 정지선 앞 완전 정지! elapsed=1.07s[0m
[self_driving-10] [0m[INFO] [1783023366.848982463] [self_driving]: [CW_STAGE 2] 정지선 앞 완전 정지! elapsed=1.13s[0m
[self_driving-10] [0m[INFO] [1783023366.913257537] [self_driving]: [OBJECTS] msg_count=33 n=1 names=['crosswalk'][0m
[self_driving-10] [0m[INFO] [1783023366.914968556] [self_driving]: [CW_STAGE 2] 정지선 앞 완전 정지! elapsed=1.20s[0m
[self_driving-10] [0m[INFO] [1783023366.992331704] [self_driving]: [CW_STAGE 2] 정지선 앞 완전 정지! elapsed=1.28s[0m
[self_driving-10] [0m[INFO] [1783023367.045955018] [self_driving]: [CW_STAGE 2] 정지선 앞 완전 정지! elapsed=1.33s[0m
[self_driving-10] [0m[INFO] [1783023367.124760426] [self_driving]: [CW_STAGE 3] 미션 완료 -> 정상 속도 회복 및 6초 락 가동[0m
[self_driving-10] [0m[INFO] [1783023367.125520815] [self_driving]: [DEBUG_DRIVE] state=LINE_FOLLOW raw_lane_x=118.5 lane_x=118.5 filter=stable linear=0.32 angular=0.10 cw_y=0 right_done=False start_turn=False count_turn=0 traffic=None stop=False[0m
[self_driving-10] [0m[INFO] [1783023367.653129907] [self_driving]: [DEBUG_DRIVE] state=LINE_FOLLOW raw_lane_x=124.0 lane_x=124.0 filter=stable linear=0.32 angular=0.10 cw_y=0 right_done=False start_turn=False count_turn=0 traffic=None stop=False[0m
[self_driving-10] [0m[INFO] [1783023367.916471073] [self_driving]: [OBJECTS] msg_count=35 n=1 names=['go'][0m
[self_driving-10] [0m[INFO] [1783023367.923185851] [self_driving]: [CW_CANDIDATE] name=crosswalkcx=380 y2=204 area=1980 score=0.81 [0m
[self_driving-10] [0m[INFO] [1783023368.200773870] [self_driving]: [DEBUG_DRIVE] state=LINE_FOLLOW raw_lane_x=119.0 lane_x=119.0 filter=stable linear=0.32 angular=0.10 cw_y=204 right_done=False start_turn=False count_turn=0 traffic=None stop=False[0m
[self_driving-10] [0m[INFO] [1783023368.252527351] [self_driving]: [CW_CANDIDATE] name=crosswalkcx=373 y2=205 area=1746 score=0.83 [0m
[self_driving-10] [0m[INFO] [1783023368.334247573] [self_driving]: [IMAGE] received count=365 shape=(480, 640, 3) queue=0[0m
[self_driving-10] [0m[INFO] [1783023368.577084573] [self_driving]: [OBJECTS] msg_count=38 n=1 names=['go'][0m
[self_driving-10] [0m[INFO] [1783023368.732880647] [self_driving]: [DEBUG_DRIVE] state=LINE_FOLLOW raw_lane_x=139.5 lane_x=139.5 filter=stable linear=0.32 angular=-0.10 cw_y=0 right_done=False start_turn=False count_turn=0 traffic=None stop=False[0m
[self_driving-10] [0m[INFO] [1783023368.906017147] [self_driving]: [CW_CANDIDATE] name=crosswalkcx=389 y2=224 area=3930 score=0.85 [0m
[self_driving-10] [0m[INFO] [1783023368.908975925] [self_driving]: [CW_CANDIDATE] name=crosswalkcx=321 y2=473 area=88543 score=0.73 [0m
[self_driving-10] [0m[INFO] [1783023369.241011684] [self_driving]: [OBJECTS] msg_count=43 n=1 names=['crosswalk'][0m
[self_driving-10] [0m[INFO] [1783023369.241761406] [self_driving]: [CW_CANDIDATE] name=crosswalkcx=405 y2=231 area=5719 score=0.87 [0m
[self_driving-10] [0m[INFO] [1783023369.244353165] [self_driving]: [CW_CANDIDATE] name=crosswalkcx=316 y2=480 area=43044 score=0.86 [0m
[self_driving-10] [0m[INFO] [1783023369.286313017] [self_driving]: [DEBUG_DRIVE] state=LINE_FOLLOW raw_lane_x=119.5 lane_x=119.5 filter=stable linear=0.32 angular=0.10 cw_y=480 right_done=False start_turn=False count_turn=0 traffic=None stop=False[0m
[self_driving-10] [0m[INFO] [1783023369.800569202] [self_driving]: [DEBUG_DRIVE] state=LINE_FOLLOW raw_lane_x=147.5 lane_x=147.5 filter=stable linear=0.32 angular=-0.10 cw_y=0 right_done=False start_turn=False count_turn=0 traffic=None stop=False[0m
[self_driving-10] [0m[INFO] [1783023369.945891980] [self_driving]: [OBJECTS] msg_count=46 n=1 names=['crosswalk'][0m
[self_driving-10] [0m[INFO] [1783023369.950705165] [self_driving]: [CW_CANDIDATE] name=crosswalkcx=428 y2=279 area=15228 score=0.92 [0m
[self_driving-10] [0m[INFO] [1783023370.293138998] [self_driving]: [CW_CANDIDATE] name=crosswalkcx=413 y2=321 area=24009 score=0.92 [0m
[self_driving-10] [0m[INFO] [1783023370.353710831] [self_driving]: [IMAGE] received count=395 shape=(480, 640, 3) queue=0[0m
[self_driving-10] [0m[INFO] [1783023370.362655924] [self_driving]: [DEBUG_DRIVE] state=LINE_FOLLOW raw_lane_x=127.0 lane_x=127.0 filter=stable linear=0.32 angular=0.10 cw_y=321 right_done=False start_turn=False count_turn=0 traffic=None stop=False[0m
[self_driving-10] [0m[INFO] [1783023370.629867998] [self_driving]: [OBJECTS] msg_count=50 n=1 names=['crosswalk'][0m
[self_driving-10] [0m[INFO] [1783023370.631132683] [self_driving]: [CW_CANDIDATE] name=crosswalkcx=387 y2=400 area=47376 score=0.87 [0m
[self_driving-10] [0m[INFO] [1783023370.879794053] [self_driving]: [DEBUG_DRIVE] state=LINE_FOLLOW raw_lane_x=139.5 lane_x=139.5 filter=stable linear=0.32 angular=-0.10 cw_y=0 right_done=False start_turn=False count_turn=0 traffic=None stop=False[0m
[self_driving-10] [0m[INFO] [1783023370.967122183] [self_driving]: [CW_CANDIDATE] name=crosswalkcx=332 y2=480 area=59558 score=0.94 [0m
[self_driving-10] [0m[INFO] [1783023371.414365905] [self_driving]: [DEBUG_DRIVE] state=LINE_FOLLOW raw_lane_x=140.0 lane_x=140.0 filter=stable linear=0.32 angular=-0.10 cw_y=0 right_done=False start_turn=False count_turn=0 traffic=None stop=False[0m
[self_driving-10] [0m[INFO] [1783023371.653350534] [self_driving]: [OBJECTS] msg_count=54 n=1 names=['crosswalk'][0m
[self_driving-10] [0m[INFO] [1783023371.948905164] [self_driving]: [DEBUG_DRIVE] state=LINE_FOLLOW raw_lane_x=208.0 lane_x=208.0 filter=stable linear=0.32 angular=-0.10 cw_y=0 right_done=False start_turn=False count_turn=0 traffic=None stop=False[0m
[self_driving-10] [33m[WARN] [1783023372.290449108] [self_driving]: [LANE_X_JUMP_REJECT] raw=94.5 last=261.5 diff=167.0 candidate=94.5 cnt=1/4[0m
[self_driving-10] [0m[INFO] [1783023372.370993534] [self_driving]: [IMAGE] received count=425 shape=(480, 640, 3) queue=0[0m
[self_driving-10] [0m[INFO] [1783023372.492889756] [self_driving]: [DEBUG_DRIVE] state=LINE_FOLLOW raw_lane_x=167.0 lane_x=261.5 filter=jump_reject linear=0.32 angular=-0.70 cw_y=0 right_done=False start_turn=True count_turn=0 traffic=None stop=False[0m
[self_driving-10] [33m[WARN] [1783023372.829409422] [self_driving]: [LANE_X_JUMP_REJECT] raw=202.5 last=295.0 diff=92.5 candidate=202.5 cnt=1/4[0m
[self_driving-10] [0m[INFO] [1783023373.055858996] [self_driving]: [DEBUG_DRIVE] state=LINE_FOLLOW raw_lane_x=-1 lane_x=288.0 filter=hold_last linear=0.32 angular=-0.70 cw_y=0 right_done=False start_turn=True count_turn=7 traffic=None stop=False[0m
[self_driving-10] [33m[WARN] [1783023373.389910163] [self_driving]: [LANE_LOST] raw_lane_x=-1 lane_x=-1 filter=lost stop=False state=LINE_FOLLOW safe_linear=0.02 right_ready=False right_done=False[0m
[self_driving-10] [0m[INFO] [1783023373.579583570] [self_driving]: [DEBUG_DRIVE] state=LINE_FOLLOW raw_lane_x=-1 lane_x=-1 filter=lost linear=0.32 angular=0.00 cw_y=0 right_done=False start_turn=True count_turn=11 traffic=None stop=False[0m
[self_driving-10] [33m[WARN] [1783023373.913285051] [self_driving]: [LANE_LOST] raw_lane_x=-1 lane_x=-1 filter=lost stop=False state=LINE_FOLLOW safe_linear=0.02 right_ready=False right_done=False[0m
[self_driving-10] [0m[INFO] [1783023374.105620922] [self_driving]: [DEBUG_DRIVE] state=LINE_FOLLOW raw_lane_x=-1 lane_x=-1 filter=lost linear=0.32 angular=0.00 cw_y=0 right_done=False start_turn=True count_turn=11 traffic=None stop=False[0m
[self_driving-10] [0m[INFO] [1783023374.375197107] [self_driving]: [IMAGE] received count=455 shape=(480, 640, 3) queue=0[0m
[self_driving-10] [0m[INFO] [1783023374.647174255] [self_driving]: [DEBUG_DRIVE] state=LINE_FOLLOW raw_lane_x=288.0 lane_x=288.0 filter=stable linear=0.32 angular=-0.70 cw_y=0 right_done=False start_turn=True count_turn=16 traffic=None stop=False[0m
[self_driving-10] [0m[INFO] [1783023375.182499828] [self_driving]: [DEBUG_DRIVE] state=LINE_FOLLOW raw_lane_x=118.0 lane_x=118.0 filter=stable linear=0.32 angular=0.00 cw_y=0 right_done=False start_turn=True count_turn=0 traffic=None stop=False[0m
[self_driving-10] [0m[INFO] [1783023375.372192125] [self_driving]: [OBJECTS] msg_count=56 n=1 names=['right'][0m
[self_driving-10] [0m[INFO] [1783023375.372727365] [self_driving]: [RIGHT_CANDIDATE] valid=False reject=['small_area'] cnt=0 cx=530 cy=124 area=667 score=0.84 done=False[0m
[self_driving-10] [0m[INFO] [1783023375.742674217] [self_driving]: [DEBUG_DRIVE] state=LINE_FOLLOW raw_lane_x=108.5 lane_x=108.5 filter=stable linear=0.32 angular=0.00 cw_y=0 right_done=False start_turn=True count_turn=0 traffic=None stop=False[0m
[self_driving-10] [0m[INFO] [1783023376.081715550] [self_driving]: [OBJECTS] msg_count=59 n=1 names=['crosswalk'][0m
[self_driving-10] [0m[INFO] [1783023376.085267606] [self_driving]: [CW_CANDIDATE] name=crosswalkcx=391 y2=237 area=5776 score=0.84 [0m
[self_driving-10] [0m[INFO] [1783023376.264337717] [self_driving]: [CROSSWALK_SLOW] y=237 th=180 confirm=3[0m
[self_driving-10] [0m[INFO] [1783023376.266120883] [self_driving]: [CW_STAGE 2] 정지선 앞 완전 정지! elapsed=0.00s[0m
[self_driving-10] [0m[INFO] [1783023376.328749661] [self_driving]: [CW_STAGE 2] 정지선 앞 완전 정지! elapsed=0.06s[0m
[self_driving-10] [0m[INFO] [1783023376.392616643] [self_driving]: [IMAGE] received count=485 shape=(480, 640, 3) queue=0[0m
[self_driving-10] [0m[INFO] [1783023376.399545328] [self_driving]: [CW_STAGE 2] 정지선 앞 완전 정지! elapsed=0.14s[0m
[self_driving-10] [0m[INFO] [1783023376.430523828] [self_driving]: [CW_CANDIDATE] name=crosswalkcx=397 y2=256 area=9801 score=0.86 [0m
[self_driving-10] [0m[INFO] [1783023376.433088068] [self_driving]: [RIGHT_CANDIDATE] valid=False reject=['small_area'] cnt=0 cx=168 cy=122 area=1290 score=0.84 done=False[0m
[self_driving-10] [0m[INFO] [1783023376.436801309] [self_driving]: [CW_CANDIDATE] name=crosswalkcx=336 y2=197 area=1760 score=0.66 [0m
[self_driving-10] [0m[INFO] [1783023376.479359883] [self_driving]: [CW_STAGE 2] 정지선 앞 완전 정지! elapsed=0.21s[0m
[self_driving-10] [0m[INFO] [1783023376.541311642] [self_driving]: [CW_STAGE 2] 정지선 앞 완전 정지! elapsed=0.28s[0m
[self_driving-10] [0m[INFO] [1783023376.597280309] [self_driving]: [CW_STAGE 2] 정지선 앞 완전 정지! elapsed=0.33s[0m
[self_driving-10] [0m[INFO] [1783023376.656400513] [self_driving]: [CW_STAGE 2] 정지선 앞 완전 정지! elapsed=0.39s[0m
[self_driving-10] [0m[INFO] [1783023376.725150902] [self_driving]: [CW_STAGE 2] 정지선 앞 완전 정지! elapsed=0.46s[0m
[self_driving-10] [0m[INFO] [1783023376.778956753] [self_driving]: [OBJECTS] msg_count=63 n=1 names=['crosswalk'][0m
[self_driving-10] [0m[INFO] [1783023376.779419290] [self_driving]: [CW_CANDIDATE] name=crosswalkcx=413 y2=286 area=16724 score=0.87 [0m
[self_driving-10] [0m[INFO] [1783023376.783915957] [self_driving]: [CW_CANDIDATE] name=crosswalkcx=340 y2=202 area=2010 score=0.80 [0m
[self_driving-10] [0m[INFO] [1783023376.813703735] [self_driving]: [CW_STAGE 2] 정지선 앞 완전 정지! elapsed=0.55s[0m
[self_driving-10] [0m[INFO] [1783023376.879316957] [self_driving]: [CW_STAGE 2] 정지선 앞 완전 정지! elapsed=0.61s[0m
[self_driving-10] [0m[INFO] [1783023376.930464753] [self_driving]: [CW_STAGE 2] 정지선 앞 완전 정지! elapsed=0.67s[0m
[self_driving-10] [0m[INFO] [1783023377.005168179] [self_driving]: [CW_STAGE 2] 정지선 앞 완전 정지! elapsed=0.74s[0m
[self_driving-10] [0m[INFO] [1783023377.074502438] [self_driving]: [CW_STAGE 2] 정지선 앞 완전 정지! elapsed=0.81s[0m
[self_driving-10] [0m[INFO] [1783023377.131320290] [self_driving]: [CW_STAGE 2] 정지선 앞 완전 정지! elapsed=0.87s[0m
[self_driving-10] [0m[INFO] [1783023377.146705253] [self_driving]: [RIGHT_CANDIDATE] valid=True reject=[] cnt=0 cx=110 cy=116 area=2322 score=0.86 done=False[0m
[self_driving-10] [0m[INFO] [1783023377.149359327] [self_driving]: [CW_CANDIDATE] name=crosswalkcx=341 y2=210 area=2330 score=0.81 [0m
[self_driving-10] [0m[INFO] [1783023377.152775901] [self_driving]: [CW_CANDIDATE] name=crosswalkcx=379 y2=350 area=30218 score=0.73 [0m
[self_driving-10] [0m[INFO] [1783023377.198491642] [self_driving]: [CW_STAGE 2] 정지선 앞 완전 정지! elapsed=0.93s[0m
[self_driving-10] [0m[INFO] [1783023377.272854068] [self_driving]: [CW_STAGE 2] 정지선 앞 완전 정지! elapsed=1.01s[0m
[self_driving-10] [0m[INFO] [1783023377.331620086] [self_driving]: [CW_STAGE 2] 정지선 앞 완전 정지! elapsed=1.07s[0m
[self_driving-10] [0m[INFO] [1783023377.400778420] [self_driving]: [CW_STAGE 2] 정지선 앞 완전 정지! elapsed=1.14s[0m
[self_driving-10] [0m[INFO] [1783023377.462116179] [self_driving]: [CW_STAGE 2] 정지선 앞 완전 정지! elapsed=1.19s[0m
[self_driving-10] [0m[INFO] [1783023377.503925475] [self_driving]: [OBJECTS] msg_count=68 n=1 names=['crosswalk'][0m
[self_driving-10] [0m[INFO] [1783023377.504441605] [self_driving]: [CW_CANDIDATE] name=crosswalkcx=335 y2=445 area=69805 score=0.92 [0m
[self_driving-10] [0m[INFO] [1783023377.511769975] [self_driving]: [CW_CANDIDATE] name=crosswalkcx=350 y2=219 area=3289 score=0.83 [0m
[self_driving-10] [0m[INFO] [1783023377.548125290] [self_driving]: [CW_STAGE 2] 정지선 앞 완전 정지! elapsed=1.28s[0m
[self_driving-10] [0m[INFO] [1783023377.593523475] [self_driving]: [CW_STAGE 2] 정지선 앞 완전 정지! elapsed=1.33s[0m
[self_driving-10] [0m[INFO] [1783023377.672706938] [self_driving]: [CW_STAGE 3] 미션 완료 -> 정상 속도 회복 및 6초 락 가동[0m
[self_driving-10] [0m[INFO] [1783023377.674594420] [self_driving]: [DEBUG_DRIVE] state=LINE_FOLLOW raw_lane_x=92.0 lane_x=92.0 filter=stable linear=0.32 angular=0.10 cw_y=219 right_done=False start_turn=False count_turn=0 traffic=None stop=False[0m
[self_driving-10] [0m[INFO] [1783023377.873909531] [self_driving]: [CW_CANDIDATE] name=crosswalkcx=336 y2=447 area=71744 score=0.92 [0m
[self_driving-10] [0m[INFO] [1783023377.881689845] [self_driving]: [CW_CANDIDATE] name=crosswalkcx=351 y2=220 area=3584 score=0.82 [0m
[self_driving-10] [0m[INFO] [1783023378.197312808] [self_driving]: [DEBUG_DRIVE] state=LINE_FOLLOW raw_lane_x=133.5 lane_x=133.5 filter=stable linear=0.32 angular=-0.10 cw_y=220 right_done=False start_turn=False count_turn=0 traffic=None stop=False[0m
[self_driving-10] [0m[INFO] [1783023378.231277697] [self_driving]: [OBJECTS] msg_count=72 n=1 names=['crosswalk'][0m
[self_driving-10] [0m[INFO] [1783023378.232441327] [self_driving]: [CW_CANDIDATE] name=crosswalkcx=336 y2=447 area=72233 score=0.92 [0m
[self_driving-10] [0m[INFO] [1783023378.235828864] [self_driving]: [CW_CANDIDATE] name=crosswalkcx=351 y2=219 area=3341 score=0.82 [0m
[self_driving-10] [0m[INFO] [1783023378.400224401] [self_driving]: [IMAGE] received count=515 shape=(480, 640, 3) queue=0[0m
[self_driving-10] [0m[INFO] [1783023378.588085363] [self_driving]: [CW_CANDIDATE] name=crosswalkcx=335 y2=447 area=72233 score=0.92 [0m
[self_driving-10] [0m[INFO] [1783023378.591669734] [self_driving]: [RIGHT_CANDIDATE] valid=True reject=[] cnt=0 cx=87 cy=113 area=2880 score=0.86 done=False[0m
[self_driving-10] [0m[INFO] [1783023378.596582030] [self_driving]: [CW_CANDIDATE] name=crosswalkcx=351 y2=219 area=3315 score=0.82 [0m
[self_driving-10] [0m[INFO] [1783023378.753773974] [self_driving]: [DEBUG_DRIVE] state=LINE_FOLLOW raw_lane_x=120.0 lane_x=120.0 filter=stable linear=0.32 angular=0.10 cw_y=219 right_done=False start_turn=False count_turn=0 traffic=None stop=False[0m
[self_driving-10] [0m[INFO] [1783023378.919056697] [self_driving]: [OBJECTS] msg_count=77 n=1 names=['crosswalk'][0m
[self_driving-10] [0m[INFO] [1783023378.919792252] [self_driving]: [CW_CANDIDATE] name=crosswalkcx=330 y2=480 area=74899 score=0.92 [0m
[self_driving-10] [0m[INFO] [1783023378.925149956] [self_driving]: [CW_CANDIDATE] name=crosswalkcx=373 y2=224 area=4352 score=0.85 [0m
[self_driving-10] [0m[INFO] [1783023379.262903474] [self_driving]: [CW_CANDIDATE] name=crosswalkcx=393 y2=236 area=6573 score=0.87 [0m
[self_driving-10] [0m[INFO] [1783023379.298580511] [self_driving]: [DEBUG_DRIVE] state=LINE_FOLLOW raw_lane_x=126.5 lane_x=126.5 filter=stable linear=0.32 angular=0.10 cw_y=0 right_done=False start_turn=False count_turn=0 traffic=None stop=False[0m
[self_driving-10] [0m[INFO] [1783023379.607940344] [self_driving]: [OBJECTS] msg_count=81 n=1 names=['crosswalk'][0m
[self_driving-10] [0m[INFO] [1783023379.612036937] [self_driving]: [CW_CANDIDATE] name=crosswalkcx=408 y2=258 area=11280 score=0.90 [0m
[self_driving-10] [0m[INFO] [1783023379.823009103] [self_driving]: [DEBUG_DRIVE] state=LINE_FOLLOW raw_lane_x=125.5 lane_x=125.5 filter=stable linear=0.32 angular=0.10 cw_y=258 right_done=False start_turn=False count_turn=0 traffic=None stop=False[0m
[self_driving-10] [0m[INFO] [1783023379.952831418] [self_driving]: [CW_CANDIDATE] name=crosswalkcx=428 y2=288 area=17343 score=0.92 [0m
[self_driving-10] [0m[INFO] [1783023380.273563622] [self_driving]: [OBJECTS] msg_count=83 n=1 names=['crosswalk'][0m
[self_driving-10] [0m[INFO] [1783023380.275299436] [self_driving]: [CW_CANDIDATE] name=crosswalkcx=400 y2=335 area=28740 score=0.92 [0m
[self_driving-10] [0m[INFO] [1783023380.377010196] [self_driving]: [DEBUG_DRIVE] state=LINE_FOLLOW raw_lane_x=134.5 lane_x=134.5 filter=stable linear=0.32 angular=-0.10 cw_y=335 right_done=False start_turn=False count_turn=0 traffic=None stop=False[0m
[self_driving-10] [0m[INFO] [1783023380.420480399] [self_driving]: [IMAGE] received count=545 shape=(480, 640, 3) queue=0[0m
[self_driving-10] [0m[INFO] [1783023380.623232121] [self_driving]: [CW_CANDIDATE] name=crosswalkcx=360 y2=439 area=64380 score=0.92 [0m
[self_driving-10] [0m[INFO] [1783023380.904311751] [self_driving]: [DEBUG_DRIVE] state=LINE_FOLLOW raw_lane_x=138.0 lane_x=138.0 filter=stable linear=0.32 angular=-0.10 cw_y=439 right_done=False start_turn=False count_turn=0 traffic=None stop=False[0m
[self_driving-10] [0m[INFO] [1783023380.952230177] [self_driving]: [OBJECTS] msg_count=85 n=1 names=['crosswalk'][0m
[self_driving-10] [0m[INFO] [1783023380.955357066] [self_driving]: [CW_CANDIDATE] name=crosswalkcx=324 y2=480 area=42277 score=0.88 [0m
[self_driving-10] [0m[INFO] [1783023381.444481269] [self_driving]: [DEBUG_DRIVE] state=LINE_FOLLOW raw_lane_x=133.5 lane_x=133.5 filter=stable linear=0.32 angular=-0.10 cw_y=480 right_done=False start_turn=False count_turn=0 traffic=None stop=False[0m
[self_driving-10] [0m[INFO] [1783023381.981238713] [self_driving]: [DEBUG_DRIVE] state=LINE_FOLLOW raw_lane_x=176.0 lane_x=176.0 filter=stable linear=0.32 angular=-0.10 cw_y=480 right_done=False start_turn=False count_turn=0 traffic=None stop=False[0m
[self_driving-10] [33m[WARN] [1783023382.051207435] [self_driving]: [LANE_X_JUMP_REJECT] raw=261.5 last=176.0 diff=85.5 candidate=261.5 cnt=1/4[0m
[self_driving-10] [0m[INFO] [1783023382.442361731] [self_driving]: [IMAGE] received count=575 shape=(480, 640, 3) queue=0[0m
[self_driving-10] [0m[INFO] [1783023382.500023824] [self_driving]: [DEBUG_DRIVE] state=LINE_FOLLOW raw_lane_x=-1 lane_x=312.5 filter=hold_last linear=0.32 angular=-0.70 cw_y=480 right_done=False start_turn=True count_turn=1 traffic=None stop=False[0m
[self_driving-10] [33m[WARN] [1783023382.836660953] [self_driving]: [LANE_LOST] raw_lane_x=-1 lane_x=-1 filter=lost stop=False state=LINE_FOLLOW safe_linear=0.02 right_ready=False right_done=False[0m
[self_driving-10] [0m[INFO] [1783023383.063706435] [self_driving]: [DEBUG_DRIVE] state=LINE_FOLLOW raw_lane_x=314.0 lane_x=314.0 filter=stable linear=0.32 angular=-0.70 cw_y=480 right_done=False start_turn=True count_turn=7 traffic=None stop=False[0m
[self_driving-10] [0m[INFO] [1783023383.588929397] [self_driving]: [DEBUG_DRIVE] state=LINE_FOLLOW raw_lane_x=311.5 lane_x=311.5 filter=stable linear=0.32 angular=-0.70 cw_y=480 right_done=False start_turn=True count_turn=15 traffic=None stop=False[0m
[self_driving-10] [0m[INFO] [1783023383.654362805] [self_driving]: [OBJECTS] msg_count=86 n=1 names=['crosswalk'][0m
[self_driving-10] [33m[WARN] [1783023384.006274434] [self_driving]: [LANE_LOST] raw_lane_x=-1 lane_x=-1 filter=lost stop=False state=LINE_FOLLOW safe_linear=0.02 right_ready=False right_done=False[0m
[self_driving-10] [0m[INFO] [1783023384.131211305] [self_driving]: [DEBUG_DRIVE] state=LINE_FOLLOW raw_lane_x=-1 lane_x=-1 filter=lost linear=0.32 angular=0.00 cw_y=0 right_done=False start_turn=True count_turn=20 traffic=None stop=False[0m
[self_driving-10] [0m[INFO] [1783023384.473064804] [self_driving]: [IMAGE] received count=605 shape=(480, 640, 3) queue=0[0m
[self_driving-10] [0m[INFO] [1783023384.686063378] [self_driving]: [DEBUG_DRIVE] state=LINE_FOLLOW raw_lane_x=312.5 lane_x=312.5 filter=stable linear=0.32 angular=-0.70 cw_y=0 right_done=False start_turn=True count_turn=27 traffic=None stop=False[0m
[self_driving-10] [0m[INFO] [1783023385.193606730] [self_driving]: [DEBUG_DRIVE] state=LINE_FOLLOW raw_lane_x=315.0 lane_x=315.0 filter=stable linear=0.32 angular=-0.70 cw_y=0 right_done=False start_turn=True count_turn=35 traffic=None stop=False[0m
[self_driving-10] [0m[INFO] [1783023385.300932582] [self_driving]: [OBJECTS] msg_count=87 n=1 names=['crosswalk'][0m
[self_driving-10] [0m[INFO] [1783023385.694885470] [self_driving]: [DEBUG_DRIVE] state=LINE_FOLLOW raw_lane_x=313.5 lane_x=313.5 filter=stable linear=0.32 angular=-0.70 cw_y=0 right_done=False start_turn=True count_turn=42 traffic=None stop=False[0m
[self_driving-10] [0m[INFO] [1783023386.208895229] [self_driving]: [DEBUG_DRIVE] state=LINE_FOLLOW raw_lane_x=315.0 lane_x=315.0 filter=stable linear=0.32 angular=-0.70 cw_y=0 right_done=False start_turn=True count_turn=50 traffic=None stop=False[0m
[self_driving-10] [0m[INFO] [1783023386.540255785] [self_driving]: [IMAGE] received count=636 shape=(480, 640, 3) queue=0[0m
[self_driving-10] [33m[WARN] [1783023386.619786822] [self_driving]: [LANE_LOST] raw_lane_x=-1 lane_x=-1 filter=lost stop=False state=LINE_FOLLOW safe_linear=0.02 right_ready=False right_done=False[0m
[self_driving-10] [0m[INFO] [1783023386.654781877] [self_driving]: [OBJECTS] msg_count=88 n=1 names=['crosswalk'][0m
[self_driving-10] [0m[INFO] [1783023386.767053451] [self_driving]: [DEBUG_DRIVE] state=LINE_FOLLOW raw_lane_x=-1 lane_x=-1 filter=lost linear=0.32 angular=0.00 cw_y=0 right_done=False start_turn=True count_turn=55 traffic=None stop=False[0m
[self_driving-10] [33m[WARN] [1783023387.154450173] [self_driving]: [LANE_LOST] raw_lane_x=-1 lane_x=-1 filter=lost stop=False state=LINE_FOLLOW safe_linear=0.02 right_ready=False right_done=False[0m
[self_driving-10] [0m[INFO] [1783023387.288469784] [self_driving]: [DEBUG_DRIVE] state=LINE_FOLLOW raw_lane_x=-1 lane_x=316.0 filter=hold_last linear=0.32 angular=-0.70 cw_y=0 right_done=False start_turn=True count_turn=57 traffic=None stop=False[0m
[self_driving-10] [0m[INFO] [1783023387.350452414] [self_driving]: [OBJECTS] msg_count=89 n=1 names=['crosswalk'][0m
[self_driving-10] [0m[INFO] [1783023387.820570099] [self_driving]: [DEBUG_DRIVE] state=LINE_FOLLOW raw_lane_x=215.0 lane_x=215.0 filter=stable linear=0.32 angular=-0.10 cw_y=0 right_done=False start_turn=False count_turn=0 traffic=None stop=False[0m
[self_driving-10] [0m[INFO] [1783023388.020887784] [self_driving]: [OBJECTS] msg_count=90 n=1 names=['crosswalk'][0m
[self_driving-10] [0m[INFO] [1783023388.352793506] [self_driving]: [DEBUG_DRIVE] state=LINE_FOLLOW raw_lane_x=-1 lane_x=19.0 filter=hold_last linear=0.32 angular=0.10 cw_y=0 right_done=False start_turn=False count_turn=0 traffic=None stop=False[0m
[self_driving-10] [0m[INFO] [1783023388.540786191] [self_driving]: [IMAGE] received count=666 shape=(480, 640, 3) queue=0[0m
[self_driving-10] [0m[INFO] [1783023388.699790339] [self_driving]: [OBJECTS] msg_count=92 n=1 names=['crosswalk'][0m
[self_driving-10] [0m[INFO] [1783023388.700577876] [self_driving]: [CW_CANDIDATE] name=crosswalkcx=366 y2=267 area=7800 score=0.87 [0m
[self_driving-10] [0m[INFO] [1783023388.823183357] [self_driving]: [CROSSWALK_SLOW] y=267 th=180 confirm=3[0m
[self_driving-10] [0m[INFO] [1783023388.829131135] [self_driving]: [CW_STAGE 2] 정지선 앞 완전 정지! elapsed=0.00s[0m
[self_driving-10] [0m[INFO] [1783023388.884267505] [self_driving]: [CW_STAGE 2] 정지선 앞 완전 정지! elapsed=0.06s[0m
[self_driving-10] [0m[INFO] [1783023388.972924987] [self_driving]: [CW_STAGE 2] 정지선 앞 완전 정지! elapsed=0.15s[0m
[self_driving-10] [0m[INFO] [1783023389.018427561] [self_driving]: [CW_STAGE 2] 정지선 앞 완전 정지! elapsed=0.19s[0m
[self_driving-10] [0m[INFO] [1783023389.052233487] [self_driving]: [CW_CANDIDATE] name=crosswalkcx=294 y2=214 area=5368 score=0.86 [0m
[self_driving-10] [0m[INFO] [1783023389.053944746] [self_driving]: [CW_CANDIDATE] name=crosswalkcx=298 y2=153 area=1430 score=0.84 [0m
[self_driving-10] [0m[INFO] [1783023389.056924450] [self_driving]: [RIGHT_CANDIDATE] valid=False reject=['small_area'] cnt=0 cx=160 cy=102 area=736 score=0.84 done=False[0m
[self_driving-10] [0m[INFO] [1783023389.105287653] [self_driving]: [CW_STAGE 2] 정지선 앞 완전 정지! elapsed=0.28s[0m
[self_driving-10] [0m[INFO] [1783023389.172124394] [self_driving]: [CW_STAGE 2] 정지선 앞 완전 정지! elapsed=0.35s[0m
[self_driving-10] [0m[INFO] [1783023389.225669820] [self_driving]: [CW_STAGE 2] 정지선 앞 완전 정지! elapsed=0.40s[0m
[self_driving-10] [0m[INFO] [1783023389.303671783] [self_driving]: [CW_STAGE 2] 정지선 앞 완전 정지! elapsed=0.48s[0m
[self_driving-10] [0m[INFO] [1783023389.360264764] [self_driving]: [CW_STAGE 2] 정지선 앞 완전 정지! elapsed=0.54s[0m
[self_driving-10] [0m[INFO] [1783023389.399313024] [self_driving]: [OBJECTS] msg_count=96 n=1 names=['right'][0m
[self_driving-10] [0m[INFO] [1783023389.400219968] [self_driving]: [RIGHT_CANDIDATE] valid=False reject=['small_area'] cnt=0 cx=204 cy=94 area=736 score=0.84 done=False[0m
[self_driving-10] [0m[INFO] [1783023389.402962375] [self_driving]: [CW_CANDIDATE] name=crosswalkcx=331 y2=180 area=2808 score=0.78 [0m
[self_driving-10] [0m[INFO] [1783023389.407070968] [self_driving]: [CW_CANDIDATE] name=crosswalkcx=340 y2=151 area=945 score=0.73 [0m
[self_driving-10] [0m[INFO] [1783023389.446839838] [self_driving]: [CROSSWALK_IGNORE] y=151 < th=180[0m
[self_driving-10] [0m[INFO] [1783023389.453821968] [self_driving]: [CW_STAGE 2] 정지선 앞 완전 정지! elapsed=0.62s[0m
[self_driving-10] [0m[INFO] [1783023389.507804746] [self_driving]: [CROSSWALK_IGNORE] y=151 < th=180[0m
[self_driving-10] [0m[INFO] [1783023389.509019653] [self_driving]: [CW_STAGE 2] 정지선 앞 완전 정지! elapsed=0.69s[0m
[self_driving-10] [0m[INFO] [1783023389.578986246] [self_driving]: [CROSSWALK_IGNORE] y=151 < th=180[0m
[self_driving-10] [0m[INFO] [1783023389.581197764] [self_driving]: [CW_STAGE 2] 정지선 앞 완전 정지! elapsed=0.76s[0m
[self_driving-10] [0m[INFO] [1783023389.639360709] [self_driving]: [CROSSWALK_IGNORE] y=151 < th=180[0m
[self_driving-10] [0m[INFO] [1783023389.642074505] [self_driving]: [CW_STAGE 2] 정지선 앞 완전 정지! elapsed=0.82s[0m
[self_driving-10] [0m[INFO] [1783023389.703751264] [self_driving]: [CROSSWALK_IGNORE] y=151 < th=180[0m
[self_driving-10] [0m[INFO] [1783023389.706415505] [self_driving]: [CW_STAGE 2] 정지선 앞 완전 정지! elapsed=0.88s[0m
[self_driving-10] [0m[INFO] [1783023389.753258320] [self_driving]: [CROSSWALK_IGNORE] y=151 < th=180[0m
[self_driving-10] [0m[INFO] [1783023389.756543153] [self_driving]: [CW_STAGE 2] 정지선 앞 완전 정지! elapsed=0.93s[0m
[self_driving-10] [0m[INFO] [1783023389.778341246] [self_driving]: [CW_CANDIDATE] name=crosswalkcx=381 y2=219 area=3930 score=0.82 [0m
[self_driving-10] [0m[INFO] [1783023389.783059227] [self_driving]: [CW_CANDIDATE] name=crosswalkcx=389 y2=186 area=1022 score=0.76 [0m
[self_driving-10] [0m[INFO] [1783023389.842264375] [self_driving]: [CW_STAGE 2] 정지선 앞 완전 정지! elapsed=1.02s[0m
[self_driving-10] [0m[INFO] [1783023389.900211375] [self_driving]: [CW_STAGE 2] 정지선 앞 완전 정지! elapsed=1.08s[0m
[self_driving-10] [0m[INFO] [1783023389.964040560] [self_driving]: [CW_STAGE 2] 정지선 앞 완전 정지! elapsed=1.14s[0m
[self_driving-10] [0m[INFO] [1783023390.041215523] [self_driving]: [CW_STAGE 2] 정지선 앞 완전 정지! elapsed=1.22s[0m
[self_driving-10] [0m[INFO] [1783023390.110932171] [self_driving]: [CW_STAGE 2] 정지선 앞 완전 정지! elapsed=1.29s[0m
[self_driving-10] [0m[INFO] [1783023390.123113097] [self_driving]: [OBJECTS] msg_count=101 n=1 names=['crosswalk'][0m
[self_driving-10] [0m[INFO] [1783023390.124188338] [self_driving]: [CW_CANDIDATE] name=crosswalkcx=390 y2=229 area=5015 score=0.85 [0m
[self_driving-10] [0m[INFO] [1783023390.127326208] [self_driving]: [RIGHT_CANDIDATE] valid=False reject=['small_area'] cnt=0 cx=245 cy=126 area=910 score=0.84 done=False[0m
[self_driving-10] [0m[INFO] [1783023390.130146097] [self_driving]: [CW_CANDIDATE] name=crosswalkcx=394 y2=189 area=966 score=0.74 [0m
[self_driving-10] [0m[INFO] [1783023390.173262690] [self_driving]: [CW_STAGE 2] 정지선 앞 완전 정지! elapsed=1.35s[0m
[self_driving-10] [0m[INFO] [1783023390.245639894] [self_driving]: [CW_STAGE 3] 미션 완료 -> 정상 속도 회복 및 6초 락 가동[0m
[self_driving-10] [0m[INFO] [1783023390.247306801] [self_driving]: [DEBUG_DRIVE] state=LINE_FOLLOW raw_lane_x=84.5 lane_x=84.5 filter=stable linear=0.32 angular=0.10 cw_y=189 right_done=False start_turn=False count_turn=0 traffic=None stop=False[0m
[self_driving-10] [0m[INFO] [1783023390.484296393] [self_driving]: [RIGHT_CANDIDATE] valid=False reject=['small_area'] cnt=0 cx=245 cy=127 area=884 score=0.85 done=False[0m
[self_driving-10] [0m[INFO] [1783023390.488545412] [self_driving]: [CW_CANDIDATE] name=crosswalkcx=391 y2=229 area=4998 score=0.83 [0m
[self_driving-10] [0m[INFO] [1783023390.500219134] [self_driving]: [CW_CANDIDATE] name=crosswalkcx=394 y2=189 area=966 score=0.75 [0m
[self_driving-10] [0m[INFO] [1783023390.583228338] [self_driving]: [IMAGE] received count=696 shape=(480, 640, 3) queue=0[0m
[self_driving-10] [0m[INFO] [1783023390.779752356] [self_driving]: [DEBUG_DRIVE] state=LINE_FOLLOW raw_lane_x=135.5 lane_x=135.5 filter=stable linear=0.32 angular=-0.10 cw_y=189 right_done=False start_turn=False count_turn=0 traffic=None stop=False[0m
[self_driving-10] [0m[INFO] [1783023390.840239671] [self_driving]: [OBJECTS] msg_count=107 n=1 names=['right'][0m
[self_driving-10] [0m[INFO] [1783023390.840763597] [self_driving]: [RIGHT_CANDIDATE] valid=False reject=['small_area'] cnt=0 cx=245 cy=126 area=858 score=0.85 done=False[0m
[self_driving-10] [0m[INFO] [1783023390.843704245] [self_driving]: [CW_CANDIDATE] name=crosswalkcx=394 y2=189 area=966 score=0.75 [0m
[self_driving-10] [0m[INFO] [1783023391.186413745] [self_driving]: [RIGHT_CANDIDATE] valid=False reject=['small_area'] cnt=0 cx=245 cy=126 area=858 score=0.85 done=False[0m
[self_driving-10] [0m[INFO] [1783023391.188395226] [self_driving]: [CW_CANDIDATE] name=crosswalkcx=391 y2=229 area=4704 score=0.82 [0m
[self_driving-10] [0m[INFO] [1783023391.191549134] [self_driving]: [CW_CANDIDATE] name=crosswalkcx=394 y2=189 area=954 score=0.74 [0m
[self_driving-10] [0m[INFO] [1783023391.321853115] [self_driving]: [DEBUG_DRIVE] state=LINE_FOLLOW raw_lane_x=142.0 lane_x=142.0 filter=stable linear=0.32 angular=-0.10 cw_y=189 right_done=False start_turn=False count_turn=0 traffic=None stop=False[0m
[self_driving-10] [0m[INFO] [1783023391.543263485] [self_driving]: [OBJECTS] msg_count=112 n=1 names=['crosswalk'][0m
[self_driving-10] [0m[INFO] [1783023391.543785189] [self_driving]: [CW_CANDIDATE] name=crosswalkcx=418 y2=237 area=6552 score=0.86 [0m
[self_driving-10] [0m[INFO] [1783023391.545880819] [self_driving]: [RIGHT_CANDIDATE] valid=False reject=['small_area'] cnt=0 cx=263 cy=125 area=910 score=0.83 done=False[0m
[self_driving-10] [0m[INFO] [1783023391.551920578] [self_driving]: [CW_CANDIDATE] name=crosswalkcx=418 y2=192 area=1176 score=0.79 [0m
[self_driving-10] [0m[INFO] [1783023391.844147781] [self_driving]: [DEBUG_DRIVE] state=LINE_FOLLOW raw_lane_x=132.5 lane_x=132.5 filter=stable linear=0.32 angular=0.10 cw_y=192 right_done=False start_turn=False count_turn=0 traffic=None stop=False[0m
[self_driving-10] [0m[INFO] [1783023391.881652337] [self_driving]: [CW_CANDIDATE] name=crosswalkcx=449 y2=259 area=10416 score=0.87 [0m
[self_driving-10] [0m[INFO] [1783023391.884738318] [self_driving]: [RIGHT_CANDIDATE] valid=False reject=['small_area'] cnt=0 cx=265 cy=125 area=1140 score=0.85 done=False[0m
[self_driving-10] [0m[INFO] [1783023391.890149726] [self_driving]: [CW_CANDIDATE] name=crosswalkcx=437 y2=197 area=1472 score=0.80 [0m
[self_driving-10] [0m[INFO] [1783023392.211948707] [self_driving]: [OBJECTS] msg_count=118 n=1 names=['crosswalk'][0m
[self_driving-10] [0m[INFO] [1783023392.212513503] [self_driving]: [CW_CANDIDATE] name=crosswalkcx=430 y2=290 area=17888 score=0.91 [0m
[self_driving-10] [0m[INFO] [1783023392.216085170] [self_driving]: [CW_CANDIDATE] name=crosswalkcx=426 y2=201 area=1632 score=0.81 [0m
[self_driving-10] [0m[INFO] [1783023392.381820466] [self_driving]: [DEBUG_DRIVE] state=LINE_FOLLOW raw_lane_x=165.5 lane_x=165.5 filter=stable linear=0.32 angular=-0.10 cw_y=201 right_done=False start_turn=False count_turn=0 traffic=None stop=False[0m
[self_driving-10] [0m[INFO] [1783023392.568324411] [self_driving]: [CW_CANDIDATE] name=crosswalkcx=399 y2=340 area=30114 score=0.90 [0m
[self_driving-10] [0m[INFO] [1783023392.571543855] [self_driving]: [CW_CANDIDATE] name=crosswalkcx=422 y2=209 area=2320 score=0.85 [0m
[self_driving-10] [0m[INFO] [1783023392.589002337] [self_driving]: [IMAGE] received count=726 shape=(480, 640, 3) queue=0[0m
[self_driving-10] [0m[INFO] [1783023392.901609225] [self_driving]: [OBJECTS] msg_count=122 n=1 names=['crosswalk'][0m
[self_driving-10] [0m[INFO] [1783023392.904111725] [self_driving]: [CW_CANDIDATE] name=crosswalkcx=325 y2=480 area=93240 score=0.89 [0m
[self_driving-10] [0m[INFO] [1783023392.914762947] [self_driving]: [CW_CANDIDATE] name=crosswalkcx=410 y2=221 area=4020 score=0.84 [0m
[self_driving-10] [0m[INFO] [1783023392.918747855] [self_driving]: [DEBUG_DRIVE] state=LINE_FOLLOW raw_lane_x=141.0 lane_x=141.0 filter=stable linear=0.32 angular=-0.10 cw_y=221 right_done=False start_turn=False count_turn=0 traffic=None stop=False[0m
[self_driving-10] [0m[INFO] [1783023393.256703744] [self_driving]: [RIGHT_CANDIDATE] valid=True reject=[] cnt=0 cx=117 cy=107 area=3933 score=0.88 done=False[0m
[self_driving-10] [0m[INFO] [1783023393.265873855] [self_driving]: [CW_CANDIDATE] name=crosswalkcx=331 y2=480 area=22068 score=0.63 [0m
[self_driving-10] [0m[INFO] [1783023393.464988114] [self_driving]: [DEBUG_DRIVE] state=LINE_FOLLOW raw_lane_x=135.0 lane_x=135.0 filter=stable linear=0.32 angular=-0.10 cw_y=480 right_done=False start_turn=False count_turn=0 traffic=None stop=False[0m
[self_driving-10] [0m[INFO] [1783023393.597229003] [self_driving]: [OBJECTS] msg_count=126 n=1 names=['crosswalk'][0m
[self_driving-10] [0m[INFO] [1783023393.598788429] [self_driving]: [CW_CANDIDATE] name=crosswalkcx=449 y2=255 area=10788 score=0.90 [0m
[self_driving-10] [0m[INFO] [1783023393.605358892] [self_driving]: [RIGHT_CANDIDATE] valid=True reject=[] cnt=1 cx=38 cy=92 area=6789 score=0.89 done=False[0m
[self_driving-10] [0m[INFO] [1783023393.606044595] [self_driving]: [RIGHT_READY] cx=38 cy=92 area=6789 score=0.89[0m
[self_driving-10] [0m[INFO] [1783023393.654352577] [self_driving]: [RIGHT_TRIGGER] enter ARROW_SIGNAL lane_x=136.5 raw_lane_x=136.5 filter=stable cw_y=0 candidate={'cx': 38, 'cy': 92, 'area': 6789, 'score': 0.8899999856948853}[0m
[self_driving-10] [0m[INFO] [1783023393.654820280] [self_driving]: [1;36m[FSM] LINE_FOLLOW -> ARROW_SIGNAL[0m[0m
[self_driving-10] [0m[INFO] [1783023393.933958428] [self_driving]: [CW_CANDIDATE] name=crosswalkcx=430 y2=278 area=15084 score=0.92 [0m
[self_driving-10] [0m[INFO] [1783023393.994908891] [self_driving]: [ARROW_SIGNAL] waiting elapsed=0.34/1.50 direction=right[0m
[self_driving-10] [0m[INFO] [1783023394.278322150] [self_driving]: [OBJECTS] msg_count=129 n=1 names=['crosswalk'][0m
[self_driving-10] [0m[INFO] [1783023394.280485706] [self_driving]: [CW_CANDIDATE] name=crosswalkcx=404 y2=318 area=24492 score=0.92 [0m
[self_driving-10] [0m[INFO] [1783023394.536564724] [self_driving]: [ARROW_SIGNAL] waiting elapsed=0.88/1.50 direction=right[0m
[self_driving-10] [0m[INFO] [1783023394.604285946] [self_driving]: [IMAGE] received count=756 shape=(480, 640, 3) queue=0[0m
[self_driving-10] [0m[INFO] [1783023394.641168224] [self_driving]: [CW_CANDIDATE] name=crosswalkcx=372 y2=400 area=50635 score=0.93 [0m
[self_driving-10] [0m[INFO] [1783023394.965442039] [self_driving]: [OBJECTS] msg_count=131 n=1 names=['crosswalk'][0m
[self_driving-10] [0m[INFO] [1783023394.968220631] [self_driving]: [CW_CANDIDATE] name=crosswalkcx=329 y2=480 area=85698 score=0.91 [0m
[self_driving-10] [0m[INFO] [1783023395.077039372] [self_driving]: [ARROW_SIGNAL] waiting elapsed=1.42/1.50 direction=right[0m
[self_driving-10] [0m[INFO] [1783023395.205608224] [self_driving]: [ARROW_SIGNAL] done elapsed=1.55 -> INTERSECTION direction=right[0m
[self_driving-10] [0m[INFO] [1783023395.206271539] [self_driving]: [1;36m[FSM] ARROW_SIGNAL -> INTERSECTION[0m[0m
[self_driving-10] [0m[INFO] [1783023395.289780928] [self_driving]: [CW_CANDIDATE] name=crosswalkcx=334 y2=480 area=84929 score=0.91 [0m
[self_driving-10] [0m[INFO] [1783023395.606724298] [self_driving]: [RIGHT_TURN] elapsed=0.40 cmd=(0.10,-0.50) lane_x=48.0[0m
[self_driving-10] [0m[INFO] [1783023395.642512890] [self_driving]: [OBJECTS] msg_count=133 n=1 names=['crosswalk'][0m
[self_driving-10] [0m[INFO] [1783023395.644044150] [self_driving]: [CW_CANDIDATE] name=crosswalkcx=320 y2=480 area=80000 score=0.84 [0m
[self_driving-10] [0m[INFO] [1783023396.018468760] [self_driving]: [CW_CANDIDATE] name=crosswalkcx=321 y2=480 area=71456 score=0.92 [0m
[self_driving-10] [0m[INFO] [1783023396.152035501] [self_driving]: [RIGHT_TURN] elapsed=0.94 cmd=(0.10,-0.50) lane_x=-1[0m
[self_driving-10] [0m[INFO] [1783023396.325953723] [self_driving]: [OBJECTS] msg_count=135 n=1 names=['crosswalk'][0m
[self_driving-10] [0m[INFO] [1783023396.326789964] [self_driving]: [CW_CANDIDATE] name=crosswalkcx=322 y2=480 area=61692 score=0.91 [0m
[self_driving-10] [0m[INFO] [1783023396.619028371] [self_driving]: [IMAGE] received count=786 shape=(480, 640, 3) queue=0[0m
[self_driving-10] [0m[INFO] [1783023396.689945204] [self_driving]: [RIGHT_TURN] elapsed=1.48 cmd=(0.10,-0.50) lane_x=231.5[0m
[self_driving-10] [0m[INFO] [1783023396.700693075] [self_driving]: [CW_CANDIDATE] name=crosswalkcx=320 y2=480 area=56320 score=0.76 [0m
[self_driving-10] [0m[INFO] [1783023397.225677093] [self_driving]: [RIGHT_TURN] elapsed=2.02 cmd=(0.10,-0.50) lane_x=188.0[0m
[self_driving-10] [0m[INFO] [1783023397.766587759] [self_driving]: [RIGHT_TURN] elapsed=2.56 cmd=(0.10,-0.50) lane_x=-1[0m
[self_driving-10] [0m[INFO] [1783023398.299589074] [self_driving]: [RIGHT_TURN] elapsed=3.09 cmd=(0.10,-0.50) lane_x=-1[0m
[self_driving-10] [0m[INFO] [1783023398.441315815] [self_driving]: straight[0m
[self_driving-10] [0m[INFO] [1783023398.509184203] [self_driving]: straight[0m
[self_driving-10] [0m[INFO] [1783023398.564091111] [self_driving]: straight[0m
[self_driving-10] [0m[INFO] [1783023398.637857277] [self_driving]: [IMAGE] received count=816 shape=(480, 640, 3) queue=0[0m
[self_driving-10] [0m[INFO] [1783023398.644313296] [self_driving]: straight[0m
[self_driving-10] [0m[INFO] [1783023398.706135722] [self_driving]: straight[0m
[self_driving-10] [0m[INFO] [1783023398.783874296] [self_driving]: straight[0m
[self_driving-10] [0m[INFO] [1783023398.835511425] [self_driving]: straight[0m
[self_driving-10] [0m[INFO] [1783023398.908494574] [self_driving]: straight[0m
[self_driving-10] [0m[INFO] [1783023398.971686018] [self_driving]: straight[0m
[self_driving-10] [0m[INFO] [1783023399.059003499] [self_driving]: straight[0m
[self_driving-10] [0m[INFO] [1783023399.110638240] [self_driving]: straight[0m
[self_driving-10] [0m[INFO] [1783023399.187923425] [self_driving]: straight[0m
[self_driving-10] [0m[INFO] [1783023399.245012962] [self_driving]: straight[0m
[self_driving-10] [0m[INFO] [1783023399.313109962] [self_driving]: straight[0m
[self_driving-10] [0m[INFO] [1783023399.380546055] [self_driving]: straight[0m
[self_driving-10] [0m[INFO] [1783023399.447969555] [self_driving]: straight[0m
[self_driving-10] [0m[INFO] [1783023399.514245407] [self_driving]: straight[0m
[self_driving-10] [0m[INFO] [1783023399.583538036] [self_driving]: straight[0m
[self_driving-10] [0m[INFO] [1783023399.650440147] [self_driving]: straight[0m
[self_driving-10] [0m[INFO] [1783023399.701549499] [self_driving]: straight[0m
[self_driving-10] [0m[INFO] [1783023399.724332943] [self_driving]: [OBJECTS] msg_count=137 n=1 names=['park'][0m
[self_driving-10] [0m[INFO] [1783023399.730597369] [self_driving]: [CW_CANDIDATE] name=crosswalkcx=419 y2=168 area=384 score=0.51 [0m
[self_driving-10] [0m[INFO] [1783023399.772239277] [self_driving]: straight[0m
[self_driving-10] [0m[INFO] [1783023399.850649332] [self_driving]: straight[0m
[self_driving-10] [0m[INFO] [1783023399.910377999] [self_driving]: straight[0m
[self_driving-10] [0m[INFO] [1783023399.987126110] [self_driving]: straight[0m
[self_driving-10] [0m[INFO] [1783023400.038291925] [self_driving]: straight[0m
[self_driving-10] [0m[INFO] [1783023400.073704999] [self_driving]: [CW_CANDIDATE] name=crosswalkcx=428 y2=169 area=416 score=0.52 [0m
[self_driving-10] [0m[INFO] [1783023400.115994684] [self_driving]: straight[0m
[self_driving-10] [0m[INFO] [1783023400.181336258] [self_driving]: straight[0m
[self_driving-10] [0m[INFO] [1783023400.241822591] [self_driving]: straight[0m
[self_driving-10] [0m[INFO] [1783023400.309700165] [self_driving]: straight[0m
[self_driving-10] [0m[INFO] [1783023400.383439999] [self_driving]: straight[0m
[self_driving-10] [0m[INFO] [1783023400.400409462] [self_driving]: [OBJECTS] msg_count=141 n=1 names=['park'][0m
[self_driving-10] [0m[INFO] [1783023400.407211924] [self_driving]: [CW_CANDIDATE] name=crosswalkcx=431 y2=172 area=545 score=0.58 [0m
[self_driving-10] [0m[INFO] [1783023400.472060739] [self_driving]: straight[0m
[self_driving-10] [0m[INFO] [1783023400.524015517] [self_driving]: straight[0m
[self_driving-10] [0m[INFO] [1783023400.588072054] [self_driving]: straight[0m
[self_driving-10] [0m[INFO] [1783023400.645239406] [self_driving]: [IMAGE] received count=846 shape=(480, 640, 3) queue=0[0m
[self_driving-10] [0m[INFO] [1783023400.652495924] [self_driving]: straight[0m
[self_driving-10] [0m[INFO] [1783023400.716909869] [self_driving]: straight[0m
[self_driving-10] [0m[INFO] [1783023400.794124072] [self_driving]: [CW_CANDIDATE] name=crosswalkcx=432 y2=173 area=525 score=0.51 [0m
[self_driving-10] [0m[INFO] [1783023400.795012498] [self_driving]: straight[0m
[self_driving-10] [0m[INFO] [1783023400.859856739] [self_driving]: straight[0m
[self_driving-10] [0m[INFO] [1783023400.922149498] [self_driving]: straight[0m
[self_driving-10] [0m[INFO] [1783023400.994654961] [self_driving]: straight[0m
[self_driving-10] [0m[INFO] [1783023401.058731461] [self_driving]: straight[0m
[self_driving-10] [0m[INFO] [1783023401.113150017] [self_driving]: [OBJECTS] msg_count=145 n=1 names=['park'][0m
[self_driving-10] [0m[INFO] [1783023401.118156350] [self_driving]: straight[0m
[self_driving-10] [0m[INFO] [1783023401.201283813] [self_driving]: straight[0m
[self_driving-10] [0m[INFO] [1783023401.267483831] [self_driving]: straight[0m
[self_driving-10] [0m[INFO] [1783023401.329291128] [self_driving]: straight[0m
[self_driving-10] [0m[INFO] [1783023401.403085424] [self_driving]: straight[0m
[self_driving-10] [0m[INFO] [1783023401.451515702] [self_driving]: straight[0m
[self_driving-10] [0m[INFO] [1783023401.528695609] [self_driving]: straight[0m
[self_driving-10] [0m[INFO] [1783023401.599843016] [self_driving]: straight[0m
[self_driving-10] [0m[INFO] [1783023401.667586794] [self_driving]: straight[0m
[self_driving-10] [0m[INFO] [1783023401.725177572] [self_driving]: straight[0m
[self_driving-10] [0m[INFO] [1783023401.800321072] [self_driving]: straight[0m
[self_driving-10] [0m[INFO] [1783023401.811177535] [self_driving]: [OBJECTS] msg_count=149 n=1 names=['crosswalk'][0m
[self_driving-10] [0m[INFO] [1783023401.813631461] [self_driving]: [CW_CANDIDATE] name=crosswalkcx=454 y2=176 area=610 score=0.42 [0m
[self_driving-10] [0m[INFO] [1783023401.873909609] [self_driving]: straight[0m
[self_driving-10] [0m[INFO] [1783023401.931095516] [self_driving]: straight[0m
[self_driving-10] [0m[INFO] [1783023401.988370164] [self_driving]: straight[0m
[self_driving-10] [0m[INFO] [1783023402.076057127] [self_driving]: straight[0m
[self_driving-10] [0m[INFO] [1783023402.124819831] [self_driving]: straight[0m
[self_driving-10] [0m[INFO] [1783023402.196132423] [self_driving]: straight[0m
[self_driving-10] [0m[INFO] [1783023402.273379016] [self_driving]: straight[0m
[self_driving-10] [0m[INFO] [1783023402.332573109] [self_driving]: straight[0m
[self_driving-10] [0m[INFO] [1783023402.394873479] [self_driving]: straight[0m
[self_driving-10] [0m[INFO] [1783023402.462724312] [self_driving]: straight[0m
[self_driving-10] [0m[INFO] [1783023402.479455442] [self_driving]: [OBJECTS] msg_count=151 n=1 names=['park'][0m
[self_driving-10] [0m[INFO] [1783023402.551474220] [self_driving]: straight[0m
[self_driving-10] [0m[INFO] [1783023402.605799497] [self_driving]: straight[0m
[self_driving-10] [0m[INFO] [1783023402.660081479] [self_driving]: [IMAGE] received count=876 shape=(480, 640, 3) queue=0[0m
[self_driving-10] [0m[INFO] [1783023402.670898442] [self_driving]: straight[0m
[self_driving-10] [0m[INFO] [1783023402.729908497] [self_driving]: straight[0m
[self_driving-10] [0m[INFO] [1783023402.798342682] [self_driving]: straight[0m
[self_driving-10] [0m[INFO] [1783023402.881807016] [self_driving]: straight[0m
[self_driving-10] [0m[INFO] [1783023402.948169053] [self_driving]: [RIGHT_TURN] done elapsed=7.74 lane_x=-1 -> LINE_FOLLOW. . . .[0m
[self_driving-10] [0m[INFO] [1783023402.948722275] [self_driving]: [1;36m[FSM] INTERSECTION -> LINE_FOLLOW[0m[0m
[self_driving-10] [33m[WARN] [1783023403.009207127] [self_driving]: [LANE_LOST] raw_lane_x=-1 lane_x=-1 filter=lost stop=False state=LINE_FOLLOW safe_linear=0.02 right_ready=False right_done=True[0m
[self_driving-10] [0m[INFO] [1783023403.010220830] [self_driving]: [DEBUG_DRIVE] state=LINE_FOLLOW raw_lane_x=-1 lane_x=-1 filter=lost linear=0.32 angular=0.00 cw_y=0 right_done=True start_turn=False count_turn=0 traffic=None stop=False[0m
[self_driving-10] [0m[INFO] [1783023403.194748089] [self_driving]: [OBJECTS] msg_count=153 n=1 names=['park'][0m
[self_driving-10] [0m[INFO] [1783023403.202388664] [self_driving]: [PARK_COUNT] count=1/2 park_x=631 cw_y=0 right_done=True candidate={'cx': 631, 'cy': 127, 'area': 360, 'score': 0.7099999785423279, 'right_done': True}[0m
[self_driving-10] [0m[INFO] [1783023403.278434293] [self_driving]: [PARK_COUNT] count=2/2 park_x=631 cw_y=0 right_done=True candidate={'cx': 631, 'cy': 127, 'area': 360, 'score': 0.7099999785423279, 'right_done': True}[0m
[self_driving-10] [0m[INFO] [1783023403.278919275] [self_driving]: [PARK_START] stop and run park_action[0m
[self_driving-10] [0m[INFO] [1783023403.279549219] [self_driving]: [1;36m[FSM] LINE_FOLLOW -> PARKING[0m[0m
[self_driving-10] [0m[INFO] [1783023403.342377812] [self_driving]: [PARK!!!!] park ready[0m
[self_driving-10] [0m[INFO] [1783023403.392453256] [self_driving]: [PARK!!!!] park ready[0m
[self_driving-10] [0m[INFO] [1783023403.465816349] [self_driving]: [PARK!!!!] park ready[0m
[self_driving-10] [0m[INFO] [1783023403.535423367] [self_driving]: [PARK!!!!] park ready[0m
[self_driving-10] [0m[INFO] [1783023403.610665237] [self_driving]: [PARK!!!!] park ready[0m
[self_driving-10] [0m[INFO] [1783023403.675544552] [self_driving]: [PARK!!!!] park ready[0m
[self_driving-10] [0m[INFO] [1783023403.753557774] [self_driving]: [PARK!!!!] park ready[0m
[self_driving-10] [0m[INFO] [1783023403.813144700] [self_driving]: [PARK!!!!] park ready[0m
[self_driving-10] [0m[INFO] [1783023403.887907330] [self_driving]: [PARK!!!!] park ready[0m
[self_driving-10] [0m[INFO] [1783023403.945954700] [self_driving]: [PARK!!!!] park ready[0m
[self_driving-10] [0m[INFO] [1783023404.009284533] [self_driving]: [PARK!!!!] park ready[0m
[self_driving-10] [0m[INFO] [1783023404.080258756] [self_driving]: [PARK!!!!] park ready[0m
[self_driving-10] [0m[INFO] [1783023404.131389867] [self_driving]: [PARK!!!!] park ready[0m
[self_driving-10] [0m[INFO] [1783023404.160000737] [self_driving]: [OBJECTS] msg_count=154 n=1 names=['crosswalk'][0m
[self_driving-10] [0m[INFO] [1783023404.220713219] [self_driving]: [PARK!!!!] park ready[0m
[self_driving-10] [0m[INFO] [1783023404.284539996] [self_driving]: [PARK!!!!] park ready[0m
[self_driving-10] [0m[INFO] [1783023404.353172737] [self_driving]: [PARK!!!!] park ready[0m
[self_driving-10] [0m[INFO] [1783023404.424354144] [self_driving]: [PARK!!!!] park ready[0m
[self_driving-10] [0m[INFO] [1783023404.473239996] [self_driving]: [PARK!!!!] park ready[0m
[self_driving-10] [0m[INFO] [1783023404.553333904] [self_driving]: [PARK!!!!] park ready[0m
[self_driving-10] [0m[INFO] [1783023404.622698996] [self_driving]: [PARK!!!!] park ready[0m
[self_driving-10] [0m[INFO] [1783023404.690488200] [self_driving]: [IMAGE] received count=906 shape=(480, 640, 3) queue=0[0m
[self_driving-10] [0m[INFO] [1783023404.698363496] [self_driving]: [PARK!!!!] park ready[0m
[self_driving-10] [0m[INFO] [1783023404.739016718] [self_driving]: [PARK!!!!] park ready[0m
[self_driving-10] [0m[INFO] [1783023404.836476718] [self_driving]: [PARK!!!!] park ready[0m
[self_driving-10] [0m[INFO] [1783023404.896027903] [self_driving]: [PARK!!!!] park ready[0m
[self_driving-10] [0m[INFO] [1783023404.974872144] [self_driving]: [PARK!!!!] park ready[0m
[self_driving-10] [0m[INFO] [1783023405.055844125] [self_driving]: [PARK!!!!] park ready[0m
[self_driving-10] [0m[INFO] [1783023405.123220570] [self_driving]: [PARK!!!!] park ready[0m
[self_driving-10] [0m[INFO] [1783023405.214054422] [self_driving]: [PARK!!!!] park ready[0m
[self_driving-10] [0m[INFO] [1783023405.279348329] [self_driving]: [PARK!!!!] park ready[0m
[self_driving-10] [0m[INFO] [1783023405.363588477] [self_driving]: [PARK!!!!] park ready[0m
[self_driving-10] [0m[INFO] [1783023405.468858199] [self_driving]: [PARK!!!!] park ready[0m
[self_driving-10] [0m[INFO] [1783023405.538582403] [self_driving]: [PARK!!!!] park ready[0m
[self_driving-10] [0m[INFO] [1783023405.610963051] [self_driving]: [PARK!!!!] park ready[0m
[self_driving-10] [0m[INFO] [1783023405.699302273] [self_driving]: [PARK!!!!] park ready[0m
[self_driving-10] [0m[INFO] [1783023405.775364236] [self_driving]: [PARK!!!!] park ready[0m
[self_driving-10] [0m[INFO] [1783023405.838530699] [self_driving]: [PARK!!!!] park ready[0m
[self_driving-10] [0m[INFO] [1783023405.914514643] [self_driving]: [PARK!!!!] park ready[0m
[self_driving-10] [0m[INFO] [1783023405.982069680] [self_driving]: [PARK!!!!] park ready[0m
[self_driving-10] [0m[INFO] [1783023406.046512125] [self_driving]: [PARK!!!!] park ready[0m
[self_driving-10] [0m[INFO] [1783023406.103954088] [self_driving]: [PARK!!!!] park ready[0m
[self_driving-10] [0m[INFO] [1783023406.188456088] [self_driving]: [PARK!!!!] park ready[0m
[self_driving-10] [0m[INFO] [1783023406.249260958] [self_driving]: [PARK!!!!] park ready[0m
[self_driving-10] [0m[INFO] [1783023406.318834828] [self_driving]: [PARK!!!!] park ready[0m
[self_driving-10] [0m[INFO] [1783023406.383002995] [self_driving]: [PARK!!!!] park ready[0m
[self_driving-10] [0m[INFO] [1783023406.454736569] [self_driving]: [PARK!!!!] park ready[0m
[self_driving-10] [0m[INFO] [1783023406.516856884] [self_driving]: [PARK!!!!] park ready[0m
[self_driving-10] [0m[INFO] [1783023406.579279032] [self_driving]: [PARK!!!!] park ready[0m
[self_driving-10] [0m[INFO] [1783023406.654196569] [self_driving]: [PARK!!!!] park ready[0m
[self_driving-10] [0m[INFO] [1783023406.712997106] [self_driving]: [IMAGE] received count=934 shape=(480, 640, 3) queue=0[0m
[self_driving-10] [0m[INFO] [1783023406.715712365] [self_driving]: [PARK!!!!] park ready[0m
[self_driving-10] [0m[INFO] [1783023406.793053013] [self_driving]: [PARK!!!!] park ready[0m
[self_driving-10] [0m[INFO] [1783023406.854624402] [self_driving]: [PARK!!!!] park ready[0m
[self_driving-10] [0m[INFO] [1783023406.910828865] [self_driving]: [PARK!!!!] park ready[0m
[self_driving-10] [0m[INFO] [1783023406.985565272] [self_driving]: [PARK!!!!] park ready[0m
[self_driving-10] [0m[INFO] [1783023407.074474439] [self_driving]: [PARK!!!!] park ready[0m
[self_driving-10] [0m[INFO] [1783023407.122607865] [self_driving]: [PARK!!!!] park ready[0m
[self_driving-10] [0m[INFO] [1783023407.201540976] [self_driving]: [PARK!!!!] park ready[0m
[self_driving-10] [0m[INFO] [1783023407.249625198] [self_driving]: [PARK!!!!] park ready[0m
[self_driving-10] [0m[INFO] [1783023407.367622883] [self_driving]: [OBJECTS] msg_count=155 n=1 names=['crosswalk'][0m
[self_driving-10] [0m[INFO] [1783023408.729369586] [self_driving]: [IMAGE] received count=964 shape=(480, 640, 3) queue=0[0m
[self_driving-10] [0m[INFO] [1783023409.197973067] [self_driving]: [PARK !!!! ] park action complete[0m
[self_driving-10] [0m[INFO] [1783023409.198672771] [self_driving]: [1;36m[FSM] PARKING -> DONE[0m[0m
[self_driving-10] [0m[INFO] [1783023409.247690567] [self_driving]: [OBJECTS] msg_count=156 n=1 names=['crosswalk'][0m
[self_driving-10] [0m[INFO] [1783023409.900449771] [self_driving]: [OBJECTS] msg_count=158 n=1 names=['crosswalk'][0m
[self_driving-10] [0m[INFO] [1783023410.752402604] [self_driving]: [IMAGE] received count=994 shape=(480, 640, 3) queue=0[0m
[self_driving-10] [0m[INFO] [1783023410.839364881] [self_driving]: [OBJECTS] msg_count=159 n=1 names=['crosswalk'][0m
[self_driving-10] [0m[INFO] [1783023411.491675566] [self_driving]: [OBJECTS] msg_count=162 n=1 names=['crosswalk'][0m
[self_driving-10] [0m[INFO] [1783023412.786746880] [self_driving]: [IMAGE] received count=1024 shape=(480, 640, 3) queue=0[0m
[self_driving-10] [0m[INFO] [1783023414.685825397] [self_driving]: [OBJECTS] msg_count=165 n=1 names=['crosswalk'][0m
[self_driving-10] [0m[INFO] [1783023414.686666805] [self_driving]: [CW_CANDIDATE] name=crosswalkcx=218 y2=357 area=7000 score=0.42 [0m
[self_driving-10] [0m[INFO] [1783023414.790440379] [self_driving]: [IMAGE] received count=1054 shape=(480, 640, 3) queue=0[0m
[self_driving-10] [0m[INFO] [1783023415.660257730] [self_driving]: [OBJECTS] msg_count=166 n=1 names=['crosswalk'][0m
[self_driving-10] [0m[INFO] [1783023416.791653470] [self_driving]: [IMAGE] received count=1084 shape=(480, 640, 3) queue=0[0m
[self_driving-10] [0m[INFO] [1783023418.772879099] [self_driving]: [OBJECTS] msg_count=169 n=1 names=['crosswalk'][0m
[self_driving-10] [0m[INFO] [1783023418.816623154] [self_driving]: [IMAGE] received count=1114 shape=(480, 640, 3) queue=0[0m
[self_driving-10] [0m[INFO] [1783023420.833873523] [self_driving]: [IMAGE] received count=1144 shape=(480, 640, 3) queue=0[0m
[self_driving-10] [0m[INFO] [1783023422.862922837] [self_driving]: [IMAGE] received count=1174 shape=(480, 640, 3) queue=0[0m
[self_driving-10] [0m[INFO] [1783023424.929521632] [self_driving]: [IMAGE] received count=1205 shape=(480, 640, 3) queue=0[0m
[self_driving-10] [0m[INFO] [1783023426.933635927] [self_driving]: [IMAGE] received count=1235 shape=(480, 640, 3) queue=0[0m
[self_driving-10] [0m[INFO] [1783023428.959829111] [self_driving]: [IMAGE] received count=1265 shape=(480, 640, 3) queue=0[0m
[self_driving-10] [0m[INFO] [1783023430.979379962] [self_driving]: [IMAGE] received count=1295 shape=(480, 640, 3) queue=0[0m
[self_driving-10] [0m[INFO] [1783023432.982750590] [self_driving]: [IMAGE] received count=1325 shape=(480, 640, 3) queue=0[0m
[self_driving-10] [0m[INFO] [1783023434.995098071] [self_driving]: [IMAGE] received count=1355 shape=(480, 640, 3) queue=0[0m
[self_driving-10] [0m[INFO] [1783023437.036889977] [self_driving]: [IMAGE] received count=1385 shape=(480, 640, 3) queue=0[0m
[self_driving-10] [0m[INFO] [1783023439.037558605] [self_driving]: [IMAGE] received count=1415 shape=(480, 640, 3) queue=0[0m
[self_driving-10] [0m[INFO] [1783023441.056516048] [self_driving]: [IMAGE] received count=1445 shape=(480, 640, 3) queue=0[0m
[self_driving-10] [0m[INFO] [1783023443.068680936] [self_driving]: [IMAGE] received count=1475 shape=(480, 640, 3) queue=0[0m
[self_driving-10] [0m[INFO] [1783023445.080485102] [self_driving]: [IMAGE] received count=1505 shape=(480, 640, 3) queue=0[0m
[self_driving-10] [0m[INFO] [1783023447.112579471] [self_driving]: [IMAGE] received count=1535 shape=(480, 640, 3) queue=0[0m
[self_driving-10] [0m[INFO] [1783023449.188254784] [self_driving]: [IMAGE] received count=1566 shape=(480, 640, 3) queue=0[0m
[self_driving-10] [0m[INFO] [1783023451.208358061] [self_driving]: [IMAGE] received count=1596 shape=(480, 640, 3) queue=0[0m
[self_driving-10] [0m[INFO] [1783023453.308691152] [self_driving]: [IMAGE] received count=1627 shape=(480, 640, 3) queue=0[0m
[self_driving-10] [0m[INFO] [1783023455.369824947] [self_driving]: [IMAGE] received count=1658 shape=(480, 640, 3) queue=0[0m
[self_driving-10] [0m[INFO] [1783023457.388391483] [self_driving]: [IMAGE] received count=1688 shape=(480, 640, 3) queue=0[0m
[self_driving-10] [0m[INFO] [1783023459.395015445] [self_driving]: [IMAGE] received count=1718 shape=(480, 640, 3) queue=0[0m
[self_driving-10] [0m[INFO] [1783023461.423950147] [self_driving]: [IMAGE] received count=1748 shape=(480, 640, 3) queue=0[0m
[self_driving-10] [0m[INFO] [1783023463.441922498] [self_driving]: [IMAGE] received count=1778 shape=(480, 640, 3) queue=0[0m
[self_driving-10] [0m[INFO] [1783023465.444785201] [self_driving]: [IMAGE] received count=1808 shape=(480, 640, 3) queue=0[0m
[self_driving-10] [0m[INFO] [1783023467.453219014] [self_driving]: [IMAGE] received count=1838 shape=(480, 640, 3) queue=0[0m
[self_driving-10] [0m[INFO] [1783023469.497635791] [self_driving]: [IMAGE] received count=1868 shape=(480, 640, 3) queue=0[0m
[self_driving-10] [0m[INFO] [1783023471.566756289] [self_driving]: [IMAGE] received count=1899 shape=(480, 640, 3) queue=0[0m
[self_driving-10] [0m[INFO] [1783023473.575952159] [self_driving]: [IMAGE] received count=1929 shape=(480, 640, 3) queue=0[0m
[self_driving-10] [0m[INFO] [1783023475.602989139] [self_driving]: [IMAGE] received count=1959 shape=(480, 640, 3) queue=0[0m
[self_driving-10] [0m[INFO] [1783023477.612591286] [self_driving]: [IMAGE] received count=1989 shape=(480, 640, 3) queue=0[0m
[self_driving-10] [0m[INFO] [1783023479.630347581] [self_driving]: [IMAGE] received count=2019 shape=(480, 640, 3) queue=0[0m
[self_driving-10] [0m[INFO] [1783023481.634945654] [self_driving]: [IMAGE] received count=2049 shape=(480, 640, 3) queue=0[0m
[self_driving-10] [0m[INFO] [1783023483.669972079] [self_driving]: [IMAGE] received count=2079 shape=(480, 640, 3) queue=0[0m
[self_driving-10] [0m[INFO] [1783023485.682755448] [self_driving]: [IMAGE] received count=2109 shape=(480, 640, 3) queue=0[0m
[self_driving-10] [0m[INFO] [1783023487.692839558] [self_driving]: [IMAGE] received count=2139 shape=(480, 640, 3) queue=0[0m
[self_driving-10] [0m[INFO] [1783023489.710195316] [self_driving]: [IMAGE] received count=2169 shape=(480, 640, 3) queue=0[0m
[self_driving-10] [0m[INFO] [1783023491.714943352] [self_driving]: [IMAGE] received count=2199 shape=(480, 640, 3) queue=0[0m
[self_driving-10] [0m[INFO] [1783023493.730413110] [self_driving]: [IMAGE] received count=2229 shape=(480, 640, 3) queue=0[0m
[self_driving-10] [0m[INFO] [1783023495.774052294] [self_driving]: [IMAGE] received count=2259 shape=(480, 640, 3) queue=0[0m
[self_driving-10] [0m[INFO] [1783023497.854734348] [self_driving]: [IMAGE] received count=2290 shape=(480, 640, 3) queue=0[0m
[self_driving-10] [0m[INFO] [1783023499.923268661] [self_driving]: [IMAGE] received count=2321 shape=(480, 640, 3) queue=0[0m
[self_driving-10] [0m[INFO] [1783023501.944914568] [self_driving]: [IMAGE] received count=2351 shape=(480, 640, 3) queue=0[0m
[self_driving-10] [0m[INFO] [1783023503.944778400] [self_driving]: [IMAGE] received count=2381 shape=(480, 640, 3) queue=0[0m
[self_driving-10] [0m[INFO] [1783023505.966363454] [self_driving]: [IMAGE] received count=2411 shape=(480, 640, 3) queue=0[0m
[self_driving-10] [0m[INFO] [1783023507.999307379] [self_driving]: [IMAGE] received count=2441 shape=(480, 640, 3) queue=0[0m
[self_driving-10] [0m[INFO] [1783023510.009549841] [self_driving]: [IMAGE] received count=2471 shape=(480, 640, 3) queue=0[0m
[self_driving-10] [0m[INFO] [1783023512.037346154] [self_driving]: [IMAGE] received count=2501 shape=(480, 640, 3) queue=0[0m
[self_driving-10] [0m[INFO] [1783023514.041035190] [self_driving]: [IMAGE] received count=2531 shape=(480, 640, 3) queue=0[0m
[self_driving-10] [0m[INFO] [1783023516.056054819] [self_driving]: [IMAGE] received count=2561 shape=(480, 640, 3) queue=0[0m
[self_driving-10] [0m[INFO] [1783023518.076141928] [self_driving]: [IMAGE] received count=2591 shape=(480, 640, 3) queue=0[0m
[self_driving-10] [0m[INFO] [1783023520.151067890] [self_driving]: [IMAGE] received count=2622 shape=(480, 640, 3) queue=0[0m
