[INFO] [launch]: All log files can be found below /home/ubuntu/.ros/log/2026-07-02-15-56-18-615448-raspberrypi-176527
[INFO] [launch]: Default logging verbosity is set to INFO
[INFO] [ascamera_node-1]: process started with pid [176537]
[INFO] [static_transform_publisher-2]: process started with pid [176539]
[INFO] [static_transform_publisher-3]: process started with pid [176541]
[INFO] [joint_state_publisher-4]: process started with pid [176543]
[INFO] [robot_state_publisher-5]: process started with pid [176545]
[INFO] [ros_robot_controller-6]: process started with pid [176547]
[INFO] [odom_publisher-7]: process started with pid [176555]
[INFO] [ekf_node-8]: process started with pid [176560]
[INFO] [yolo_detect-9]: process started with pid [176574]
[INFO] [self_driving-10]: process started with pid [176581]
[ascamera_node-1] [0m[INFO] [1783007779.370979192] [as_logger]: hello world angstrong camera ros2 node[0m
[static_transform_publisher-2] [33m[WARN] [1783007779.361754210] []: Old-style arguments are deprecated; see --help for new-style arguments[0m
[static_transform_publisher-3] [33m[WARN] [1783007779.358089988] []: Old-style arguments are deprecated; see --help for new-style arguments[0m
[ascamera_node-1] 2026-07-02 15:56:19[INFO] [CameraPublisher.cpp] [1558] [printLaunchParams] get depth_width 640
[ascamera_node-1] 2026-07-02 15:56:19[INFO] [CameraPublisher.cpp] [1559] [printLaunchParams] get depth_height 480
[ascamera_node-1] 2026-07-02 15:56:19[INFO] [CameraPublisher.cpp] [1561] [printLaunchParams] get rgb_width 640
[ascamera_node-1] 2026-07-02 15:56:19[INFO] [CameraPublisher.cpp] [1562] [printLaunchParams] get rgb_height 480
[ascamera_node-1] 2026-07-02 15:56:19[INFO] [CameraPublisher.cpp] [1570] [printLaunchParams] get set_fps 15
[ascamera_node-1] 2026-07-02 15:56:19[INFO] [CameraPublisher.cpp] [1578] [printLaunchParams] get color_pcl 1
[ascamera_node-1] 2026-07-02 15:56:19[INFO] [CameraPublisher.cpp] [1582] [printLaunchParams] get pub_tfTree 1
[ascamera_node-1] 2026-07-02 15:56:19[INFO] [CameraSrv.cpp] [35] [CameraSrv] Angstrong camera server
[ascamera_node-1] 2026-07-02 15:56:19[INFO] [CameraSrv.cpp] [45] [CameraSrv] Angstrong camera sdk version:v1.2.22.20240516
[static_transform_publisher-3] [0m[INFO] [1783007779.423615710] [static_transform_publisher_vaQEfa6T3uzhMa2u]: Spinning until stopped - publishing transform
[static_transform_publisher-3] translation: ('0.000000', '0.000000', '0.000000')
[static_transform_publisher-3] rotation: ('-0.500000', '0.499602', '-0.500000', '0.500398')
[static_transform_publisher-3] from 'depth_cam' to 'ascamera_color_0'[0m
[static_transform_publisher-2] [0m[INFO] [1783007779.440579562] [static_transform_publisher_Aa1OwwpjZRSsLbDD]: Spinning until stopped - publishing transform
[static_transform_publisher-2] translation: ('0.000000', '0.000000', '0.000000')
[static_transform_publisher-2] rotation: ('-0.500000', '0.499602', '-0.500000', '0.500398')
[static_transform_publisher-2] from 'depth_cam' to 'ascamera_camera_link_0'[0m
[robot_state_publisher-5] [0m[INFO] [1783007779.552944673] [robot_state_publisher]: got segment base_footprint[0m
[robot_state_publisher-5] [0m[INFO] [1783007779.553133506] [robot_state_publisher]: got segment base_link[0m
[robot_state_publisher-5] [0m[INFO] [1783007779.553153673] [robot_state_publisher]: got segment depth_cam[0m
[robot_state_publisher-5] [0m[INFO] [1783007779.553164932] [robot_state_publisher]: got segment imu_link[0m
[robot_state_publisher-5] [0m[INFO] [1783007779.553174562] [robot_state_publisher]: got segment lidar_frame[0m
[robot_state_publisher-5] [0m[INFO] [1783007779.553182969] [robot_state_publisher]: got segment wheel_lb_Link[0m
[robot_state_publisher-5] [0m[INFO] [1783007779.553192395] [robot_state_publisher]: got segment wheel_lf_Link[0m
[robot_state_publisher-5] [0m[INFO] [1783007779.553202247] [robot_state_publisher]: got segment wheel_rb_Link[0m
[robot_state_publisher-5] [0m[INFO] [1783007779.553211358] [robot_state_publisher]: got segment wheel_rf_Link[0m
[joint_state_publisher-4] [0m[INFO] [1783007780.320543172] [joint_state_publisher]: Waiting for robot_description to be published on the robot_description topic...[0m
[ascamera_node-1] 2026-07-02 15:56:20[INFO] [CameraSrv.cpp] [114] [onAttached] attached
[ascamera_node-1] 2026-07-02 15:56:20[INFO] [CameraSrv.cpp] [145] [onAttached] this is a new attach device, create and open it
[odom_publisher-7] [0m[INFO] [1783007780.444237080] [odom_publisher]: [1;32m0.930000 1.010000[0m[0m
[odom_publisher-7] [0m[INFO] [1783007780.462294635] [odom_publisher]: [1;32mstart[0m[0m
[self_driving-10] [0m[INFO] [1783007781.106938394] [self_driving]: [INIT] init_process started[0m
[self_driving-10] [0m[INFO] [1783007781.107507283] [self_driving]: [INIT] only_line_follow=False[0m
[self_driving-10] [0m[INFO] [1783007781.108039357] [self_driving]: [INIT] request /yolov5/start[0m
[ros_robot_controller-6] [0m[INFO] [1783007781.221676765] [ros_robot_controller]: 已设置舵机 1 的偏移量为 0[0m
[ros_robot_controller-6] [0m[INFO] [1783007781.223280653] [ros_robot_controller]: 已设置舵机 2 的偏移量为 0[0m
[ros_robot_controller-6] [0m[INFO] [1783007781.224102042] [ros_robot_controller]: 已设置舵机 3 的偏移量为 4[0m
[ros_robot_controller-6] [0m[INFO] [1783007781.224927487] [ros_robot_controller]: 已设置舵机 4 的偏移量为 0[0m
[ros_robot_controller-6] [0m[INFO] [1783007781.230380579] [ros_robot_controller]: [1;32mstart[0m[0m
[ascamera_node-1] 2026-07-02 15:56:21[INFO] [CameraSrv.cpp] [154] [onAttached] get model type 9
[ascamera_node-1] 2026-07-02 15:56:21[INFO] [CameraSrv.cpp] [342] [getConfigFile] get file: /home/ubuntu/third_party_ros2/third_party_ws/src/ascamera/configurationfiles/hp60c_v2_00_20230704_configEncrypt.json
[ascamera_node-1] 2026-07-02 15:56:21[INFO] [CameraPublisher.cpp] [1501] [logCameraPathInfo] usb camera
[ascamera_node-1] 2026-07-02 15:56:21[INFO] [CameraPublisher.cpp] [1502] [logCameraPathInfo] bnum:1
[ascamera_node-1] 2026-07-02 15:56:21[INFO] [CameraPublisher.cpp] [1503] [logCameraPathInfo] dnum:3
[ascamera_node-1] 2026-07-02 15:56:21[INFO] [CameraPublisher.cpp] [1504] [logCameraPathInfo] port_numbers:2
[ascamera_node-1] 2026-07-02 15:56:21[INFO] [CameraPublisher.cpp] [171] [onCameraAttached] create a new publisher info set
[ascamera_node-1] 2026-07-02 15:56:21[INFO] [TfTreeFrameIdInfo.cpp] [11] [TfTreeFrameIdInfo] Namespace /ascamera
[ascamera_node-1] 2026-07-02 15:56:21[INFO] [CameraHp60c.cpp] [128] [open] according to the configuration file.
[ascamera_node-1] 2026-07-02 15:56:21[INFO] [CameraHp60c.cpp] [1528] [parseConfigFileParameter] moduleName:AS_CAM_HP60C
[ascamera_node-1] 2026-07-02 15:56:21[INFO] [CameraHp60c.cpp] [1555] [parseConfigFileParameter] Parsing config file /home/ubuntu/third_party_ros2/third_party_ws/src/ascamera/configurationfiles/hp60c_v2_00_20230704_configEncrypt.json
[ascamera_node-1] 2026-07-02 15:56:21[INFO] [CameraHp60c.cpp] [1620] [parseConfigFileParameter] configuration protocol Version: v2.x
[ascamera_node-1] 2026-07-02 15:56:21[INFO] [CameraHp60c.cpp] [1631] [parseConfigFileParameter] configuration Version: v2.0.0.20230704
[ascamera_node-1] 2026-07-02 15:56:21[INFO] [CameraHp60c.cpp] [1796] [setParamersAfterOpenCam] Camera confiParaEnable true, setting configuration parameter
[ascamera_node-1] 2026-07-02 15:56:23[ERROR] [XuCmdCameraHp60c.cpp] [454] [getMjpegSize] get mjpeg from xu command failed
[ascamera_node-1] 2026-07-02 15:56:23[INFO] [XuCmdCameraHp60c.cpp] [458] [getMjpegSize] mjpeg size:640x480
[ascamera_node-1] 2026-07-02 15:56:23[INFO] [CameraPublisher.cpp] [356] [onCameraOpen] camera opened
[ascamera_node-1] 2026-07-02 15:56:23[INFO] [CameraPublisher.cpp] [370] [onCameraOpen] get config info, ret 0, is_Registration 1
[ascamera_node-1] 2026-07-02 15:56:23[INFO] [Camera.cpp] [61] [init] #camera[0x555640c2a710] SN[ASC60CF08000515]'s firmware version:DLS_VERc20865=:V01.09_2024110714:V01.19_2024110714:L01
[ascamera_node-1] 2026-07-02 15:56:23[INFO] [CameraPublisher.cpp] [1183] [setResolution] set depth resolution: 640 x 480 @ 15fps
[ascamera_node-1] 2026-07-02 15:56:23[INFO] [CameraPublisher.cpp] [1197] [setResolution] set rgb resolution: 640 x 480 @ 15fps
[ascamera_node-1] 2026-07-02 15:56:23[INFO] [CameraHp60c.cpp] [260] [startStreaming] start streaming
[ascamera_node-1] 2026-07-02 15:56:23[INFO] [CameraSrv.cpp] [202] [onAttached] attached end
[self_driving-10] [33m[WARN] [1783007783.111316319] [self_driving]: [YOLO_SERVICE] service not ready, continue without blocking[0m
[self_driving-10] [0m[INFO] [1783007783.612473708] [self_driving]: [INIT] enter + set_running start[0m
[self_driving-10] [0m[INFO] [1783007783.612990041] [self_driving]: [1;32mself driving enter[0m[0m
[self_driving-10] [0m[INFO] [1783007783.621113559] [self_driving]: [SUB] image=/ascamera/camera_publisher/rgb0/image object=/yolov5_ros2/object_detect[0m
[self_driving-10] [0m[INFO] [1783007783.621771819] [self_driving]: [1;32mset_running[0m[0m
[self_driving-10] [0m[INFO] [1783007783.623708189] [self_driving]: [1;32m[START] hybrid self_driving start: auto LINE_FOLLOW[0m[0m
[INFO] [apply_calib-11]: process started with pid [176721]
[INFO] [complementary_filter_node-12]: process started with pid [176723]
[ascamera_node-1] 2026-07-02 15:56:24[INFO] [CameraHp60c.cpp] [912] [setInternalParameter] mjpeg info: size(640x480)
[complementary_filter_node-12] [0m[INFO] [1783007784.751494596] [imu_filter]: Starting ComplementaryFilterROS[0m
[ascamera_node-1] 2026-07-02 15:56:25[INFO] [Camera.cpp] [127] [backgroundThread] SN [ ASC60CF08000515 ]'s parameter:
[ascamera_node-1] 2026-07-02 15:56:25[INFO] [Camera.cpp] [128] [backgroundThread] irfx: 426.962
[ascamera_node-1] 2026-07-02 15:56:25[INFO] [Camera.cpp] [129] [backgroundThread] irfy: 426.374
[ascamera_node-1] 2026-07-02 15:56:25[INFO] [Camera.cpp] [130] [backgroundThread] ircx: 315.403
[ascamera_node-1] 2026-07-02 15:56:25[INFO] [Camera.cpp] [131] [backgroundThread] ircy: 240.933
[ascamera_node-1] 2026-07-02 15:56:25[INFO] [Camera.cpp] [132] [backgroundThread] rgbfx: 570.48
[ascamera_node-1] 2026-07-02 15:56:25[INFO] [Camera.cpp] [133] [backgroundThread] rgbfy: 569.949
[ascamera_node-1] 2026-07-02 15:56:25[INFO] [Camera.cpp] [134] [backgroundThread] rgbcx: 329.75
[ascamera_node-1] 2026-07-02 15:56:25[INFO] [Camera.cpp] [135] [backgroundThread] rgbcy: 238.406
[ascamera_node-1] 
[ascamera_node-1] 2026-07-02 15:56:25[INFO] [CameraHp60c.cpp] [1149] [streamCallback] set gain ret 0, gain 4
[self_driving-10] [0m[INFO] [1783007785.295531707] [self_driving]: [CMD] n=1 source=pid_follow linear_x=0.60 linear_y=0.00 angular_z=0.10 state=LINE_FOLLOW stop=False lane_x=33.0 raw_lane_x=33.0 lane_filter=init cw_y=0 park_x=-1 right_done=False[0m
[apply_calib-11] [0m[INFO] [1783007785.371924632] [imu_calib]: Calibrating gyros; do not move the IMU[0m
[yolo_detect-9] [0m[INFO] [1783007786.250773354] [yolov5_ros2]: Current ROS 2 distribution: humble[0m
[apply_calib-11] [0m[INFO] [1783007787.493532483] [imu_calib]: Gyro calibration complete! (bias = [0.028, 0.055, 0.011])[0m
[self_driving-10] [0m[INFO] [1783007789.799930926] [self_driving]: [CMD] n=59 source=line_turn linear_x=0.30 linear_y=0.00 angular_z=-0.55 state=LINE_FOLLOW stop=False lane_x=217.0 raw_lane_x=217.0 lane_filter=stable cw_y=306 park_x=-1 right_done=False[0m
[self_driving-10] [0m[INFO] [1783007790.448283129] [self_driving]: [CMD] n=67 source=pid_follow linear_x=0.30 linear_y=0.00 angular_z=0.00 state=LINE_FOLLOW stop=False lane_x=177.5 raw_lane_x=177.5 lane_filter=jump_accept cw_y=306 park_x=-1 right_done=False[0m
[self_driving-10] [0m[INFO] [1783007790.609984889] [self_driving]: [CMD] n=69 source=line_turn linear_x=0.30 linear_y=0.00 angular_z=-0.55 state=LINE_FOLLOW stop=False lane_x=260.5 raw_lane_x=260.5 lane_filter=stable cw_y=306 park_x=-1 right_done=False[0m
[self_driving-10] [0m[INFO] [1783007790.762354870] [self_driving]: [CMD] n=71 source=pid_follow linear_x=0.30 linear_y=0.00 angular_z=0.00 state=LINE_FOLLOW stop=False lane_x=189.5 raw_lane_x=189.5 lane_filter=stable cw_y=306 park_x=-1 right_done=False[0m
[self_driving-10] [0m[INFO] [1783007790.852600481] [self_driving]: [CMD] n=72 source=line_turn linear_x=0.30 linear_y=0.00 angular_z=-0.55 state=LINE_FOLLOW stop=False lane_x=251.5 raw_lane_x=251.5 lane_filter=stable cw_y=306 park_x=-1 right_done=False[0m
[self_driving-10] [0m[INFO] [1783007791.249341184] [self_driving]: [CMD] n=77 source=lane_lost_safe linear_x=0.05 linear_y=0.00 angular_z=0.00 state=LINE_FOLLOW stop=False raw_lane_x=-1 lane_filter=lost[0m
[self_driving-10] [0m[INFO] [1783007795.356778349] [self_driving]: [CMD] n=128 source=line_turn linear_x=0.30 linear_y=0.00 angular_z=-0.55 state=LINE_FOLLOW stop=False lane_x=315.0 raw_lane_x=315.0 lane_filter=stable cw_y=450 park_x=-1 right_done=False[0m
[self_driving-10] [0m[INFO] [1783007796.905413829] [self_driving]: [CMD] n=147 source=pid_follow linear_x=0.60 linear_y=0.00 angular_z=-0.10 state=LINE_FOLLOW stop=False lane_x=198.0 raw_lane_x=198.0 lane_filter=stable cw_y=448 park_x=-1 right_done=False[0m
[self_driving-10] [0m[INFO] [1783007797.489283199] [self_driving]: [CMD] n=154 source=line_turn linear_x=0.30 linear_y=0.00 angular_z=-0.55 state=LINE_FOLLOW stop=False lane_x=264.5 raw_lane_x=264.5 lane_filter=jump_accept cw_y=369 park_x=-1 right_done=False[0m
[self_driving-10] [0m[INFO] [1783007798.667264199] [self_driving]: [CMD] n=169 source=pid_follow linear_x=0.60 linear_y=0.00 angular_z=0.00 state=LINE_FOLLOW stop=False lane_x=189.0 raw_lane_x=189.0 lane_filter=stable cw_y=382 park_x=-1 right_done=False[0m
[self_driving-10] [0m[INFO] [1783007802.001591808] [self_driving]: [CMD] n=210 source=line_turn linear_x=0.30 linear_y=0.00 angular_z=-0.55 state=LINE_FOLLOW stop=False lane_x=204.0 raw_lane_x=204.0 lane_filter=stable cw_y=196 park_x=-1 right_done=False[0m
[self_driving-10] [0m[INFO] [1783007802.315588770] [self_driving]: [CMD] n=214 source=pid_follow linear_x=0.30 linear_y=0.00 angular_z=-0.10 state=LINE_FOLLOW stop=False lane_x=193.5 raw_lane_x=193.5 lane_filter=stable cw_y=204 park_x=-1 right_done=False[0m
[self_driving-10] [0m[INFO] [1783007804.648655102] [self_driving]: [CMD] n=243 source=line_turn linear_x=0.30 linear_y=0.00 angular_z=-0.55 state=LINE_FOLLOW stop=False lane_x=214.0 raw_lane_x=214.0 lane_filter=stable cw_y=447 park_x=-1 right_done=False[0m
[self_driving-10] [0m[INFO] [1783007805.284035232] [self_driving]: [CMD] n=251 source=pid_follow linear_x=0.30 linear_y=0.00 angular_z=0.00 state=LINE_FOLLOW stop=False lane_x=167.5 raw_lane_x=167.5 lane_filter=stable cw_y=447 park_x=-1 right_done=False[0m
[self_driving-10] [0m[INFO] [1783007805.859325102] [self_driving]: [CMD] n=258 source=lane_lost_safe linear_x=0.05 linear_y=0.00 angular_z=0.00 state=LINE_FOLLOW stop=False raw_lane_x=-1 lane_filter=lost[0m
[self_driving-10] [0m[INFO] [1783007811.111543395] [self_driving]: [CMD] n=323 source=pid_follow linear_x=0.30 linear_y=0.00 angular_z=-0.10 state=LINE_FOLLOW stop=False lane_x=159.5 raw_lane_x=305.0 lane_filter=jump_reject cw_y=446 park_x=-1 right_done=False[0m
[self_driving-10] [0m[INFO] [1783007811.278239543] [self_driving]: [CMD] n=325 source=line_turn linear_x=0.30 linear_y=0.00 angular_z=-0.55 state=LINE_FOLLOW stop=False lane_x=302.5 raw_lane_x=302.5 lane_filter=jump_accept cw_y=446 park_x=-1 right_done=False[0m
[self_driving-10] [0m[INFO] [1783007812.717884357] [self_driving]: [CMD] n=343 source=pid_follow linear_x=0.60 linear_y=0.00 angular_z=0.00 state=LINE_FOLLOW stop=False lane_x=179.0 raw_lane_x=179.0 lane_filter=stable cw_y=287 park_x=-1 right_done=False[0m
[self_driving-10] [0m[INFO] [1783007813.032126875] [self_driving]: [CMD] n=347 source=line_turn linear_x=0.30 linear_y=0.00 angular_z=-0.55 state=LINE_FOLLOW stop=False lane_x=227.5 raw_lane_x=227.5 lane_filter=stable cw_y=0 park_x=-1 right_done=False[0m
[self_driving-10] [0m[INFO] [1783007813.516738005] [self_driving]: [CMD] n=353 source=lane_lost_safe linear_x=0.05 linear_y=0.00 angular_z=0.00 state=LINE_FOLLOW stop=False raw_lane_x=-1 lane_filter=lost[0m
[self_driving-10] [0m[INFO] [1783007814.181444800] [self_driving]: [CMD] n=363 source=line_turn linear_x=0.30 linear_y=0.00 angular_z=-0.55 state=LINE_FOLLOW stop=False lane_x=278.0 raw_lane_x=66.5 lane_filter=jump_reject cw_y=219 park_x=-1 right_done=False[0m
[self_driving-10] [0m[INFO] [1783007814.259099152] [self_driving]: [CMD] n=364 source=lane_lost_safe linear_x=0.05 linear_y=0.00 angular_z=0.00 state=LINE_FOLLOW stop=False raw_lane_x=-1 lane_filter=lost[0m
[self_driving-10] [0m[INFO] [1783007822.176918999] [self_driving]: [RIGHT_METRIC] valid=False can_trigger=False reject=['low_score'] cnt=0 cx=583 cy=293 w=112 h=130 area=14560 score=0.26 done=False repeat=True cooldown_ok=True fsm_enabled=True[0m
