[INFO] [launch]: All log files can be found below /home/ubuntu/.ros/log/2026-07-02-15-34-08-531475-raspberrypi-34137
[INFO] [launch]: Default logging verbosity is set to INFO
[INFO] [ascamera_node-1]: process started with pid [34153]
[INFO] [static_transform_publisher-2]: process started with pid [34155]
[INFO] [static_transform_publisher-3]: process started with pid [34157]
[INFO] [joint_state_publisher-4]: process started with pid [34159]
[INFO] [robot_state_publisher-5]: process started with pid [34161]
[INFO] [ros_robot_controller-6]: process started with pid [34164]
[INFO] [odom_publisher-7]: process started with pid [34173]
[INFO] [ekf_node-8]: process started with pid [34185]
[INFO] [yolo_detect-9]: process started with pid [34201]
[INFO] [self_driving-10]: process started with pid [34205]
[ascamera_node-1] [0m[INFO] [1783006449.310133207] [as_logger]: hello world angstrong camera ros2 node[0m
[static_transform_publisher-2] [33m[WARN] [1783006449.297111632] []: Old-style arguments are deprecated; see --help for new-style arguments[0m
[static_transform_publisher-2] [0m[INFO] [1783006449.342691577] [static_transform_publisher_uDQweNWg3VLtvOnE]: Spinning until stopped - publishing transform
[static_transform_publisher-2] translation: ('0.000000', '0.000000', '0.000000')
[static_transform_publisher-2] rotation: ('-0.500000', '0.499602', '-0.500000', '0.500398')
[static_transform_publisher-2] from 'depth_cam' to 'ascamera_camera_link_0'[0m
[static_transform_publisher-3] [33m[WARN] [1783006449.310629725] []: Old-style arguments are deprecated; see --help for new-style arguments[0m
[robot_state_publisher-5] [0m[INFO] [1783006449.354730225] [robot_state_publisher]: got segment base_footprint[0m
[robot_state_publisher-5] [0m[INFO] [1783006449.354903688] [robot_state_publisher]: got segment base_link[0m
[robot_state_publisher-5] [0m[INFO] [1783006449.354924003] [robot_state_publisher]: got segment depth_cam[0m
[robot_state_publisher-5] [0m[INFO] [1783006449.354932521] [robot_state_publisher]: got segment imu_link[0m
[robot_state_publisher-5] [0m[INFO] [1783006449.354939984] [robot_state_publisher]: got segment lidar_frame[0m
[robot_state_publisher-5] [0m[INFO] [1783006449.354947873] [robot_state_publisher]: got segment wheel_lb_Link[0m
[robot_state_publisher-5] [0m[INFO] [1783006449.354956169] [robot_state_publisher]: got segment wheel_lf_Link[0m
[robot_state_publisher-5] [0m[INFO] [1783006449.354964762] [robot_state_publisher]: got segment wheel_rb_Link[0m
[robot_state_publisher-5] [0m[INFO] [1783006449.354973336] [robot_state_publisher]: got segment wheel_rf_Link[0m
[static_transform_publisher-3] [0m[INFO] [1783006449.362665373] [static_transform_publisher_leVHijFVxMP01Vh7]: Spinning until stopped - publishing transform
[static_transform_publisher-3] translation: ('0.000000', '0.000000', '0.000000')
[static_transform_publisher-3] rotation: ('-0.500000', '0.499602', '-0.500000', '0.500398')
[static_transform_publisher-3] from 'depth_cam' to 'ascamera_color_0'[0m
[ascamera_node-1] 2026-07-02 15:34:09[INFO] [CameraPublisher.cpp] [1558] [printLaunchParams] get depth_width 640
[ascamera_node-1] 2026-07-02 15:34:09[INFO] [CameraPublisher.cpp] [1559] [printLaunchParams] get depth_height 480
[ascamera_node-1] 2026-07-02 15:34:09[INFO] [CameraPublisher.cpp] [1561] [printLaunchParams] get rgb_width 640
[ascamera_node-1] 2026-07-02 15:34:09[INFO] [CameraPublisher.cpp] [1562] [printLaunchParams] get rgb_height 480
[ascamera_node-1] 2026-07-02 15:34:09[INFO] [CameraPublisher.cpp] [1570] [printLaunchParams] get set_fps 15
[ascamera_node-1] 2026-07-02 15:34:09[INFO] [CameraPublisher.cpp] [1578] [printLaunchParams] get color_pcl 1
[ascamera_node-1] 2026-07-02 15:34:09[INFO] [CameraPublisher.cpp] [1582] [printLaunchParams] get pub_tfTree 1
[ascamera_node-1] 2026-07-02 15:34:09[INFO] [CameraSrv.cpp] [35] [CameraSrv] Angstrong camera server
[ascamera_node-1] 2026-07-02 15:34:09[INFO] [CameraSrv.cpp] [45] [CameraSrv] Angstrong camera sdk version:v1.2.22.20240516
[joint_state_publisher-4] [0m[INFO] [1783006450.170067521] [joint_state_publisher]: Waiting for robot_description to be published on the robot_description topic...[0m
[odom_publisher-7] [0m[INFO] [1783006450.400699984] [odom_publisher]: [1;32m0.930000 1.010000[0m[0m
[odom_publisher-7] [0m[INFO] [1783006450.424594539] [odom_publisher]: [1;32mstart[0m[0m
[ascamera_node-1] 2026-07-02 15:34:10[INFO] [CameraSrv.cpp] [114] [onAttached] attached
[ascamera_node-1] 2026-07-02 15:34:10[INFO] [CameraSrv.cpp] [145] [onAttached] this is a new attach device, create and open it
[ros_robot_controller-6] [0m[INFO] [1783006450.770262928] [ros_robot_controller]: 已设置舵机 1 的偏移量为 0[0m
[ros_robot_controller-6] [0m[INFO] [1783006450.771700669] [ros_robot_controller]: 已设置舵机 2 的偏移量为 0[0m
[ros_robot_controller-6] [0m[INFO] [1783006450.772612039] [ros_robot_controller]: 已设置舵机 3 的偏移量为 4[0m
[ros_robot_controller-6] [0m[INFO] [1783006450.773610798] [ros_robot_controller]: 已设置舵机 4 的偏移量为 0[0m
[ros_robot_controller-6] [0m[INFO] [1783006450.778216854] [ros_robot_controller]: [1;32mstart[0m[0m
[self_driving-10] [0m[INFO] [1783006450.989088724] [self_driving]: [INIT] init_process started[0m
[self_driving-10] [0m[INFO] [1783006450.989722835] [self_driving]: [INIT] only_line_follow=False[0m
[self_driving-10] [0m[INFO] [1783006450.990333872] [self_driving]: [INIT] request /yolov5/start[0m
[ascamera_node-1] 2026-07-02 15:34:11[INFO] [CameraSrv.cpp] [154] [onAttached] get model type 9
[ascamera_node-1] 2026-07-02 15:34:11[INFO] [CameraSrv.cpp] [342] [getConfigFile] get file: /home/ubuntu/third_party_ros2/third_party_ws/src/ascamera/configurationfiles/hp60c_v2_00_20230704_configEncrypt.json
[ascamera_node-1] 2026-07-02 15:34:11[INFO] [CameraPublisher.cpp] [1501] [logCameraPathInfo] usb camera
[ascamera_node-1] 2026-07-02 15:34:11[INFO] [CameraPublisher.cpp] [1502] [logCameraPathInfo] bnum:1
[ascamera_node-1] 2026-07-02 15:34:11[INFO] [CameraPublisher.cpp] [1503] [logCameraPathInfo] dnum:3
[ascamera_node-1] 2026-07-02 15:34:11[INFO] [CameraPublisher.cpp] [1504] [logCameraPathInfo] port_numbers:2
[ascamera_node-1] 2026-07-02 15:34:11[INFO] [CameraPublisher.cpp] [171] [onCameraAttached] create a new publisher info set
[ascamera_node-1] 2026-07-02 15:34:11[INFO] [TfTreeFrameIdInfo.cpp] [11] [TfTreeFrameIdInfo] Namespace /ascamera
[ascamera_node-1] 2026-07-02 15:34:11[INFO] [CameraHp60c.cpp] [128] [open] according to the configuration file.
[ascamera_node-1] 2026-07-02 15:34:11[INFO] [CameraHp60c.cpp] [1528] [parseConfigFileParameter] moduleName:AS_CAM_HP60C
[ascamera_node-1] 2026-07-02 15:34:11[INFO] [CameraHp60c.cpp] [1555] [parseConfigFileParameter] Parsing config file /home/ubuntu/third_party_ros2/third_party_ws/src/ascamera/configurationfiles/hp60c_v2_00_20230704_configEncrypt.json
[ascamera_node-1] 2026-07-02 15:34:11[INFO] [CameraHp60c.cpp] [1620] [parseConfigFileParameter] configuration protocol Version: v2.x
[ascamera_node-1] 2026-07-02 15:34:11[INFO] [CameraHp60c.cpp] [1631] [parseConfigFileParameter] configuration Version: v2.0.0.20230704
[ascamera_node-1] 2026-07-02 15:34:11[INFO] [CameraHp60c.cpp] [1796] [setParamersAfterOpenCam] Camera confiParaEnable true, setting configuration parameter
[self_driving-10] [33m[WARN] [1783006452.993724334] [self_driving]: [YOLO_SERVICE] service not ready, continue without blocking[0m
[ascamera_node-1] 2026-07-02 15:34:13[ERROR] [XuCmdCameraHp60c.cpp] [454] [getMjpegSize] get mjpeg from xu command failed
[ascamera_node-1] 2026-07-02 15:34:13[INFO] [XuCmdCameraHp60c.cpp] [458] [getMjpegSize] mjpeg size:640x480
[ascamera_node-1] 2026-07-02 15:34:13[INFO] [CameraPublisher.cpp] [356] [onCameraOpen] camera opened
[ascamera_node-1] 2026-07-02 15:34:13[INFO] [CameraPublisher.cpp] [370] [onCameraOpen] get config info, ret 0, is_Registration 1
[ascamera_node-1] 2026-07-02 15:34:13[INFO] [Camera.cpp] [61] [init] #camera[0x555630fe6710] SN[ASC60CF08000515]'s firmware version:DLS_VERc20865=:V01.09_2024110714:V01.19_2024110714:L01
[ascamera_node-1] 2026-07-02 15:34:13[INFO] [CameraPublisher.cpp] [1183] [setResolution] set depth resolution: 640 x 480 @ 15fps
[ascamera_node-1] 2026-07-02 15:34:13[INFO] [CameraPublisher.cpp] [1197] [setResolution] set rgb resolution: 640 x 480 @ 15fps
[ascamera_node-1] 2026-07-02 15:34:13[INFO] [CameraHp60c.cpp] [260] [startStreaming] start streaming
[ascamera_node-1] 2026-07-02 15:34:13[INFO] [CameraSrv.cpp] [202] [onAttached] attached end
[self_driving-10] [0m[INFO] [1783006453.494847352] [self_driving]: [INIT] enter + set_running start[0m
[self_driving-10] [0m[INFO] [1783006453.495357926] [self_driving]: [1;32mself driving enter[0m[0m
[self_driving-10] [0m[INFO] [1783006453.503391871] [self_driving]: [SUB] image=/ascamera/camera_publisher/rgb0/image object=/yolov5_ros2/object_detect[0m
[self_driving-10] [0m[INFO] [1783006453.504472574] [self_driving]: [1;32mset_running[0m[0m
[self_driving-10] [0m[INFO] [1783006453.507625537] [self_driving]: [1;32m[START] hybrid self_driving start: auto LINE_FOLLOW[0m[0m
[INFO] [apply_calib-11]: process started with pid [34350]
[INFO] [complementary_filter_node-12]: process started with pid [34352]
[complementary_filter_node-12] [0m[INFO] [1783006454.657819333] [imu_filter]: Starting ComplementaryFilterROS[0m
[ascamera_node-1] 2026-07-02 15:34:14[INFO] [CameraHp60c.cpp] [912] [setInternalParameter] mjpeg info: size(640x480)
[apply_calib-11] [0m[INFO] [1783006454.702607537] [imu_calib]: Calibrating gyros; do not move the IMU[0m
[ascamera_node-1] 2026-07-02 15:34:15[INFO] [Camera.cpp] [127] [backgroundThread] SN [ ASC60CF08000515 ]'s parameter:
[ascamera_node-1] 2026-07-02 15:34:15[INFO] [Camera.cpp] [128] [backgroundThread] irfx: 426.962
[ascamera_node-1] 2026-07-02 15:34:15[INFO] [Camera.cpp] [129] [backgroundThread] irfy: 426.374
[ascamera_node-1] 2026-07-02 15:34:15[INFO] [Camera.cpp] [130] [backgroundThread] ircx: 315.403
[ascamera_node-1] 2026-07-02 15:34:15[INFO] [Camera.cpp] [131] [backgroundThread] ircy: 240.933
[ascamera_node-1] 2026-07-02 15:34:15[INFO] [Camera.cpp] [132] [backgroundThread] rgbfx: 570.48
[ascamera_node-1] 2026-07-02 15:34:15[INFO] [Camera.cpp] [133] [backgroundThread] rgbfy: 569.949
[ascamera_node-1] 2026-07-02 15:34:15[INFO] [Camera.cpp] [134] [backgroundThread] rgbcx: 329.75
[ascamera_node-1] 2026-07-02 15:34:15[INFO] [Camera.cpp] [135] [backgroundThread] rgbcy: 238.406
[ascamera_node-1] 
[ascamera_node-1] 2026-07-02 15:34:15[INFO] [CameraHp60c.cpp] [1149] [streamCallback] set gain ret 0, gain 4
[self_driving-10] [33m[WARN] [1783006455.403256999] [self_driving]: [IMAGE_DROP] queue full -> drop oldest frame[0m
[self_driving-10] [0m[INFO] [1783006455.414017647] [self_driving]: [CMD] n=1 source=lane_lost_safe linear_x=0.05 linear_y=0.00 angular_z=0.00 state=LINE_FOLLOW stop=False raw_lane_x=-1 lane_filter=lost[0m
[apply_calib-11] [0m[INFO] [1783006456.732797906] [imu_calib]: Gyro calibration complete! (bias = [-0.003, 0.272, -0.026])[0m
[yolo_detect-9] [0m[INFO] [1783006457.626631072] [yolov5_ros2]: Current ROS 2 distribution: humble[0m
[self_driving-10] [0m[INFO] [1783006480.167551114] [self_driving]: [CMD] n=364 source=line_turn linear_x=0.30 linear_y=0.00 angular_z=-0.45 state=LINE_FOLLOW stop=False lane_x=244.0 raw_lane_x=244.0 lane_filter=init cw_y=174 park_x=-1 right_done=False[0m
[self_driving-10] [0m[INFO] [1783006480.570209725] [self_driving]: [CMD] n=370 source=lane_lost_safe linear_x=0.05 linear_y=0.00 angular_z=0.00 state=LINE_FOLLOW stop=False raw_lane_x=-1 lane_filter=lost[0m
[self_driving-10] [0m[INFO] [1783006480.779464188] [self_driving]: [CMD] n=373 source=line_turn linear_x=0.30 linear_y=0.00 angular_z=-0.45 state=LINE_FOLLOW stop=False lane_x=247.0 raw_lane_x=247.0 lane_filter=stable cw_y=469 park_x=-1 right_done=False[0m
[self_driving-10] [0m[INFO] [1783006481.389086206] [self_driving]: [CMD] n=382 source=lane_lost_safe linear_x=0.05 linear_y=0.00 angular_z=0.00 state=LINE_FOLLOW stop=False raw_lane_x=-1 lane_filter=lost[0m
[self_driving-10] [0m[INFO] [1783006481.602698002] [self_driving]: [CMD] n=385 source=line_turn linear_x=0.15 linear_y=0.00 angular_z=-0.45 state=LINE_FOLLOW stop=False lane_x=273.0 raw_lane_x=273.0 lane_filter=stable cw_y=50 park_x=-1 right_done=False[0m
[self_driving-10] [0m[INFO] [1783006482.046555576] [self_driving]: [CMD] n=392 source=lane_lost_safe linear_x=0.05 linear_y=0.00 angular_z=0.00 state=LINE_FOLLOW stop=False raw_lane_x=-1 lane_filter=lost[0m
[self_driving-10] [0m[INFO] [1783006482.537743150] [self_driving]: [CMD] n=399 source=line_turn linear_x=0.15 linear_y=0.00 angular_z=-0.45 state=LINE_FOLLOW stop=False lane_x=232.0 raw_lane_x=232.0 lane_filter=stable cw_y=50 park_x=-1 right_done=False[0m
[self_driving-10] [0m[INFO] [1783006483.253628260] [self_driving]: [CMD] n=410 source=pid_follow linear_x=0.15 linear_y=0.00 angular_z=0.10 state=LINE_FOLLOW stop=False lane_x=35.5 raw_lane_x=35.5 lane_filter=jump_accept cw_y=254 park_x=-1 right_done=False[0m
[self_driving-10] [0m[INFO] [1783006495.023514476] [self_driving]: [CMD] n=585 source=line_turn linear_x=0.15 linear_y=0.00 angular_z=-0.45 state=LINE_FOLLOW stop=False lane_x=202.5 raw_lane_x=202.5 lane_filter=stable cw_y=320 park_x=-1 right_done=False[0m
[self_driving-10] [0m[INFO] [1783006495.215609346] [self_driving]: [CMD] n=588 source=pid_follow linear_x=0.15 linear_y=0.00 angular_z=-0.10 state=LINE_FOLLOW stop=False lane_x=196.5 raw_lane_x=196.5 lane_filter=stable cw_y=320 park_x=-1 right_done=False[0m
[self_driving-10] [0m[INFO] [1783006495.493378364] [self_driving]: [CMD] n=592 source=line_turn linear_x=0.30 linear_y=0.00 angular_z=-0.45 state=LINE_FOLLOW stop=False lane_x=204.0 raw_lane_x=204.0 lane_filter=stable cw_y=320 park_x=-1 right_done=False[0m
[self_driving-10] [0m[INFO] [1783006496.112576160] [self_driving]: [CMD] n=601 source=pid_follow linear_x=0.15 linear_y=0.00 angular_z=0.00 state=LINE_FOLLOW stop=False lane_x=159.5 raw_lane_x=159.5 lane_filter=jump_accept cw_y=320 park_x=-1 right_done=False[0m
[self_driving-10] [0m[INFO] [1783006496.626059197] [self_driving]: [CMD] n=609 source=line_turn linear_x=0.15 linear_y=0.00 angular_z=-0.45 state=LINE_FOLLOW stop=False lane_x=226.0 raw_lane_x=226.0 lane_filter=stable cw_y=320 park_x=-1 right_done=False[0m
[self_driving-10] [0m[INFO] [1783006499.353836399] [self_driving]: [CMD] n=649 source=pid_follow linear_x=0.15 linear_y=0.00 angular_z=-0.10 state=LINE_FOLLOW stop=False lane_x=182.0 raw_lane_x=182.0 lane_filter=stable cw_y=0 park_x=-1 right_done=False[0m
[self_driving-10] [0m[INFO] [1783006510.398021874] [self_driving]: [CMD] n=814 source=line_turn linear_x=0.15 linear_y=0.00 angular_z=-0.45 state=LINE_FOLLOW stop=False lane_x=216.0 raw_lane_x=216.0 lane_filter=stable cw_y=347 park_x=-1 right_done=False[0m
[self_driving-10] [0m[INFO] [1783006511.415529373] [self_driving]: [CMD] n=829 source=pid_follow linear_x=0.15 linear_y=0.00 angular_z=0.00 state=LINE_FOLLOW stop=False lane_x=127.5 raw_lane_x=127.5 lane_filter=jump_accept cw_y=347 park_x=-1 right_done=False[0m
[self_driving-10] [0m[INFO] [1783006511.830702817] [self_driving]: [CMD] n=835 source=line_turn linear_x=0.15 linear_y=0.00 angular_z=-0.45 state=LINE_FOLLOW stop=False lane_x=206.0 raw_lane_x=206.0 lane_filter=stable cw_y=347 park_x=-1 right_done=False[0m
[self_driving-10] [0m[INFO] [1783006514.101116112] [self_driving]: [CMD] n=869 source=pid_follow linear_x=0.15 linear_y=0.00 angular_z=-0.10 state=LINE_FOLLOW stop=False lane_x=199.0 raw_lane_x=199.0 lane_filter=stable cw_y=347 park_x=-1 right_done=False[0m
[self_driving-10] [0m[INFO] [1783006514.481318390] [self_driving]: [PARK_METRIC] accept=True area=357/560 frames=0/2 cx=512 cy=131 score=0.33 reject=[] right_done=False cooldown_ok=True[0m
[self_driving-10] [33m[WARN] [1783006514.483499242] [self_driving]: [PARK_APPROACH_START] first_cx=512 first_cy=131 first_area=357 score=0.33 cw_y=177 ref_turn_age=0.38[0m
[self_driving-10] [0m[INFO] [1783006514.527654205] [self_driving]: [PARK_AREA_GATE] ok=False area=357/560 frames=0/2 age=0.04 cy=131 after_turn_ok=False cooldown_ok=True seen_recent=True[0m
[self_driving-10] [0m[INFO] [1783006514.533544705] [self_driving]: [CMD] n=875 source=park_approach_hold linear_x=0.10 linear_y=0.00 angular_z=-0.06 state=LINE_FOLLOW stop=False lane_x=158.0 raw_lane_x=158.0 lane_filter=stable cw_y=0 park_x=512 park_age=0.04 park_area=357 park_cy=131 after_lane_turn_ok=False lane_stable_ok=True[0m
[self_driving-10] [0m[INFO] [1783006515.579315500] [self_driving]: [PARK_AREA_GATE] ok=False area=357/560 frames=0/2 age=1.10 cy=131 after_turn_ok=False cooldown_ok=True seen_recent=True[0m
[self_driving-10] [0m[INFO] [1783006516.611156000] [self_driving]: [PARK_AREA_GATE] ok=False area=357/560 frames=0/2 age=2.13 cy=131 after_turn_ok=False cooldown_ok=True seen_recent=True[0m
[self_driving-10] [0m[INFO] [1783006517.675505666] [self_driving]: [PARK_AREA_GATE] ok=False area=357/560 frames=0/2 age=3.19 cy=131 after_turn_ok=False cooldown_ok=True seen_recent=True[0m
[self_driving-10] [0m[INFO] [1783006518.744627795] [self_driving]: [PARK_AREA_GATE] ok=False area=357/560 frames=0/2 age=4.26 cy=131 after_turn_ok=False cooldown_ok=True seen_recent=True[0m
[self_driving-10] [0m[INFO] [1783006519.755404405] [self_driving]: [PARK_AREA_GATE] ok=False area=357/560 frames=0/2 age=5.27 cy=131 after_turn_ok=True cooldown_ok=True seen_recent=True[0m
[self_driving-10] [0m[INFO] [1783006520.820290442] [self_driving]: [PARK_AREA_GATE] ok=False area=357/560 frames=0/2 age=6.34 cy=131 after_turn_ok=True cooldown_ok=True seen_recent=True[0m
[self_driving-10] [0m[INFO] [1783006521.833727200] [self_driving]: [PARK_AREA_GATE] ok=False area=357/560 frames=0/2 age=7.35 cy=131 after_turn_ok=True cooldown_ok=True seen_recent=True[0m
[self_driving-10] [0m[INFO] [1783006522.846752755] [self_driving]: [PARK_AREA_GATE] ok=False area=357/560 frames=0/2 age=8.37 cy=131 after_turn_ok=True cooldown_ok=True seen_recent=True[0m
[self_driving-10] [0m[INFO] [1783006523.127426088] [self_driving]: [CMD] n=1003 source=pid_follow linear_x=0.30 linear_y=0.00 angular_z=0.10 state=LINE_FOLLOW stop=False lane_x=126.5 raw_lane_x=126.5 lane_filter=stable cw_y=0 park_x=-1 right_done=False[0m
[self_driving-10] [0m[INFO] [1783006529.823959659] [self_driving]: [CMD] n=1103 source=line_turn linear_x=0.30 linear_y=0.00 angular_z=-0.45 state=LINE_FOLLOW stop=False lane_x=201.5 raw_lane_x=201.5 lane_filter=stable cw_y=346 park_x=-1 right_done=False[0m
[self_driving-10] [0m[INFO] [1783006530.766918325] [self_driving]: [CMD] n=1117 source=pid_follow linear_x=0.15 linear_y=0.00 angular_z=0.00 state=LINE_FOLLOW stop=False lane_x=122.0 raw_lane_x=122.0 lane_filter=jump_accept cw_y=346 park_x=-1 right_done=False[0m
[self_driving-10] [0m[INFO] [1783006531.174001547] [self_driving]: [CMD] n=1123 source=line_turn linear_x=0.15 linear_y=0.00 angular_z=-0.45 state=LINE_FOLLOW stop=False lane_x=201.0 raw_lane_x=201.0 lane_filter=stable cw_y=346 park_x=-1 right_done=False[0m
[self_driving-10] [0m[INFO] [1783006533.557195101] [self_driving]: [RIGHT_METRIC] valid=False can_trigger=False reject=['small_area'] cnt=0 cx=548 cy=124 w=24 h=29 area=696 score=0.78 done=False repeat=True cooldown_ok=True fsm_enabled=True[0m
[self_driving-10] [0m[INFO] [1783006533.666044416] [self_driving]: [CMD] n=1160 source=pid_follow linear_x=0.15 linear_y=0.00 angular_z=-0.10 state=LINE_FOLLOW stop=False lane_x=173.0 raw_lane_x=173.0 lane_filter=stable cw_y=184 park_x=-1 right_done=False[0m
[self_driving-10] [0m[INFO] [1783006533.893018545] [self_driving]: [RIGHT_METRIC] valid=False can_trigger=False reject=['small_area'] cnt=0 cx=456 cy=128 w=24 h=34 area=816 score=0.82 done=False repeat=True cooldown_ok=True fsm_enabled=True[0m
[self_driving-10] [0m[INFO] [1783006534.250706526] [self_driving]: [RIGHT_METRIC] valid=False can_trigger=False reject=['small_area'] cnt=0 cx=377 cy=126 w=25 h=30 area=750 score=0.62 done=False repeat=True cooldown_ok=True fsm_enabled=True[0m
[self_driving-10] [0m[INFO] [1783006534.965766378] [self_driving]: [RIGHT_METRIC] valid=False can_trigger=False reject=['small_area'] cnt=0 cx=218 cy=124 w=28 h=39 area=1092 score=0.85 done=False repeat=True cooldown_ok=True fsm_enabled=True[0m
[self_driving-10] [0m[INFO] [1783006535.300726674] [self_driving]: [RIGHT_METRIC] valid=False can_trigger=False reject=['small_area'] cnt=0 cx=215 cy=123 w=30 h=41 area=1230 score=0.84 done=False repeat=True cooldown_ok=True fsm_enabled=True[0m
[self_driving-10] [0m[INFO] [1783006535.699707174] [self_driving]: [CMD] n=1190 source=line_turn linear_x=0.15 linear_y=0.00 angular_z=-0.45 state=LINE_FOLLOW stop=False lane_x=210.5 raw_lane_x=210.5 lane_filter=jump_accept cw_y=193 park_x=-1 right_done=False[0m
[self_driving-10] [0m[INFO] [1783006535.984783525] [self_driving]: [RIGHT_METRIC] valid=False can_trigger=False reject=['small_area'] cnt=0 cx=204 cy=119 w=32 h=47 area=1504 score=0.85 done=False repeat=True cooldown_ok=True fsm_enabled=True[0m
[self_driving-10] [0m[INFO] [1783006537.568699061] [self_driving]: [CMD] n=1218 source=pid_follow linear_x=0.15 linear_y=0.00 angular_z=0.00 state=LINE_FOLLOW stop=False lane_x=197.5 raw_lane_x=197.5 lane_filter=stable cw_y=459 park_x=-1 right_done=False[0m
[self_driving-10] [0m[INFO] [1783006537.757805228] [self_driving]: [CMD] n=1221 source=line_turn linear_x=0.15 linear_y=0.00 angular_z=-0.45 state=LINE_FOLLOW stop=False lane_x=212.0 raw_lane_x=212.0 lane_filter=stable cw_y=459 park_x=-1 right_done=False[0m
[self_driving-10] [0m[INFO] [1783006538.242555691] [self_driving]: [RIGHT_METRIC] valid=False can_trigger=False reject=['small_area'] cnt=0 cx=176 cy=280 w=30 h=36 area=1080 score=0.87 done=False repeat=True cooldown_ok=True fsm_enabled=True[0m
[self_driving-10] [0m[INFO] [1783006538.595334079] [self_driving]: [RIGHT_METRIC] valid=False can_trigger=False reject=['small_area'] cnt=0 cx=159 cy=223 w=29 h=37 area=1073 score=0.78 done=False repeat=True cooldown_ok=True fsm_enabled=True[0m
[self_driving-10] [0m[INFO] [1783006538.971689301] [self_driving]: [RIGHT_METRIC] valid=False can_trigger=False reject=['small_area'] cnt=0 cx=199 cy=276 w=27 h=32 area=864 score=0.84 done=False repeat=True cooldown_ok=True fsm_enabled=True[0m
[self_driving-10] [0m[INFO] [1783006539.176589357] [self_driving]: [CMD] n=1242 source=pid_follow linear_x=0.30 linear_y=0.00 angular_z=-0.10 state=LINE_FOLLOW stop=False lane_x=190.0 raw_lane_x=190.0 lane_filter=stable cw_y=429 park_x=-1 right_done=False[0m
[self_driving-10] [0m[INFO] [1783006539.312752894] [self_driving]: [RIGHT_METRIC] valid=False can_trigger=False reject=['small_area'] cnt=0 cx=211 cy=280 w=28 h=34 area=952 score=0.88 done=False repeat=True cooldown_ok=True fsm_enabled=True[0m
[self_driving-10] [0m[INFO] [1783006539.693673616] [self_driving]: [RIGHT_METRIC] valid=False can_trigger=False reject=['small_area'] cnt=0 cx=210 cy=271 w=28 h=33 area=924 score=0.87 done=False repeat=True cooldown_ok=True fsm_enabled=True[0m
[self_driving-10] [0m[INFO] [1783006540.395779263] [self_driving]: [RIGHT_METRIC] valid=False can_trigger=False reject=['small_area'] cnt=0 cx=206 cy=91 w=28 h=41 area=1148 score=0.83 done=False repeat=True cooldown_ok=True fsm_enabled=True[0m
[self_driving-10] [0m[INFO] [1783006540.508752652] [self_driving]: [CMD] n=1262 source=line_turn linear_x=0.15 linear_y=0.00 angular_z=-0.45 state=LINE_FOLLOW stop=False lane_x=201.0 raw_lane_x=201.0 lane_filter=stable cw_y=0 park_x=-1 right_done=False[0m
[self_driving-10] [0m[INFO] [1783006540.710788319] [self_driving]: [RIGHT_METRIC] valid=False can_trigger=False reject=['small_area'] cnt=0 cx=204 cy=107 w=31 h=44 area=1364 score=0.82 done=False repeat=True cooldown_ok=True fsm_enabled=True[0m
[self_driving-10] [0m[INFO] [1783006541.073178985] [self_driving]: [RIGHT_METRIC] valid=False can_trigger=False reject=['small_area'] cnt=0 cx=237 cy=121 w=31 h=40 area=1240 score=0.82 done=False repeat=True cooldown_ok=True fsm_enabled=True[0m
[self_driving-10] [0m[INFO] [1783006541.412686004] [self_driving]: [RIGHT_METRIC] valid=False can_trigger=False reject=['small_area'] cnt=0 cx=254 cy=120 w=32 h=45 area=1440 score=0.85 done=False repeat=True cooldown_ok=True fsm_enabled=True[0m
[self_driving-10] [0m[INFO] [1783006541.759739337] [self_driving]: [RIGHT_METRIC] valid=False can_trigger=False reject=['small_area'] cnt=0 cx=272 cy=120 w=33 h=46 area=1518 score=0.84 done=False repeat=True cooldown_ok=True fsm_enabled=True[0m
[self_driving-10] [0m[INFO] [1783006542.096480614] [self_driving]: [RIGHT_METRIC] valid=False can_trigger=False reject=['small_area'] cnt=0 cx=291 cy=119 w=35 h=49 area=1715 score=0.83 done=False repeat=True cooldown_ok=True fsm_enabled=True[0m
[self_driving-10] [0m[INFO] [1783006542.453912225] [self_driving]: [RIGHT_METRIC] valid=False can_trigger=False reject=['small_area'] cnt=0 cx=306 cy=118 w=37 h=52 area=1924 score=0.84 done=False repeat=True cooldown_ok=True fsm_enabled=True[0m
[self_driving-10] [0m[INFO] [1783006542.843317725] [self_driving]: [RIGHT_METRIC] valid=False can_trigger=False reject=['small_area'] cnt=0 cx=338 cy=116 w=40 h=55 area=2200 score=0.85 done=False repeat=True cooldown_ok=True fsm_enabled=True[0m
[self_driving-10] [0m[INFO] [1783006543.149664502] [self_driving]: [CMD] n=1301 source=lane_lost_safe linear_x=0.05 linear_y=0.00 angular_z=0.00 state=LINE_FOLLOW stop=False raw_lane_x=-1 lane_filter=lost[0m
[self_driving-10] [0m[INFO] [1783006543.232603965] [self_driving]: [RIGHT_METRIC] valid=False can_trigger=False reject=['small_area'] cnt=0 cx=361 cy=114 w=43 h=57 area=2451 score=0.85 done=False repeat=True cooldown_ok=True fsm_enabled=True[0m
[self_driving-10] [0m[INFO] [1783006543.578065447] [self_driving]: [RIGHT_METRIC] valid=True can_trigger=True reject=[] cnt=0 cx=394 cy=110 w=49 h=62 area=3038 score=0.87 done=False repeat=True cooldown_ok=True fsm_enabled=True[0m
[self_driving-10] [0m[INFO] [1783006543.914843743] [self_driving]: [RIGHT_METRIC] valid=True can_trigger=True reject=[] cnt=1 cx=428 cy=105 w=56 h=69 area=3864 score=0.87 done=False repeat=True cooldown_ok=True fsm_enabled=True[0m
[self_driving-10] [33m[WARN] [1783006543.917991354] [self_driving]: [RIGHT_READY] cx=428 cy=105 w=56 h=69 area=3864 score=0.87 repeat=True[0m
[self_driving-10] [33m[WARN] [1783006543.964737483] [self_driving]: [RIGHT_TRIGGER] enter ARROW_SIGNAL lane_x=-1 raw_lane_x=-1 filter=lost cw_y=228 candidate={'cx': 428, 'cy': 105, 'w': 56, 'h': 69, 'area': 3864, 'score': 0.8700000047683716} repeat=True[0m
[self_driving-10] [0m[INFO] [1783006543.965912909] [self_driving]: [1;36m[FSM] LINE_FOLLOW -> ARROW_SIGNAL[0m[0m
[self_driving-10] [0m[INFO] [1783006543.967245983] [self_driving]: [CMD] n=1313 source=right_trigger_stop linear_x=0.00 linear_y=0.00 angular_z=0.00 state=ARROW_SIGNAL stop=False [0m
[self_driving-10] [0m[INFO] [1783006544.006764243] [self_driving]: [CMD] n=1314 source=arrow_signal_wait linear_x=0.00 linear_y=0.00 angular_z=0.00 state=ARROW_SIGNAL stop=False [0m
[self_driving-10] [0m[INFO] [1783006544.319062705] [self_driving]: [RIGHT_METRIC] valid=True can_trigger=False reject=['cooldown', 'state_ARROW_SIGNAL'] cnt=0 cx=466 cy=100 w=62 h=79 area=4898 score=0.85 done=False repeat=True cooldown_ok=False fsm_enabled=True[0m
[self_driving-10] [0m[INFO] [1783006544.417304817] [self_driving]: [ARROW_SIGNAL] done elapsed=0.45 -> INTERSECTION direction=right[0m
[self_driving-10] [0m[INFO] [1783006544.418041761] [self_driving]: [1;36m[FSM] ARROW_SIGNAL -> INTERSECTION[0m[0m
[self_driving-10] [0m[INFO] [1783006544.493411594] [self_driving]: [CMD] n=1320 source=right_fsm_turn linear_x=0.10 linear_y=0.00 angular_z=-0.50 state=INTERSECTION stop=False [0m
[self_driving-10] [0m[INFO] [1783006544.724425631] [self_driving]: [RIGHT_METRIC] valid=True can_trigger=False reject=['cooldown', 'state_INTERSECTION'] cnt=0 cx=519 cy=92 w=77 h=95 area=7315 score=0.88 done=False repeat=True cooldown_ok=False fsm_enabled=True[0m
[self_driving-10] [0m[INFO] [1783006546.248177038] [self_driving]: [1;36m[FSM] INTERSECTION -> LINE_FOLLOW[0m[0m
[self_driving-10] [33m[WARN] [1783006546.250897038] [self_driving]: [RIGHT_TURN_DONE] elapsed=1.83 lane_x=72.5 right_done=True repeat=True cooldown=2.0s -> LINE_FOLLOW[0m
[self_driving-10] [0m[INFO] [1783006546.290511556] [self_driving]: [CMD] n=1346 source=line_turn linear_x=0.15 linear_y=0.00 angular_z=-0.45 state=LINE_FOLLOW stop=False lane_x=314.5 raw_lane_x=219.5 lane_filter=jump_reject cw_y=257 park_x=-1 right_done=True[0m
[self_driving-10] [0m[INFO] [1783006548.056789240] [self_driving]: [CMD] n=1372 source=pid_follow linear_x=0.15 linear_y=0.00 angular_z=-0.10 state=LINE_FOLLOW stop=False lane_x=191.0 raw_lane_x=191.0 lane_filter=stable cw_y=277 park_x=-1 right_done=True[0m
[self_driving-10] [0m[INFO] [1783006549.392899647] [self_driving]: [CMD] n=1392 source=line_turn linear_x=0.30 linear_y=0.00 angular_z=-0.45 state=LINE_FOLLOW stop=False lane_x=203.0 raw_lane_x=203.0 lane_filter=stable cw_y=300 park_x=-1 right_done=True[0m
[self_driving-10] [0m[INFO] [1783006551.548336812] [self_driving]: [CMD] n=1424 source=lane_lost_safe linear_x=0.05 linear_y=0.00 angular_z=0.00 state=LINE_FOLLOW stop=False raw_lane_x=-1 lane_filter=lost[0m
[self_driving-10] [0m[INFO] [1783006552.604582756] [self_driving]: [CMD] n=1440 source=line_turn linear_x=0.30 linear_y=0.00 angular_z=-0.45 state=LINE_FOLLOW stop=False lane_x=312.5 raw_lane_x=312.5 lane_filter=stable cw_y=0 park_x=-1 right_done=True[0m
[self_driving-10] [0m[INFO] [1783006552.950418089] [self_driving]: [PARK_METRIC] accept=True area=10320/560 frames=1/2 cx=352 cy=60 score=0.69 reject=[] right_done=True cooldown_ok=True[0m
[self_driving-10] [33m[WARN] [1783006552.951268052] [self_driving]: [PARK_APPROACH_START] first_cx=352 first_cy=60 first_area=10320 score=0.69 cw_y=0 ref_turn_age=1.40[0m
[self_driving-10] [0m[INFO] [1783006553.016695460] [self_driving]: [PARK_AREA_GATE] ok=False area=10320/560 frames=1/2 age=0.07 cy=60 after_turn_ok=False cooldown_ok=True seen_recent=True[0m
[self_driving-10] [0m[INFO] [1783006553.017431793] [self_driving]: [CMD] n=1446 source=park_approach_hold linear_x=0.10 linear_y=0.00 angular_z=-0.06 state=LINE_FOLLOW stop=False lane_x=272.5 raw_lane_x=89.5 lane_filter=jump_reject cw_y=0 park_x=352 park_age=0.07 park_area=10320 park_cy=60 after_lane_turn_ok=False lane_stable_ok=True[0m
[self_driving-10] [0m[INFO] [1783006554.041719959] [self_driving]: [PARK_AREA_GATE] ok=False area=10320/560 frames=1/2 age=1.09 cy=60 after_turn_ok=False cooldown_ok=True seen_recent=True[0m
[self_driving-10] [0m[INFO] [1783006555.044529699] [self_driving]: [PARK_AREA_GATE] ok=False area=10320/560 frames=1/2 age=2.10 cy=60 after_turn_ok=False cooldown_ok=True seen_recent=True[0m
[self_driving-10] [0m[INFO] [1783006556.116469995] [self_driving]: [PARK_AREA_GATE] ok=False area=10320/560 frames=1/2 age=3.17 cy=60 after_turn_ok=False cooldown_ok=True seen_recent=True[0m
[self_driving-10] [0m[INFO] [1783006557.175012864] [self_driving]: [PARK_AREA_GATE] ok=False area=10320/560 frames=1/2 age=4.23 cy=60 after_turn_ok=True cooldown_ok=True seen_recent=True[0m
[self_driving-10] [0m[INFO] [1783006558.185738771] [self_driving]: [PARK_AREA_GATE] ok=False area=10320/560 frames=1/2 age=5.24 cy=60 after_turn_ok=True cooldown_ok=True seen_recent=True[0m
[self_driving-10] [0m[INFO] [1783006559.205572863] [self_driving]: [PARK_AREA_GATE] ok=False area=10320/560 frames=1/2 age=6.26 cy=60 after_turn_ok=True cooldown_ok=True seen_recent=True[0m
[self_driving-10] [0m[INFO] [1783006560.207610677] [self_driving]: [PARK_AREA_GATE] ok=False area=10320/560 frames=1/2 age=7.26 cy=60 after_turn_ok=True cooldown_ok=True seen_recent=True[0m
[self_driving-10] [0m[INFO] [1783006561.215359695] [self_driving]: [PARK_AREA_GATE] ok=False area=10320/560 frames=1/2 age=8.27 cy=60 after_turn_ok=True cooldown_ok=True seen_recent=True[0m
[self_driving-10] [0m[INFO] [1783006561.491039788] [self_driving]: [CMD] n=1572 source=lane_lost_safe linear_x=0.05 linear_y=0.00 angular_z=0.00 state=LINE_FOLLOW stop=False raw_lane_x=-1 lane_filter=lost[0m
[self_driving-10] [0m[INFO] [1783006562.825231565] [self_driving]: [CMD] n=1592 source=pid_follow linear_x=0.15 linear_y=0.00 angular_z=0.10 state=LINE_FOLLOW stop=False lane_x=11.0 raw_lane_x=260.5 lane_filter=jump_reject cw_y=23 park_x=-1 right_done=True[0m
[self_driving-10] [0m[INFO] [1783006562.915132120] [self_driving]: [CMD] n=1593 source=lane_lost_safe linear_x=0.05 linear_y=0.00 angular_z=0.00 state=LINE_FOLLOW stop=False raw_lane_x=-1 lane_filter=lost[0m
[self_driving-10] [0m[INFO] [1783006562.979866917] [self_driving]: [CMD] n=1594 source=pid_follow linear_x=0.15 linear_y=0.00 angular_z=0.10 state=LINE_FOLLOW stop=False lane_x=11.0 raw_lane_x=198.5 lane_filter=jump_reject cw_y=23 park_x=-1 right_done=True[0m
[self_driving-10] [0m[INFO] [1783006563.035258509] [self_driving]: [CMD] n=1595 source=lane_lost_safe linear_x=0.05 linear_y=0.00 angular_z=0.00 state=LINE_FOLLOW stop=False raw_lane_x=-1 lane_filter=lost[0m
[self_driving-10] [0m[INFO] [1783006563.304882009] [self_driving]: [CMD] n=1599 source=pid_follow linear_x=0.15 linear_y=0.00 angular_z=0.10 state=LINE_FOLLOW stop=False lane_x=32.0 raw_lane_x=32.0 lane_filter=stable cw_y=23 park_x=-1 right_done=True[0m
[self_driving-10] [0m[INFO] [1783006563.701526268] [self_driving]: [CMD] n=1605 source=lane_lost_safe linear_x=0.05 linear_y=0.00 angular_z=0.00 state=LINE_FOLLOW stop=False raw_lane_x=-1 lane_filter=lost[0m
[self_driving-10] [0m[INFO] [1783006563.758558953] [self_driving]: [CMD] n=1606 source=pid_follow linear_x=0.15 linear_y=0.00 angular_z=0.10 state=LINE_FOLLOW stop=False lane_x=32.0 raw_lane_x=309.5 lane_filter=jump_reject cw_y=23 park_x=-1 right_done=True[0m
[self_driving-10] [0m[INFO] [1783006563.926135360] [self_driving]: [CMD] n=1608 source=line_turn linear_x=0.15 linear_y=0.00 angular_z=-0.45 state=LINE_FOLLOW stop=False lane_x=290.5 raw_lane_x=290.5 lane_filter=jump_accept cw_y=129 park_x=-1 right_done=True[0m
[self_driving-10] [0m[INFO] [1783006564.243680897] [self_driving]: [CMD] n=1613 source=pid_follow linear_x=0.15 linear_y=0.00 angular_z=-0.10 state=LINE_FOLLOW stop=False lane_x=131.5 raw_lane_x=131.5 lane_filter=stable cw_y=129 park_x=-1 right_done=True[0m
[self_driving-10] [0m[INFO] [1783006564.929014878] [self_driving]: [RIGHT_METRIC] valid=False can_trigger=False reject=['small_area'] cnt=0 cx=249 cy=250 w=19 h=26 area=494 score=0.84 done=True repeat=True cooldown_ok=True fsm_enabled=True[0m
[self_driving-10] [0m[INFO] [1783006565.262643582] [self_driving]: [RIGHT_METRIC] valid=False can_trigger=False reject=['small_area'] cnt=0 cx=217 cy=96 w=24 h=34 area=816 score=0.79 done=True repeat=True cooldown_ok=True fsm_enabled=True[0m
[self_driving-10] [0m[INFO] [1783006565.952275156] [self_driving]: [RIGHT_METRIC] valid=False can_trigger=False reject=['small_area'] cnt=0 cx=221 cy=127 w=26 h=36 area=936 score=0.85 done=True repeat=True cooldown_ok=True fsm_enabled=True[0m
[self_driving-10] [0m[INFO] [1783006566.322209563] [self_driving]: [CMD] n=1644 source=line_turn linear_x=0.15 linear_y=0.00 angular_z=-0.45 state=LINE_FOLLOW stop=False lane_x=204.0 raw_lane_x=204.0 lane_filter=stable cw_y=186 park_x=-1 right_done=True[0m
[self_driving-10] [0m[INFO] [1783006566.428846174] [self_driving]: [RIGHT_METRIC] valid=False can_trigger=False reject=['small_area'] cnt=0 cx=240 cy=125 w=27 h=37 area=999 score=0.84 done=True repeat=True cooldown_ok=True fsm_enabled=True[0m
[self_driving-10] [0m[INFO] [1783006566.823010637] [self_driving]: [RIGHT_METRIC] valid=False can_trigger=False reject=['small_area'] cnt=0 cx=262 cy=125 w=28 h=38 area=1064 score=0.84 done=True repeat=True cooldown_ok=True fsm_enabled=True[0m
[self_driving-10] [0m[INFO] [1783006567.519604821] [self_driving]: [RIGHT_METRIC] valid=False can_trigger=False reject=['small_area'] cnt=0 cx=312 cy=120 w=31 h=43 area=1333 score=0.83 done=True repeat=True cooldown_ok=True fsm_enabled=True[0m
[self_driving-10] [0m[INFO] [1783006567.853050303] [self_driving]: [RIGHT_METRIC] valid=False can_trigger=False reject=['small_area'] cnt=0 cx=331 cy=120 w=34 h=46 area=1564 score=0.82 done=True repeat=True cooldown_ok=True fsm_enabled=True[0m
[self_driving-10] [0m[INFO] [1783006568.231974728] [self_driving]: [RIGHT_METRIC] valid=False can_trigger=False reject=['small_area'] cnt=0 cx=356 cy=119 w=36 h=51 area=1836 score=0.81 done=True repeat=True cooldown_ok=True fsm_enabled=True[0m
[self_driving-10] [0m[INFO] [1783006568.567145969] [self_driving]: [RIGHT_METRIC] valid=False can_trigger=False reject=['small_area'] cnt=0 cx=383 cy=117 w=36 h=53 area=1908 score=0.82 done=True repeat=True cooldown_ok=True fsm_enabled=True[0m
[self_driving-10] [0m[INFO] [1783006568.752315561] [self_driving]: [CMD] n=1680 source=lane_lost_safe linear_x=0.05 linear_y=0.00 angular_z=0.00 state=LINE_FOLLOW stop=False raw_lane_x=-1 lane_filter=lost[0m
[self_driving-10] [0m[INFO] [1783006568.910194857] [self_driving]: [RIGHT_METRIC] valid=False can_trigger=False reject=['small_area'] cnt=0 cx=406 cy=116 w=39 h=55 area=2145 score=0.84 done=True repeat=True cooldown_ok=True fsm_enabled=True[0m
[self_driving-10] [0m[INFO] [1783006569.254274950] [self_driving]: [RIGHT_METRIC] valid=False can_trigger=False reject=['small_area'] cnt=0 cx=436 cy=113 w=43 h=59 area=2537 score=0.85 done=True repeat=True cooldown_ok=True fsm_enabled=True[0m
[self_driving-10] [0m[INFO] [1783006569.919824042] [self_driving]: [RIGHT_METRIC] valid=True can_trigger=True reject=[] cnt=0 cx=528 cy=106 w=56 h=69 area=3864 score=0.82 done=True repeat=True cooldown_ok=True fsm_enabled=True[0m
[self_driving-10] [0m[INFO] [1783006570.229002190] [self_driving]: [CMD] n=1702 source=line_turn linear_x=0.15 linear_y=0.00 angular_z=-0.45 state=LINE_FOLLOW stop=False lane_x=244.5 raw_lane_x=244.5 lane_filter=stable cw_y=0 park_x=-1 right_done=True[0m
[self_driving-10] [0m[INFO] [1783006570.301352746] [self_driving]: [RIGHT_METRIC] valid=True can_trigger=True reject=[] cnt=1 cx=567 cy=103 w=64 h=73 area=4672 score=0.86 done=True repeat=True cooldown_ok=True fsm_enabled=True[0m
[self_driving-10] [33m[WARN] [1783006570.302661968] [self_driving]: [RIGHT_READY] cx=567 cy=103 w=64 h=73 area=4672 score=0.86 repeat=True[0m
[self_driving-10] [33m[WARN] [1783006570.369794820] [self_driving]: [RIGHT_TRIGGER] enter ARROW_SIGNAL lane_x=236.0 raw_lane_x=236.0 filter=stable cw_y=0 candidate={'cx': 567, 'cy': 103, 'w': 64, 'h': 73, 'area': 4672, 'score': 0.8600000143051147} repeat=True[0m
[self_driving-10] [0m[INFO] [1783006570.370384912] [self_driving]: [1;36m[FSM] LINE_FOLLOW -> ARROW_SIGNAL[0m[0m
[self_driving-10] [0m[INFO] [1783006570.371134746] [self_driving]: [CMD] n=1704 source=right_trigger_stop linear_x=0.00 linear_y=0.00 angular_z=0.00 state=ARROW_SIGNAL stop=False [0m
[self_driving-10] [0m[INFO] [1783006570.421137449] [self_driving]: [CMD] n=1705 source=arrow_signal_wait linear_x=0.00 linear_y=0.00 angular_z=0.00 state=ARROW_SIGNAL stop=False [0m
[self_driving-10] [0m[INFO] [1783006570.636829449] [self_driving]: [RIGHT_METRIC] valid=True can_trigger=False reject=['cooldown', 'state_ARROW_SIGNAL'] cnt=0 cx=612 cy=118 w=49 h=92 area=4508 score=0.82 done=True repeat=True cooldown_ok=False fsm_enabled=True[0m
[self_driving-10] [0m[INFO] [1783006570.812932912] [self_driving]: [ARROW_SIGNAL] done elapsed=0.44 -> INTERSECTION direction=right[0m
[self_driving-10] [0m[INFO] [1783006570.813471967] [self_driving]: [1;36m[FSM] ARROW_SIGNAL -> INTERSECTION[0m[0m
[self_driving-10] [0m[INFO] [1783006570.903242060] [self_driving]: [CMD] n=1711 source=right_fsm_turn linear_x=0.10 linear_y=0.00 angular_z=-0.50 state=INTERSECTION stop=False [0m
[self_driving-10] [0m[INFO] [1783006571.303834282] [self_driving]: [RIGHT_METRIC] valid=False can_trigger=False reject=['small_area', 'cooldown', 'state_INTERSECTION'] cnt=0 cx=146 cy=427 w=42 h=47 area=1974 score=0.88 done=True repeat=True cooldown_ok=False fsm_enabled=True[0m
[self_driving-10] [0m[INFO] [1783006572.636639744] [self_driving]: [1;36m[FSM] INTERSECTION -> LINE_FOLLOW[0m[0m
[self_driving-10] [33m[WARN] [1783006572.637242040] [self_driving]: [RIGHT_TURN_DONE] elapsed=1.82 lane_x=-1 right_done=True repeat=True cooldown=2.0s -> LINE_FOLLOW[0m
[self_driving-10] [0m[INFO] [1783006572.697561281] [self_driving]: [CMD] n=1737 source=lane_lost_safe linear_x=0.05 linear_y=0.00 angular_z=0.00 state=LINE_FOLLOW stop=False raw_lane_x=-1 lane_filter=lost[0m
[self_driving-10] [0m[INFO] [1783006572.912768022] [self_driving]: [CMD] n=1740 source=line_turn linear_x=0.30 linear_y=0.00 angular_z=-0.45 state=LINE_FOLLOW stop=False lane_x=292.0 raw_lane_x=292.0 lane_filter=stable cw_y=0 park_x=-1 right_done=True[0m
[self_driving-10] [0m[INFO] [1783006573.255881559] [self_driving]: [CMD] n=1745 source=pid_follow linear_x=0.30 linear_y=0.00 angular_z=-0.10 state=LINE_FOLLOW stop=False lane_x=193.5 raw_lane_x=193.5 lane_filter=stable cw_y=0 park_x=-1 right_done=True[0m
[self_driving-10] [0m[INFO] [1783006573.627030318] [self_driving]: [CMD] n=1750 source=lane_lost_safe linear_x=0.05 linear_y=0.00 angular_z=0.00 state=LINE_FOLLOW stop=False raw_lane_x=-1 lane_filter=lost[0m
[self_driving-10] [0m[INFO] [1783006573.706988966] [self_driving]: [CMD] n=1752 source=line_turn linear_x=0.30 linear_y=0.00 angular_z=-0.45 state=LINE_FOLLOW stop=False lane_x=212.0 raw_lane_x=212.0 lane_filter=stable cw_y=350 park_x=-1 right_done=True[0m
[self_driving-10] [0m[INFO] [1783006574.130095965] [self_driving]: [CMD] n=1758 source=pid_follow linear_x=0.15 linear_y=0.00 angular_z=0.00 state=LINE_FOLLOW stop=False lane_x=194.0 raw_lane_x=194.0 lane_filter=stable cw_y=392 park_x=-1 right_done=True[0m
[self_driving-10] [0m[INFO] [1783006574.181025688] [self_driving]: [CMD] n=1759 source=line_turn linear_x=0.15 linear_y=0.00 angular_z=-0.45 state=LINE_FOLLOW stop=False lane_x=227.5 raw_lane_x=227.5 lane_filter=stable cw_y=392 park_x=-1 right_done=True[0m
[self_driving-10] [0m[INFO] [1783006574.736225761] [self_driving]: [CMD] n=1767 source=pid_follow linear_x=0.15 linear_y=0.00 angular_z=0.00 state=LINE_FOLLOW stop=False lane_x=180.5 raw_lane_x=180.5 lane_filter=stable cw_y=23 park_x=-1 right_done=True[0m
[self_driving-10] [0m[INFO] [1783006577.343098593] [self_driving]: [CMD] n=1806 source=line_turn linear_x=0.15 linear_y=0.00 angular_z=-0.45 state=LINE_FOLLOW stop=False lane_x=297.0 raw_lane_x=297.0 lane_filter=jump_accept cw_y=345 park_x=-1 right_done=True[0m
[self_driving-10] [0m[INFO] [1783006579.770890833] [self_driving]: [CMD] n=1842 source=pid_follow linear_x=0.15 linear_y=0.00 angular_z=-0.10 state=LINE_FOLLOW stop=False lane_x=162.5 raw_lane_x=162.5 lane_filter=stable cw_y=458 park_x=-1 right_done=True[0m
[self_driving-10] [0m[INFO] [1783006580.435933128] [self_driving]: [CMD] n=1852 source=line_turn linear_x=0.15 linear_y=0.00 angular_z=-0.45 state=LINE_FOLLOW stop=False lane_x=205.5 raw_lane_x=205.5 lane_filter=stable cw_y=273 park_x=-1 right_done=True[0m
[self_driving-10] [0m[INFO] [1783006582.998935979] [self_driving]: [CMD] n=1890 source=lane_lost_safe linear_x=0.05 linear_y=0.00 angular_z=0.00 state=LINE_FOLLOW stop=False raw_lane_x=-1 lane_filter=lost[0m
[self_driving-10] [0m[INFO] [1783006586.018214199] [self_driving]: [CMD] n=1935 source=line_turn linear_x=0.15 linear_y=0.00 angular_z=-0.45 state=LINE_FOLLOW stop=False lane_x=260.0 raw_lane_x=260.0 lane_filter=stable cw_y=213 park_x=-1 right_done=True[0m
[self_driving-10] [0m[INFO] [1783006586.813433476] [self_driving]: [CMD] n=1947 source=lane_lost_safe linear_x=0.05 linear_y=0.00 angular_z=0.00 state=LINE_FOLLOW stop=False raw_lane_x=-1 lane_filter=lost[0m
[self_driving-10] [0m[INFO] [1783006587.155115069] [self_driving]: [CMD] n=1952 source=line_turn linear_x=0.15 linear_y=0.00 angular_z=-0.45 state=LINE_FOLLOW stop=False lane_x=308.5 raw_lane_x=308.5 lane_filter=stable cw_y=87 park_x=-1 right_done=True[0m
[self_driving-10] [0m[INFO] [1783006588.174474939] [self_driving]: [CMD] n=1967 source=lane_lost_safe linear_x=0.05 linear_y=0.00 angular_z=0.00 state=LINE_FOLLOW stop=False raw_lane_x=-1 lane_filter=lost[0m
[self_driving-10] [0m[INFO] [1783006589.243222290] [self_driving]: [CMD] n=1983 source=line_turn linear_x=0.30 linear_y=0.00 angular_z=-0.45 state=LINE_FOLLOW stop=False lane_x=312.0 raw_lane_x=312.0 lane_filter=stable cw_y=0 park_x=-1 right_done=True[0m
[self_driving-10] [0m[INFO] [1783006589.974252530] [self_driving]: [CMD] n=1994 source=lane_lost_safe linear_x=0.05 linear_y=0.00 angular_z=0.00 state=LINE_FOLLOW stop=False raw_lane_x=-1 lane_filter=lost[0m
[self_driving-10] [0m[INFO] [1783006590.059738252] [self_driving]: [CMD] n=1995 source=line_turn linear_x=0.30 linear_y=0.00 angular_z=-0.45 state=LINE_FOLLOW stop=False lane_x=266.5 raw_lane_x=16.0 lane_filter=jump_reject cw_y=0 park_x=-1 right_done=True[0m
[self_driving-10] [0m[INFO] [1783006590.256528493] [self_driving]: [CMD] n=1998 source=lane_lost_safe linear_x=0.05 linear_y=0.00 angular_z=0.00 state=LINE_FOLLOW stop=False raw_lane_x=-1 lane_filter=lost[0m
[self_driving-10] [0m[INFO] [1783006590.852608937] [self_driving]: [CMD] n=2007 source=line_turn linear_x=0.30 linear_y=0.00 angular_z=-0.45 state=LINE_FOLLOW stop=False lane_x=266.5 raw_lane_x=125.5 lane_filter=jump_reject cw_y=12 park_x=-1 right_done=True[0m
[self_driving-10] [0m[INFO] [1783006590.988779937] [self_driving]: [CMD] n=2009 source=lane_lost_safe linear_x=0.05 linear_y=0.00 angular_z=0.00 state=LINE_FOLLOW stop=False raw_lane_x=-1 lane_filter=lost[0m
[self_driving-10] [0m[INFO] [1783006591.049783363] [self_driving]: [CMD] n=2010 source=line_turn linear_x=0.30 linear_y=0.00 angular_z=-0.45 state=LINE_FOLLOW stop=False lane_x=266.5 raw_lane_x=111.0 lane_filter=jump_reject cw_y=12 park_x=-1 right_done=True[0m
[self_driving-10] [0m[INFO] [1783006591.148232085] [self_driving]: [CMD] n=2011 source=lane_lost_safe linear_x=0.05 linear_y=0.00 angular_z=0.00 state=LINE_FOLLOW stop=False raw_lane_x=-1 lane_filter=lost[0m
[self_driving-10] [0m[INFO] [1783006592.659812362] [self_driving]: [CMD] n=2030 source=line_turn linear_x=0.30 linear_y=0.00 angular_z=-0.45 state=LINE_FOLLOW stop=False lane_x=266.5 raw_lane_x=65.0 lane_filter=jump_reject cw_y=36 park_x=-1 right_done=True[0m
[self_driving-10] [0m[INFO] [1783006592.808128010] [self_driving]: [CMD] n=2032 source=lane_lost_safe linear_x=0.05 linear_y=0.00 angular_z=0.00 state=LINE_FOLLOW stop=False raw_lane_x=-1 lane_filter=lost[0m
[self_driving-10] [0m[INFO] [1783006595.769064138] [self_driving]: [CMD] n=2076 source=line_turn linear_x=0.15 linear_y=0.00 angular_z=-0.45 state=LINE_FOLLOW stop=False lane_x=231.5 raw_lane_x=231.5 lane_filter=stable cw_y=367 park_x=-1 right_done=True[0m
[self_driving-10] [0m[INFO] [1783006596.506514045] [self_driving]: [CMD] n=2087 source=lane_lost_safe linear_x=0.05 linear_y=0.00 angular_z=0.00 state=LINE_FOLLOW stop=False raw_lane_x=-1 lane_filter=lost[0m
