[INFO] [launch]: All log files can be found below /home/ubuntu/.ros/log/2026-07-02-16-00-25-551395-raspberrypi-196759
[INFO] [launch]: Default logging verbosity is set to INFO
[INFO] [ascamera_node-1]: process started with pid [196769]
[INFO] [static_transform_publisher-2]: process started with pid [196771]
[INFO] [static_transform_publisher-3]: process started with pid [196773]
[INFO] [joint_state_publisher-4]: process started with pid [196775]
[INFO] [robot_state_publisher-5]: process started with pid [196777]
[INFO] [ros_robot_controller-6]: process started with pid [196779]
[INFO] [odom_publisher-7]: process started with pid [196781]
[INFO] [ekf_node-8]: process started with pid [196793]
[INFO] [yolo_detect-9]: process started with pid [196799]
[INFO] [self_driving-10]: process started with pid [196804]
[ascamera_node-1] [0m[INFO] [1783008026.289920730] [as_logger]: hello world angstrong camera ros2 node[0m
[static_transform_publisher-2] [33m[WARN] [1783008026.304588804] []: Old-style arguments are deprecated; see --help for new-style arguments[0m
[static_transform_publisher-3] [33m[WARN] [1783008026.280725730] []: Old-style arguments are deprecated; see --help for new-style arguments[0m
[static_transform_publisher-3] [0m[INFO] [1783008026.303632007] [static_transform_publisher_TEKaw5AxELJjJgTt]: Spinning until stopped - publishing transform
[static_transform_publisher-3] translation: ('0.000000', '0.000000', '0.000000')
[static_transform_publisher-3] rotation: ('-0.500000', '0.499602', '-0.500000', '0.500398')
[static_transform_publisher-3] from 'depth_cam' to 'ascamera_color_0'[0m
[ascamera_node-1] 2026-07-02 16:00:26[INFO] [CameraPublisher.cpp] [1558] [printLaunchParams] get depth_width 640
[ascamera_node-1] 2026-07-02 16:00:26[INFO] [CameraPublisher.cpp] [1559] [printLaunchParams] get depth_height 480
[ascamera_node-1] 2026-07-02 16:00:26[INFO] [CameraPublisher.cpp] [1561] [printLaunchParams] get rgb_width 640
[ascamera_node-1] 2026-07-02 16:00:26[INFO] [CameraPublisher.cpp] [1562] [printLaunchParams] get rgb_height 480
[ascamera_node-1] 2026-07-02 16:00:26[INFO] [CameraPublisher.cpp] [1570] [printLaunchParams] get set_fps 15
[ascamera_node-1] 2026-07-02 16:00:26[INFO] [CameraPublisher.cpp] [1578] [printLaunchParams] get color_pcl 1
[ascamera_node-1] 2026-07-02 16:00:26[INFO] [CameraPublisher.cpp] [1582] [printLaunchParams] get pub_tfTree 1
[ascamera_node-1] 2026-07-02 16:00:26[INFO] [CameraSrv.cpp] [35] [CameraSrv] Angstrong camera server
[ascamera_node-1] 2026-07-02 16:00:26[INFO] [CameraSrv.cpp] [45] [CameraSrv] Angstrong camera sdk version:v1.2.22.20240516
[static_transform_publisher-2] [0m[INFO] [1783008026.414044618] [static_transform_publisher_rWSlnlqOZckduHv6]: Spinning until stopped - publishing transform
[static_transform_publisher-2] translation: ('0.000000', '0.000000', '0.000000')
[static_transform_publisher-2] rotation: ('-0.500000', '0.499602', '-0.500000', '0.500398')
[static_transform_publisher-2] from 'depth_cam' to 'ascamera_camera_link_0'[0m
[robot_state_publisher-5] [0m[INFO] [1783008026.495750692] [robot_state_publisher]: got segment base_footprint[0m
[robot_state_publisher-5] [0m[INFO] [1783008026.506567544] [robot_state_publisher]: got segment base_link[0m
[robot_state_publisher-5] [0m[INFO] [1783008026.506623544] [robot_state_publisher]: got segment depth_cam[0m
[robot_state_publisher-5] [0m[INFO] [1783008026.506640933] [robot_state_publisher]: got segment imu_link[0m
[robot_state_publisher-5] [0m[INFO] [1783008026.506651137] [robot_state_publisher]: got segment lidar_frame[0m
[robot_state_publisher-5] [0m[INFO] [1783008026.506661618] [robot_state_publisher]: got segment wheel_lb_Link[0m
[robot_state_publisher-5] [0m[INFO] [1783008026.506671544] [robot_state_publisher]: got segment wheel_lf_Link[0m
[robot_state_publisher-5] [0m[INFO] [1783008026.506679933] [robot_state_publisher]: got segment wheel_rb_Link[0m
[robot_state_publisher-5] [0m[INFO] [1783008026.506689841] [robot_state_publisher]: got segment wheel_rf_Link[0m
[ascamera_node-1] 2026-07-02 16:00:27[INFO] [CameraSrv.cpp] [114] [onAttached] attached
[ascamera_node-1] 2026-07-02 16:00:27[INFO] [CameraSrv.cpp] [145] [onAttached] this is a new attach device, create and open it
[joint_state_publisher-4] [0m[INFO] [1783008027.782017081] [joint_state_publisher]: Waiting for robot_description to be published on the robot_description topic...[0m
[odom_publisher-7] [0m[INFO] [1783008027.929683729] [odom_publisher]: [1;32m0.930000 1.010000[0m[0m
[odom_publisher-7] [0m[INFO] [1783008027.948725488] [odom_publisher]: [1;32mstart[0m[0m
[self_driving-10] [0m[INFO] [1783008028.131076210] [self_driving]: [INIT] init_process started[0m
[self_driving-10] [0m[INFO] [1783008028.131627228] [self_driving]: [INIT] only_line_follow=False[0m
[self_driving-10] [0m[INFO] [1783008028.132132525] [self_driving]: [INIT] request /yolov5/start[0m
[ascamera_node-1] 2026-07-02 16:00:28[INFO] [CameraSrv.cpp] [154] [onAttached] get model type 9
[ascamera_node-1] 2026-07-02 16:00:28[INFO] [CameraSrv.cpp] [342] [getConfigFile] get file: /home/ubuntu/third_party_ros2/third_party_ws/src/ascamera/configurationfiles/hp60c_v2_00_20230704_configEncrypt.json
[ascamera_node-1] 2026-07-02 16:00:28[INFO] [CameraPublisher.cpp] [1501] [logCameraPathInfo] usb camera
[ascamera_node-1] 2026-07-02 16:00:28[INFO] [CameraPublisher.cpp] [1502] [logCameraPathInfo] bnum:1
[ascamera_node-1] 2026-07-02 16:00:28[INFO] [CameraPublisher.cpp] [1503] [logCameraPathInfo] dnum:3
[ascamera_node-1] 2026-07-02 16:00:28[INFO] [CameraPublisher.cpp] [1504] [logCameraPathInfo] port_numbers:2
[ascamera_node-1] 2026-07-02 16:00:28[INFO] [CameraPublisher.cpp] [171] [onCameraAttached] create a new publisher info set
[ascamera_node-1] 2026-07-02 16:00:28[INFO] [TfTreeFrameIdInfo.cpp] [11] [TfTreeFrameIdInfo] Namespace /ascamera
[ros_robot_controller-6] [0m[INFO] [1783008028.459486284] [ros_robot_controller]: 已设置舵机 1 的偏移量为 0[0m
[ros_robot_controller-6] [0m[INFO] [1783008028.460954450] [ros_robot_controller]: 已设置舵机 2 的偏移量为 0[0m
[ros_robot_controller-6] [0m[INFO] [1783008028.461962654] [ros_robot_controller]: 已设置舵机 3 的偏移量为 4[0m
[ros_robot_controller-6] [0m[INFO] [1783008028.462963432] [ros_robot_controller]: 已设置舵机 4 的偏移量为 0[0m
[ros_robot_controller-6] [0m[INFO] [1783008028.467389154] [ros_robot_controller]: [1;32mstart[0m[0m
[ascamera_node-1] 2026-07-02 16:00:28[INFO] [CameraHp60c.cpp] [128] [open] according to the configuration file.
[ascamera_node-1] 2026-07-02 16:00:28[INFO] [CameraHp60c.cpp] [1528] [parseConfigFileParameter] moduleName:AS_CAM_HP60C
[ascamera_node-1] 2026-07-02 16:00:28[INFO] [CameraHp60c.cpp] [1555] [parseConfigFileParameter] Parsing config file /home/ubuntu/third_party_ros2/third_party_ws/src/ascamera/configurationfiles/hp60c_v2_00_20230704_configEncrypt.json
[ascamera_node-1] 2026-07-02 16:00:28[INFO] [CameraHp60c.cpp] [1620] [parseConfigFileParameter] configuration protocol Version: v2.x
[ascamera_node-1] 2026-07-02 16:00:28[INFO] [CameraHp60c.cpp] [1631] [parseConfigFileParameter] configuration Version: v2.0.0.20230704
[ascamera_node-1] 2026-07-02 16:00:28[INFO] [CameraHp60c.cpp] [1796] [setParamersAfterOpenCam] Camera confiParaEnable true, setting configuration parameter
[ascamera_node-1] 2026-07-02 16:00:30[ERROR] [XuCmdCameraHp60c.cpp] [454] [getMjpegSize] get mjpeg from xu command failed
[ascamera_node-1] 2026-07-02 16:00:30[INFO] [XuCmdCameraHp60c.cpp] [458] [getMjpegSize] mjpeg size:640x480
[ascamera_node-1] 2026-07-02 16:00:30[INFO] [CameraPublisher.cpp] [356] [onCameraOpen] camera opened
[ascamera_node-1] 2026-07-02 16:00:30[INFO] [CameraPublisher.cpp] [370] [onCameraOpen] get config info, ret 0, is_Registration 1
[ascamera_node-1] 2026-07-02 16:00:30[INFO] [Camera.cpp] [61] [init] #camera[0x55561ea9a710] SN[ASC60CF08000515]'s firmware version:DLS_VERc20865=:V01.09_2024110714:V01.19_2024110714:L01
[ascamera_node-1] 2026-07-02 16:00:30[INFO] [CameraPublisher.cpp] [1183] [setResolution] set depth resolution: 640 x 480 @ 15fps
[ascamera_node-1] 2026-07-02 16:00:30[INFO] [CameraPublisher.cpp] [1197] [setResolution] set rgb resolution: 640 x 480 @ 15fps
[ascamera_node-1] 2026-07-02 16:00:30[INFO] [CameraHp60c.cpp] [260] [startStreaming] start streaming
[ascamera_node-1] 2026-07-02 16:00:30[INFO] [CameraSrv.cpp] [202] [onAttached] attached end
[self_driving-10] [33m[WARN] [1783008030.135331709] [self_driving]: [YOLO_SERVICE] service not ready, continue without blocking[0m
[self_driving-10] [0m[INFO] [1783008030.636467542] [self_driving]: [INIT] enter + set_running start[0m
[self_driving-10] [0m[INFO] [1783008030.637059949] [self_driving]: [1;32mself driving enter[0m[0m
[self_driving-10] [0m[INFO] [1783008030.646602912] [self_driving]: [SUB] image=/ascamera/camera_publisher/rgb0/image object=/yolov5_ros2/object_detect[0m
[self_driving-10] [0m[INFO] [1783008030.647598708] [self_driving]: [1;32mset_running[0m[0m
[self_driving-10] [0m[INFO] [1783008030.650987134] [self_driving]: [1;32m[START] hybrid self_driving start: auto LINE_FOLLOW[0m[0m
[INFO] [apply_calib-11]: process started with pid [196952]
[INFO] [complementary_filter_node-12]: process started with pid [196954]
[complementary_filter_node-12] [0m[INFO] [1783008031.314960338] [imu_filter]: Starting ComplementaryFilterROS[0m
[ascamera_node-1] 2026-07-02 16:00:31[INFO] [CameraHp60c.cpp] [912] [setInternalParameter] mjpeg info: size(640x480)
[apply_calib-11] [0m[INFO] [1783008031.727696523] [imu_calib]: Calibrating gyros; do not move the IMU[0m
[ascamera_node-1] 2026-07-02 16:00:32[INFO] [Camera.cpp] [127] [backgroundThread] SN [ ASC60CF08000515 ]'s parameter:
[ascamera_node-1] 2026-07-02 16:00:32[INFO] [Camera.cpp] [128] [backgroundThread] irfx: 426.962
[ascamera_node-1] 2026-07-02 16:00:32[INFO] [Camera.cpp] [129] [backgroundThread] irfy: 426.374
[ascamera_node-1] 2026-07-02 16:00:32[INFO] [Camera.cpp] [130] [backgroundThread] ircx: 315.403
[ascamera_node-1] 2026-07-02 16:00:32[INFO] [Camera.cpp] [131] [backgroundThread] ircy: 240.933
[ascamera_node-1] 2026-07-02 16:00:32[INFO] [Camera.cpp] [132] [backgroundThread] rgbfx: 570.48
[ascamera_node-1] 2026-07-02 16:00:32[INFO] [Camera.cpp] [133] [backgroundThread] rgbfy: 569.949
[ascamera_node-1] 2026-07-02 16:00:32[INFO] [Camera.cpp] [134] [backgroundThread] rgbcx: 329.75
[ascamera_node-1] 2026-07-02 16:00:32[INFO] [Camera.cpp] [135] [backgroundThread] rgbcy: 238.406
[ascamera_node-1] 
[ascamera_node-1] 2026-07-02 16:00:32[INFO] [CameraHp60c.cpp] [1149] [streamCallback] set gain ret 0, gain 4
[self_driving-10] [0m[INFO] [1783008032.180169485] [self_driving]: [IMAGE] received count=1 shape=(480, 640, 3) queue=0[0m
[self_driving-10] [33m[WARN] [1783008032.360139782] [self_driving]: [LANE_LOST] raw_lane_x=-1 lane_x=-1 filter=lost stop=False state=LINE_FOLLOW safe_linear=0.02 right_ready=False right_done=False[0m
[self_driving-10] [0m[INFO] [1783008032.360898300] [self_driving]: [DEBUG_DRIVE] state=LINE_FOLLOW raw_lane_x=-1 lane_x=-1 filter=lost linear=0.32 angular=0.00 cw_y=0 right_done=False start_turn=False count_turn=0 traffic=None stop=False[0m
[self_driving-10] [33m[WARN] [1783008032.873153077] [self_driving]: [LANE_LOST] raw_lane_x=-1 lane_x=-1 filter=lost stop=False state=LINE_FOLLOW safe_linear=0.02 right_ready=False right_done=False[0m
[self_driving-10] [0m[INFO] [1783008032.874045355] [self_driving]: [DEBUG_DRIVE] state=LINE_FOLLOW raw_lane_x=-1 lane_x=-1 filter=lost linear=0.32 angular=0.00 cw_y=0 right_done=False start_turn=False count_turn=0 traffic=None stop=False[0m
[yolo_detect-9] [0m[INFO] [1783008033.203019188] [yolov5_ros2]: Current ROS 2 distribution: humble[0m
[self_driving-10] [0m[INFO] [1783008033.423464559] [self_driving]: [DEBUG_DRIVE] state=LINE_FOLLOW raw_lane_x=59.0 lane_x=59.0 filter=stable linear=0.32 angular=0.10 cw_y=0 right_done=False start_turn=False count_turn=0 traffic=None stop=False[0m
[self_driving-10] [33m[WARN] [1783008033.769074836] [self_driving]: [LANE_X_JUMP_REJECT] raw=278.5 last=59.0 diff=219.5 candidate=278.5 cnt=1/4[0m
[apply_calib-11] [0m[INFO] [1783008033.778613910] [imu_calib]: Gyro calibration complete! (bias = [-0.366, -0.082, -0.278])[0m
[self_driving-10] [33m[WARN] [1783008033.924329318] [self_driving]: [LANE_LOST] raw_lane_x=-1 lane_x=-1 filter=lost stop=False state=LINE_FOLLOW safe_linear=0.02 right_ready=False right_done=False[0m
[self_driving-10] [0m[INFO] [1783008033.924831984] [self_driving]: [DEBUG_DRIVE] state=LINE_FOLLOW raw_lane_x=-1 lane_x=-1 filter=lost linear=0.32 angular=0.00 cw_y=0 right_done=False start_turn=False count_turn=0 traffic=None stop=False[0m
[self_driving-10] [0m[INFO] [1783008034.228445466] [self_driving]: [IMAGE] received count=27 shape=(480, 640, 3) queue=0[0m
[self_driving-10] [33m[WARN] [1783008034.484891632] [self_driving]: [LANE_LOST] raw_lane_x=-1 lane_x=-1 filter=lost stop=False state=LINE_FOLLOW safe_linear=0.02 right_ready=False right_done=False[0m
[self_driving-10] [0m[INFO] [1783008034.488497965] [self_driving]: [DEBUG_DRIVE] state=LINE_FOLLOW raw_lane_x=-1 lane_x=-1 filter=lost linear=0.32 angular=0.00 cw_y=0 right_done=False start_turn=False count_turn=0 traffic=None stop=False[0m
[self_driving-10] [33m[WARN] [1783008035.034376058] [self_driving]: [LANE_LOST] raw_lane_x=-1 lane_x=-1 filter=lost stop=False state=LINE_FOLLOW safe_linear=0.02 right_ready=False right_done=False[0m
[self_driving-10] [0m[INFO] [1783008035.034981095] [self_driving]: [DEBUG_DRIVE] state=LINE_FOLLOW raw_lane_x=-1 lane_x=-1 filter=lost linear=0.32 angular=0.00 cw_y=0 right_done=False start_turn=False count_turn=0 traffic=None stop=False[0m
[self_driving-10] [33m[WARN] [1783008035.556743576] [self_driving]: [LANE_LOST] raw_lane_x=-1 lane_x=-1 filter=lost stop=False state=LINE_FOLLOW safe_linear=0.02 right_ready=False right_done=False[0m
[self_driving-10] [0m[INFO] [1783008035.558277354] [self_driving]: [DEBUG_DRIVE] state=LINE_FOLLOW raw_lane_x=-1 lane_x=-1 filter=lost linear=0.32 angular=0.00 cw_y=0 right_done=False start_turn=False count_turn=0 traffic=None stop=False[0m
[self_driving-10] [33m[WARN] [1783008036.097968835] [self_driving]: [LANE_LOST] raw_lane_x=-1 lane_x=-1 filter=lost stop=False state=LINE_FOLLOW safe_linear=0.02 right_ready=False right_done=False[0m
[self_driving-10] [0m[INFO] [1783008036.098510798] [self_driving]: [DEBUG_DRIVE] state=LINE_FOLLOW raw_lane_x=-1 lane_x=-1 filter=lost linear=0.32 angular=0.00 cw_y=0 right_done=False start_turn=False count_turn=0 traffic=None stop=False[0m
[self_driving-10] [0m[INFO] [1783008036.283403501] [self_driving]: [IMAGE] received count=56 shape=(480, 640, 3) queue=0[0m
[self_driving-10] [33m[WARN] [1783008036.638261260] [self_driving]: [LANE_LOST] raw_lane_x=-1 lane_x=-1 filter=lost stop=False state=LINE_FOLLOW safe_linear=0.02 right_ready=False right_done=False[0m
[self_driving-10] [0m[INFO] [1783008036.638845501] [self_driving]: [DEBUG_DRIVE] state=LINE_FOLLOW raw_lane_x=-1 lane_x=-1 filter=lost linear=0.32 angular=0.00 cw_y=0 right_done=False start_turn=False count_turn=0 traffic=None stop=False[0m
[self_driving-10] [33m[WARN] [1783008037.172217742] [self_driving]: [LANE_LOST] raw_lane_x=-1 lane_x=-1 filter=lost stop=False state=LINE_FOLLOW safe_linear=0.02 right_ready=False right_done=False[0m
[self_driving-10] [0m[INFO] [1783008037.173822242] [self_driving]: [DEBUG_DRIVE] state=LINE_FOLLOW raw_lane_x=-1 lane_x=-1 filter=lost linear=0.32 angular=0.00 cw_y=0 right_done=False start_turn=False count_turn=0 traffic=None stop=False[0m
[self_driving-10] [33m[WARN] [1783008037.701887371] [self_driving]: [LANE_LOST] raw_lane_x=-1 lane_x=-1 filter=lost stop=False state=LINE_FOLLOW safe_linear=0.02 right_ready=False right_done=False[0m
[self_driving-10] [0m[INFO] [1783008037.702426334] [self_driving]: [DEBUG_DRIVE] state=LINE_FOLLOW raw_lane_x=-1 lane_x=-1 filter=lost linear=0.32 angular=0.00 cw_y=0 right_done=False start_turn=False count_turn=0 traffic=None stop=False[0m
[self_driving-10] [33m[WARN] [1783008038.242759667] [self_driving]: [LANE_LOST] raw_lane_x=-1 lane_x=-1 filter=lost stop=False state=LINE_FOLLOW safe_linear=0.02 right_ready=False right_done=False[0m
[self_driving-10] [0m[INFO] [1783008038.243527093] [self_driving]: [DEBUG_DRIVE] state=LINE_FOLLOW raw_lane_x=-1 lane_x=-1 filter=lost linear=0.32 angular=0.00 cw_y=0 right_done=False start_turn=False count_turn=0 traffic=None stop=False[0m
[self_driving-10] [0m[INFO] [1783008038.288371945] [self_driving]: [IMAGE] received count=86 shape=(480, 640, 3) queue=0[0m
[self_driving-10] [33m[WARN] [1783008038.799962167] [self_driving]: [LANE_LOST] raw_lane_x=-1 lane_x=-1 filter=lost stop=False state=LINE_FOLLOW safe_linear=0.02 right_ready=False right_done=False[0m
[self_driving-10] [0m[INFO] [1783008038.800758852] [self_driving]: [DEBUG_DRIVE] state=LINE_FOLLOW raw_lane_x=-1 lane_x=-1 filter=lost linear=0.32 angular=0.00 cw_y=0 right_done=False start_turn=False count_turn=0 traffic=None stop=False[0m
[self_driving-10] [33m[WARN] [1783008039.315928722] [self_driving]: [LANE_LOST] raw_lane_x=-1 lane_x=-1 filter=lost stop=False state=LINE_FOLLOW safe_linear=0.02 right_ready=False right_done=False[0m
[self_driving-10] [0m[INFO] [1783008039.316452166] [self_driving]: [DEBUG_DRIVE] state=LINE_FOLLOW raw_lane_x=-1 lane_x=-1 filter=lost linear=0.32 angular=0.00 cw_y=0 right_done=False start_turn=False count_turn=0 traffic=None stop=False[0m
[self_driving-10] [33m[WARN] [1783008039.843663740] [self_driving]: [LANE_LOST] raw_lane_x=-1 lane_x=-1 filter=lost stop=False state=LINE_FOLLOW safe_linear=0.02 right_ready=False right_done=False[0m
[self_driving-10] [0m[INFO] [1783008039.844373444] [self_driving]: [DEBUG_DRIVE] state=LINE_FOLLOW raw_lane_x=-1 lane_x=-1 filter=lost linear=0.32 angular=0.00 cw_y=0 right_done=False start_turn=False count_turn=0 traffic=None stop=False[0m
[self_driving-10] [0m[INFO] [1783008040.317002647] [self_driving]: [IMAGE] received count=116 shape=(480, 640, 3) queue=0[0m
[self_driving-10] [33m[WARN] [1783008040.382531258] [self_driving]: [LANE_LOST] raw_lane_x=-1 lane_x=-1 filter=lost stop=False state=LINE_FOLLOW safe_linear=0.02 right_ready=False right_done=False[0m
[self_driving-10] [0m[INFO] [1783008040.386196443] [self_driving]: [DEBUG_DRIVE] state=LINE_FOLLOW raw_lane_x=-1 lane_x=-1 filter=lost linear=0.32 angular=0.00 cw_y=0 right_done=False start_turn=False count_turn=0 traffic=None stop=False[0m
[self_driving-10] [33m[WARN] [1783008040.917601999] [self_driving]: [LANE_LOST] raw_lane_x=-1 lane_x=-1 filter=lost stop=False state=LINE_FOLLOW safe_linear=0.02 right_ready=False right_done=False[0m
[self_driving-10] [0m[INFO] [1783008040.918120425] [self_driving]: [DEBUG_DRIVE] state=LINE_FOLLOW raw_lane_x=-1 lane_x=-1 filter=lost linear=0.32 angular=0.00 cw_y=0 right_done=False start_turn=False count_turn=0 traffic=None stop=False[0m
[self_driving-10] [33m[WARN] [1783008041.470843665] [self_driving]: [LANE_LOST] raw_lane_x=-1 lane_x=-1 filter=lost stop=False state=LINE_FOLLOW safe_linear=0.02 right_ready=False right_done=False[0m
[self_driving-10] [0m[INFO] [1783008041.471363387] [self_driving]: [DEBUG_DRIVE] state=LINE_FOLLOW raw_lane_x=-1 lane_x=-1 filter=lost linear=0.32 angular=0.00 cw_y=0 right_done=False start_turn=False count_turn=0 traffic=None stop=False[0m
[self_driving-10] [33m[WARN] [1783008042.000006961] [self_driving]: [LANE_LOST] raw_lane_x=-1 lane_x=-1 filter=lost stop=False state=LINE_FOLLOW safe_linear=0.02 right_ready=False right_done=False[0m
[self_driving-10] [0m[INFO] [1783008042.000975868] [self_driving]: [DEBUG_DRIVE] state=LINE_FOLLOW raw_lane_x=-1 lane_x=-1 filter=lost linear=0.32 angular=0.00 cw_y=0 right_done=False start_turn=False count_turn=0 traffic=None stop=False[0m
[self_driving-10] [0m[INFO] [1783008042.330137868] [self_driving]: [IMAGE] received count=146 shape=(480, 640, 3) queue=0[0m
[self_driving-10] [33m[WARN] [1783008042.416978757] [self_driving]: [LANE_X_JUMP_REJECT] raw=251.0 last=64.5 diff=186.5 candidate=251.0 cnt=1/4[0m
[self_driving-10] [0m[INFO] [1783008042.532949405] [self_driving]: [DEBUG_DRIVE] state=LINE_FOLLOW raw_lane_x=54.5 lane_x=54.5 filter=stable linear=0.32 angular=0.10 cw_y=0 right_done=False start_turn=False count_turn=0 traffic=None stop=False[0m
[self_driving-10] [0m[INFO] [1783008043.000175571] [self_driving]: [OBJECTS] msg_count=1 n=1 names=['crosswalk'][0m
[self_driving-10] [33m[WARN] [1783008043.029791516] [self_driving]: [LANE_LOST] raw_lane_x=-1 lane_x=-1 filter=lost stop=False state=LINE_FOLLOW safe_linear=0.02 right_ready=False right_done=False[0m
[self_driving-10] [0m[INFO] [1783008043.094871738] [self_driving]: [DEBUG_DRIVE] state=LINE_FOLLOW raw_lane_x=-1 lane_x=-1 filter=lost linear=0.32 angular=0.00 cw_y=0 right_done=False start_turn=False count_turn=0 traffic=None stop=False[0m
[self_driving-10] [33m[WARN] [1783008043.547453497] [self_driving]: [LANE_X_JUMP_REJECT] raw=149.5 last=8.5 diff=141.0 candidate=149.5 cnt=1/4[0m
[self_driving-10] [0m[INFO] [1783008043.620174682] [self_driving]: [DEBUG_DRIVE] state=LINE_FOLLOW raw_lane_x=61.5 lane_x=61.5 filter=stable linear=0.32 angular=0.10 cw_y=0 right_done=False start_turn=False count_turn=0 traffic=None stop=False[0m
[self_driving-10] [0m[INFO] [1783008044.020338441] [self_driving]: [OBJECTS] msg_count=2 n=1 names=['crosswalk'][0m
[self_driving-10] [0m[INFO] [1783008044.022558719] [self_driving]: [CW_CANDIDATE] name=crosswalkcx=554 cy=39 area=12402 score=0.67 [0m
[self_driving-10] [0m[INFO] [1783008044.156590960] [self_driving]: [CROSSWALK_IGNORE] y=39 < th=180[0m
[self_driving-10] [0m[INFO] [1783008044.159442515] [self_driving]: [DEBUG_DRIVE] state=LINE_FOLLOW raw_lane_x=111.0 lane_x=111.0 filter=stable linear=0.32 angular=0.10 cw_y=39 right_done=False start_turn=False count_turn=0 traffic=None stop=False[0m
[self_driving-10] [0m[INFO] [1783008044.343437441] [self_driving]: [CW_CANDIDATE] name=crosswalkcx=599 cy=57 area=9315 score=0.67 [0m
[self_driving-10] [0m[INFO] [1783008044.363769182] [self_driving]: [IMAGE] received count=176 shape=(480, 640, 3) queue=0[0m
[self_driving-10] [0m[INFO] [1783008044.704821200] [self_driving]: [CROSSWALK_IGNORE] y=57 < th=180[0m
[self_driving-10] [0m[INFO] [1783008044.708467607] [self_driving]: [DEBUG_DRIVE] state=LINE_FOLLOW raw_lane_x=146.0 lane_x=146.0 filter=stable linear=0.32 angular=-0.10 cw_y=57 right_done=False start_turn=False count_turn=0 traffic=None stop=False[0m
[self_driving-10] [0m[INFO] [1783008045.224299515] [self_driving]: [CROSSWALK_IGNORE] y=57 < th=180[0m
[self_driving-10] [0m[INFO] [1783008045.230461163] [self_driving]: [DEBUG_DRIVE] state=LINE_FOLLOW raw_lane_x=-1 lane_x=275.0 filter=hold_last linear=0.32 angular=-0.70 cw_y=57 right_done=False start_turn=True count_turn=0 traffic=None stop=False[0m
[self_driving-10] [0m[INFO] [1783008045.328008922] [self_driving]: [OBJECTS] msg_count=4 n=1 names=['crosswalk'][0m
[self_driving-10] [33m[WARN] [1783008045.490429996] [self_driving]: [LANE_LOST] raw_lane_x=-1 lane_x=-1 filter=lost stop=False state=LINE_FOLLOW safe_linear=0.02 right_ready=False right_done=False[0m
[self_driving-10] [0m[INFO] [1783008045.663135366] [self_driving]: [CW_CANDIDATE] name=crosswalkcx=238 cy=459 area=1344 score=0.73 [0m
[self_driving-10] [33m[WARN] [1783008045.774400107] [self_driving]: [LANE_X_JUMP_REJECT] raw=2.5 last=275.0 diff=272.5 candidate=2.5 cnt=1/4[0m
[self_driving-10] [0m[INFO] [1783008045.781444070] [self_driving]: [DEBUG_DRIVE] state=LINE_FOLLOW raw_lane_x=2.5 lane_x=275.0 filter=jump_reject linear=0.32 angular=-0.70 cw_y=459 right_done=False start_turn=True count_turn=4 traffic=None stop=False[0m
[self_driving-10] [33m[WARN] [1783008046.036495070] [self_driving]: [LANE_LOST] raw_lane_x=-1 lane_x=-1 filter=lost stop=False state=LINE_FOLLOW safe_linear=0.02 right_ready=False right_done=False[0m
[self_driving-10] [0m[INFO] [1783008046.046223199] [self_driving]: [OBJECTS] msg_count=6 n=1 names=['crosswalk'][0m
[self_driving-10] [0m[INFO] [1783008046.046949236] [self_driving]: [CW_CANDIDATE] name=crosswalkcx=259 cy=475 area=846 score=0.76 [0m
[self_driving-10] [0m[INFO] [1783008046.243271903] [self_driving]: [LANE_X_JUMP_ACCEPT] raw=12.0 last=12.0 cnt=4/4[0m
[self_driving-10] [0m[INFO] [1783008046.295983403] [self_driving]: [DEBUG_DRIVE] state=LINE_FOLLOW raw_lane_x=18.5 lane_x=18.5 filter=stable linear=0.32 angular=0.00 cw_y=475 right_done=False start_turn=True count_turn=0 traffic=None stop=False[0m
[self_driving-10] [0m[INFO] [1783008046.361048514] [self_driving]: [IMAGE] received count=206 shape=(480, 640, 3) queue=0[0m
[self_driving-10] [33m[WARN] [1783008046.439611643] [self_driving]: [LANE_X_JUMP_REJECT] raw=251.5 last=18.5 diff=233.0 candidate=251.5 cnt=1/4[0m
[self_driving-10] [0m[INFO] [1783008046.640631903] [self_driving]: [LANE_X_JUMP_ACCEPT] raw=226.0 last=226.0 cnt=4/4[0m
[self_driving-10] [0m[INFO] [1783008046.843768365] [self_driving]: [DEBUG_DRIVE] state=LINE_FOLLOW raw_lane_x=67.0 lane_x=67.0 filter=stable linear=0.32 angular=0.00 cw_y=475 right_done=False start_turn=True count_turn=0 traffic=None stop=False[0m
[self_driving-10] [0m[INFO] [1783008047.370282421] [self_driving]: [DEBUG_DRIVE] state=LINE_FOLLOW raw_lane_x=130.5 lane_x=130.5 filter=stable linear=0.32 angular=0.00 cw_y=475 right_done=False start_turn=True count_turn=0 traffic=None stop=False[0m
[self_driving-10] [0m[INFO] [1783008047.733039698] [self_driving]: [OBJECTS] msg_count=7 n=1 names=['crosswalk'][0m
[self_driving-10] [0m[INFO] [1783008047.735930291] [self_driving]: [CW_CANDIDATE] name=crosswalkcx=320 cy=441 area=49920 score=0.89 [0m
[self_driving-10] [0m[INFO] [1783008047.903436439] [self_driving]: [DEBUG_DRIVE] state=LINE_FOLLOW raw_lane_x=151.5 lane_x=151.5 filter=stable linear=0.32 angular=0.00 cw_y=441 right_done=False start_turn=True count_turn=0 traffic=None stop=False[0m
[self_driving-10] [0m[INFO] [1783008048.381165476] [self_driving]: [IMAGE] received count=236 shape=(480, 640, 3) queue=0[0m
[self_driving-10] [0m[INFO] [1783008048.461186013] [self_driving]: [DEBUG_DRIVE] state=LINE_FOLLOW raw_lane_x=170.0 lane_x=170.0 filter=stable linear=0.32 angular=0.00 cw_y=441 right_done=False start_turn=True count_turn=0 traffic=None stop=False[0m
[self_driving-10] [0m[INFO] [1783008048.988811660] [self_driving]: [DEBUG_DRIVE] state=LINE_FOLLOW raw_lane_x=242.5 lane_x=242.5 filter=stable linear=0.32 angular=-0.70 cw_y=441 right_done=False start_turn=True count_turn=2 traffic=None stop=False[0m
[self_driving-10] [33m[WARN] [1783008049.461557253] [self_driving]: [LANE_X_JUMP_REJECT] raw=148.5 last=268.0 diff=119.5 candidate=148.5 cnt=1/4[0m
[self_driving-10] [0m[INFO] [1783008049.524563882] [self_driving]: [DEBUG_DRIVE] state=LINE_FOLLOW raw_lane_x=159.5 lane_x=268.0 filter=jump_reject linear=0.32 angular=-0.70 cw_y=441 right_done=False start_turn=True count_turn=10 traffic=None stop=False[0m
[self_driving-10] [0m[INFO] [1783008049.661826086] [self_driving]: [LANE_X_JUMP_ACCEPT] raw=170.5 last=170.5 cnt=4/4[0m
[self_driving-10] [0m[INFO] [1783008050.052734160] [self_driving]: [DEBUG_DRIVE] state=LINE_FOLLOW raw_lane_x=261.5 lane_x=261.5 filter=stable linear=0.32 angular=-0.70 cw_y=441 right_done=False start_turn=False count_turn=1 traffic=None stop=False[0m
[self_driving-10] [0m[INFO] [1783008050.400928234] [self_driving]: [IMAGE] received count=266 shape=(480, 640, 3) queue=0[0m
[self_driving-10] [33m[WARN] [1783008050.479781474] [self_driving]: [LANE_LOST] raw_lane_x=-1 lane_x=-1 filter=lost stop=False state=LINE_FOLLOW safe_linear=0.02 right_ready=False right_done=False[0m
[self_driving-10] [0m[INFO] [1783008050.601906882] [self_driving]: [DEBUG_DRIVE] state=LINE_FOLLOW raw_lane_x=-1 lane_x=-1 filter=lost linear=0.32 angular=0.00 cw_y=441 right_done=False start_turn=True count_turn=0 traffic=None stop=False[0m
[self_driving-10] [33m[WARN] [1783008051.004045363] [self_driving]: [LANE_LOST] raw_lane_x=-1 lane_x=-1 filter=lost stop=False state=LINE_FOLLOW safe_linear=0.02 right_ready=False right_done=False[0m
[self_driving-10] [0m[INFO] [1783008051.152281011] [self_driving]: [DEBUG_DRIVE] state=LINE_FOLLOW raw_lane_x=-1 lane_x=-1 filter=lost linear=0.32 angular=0.00 cw_y=441 right_done=False start_turn=True count_turn=0 traffic=None stop=False[0m
[self_driving-10] [0m[INFO] [1783008051.671269455] [self_driving]: [DEBUG_DRIVE] state=LINE_FOLLOW raw_lane_x=290.0 lane_x=290.0 filter=stable linear=0.32 angular=-0.70 cw_y=441 right_done=False start_turn=True count_turn=7 traffic=None stop=False[0m
[self_driving-10] [0m[INFO] [1783008051.776101640] [self_driving]: [OBJECTS] msg_count=8 n=1 names=['go'][0m
[self_driving-10] [0m[INFO] [1783008052.229859862] [self_driving]: [DEBUG_DRIVE] state=LINE_FOLLOW raw_lane_x=131.0 lane_x=131.0 filter=stable linear=0.32 angular=0.00 cw_y=0 right_done=False start_turn=True count_turn=0 traffic=None stop=False[0m
[self_driving-10] [0m[INFO] [1783008052.465070455] [self_driving]: [OBJECTS] msg_count=10 n=1 names=['crosswalk'][0m
[self_driving-10] [0m[INFO] [1783008052.467187418] [self_driving]: [CW_CANDIDATE] name=crosswalkcx=572 cy=251 area=4725 score=0.84 [0m
[self_driving-10] [0m[INFO] [1783008052.488950695] [self_driving]: [IMAGE] received count=297 shape=(480, 640, 3) queue=0[0m
[self_driving-10] [0m[INFO] [1783008052.750977380] [self_driving]: [DEBUG_DRIVE] state=LINE_FOLLOW raw_lane_x=139.5 lane_x=139.5 filter=stable linear=0.32 angular=0.00 cw_y=251 right_done=False start_turn=True count_turn=0 traffic=None stop=False[0m
[self_driving-10] [0m[INFO] [1783008052.791389825] [self_driving]: [CW_CANDIDATE] name=crosswalkcx=469 cy=272 area=11628 score=0.88 [0m
[self_driving-10] [0m[INFO] [1783008052.795430788] [self_driving]: [CW_CANDIDATE] name=crosswalkcx=418 cy=198 area=2277 score=0.78 [0m
[self_driving-10] [0m[INFO] [1783008052.958559825] [self_driving]: [CROSSWALK_SLOW] y=198 th=180 confirm=3[0m
[self_driving-10] [0m[INFO] [1783008052.959799491] [self_driving]: [CW_STAGE 2] 정지선 앞 완전 정지! elapsed=0.00s[0m
[self_driving-10] [0m[INFO] [1783008053.026272788] [self_driving]: [CW_STAGE 2] 정지선 앞 완전 정지! elapsed=0.07s[0m
[self_driving-10] [0m[INFO] [1783008053.082834621] [self_driving]: [CW_STAGE 2] 정지선 앞 완전 정지! elapsed=0.12s[0m
[self_driving-10] [0m[INFO] [1783008053.139989362] [self_driving]: [OBJECTS] msg_count=13 n=1 names=['go'][0m
[self_driving-10] [0m[INFO] [1783008053.142903399] [self_driving]: [CW_CANDIDATE] name=crosswalkcx=423 cy=301 area=17360 score=0.89 [0m
[self_driving-10] [0m[INFO] [1783008053.158030899] [self_driving]: [CW_CANDIDATE] name=crosswalkcx=362 cy=202 area=2170 score=0.83 [0m
[self_driving-10] [0m[INFO] [1783008053.172464010] [self_driving]: [CW_STAGE 2] 정지선 앞 완전 정지! elapsed=0.21s[0m
[self_driving-10] [0m[INFO] [1783008053.244868991] [self_driving]: [CW_STAGE 2] 정지선 앞 완전 정지! elapsed=0.28s[0m
[self_driving-10] [0m[INFO] [1783008053.302823862] [self_driving]: [CW_STAGE 2] 정지선 앞 완전 정지! elapsed=0.34s[0m
[self_driving-10] [0m[INFO] [1783008053.363908825] [self_driving]: [CW_STAGE 2] 정지선 앞 완전 정지! elapsed=0.41s[0m
[self_driving-10] [0m[INFO] [1783008053.422697102] [self_driving]: [CW_STAGE 2] 정지선 앞 완전 정지! elapsed=0.46s[0m
[self_driving-10] [0m[INFO] [1783008053.492062547] [self_driving]: [CW_STAGE 2] 정지선 앞 완전 정지! elapsed=0.53s[0m
[self_driving-10] [0m[INFO] [1783008053.503326787] [self_driving]: [CW_CANDIDATE] name=crosswalkcx=371 cy=210 area=3486 score=0.82 [0m
[self_driving-10] [0m[INFO] [1783008053.559970565] [self_driving]: [CW_STAGE 2] 정지선 앞 완전 정지! elapsed=0.60s[0m
[self_driving-10] [0m[INFO] [1783008053.635753639] [self_driving]: [CW_STAGE 2] 정지선 앞 완전 정지! elapsed=0.68s[0m
[self_driving-10] [0m[INFO] [1783008053.702576232] [self_driving]: [CW_STAGE 2] 정지선 앞 완전 정지! elapsed=0.74s[0m
[self_driving-10] [0m[INFO] [1783008053.752638861] [self_driving]: [CW_STAGE 2] 정지선 앞 완전 정지! elapsed=0.79s[0m
[self_driving-10] [0m[INFO] [1783008053.827297898] [self_driving]: [CW_STAGE 2] 정지선 앞 완전 정지! elapsed=0.87s[0m
[self_driving-10] [0m[INFO] [1783008053.839870176] [self_driving]: [OBJECTS] msg_count=18 n=1 names=['go'][0m
[self_driving-10] [0m[INFO] [1783008053.844750750] [self_driving]: [CW_CANDIDATE] name=crosswalkcx=351 cy=461 area=21926 score=0.84 [0m
[self_driving-10] [0m[INFO] [1783008053.917138343] [self_driving]: [CW_STAGE 2] 정지선 앞 완전 정지! elapsed=0.96s[0m
[self_driving-10] [0m[INFO] [1783008053.972200324] [self_driving]: [CW_STAGE 2] 정지선 앞 완전 정지! elapsed=1.01s[0m
[self_driving-10] [0m[INFO] [1783008054.022257861] [self_driving]: [CW_STAGE 2] 정지선 앞 완전 정지! elapsed=1.06s[0m
[self_driving-10] [0m[INFO] [1783008054.088846954] [self_driving]: [CW_STAGE 2] 정지선 앞 완전 정지! elapsed=1.13s[0m
[self_driving-10] [0m[INFO] [1783008054.174709454] [self_driving]: [CW_STAGE 2] 정지선 앞 완전 정지! elapsed=1.22s[0m
[self_driving-10] [0m[INFO] [1783008054.193278639] [self_driving]: [CW_CANDIDATE] name=crosswalkcx=389 cy=231 area=7337 score=0.86 [0m
[self_driving-10] [0m[INFO] [1783008054.252951398] [self_driving]: [CW_STAGE 2] 정지선 앞 완전 정지! elapsed=1.29s[0m
[self_driving-10] [0m[INFO] [1783008054.308246546] [self_driving]: [CW_STAGE 2] 정지선 앞 완전 정지! elapsed=1.35s[0m
[self_driving-10] [0m[INFO] [1783008054.362890731] [self_driving]: [CW_STAGE 3] 미션 완료 -> 정상 속도 회복 및 6초 락 가동[0m
[self_driving-10] [0m[INFO] [1783008054.370195176] [self_driving]: [DEBUG_DRIVE] state=LINE_FOLLOW raw_lane_x=108.0 lane_x=108.0 filter=stable linear=0.32 angular=0.00 cw_y=0 right_done=False start_turn=True count_turn=0 traffic=None stop=False[0m
[self_driving-10] [0m[INFO] [1783008054.497747768] [self_driving]: [IMAGE] received count=327 shape=(480, 640, 3) queue=0[0m
[self_driving-10] [0m[INFO] [1783008054.580183176] [self_driving]: [OBJECTS] msg_count=22 n=1 names=['crosswalk'][0m
[self_driving-10] [0m[INFO] [1783008054.581399898] [self_driving]: [CW_CANDIDATE] name=crosswalkcx=390 cy=232 area=7406 score=0.85 [0m
[self_driving-10] [0m[INFO] [1783008054.892808453] [self_driving]: [DEBUG_DRIVE] state=LINE_FOLLOW raw_lane_x=115.0 lane_x=115.0 filter=stable linear=0.32 angular=0.10 cw_y=0 right_done=False start_turn=False count_turn=0 traffic=None stop=False[0m
[self_driving-10] [0m[INFO] [1783008054.917399879] [self_driving]: [CW_CANDIDATE] name=crosswalkcx=389 cy=232 area=7383 score=0.85 [0m
[self_driving-10] [0m[INFO] [1783008055.249352527] [self_driving]: [OBJECTS] msg_count=26 n=1 names=['crosswalk'][0m
[self_driving-10] [0m[INFO] [1783008055.250445342] [self_driving]: [CW_CANDIDATE] name=crosswalkcx=390 cy=232 area=7406 score=0.85 [0m
[self_driving-10] [0m[INFO] [1783008055.444401157] [self_driving]: [DEBUG_DRIVE] state=LINE_FOLLOW raw_lane_x=124.0 lane_x=124.0 filter=stable linear=0.32 angular=0.10 cw_y=0 right_done=False start_turn=False count_turn=0 traffic=None stop=False[0m
[self_driving-10] [0m[INFO] [1783008055.584750231] [self_driving]: [CW_CANDIDATE] name=crosswalkcx=394 cy=235 area=8136 score=0.88 [0m
[self_driving-10] [0m[INFO] [1783008055.924032990] [self_driving]: [OBJECTS] msg_count=30 n=1 names=['crosswalk'][0m
[self_driving-10] [0m[INFO] [1783008055.925003471] [self_driving]: [CW_CANDIDATE] name=crosswalkcx=423 cy=257 area=15390 score=0.91 [0m
[self_driving-10] [0m[INFO] [1783008056.002328286] [self_driving]: [DEBUG_DRIVE] state=LINE_FOLLOW raw_lane_x=142.5 lane_x=142.5 filter=stable linear=0.32 angular=-0.10 cw_y=257 right_done=False start_turn=False count_turn=0 traffic=None stop=False[0m
[self_driving-10] [0m[INFO] [1783008056.276709027] [self_driving]: [CW_CANDIDATE] name=crosswalkcx=424 cy=289 area=21550 score=0.91 [0m
[self_driving-10] [0m[INFO] [1783008056.513485045] [self_driving]: [IMAGE] received count=357 shape=(480, 640, 3) queue=0[0m
[self_driving-10] [0m[INFO] [1783008056.520083823] [self_driving]: [DEBUG_DRIVE] state=LINE_FOLLOW raw_lane_x=117.5 lane_x=117.5 filter=stable linear=0.32 angular=0.10 cw_y=289 right_done=False start_turn=False count_turn=0 traffic=None stop=False[0m
[self_driving-10] [0m[INFO] [1783008056.638023286] [self_driving]: [OBJECTS] msg_count=32 n=1 names=['crosswalk'][0m
[self_driving-10] [0m[INFO] [1783008056.639794508] [self_driving]: [CW_CANDIDATE] name=crosswalkcx=392 cy=349 area=45570 score=0.92 [0m
[self_driving-10] [0m[INFO] [1783008056.979044452] [self_driving]: [CW_CANDIDATE] name=crosswalkcx=346 cy=440 area=46373 score=0.90 [0m
[self_driving-10] [0m[INFO] [1783008057.057712600] [self_driving]: [DEBUG_DRIVE] state=LINE_FOLLOW raw_lane_x=129.0 lane_x=129.0 filter=stable linear=0.32 angular=0.10 cw_y=440 right_done=False start_turn=False count_turn=0 traffic=None stop=False[0m
[self_driving-10] [0m[INFO] [1783008057.591262359] [self_driving]: [DEBUG_DRIVE] state=LINE_FOLLOW raw_lane_x=131.0 lane_x=131.0 filter=stable linear=0.32 angular=0.10 cw_y=440 right_done=False start_turn=False count_turn=0 traffic=None stop=False[0m
[self_driving-10] [0m[INFO] [1783008058.139246525] [self_driving]: [DEBUG_DRIVE] state=LINE_FOLLOW raw_lane_x=130.0 lane_x=130.0 filter=stable linear=0.32 angular=0.10 cw_y=440 right_done=False start_turn=False count_turn=0 traffic=None stop=False[0m
[self_driving-10] [0m[INFO] [1783008058.533256970] [self_driving]: [IMAGE] received count=387 shape=(480, 640, 3) queue=0[0m
[self_driving-10] [0m[INFO] [1783008058.680678044] [self_driving]: [DEBUG_DRIVE] state=LINE_FOLLOW raw_lane_x=142.0 lane_x=142.0 filter=stable linear=0.32 angular=-0.10 cw_y=440 right_done=False start_turn=False count_turn=0 traffic=None stop=False[0m
[self_driving-10] [0m[INFO] [1783008059.211639414] [self_driving]: [DEBUG_DRIVE] state=LINE_FOLLOW raw_lane_x=252.5 lane_x=252.5 filter=stable linear=0.32 angular=-0.70 cw_y=440 right_done=False start_turn=False count_turn=2 traffic=None stop=False[0m
[self_driving-10] [33m[WARN] [1783008059.257641747] [self_driving]: [LANE_X_JUMP_REJECT] raw=95.5 last=252.5 diff=157.0 candidate=95.5 cnt=1/4[0m
[self_driving-10] [0m[INFO] [1783008059.753090247] [self_driving]: [DEBUG_DRIVE] state=LINE_FOLLOW raw_lane_x=159.5 lane_x=283.5 filter=jump_reject linear=0.32 angular=-0.70 cw_y=440 right_done=False start_turn=True count_turn=3 traffic=None stop=False[0m
[self_driving-10] [33m[WARN] [1783008059.809603710] [self_driving]: [LANE_X_JUMP_REJECT] raw=199.0 last=283.5 diff=84.5 candidate=199.0 cnt=1/4[0m
[self_driving-10] [0m[INFO] [1783008060.293528932] [self_driving]: [DEBUG_DRIVE] state=LINE_FOLLOW raw_lane_x=-1 lane_x=308.5 filter=hold_last linear=0.32 angular=-0.70 cw_y=440 right_done=False start_turn=True count_turn=11 traffic=None stop=False[0m
[self_driving-10] [33m[WARN] [1783008060.407098154] [self_driving]: [LANE_LOST] raw_lane_x=-1 lane_x=-1 filter=lost stop=False state=LINE_FOLLOW safe_linear=0.02 right_ready=False right_done=False[0m
[self_driving-10] [0m[INFO] [1783008060.545307413] [self_driving]: [IMAGE] received count=417 shape=(480, 640, 3) queue=0[0m
[self_driving-10] [0m[INFO] [1783008060.810518783] [self_driving]: [DEBUG_DRIVE] state=LINE_FOLLOW raw_lane_x=-1 lane_x=-1 filter=lost linear=0.32 angular=0.00 cw_y=440 right_done=False start_turn=True count_turn=12 traffic=None stop=False[0m
[self_driving-10] [33m[WARN] [1783008060.956727061] [self_driving]: [LANE_LOST] raw_lane_x=-1 lane_x=-1 filter=lost stop=False state=LINE_FOLLOW safe_linear=0.02 right_ready=False right_done=False[0m
[self_driving-10] [0m[INFO] [1783008061.364823912] [self_driving]: [DEBUG_DRIVE] state=LINE_FOLLOW raw_lane_x=306.5 lane_x=306.5 filter=stable linear=0.32 angular=-0.70 cw_y=440 right_done=False start_turn=True count_turn=13 traffic=None stop=False[0m
[self_driving-10] [0m[INFO] [1783008061.883551671] [self_driving]: [DEBUG_DRIVE] state=LINE_FOLLOW raw_lane_x=204.0 lane_x=204.0 filter=stable linear=0.32 angular=0.00 cw_y=440 right_done=False start_turn=True count_turn=0 traffic=None stop=False[0m
[self_driving-10] [0m[INFO] [1783008062.279685597] [self_driving]: [OBJECTS] msg_count=34 n=1 names=['crosswalk'][0m
[self_driving-10] [0m[INFO] [1783008062.280806078] [self_driving]: [CW_CANDIDATE] name=crosswalkcx=620 cy=194 area=380 score=0.56 [0m
[self_driving-10] [0m[INFO] [1783008062.436068671] [self_driving]: [CROSSWALK_SLOW] y=194 th=180 confirm=3[0m
[self_driving-10] [0m[INFO] [1783008062.438729967] [self_driving]: [CW_STAGE 2] 정지선 앞 완전 정지! elapsed=0.00s[0m
[self_driving-10] [0m[INFO] [1783008062.500807875] [self_driving]: [CW_STAGE 2] 정지선 앞 완전 정지! elapsed=0.06s[0m
[self_driving-10] [0m[INFO] [1783008062.562682189] [self_driving]: [IMAGE] received count=447 shape=(480, 640, 3) queue=0[0m
[self_driving-10] [0m[INFO] [1783008062.571587115] [self_driving]: [CW_STAGE 2] 정지선 앞 완전 정지! elapsed=0.13s[0m
[self_driving-10] [0m[INFO] [1783008062.626376282] [self_driving]: [CW_STAGE 2] 정지선 앞 완전 정지! elapsed=0.19s[0m
[self_driving-10] [0m[INFO] [1783008062.692768800] [self_driving]: [CW_STAGE 2] 정지선 앞 완전 정지! elapsed=0.26s[0m
[self_driving-10] [0m[INFO] [1783008062.776357986] [self_driving]: [CW_STAGE 2] 정지선 앞 완전 정지! elapsed=0.34s[0m
[self_driving-10] [0m[INFO] [1783008062.826860152] [self_driving]: [CW_STAGE 2] 정지선 앞 완전 정지! elapsed=0.39s[0m
[self_driving-10] [0m[INFO] [1783008062.893482319] [self_driving]: [CW_STAGE 2] 정지선 앞 완전 정지! elapsed=0.46s[0m
[self_driving-10] [0m[INFO] [1783008062.965373226] [self_driving]: [CW_STAGE 2] 정지선 앞 완전 정지! elapsed=0.53s[0m
[self_driving-10] [0m[INFO] [1783008062.988806430] [self_driving]: [OBJECTS] msg_count=35 n=1 names=['go'][0m
[self_driving-10] [0m[INFO] [1783008062.991444689] [self_driving]: [CW_CANDIDATE] name=crosswalkcx=364 cy=198 area=2472 score=0.80 [0m
[self_driving-10] [0m[INFO] [1783008062.999787171] [self_driving]: [TRAFFIC_CANDIDATE] name=red valid=False cx=459 cy=86 area=225 score=0.30 min_area=270[0m
[self_driving-10] [0m[INFO] [1783008063.051593022] [self_driving]: [CW_STAGE 2] 정지선 앞 완전 정지! elapsed=0.62s[0m
[self_driving-10] [0m[INFO] [1783008063.098199874] [self_driving]: [CW_STAGE 2] 정지선 앞 완전 정지! elapsed=0.66s[0m
[self_driving-10] [0m[INFO] [1783008063.174695041] [self_driving]: [CW_STAGE 2] 정지선 앞 완전 정지! elapsed=0.74s[0m
[self_driving-10] [0m[INFO] [1783008063.249704448] [self_driving]: [CW_STAGE 2] 정지선 앞 완전 정지! elapsed=0.81s[0m
[self_driving-10] [0m[INFO] [1783008063.299762689] [self_driving]: [CW_STAGE 2] 정지선 앞 완전 정지! elapsed=0.86s[0m
[self_driving-10] [0m[INFO] [1783008063.337472170] [self_driving]: [CW_CANDIDATE] name=crosswalkcx=375 cy=205 area=3220 score=0.85 [0m
[self_driving-10] [0m[INFO] [1783008063.342807856] [self_driving]: [CW_CANDIDATE] name=crosswalkcx=342 cy=181 area=816 score=0.75 [0m
[self_driving-10] [0m[INFO] [1783008063.387302874] [self_driving]: [CW_STAGE 2] 정지선 앞 완전 정지! elapsed=0.95s[0m
[self_driving-10] [0m[INFO] [1783008063.446796022] [self_driving]: [CW_STAGE 2] 정지선 앞 완전 정지! elapsed=1.01s[0m
[self_driving-10] [0m[INFO] [1783008063.515402226] [self_driving]: [CW_STAGE 2] 정지선 앞 완전 정지! elapsed=1.08s[0m
[self_driving-10] [0m[INFO] [1783008063.567465244] [self_driving]: [CW_STAGE 2] 정지선 앞 완전 정지! elapsed=1.13s[0m
[self_driving-10] [0m[INFO] [1783008063.628587411] [self_driving]: [CW_STAGE 2] 정지선 앞 완전 정지! elapsed=1.19s[0m
[self_driving-10] [0m[INFO] [1783008063.682479170] [self_driving]: [OBJECTS] msg_count=41 n=1 names=['crosswalk'][0m
[self_driving-10] [0m[INFO] [1783008063.682974133] [self_driving]: [CW_CANDIDATE] name=crosswalkcx=344 cy=182 area=1029 score=0.66 [0m
[self_driving-10] [0m[INFO] [1783008063.688849226] [self_driving]: [TRAFFIC_CANDIDATE] name=red valid=False cx=484 cy=78 area=240 score=0.52 min_area=270[0m
[self_driving-10] [0m[INFO] [1783008063.710683929] [self_driving]: [CW_STAGE 2] 정지선 앞 완전 정지! elapsed=1.27s[0m
[self_driving-10] [0m[INFO] [1783008063.786149541] [self_driving]: [CW_STAGE 2] 정지선 앞 완전 정지! elapsed=1.35s[0m
[self_driving-10] [0m[INFO] [1783008063.828238596] [self_driving]: [CW_STAGE 2] 정지선 앞 완전 정지! elapsed=1.39s[0m
[self_driving-10] [0m[INFO] [1783008063.911773022] [self_driving]: [CW_STAGE 3] 미션 완료 -> 정상 속도 회복 및 6초 락 가동[0m
[self_driving-10] [0m[INFO] [1783008063.912430040] [self_driving]: [DEBUG_DRIVE] state=LINE_FOLLOW raw_lane_x=129.5 lane_x=129.5 filter=stable linear=0.32 angular=0.10 cw_y=0 right_done=False start_turn=False count_turn=0 traffic=None stop=False[0m
[self_driving-10] [0m[INFO] [1783008064.036986207] [self_driving]: [CW_CANDIDATE] name=crosswalkcx=343 cy=183 area=876 score=0.58 [0m
[self_driving-10] [0m[INFO] [1783008064.361459151] [self_driving]: [OBJECTS] msg_count=46 n=1 names=['crosswalk'][0m
[self_driving-10] [0m[INFO] [1783008064.361954948] [self_driving]: [CW_CANDIDATE] name=crosswalkcx=379 cy=210 area=3780 score=0.83 [0m
[self_driving-10] [0m[INFO] [1783008064.367207225] [self_driving]: [TRAFFIC_CANDIDATE] name=red valid=False cx=484 cy=78 area=225 score=0.47 min_area=270[0m
[self_driving-10] [0m[INFO] [1783008064.452980522] [self_driving]: [DEBUG_DRIVE] state=LINE_FOLLOW raw_lane_x=133.0 lane_x=133.0 filter=stable linear=0.32 angular=0.10 cw_y=0 right_done=False start_turn=False count_turn=0 traffic=None stop=False[0m
[self_driving-10] [0m[INFO] [1783008064.565976688] [self_driving]: [IMAGE] received count=477 shape=(480, 640, 3) queue=0[0m
[self_driving-10] [0m[INFO] [1783008064.714720003] [self_driving]: [CW_CANDIDATE] name=crosswalkcx=379 cy=210 area=3780 score=0.83 [0m
[self_driving-10] [0m[INFO] [1783008064.716229021] [self_driving]: [CW_CANDIDATE] name=crosswalkcx=343 cy=183 area=876 score=0.55 [0m
[self_driving-10] [0m[INFO] [1783008064.997748429] [self_driving]: [DEBUG_DRIVE] state=LINE_FOLLOW raw_lane_x=142.0 lane_x=142.0 filter=stable linear=0.32 angular=-0.10 cw_y=0 right_done=False start_turn=False count_turn=0 traffic=None stop=False[0m
[self_driving-10] [0m[INFO] [1783008065.075209040] [self_driving]: [OBJECTS] msg_count=52 n=1 names=['go'][0m
[self_driving-10] [0m[INFO] [1783008065.078432781] [self_driving]: [CW_CANDIDATE] name=crosswalkcx=351 cy=183 area=1001 score=0.71 [0m
[self_driving-10] [0m[INFO] [1783008065.082181632] [self_driving]: [TRAFFIC_CANDIDATE] name=red valid=False cx=494 cy=79 area=256 score=0.53 min_area=270[0m
[self_driving-10] [0m[INFO] [1783008065.414674817] [self_driving]: [CW_CANDIDATE] name=crosswalkcx=395 cy=224 area=5238 score=0.85 [0m
[self_driving-10] [0m[INFO] [1783008065.417494299] [self_driving]: [CW_CANDIDATE] name=crosswalkcx=350 cy=188 area=1134 score=0.78 [0m
[self_driving-10] [0m[INFO] [1783008065.511243947] [self_driving]: [DEBUG_DRIVE] state=LINE_FOLLOW raw_lane_x=134.0 lane_x=134.0 filter=stable linear=0.32 angular=-0.10 cw_y=0 right_done=False start_turn=False count_turn=0 traffic=None stop=False[0m
[self_driving-10] [0m[INFO] [1783008065.748592854] [self_driving]: [OBJECTS] msg_count=59 n=1 names=['crosswalk'][0m
[self_driving-10] [0m[INFO] [1783008065.749326225] [self_driving]: [CW_CANDIDATE] name=crosswalkcx=411 cy=239 area=7935 score=0.88 [0m
[self_driving-10] [0m[INFO] [1783008065.752373447] [self_driving]: [CW_CANDIDATE] name=crosswalkcx=353 cy=194 area=1424 score=0.75 [0m
[self_driving-10] [0m[INFO] [1783008066.069708206] [self_driving]: [DEBUG_DRIVE] state=LINE_FOLLOW raw_lane_x=123.5 lane_x=123.5 filter=stable linear=0.32 angular=0.10 cw_y=0 right_done=False start_turn=False count_turn=0 traffic=None stop=False[0m
[self_driving-10] [0m[INFO] [1783008066.104816873] [self_driving]: [CW_CANDIDATE] name=crosswalkcx=431 cy=258 area=12240 score=0.89 [0m
[self_driving-10] [0m[INFO] [1783008066.106977132] [self_driving]: [CW_CANDIDATE] name=crosswalkcx=360 cy=196 area=1656 score=0.82 [0m
[self_driving-10] [0m[INFO] [1783008066.425838613] [self_driving]: [OBJECTS] msg_count=66 n=1 names=['crosswalk'][0m
[self_driving-10] [0m[INFO] [1783008066.427172095] [self_driving]: [CW_CANDIDATE] name=crosswalkcx=414 cy=301 area=23400 score=0.91 [0m
[self_driving-10] [0m[INFO] [1783008066.429358817] [self_driving]: [CW_CANDIDATE] name=crosswalkcx=369 cy=206 area=2568 score=0.87 [0m
[self_driving-10] [0m[INFO] [1783008066.433348965] [self_driving]: [TRAFFIC_CANDIDATE] name=red valid=True cx=582 cy=51 area=441 score=0.84 min_area=270[0m
[self_driving-10] [0m[INFO] [1783008066.595832317] [self_driving]: [IMAGE] received count=507 shape=(480, 640, 3) queue=0[0m
[self_driving-10] [0m[INFO] [1783008066.601665631] [self_driving]: [DEBUG_DRIVE] state=LINE_FOLLOW raw_lane_x=132.0 lane_x=132.0 filter=stable linear=0.32 angular=-0.10 cw_y=0 right_done=False start_turn=False count_turn=0 traffic=red stop=False[0m
[self_driving-10] [0m[INFO] [1783008066.774962391] [self_driving]: [CW_CANDIDATE] name=crosswalkcx=374 cy=213 area=3224 score=0.85 [0m
[self_driving-10] [0m[INFO] [1783008067.135198613] [self_driving]: [DEBUG_DRIVE] state=LINE_FOLLOW raw_lane_x=132.5 lane_x=132.5 filter=stable linear=0.32 angular=-0.10 cw_y=0 right_done=False start_turn=False count_turn=0 traffic=red stop=False[0m
[self_driving-10] [0m[INFO] [1783008067.145697798] [self_driving]: [OBJECTS] msg_count=71 n=1 names=['crosswalk'][0m
[self_driving-10] [0m[INFO] [1783008067.146152335] [self_driving]: [CW_CANDIDATE] name=crosswalkcx=397 cy=220 area=5720 score=0.87 [0m
[self_driving-10] [0m[INFO] [1783008067.147367539] [self_driving]: [TRAFFIC_CLEAR] no valid red/green in current object msg -> clear stale traffic[0m
[self_driving-10] [0m[INFO] [1783008067.677801723] [self_driving]: [DEBUG_DRIVE] state=LINE_FOLLOW raw_lane_x=111.5 lane_x=111.5 filter=stable linear=0.32 angular=0.10 cw_y=0 right_done=False start_turn=False count_turn=0 traffic=None stop=False[0m
[self_driving-10] [0m[INFO] [1783008067.813928149] [self_driving]: [OBJECTS] msg_count=74 n=1 names=['crosswalk'][0m
[self_driving-10] [0m[INFO] [1783008067.815794223] [self_driving]: [CW_CANDIDATE] name=crosswalkcx=429 cy=251 area=13024 score=0.91 [0m
[self_driving-10] [0m[INFO] [1783008068.157312112] [self_driving]: [CW_CANDIDATE] name=crosswalkcx=424 cy=283 area=21119 score=0.92 [0m
[self_driving-10] [0m[INFO] [1783008068.210991353] [self_driving]: [DEBUG_DRIVE] state=LINE_FOLLOW raw_lane_x=135.5 lane_x=135.5 filter=stable linear=0.32 angular=-0.10 cw_y=0 right_done=False start_turn=False count_turn=0 traffic=None stop=False[0m
[self_driving-10] [0m[INFO] [1783008068.499789093] [self_driving]: [OBJECTS] msg_count=78 n=1 names=['crosswalk'][0m
[self_driving-10] [0m[INFO] [1783008068.501381186] [self_driving]: [CW_CANDIDATE] name=crosswalkcx=390 cy=328 area=39760 score=0.93 [0m
[self_driving-10] [0m[INFO] [1783008068.615615760] [self_driving]: [IMAGE] received count=537 shape=(480, 640, 3) queue=0[0m
[self_driving-10] [0m[INFO] [1783008068.759725760] [self_driving]: [DEBUG_DRIVE] state=LINE_FOLLOW raw_lane_x=140.0 lane_x=140.0 filter=stable linear=0.32 angular=-0.10 cw_y=0 right_done=False start_turn=False count_turn=0 traffic=None stop=False[0m
[self_driving-10] [0m[INFO] [1783008068.844231001] [self_driving]: [CW_CANDIDATE] name=crosswalkcx=326 cy=416 area=79756 score=0.86 [0m
[self_driving-10] [0m[INFO] [1783008069.306668945] [self_driving]: [DEBUG_DRIVE] state=LINE_FOLLOW raw_lane_x=124.0 lane_x=124.0 filter=stable linear=0.32 angular=0.10 cw_y=416 right_done=False start_turn=False count_turn=0 traffic=None stop=False[0m
[self_driving-10] [0m[INFO] [1783008069.830840518] [self_driving]: [DEBUG_DRIVE] state=LINE_FOLLOW raw_lane_x=178.5 lane_x=178.5 filter=stable linear=0.32 angular=-0.10 cw_y=416 right_done=False start_turn=False count_turn=0 traffic=None stop=False[0m
[self_driving-10] [33m[WARN] [1783008070.284406574] [self_driving]: [LANE_X_JUMP_REJECT] raw=93.5 last=281.0 diff=187.5 candidate=93.5 cnt=1/4[0m
[self_driving-10] [0m[INFO] [1783008070.363744203] [self_driving]: [DEBUG_DRIVE] state=LINE_FOLLOW raw_lane_x=159.0 lane_x=281.0 filter=jump_reject linear=0.32 angular=-0.70 cw_y=416 right_done=False start_turn=False count_turn=5 traffic=None stop=False[0m
[self_driving-10] [0m[INFO] [1783008070.688801944] [self_driving]: [IMAGE] received count=568 shape=(480, 640, 3) queue=0[0m
[self_driving-10] [33m[WARN] [1783008070.833660092] [self_driving]: [LANE_X_JUMP_REJECT] raw=215.0 last=301.0 diff=86.0 candidate=215.0 cnt=1/4[0m
[self_driving-10] [0m[INFO] [1783008070.898636018] [self_driving]: [DEBUG_DRIVE] state=LINE_FOLLOW raw_lane_x=250.5 lane_x=250.5 filter=stable linear=0.32 angular=-0.70 cw_y=416 right_done=False start_turn=True count_turn=5 traffic=None stop=False[0m
[self_driving-10] [33m[WARN] [1783008071.427264425] [self_driving]: [LANE_LOST] raw_lane_x=-1 lane_x=-1 filter=lost stop=False state=LINE_FOLLOW safe_linear=0.02 right_ready=False right_done=False[0m
[self_driving-10] [0m[INFO] [1783008071.427841925] [self_driving]: [DEBUG_DRIVE] state=LINE_FOLLOW raw_lane_x=-1 lane_x=-1 filter=lost linear=0.32 angular=0.00 cw_y=416 right_done=False start_turn=True count_turn=12 traffic=None stop=False[0m
[self_driving-10] [33m[WARN] [1783008071.964965239] [self_driving]: [LANE_LOST] raw_lane_x=-1 lane_x=-1 filter=lost stop=False state=LINE_FOLLOW safe_linear=0.02 right_ready=False right_done=False[0m
[self_driving-10] [0m[INFO] [1783008071.967886888] [self_driving]: [DEBUG_DRIVE] state=LINE_FOLLOW raw_lane_x=-1 lane_x=-1 filter=lost linear=0.32 angular=0.00 cw_y=416 right_done=False start_turn=True count_turn=12 traffic=None stop=False[0m
[self_driving-10] [0m[INFO] [1783008072.518719498] [self_driving]: [DEBUG_DRIVE] state=LINE_FOLLOW raw_lane_x=298.0 lane_x=298.0 filter=stable linear=0.32 angular=-0.70 cw_y=416 right_done=False start_turn=True count_turn=18 traffic=None stop=False[0m
[self_driving-10] [0m[INFO] [1783008072.711310943] [self_driving]: [IMAGE] received count=598 shape=(480, 640, 3) queue=0[0m
[self_driving-10] [0m[INFO] [1783008072.747485683] [self_driving]: [OBJECTS] msg_count=81 n=1 names=['right'][0m
[self_driving-10] [0m[INFO] [1783008072.748340739] [self_driving]: [RIGHT_CANDIDATE] valid=False reject=['small_area'] cnt=0 cx=627 cy=122 area=840 score=0.84 done=False[0m
[self_driving-10] [0m[INFO] [1783008073.048648572] [self_driving]: [DEBUG_DRIVE] state=LINE_FOLLOW raw_lane_x=138.0 lane_x=138.0 filter=stable linear=0.32 angular=0.00 cw_y=0 right_done=False start_turn=True count_turn=0 traffic=None stop=False[0m
[self_driving-10] [0m[INFO] [1783008073.076586461] [self_driving]: [RIGHT_CANDIDATE] valid=False reject=['small_area'] cnt=0 cx=570 cy=124 area=700 score=0.65 done=False[0m
[self_driving-10] [0m[INFO] [1783008073.442259461] [self_driving]: [OBJECTS] msg_count=83 n=1 names=['crosswalk'][0m
[self_driving-10] [0m[INFO] [1783008073.443163350] [self_driving]: [CW_CANDIDATE] name=crosswalkcx=547 cy=218 area=3111 score=0.88 [0m
[self_driving-10] [0m[INFO] [1783008073.589169868] [self_driving]: [DEBUG_DRIVE] state=LINE_FOLLOW raw_lane_x=133.0 lane_x=133.0 filter=stable linear=0.32 angular=0.00 cw_y=218 right_done=False start_turn=True count_turn=0 traffic=None stop=False[0m
[self_driving-10] [0m[INFO] [1783008073.814603942] [self_driving]: [CW_CANDIDATE] name=crosswalkcx=409 cy=228 area=6552 score=0.86 [0m
[self_driving-10] [0m[INFO] [1783008074.112211349] [self_driving]: [DEBUG_DRIVE] state=LINE_FOLLOW raw_lane_x=130.5 lane_x=130.5 filter=stable linear=0.32 angular=0.00 cw_y=228 right_done=False start_turn=True count_turn=0 traffic=None stop=False[0m
[self_driving-10] [0m[INFO] [1783008074.143670331] [self_driving]: [OBJECTS] msg_count=85 n=1 names=['crosswalk'][0m
[self_driving-10] [0m[INFO] [1783008074.144265571] [self_driving]: [CW_CANDIDATE] name=crosswalkcx=425 cy=244 area=9594 score=0.88 [0m
[self_driving-10] [0m[INFO] [1783008074.147719201] [self_driving]: [CW_CANDIDATE] name=crosswalkcx=357 cy=191 area=1665 score=0.78 [0m
[self_driving-10] [0m[INFO] [1783008074.318411682] [self_driving]: [CROSSWALK_SLOW] y=191 th=180 confirm=3[0m
[self_driving-10] [0m[INFO] [1783008074.323990905] [self_driving]: [CW_STAGE 2] 정지선 앞 완전 정지! elapsed=0.00s[0m
[self_driving-10] [0m[INFO] [1783008074.383772905] [self_driving]: [CW_STAGE 2] 정지선 앞 완전 정지! elapsed=0.06s[0m
[self_driving-10] [0m[INFO] [1783008074.451181442] [self_driving]: [CW_STAGE 2] 정지선 앞 완전 정지! elapsed=0.13s[0m
[self_driving-10] [0m[INFO] [1783008074.479592682] [self_driving]: [CW_CANDIDATE] name=crosswalkcx=430 cy=270 area=15318 score=0.88 [0m
[self_driving-10] [0m[INFO] [1783008074.481217071] [self_driving]: [RIGHT_CANDIDATE] valid=False reject=['small_area'] cnt=0 cx=174 cy=119 area=1617 score=0.85 done=False[0m
[self_driving-10] [0m[INFO] [1783008074.485577349] [self_driving]: [CW_CANDIDATE] name=crosswalkcx=363 cy=197 area=2030 score=0.80 [0m
[self_driving-10] [0m[INFO] [1783008074.531961238] [self_driving]: [CW_STAGE 2] 정지선 앞 완전 정지! elapsed=0.21s[0m
[self_driving-10] [0m[INFO] [1783008074.603726256] [self_driving]: [CW_STAGE 2] 정지선 앞 완전 정지! elapsed=0.28s[0m
[self_driving-10] [0m[INFO] [1783008074.674523738] [self_driving]: [CW_STAGE 2] 정지선 앞 완전 정지! elapsed=0.36s[0m
[self_driving-10] [0m[INFO] [1783008074.722476238] [self_driving]: [IMAGE] received count=628 shape=(480, 640, 3) queue=0[0m
[self_driving-10] [0m[INFO] [1783008074.729197904] [self_driving]: [CW_STAGE 2] 정지선 앞 완전 정지! elapsed=0.41s[0m
[self_driving-10] [0m[INFO] [1783008074.784524071] [self_driving]: [CW_STAGE 2] 정지선 앞 완전 정지! elapsed=0.47s[0m
[self_driving-10] [0m[INFO] [1783008074.830301608] [self_driving]: [OBJECTS] msg_count=90 n=1 names=['crosswalk'][0m
[self_driving-10] [0m[INFO] [1783008074.830801849] [self_driving]: [CW_CANDIDATE] name=crosswalkcx=415 cy=313 area=27900 score=0.91 [0m
[self_driving-10] [0m[INFO] [1783008074.833383571] [self_driving]: [RIGHT_CANDIDATE] valid=False reject=['small_area'] cnt=0 cx=152 cy=115 area=2067 score=0.87 done=False[0m
[self_driving-10] [0m[INFO] [1783008074.836375071] [self_driving]: [CW_CANDIDATE] name=crosswalkcx=371 cy=203 area=2497 score=0.84 [0m
[self_driving-10] [0m[INFO] [1783008074.870023886] [self_driving]: [CW_STAGE 2] 정지선 앞 완전 정지! elapsed=0.55s[0m
[self_driving-10] [0m[INFO] [1783008074.939422719] [self_driving]: [CW_STAGE 2] 정지선 앞 완전 정지! elapsed=0.62s[0m
[self_driving-10] [0m[INFO] [1783008075.005159719] [self_driving]: [CW_STAGE 2] 정지선 앞 완전 정지! elapsed=0.69s[0m
[self_driving-10] [0m[INFO] [1783008075.068266163] [self_driving]: [CW_STAGE 2] 정지선 앞 완전 정지! elapsed=0.75s[0m
[self_driving-10] [0m[INFO] [1783008075.133358275] [self_driving]: [CW_STAGE 2] 정지선 앞 완전 정지! elapsed=0.81s[0m
[self_driving-10] [0m[INFO] [1783008075.181864793] [self_driving]: [CW_CANDIDATE] name=crosswalkcx=374 cy=402 area=72884 score=0.91 [0m
[self_driving-10] [0m[INFO] [1783008075.188995830] [self_driving]: [CW_CANDIDATE] name=crosswalkcx=379 cy=212 area=3120 score=0.83 [0m
[self_driving-10] [0m[INFO] [1783008075.192277312] [self_driving]: [CW_STAGE 2] 정지선 앞 완전 정지! elapsed=0.87s[0m
[self_driving-10] [0m[INFO] [1783008075.283045386] [self_driving]: [CW_STAGE 2] 정지선 앞 완전 정지! elapsed=0.96s[0m
[self_driving-10] [0m[INFO] [1783008075.330699386] [self_driving]: [CW_STAGE 2] 정지선 앞 완전 정지! elapsed=1.01s[0m
[self_driving-10] [0m[INFO] [1783008075.398732126] [self_driving]: [CW_STAGE 2] 정지선 앞 완전 정지! elapsed=1.08s[0m
[self_driving-10] [0m[INFO] [1783008075.472219330] [self_driving]: [CW_STAGE 2] 정지선 앞 완전 정지! elapsed=1.15s[0m
[self_driving-10] [0m[INFO] [1783008075.526776571] [self_driving]: [OBJECTS] msg_count=95 n=1 names=['crosswalk'][0m
[self_driving-10] [0m[INFO] [1783008075.529674034] [self_driving]: [CW_CANDIDATE] name=crosswalkcx=335 cy=454 area=31668 score=0.89 [0m
[self_driving-10] [0m[INFO] [1783008075.568216459] [self_driving]: [CW_STAGE 2] 정지선 앞 완전 정지! elapsed=1.24s[0m
[self_driving-10] [0m[INFO] [1783008075.604887885] [self_driving]: [CW_STAGE 2] 정지선 앞 완전 정지! elapsed=1.29s[0m
[self_driving-10] [0m[INFO] [1783008075.670199922] [self_driving]: [CW_STAGE 2] 정지선 앞 완전 정지! elapsed=1.35s[0m
[self_driving-10] [0m[INFO] [1783008075.741278459] [self_driving]: [CW_STAGE 3] 미션 완료 -> 정상 속도 회복 및 6초 락 가동[0m
[self_driving-10] [0m[INFO] [1783008075.743155922] [self_driving]: [DEBUG_DRIVE] state=LINE_FOLLOW raw_lane_x=130.5 lane_x=130.5 filter=stable linear=0.32 angular=-0.10 cw_y=0 right_done=False start_turn=False count_turn=0 traffic=None stop=False[0m
[self_driving-10] [0m[INFO] [1783008075.904130885] [self_driving]: [RIGHT_CANDIDATE] valid=True reject=[] cnt=0 cx=72 cy=103 area=4032 score=0.86 done=False[0m
[self_driving-10] [0m[INFO] [1783008075.906995033] [self_driving]: [CW_CANDIDATE] name=crosswalkcx=388 cy=221 area=5032 score=0.84 [0m
[self_driving-10] [0m[INFO] [1783008075.910212348] [self_driving]: [CW_CANDIDATE] name=crosswalkcx=324 cy=451 area=36024 score=0.83 [0m
[self_driving-10] [0m[INFO] [1783008076.251397515] [self_driving]: [OBJECTS] msg_count=100 n=1 names=['crosswalk'][0m
[self_driving-10] [0m[INFO] [1783008076.254191737] [self_driving]: [CW_CANDIDATE] name=crosswalkcx=320 cy=452 area=35840 score=0.80 [0m
[self_driving-10] [0m[INFO] [1783008076.300262866] [self_driving]: [DEBUG_DRIVE] state=LINE_FOLLOW raw_lane_x=119.0 lane_x=119.0 filter=stable linear=0.32 angular=0.10 cw_y=452 right_done=False start_turn=False count_turn=0 traffic=None stop=False[0m
[self_driving-10] [0m[INFO] [1783008076.585558885] [self_driving]: [RIGHT_CANDIDATE] valid=True reject=[] cnt=1 cx=72 cy=103 area=4032 score=0.86 done=False[0m
[self_driving-10] [0m[INFO] [1783008076.586081903] [self_driving]: [RIGHT_READY] cx=72 cy=103 area=4032 score=0.86[0m
[self_driving-10] [0m[INFO] [1783008076.592568422] [self_driving]: [CW_CANDIDATE] name=crosswalkcx=320 cy=452 area=35200 score=0.80 [0m
[self_driving-10] [0m[INFO] [1783008076.607212107] [self_driving]: [RIGHT_TRIGGER] enter ARROW_SIGNAL lane_x=132.5 raw_lane_x=132.5 filter=stable cw_y=452 candidate={'cx': 72, 'cy': 103, 'area': 4032, 'score': 0.8600000143051147}[0m
[self_driving-10] [0m[INFO] [1783008076.620163885] [self_driving]: [1;36m[FSM] LINE_FOLLOW -> ARROW_SIGNAL[0m[0m
[self_driving-10] [0m[INFO] [1783008076.747777940] [self_driving]: [IMAGE] received count=658 shape=(480, 640, 3) queue=0[0m
[self_driving-10] [0m[INFO] [1783008076.812738329] [self_driving]: [ARROW_SIGNAL] waiting elapsed=0.20/3.00 direction=right[0m
[self_driving-10] [0m[INFO] [1783008076.923698718] [self_driving]: [OBJECTS] msg_count=103 n=1 names=['right'][0m
[self_driving-10] [0m[INFO] [1783008076.924210644] [self_driving]: [RIGHT_CANDIDATE] valid=True reject=[] cnt=0 cx=56 cy=101 area=4636 score=0.87 done=False[0m
[self_driving-10] [0m[INFO] [1783008077.245328810] [self_driving]: [CW_CANDIDATE] name=crosswalkcx=406 cy=241 area=9801 score=0.90 [0m
[self_driving-10] [0m[INFO] [1783008077.349775736] [self_driving]: [ARROW_SIGNAL] waiting elapsed=0.74/3.00 direction=right[0m
[self_driving-10] [0m[INFO] [1783008077.569028792] [self_driving]: [OBJECTS] msg_count=106 n=1 names=['crosswalk'][0m
[self_driving-10] [0m[INFO] [1783008077.569666069] [self_driving]: [CW_CANDIDATE] name=crosswalkcx=431 cy=258 area=15048 score=0.92 [0m
[self_driving-10] [0m[INFO] [1783008077.886685773] [self_driving]: [ARROW_SIGNAL] waiting elapsed=1.28/3.00 direction=right[0m
[self_driving-10] [0m[INFO] [1783008077.912063069] [self_driving]: [CW_CANDIDATE] name=crosswalkcx=416 cy=274 area=20160 score=0.92 [0m
[self_driving-10] [0m[INFO] [1783008078.227573921] [self_driving]: [OBJECTS] msg_count=108 n=1 names=['crosswalk'][0m
[self_driving-10] [0m[INFO] [1783008078.228293013] [self_driving]: [CW_CANDIDATE] name=crosswalkcx=416 cy=275 area=20160 score=0.92 [0m
[self_driving-10] [0m[INFO] [1783008078.409929939] [self_driving]: [ARROW_SIGNAL] waiting elapsed=1.80/3.00 direction=right[0m
[self_driving-10] [0m[INFO] [1783008078.535357161] [self_driving]: [CW_CANDIDATE] name=crosswalkcx=415 cy=275 area=20654 score=0.92 [0m
[self_driving-10] [0m[INFO] [1783008078.758954217] [self_driving]: [IMAGE] received count=688 shape=(480, 640, 3) queue=0[0m
[self_driving-10] [0m[INFO] [1783008078.857183383] [self_driving]: [OBJECTS] msg_count=110 n=1 names=['crosswalk'][0m
[self_driving-10] [0m[INFO] [1783008078.858065420] [self_driving]: [CW_CANDIDATE] name=crosswalkcx=415 cy=275 area=20654 score=0.92 [0m
[self_driving-10] [0m[INFO] [1783008078.954764680] [self_driving]: [ARROW_SIGNAL] waiting elapsed=2.34/3.00 direction=right[0m
[self_driving-10] [0m[INFO] [1783008079.184143365] [self_driving]: [CW_CANDIDATE] name=crosswalkcx=415 cy=275 area=20700 score=0.92 [0m
[self_driving-10] [0m[INFO] [1783008079.481631920] [self_driving]: [ARROW_SIGNAL] waiting elapsed=2.87/3.00 direction=right[0m
[self_driving-10] [0m[INFO] [1783008079.511455253] [self_driving]: [OBJECTS] msg_count=112 n=1 names=['crosswalk'][0m
[self_driving-10] [0m[INFO] [1783008079.512275494] [self_driving]: [CW_CANDIDATE] name=crosswalkcx=415 cy=275 area=20205 score=0.92 [0m
[self_driving-10] [0m[INFO] [1783008079.637911568] [self_driving]: [ARROW_SIGNAL] done elapsed=3.03 -> INTERSECTION direction=right[0m
[self_driving-10] [0m[INFO] [1783008079.638853068] [self_driving]: [1;36m[FSM] ARROW_SIGNAL -> INTERSECTION[0m[0m
[self_driving-10] [0m[INFO] [1783008079.875803735] [self_driving]: [CW_CANDIDATE] name=crosswalkcx=415 cy=275 area=20700 score=0.92 [0m
[self_driving-10] [0m[INFO] [1783008080.040738179] [self_driving]: [RIGHT_TURN] elapsed=0.40 cmd=(0.10,-0.50) lane_x=57.0[0m
[self_driving-10] [0m[INFO] [1783008080.203348679] [self_driving]: [OBJECTS] msg_count=114 n=1 names=['crosswalk'][0m
[self_driving-10] [0m[INFO] [1783008080.206669883] [self_driving]: [CW_CANDIDATE] name=crosswalkcx=415 cy=275 area=20654 score=0.92 [0m
[self_driving-10] [0m[INFO] [1783008080.539410271] [self_driving]: [CW_CANDIDATE] name=crosswalkcx=415 cy=275 area=20700 score=0.92 [0m
[self_driving-10] [0m[INFO] [1783008080.583554419] [self_driving]: [RIGHT_TURN] elapsed=0.94 cmd=(0.10,-0.50) lane_x=-1[0m
[self_driving-10] [0m[INFO] [1783008080.838400919] [self_driving]: [IMAGE] received count=719 shape=(480, 640, 3) queue=0[0m
[self_driving-10] [0m[INFO] [1783008080.870399067] [self_driving]: [OBJECTS] msg_count=116 n=1 names=['crosswalk'][0m
[self_driving-10] [0m[INFO] [1783008080.871341456] [self_driving]: [CW_CANDIDATE] name=crosswalkcx=411 cy=275 area=21984 score=0.90 [0m
[self_driving-10] [0m[INFO] [1783008081.101379289] [self_driving]: [RIGHT_TURN] elapsed=1.46 cmd=(0.10,-0.50) lane_x=232.0[0m
[self_driving-10] [0m[INFO] [1783008081.198697012] [self_driving]: [CW_CANDIDATE] name=crosswalkcx=284 cy=289 area=36762 score=0.77 [0m
[self_driving-10] [0m[INFO] [1783008081.527610734] [self_driving]: [OBJECTS] msg_count=118 n=1 names=['crosswalk'][0m
[self_driving-10] [0m[INFO] [1783008081.528249752] [self_driving]: [CW_CANDIDATE] name=crosswalkcx=221 cy=303 area=42528 score=0.86 [0m
[self_driving-10] [0m[INFO] [1783008081.644550123] [self_driving]: [RIGHT_TURN] elapsed=2.01 cmd=(0.10,-0.50) lane_x=154.0[0m
[self_driving-10] [0m[INFO] [1783008081.878422511] [self_driving]: [CW_CANDIDATE] name=crosswalkcx=167 cy=315 area=36741 score=0.80 [0m
[self_driving-10] [0m[INFO] [1783008082.189351604] [self_driving]: [RIGHT_TURN] elapsed=2.55 cmd=(0.10,-0.50) lane_x=247.0[0m
[self_driving-10] [0m[INFO] [1783008082.208760918] [self_driving]: [OBJECTS] msg_count=120 n=1 names=['crosswalk'][0m
[self_driving-10] [0m[INFO] [1783008082.209634159] [self_driving]: [CW_CANDIDATE] name=crosswalkcx=97 cy=343 area=25608 score=0.62 [0m
[self_driving-10] [0m[INFO] [1783008082.543473140] [self_driving]: [CW_CANDIDATE] name=crosswalkcx=459 cy=388 area=54662 score=0.72 [0m
[self_driving-10] [0m[INFO] [1783008082.732985585] [self_driving]: [RIGHT_TURN] elapsed=3.09 cmd=(0.10,-0.50) lane_x=94.5[0m
[self_driving-10] [0m[INFO] [1783008082.845016251] [self_driving]: [IMAGE] received count=749 shape=(480, 640, 3) queue=0[0m
[self_driving-10] [0m[INFO] [1783008082.850430437] [self_driving]: [RIGHT_TURN] done elapsed=3.21 lane_x=47.5 -> LINE_FOLLOW. . . .[0m
[self_driving-10] [0m[INFO] [1783008082.850964844] [self_driving]: [1;36m[FSM] INTERSECTION -> LINE_FOLLOW[0m[0m
[self_driving-10] [0m[INFO] [1783008082.891445974] [self_driving]: [OBJECTS] msg_count=124 n=1 names=['crosswalk'][0m
[self_driving-10] [0m[INFO] [1783008082.896357529] [self_driving]: [CW_CANDIDATE] name=crosswalkcx=377 cy=387 area=97125 score=0.83 [0m
[self_driving-10] [33m[WARN] [1783008082.935622770] [self_driving]: [LANE_X_JUMP_REJECT] raw=33.5 last=132.5 diff=99.0 candidate=33.5 cnt=1/4[0m
[self_driving-10] [0m[INFO] [1783008083.117183288] [self_driving]: [LANE_X_JUMP_ACCEPT] raw=10.0 last=10.0 cnt=4/4[0m
[self_driving-10] [0m[INFO] [1783008083.238443492] [self_driving]: [CW_CANDIDATE] name=crosswalkcx=293 cy=405 area=88050 score=0.84 [0m
[self_driving-10] [0m[INFO] [1783008083.283348640] [self_driving]: [DEBUG_DRIVE] state=LINE_FOLLOW raw_lane_x=7.5 lane_x=7.5 filter=stable linear=0.32 angular=0.10 cw_y=405 right_done=True start_turn=False count_turn=0 traffic=None stop=False[0m
[self_driving-10] [0m[INFO] [1783008083.573024714] [self_driving]: [OBJECTS] msg_count=126 n=1 names=['crosswalk'][0m
[self_driving-10] [0m[INFO] [1783008083.576797232] [self_driving]: [CW_CANDIDATE] name=crosswalkcx=320 cy=455 area=31360 score=0.84 [0m
[self_driving-10] [0m[INFO] [1783008083.792008529] [self_driving]: [DEBUG_DRIVE] state=LINE_FOLLOW raw_lane_x=19.5 lane_x=19.5 filter=stable linear=0.32 angular=0.10 cw_y=455 right_done=True start_turn=False count_turn=0 traffic=None stop=False[0m
[self_driving-10] [0m[INFO] [1783008084.291487436] [self_driving]: [OBJECTS] msg_count=127 n=1 names=['crosswalk'][0m
[self_driving-10] [0m[INFO] [1783008084.293549139] [self_driving]: [CW_CANDIDATE] name=crosswalkcx=292 cy=167 area=510 score=0.67 [0m
[self_driving-10] [0m[INFO] [1783008084.358280713] [self_driving]: [DEBUG_DRIVE] state=LINE_FOLLOW raw_lane_x=44.0 lane_x=44.0 filter=stable linear=0.32 angular=0.10 cw_y=0 right_done=True start_turn=False count_turn=0 traffic=None stop=False[0m
[self_driving-10] [0m[INFO] [1783008084.622813936] [self_driving]: [CW_CANDIDATE] name=crosswalkcx=313 cy=169 area=400 score=0.64 [0m
[self_driving-10] [0m[INFO] [1783008084.625763324] [self_driving]: [TRAFFIC_CANDIDATE] name=red valid=True cx=611 cy=20 area=2223 score=0.31 min_area=270[0m
[self_driving-10] [0m[INFO] [1783008084.878823472] [self_driving]: [IMAGE] received count=779 shape=(480, 640, 3) queue=0[0m
[self_driving-10] [0m[INFO] [1783008084.888327509] [self_driving]: [DEBUG_DRIVE] state=LINE_FOLLOW raw_lane_x=92.0 lane_x=92.0 filter=stable linear=0.32 angular=0.10 cw_y=0 right_done=True start_turn=False count_turn=0 traffic=None stop=False[0m
[self_driving-10] [0m[INFO] [1783008084.953078361] [self_driving]: [OBJECTS] msg_count=133 n=1 names=['park'][0m
[self_driving-10] [0m[INFO] [1783008084.958190824] [self_driving]: [CW_CANDIDATE] name=crosswalkcx=331 cy=172 area=452 score=0.61 [0m
[self_driving-10] [0m[INFO] [1783008085.299055306] [self_driving]: [CW_CANDIDATE] name=crosswalkcx=358 cy=171 area=595 score=0.42 [0m
[self_driving-10] [0m[INFO] [1783008085.420364157] [self_driving]: [CROSSWALK_IGNORE] y=171 < th=180[0m
[self_driving-10] [0m[INFO] [1783008085.426594954] [self_driving]: [DEBUG_DRIVE] state=LINE_FOLLOW raw_lane_x=53.5 lane_x=53.5 filter=stable linear=0.32 angular=0.10 cw_y=171 right_done=True start_turn=False count_turn=0 traffic=None stop=False[0m
[self_driving-10] [0m[INFO] [1783008085.635272824] [self_driving]: [OBJECTS] msg_count=137 n=1 names=['park'][0m
[self_driving-10] [0m[INFO] [1783008085.640744046] [self_driving]: [CW_CANDIDATE] name=crosswalkcx=372 cy=201 area=605 score=0.71 [0m
[self_driving-10] [0m[INFO] [1783008085.813611602] [self_driving]: [CROSSWALK_SLOW] y=201 th=180 confirm=3[0m
[self_driving-10] [0m[INFO] [1783008085.815417231] [self_driving]: [CW_STAGE 2] 정지선 앞 완전 정지! elapsed=0.00s[0m
[self_driving-10] [0m[INFO] [1783008085.878509287] [self_driving]: [CW_STAGE 2] 정지선 앞 완전 정지! elapsed=0.06s[0m
[self_driving-10] [0m[INFO] [1783008085.943060601] [self_driving]: [CW_STAGE 2] 정지선 앞 완전 정지! elapsed=0.13s[0m
[self_driving-10] [0m[INFO] [1783008085.967214027] [self_driving]: [CW_CANDIDATE] name=crosswalkcx=381 cy=183 area=1048 score=0.77 [0m
[self_driving-10] [0m[INFO] [1783008085.972081546] [self_driving]: [TRAFFIC_CANDIDATE] name=red valid=True cx=486 cy=4 area=360 score=0.45 min_area=270[0m
[self_driving-10] [0m[INFO] [1783008086.034730268] [self_driving]: [TRAFFIC_RED_STOP] area=360 cw_y=0[0m
[self_driving-10] [0m[INFO] [1783008086.082081398] [self_driving]: [TRAFFIC_RED_STOP] area=360 cw_y=0[0m
[self_driving-10] [0m[INFO] [1783008086.155683935] [self_driving]: [TRAFFIC_RED_STOP] area=360 cw_y=0[0m
[self_driving-10] [0m[INFO] [1783008086.206616305] [self_driving]: [TRAFFIC_RED_STOP] area=360 cw_y=0[0m
[self_driving-10] [0m[INFO] [1783008086.281007120] [self_driving]: [TRAFFIC_RED_STOP] area=360 cw_y=0[0m
[self_driving-10] [0m[INFO] [1783008086.332503860] [self_driving]: [OBJECTS] msg_count=142 n=1 names=['park'][0m
[self_driving-10] [0m[INFO] [1783008086.333089453] [self_driving]: [TRAFFIC_CLEAR_STOP] clear stale red stop -> resume slow/line follow[0m
[self_driving-10] [0m[INFO] [1783008086.336427509] [self_driving]: [CW_CANDIDATE] name=crosswalkcx=421 cy=155 area=690 score=0.59 [0m
[self_driving-10] [0m[INFO] [1783008086.366152397] [self_driving]: [CROSSWALK_IGNORE] y=155 < th=180[0m
[self_driving-10] [0m[INFO] [1783008086.367271120] [self_driving]: [CW_STAGE 2] 정지선 앞 완전 정지! elapsed=0.55s[0m
[self_driving-10] [0m[INFO] [1783008086.429619323] [self_driving]: [CROSSWALK_IGNORE] y=155 < th=180[0m
[self_driving-10] [0m[INFO] [1783008086.430206823] [self_driving]: [CW_STAGE 2] 정지선 앞 완전 정지! elapsed=0.62s[0m
[self_driving-10] [0m[INFO] [1783008086.487187212] [self_driving]: [CROSSWALK_IGNORE] y=155 < th=180[0m
[self_driving-10] [0m[INFO] [1783008086.489916657] [self_driving]: [CW_STAGE 2] 정지선 앞 완전 정지! elapsed=0.68s[0m
[self_driving-10] [0m[INFO] [1783008086.553486527] [self_driving]: [CROSSWALK_IGNORE] y=155 < th=180[0m
[self_driving-10] [0m[INFO] [1783008086.554256157] [self_driving]: [CW_STAGE 2] 정지선 앞 완전 정지! elapsed=0.74s[0m
[self_driving-10] [0m[INFO] [1783008086.633050749] [self_driving]: [CROSSWALK_IGNORE] y=155 < th=180[0m
[self_driving-10] [0m[INFO] [1783008086.633966990] [self_driving]: [CW_STAGE 2] 정지선 앞 완전 정지! elapsed=0.82s[0m
[self_driving-10] [0m[INFO] [1783008086.680305934] [self_driving]: [CROSSWALK_IGNORE] y=155 < th=180[0m
[self_driving-10] [0m[INFO] [1783008086.680984638] [self_driving]: [CW_STAGE 2] 정지선 앞 완전 정지! elapsed=0.87s[0m
[self_driving-10] [0m[INFO] [1783008086.707736119] [self_driving]: [CW_CANDIDATE] name=crosswalkcx=450 cy=182 area=760 score=0.54 [0m
[self_driving-10] [0m[INFO] [1783008086.770066805] [self_driving]: [CW_STAGE 2] 정지선 앞 완전 정지! elapsed=0.96s[0m
[self_driving-10] [0m[INFO] [1783008086.828880101] [self_driving]: [CW_STAGE 2] 정지선 앞 완전 정지! elapsed=1.02s[0m
[self_driving-10] [0m[INFO] [1783008086.891313527] [self_driving]: [IMAGE] received count=809 shape=(480, 640, 3) queue=0[0m
[self_driving-10] [0m[INFO] [1783008086.899184693] [self_driving]: [CW_STAGE 2] 정지선 앞 완전 정지! elapsed=1.09s[0m
[self_driving-10] [0m[INFO] [1783008086.947492823] [self_driving]: [CW_STAGE 2] 정지선 앞 완전 정지! elapsed=1.13s[0m
[self_driving-10] [0m[INFO] [1783008087.026943045] [self_driving]: [CW_STAGE 2] 정지선 앞 완전 정지! elapsed=1.21s[0m
[self_driving-10] [0m[INFO] [1783008087.058070527] [self_driving]: [OBJECTS] msg_count=146 n=1 names=['crosswalk'][0m
[self_driving-10] [0m[INFO] [1783008087.058944360] [self_driving]: [CW_CANDIDATE] name=crosswalkcx=482 cy=185 area=1050 score=0.63 [0m
[self_driving-10] [0m[INFO] [1783008087.106436027] [self_driving]: [CW_STAGE 2] 정지선 앞 완전 정지! elapsed=1.28s[0m
[self_driving-10] [0m[INFO] [1783008087.165037897] [self_driving]: [CW_STAGE 2] 정지선 앞 완전 정지! elapsed=1.35s[0m
[self_driving-10] [0m[INFO] [1783008087.216610619] [self_driving]: [CW_STAGE 3] 미션 완료 -> 정상 속도 회복 및 6초 락 가동[0m
[self_driving-10] [33m[WARN] [1783008087.217385749] [self_driving]: [LANE_LOST] raw_lane_x=-1 lane_x=-1 filter=lost stop=False state=LINE_FOLLOW safe_linear=0.02 right_ready=False right_done=True[0m
[self_driving-10] [0m[INFO] [1783008087.218301490] [self_driving]: [DEBUG_DRIVE] state=LINE_FOLLOW raw_lane_x=-1 lane_x=-1 filter=lost linear=0.32 angular=0.00 cw_y=185 right_done=True start_turn=False count_turn=0 traffic=None stop=False[0m
[self_driving-10] [0m[INFO] [1783008087.393215471] [self_driving]: [CW_CANDIDATE] name=crosswalkcx=483 cy=185 area=1074 score=0.56 [0m
[self_driving-10] [0m[INFO] [1783008087.727814582] [self_driving]: [OBJECTS] msg_count=148 n=1 names=['crosswalk'][0m
[self_driving-10] [0m[INFO] [1783008087.731922989] [self_driving]: [CW_CANDIDATE] name=crosswalkcx=483 cy=185 area=1068 score=0.57 [0m
[self_driving-10] [33m[WARN] [1783008087.772722156] [self_driving]: [LANE_LOST] raw_lane_x=-1 lane_x=-1 filter=lost stop=False state=LINE_FOLLOW safe_linear=0.02 right_ready=False right_done=True[0m
[self_driving-10] [0m[INFO] [1783008087.773392897] [self_driving]: [DEBUG_DRIVE] state=LINE_FOLLOW raw_lane_x=-1 lane_x=-1 filter=lost linear=0.32 angular=0.00 cw_y=185 right_done=True start_turn=False count_turn=0 traffic=None stop=False[0m
[self_driving-10] [0m[INFO] [1783008088.052667045] [self_driving]: [CW_CANDIDATE] name=crosswalkcx=482 cy=185 area=1062 score=0.54 [0m
[self_driving-10] [33m[WARN] [1783008088.298568489] [self_driving]: [LANE_LOST] raw_lane_x=-1 lane_x=-1 filter=lost stop=False state=LINE_FOLLOW safe_linear=0.02 right_ready=False right_done=True[0m
[self_driving-10] [0m[INFO] [1783008088.299071267] [self_driving]: [DEBUG_DRIVE] state=LINE_FOLLOW raw_lane_x=-1 lane_x=-1 filter=lost linear=0.32 angular=0.00 cw_y=185 right_done=True start_turn=False count_turn=0 traffic=None stop=False[0m
[self_driving-10] [0m[INFO] [1783008088.415967322] [self_driving]: [OBJECTS] msg_count=150 n=1 names=['crosswalk'][0m
[self_driving-10] [0m[INFO] [1783008088.416856452] [self_driving]: [CW_CANDIDATE] name=crosswalkcx=484 cy=185 area=1080 score=0.55 [0m
[self_driving-10] [0m[INFO] [1783008088.738357989] [self_driving]: [CW_CANDIDATE] name=crosswalkcx=419 cy=183 area=1134 score=0.75 [0m
[self_driving-10] [33m[WARN] [1783008088.834046933] [self_driving]: [LANE_LOST] raw_lane_x=-1 lane_x=-1 filter=lost stop=False state=LINE_FOLLOW safe_linear=0.02 right_ready=False right_done=True[0m
[self_driving-10] [0m[INFO] [1783008088.835492803] [self_driving]: [DEBUG_DRIVE] state=LINE_FOLLOW raw_lane_x=-1 lane_x=-1 filter=lost linear=0.32 angular=0.00 cw_y=183 right_done=True start_turn=False count_turn=0 traffic=None stop=False[0m
[self_driving-10] [0m[INFO] [1783008088.894894581] [self_driving]: [IMAGE] received count=839 shape=(480, 640, 3) queue=0[0m
[self_driving-10] [0m[INFO] [1783008089.087676637] [self_driving]: [OBJECTS] msg_count=152 n=1 names=['crosswalk'][0m
[self_driving-10] [0m[INFO] [1783008089.088460359] [self_driving]: [CW_CANDIDATE] name=crosswalkcx=340 cy=184 area=1148 score=0.71 [0m
[self_driving-10] [33m[WARN] [1783008089.248365174] [self_driving]: [LANE_X_JUMP_REJECT] raw=311.5 last=5.5 diff=306.0 candidate=311.5 cnt=1/4[0m
[self_driving-10] [0m[INFO] [1783008089.367620322] [self_driving]: [DEBUG_DRIVE] state=LINE_FOLLOW raw_lane_x=292.5 lane_x=5.5 filter=jump_reject linear=0.32 angular=0.10 cw_y=184 right_done=True start_turn=False count_turn=0 traffic=None stop=False[0m
[self_driving-10] [0m[INFO] [1783008089.431171766] [self_driving]: [TRAFFIC_CANDIDATE] name=red valid=True cx=369 cy=6 area=442 score=0.33 min_area=270[0m
[self_driving-10] [0m[INFO] [1783008089.436757136] [self_driving]: [LANE_X_JUMP_ACCEPT] raw=279.0 last=279.0 cnt=4/4[0m
[self_driving-10] [0m[INFO] [1783008089.758941858] [self_driving]: [OBJECTS] msg_count=154 n=1 names=['crosswalk'][0m
[self_driving-10] [0m[INFO] [1783008089.762537118] [self_driving]: [CW_CANDIDATE] name=crosswalkcx=130 cy=190 area=1062 score=0.71 [0m
[self_driving-10] [0m[INFO] [1783008089.906205506] [self_driving]: [DEBUG_DRIVE] state=LINE_FOLLOW raw_lane_x=279.0 lane_x=279.0 filter=stable linear=0.32 angular=-0.70 cw_y=0 right_done=True start_turn=True count_turn=2 traffic=red stop=False[0m
[self_driving-10] [0m[INFO] [1783008090.093015414] [self_driving]: [CW_CANDIDATE] name=crosswalkcx=59 cy=191 area=952 score=0.80 [0m
[self_driving-10] [0m[INFO] [1783008090.094475673] [self_driving]: [TRAFFIC_CLEAR] no valid red/green in current object msg -> clear stale traffic[0m
[self_driving-10] [0m[INFO] [1783008090.455427932] [self_driving]: [DEBUG_DRIVE] state=LINE_FOLLOW raw_lane_x=81.5 lane_x=81.5 filter=stable linear=0.32 angular=0.00 cw_y=191 right_done=True start_turn=True count_turn=0 traffic=None stop=False[0m
[self_driving-10] [0m[INFO] [1783008090.920765747] [self_driving]: [IMAGE] received count=869 shape=(480, 640, 3) queue=0[0m
[self_driving-10] [0m[INFO] [1783008090.991984302] [self_driving]: [DEBUG_DRIVE] state=LINE_FOLLOW raw_lane_x=-1 lane_x=21.5 filter=hold_last linear=0.32 angular=0.00 cw_y=191 right_done=True start_turn=True count_turn=0 traffic=None stop=False[0m
[self_driving-10] [33m[WARN] [1783008091.257312432] [self_driving]: [LANE_LOST] raw_lane_x=-1 lane_x=-1 filter=lost stop=False state=LINE_FOLLOW safe_linear=0.02 right_ready=False right_done=True[0m
[self_driving-10] [0m[INFO] [1783008091.535537987] [self_driving]: [DEBUG_DRIVE] state=LINE_FOLLOW raw_lane_x=-1 lane_x=-1 filter=lost linear=0.32 angular=0.00 cw_y=191 right_done=True start_turn=True count_turn=0 traffic=None stop=False[0m
[self_driving-10] [33m[WARN] [1783008091.806867079] [self_driving]: [LANE_LOST] raw_lane_x=-1 lane_x=-1 filter=lost stop=False state=LINE_FOLLOW safe_linear=0.02 right_ready=False right_done=True[0m
[self_driving-10] [33m[WARN] [1783008091.932524339] [self_driving]: [LANE_X_JUMP_REJECT] raw=295.5 last=21.5 diff=274.0 candidate=295.5 cnt=1/4[0m
[self_driving-10] [0m[INFO] [1783008092.053433339] [self_driving]: [DEBUG_DRIVE] state=LINE_FOLLOW raw_lane_x=167.0 lane_x=21.5 filter=jump_reject linear=0.32 angular=0.00 cw_y=191 right_done=True start_turn=True count_turn=0 traffic=None stop=False[0m
[self_driving-10] [0m[INFO] [1783008092.270607857] [self_driving]: [LANE_X_JUMP_ACCEPT] raw=159.5 last=159.5 cnt=4/4[0m
[self_driving-10] [33m[WARN] [1783008092.464864079] [self_driving]: [LANE_X_JUMP_REJECT] raw=225.0 last=97.0 diff=128.0 candidate=225.0 cnt=1/4[0m
[self_driving-10] [0m[INFO] [1783008092.611955283] [self_driving]: [DEBUG_DRIVE] state=LINE_FOLLOW raw_lane_x=159.5 lane_x=159.5 filter=stable linear=0.32 angular=0.00 cw_y=191 right_done=True start_turn=True count_turn=0 traffic=None stop=False[0m
[self_driving-10] [0m[INFO] [1783008092.925478986] [self_driving]: [IMAGE] received count=899 shape=(480, 640, 3) queue=0[0m
[self_driving-10] [0m[INFO] [1783008093.146526764] [self_driving]: [DEBUG_DRIVE] state=LINE_FOLLOW raw_lane_x=-1 lane_x=159.5 filter=hold_last linear=0.32 angular=0.00 cw_y=191 right_done=True start_turn=True count_turn=0 traffic=None stop=False[0m
[self_driving-10] [33m[WARN] [1783008093.213774042] [self_driving]: [LANE_LOST] raw_lane_x=-1 lane_x=-1 filter=lost stop=False state=LINE_FOLLOW safe_linear=0.02 right_ready=False right_done=True[0m
[self_driving-10] [0m[INFO] [1783008093.668312763] [self_driving]: [DEBUG_DRIVE] state=LINE_FOLLOW raw_lane_x=-1 lane_x=-1 filter=lost linear=0.32 angular=0.00 cw_y=191 right_done=True start_turn=True count_turn=0 traffic=None stop=False[0m
[self_driving-10] [33m[WARN] [1783008093.734389189] [self_driving]: [LANE_LOST] raw_lane_x=-1 lane_x=-1 filter=lost stop=False state=LINE_FOLLOW safe_linear=0.02 right_ready=False right_done=True[0m
[self_driving-10] [0m[INFO] [1783008094.119682504] [self_driving]: [OBJECTS] msg_count=157 n=1 names=['crosswalk'][0m
[self_driving-10] [0m[INFO] [1783008094.218572874] [self_driving]: [DEBUG_DRIVE] state=LINE_FOLLOW raw_lane_x=159.5 lane_x=159.5 filter=stable linear=0.32 angular=-0.10 cw_y=0 right_done=True start_turn=False count_turn=0 traffic=None stop=False[0m
[self_driving-10] [33m[WARN] [1783008094.505275448] [self_driving]: [LANE_X_JUMP_REJECT] raw=38.0 last=232.5 diff=194.5 candidate=38.0 cnt=1/4[0m
[self_driving-10] [0m[INFO] [1783008094.759645281] [self_driving]: [DEBUG_DRIVE] state=LINE_FOLLOW raw_lane_x=191.0 lane_x=191.0 filter=stable linear=0.32 angular=-0.10 cw_y=0 right_done=True start_turn=False count_turn=0 traffic=None stop=False[0m
[self_driving-10] [0m[INFO] [1783008094.956584837] [self_driving]: [IMAGE] received count=929 shape=(480, 640, 3) queue=0[0m
[self_driving-10] [33m[WARN] [1783008095.010079485] [self_driving]: [LANE_X_JUMP_REJECT] raw=193.5 last=289.5 diff=96.0 candidate=159.5 cnt=2/4[0m
[self_driving-10] [0m[INFO] [1783008095.295030337] [self_driving]: [DEBUG_DRIVE] state=LINE_FOLLOW raw_lane_x=-1 lane_x=287.5 filter=hold_last linear=0.32 angular=-0.70 cw_y=0 right_done=True start_turn=True count_turn=2 traffic=None stop=False[0m
[self_driving-10] [33m[WARN] [1783008095.618994596] [self_driving]: [LANE_LOST] raw_lane_x=-1 lane_x=-1 filter=lost stop=False state=LINE_FOLLOW safe_linear=0.02 right_ready=False right_done=True[0m
[self_driving-10] [0m[INFO] [1783008095.851591355] [self_driving]: [DEBUG_DRIVE] state=LINE_FOLLOW raw_lane_x=-1 lane_x=-1 filter=lost linear=0.32 angular=0.00 cw_y=0 right_done=True start_turn=True count_turn=6 traffic=None stop=False[0m
[self_driving-10] [33m[WARN] [1783008096.175015669] [self_driving]: [LANE_LOST] raw_lane_x=-1 lane_x=-1 filter=lost stop=False state=LINE_FOLLOW safe_linear=0.02 right_ready=False right_done=True[0m
[self_driving-10] [0m[INFO] [1783008096.366789447] [self_driving]: [DEBUG_DRIVE] state=LINE_FOLLOW raw_lane_x=-1 lane_x=-1 filter=lost linear=0.32 angular=0.00 cw_y=0 right_done=True start_turn=True count_turn=6 traffic=None stop=False[0m
[self_driving-10] [0m[INFO] [1783008096.792751910] [self_driving]: [OBJECTS] msg_count=158 n=1 names=['go'][0m
[self_driving-10] [0m[INFO] [1783008096.912770891] [self_driving]: [DEBUG_DRIVE] state=LINE_FOLLOW raw_lane_x=280.5 lane_x=280.5 filter=stable linear=0.32 angular=-0.70 cw_y=0 right_done=True start_turn=True count_turn=14 traffic=None stop=False[0m
[self_driving-10] [0m[INFO] [1783008096.962292021] [self_driving]: [IMAGE] received count=959 shape=(480, 640, 3) queue=0[0m
[self_driving-10] [33m[WARN] [1783008097.447627483] [self_driving]: [LANE_LOST] raw_lane_x=-1 lane_x=-1 filter=lost stop=False state=LINE_FOLLOW safe_linear=0.02 right_ready=False right_done=True[0m
[self_driving-10] [0m[INFO] [1783008097.448352076] [self_driving]: [DEBUG_DRIVE] state=LINE_FOLLOW raw_lane_x=-1 lane_x=-1 filter=lost linear=0.32 angular=0.00 cw_y=0 right_done=True start_turn=True count_turn=21 traffic=None stop=False[0m
[self_driving-10] [0m[INFO] [1783008097.463052669] [self_driving]: [OBJECTS] msg_count=160 n=1 names=['go'][0m
[self_driving-10] [0m[INFO] [1783008097.464988706] [self_driving]: [CW_CANDIDATE] name=crosswalkcx=600 cy=292 area=4680 score=0.75 [0m
[self_driving-10] [33m[WARN] [1783008098.019838057] [self_driving]: [LANE_LOST] raw_lane_x=-1 lane_x=-1 filter=lost stop=False state=LINE_FOLLOW safe_linear=0.02 right_ready=False right_done=True[0m
[self_driving-10] [0m[INFO] [1783008098.020369928] [self_driving]: [DEBUG_DRIVE] state=LINE_FOLLOW raw_lane_x=-1 lane_x=-1 filter=lost linear=0.32 angular=0.00 cw_y=0 right_done=True start_turn=True count_turn=21 traffic=None stop=False[0m
[self_driving-10] [33m[WARN] [1783008098.582819798] [self_driving]: [LANE_LOST] raw_lane_x=-1 lane_x=-1 filter=lost stop=False state=LINE_FOLLOW safe_linear=0.02 right_ready=False right_done=True[0m
[self_driving-10] [0m[INFO] [1783008098.585494594] [self_driving]: [DEBUG_DRIVE] state=LINE_FOLLOW raw_lane_x=-1 lane_x=-1 filter=lost linear=0.32 angular=0.00 cw_y=0 right_done=True start_turn=True count_turn=21 traffic=None stop=False[0m
[self_driving-10] [0m[INFO] [1783008098.986281668] [self_driving]: [IMAGE] received count=986 shape=(480, 640, 3) queue=0[0m
[self_driving-10] [33m[WARN] [1783008099.142806612] [self_driving]: [LANE_LOST] raw_lane_x=-1 lane_x=-1 filter=lost stop=False state=LINE_FOLLOW safe_linear=0.02 right_ready=False right_done=True[0m
[self_driving-10] [0m[INFO] [1783008099.143700149] [self_driving]: [DEBUG_DRIVE] state=LINE_FOLLOW raw_lane_x=-1 lane_x=-1 filter=lost linear=0.32 angular=0.00 cw_y=0 right_done=True start_turn=True count_turn=21 traffic=None stop=False[0m
[self_driving-10] [33m[WARN] [1783008099.720063056] [self_driving]: [LANE_LOST] raw_lane_x=-1 lane_x=-1 filter=lost stop=False state=LINE_FOLLOW safe_linear=0.02 right_ready=False right_done=True[0m
[self_driving-10] [0m[INFO] [1783008099.721727667] [self_driving]: [DEBUG_DRIVE] state=LINE_FOLLOW raw_lane_x=-1 lane_x=-1 filter=lost linear=0.32 angular=0.00 cw_y=0 right_done=True start_turn=True count_turn=21 traffic=None stop=False[0m
[self_driving-10] [33m[WARN] [1783008100.281946093] [self_driving]: [LANE_LOST] raw_lane_x=-1 lane_x=-1 filter=lost stop=False state=LINE_FOLLOW safe_linear=0.02 right_ready=False right_done=True[0m
[self_driving-10] [0m[INFO] [1783008100.283745760] [self_driving]: [DEBUG_DRIVE] state=LINE_FOLLOW raw_lane_x=-1 lane_x=-1 filter=lost linear=0.32 angular=0.00 cw_y=0 right_done=True start_turn=True count_turn=21 traffic=None stop=False[0m
[self_driving-10] [33m[WARN] [1783008100.693895870] [self_driving]: [LANE_X_JUMP_REJECT] raw=11.0 last=308.0 diff=297.0 candidate=11.0 cnt=1/4[0m
[self_driving-10] [0m[INFO] [1783008100.835058018] [self_driving]: [DEBUG_DRIVE] state=LINE_FOLLOW raw_lane_x=106.5 lane_x=308.0 filter=jump_reject linear=0.32 angular=-0.70 cw_y=0 right_done=True start_turn=True count_turn=24 traffic=None stop=False[0m
[self_driving-10] [0m[INFO] [1783008100.988821667] [self_driving]: [IMAGE] received count=1011 shape=(480, 640, 3) queue=0[0m
[self_driving-10] [0m[INFO] [1783008101.086691037] [self_driving]: [LANE_X_JUMP_ACCEPT] raw=84.0 last=84.0 cnt=4/4[0m
[self_driving-10] [0m[INFO] [1783008101.398072240] [self_driving]: [DEBUG_DRIVE] state=LINE_FOLLOW raw_lane_x=32.0 lane_x=32.0 filter=stable linear=0.32 angular=0.10 cw_y=0 right_done=True start_turn=False count_turn=0 traffic=None stop=False[0m
[self_driving-10] [0m[INFO] [1783008101.990548036] [self_driving]: [DEBUG_DRIVE] state=LINE_FOLLOW raw_lane_x=33.0 lane_x=33.0 filter=stable linear=0.32 angular=0.10 cw_y=0 right_done=True start_turn=False count_turn=0 traffic=None stop=False[0m
[self_driving-10] [33m[WARN] [1783008102.049986870] [self_driving]: [LANE_X_JUMP_REJECT] raw=164.0 last=33.0 diff=131.0 candidate=164.0 cnt=1/4[0m
[self_driving-10] [0m[INFO] [1783008102.250230110] [self_driving]: [OBJECTS] msg_count=163 n=1 names=['green'][0m
[self_driving-10] [0m[INFO] [1783008102.251669407] [self_driving]: [TRAFFIC_CANDIDATE] name=green valid=False cx=318 cy=351 area=67416 score=0.26 min_area=270[0m
[self_driving-10] [0m[INFO] [1783008102.306940832] [self_driving]: [LANE_X_JUMP_ACCEPT] raw=164.0 last=164.0 cnt=4/4[0m
[self_driving-10] [0m[INFO] [1783008102.525731721] [self_driving]: [DEBUG_DRIVE] state=LINE_FOLLOW raw_lane_x=-1 lane_x=153.5 filter=hold_last linear=0.32 angular=-0.10 cw_y=0 right_done=True start_turn=False count_turn=0 traffic=None stop=False[0m
[self_driving-10] [0m[INFO] [1783008102.949642388] [self_driving]: [OBJECTS] msg_count=166 n=1 names=['green'][0m
[self_driving-10] [0m[INFO] [1783008102.953376499] [self_driving]: [TRAFFIC_CANDIDATE] name=green valid=True cx=83 cy=341 area=39245 score=0.48 min_area=270[0m
[self_driving-10] [0m[INFO] [1783008103.018668147] [self_driving]: [IMAGE] received count=1036 shape=(480, 640, 3) queue=0[0m
[self_driving-10] [0m[INFO] [1783008103.090199313] [self_driving]: [DEBUG_DRIVE] state=LINE_FOLLOW raw_lane_x=200.0 lane_x=200.0 filter=stable linear=0.32 angular=-0.10 cw_y=0 right_done=True start_turn=False count_turn=0 traffic=green stop=False[0m
[self_driving-10] [0m[INFO] [1783008103.674587906] [self_driving]: [DEBUG_DRIVE] state=LINE_FOLLOW raw_lane_x=-1 lane_x=159.0 filter=hold_last linear=0.32 angular=-0.10 cw_y=0 right_done=True start_turn=False count_turn=0 traffic=green stop=False[0m
[self_driving-10] [33m[WARN] [1783008104.013494276] [self_driving]: [LANE_LOST] raw_lane_x=-1 lane_x=-1 filter=lost stop=False state=LINE_FOLLOW safe_linear=0.02 right_ready=False right_done=True[0m
[self_driving-10] [0m[INFO] [1783008104.226640831] [self_driving]: [DEBUG_DRIVE] state=LINE_FOLLOW raw_lane_x=115.0 lane_x=115.0 filter=stable linear=0.32 angular=0.10 cw_y=0 right_done=True start_turn=False count_turn=0 traffic=green stop=False[0m
[self_driving-10] [33m[WARN] [1783008104.702446312] [self_driving]: [LANE_LOST] raw_lane_x=-1 lane_x=-1 filter=lost stop=False state=LINE_FOLLOW safe_linear=0.02 right_ready=False right_done=True[0m
[self_driving-10] [0m[INFO] [1783008104.785312812] [self_driving]: [DEBUG_DRIVE] state=LINE_FOLLOW raw_lane_x=-1 lane_x=-1 filter=lost linear=0.32 angular=0.00 cw_y=0 right_done=True start_turn=False count_turn=0 traffic=green stop=False[0m
[self_driving-10] [0m[INFO] [1783008105.032842349] [self_driving]: [IMAGE] received count=1061 shape=(480, 640, 3) queue=0[0m
[self_driving-10] [33m[WARN] [1783008105.202009997] [self_driving]: [LANE_LOST] raw_lane_x=-1 lane_x=-1 filter=lost stop=False state=LINE_FOLLOW safe_linear=0.02 right_ready=False right_done=True[0m
[self_driving-10] [0m[INFO] [1783008105.349115201] [self_driving]: [DEBUG_DRIVE] state=LINE_FOLLOW raw_lane_x=-1 lane_x=-1 filter=lost linear=0.32 angular=0.00 cw_y=0 right_done=True start_turn=False count_turn=0 traffic=green stop=False[0m
[self_driving-10] [33m[WARN] [1783008105.752959293] [self_driving]: [LANE_LOST] raw_lane_x=-1 lane_x=-1 filter=lost stop=False state=LINE_FOLLOW safe_linear=0.02 right_ready=False right_done=True[0m
[self_driving-10] [0m[INFO] [1783008105.934088090] [self_driving]: [DEBUG_DRIVE] state=LINE_FOLLOW raw_lane_x=-1 lane_x=-1 filter=lost linear=0.32 angular=0.00 cw_y=0 right_done=True start_turn=False count_turn=0 traffic=green stop=False[0m
[self_driving-10] [33m[WARN] [1783008106.315742237] [self_driving]: [LANE_LOST] raw_lane_x=-1 lane_x=-1 filter=lost stop=False state=LINE_FOLLOW safe_linear=0.02 right_ready=False right_done=True[0m
[self_driving-10] [0m[INFO] [1783008106.491467145] [self_driving]: [DEBUG_DRIVE] state=LINE_FOLLOW raw_lane_x=-1 lane_x=-1 filter=lost linear=0.32 angular=0.00 cw_y=0 right_done=True start_turn=False count_turn=0 traffic=green stop=False[0m
[self_driving-10] [0m[INFO] [1783008107.034627737] [self_driving]: [IMAGE] received count=1086 shape=(480, 640, 3) queue=0[0m
[self_driving-10] [0m[INFO] [1783008107.041250959] [self_driving]: [DEBUG_DRIVE] state=LINE_FOLLOW raw_lane_x=-1 lane_x=221.0 filter=hold_last linear=0.32 angular=-0.70 cw_y=0 right_done=True start_turn=False count_turn=5 traffic=green stop=False[0m
[self_driving-10] [33m[WARN] [1783008107.124097996] [self_driving]: [LANE_LOST] raw_lane_x=-1 lane_x=-1 filter=lost stop=False state=LINE_FOLLOW safe_linear=0.02 right_ready=False right_done=True[0m
[self_driving-10] [33m[WARN] [1783008107.297986329] [self_driving]: [LANE_X_JUMP_REJECT] raw=8.5 last=221.0 diff=212.5 candidate=8.5 cnt=1/4[0m
[self_driving-10] [0m[INFO] [1783008107.605413811] [self_driving]: [DEBUG_DRIVE] state=LINE_FOLLOW raw_lane_x=191.0 lane_x=191.0 filter=stable linear=0.32 angular=0.00 cw_y=0 right_done=True start_turn=True count_turn=0 traffic=green stop=False[0m
[self_driving-10] [33m[WARN] [1783008107.930146885] [self_driving]: [LANE_X_JUMP_REJECT] raw=87.0 last=273.5 diff=186.5 candidate=87.0 cnt=1/4[0m
[self_driving-10] [0m[INFO] [1783008108.180872329] [self_driving]: [DEBUG_DRIVE] state=LINE_FOLLOW raw_lane_x=-1 lane_x=273.5 filter=hold_last linear=0.32 angular=-0.70 cw_y=0 right_done=True start_turn=True count_turn=7 traffic=green stop=False[0m
[self_driving-10] [33m[WARN] [1783008108.261899829] [self_driving]: [LANE_LOST] raw_lane_x=-1 lane_x=-1 filter=lost stop=False state=LINE_FOLLOW safe_linear=0.02 right_ready=False right_done=True[0m
[self_driving-10] [0m[INFO] [1783008108.739218958] [self_driving]: [DEBUG_DRIVE] state=LINE_FOLLOW raw_lane_x=245.0 lane_x=245.0 filter=stable linear=0.32 angular=-0.70 cw_y=0 right_done=True start_turn=True count_turn=8 traffic=green stop=False[0m
[self_driving-10] [33m[WARN] [1783008108.972686273] [self_driving]: [LANE_X_JUMP_REJECT] raw=178.5 last=280.5 diff=102.0 candidate=178.5 cnt=1/4[0m
[self_driving-10] [0m[INFO] [1783008109.067916236] [self_driving]: [IMAGE] received count=1111 shape=(480, 640, 3) queue=0[0m
[self_driving-10] [0m[INFO] [1783008109.307059680] [self_driving]: [DEBUG_DRIVE] state=LINE_FOLLOW raw_lane_x=-1 lane_x=286.5 filter=hold_last linear=0.32 angular=-0.70 cw_y=0 right_done=True start_turn=True count_turn=15 traffic=green stop=False[0m
[self_driving-10] [33m[WARN] [1783008109.539070828] [self_driving]: [LANE_X_JUMP_REJECT] raw=94.0 last=286.5 diff=192.5 candidate=94.0 cnt=1/4[0m
[self_driving-10] [0m[INFO] [1783008109.878838420] [self_driving]: [LANE_X_JUMP_ACCEPT] raw=161.5 last=161.5 cnt=4/4[0m
[self_driving-10] [0m[INFO] [1783008109.881319476] [self_driving]: [DEBUG_DRIVE] state=LINE_FOLLOW raw_lane_x=161.5 lane_x=161.5 filter=jump_accept linear=0.32 angular=0.00 cw_y=0 right_done=True start_turn=True count_turn=0 traffic=green stop=False[0m
[self_driving-10] [33m[WARN] [1783008110.290390476] [self_driving]: [LANE_X_JUMP_REJECT] raw=286.5 last=147.0 diff=139.5 candidate=286.5 cnt=1/4[0m
