[INFO] [launch]: All log files can be found below /home/ubuntu/.ros/log/2026-07-02-14-48-54-998919-raspberrypi-60651
[INFO] [launch]: Default logging verbosity is set to INFO
[INFO] [ascamera_node-1]: process started with pid [60661]
[INFO] [static_transform_publisher-2]: process started with pid [60663]
[INFO] [static_transform_publisher-3]: process started with pid [60665]
[INFO] [joint_state_publisher-4]: process started with pid [60667]
[INFO] [robot_state_publisher-5]: process started with pid [60669]
[INFO] [ros_robot_controller-6]: process started with pid [60671]
[INFO] [odom_publisher-7]: process started with pid [60680]
[INFO] [ekf_node-8]: process started with pid [60691]
[INFO] [yolo_detect-9]: process started with pid [60698]
[INFO] [self_driving-10]: process started with pid [60708]
[ascamera_node-1] [0m[INFO] [1783003735.747871329] [as_logger]: hello world angstrong camera ros2 node[0m
[static_transform_publisher-2] [33m[WARN] [1783003735.736324514] []: Old-style arguments are deprecated; see --help for new-style arguments[0m
[static_transform_publisher-3] [33m[WARN] [1783003735.730310699] []: Old-style arguments are deprecated; see --help for new-style arguments[0m
[static_transform_publisher-3] [0m[INFO] [1783003735.757080569] [static_transform_publisher_tdZ08sG3BidwPfm3]: Spinning until stopped - publishing transform
[static_transform_publisher-3] translation: ('0.000000', '0.000000', '0.000000')
[static_transform_publisher-3] rotation: ('-0.500000', '0.499602', '-0.500000', '0.500398')
[static_transform_publisher-3] from 'depth_cam' to 'ascamera_color_0'[0m
[ascamera_node-1] 2026-07-02 14:48:55[INFO] [CameraPublisher.cpp] [1558] [printLaunchParams] get depth_width 640
[ascamera_node-1] 2026-07-02 14:48:55[INFO] [CameraPublisher.cpp] [1559] [printLaunchParams] get depth_height 480
[ascamera_node-1] 2026-07-02 14:48:55[INFO] [CameraPublisher.cpp] [1561] [printLaunchParams] get rgb_width 640
[ascamera_node-1] 2026-07-02 14:48:55[INFO] [CameraPublisher.cpp] [1562] [printLaunchParams] get rgb_height 480
[ascamera_node-1] 2026-07-02 14:48:55[INFO] [CameraPublisher.cpp] [1570] [printLaunchParams] get set_fps 15
[ascamera_node-1] 2026-07-02 14:48:55[INFO] [CameraPublisher.cpp] [1578] [printLaunchParams] get color_pcl 1
[ascamera_node-1] 2026-07-02 14:48:55[INFO] [CameraPublisher.cpp] [1582] [printLaunchParams] get pub_tfTree 1
[ascamera_node-1] 2026-07-02 14:48:55[INFO] [CameraSrv.cpp] [35] [CameraSrv] Angstrong camera server
[ascamera_node-1] 2026-07-02 14:48:55[INFO] [CameraSrv.cpp] [45] [CameraSrv] Angstrong camera sdk version:v1.2.22.20240516
[static_transform_publisher-2] [0m[INFO] [1783003735.809360977] [static_transform_publisher_50eAgXbDCrM5nDoB]: Spinning until stopped - publishing transform
[static_transform_publisher-2] translation: ('0.000000', '0.000000', '0.000000')
[static_transform_publisher-2] rotation: ('-0.500000', '0.499602', '-0.500000', '0.500398')
[static_transform_publisher-2] from 'depth_cam' to 'ascamera_camera_link_0'[0m
[robot_state_publisher-5] [0m[INFO] [1783003735.839660162] [robot_state_publisher]: got segment base_footprint[0m
[robot_state_publisher-5] [0m[INFO] [1783003735.839969292] [robot_state_publisher]: got segment base_link[0m
[robot_state_publisher-5] [0m[INFO] [1783003735.839992440] [robot_state_publisher]: got segment depth_cam[0m
[robot_state_publisher-5] [0m[INFO] [1783003735.840002014] [robot_state_publisher]: got segment imu_link[0m
[robot_state_publisher-5] [0m[INFO] [1783003735.840009236] [robot_state_publisher]: got segment lidar_frame[0m
[robot_state_publisher-5] [0m[INFO] [1783003735.840016606] [robot_state_publisher]: got segment wheel_lb_Link[0m
[robot_state_publisher-5] [0m[INFO] [1783003735.840024088] [robot_state_publisher]: got segment wheel_lf_Link[0m
[robot_state_publisher-5] [0m[INFO] [1783003735.840031440] [robot_state_publisher]: got segment wheel_rb_Link[0m
[robot_state_publisher-5] [0m[INFO] [1783003735.840038773] [robot_state_publisher]: got segment wheel_rf_Link[0m
[odom_publisher-7] [0m[INFO] [1783003736.612564958] [odom_publisher]: [1;32m0.930000 1.010000[0m[0m
[odom_publisher-7] [0m[INFO] [1783003736.648525661] [odom_publisher]: [1;32mstart[0m[0m
[joint_state_publisher-4] [0m[INFO] [1783003736.699569698] [joint_state_publisher]: Waiting for robot_description to be published on the robot_description topic...[0m
[ascamera_node-1] 2026-07-02 14:48:56[INFO] [CameraSrv.cpp] [114] [onAttached] attached
[ascamera_node-1] 2026-07-02 14:48:56[INFO] [CameraSrv.cpp] [145] [onAttached] this is a new attach device, create and open it
[ros_robot_controller-6] [0m[INFO] [1783003737.345004254] [ros_robot_controller]: 已设置舵机 1 的偏移量为 0[0m
[ros_robot_controller-6] [0m[INFO] [1783003737.345763494] [ros_robot_controller]: 已设置舵机 2 的偏移量为 0[0m
[ros_robot_controller-6] [0m[INFO] [1783003737.346743698] [ros_robot_controller]: 已设置舵机 3 的偏移量为 4[0m
[ros_robot_controller-6] [0m[INFO] [1783003737.348011217] [ros_robot_controller]: 已设置舵机 4 的偏移量为 0[0m
[ros_robot_controller-6] [0m[INFO] [1783003737.352310587] [ros_robot_controller]: [1;32mstart[0m[0m
[self_driving-10] [0m[INFO] [1783003737.361925920] [self_driving]: [INIT] init_process started[0m
[self_driving-10] [0m[INFO] [1783003737.362524920] [self_driving]: [INIT] only_line_follow=False[0m
[self_driving-10] [0m[INFO] [1783003737.363071254] [self_driving]: [INIT] request /yolov5/start[0m
[ascamera_node-1] 2026-07-02 14:48:57[INFO] [CameraSrv.cpp] [154] [onAttached] get model type 9
[ascamera_node-1] 2026-07-02 14:48:57[INFO] [CameraSrv.cpp] [342] [getConfigFile] get file: /home/ubuntu/third_party_ros2/third_party_ws/src/ascamera/configurationfiles/hp60c_v2_00_20230704_configEncrypt.json
[ascamera_node-1] 2026-07-02 14:48:57[INFO] [CameraPublisher.cpp] [1501] [logCameraPathInfo] usb camera
[ascamera_node-1] 2026-07-02 14:48:57[INFO] [CameraPublisher.cpp] [1502] [logCameraPathInfo] bnum:1
[ascamera_node-1] 2026-07-02 14:48:57[INFO] [CameraPublisher.cpp] [1503] [logCameraPathInfo] dnum:3
[ascamera_node-1] 2026-07-02 14:48:57[INFO] [CameraPublisher.cpp] [1504] [logCameraPathInfo] port_numbers:2
[ascamera_node-1] 2026-07-02 14:48:57[INFO] [CameraPublisher.cpp] [171] [onCameraAttached] create a new publisher info set
[ascamera_node-1] 2026-07-02 14:48:57[INFO] [TfTreeFrameIdInfo.cpp] [11] [TfTreeFrameIdInfo] Namespace /ascamera
[ascamera_node-1] 2026-07-02 14:48:57[INFO] [CameraHp60c.cpp] [128] [open] according to the configuration file.
[ascamera_node-1] 2026-07-02 14:48:57[INFO] [CameraHp60c.cpp] [1528] [parseConfigFileParameter] moduleName:AS_CAM_HP60C
[ascamera_node-1] 2026-07-02 14:48:57[INFO] [CameraHp60c.cpp] [1555] [parseConfigFileParameter] Parsing config file /home/ubuntu/third_party_ros2/third_party_ws/src/ascamera/configurationfiles/hp60c_v2_00_20230704_configEncrypt.json
[ascamera_node-1] 2026-07-02 14:48:57[INFO] [CameraHp60c.cpp] [1620] [parseConfigFileParameter] configuration protocol Version: v2.x
[ascamera_node-1] 2026-07-02 14:48:57[INFO] [CameraHp60c.cpp] [1631] [parseConfigFileParameter] configuration Version: v2.0.0.20230704
[ascamera_node-1] 2026-07-02 14:48:57[INFO] [CameraHp60c.cpp] [1796] [setParamersAfterOpenCam] Camera confiParaEnable true, setting configuration parameter
[ascamera_node-1] 2026-07-02 14:48:59[ERROR] [XuCmdCameraHp60c.cpp] [454] [getMjpegSize] get mjpeg from xu command failed
[ascamera_node-1] 2026-07-02 14:48:59[INFO] [XuCmdCameraHp60c.cpp] [458] [getMjpegSize] mjpeg size:640x480
[ascamera_node-1] 2026-07-02 14:48:59[INFO] [CameraPublisher.cpp] [356] [onCameraOpen] camera opened
[ascamera_node-1] 2026-07-02 14:48:59[INFO] [CameraPublisher.cpp] [370] [onCameraOpen] get config info, ret 0, is_Registration 1
[ascamera_node-1] 2026-07-02 14:48:59[INFO] [Camera.cpp] [61] [init] #camera[0x5555ae35e710] SN[ASC60CF08000515]'s firmware version:DLS_VERc20865=:V01.09_2024110714:V01.19_2024110714:L01
[ascamera_node-1] 2026-07-02 14:48:59[INFO] [CameraPublisher.cpp] [1183] [setResolution] set depth resolution: 640 x 480 @ 15fps
[ascamera_node-1] 2026-07-02 14:48:59[INFO] [CameraPublisher.cpp] [1197] [setResolution] set rgb resolution: 640 x 480 @ 15fps
[ascamera_node-1] 2026-07-02 14:48:59[INFO] [CameraHp60c.cpp] [260] [startStreaming] start streaming
[ascamera_node-1] 2026-07-02 14:48:59[INFO] [CameraSrv.cpp] [202] [onAttached] attached end
[self_driving-10] [33m[WARN] [1783003739.366515678] [self_driving]: [YOLO_SERVICE] service not ready, continue without blocking[0m
[self_driving-10] [0m[INFO] [1783003739.867589326] [self_driving]: [INIT] enter + set_running start[0m
[self_driving-10] [0m[INFO] [1783003739.868143548] [self_driving]: [1;32mself driving enter[0m[0m
[self_driving-10] [0m[INFO] [1783003739.879819456] [self_driving]: [SUB] image=/ascamera/camera_publisher/rgb0/image object=/yolov5_ros2/object_detect[0m
[self_driving-10] [0m[INFO] [1783003739.883502548] [self_driving]: [1;32mset_running[0m[0m
[self_driving-10] [0m[INFO] [1783003739.889979604] [self_driving]: [1;32m[START] hybrid self_driving start: auto LINE_FOLLOW[0m[0m
[INFO] [apply_calib-11]: process started with pid [60850]
[INFO] [complementary_filter_node-12]: process started with pid [60852]
[ascamera_node-1] 2026-07-02 14:49:00[INFO] [CameraHp60c.cpp] [912] [setInternalParameter] mjpeg info: size(640x480)
[apply_calib-11] [0m[INFO] [1783003741.114426418] [imu_calib]: Calibrating gyros; do not move the IMU[0m
[complementary_filter_node-12] [0m[INFO] [1783003741.135142474] [imu_filter]: Starting ComplementaryFilterROS[0m
[ascamera_node-1] 2026-07-02 14:49:01[INFO] [Camera.cpp] [127] [backgroundThread] SN [ ASC60CF08000515 ]'s parameter:
[ascamera_node-1] 2026-07-02 14:49:01[INFO] [Camera.cpp] [128] [backgroundThread] irfx: 426.962
[ascamera_node-1] 2026-07-02 14:49:01[INFO] [Camera.cpp] [129] [backgroundThread] irfy: 426.374
[ascamera_node-1] 2026-07-02 14:49:01[INFO] [Camera.cpp] [130] [backgroundThread] ircx: 315.403
[ascamera_node-1] 2026-07-02 14:49:01[INFO] [Camera.cpp] [131] [backgroundThread] ircy: 240.933
[ascamera_node-1] 2026-07-02 14:49:01[INFO] [Camera.cpp] [132] [backgroundThread] rgbfx: 570.48
[ascamera_node-1] 2026-07-02 14:49:01[INFO] [Camera.cpp] [133] [backgroundThread] rgbfy: 569.949
[ascamera_node-1] 2026-07-02 14:49:01[INFO] [Camera.cpp] [134] [backgroundThread] rgbcx: 329.75
[ascamera_node-1] 2026-07-02 14:49:01[INFO] [Camera.cpp] [135] [backgroundThread] rgbcy: 238.406
[ascamera_node-1] 
[ascamera_node-1] 2026-07-02 14:49:01[INFO] [CameraHp60c.cpp] [1149] [streamCallback] set gain ret 0, gain 4
[self_driving-10] [0m[INFO] [1783003741.357542955] [self_driving]: [IMAGE] received count=1 shape=(480, 640, 3) queue=0[0m
[self_driving-10] [33m[WARN] [1783003741.529238047] [self_driving]: [IMAGE] queue full -> drop oldest frame[0m
[self_driving-10] [33m[WARN] [1783003741.538011529] [self_driving]: [LANE_LOST] raw_lane_x=-1 lane_x=-1 filter=lost stop=False state=LINE_FOLLOW safe_linear=0.02 right_ready=False right_done=False[0m
[self_driving-10] [0m[INFO] [1783003741.538595214] [self_driving]: [DEBUG_DRIVE] state=LINE_FOLLOW raw_lane_x=-1 lane_x=-1 filter=lost linear=0.32 angular=0.00 cw_y=0 right_done=False start_turn=False count_turn=0 traffic=None stop=False[0m
[self_driving-10] [33m[WARN] [1783003742.070084288] [self_driving]: [LANE_LOST] raw_lane_x=-1 lane_x=-1 filter=lost stop=False state=LINE_FOLLOW safe_linear=0.02 right_ready=False right_done=False[0m
[self_driving-10] [0m[INFO] [1783003742.070639658] [self_driving]: [DEBUG_DRIVE] state=LINE_FOLLOW raw_lane_x=-1 lane_x=-1 filter=lost linear=0.32 angular=0.00 cw_y=0 right_done=False start_turn=False count_turn=0 traffic=None stop=False[0m
[self_driving-10] [33m[WARN] [1783003742.608838565] [self_driving]: [LANE_LOST] raw_lane_x=-1 lane_x=-1 filter=lost stop=False state=LINE_FOLLOW safe_linear=0.02 right_ready=False right_done=False[0m
[self_driving-10] [0m[INFO] [1783003742.609427602] [self_driving]: [DEBUG_DRIVE] state=LINE_FOLLOW raw_lane_x=-1 lane_x=-1 filter=lost linear=0.32 angular=0.00 cw_y=0 right_done=False start_turn=False count_turn=0 traffic=None stop=False[0m
[yolo_detect-9] [0m[INFO] [1783003743.074974232] [yolov5_ros2]: Current ROS 2 distribution: humble[0m
[self_driving-10] [33m[WARN] [1783003743.148981398] [self_driving]: [LANE_LOST] raw_lane_x=-1 lane_x=-1 filter=lost stop=False state=LINE_FOLLOW safe_linear=0.02 right_ready=False right_done=False[0m
[self_driving-10] [0m[INFO] [1783003743.149695009] [self_driving]: [DEBUG_DRIVE] state=LINE_FOLLOW raw_lane_x=-1 lane_x=-1 filter=lost linear=0.32 angular=0.00 cw_y=0 right_done=False start_turn=False count_turn=0 traffic=None stop=False[0m
[apply_calib-11] [0m[INFO] [1783003743.172891083] [imu_calib]: Gyro calibration complete! (bias = [0.072, 0.069, -0.076])[0m
[self_driving-10] [0m[INFO] [1783003743.413553250] [self_driving]: [IMAGE] received count=32 shape=(480, 640, 3) queue=0[0m
[self_driving-10] [33m[WARN] [1783003743.704598083] [self_driving]: [LANE_LOST] raw_lane_x=-1 lane_x=-1 filter=lost stop=False state=LINE_FOLLOW safe_linear=0.02 right_ready=False right_done=False[0m
[self_driving-10] [0m[INFO] [1783003743.705201750] [self_driving]: [DEBUG_DRIVE] state=LINE_FOLLOW raw_lane_x=-1 lane_x=-1 filter=lost linear=0.32 angular=0.00 cw_y=0 right_done=False start_turn=False count_turn=0 traffic=None stop=False[0m
[self_driving-10] [0m[INFO] [1783003744.240875990] [self_driving]: [DEBUG_DRIVE] state=LINE_FOLLOW raw_lane_x=-1 lane_x=91.5 filter=hold_last linear=0.32 angular=0.10 cw_y=0 right_done=False start_turn=False count_turn=0 traffic=None stop=False[0m
[self_driving-10] [0m[INFO] [1783003744.369666935] [self_driving]: [OBJECTS] msg_count=1 n=1 names=['crosswalk'][0m
[self_driving-10] [33m[WARN] [1783003744.449423453] [self_driving]: [LANE_LOST] raw_lane_x=-1 lane_x=-1 filter=lost stop=False state=LINE_FOLLOW safe_linear=0.02 right_ready=False right_done=False[0m
[self_driving-10] [0m[INFO] [1783003744.791649731] [self_driving]: [DEBUG_DRIVE] state=LINE_FOLLOW raw_lane_x=-1 lane_x=-1 filter=lost linear=0.32 angular=0.00 cw_y=0 right_done=False start_turn=False count_turn=0 traffic=None stop=False[0m
[self_driving-10] [33m[WARN] [1783003744.972703231] [self_driving]: [LANE_LOST] raw_lane_x=-1 lane_x=-1 filter=lost stop=False state=LINE_FOLLOW safe_linear=0.02 right_ready=False right_done=False[0m
[self_driving-10] [0m[INFO] [1783003745.063116712] [self_driving]: [OBJECTS] msg_count=2 n=1 names=['crosswalk'][0m
[self_driving-10] [0m[INFO] [1783003745.315554453] [self_driving]: [DEBUG_DRIVE] state=LINE_FOLLOW raw_lane_x=-1 lane_x=-1 filter=lost linear=0.32 angular=0.00 cw_y=0 right_done=False start_turn=False count_turn=0 traffic=None stop=False[0m
[self_driving-10] [0m[INFO] [1783003745.431384693] [self_driving]: [IMAGE] received count=62 shape=(480, 640, 3) queue=0[0m
[self_driving-10] [33m[WARN] [1783003745.525057045] [self_driving]: [LANE_LOST] raw_lane_x=-1 lane_x=-1 filter=lost stop=False state=LINE_FOLLOW safe_linear=0.02 right_ready=False right_done=False[0m
[self_driving-10] [0m[INFO] [1783003745.856423026] [self_driving]: [DEBUG_DRIVE] state=LINE_FOLLOW raw_lane_x=-1 lane_x=-1 filter=lost linear=0.32 angular=0.00 cw_y=0 right_done=False start_turn=False count_turn=0 traffic=None stop=False[0m
[self_driving-10] [33m[WARN] [1783003746.387390322] [self_driving]: [LANE_LOST] raw_lane_x=-1 lane_x=-1 filter=lost stop=False state=LINE_FOLLOW safe_linear=0.02 right_ready=False right_done=False[0m
[self_driving-10] [0m[INFO] [1783003746.387941359] [self_driving]: [DEBUG_DRIVE] state=LINE_FOLLOW raw_lane_x=-1 lane_x=-1 filter=lost linear=0.32 angular=0.00 cw_y=0 right_done=False start_turn=False count_turn=0 traffic=None stop=False[0m
[self_driving-10] [0m[INFO] [1783003746.825794137] [self_driving]: [OBJECTS] msg_count=3 n=1 names=['crosswalk'][0m
[self_driving-10] [0m[INFO] [1783003746.929432266] [self_driving]: [DEBUG_DRIVE] state=LINE_FOLLOW raw_lane_x=263.0 lane_x=263.0 filter=stable linear=0.32 angular=-0.70 cw_y=0 right_done=False start_turn=False count_turn=5 traffic=None stop=False[0m
[self_driving-10] [0m[INFO] [1783003747.454805599] [self_driving]: [IMAGE] received count=92 shape=(480, 640, 3) queue=0[0m
[self_driving-10] [0m[INFO] [1783003747.464129173] [self_driving]: [DEBUG_DRIVE] state=LINE_FOLLOW raw_lane_x=184.0 lane_x=184.0 filter=stable linear=0.32 angular=0.00 cw_y=0 right_done=False start_turn=True count_turn=0 traffic=None stop=False[0m
[self_driving-10] [0m[INFO] [1783003747.520223062] [self_driving]: [OBJECTS] msg_count=5 n=1 names=['crosswalk'][0m
[self_driving-10] [0m[INFO] [1783003747.521310062] [self_driving]: [CW_CANDIDATE] name=crosswalkcx=253 cy=439 area=1937 score=0.60 [0m
[self_driving-10] [0m[INFO] [1783003747.867939340] [self_driving]: [CW_CANDIDATE] name=crosswalkcx=350 cy=389 area=7038 score=0.88 [0m
[self_driving-10] [0m[INFO] [1783003747.876196266] [self_driving]: [CW_CANDIDATE] name=crosswalkcx=346 cy=319 area=2394 score=0.86 [0m
[self_driving-10] [0m[INFO] [1783003748.012982747] [self_driving]: [DEBUG_DRIVE] state=LINE_FOLLOW raw_lane_x=123.0 lane_x=123.0 filter=stable linear=0.32 angular=0.00 cw_y=319 right_done=False start_turn=True count_turn=0 traffic=None stop=False[0m
[self_driving-10] [0m[INFO] [1783003748.241724636] [self_driving]: [OBJECTS] msg_count=8 n=1 names=['crosswalk'][0m
[self_driving-10] [0m[INFO] [1783003748.539282377] [self_driving]: [DEBUG_DRIVE] state=LINE_FOLLOW raw_lane_x=156.0 lane_x=156.0 filter=stable linear=0.32 angular=0.00 cw_y=0 right_done=False start_turn=True count_turn=0 traffic=None stop=False[0m
[self_driving-10] [0m[INFO] [1783003748.929250432] [self_driving]: [OBJECTS] msg_count=12 n=1 names=['crosswalk'][0m
[self_driving-10] [0m[INFO] [1783003749.070031839] [self_driving]: [DEBUG_DRIVE] state=LINE_FOLLOW raw_lane_x=175.5 lane_x=175.5 filter=stable linear=0.32 angular=0.00 cw_y=0 right_done=False start_turn=True count_turn=0 traffic=None stop=False[0m
[self_driving-10] [0m[INFO] [1783003749.464256894] [self_driving]: [IMAGE] received count=122 shape=(480, 640, 3) queue=0[0m
[self_driving-10] [0m[INFO] [1783003749.607738283] [self_driving]: [DEBUG_DRIVE] state=LINE_FOLLOW raw_lane_x=200.5 lane_x=200.5 filter=stable linear=0.32 angular=0.00 cw_y=0 right_done=False start_turn=True count_turn=0 traffic=None stop=False[0m
[self_driving-10] [0m[INFO] [1783003749.642332783] [self_driving]: [OBJECTS] msg_count=16 n=1 names=['crosswalk'][0m
[self_driving-10] [0m[INFO] [1783003750.164826653] [self_driving]: [DEBUG_DRIVE] state=LINE_FOLLOW raw_lane_x=222.0 lane_x=222.0 filter=stable linear=0.32 angular=-0.70 cw_y=0 right_done=False start_turn=True count_turn=2 traffic=None stop=False[0m
[self_driving-10] [0m[INFO] [1783003750.374204172] [self_driving]: [OBJECTS] msg_count=20 n=1 names=['crosswalk'][0m
[self_driving-10] [0m[INFO] [1783003750.692863820] [self_driving]: [DEBUG_DRIVE] state=LINE_FOLLOW raw_lane_x=133.5 lane_x=133.5 filter=stable linear=0.32 angular=0.00 cw_y=0 right_done=False start_turn=True count_turn=0 traffic=None stop=False[0m
[self_driving-10] [0m[INFO] [1783003750.721455449] [self_driving]: [CW_CANDIDATE] name=crosswalkcx=446 cy=336 area=30652 score=0.84 [0m
[self_driving-10] [0m[INFO] [1783003751.061959968] [self_driving]: [OBJECTS] msg_count=24 n=1 names=['crosswalk'][0m
[self_driving-10] [0m[INFO] [1783003751.065850505] [self_driving]: [CW_CANDIDATE] name=crosswalkcx=416 cy=418 area=55428 score=0.64 [0m
[self_driving-10] [0m[INFO] [1783003751.223937949] [self_driving]: [DEBUG_DRIVE] state=LINE_FOLLOW raw_lane_x=161.5 lane_x=161.5 filter=stable linear=0.32 angular=-0.10 cw_y=0 right_done=False start_turn=False count_turn=0 traffic=None stop=False[0m
[self_driving-10] [0m[INFO] [1783003751.496984264] [self_driving]: [IMAGE] received count=152 shape=(480, 640, 3) queue=0[0m
[self_driving-10] [0m[INFO] [1783003751.752178226] [self_driving]: [DEBUG_DRIVE] state=LINE_FOLLOW raw_lane_x=147.5 lane_x=147.5 filter=stable linear=0.32 angular=-0.10 cw_y=0 right_done=False start_turn=False count_turn=0 traffic=None stop=False[0m
[self_driving-10] [0m[INFO] [1783003751.759161726] [self_driving]: [OBJECTS] msg_count=28 n=1 names=['crosswalk'][0m
[self_driving-10] [0m[INFO] [1783003752.304978541] [self_driving]: [DEBUG_DRIVE] state=LINE_FOLLOW raw_lane_x=110.0 lane_x=110.0 filter=stable linear=0.32 angular=0.10 cw_y=0 right_done=False start_turn=False count_turn=0 traffic=None stop=False[0m
[self_driving-10] [0m[INFO] [1783003752.461655448] [self_driving]: [OBJECTS] msg_count=30 n=1 names=['crosswalk'][0m
[self_driving-10] [0m[INFO] [1783003752.462422615] [self_driving]: [CW_CANDIDATE] name=crosswalkcx=411 cy=326 area=30686 score=0.92 [0m
[self_driving-10] [0m[INFO] [1783003752.806050300] [self_driving]: [CW_CANDIDATE] name=crosswalkcx=342 cy=411 area=81515 score=0.88 [0m
[self_driving-10] [0m[INFO] [1783003752.852149096] [self_driving]: [DEBUG_DRIVE] state=LINE_FOLLOW raw_lane_x=136.0 lane_x=136.0 filter=stable linear=0.32 angular=-0.10 cw_y=0 right_done=False start_turn=False count_turn=0 traffic=None stop=False[0m
[self_driving-10] [0m[INFO] [1783003753.149982115] [self_driving]: [OBJECTS] msg_count=33 n=1 names=['crosswalk'][0m
[self_driving-10] [0m[INFO] [1783003753.150701781] [self_driving]: [CW_CANDIDATE] name=crosswalkcx=321 cy=455 area=31900 score=0.87 [0m
[self_driving-10] [0m[INFO] [1783003753.373356985] [self_driving]: [DEBUG_DRIVE] state=LINE_FOLLOW raw_lane_x=123.0 lane_x=123.0 filter=stable linear=0.32 angular=0.10 cw_y=455 right_done=False start_turn=False count_turn=0 traffic=None stop=False[0m
[self_driving-10] [0m[INFO] [1783003753.503634374] [self_driving]: [IMAGE] received count=182 shape=(480, 640, 3) queue=0[0m
[self_driving-10] [0m[INFO] [1783003753.852923170] [self_driving]: [OBJECTS] msg_count=34 n=1 names=['crosswalk'][0m
[self_driving-10] [0m[INFO] [1783003753.928759410] [self_driving]: [DEBUG_DRIVE] state=LINE_FOLLOW raw_lane_x=147.0 lane_x=147.0 filter=stable linear=0.32 angular=-0.10 cw_y=0 right_done=False start_turn=False count_turn=0 traffic=None stop=False[0m
[self_driving-10] [0m[INFO] [1783003754.447302910] [self_driving]: [DEBUG_DRIVE] state=LINE_FOLLOW raw_lane_x=273.5 lane_x=273.5 filter=stable linear=0.32 angular=-0.70 cw_y=0 right_done=False start_turn=False count_turn=3 traffic=None stop=False[0m
[self_driving-10] [33m[WARN] [1783003754.604164317] [self_driving]: [LANE_X_JUMP_REJECT] raw=122.5 last=285.5 diff=163.0 candidate=122.5 cnt=1/4[0m
[self_driving-10] [0m[INFO] [1783003754.993351669] [self_driving]: [DEBUG_DRIVE] state=LINE_FOLLOW raw_lane_x=159.5 lane_x=266.5 filter=jump_reject linear=0.32 angular=-0.70 cw_y=0 right_done=False start_turn=True count_turn=5 traffic=None stop=False[0m
[self_driving-10] [0m[INFO] [1783003755.518448502] [self_driving]: [IMAGE] received count=212 shape=(480, 640, 3) queue=0[0m
[self_driving-10] [0m[INFO] [1783003755.527459298] [self_driving]: [DEBUG_DRIVE] state=LINE_FOLLOW raw_lane_x=-1 lane_x=280.0 filter=hold_last linear=0.32 angular=-0.70 cw_y=0 right_done=False start_turn=True count_turn=6 traffic=None stop=False[0m
[self_driving-10] [33m[WARN] [1783003755.674712928] [self_driving]: [LANE_LOST] raw_lane_x=-1 lane_x=-1 filter=lost stop=False state=LINE_FOLLOW safe_linear=0.02 right_ready=False right_done=False[0m
[self_driving-10] [0m[INFO] [1783003756.070553854] [self_driving]: [DEBUG_DRIVE] state=LINE_FOLLOW raw_lane_x=-1 lane_x=-1 filter=lost linear=0.32 angular=0.00 cw_y=0 right_done=False start_turn=True count_turn=7 traffic=None stop=False[0m
[self_driving-10] [33m[WARN] [1783003756.180761650] [self_driving]: [LANE_LOST] raw_lane_x=-1 lane_x=-1 filter=lost stop=False state=LINE_FOLLOW safe_linear=0.02 right_ready=False right_done=False[0m
[self_driving-10] [0m[INFO] [1783003756.597392131] [self_driving]: [DEBUG_DRIVE] state=LINE_FOLLOW raw_lane_x=292.5 lane_x=292.5 filter=stable linear=0.32 angular=-0.70 cw_y=0 right_done=False start_turn=True count_turn=10 traffic=None stop=False[0m
[self_driving-10] [0m[INFO] [1783003756.974175538] [self_driving]: [OBJECTS] msg_count=35 n=1 names=['go'][0m
[self_driving-10] [0m[INFO] [1783003757.142128427] [self_driving]: [DEBUG_DRIVE] state=LINE_FOLLOW raw_lane_x=128.5 lane_x=128.5 filter=stable linear=0.32 angular=0.00 cw_y=0 right_done=False start_turn=True count_turn=0 traffic=None stop=False[0m
[self_driving-10] [0m[INFO] [1783003757.536567186] [self_driving]: [IMAGE] received count=242 shape=(480, 640, 3) queue=0[0m
[self_driving-10] [0m[INFO] [1783003757.679973204] [self_driving]: [DEBUG_DRIVE] state=LINE_FOLLOW raw_lane_x=112.5 lane_x=112.5 filter=stable linear=0.32 angular=0.00 cw_y=0 right_done=False start_turn=True count_turn=0 traffic=None stop=False[0m
[self_driving-10] [0m[INFO] [1783003757.707664964] [self_driving]: [OBJECTS] msg_count=37 n=1 names=['crosswalk'][0m
[self_driving-10] [0m[INFO] [1783003758.221041074] [self_driving]: [DEBUG_DRIVE] state=LINE_FOLLOW raw_lane_x=99.0 lane_x=99.0 filter=stable linear=0.32 angular=0.00 cw_y=0 right_done=False start_turn=True count_turn=0 traffic=None stop=False[0m
[self_driving-10] [0m[INFO] [1783003758.423747260] [self_driving]: [OBJECTS] msg_count=40 n=1 names=['go'][0m
[self_driving-10] [0m[INFO] [1783003758.426644685] [self_driving]: [CW_CANDIDATE] name=crosswalkcx=403 cy=332 area=30745 score=0.88 [0m
[self_driving-10] [0m[INFO] [1783003758.750201167] [self_driving]: [DEBUG_DRIVE] state=LINE_FOLLOW raw_lane_x=85.5 lane_x=85.5 filter=stable linear=0.32 angular=0.10 cw_y=0 right_done=False start_turn=False count_turn=0 traffic=None stop=False[0m
[self_driving-10] [0m[INFO] [1783003758.799260648] [self_driving]: [CW_CANDIDATE] name=crosswalkcx=349 cy=423 area=66348 score=0.89 [0m
[self_driving-10] [0m[INFO] [1783003759.245796333] [self_driving]: [OBJECTS] msg_count=46 n=1 names=['crosswalk'][0m
[self_driving-10] [0m[INFO] [1783003759.308037315] [self_driving]: [DEBUG_DRIVE] state=LINE_FOLLOW raw_lane_x=108.5 lane_x=108.5 filter=stable linear=0.32 angular=0.10 cw_y=0 right_done=False start_turn=False count_turn=0 traffic=None stop=False[0m
[self_driving-10] [0m[INFO] [1783003759.560265407] [self_driving]: [IMAGE] received count=272 shape=(480, 640, 3) queue=0[0m
[self_driving-10] [0m[INFO] [1783003759.814886814] [self_driving]: [DEBUG_DRIVE] state=LINE_FOLLOW raw_lane_x=129.5 lane_x=129.5 filter=stable linear=0.32 angular=0.10 cw_y=0 right_done=False start_turn=False count_turn=0 traffic=None stop=False[0m
[self_driving-10] [0m[INFO] [1783003759.979727796] [self_driving]: [OBJECTS] msg_count=48 n=1 names=['crosswalk'][0m
[self_driving-10] [0m[INFO] [1783003760.316760332] [self_driving]: [CW_CANDIDATE] name=crosswalkcx=373 cy=342 area=45220 score=0.94 [0m
[self_driving-10] [0m[INFO] [1783003760.386402018] [self_driving]: [DEBUG_DRIVE] state=LINE_FOLLOW raw_lane_x=123.5 lane_x=123.5 filter=stable linear=0.32 angular=0.10 cw_y=342 right_done=False start_turn=False count_turn=0 traffic=None stop=False[0m
[self_driving-10] [0m[INFO] [1783003760.697960999] [self_driving]: [OBJECTS] msg_count=50 n=1 names=['crosswalk'][0m
[self_driving-10] [0m[INFO] [1783003760.698607110] [self_driving]: [CW_CANDIDATE] name=crosswalkcx=329 cy=425 area=68310 score=0.93 [0m
[self_driving-10] [0m[INFO] [1783003760.897599869] [self_driving]: [DEBUG_DRIVE] state=LINE_FOLLOW raw_lane_x=138.5 lane_x=138.5 filter=stable linear=0.32 angular=-0.10 cw_y=425 right_done=False start_turn=False count_turn=0 traffic=None stop=False[0m
[self_driving-10] [0m[INFO] [1783003761.457846869] [self_driving]: [DEBUG_DRIVE] state=LINE_FOLLOW raw_lane_x=139.0 lane_x=139.0 filter=stable linear=0.32 angular=-0.10 cw_y=0 right_done=False start_turn=False count_turn=0 traffic=None stop=False[0m
[self_driving-10] [0m[INFO] [1783003761.635659276] [self_driving]: [IMAGE] received count=303 shape=(480, 640, 3) queue=0[0m
[self_driving-10] [0m[INFO] [1783003761.978119480] [self_driving]: [DEBUG_DRIVE] state=LINE_FOLLOW raw_lane_x=138.5 lane_x=138.5 filter=stable linear=0.32 angular=-0.10 cw_y=0 right_done=False start_turn=False count_turn=0 traffic=None stop=False[0m
[self_driving-10] [0m[INFO] [1783003762.069313294] [self_driving]: [OBJECTS] msg_count=52 n=1 names=['crosswalk'][0m
[self_driving-10] [0m[INFO] [1783003762.418425924] [self_driving]: [CW_CANDIDATE] name=crosswalkcx=530 cy=309 area=13442 score=0.51 [0m
[self_driving-10] [0m[INFO] [1783003762.506978202] [self_driving]: [DEBUG_DRIVE] state=LINE_FOLLOW raw_lane_x=166.5 lane_x=166.5 filter=stable linear=0.32 angular=-0.10 cw_y=309 right_done=False start_turn=False count_turn=0 traffic=None stop=False[0m
[self_driving-10] [33m[WARN] [1783003763.051193942] [self_driving]: [LANE_X_JUMP_REJECT] raw=79.0 last=271.5 diff=192.5 candidate=79.0 cnt=1/4[0m
[self_driving-10] [0m[INFO] [1783003763.052986201] [self_driving]: [DEBUG_DRIVE] state=LINE_FOLLOW raw_lane_x=79.0 lane_x=271.5 filter=jump_reject linear=0.32 angular=-0.70 cw_y=309 right_done=False start_turn=True count_turn=1 traffic=None stop=False[0m
[self_driving-10] [33m[WARN] [1783003763.578180627] [self_driving]: [LANE_X_JUMP_REJECT] raw=188.5 last=299.0 diff=110.5 candidate=188.5 cnt=1/4[0m
[self_driving-10] [0m[INFO] [1783003763.582183608] [self_driving]: [DEBUG_DRIVE] state=LINE_FOLLOW raw_lane_x=188.5 lane_x=299.0 filter=jump_reject linear=0.32 angular=-0.70 cw_y=309 right_done=False start_turn=True count_turn=4 traffic=None stop=False[0m
[self_driving-10] [0m[INFO] [1783003763.661159423] [self_driving]: [IMAGE] received count=333 shape=(480, 640, 3) queue=0[0m
[self_driving-10] [0m[INFO] [1783003764.111332441] [self_driving]: [DEBUG_DRIVE] state=LINE_FOLLOW raw_lane_x=301.5 lane_x=301.5 filter=stable linear=0.32 angular=-0.70 cw_y=309 right_done=False start_turn=True count_turn=12 traffic=None stop=False[0m
[self_driving-10] [0m[INFO] [1783003764.670987756] [self_driving]: [DEBUG_DRIVE] state=LINE_FOLLOW raw_lane_x=308.0 lane_x=308.0 filter=stable linear=0.32 angular=-0.70 cw_y=309 right_done=False start_turn=True count_turn=20 traffic=None stop=False[0m
[self_driving-10] [0m[INFO] [1783003765.198775404] [self_driving]: [DEBUG_DRIVE] state=LINE_FOLLOW raw_lane_x=159.0 lane_x=159.0 filter=stable linear=0.32 angular=0.00 cw_y=309 right_done=False start_turn=True count_turn=0 traffic=None stop=False[0m
[self_driving-10] [0m[INFO] [1783003765.557841607] [self_driving]: [OBJECTS] msg_count=54 n=1 names=['crosswalk'][0m
[self_driving-10] [0m[INFO] [1783003765.663767385] [self_driving]: [IMAGE] received count=363 shape=(480, 640, 3) queue=0[0m
[self_driving-10] [0m[INFO] [1783003765.726454200] [self_driving]: [DEBUG_DRIVE] state=LINE_FOLLOW raw_lane_x=108.0 lane_x=108.0 filter=stable linear=0.32 angular=0.00 cw_y=0 right_done=False start_turn=True count_turn=0 traffic=None stop=False[0m
[self_driving-10] [0m[INFO] [1783003766.258864310] [self_driving]: [OBJECTS] msg_count=57 n=1 names=['crosswalk'][0m
[self_driving-10] [0m[INFO] [1783003766.273811736] [self_driving]: [DEBUG_DRIVE] state=LINE_FOLLOW raw_lane_x=99.0 lane_x=99.0 filter=stable linear=0.32 angular=0.00 cw_y=0 right_done=False start_turn=True count_turn=0 traffic=None stop=False[0m
[self_driving-10] [0m[INFO] [1783003766.807627125] [self_driving]: [DEBUG_DRIVE] state=LINE_FOLLOW raw_lane_x=89.5 lane_x=89.5 filter=stable linear=0.32 angular=0.00 cw_y=0 right_done=False start_turn=True count_turn=0 traffic=None stop=False[0m
[self_driving-10] [0m[INFO] [1783003766.954325051] [self_driving]: [OBJECTS] msg_count=62 n=1 names=['crosswalk'][0m
[self_driving-10] [0m[INFO] [1783003767.377263976] [self_driving]: [DEBUG_DRIVE] state=LINE_FOLLOW raw_lane_x=88.0 lane_x=88.0 filter=stable linear=0.32 angular=0.10 cw_y=0 right_done=False start_turn=False count_turn=0 traffic=None stop=False[0m
[self_driving-10] [0m[INFO] [1783003767.651646013] [self_driving]: [OBJECTS] msg_count=67 n=1 names=['crosswalk'][0m
[self_driving-10] [0m[INFO] [1783003767.697995717] [self_driving]: [IMAGE] received count=393 shape=(480, 640, 3) queue=0[0m
[self_driving-10] [0m[INFO] [1783003767.897905884] [self_driving]: [DEBUG_DRIVE] state=LINE_FOLLOW raw_lane_x=103.5 lane_x=103.5 filter=stable linear=0.32 angular=0.10 cw_y=0 right_done=False start_turn=False count_turn=0 traffic=None stop=False[0m
[self_driving-10] [0m[INFO] [1783003767.998353976] [self_driving]: [TRAFFIC_CANDIDATE] name=red valid=True cx=491 cy=52 area=529 score=0.48 min_area=270[0m
[self_driving-10] [0m[INFO] [1783003768.337883494] [self_driving]: [OBJECTS] msg_count=72 n=1 names=['go'][0m
[self_driving-10] [0m[INFO] [1783003768.426500624] [self_driving]: [DEBUG_DRIVE] state=LINE_FOLLOW raw_lane_x=119.5 lane_x=119.5 filter=stable linear=0.32 angular=0.10 cw_y=0 right_done=False start_turn=False count_turn=0 traffic=None stop=False[0m
[self_driving-10] [0m[INFO] [1783003768.971852827] [self_driving]: [DEBUG_DRIVE] state=LINE_FOLLOW raw_lane_x=134.0 lane_x=134.0 filter=stable linear=0.32 angular=0.10 cw_y=0 right_done=False start_turn=False count_turn=0 traffic=None stop=False[0m
[self_driving-10] [0m[INFO] [1783003769.067378624] [self_driving]: [OBJECTS] msg_count=76 n=1 names=['crosswalk'][0m
[self_driving-10] [0m[INFO] [1783003769.500158234] [self_driving]: [DEBUG_DRIVE] state=LINE_FOLLOW raw_lane_x=140.5 lane_x=140.5 filter=stable linear=0.32 angular=-0.10 cw_y=0 right_done=False start_turn=False count_turn=0 traffic=None stop=False[0m
[self_driving-10] [0m[INFO] [1783003769.742947068] [self_driving]: [OBJECTS] msg_count=80 n=1 names=['crosswalk'][0m
[self_driving-10] [0m[INFO] [1783003769.744203827] [self_driving]: [CW_CANDIDATE] name=crosswalkcx=406 cy=318 area=32292 score=0.91 [0m
[self_driving-10] [0m[INFO] [1783003769.782407364] [self_driving]: [IMAGE] received count=424 shape=(480, 640, 3) queue=0[0m
[self_driving-10] [0m[INFO] [1783003770.031518771] [self_driving]: [DEBUG_DRIVE] state=LINE_FOLLOW raw_lane_x=144.0 lane_x=144.0 filter=stable linear=0.32 angular=-0.10 cw_y=0 right_done=False start_turn=False count_turn=0 traffic=None stop=False[0m
[self_driving-10] [0m[INFO] [1783003770.078799864] [self_driving]: [CW_CANDIDATE] name=crosswalkcx=332 cy=407 area=89175 score=0.92 [0m
[self_driving-10] [0m[INFO] [1783003770.441491697] [self_driving]: [OBJECTS] msg_count=84 n=1 names=['crosswalk'][0m
[self_driving-10] [0m[INFO] [1783003770.442264326] [self_driving]: [CW_CANDIDATE] name=crosswalkcx=325 cy=464 area=18480 score=0.84 [0m
[self_driving-10] [0m[INFO] [1783003770.573084493] [self_driving]: [DEBUG_DRIVE] state=LINE_FOLLOW raw_lane_x=140.5 lane_x=140.5 filter=stable linear=0.32 angular=-0.10 cw_y=464 right_done=False start_turn=False count_turn=0 traffic=None stop=False[0m
[self_driving-10] [0m[INFO] [1783003771.122016882] [self_driving]: [DEBUG_DRIVE] state=LINE_FOLLOW raw_lane_x=175.5 lane_x=175.5 filter=stable linear=0.32 angular=-0.10 cw_y=464 right_done=False start_turn=False count_turn=0 traffic=None stop=False[0m
[self_driving-10] [33m[WARN] [1783003771.592602844] [self_driving]: [LANE_X_JUMP_REJECT] raw=83.5 last=263.5 diff=180.0 candidate=83.5 cnt=1/4[0m
[self_driving-10] [0m[INFO] [1783003771.659883863] [self_driving]: [DEBUG_DRIVE] state=LINE_FOLLOW raw_lane_x=148.0 lane_x=263.5 filter=jump_reject linear=0.32 angular=-0.70 cw_y=464 right_done=False start_turn=True count_turn=0 traffic=None stop=False[0m
[self_driving-10] [0m[INFO] [1783003771.843619344] [self_driving]: [IMAGE] received count=455 shape=(480, 640, 3) queue=0[0m
[self_driving-10] [33m[WARN] [1783003772.116809770] [self_driving]: [LANE_X_JUMP_REJECT] raw=207.0 last=291.0 diff=84.0 candidate=207.0 cnt=1/4[0m
[self_driving-10] [0m[INFO] [1783003772.215739511] [self_driving]: [DEBUG_DRIVE] state=LINE_FOLLOW raw_lane_x=242.0 lane_x=242.0 filter=stable linear=0.32 angular=-0.70 cw_y=464 right_done=False start_turn=True count_turn=5 traffic=None stop=False[0m
[self_driving-10] [33m[WARN] [1783003772.730827418] [self_driving]: [LANE_LOST] raw_lane_x=-1 lane_x=-1 filter=lost stop=False state=LINE_FOLLOW safe_linear=0.02 right_ready=False right_done=False[0m
[self_driving-10] [0m[INFO] [1783003772.733607936] [self_driving]: [DEBUG_DRIVE] state=LINE_FOLLOW raw_lane_x=-1 lane_x=-1 filter=lost linear=0.32 angular=0.00 cw_y=464 right_done=False start_turn=True count_turn=12 traffic=None stop=False[0m
[self_driving-10] [33m[WARN] [1783003773.277455140] [self_driving]: [LANE_LOST] raw_lane_x=-1 lane_x=-1 filter=lost stop=False state=LINE_FOLLOW safe_linear=0.02 right_ready=False right_done=False[0m
[self_driving-10] [0m[INFO] [1783003773.280055436] [self_driving]: [DEBUG_DRIVE] state=LINE_FOLLOW raw_lane_x=-1 lane_x=-1 filter=lost linear=0.32 angular=0.00 cw_y=464 right_done=False start_turn=True count_turn=12 traffic=None stop=False[0m
[self_driving-10] [0m[INFO] [1783003773.794871806] [self_driving]: [DEBUG_DRIVE] state=LINE_FOLLOW raw_lane_x=290.5 lane_x=290.5 filter=stable linear=0.32 angular=-0.70 cw_y=464 right_done=False start_turn=True count_turn=18 traffic=None stop=False[0m
[self_driving-10] [0m[INFO] [1783003773.872016102] [self_driving]: [IMAGE] received count=485 shape=(480, 640, 3) queue=0[0m
[self_driving-10] [0m[INFO] [1783003773.925377250] [self_driving]: [OBJECTS] msg_count=85 n=1 names=['right'][0m
[self_driving-10] [0m[INFO] [1783003773.926144084] [self_driving]: [RIGHT_CANDIDATE] valid=False reject=['small_area'] cnt=0 cx=621 cy=123 area=891 score=0.84 done=False[0m
[self_driving-10] [0m[INFO] [1783003774.272895139] [self_driving]: [RIGHT_CANDIDATE] valid=False reject=['low_score', 'small_area'] cnt=0 cx=588 cy=126 area=672 score=0.36 done=False[0m
[self_driving-10] [0m[INFO] [1783003774.351227639] [self_driving]: [DEBUG_DRIVE] state=LINE_FOLLOW raw_lane_x=124.5 lane_x=124.5 filter=stable linear=0.32 angular=0.00 cw_y=0 right_done=False start_turn=True count_turn=0 traffic=None stop=False[0m
[self_driving-10] [33m[WARN] [1783003774.878596435] [self_driving]: [LANE_X_JUMP_REJECT] raw=292.5 last=179.0 diff=113.5 candidate=292.5 cnt=1/4[0m
[self_driving-10] [0m[INFO] [1783003774.881794213] [self_driving]: [DEBUG_DRIVE] state=LINE_FOLLOW raw_lane_x=292.5 lane_x=179.0 filter=jump_reject linear=0.32 angular=0.00 cw_y=0 right_done=False start_turn=True count_turn=0 traffic=None stop=False[0m
[self_driving-10] [0m[INFO] [1783003774.984798268] [self_driving]: [OBJECTS] msg_count=87 n=1 names=['crosswalk'][0m
[self_driving-10] [33m[WARN] [1783003775.155698287] [self_driving]: [LANE_LOST] raw_lane_x=-1 lane_x=-1 filter=lost stop=False state=LINE_FOLLOW safe_linear=0.02 right_ready=False right_done=False[0m
[self_driving-10] [0m[INFO] [1783003775.423751398] [self_driving]: [DEBUG_DRIVE] state=LINE_FOLLOW raw_lane_x=-1 lane_x=-1 filter=lost linear=0.32 angular=0.00 cw_y=0 right_done=False start_turn=True count_turn=0 traffic=None stop=False[0m
[self_driving-10] [33m[WARN] [1783003775.678664305] [self_driving]: [LANE_LOST] raw_lane_x=-1 lane_x=-1 filter=lost stop=False state=LINE_FOLLOW safe_linear=0.02 right_ready=False right_done=False[0m
[self_driving-10] [0m[INFO] [1783003775.880232249] [self_driving]: [IMAGE] received count=515 shape=(480, 640, 3) queue=0[0m
[self_driving-10] [0m[INFO] [1783003775.949061675] [self_driving]: [DEBUG_DRIVE] state=LINE_FOLLOW raw_lane_x=-1 lane_x=-1 filter=lost linear=0.32 angular=0.00 cw_y=0 right_done=False start_turn=True count_turn=0 traffic=None stop=False[0m
[self_driving-10] [33m[WARN] [1783003776.233510693] [self_driving]: [LANE_LOST] raw_lane_x=-1 lane_x=-1 filter=lost stop=False state=LINE_FOLLOW safe_linear=0.02 right_ready=False right_done=False[0m
[self_driving-10] [0m[INFO] [1783003776.372856601] [self_driving]: [OBJECTS] msg_count=91 n=1 names=['crosswalk'][0m
[self_driving-10] [0m[INFO] [1783003776.501310841] [self_driving]: [DEBUG_DRIVE] state=LINE_FOLLOW raw_lane_x=-1 lane_x=-1 filter=lost linear=0.32 angular=0.00 cw_y=0 right_done=False start_turn=True count_turn=0 traffic=None stop=False[0m
[self_driving-10] [33m[WARN] [1783003776.771865063] [self_driving]: [LANE_LOST] raw_lane_x=-1 lane_x=-1 filter=lost stop=False state=LINE_FOLLOW safe_linear=0.02 right_ready=False right_done=False[0m
[self_driving-10] [0m[INFO] [1783003777.029912878] [self_driving]: [DEBUG_DRIVE] state=LINE_FOLLOW raw_lane_x=-1 lane_x=-1 filter=lost linear=0.32 angular=0.00 cw_y=0 right_done=False start_turn=True count_turn=0 traffic=None stop=False[0m
[self_driving-10] [33m[WARN] [1783003777.296029285] [self_driving]: [LANE_LOST] raw_lane_x=-1 lane_x=-1 filter=lost stop=False state=LINE_FOLLOW safe_linear=0.02 right_ready=False right_done=False[0m
[self_driving-10] [0m[INFO] [1783003777.576946581] [self_driving]: [DEBUG_DRIVE] state=LINE_FOLLOW raw_lane_x=-1 lane_x=-1 filter=lost linear=0.32 angular=0.00 cw_y=0 right_done=False start_turn=True count_turn=0 traffic=None stop=False[0m
[self_driving-10] [33m[WARN] [1783003777.854563155] [self_driving]: [LANE_LOST] raw_lane_x=-1 lane_x=-1 filter=lost stop=False state=LINE_FOLLOW safe_linear=0.02 right_ready=False right_done=False[0m
[self_driving-10] [0m[INFO] [1783003777.908335359] [self_driving]: [IMAGE] received count=545 shape=(480, 640, 3) queue=0[0m
[self_driving-10] [0m[INFO] [1783003778.110352285] [self_driving]: [DEBUG_DRIVE] state=LINE_FOLLOW raw_lane_x=-1 lane_x=-1 filter=lost linear=0.32 angular=0.00 cw_y=0 right_done=False start_turn=True count_turn=0 traffic=None stop=False[0m
[self_driving-10] [33m[WARN] [1783003778.370736266] [self_driving]: [LANE_LOST] raw_lane_x=-1 lane_x=-1 filter=lost stop=False state=LINE_FOLLOW safe_linear=0.02 right_ready=False right_done=False[0m
[self_driving-10] [0m[INFO] [1783003778.643664618] [self_driving]: [DEBUG_DRIVE] state=LINE_FOLLOW raw_lane_x=-1 lane_x=-1 filter=lost linear=0.32 angular=0.00 cw_y=0 right_done=False start_turn=True count_turn=0 traffic=None stop=False[0m
[self_driving-10] [33m[WARN] [1783003778.901566155] [self_driving]: [LANE_LOST] raw_lane_x=-1 lane_x=-1 filter=lost stop=False state=LINE_FOLLOW safe_linear=0.02 right_ready=False right_done=False[0m
[self_driving-10] [0m[INFO] [1783003779.170192099] [self_driving]: [DEBUG_DRIVE] state=LINE_FOLLOW raw_lane_x=-1 lane_x=-1 filter=lost linear=0.32 angular=0.00 cw_y=0 right_done=False start_turn=True count_turn=0 traffic=None stop=False[0m
[self_driving-10] [33m[WARN] [1783003779.440745154] [self_driving]: [LANE_LOST] raw_lane_x=-1 lane_x=-1 filter=lost stop=False state=LINE_FOLLOW safe_linear=0.02 right_ready=False right_done=False[0m
[self_driving-10] [0m[INFO] [1783003779.706844988] [self_driving]: [DEBUG_DRIVE] state=LINE_FOLLOW raw_lane_x=-1 lane_x=-1 filter=lost linear=0.32 angular=0.00 cw_y=0 right_done=False start_turn=True count_turn=0 traffic=None stop=False[0m
[self_driving-10] [0m[INFO] [1783003779.922564524] [self_driving]: [IMAGE] received count=575 shape=(480, 640, 3) queue=0[0m
[self_driving-10] [33m[WARN] [1783003779.993361728] [self_driving]: [LANE_LOST] raw_lane_x=-1 lane_x=-1 filter=lost stop=False state=LINE_FOLLOW safe_linear=0.02 right_ready=False right_done=False[0m
[self_driving-10] [0m[INFO] [1783003780.270623987] [self_driving]: [DEBUG_DRIVE] state=LINE_FOLLOW raw_lane_x=-1 lane_x=-1 filter=lost linear=0.32 angular=0.00 cw_y=0 right_done=False start_turn=True count_turn=0 traffic=None stop=False[0m
[self_driving-10] [33m[WARN] [1783003780.530347672] [self_driving]: [LANE_LOST] raw_lane_x=-1 lane_x=-1 filter=lost stop=False state=LINE_FOLLOW safe_linear=0.02 right_ready=False right_done=False[0m
[self_driving-10] [0m[INFO] [1783003780.781801561] [self_driving]: [DEBUG_DRIVE] state=LINE_FOLLOW raw_lane_x=-1 lane_x=-1 filter=lost linear=0.32 angular=0.00 cw_y=0 right_done=False start_turn=True count_turn=0 traffic=None stop=False[0m
[self_driving-10] [33m[WARN] [1783003781.072947024] [self_driving]: [LANE_LOST] raw_lane_x=-1 lane_x=-1 filter=lost stop=False state=LINE_FOLLOW safe_linear=0.02 right_ready=False right_done=False[0m
[self_driving-10] [0m[INFO] [1783003781.341508190] [self_driving]: [DEBUG_DRIVE] state=LINE_FOLLOW raw_lane_x=-1 lane_x=-1 filter=lost linear=0.32 angular=0.00 cw_y=0 right_done=False start_turn=True count_turn=0 traffic=None stop=False[0m
[self_driving-10] [33m[WARN] [1783003781.592123135] [self_driving]: [LANE_LOST] raw_lane_x=-1 lane_x=-1 filter=lost stop=False state=LINE_FOLLOW safe_linear=0.02 right_ready=False right_done=False[0m
[self_driving-10] [0m[INFO] [1783003781.872442579] [self_driving]: [DEBUG_DRIVE] state=LINE_FOLLOW raw_lane_x=-1 lane_x=-1 filter=lost linear=0.32 angular=0.00 cw_y=0 right_done=False start_turn=True count_turn=0 traffic=None stop=False[0m
[self_driving-10] [0m[INFO] [1783003781.932017968] [self_driving]: [IMAGE] received count=605 shape=(480, 640, 3) queue=0[0m
[self_driving-10] [33m[WARN] [1783003782.094474264] [self_driving]: [LANE_LOST] raw_lane_x=-1 lane_x=-1 filter=lost stop=False state=LINE_FOLLOW safe_linear=0.02 right_ready=False right_done=False[0m
[self_driving-10] [0m[INFO] [1783003782.399573875] [self_driving]: [DEBUG_DRIVE] state=LINE_FOLLOW raw_lane_x=-1 lane_x=-1 filter=lost linear=0.32 angular=0.00 cw_y=0 right_done=False start_turn=True count_turn=0 traffic=None stop=False[0m
[self_driving-10] [33m[WARN] [1783003782.607023190] [self_driving]: [LANE_LOST] raw_lane_x=-1 lane_x=-1 filter=lost stop=False state=LINE_FOLLOW safe_linear=0.02 right_ready=False right_done=False[0m
[self_driving-10] [0m[INFO] [1783003782.928752578] [self_driving]: [DEBUG_DRIVE] state=LINE_FOLLOW raw_lane_x=-1 lane_x=-1 filter=lost linear=0.32 angular=0.00 cw_y=0 right_done=False start_turn=True count_turn=0 traffic=None stop=False[0m
[self_driving-10] [33m[WARN] [1783003783.144163986] [self_driving]: [LANE_LOST] raw_lane_x=-1 lane_x=-1 filter=lost stop=False state=LINE_FOLLOW safe_linear=0.02 right_ready=False right_done=False[0m
[self_driving-10] [0m[INFO] [1783003783.434496337] [self_driving]: [DEBUG_DRIVE] state=LINE_FOLLOW raw_lane_x=-1 lane_x=-1 filter=lost linear=0.32 angular=0.00 cw_y=0 right_done=False start_turn=True count_turn=0 traffic=None stop=False[0m
[self_driving-10] [33m[WARN] [1783003783.685850393] [self_driving]: [LANE_LOST] raw_lane_x=-1 lane_x=-1 filter=lost stop=False state=LINE_FOLLOW safe_linear=0.02 right_ready=False right_done=False[0m
[self_driving-10] [0m[INFO] [1783003783.948113263] [self_driving]: [IMAGE] received count=635 shape=(480, 640, 3) queue=0[0m
[self_driving-10] [0m[INFO] [1783003783.955727411] [self_driving]: [DEBUG_DRIVE] state=LINE_FOLLOW raw_lane_x=-1 lane_x=-1 filter=lost linear=0.32 angular=0.00 cw_y=0 right_done=False start_turn=True count_turn=0 traffic=None stop=False[0m
[self_driving-10] [33m[WARN] [1783003784.224702615] [self_driving]: [LANE_LOST] raw_lane_x=-1 lane_x=-1 filter=lost stop=False state=LINE_FOLLOW safe_linear=0.02 right_ready=False right_done=False[0m
[self_driving-10] [0m[INFO] [1783003784.500067411] [self_driving]: [DEBUG_DRIVE] state=LINE_FOLLOW raw_lane_x=-1 lane_x=-1 filter=lost linear=0.32 angular=0.00 cw_y=0 right_done=False start_turn=True count_turn=0 traffic=None stop=False[0m
[self_driving-10] [33m[WARN] [1783003784.751539855] [self_driving]: [LANE_LOST] raw_lane_x=-1 lane_x=-1 filter=lost stop=False state=LINE_FOLLOW safe_linear=0.02 right_ready=False right_done=False[0m
[self_driving-10] [0m[INFO] [1783003785.037027688] [self_driving]: [DEBUG_DRIVE] state=LINE_FOLLOW raw_lane_x=-1 lane_x=-1 filter=lost linear=0.32 angular=0.00 cw_y=0 right_done=False start_turn=True count_turn=0 traffic=None stop=False[0m
[self_driving-10] [33m[WARN] [1783003785.296507984] [self_driving]: [LANE_LOST] raw_lane_x=-1 lane_x=-1 filter=lost stop=False state=LINE_FOLLOW safe_linear=0.02 right_ready=False right_done=False[0m
[self_driving-10] [0m[INFO] [1783003785.575973540] [self_driving]: [DEBUG_DRIVE] state=LINE_FOLLOW raw_lane_x=-1 lane_x=-1 filter=lost linear=0.32 angular=0.00 cw_y=0 right_done=False start_turn=True count_turn=0 traffic=None stop=False[0m
[self_driving-10] [33m[WARN] [1783003785.837423206] [self_driving]: [LANE_LOST] raw_lane_x=-1 lane_x=-1 filter=lost stop=False state=LINE_FOLLOW safe_linear=0.02 right_ready=False right_done=False[0m
[self_driving-10] [0m[INFO] [1783003785.964034595] [self_driving]: [IMAGE] received count=665 shape=(480, 640, 3) queue=0[0m
[self_driving-10] [0m[INFO] [1783003786.094386669] [self_driving]: [DEBUG_DRIVE] state=LINE_FOLLOW raw_lane_x=-1 lane_x=-1 filter=lost linear=0.32 angular=0.00 cw_y=0 right_done=False start_turn=True count_turn=0 traffic=None stop=False[0m
[self_driving-10] [33m[WARN] [1783003786.366251817] [self_driving]: [LANE_LOST] raw_lane_x=-1 lane_x=-1 filter=lost stop=False state=LINE_FOLLOW safe_linear=0.02 right_ready=False right_done=False[0m
[self_driving-10] [0m[INFO] [1783003786.646303835] [self_driving]: [DEBUG_DRIVE] state=LINE_FOLLOW raw_lane_x=-1 lane_x=-1 filter=lost linear=0.32 angular=0.00 cw_y=0 right_done=False start_turn=True count_turn=0 traffic=None stop=False[0m
[self_driving-10] [33m[WARN] [1783003786.908252391] [self_driving]: [LANE_LOST] raw_lane_x=-1 lane_x=-1 filter=lost stop=False state=LINE_FOLLOW safe_linear=0.02 right_ready=False right_done=False[0m
[self_driving-10] [0m[INFO] [1783003787.177630483] [self_driving]: [DEBUG_DRIVE] state=LINE_FOLLOW raw_lane_x=-1 lane_x=-1 filter=lost linear=0.32 angular=0.00 cw_y=0 right_done=False start_turn=True count_turn=0 traffic=None stop=False[0m
[self_driving-10] [33m[WARN] [1783003787.450355464] [self_driving]: [LANE_LOST] raw_lane_x=-1 lane_x=-1 filter=lost stop=False state=LINE_FOLLOW safe_linear=0.02 right_ready=False right_done=False[0m
[self_driving-10] [0m[INFO] [1783003787.714925501] [self_driving]: [DEBUG_DRIVE] state=LINE_FOLLOW raw_lane_x=-1 lane_x=-1 filter=lost linear=0.32 angular=0.00 cw_y=0 right_done=False start_turn=True count_turn=0 traffic=None stop=False[0m
[self_driving-10] [0m[INFO] [1783003787.976411612] [self_driving]: [IMAGE] received count=695 shape=(480, 640, 3) queue=0[0m
[self_driving-10] [33m[WARN] [1783003787.986954538] [self_driving]: [LANE_LOST] raw_lane_x=-1 lane_x=-1 filter=lost stop=False state=LINE_FOLLOW safe_linear=0.02 right_ready=False right_done=False[0m
[self_driving-10] [0m[INFO] [1783003788.246830038] [self_driving]: [DEBUG_DRIVE] state=LINE_FOLLOW raw_lane_x=-1 lane_x=-1 filter=lost linear=0.32 angular=0.00 cw_y=0 right_done=False start_turn=True count_turn=0 traffic=None stop=False[0m
[self_driving-10] [33m[WARN] [1783003788.524690427] [self_driving]: [LANE_LOST] raw_lane_x=-1 lane_x=-1 filter=lost stop=False state=LINE_FOLLOW safe_linear=0.02 right_ready=False right_done=False[0m
