[INFO] [launch]: All log files can be found below /home/ubuntu/.ros/log/2026-07-02-20-53-02-784609-raspberrypi-234547
[INFO] [launch]: Default logging verbosity is set to INFO
[INFO] [ascamera_node-1]: process started with pid [234563]
[INFO] [static_transform_publisher-2]: process started with pid [234565]
[INFO] [static_transform_publisher-3]: process started with pid [234567]
[INFO] [joint_state_publisher-4]: process started with pid [234569]
[INFO] [robot_state_publisher-5]: process started with pid [234571]
[INFO] [ros_robot_controller-6]: process started with pid [234574]
[INFO] [odom_publisher-7]: process started with pid [234580]
[INFO] [ekf_node-8]: process started with pid [234590]
[INFO] [yolo_detect-9]: process started with pid [234595]
[INFO] [self_driving-10]: process started with pid [234599]
[static_transform_publisher-2] [33m[WARN] [1783025583.508039364] []: Old-style arguments are deprecated; see --help for new-style arguments[0m
[static_transform_publisher-3] [33m[WARN] [1783025583.513985975] []: Old-style arguments are deprecated; see --help for new-style arguments[0m
[static_transform_publisher-2] [0m[INFO] [1783025583.548088345] [static_transform_publisher_TBqmUQOZZDaqs2kD]: Spinning until stopped - publishing transform
[static_transform_publisher-2] translation: ('0.000000', '0.000000', '0.000000')
[static_transform_publisher-2] rotation: ('-0.500000', '0.499602', '-0.500000', '0.500398')
[static_transform_publisher-2] from 'depth_cam' to 'ascamera_camera_link_0'[0m
[static_transform_publisher-3] [0m[INFO] [1783025583.548485327] [static_transform_publisher_yFybdoZZc3tV8FVD]: Spinning until stopped - publishing transform
[static_transform_publisher-3] translation: ('0.000000', '0.000000', '0.000000')
[static_transform_publisher-3] rotation: ('-0.500000', '0.499602', '-0.500000', '0.500398')
[static_transform_publisher-3] from 'depth_cam' to 'ascamera_color_0'[0m
[ascamera_node-1] [0m[INFO] [1783025583.566514975] [as_logger]: hello world angstrong camera ros2 node[0m
[robot_state_publisher-5] [0m[INFO] [1783025583.639688975] [robot_state_publisher]: got segment base_footprint[0m
[robot_state_publisher-5] [0m[INFO] [1783025583.639850975] [robot_state_publisher]: got segment base_link[0m
[robot_state_publisher-5] [0m[INFO] [1783025583.639872938] [robot_state_publisher]: got segment depth_cam[0m
[robot_state_publisher-5] [0m[INFO] [1783025583.639886512] [robot_state_publisher]: got segment imu_link[0m
[robot_state_publisher-5] [0m[INFO] [1783025583.639897605] [robot_state_publisher]: got segment lidar_frame[0m
[robot_state_publisher-5] [0m[INFO] [1783025583.639908345] [robot_state_publisher]: got segment wheel_lb_Link[0m
[robot_state_publisher-5] [0m[INFO] [1783025583.639919049] [robot_state_publisher]: got segment wheel_lf_Link[0m
[robot_state_publisher-5] [0m[INFO] [1783025583.639928401] [robot_state_publisher]: got segment wheel_rb_Link[0m
[robot_state_publisher-5] [0m[INFO] [1783025583.639937494] [robot_state_publisher]: got segment wheel_rf_Link[0m
[ascamera_node-1] 2026-07-02 20:53:03[INFO] [CameraPublisher.cpp] [1558] [printLaunchParams] get depth_width 640
[ascamera_node-1] 2026-07-02 20:53:03[INFO] [CameraPublisher.cpp] [1559] [printLaunchParams] get depth_height 480
[ascamera_node-1] 2026-07-02 20:53:03[INFO] [CameraPublisher.cpp] [1561] [printLaunchParams] get rgb_width 640
[ascamera_node-1] 2026-07-02 20:53:03[INFO] [CameraPublisher.cpp] [1562] [printLaunchParams] get rgb_height 480
[ascamera_node-1] 2026-07-02 20:53:03[INFO] [CameraPublisher.cpp] [1570] [printLaunchParams] get set_fps 15
[ascamera_node-1] 2026-07-02 20:53:03[INFO] [CameraPublisher.cpp] [1578] [printLaunchParams] get color_pcl 1
[ascamera_node-1] 2026-07-02 20:53:03[INFO] [CameraPublisher.cpp] [1582] [printLaunchParams] get pub_tfTree 1
[ascamera_node-1] 2026-07-02 20:53:03[INFO] [CameraSrv.cpp] [35] [CameraSrv] Angstrong camera server
[ascamera_node-1] 2026-07-02 20:53:03[INFO] [CameraSrv.cpp] [45] [CameraSrv] Angstrong camera sdk version:v1.2.22.20240516
[joint_state_publisher-4] [0m[INFO] [1783025584.298368493] [joint_state_publisher]: Waiting for robot_description to be published on the robot_description topic...[0m
[odom_publisher-7] [0m[INFO] [1783025584.451562104] [odom_publisher]: [1;32m0.930000 1.010000[0m[0m
[odom_publisher-7] [0m[INFO] [1783025584.464679067] [odom_publisher]: [1;32mstart[0m[0m
[ascamera_node-1] 2026-07-02 20:53:04[INFO] [CameraSrv.cpp] [114] [onAttached] attached
[ascamera_node-1] 2026-07-02 20:53:04[INFO] [CameraSrv.cpp] [145] [onAttached] this is a new attach device, create and open it
[ros_robot_controller-6] [0m[INFO] [1783025584.955675937] [ros_robot_controller]: 已设置舵机 1 的偏移量为 0[0m
[ros_robot_controller-6] [0m[INFO] [1783025584.957509715] [ros_robot_controller]: 已设置舵机 2 的偏移量为 0[0m
[ros_robot_controller-6] [0m[INFO] [1783025584.958476067] [ros_robot_controller]: 已设置舵机 3 的偏移量为 4[0m
[ros_robot_controller-6] [0m[INFO] [1783025584.959505789] [ros_robot_controller]: 已设置舵机 4 的偏移量为 0[0m
[ros_robot_controller-6] [0m[INFO] [1783025584.964059178] [ros_robot_controller]: [1;32mstart[0m[0m
[self_driving-10] [0m[INFO] [1783025585.161118252] [self_driving]: [INIT] init_process started[0m
[self_driving-10] [0m[INFO] [1783025585.162327048] [self_driving]: [INIT] only_line_follow=False[0m
[self_driving-10] [0m[INFO] [1783025585.162819011] [self_driving]: [INIT] request /yolov5/start[0m
[ascamera_node-1] 2026-07-02 20:53:05[INFO] [CameraSrv.cpp] [154] [onAttached] get model type 9
[ascamera_node-1] 2026-07-02 20:53:05[INFO] [CameraSrv.cpp] [342] [getConfigFile] get file: /home/ubuntu/third_party_ros2/third_party_ws/src/ascamera/configurationfiles/hp60c_v2_00_20230704_configEncrypt.json
[ascamera_node-1] 2026-07-02 20:53:05[INFO] [CameraPublisher.cpp] [1501] [logCameraPathInfo] usb camera
[ascamera_node-1] 2026-07-02 20:53:05[INFO] [CameraPublisher.cpp] [1502] [logCameraPathInfo] bnum:1
[ascamera_node-1] 2026-07-02 20:53:05[INFO] [CameraPublisher.cpp] [1503] [logCameraPathInfo] dnum:3
[ascamera_node-1] 2026-07-02 20:53:05[INFO] [CameraPublisher.cpp] [1504] [logCameraPathInfo] port_numbers:2
[ascamera_node-1] 2026-07-02 20:53:05[INFO] [CameraPublisher.cpp] [171] [onCameraAttached] create a new publisher info set
[ascamera_node-1] 2026-07-02 20:53:05[INFO] [TfTreeFrameIdInfo.cpp] [11] [TfTreeFrameIdInfo] Namespace /ascamera
[ascamera_node-1] 2026-07-02 20:53:05[INFO] [CameraHp60c.cpp] [128] [open] according to the configuration file.
[ascamera_node-1] 2026-07-02 20:53:05[INFO] [CameraHp60c.cpp] [1528] [parseConfigFileParameter] moduleName:AS_CAM_HP60C
[ascamera_node-1] 2026-07-02 20:53:05[INFO] [CameraHp60c.cpp] [1555] [parseConfigFileParameter] Parsing config file /home/ubuntu/third_party_ros2/third_party_ws/src/ascamera/configurationfiles/hp60c_v2_00_20230704_configEncrypt.json
[ascamera_node-1] 2026-07-02 20:53:05[INFO] [CameraHp60c.cpp] [1620] [parseConfigFileParameter] configuration protocol Version: v2.x
[ascamera_node-1] 2026-07-02 20:53:05[INFO] [CameraHp60c.cpp] [1631] [parseConfigFileParameter] configuration Version: v2.0.0.20230704
[ascamera_node-1] 2026-07-02 20:53:05[INFO] [CameraHp60c.cpp] [1796] [setParamersAfterOpenCam] Camera confiParaEnable true, setting configuration parameter
[ascamera_node-1] 2026-07-02 20:53:07[ERROR] [XuCmdCameraHp60c.cpp] [454] [getMjpegSize] get mjpeg from xu command failed
[ascamera_node-1] 2026-07-02 20:53:07[INFO] [XuCmdCameraHp60c.cpp] [458] [getMjpegSize] mjpeg size:640x480
[ascamera_node-1] 2026-07-02 20:53:07[INFO] [CameraPublisher.cpp] [356] [onCameraOpen] camera opened
[ascamera_node-1] 2026-07-02 20:53:07[INFO] [CameraPublisher.cpp] [370] [onCameraOpen] get config info, ret 0, is_Registration 1
[ascamera_node-1] 2026-07-02 20:53:07[INFO] [Camera.cpp] [61] [init] #camera[0x55560b89e710] SN[ASC60CF08000515]'s firmware version:DLS_VERc20865=:V01.09_2024110714:V01.19_2024110714:L01
[ascamera_node-1] 2026-07-02 20:53:07[INFO] [CameraPublisher.cpp] [1183] [setResolution] set depth resolution: 640 x 480 @ 15fps
[ascamera_node-1] 2026-07-02 20:53:07[INFO] [CameraPublisher.cpp] [1197] [setResolution] set rgb resolution: 640 x 480 @ 15fps
[ascamera_node-1] 2026-07-02 20:53:07[INFO] [CameraHp60c.cpp] [260] [startStreaming] start streaming
[ascamera_node-1] 2026-07-02 20:53:07[INFO] [CameraSrv.cpp] [202] [onAttached] attached end
[self_driving-10] [33m[WARN] [1783025587.166286973] [self_driving]: [YOLO_SERVICE] service not ready, continue without blocking[0m
[self_driving-10] [0m[INFO] [1783025587.667572065] [self_driving]: [INIT] enter + set_running start[0m
[self_driving-10] [0m[INFO] [1783025587.668319899] [self_driving]: [1;32mself driving enter[0m[0m
[self_driving-10] [0m[INFO] [1783025587.678324102] [self_driving]: [SUB] image=/ascamera/camera_publisher/rgb0/image object=/yolov5_ros2/object_detect[0m
[self_driving-10] [0m[INFO] [1783025587.679353991] [self_driving]: [1;32mset_running[0m[0m
[self_driving-10] [0m[INFO] [1783025587.683181158] [self_driving]: [1;32m[START] hybrid self_driving ready: WAIT_START, press button to LINE_FOLLOW[0m[0m
[ascamera_node-1] 2026-07-02 20:53:08[WARN] [CameraHp60c.cpp] [785] [processRawData] wrong size, read :16192,but framesize:3737836775
[ascamera_node-1] 2026-07-02 20:53:08[WARN] [CameraHp60c.cpp] [785] [processRawData] wrong size, read :16224,but framesize:4256235246
[ascamera_node-1] 2026-07-02 20:53:08[INFO] [CameraHp60c.cpp] [912] [setInternalParameter] mjpeg info: size(640x480)
[INFO] [apply_calib-11]: process started with pid [234748]
[INFO] [complementary_filter_node-12]: process started with pid [234750]
[apply_calib-11] [0m[INFO] [1783025588.900749990] [imu_calib]: Calibrating gyros; do not move the IMU[0m
[complementary_filter_node-12] [0m[INFO] [1783025588.904646046] [imu_filter]: Starting ComplementaryFilterROS[0m
[ascamera_node-1] 2026-07-02 20:53:09[INFO] [Camera.cpp] [127] [backgroundThread] SN [ ASC60CF08000515 ]'s parameter:
[ascamera_node-1] 2026-07-02 20:53:09[INFO] [Camera.cpp] [128] [backgroundThread] irfx: 426.962
[ascamera_node-1] 2026-07-02 20:53:09[INFO] [Camera.cpp] [129] [backgroundThread] irfy: 426.374
[ascamera_node-1] 2026-07-02 20:53:09[INFO] [Camera.cpp] [130] [backgroundThread] ircx: 315.403
[ascamera_node-1] 2026-07-02 20:53:09[INFO] [Camera.cpp] [131] [backgroundThread] ircy: 240.933
[ascamera_node-1] 2026-07-02 20:53:09[INFO] [Camera.cpp] [132] [backgroundThread] rgbfx: 570.48
[ascamera_node-1] 2026-07-02 20:53:09[INFO] [Camera.cpp] [133] [backgroundThread] rgbfy: 569.949
[ascamera_node-1] 2026-07-02 20:53:09[INFO] [Camera.cpp] [134] [backgroundThread] rgbcx: 329.75
[ascamera_node-1] 2026-07-02 20:53:09[INFO] [Camera.cpp] [135] [backgroundThread] rgbcy: 238.406
[ascamera_node-1] 
[ascamera_node-1] 2026-07-02 20:53:09[INFO] [CameraHp60c.cpp] [1149] [streamCallback] set gain ret 0, gain 4
[self_driving-10] [0m[INFO] [1783025589.220530935] [self_driving]: [IMAGE] received count=1 shape=(480, 640, 3) queue=0[0m
[self_driving-10] [0m[INFO] [1783025589.223536287] [self_driving]: [WAIT_START] waiting for physical button /ros_robot_controller/button[0m
[self_driving-10] [0m[INFO] [1783025589.771872138] [self_driving]: [WAIT_START] waiting for physical button /ros_robot_controller/button[0m
[self_driving-10] [0m[INFO] [1783025590.330416397] [self_driving]: [WAIT_START] waiting for physical button /ros_robot_controller/button[0m
[yolo_detect-9] [0m[INFO] [1783025590.467674712] [yolov5_ros2]: Current ROS 2 distribution: humble[0m
[self_driving-10] [0m[INFO] [1783025590.869497971] [self_driving]: [WAIT_START] waiting for physical button /ros_robot_controller/button[0m
[apply_calib-11] [0m[INFO] [1783025590.933963823] [imu_calib]: Gyro calibration complete! (bias = [0.101, 0.057, -0.111])[0m
[self_driving-10] [0m[INFO] [1783025591.272945211] [self_driving]: [IMAGE] received count=30 shape=(480, 640, 3) queue=0[0m
[self_driving-10] [0m[INFO] [1783025591.416491489] [self_driving]: [WAIT_START] waiting for physical button /ros_robot_controller/button[0m
[self_driving-10] [0m[INFO] [1783025591.961685637] [self_driving]: [WAIT_START] waiting for physical button /ros_robot_controller/button[0m
[self_driving-10] [0m[INFO] [1783025592.372895081] [self_driving]: [OBJECTS] msg_count=1 n=1 names=['crosswalk'][0m
[self_driving-10] [0m[INFO] [1783025592.503163396] [self_driving]: [WAIT_START] waiting for physical button /ros_robot_controller/button[0m
[self_driving-10] [0m[INFO] [1783025593.035263488] [self_driving]: [WAIT_START] waiting for physical button /ros_robot_controller/button[0m
[self_driving-10] [0m[INFO] [1783025593.300130525] [self_driving]: [IMAGE] received count=60 shape=(480, 640, 3) queue=0[0m
[self_driving-10] [0m[INFO] [1783025593.565070728] [self_driving]: [WAIT_START] waiting for physical button /ros_robot_controller/button[0m
[self_driving-10] [0m[INFO] [1783025594.117546598] [self_driving]: [WAIT_START] waiting for physical button /ros_robot_controller/button[0m
[self_driving-10] [0m[INFO] [1783025594.661174357] [self_driving]: [WAIT_START] waiting for physical button /ros_robot_controller/button[0m
[self_driving-10] [0m[INFO] [1783025595.178638264] [self_driving]: [WAIT_START] waiting for physical button /ros_robot_controller/button[0m
[self_driving-10] [0m[INFO] [1783025595.236580135] [self_driving]: [OBJECTS] msg_count=2 n=1 names=['crosswalk'][0m
[self_driving-10] [0m[INFO] [1783025595.317347061] [self_driving]: [IMAGE] received count=90 shape=(480, 640, 3) queue=0[0m
[self_driving-10] [0m[INFO] [1783025595.728519172] [self_driving]: [WAIT_START] waiting for physical button /ros_robot_controller/button[0m
[self_driving-10] [0m[INFO] [1783025596.202753690] [self_driving]: [OBJECTS] msg_count=3 n=1 names=['crosswalk'][0m
[self_driving-10] [0m[INFO] [1783025596.203723912] [self_driving]: [CW_CANDIDATE] name=crosswalkcx=320 y2=480 area=52480 score=0.89 [0m
[self_driving-10] [0m[INFO] [1783025596.269056023] [self_driving]: [WAIT_START] waiting for physical button /ros_robot_controller/button[0m
[self_driving-10] [0m[INFO] [1783025596.517460078] [self_driving]: [CW_CANDIDATE] name=crosswalkcx=320 y2=480 area=53760 score=0.92 [0m
[self_driving-10] [0m[INFO] [1783025596.567725208] [self_driving]: [BUTTON] pressed: ros_robot_controller_msgs.msg.ButtonState(id=1, state=1)[0m
[self_driving-10] [0m[INFO] [1783025596.577638023] [self_driving]: [1;36m[FSM] WAIT_START -> LINE_FOLLOW[0m[0m
[self_driving-10] [33m[WARN] [1783025596.794425763] [self_driving]: [IMAGE] queue full -> drop oldest frame[0m
[self_driving-10] [0m[INFO] [1783025596.800799504] [self_driving]: [DEBUG_DRIVE] state=LINE_FOLLOW raw_lane_x=42.0 lane_x=42.0 filter=init linear=0.32 angular=0.10 cw_y=480 right_done=False start_turn=False count_turn=0 traffic=None stop=False[0m
[self_driving-10] [0m[INFO] [1783025596.839842597] [self_driving]: [CROSSWALK_SLOW] y=480 th=180 confirm=3[0m
[self_driving-10] [0m[INFO] [1783025596.841758171] [self_driving]: [CW_STAGE 2] 정지선 앞 완전 정지! elapsed=0.00s[0m
[self_driving-10] [0m[INFO] [1783025596.870156430] [self_driving]: [CW_STAGE 2] 정지선 앞 완전 정지! elapsed=0.03s[0m
[self_driving-10] [0m[INFO] [1783025596.931513949] [self_driving]: [CW_STAGE 2] 정지선 앞 완전 정지! elapsed=0.09s[0m
[self_driving-10] [0m[INFO] [1783025596.945873263] [self_driving]: [OBJECTS] msg_count=5 n=1 names=['crosswalk'][0m
[self_driving-10] [0m[INFO] [1783025596.946539541] [self_driving]: [CW_CANDIDATE] name=crosswalkcx=325 y2=480 area=58497 score=0.93 [0m
[self_driving-10] [0m[INFO] [1783025597.000851837] [self_driving]: [CW_STAGE 2] 정지선 앞 완전 정지! elapsed=0.16s[0m
[self_driving-10] [0m[INFO] [1783025597.061112097] [self_driving]: [CW_STAGE 2] 정지선 앞 완전 정지! elapsed=0.22s[0m
[self_driving-10] [0m[INFO] [1783025597.135408726] [self_driving]: [CW_STAGE 2] 정지선 앞 완전 정지! elapsed=0.30s[0m
[self_driving-10] [0m[INFO] [1783025597.201740430] [self_driving]: [CW_STAGE 2] 정지선 앞 완전 정지! elapsed=0.36s[0m
[self_driving-10] [0m[INFO] [1783025597.266604356] [self_driving]: [CW_STAGE 2] 정지선 앞 완전 정지! elapsed=0.43s[0m
[self_driving-10] [0m[INFO] [1783025597.292354874] [self_driving]: [CW_CANDIDATE] name=crosswalkcx=326 y2=480 area=59032 score=0.93 [0m
[self_driving-10] [0m[INFO] [1783025597.335013467] [self_driving]: [IMAGE] received count=120 shape=(480, 640, 3) queue=0[0m
[self_driving-10] [0m[INFO] [1783025597.342146337] [self_driving]: [CW_STAGE 2] 정지선 앞 완전 정지! elapsed=0.50s[0m
[self_driving-10] [0m[INFO] [1783025597.422377411] [self_driving]: [CW_STAGE 2] 정지선 앞 완전 정지! elapsed=0.58s[0m
[self_driving-10] [0m[INFO] [1783025597.480882856] [self_driving]: [CW_STAGE 2] 정지선 앞 완전 정지! elapsed=0.64s[0m
[self_driving-10] [0m[INFO] [1783025597.536206226] [self_driving]: [CW_STAGE 2] 정지선 앞 완전 정지! elapsed=0.70s[0m
[self_driving-10] [0m[INFO] [1783025597.608166541] [self_driving]: [CW_STAGE 2] 정지선 앞 완전 정지! elapsed=0.77s[0m
[self_driving-10] [0m[INFO] [1783025597.669024504] [self_driving]: [OBJECTS] msg_count=7 n=1 names=['crosswalk'][0m
[self_driving-10] [0m[INFO] [1783025597.682081615] [self_driving]: [CW_CANDIDATE] name=crosswalkcx=328 y2=480 area=58562 score=0.93 [0m
[self_driving-10] [0m[INFO] [1783025597.686266319] [self_driving]: [CW_STAGE 2] 정지선 앞 완전 정지! elapsed=0.84s[0m
[self_driving-10] [0m[INFO] [1783025597.746505633] [self_driving]: [CW_STAGE 2] 정지선 앞 완전 정지! elapsed=0.91s[0m
[self_driving-10] [0m[INFO] [1783025597.800543541] [self_driving]: [CW_STAGE 2] 정지선 앞 완전 정지! elapsed=0.96s[0m
[self_driving-10] [0m[INFO] [1783025597.878655152] [self_driving]: [CW_STAGE 2] 정지선 앞 완전 정지! elapsed=1.04s[0m
[self_driving-10] [0m[INFO] [1783025597.947057744] [self_driving]: [CW_STAGE 2] 정지선 앞 완전 정지! elapsed=1.11s[0m
[self_driving-10] [0m[INFO] [1783025597.994854281] [self_driving]: [CW_CANDIDATE] name=crosswalkcx=320 y2=479 area=37120 score=0.79 [0m
[self_driving-10] [0m[INFO] [1783025598.022361226] [self_driving]: [CW_STAGE 2] 정지선 앞 완전 정지! elapsed=1.18s[0m
[self_driving-10] [0m[INFO] [1783025598.082813892] [self_driving]: [CW_STAGE 2] 정지선 앞 완전 정지! elapsed=1.24s[0m
[self_driving-10] [0m[INFO] [1783025598.139948522] [self_driving]: [CW_STAGE 2] 정지선 앞 완전 정지! elapsed=1.30s[0m
[self_driving-10] [0m[INFO] [1783025598.205262318] [self_driving]: [CW_STAGE 2] 정지선 앞 완전 정지! elapsed=1.36s[0m
[self_driving-10] [0m[INFO] [1783025598.270143152] [self_driving]: [CW_STAGE 3] 미션 완료 -> 정상 속도 회복 및 6초 락 가동[0m
[self_driving-10] [0m[INFO] [1783025598.271053022] [self_driving]: [DEBUG_DRIVE] state=LINE_FOLLOW raw_lane_x=32.5 lane_x=32.5 filter=stable linear=0.32 angular=0.10 cw_y=479 right_done=False start_turn=False count_turn=0 traffic=None stop=False[0m
[self_driving-10] [0m[INFO] [1783025598.356421577] [self_driving]: [OBJECTS] msg_count=9 n=1 names=['crosswalk'][0m
[self_driving-10] [0m[INFO] [1783025598.357145207] [self_driving]: [CW_CANDIDATE] name=crosswalkcx=322 y2=480 area=44450 score=0.85 [0m
[self_driving-10] [0m[INFO] [1783025598.690007948] [self_driving]: [CW_CANDIDATE] name=crosswalkcx=323 y2=480 area=43112 score=0.85 [0m
[self_driving-10] [0m[INFO] [1783025598.810621929] [self_driving]: [DEBUG_DRIVE] state=LINE_FOLLOW raw_lane_x=37.5 lane_x=37.5 filter=stable linear=0.32 angular=0.10 cw_y=480 right_done=False start_turn=False count_turn=0 traffic=None stop=False[0m
[self_driving-10] [0m[INFO] [1783025599.026119614] [self_driving]: [OBJECTS] msg_count=11 n=1 names=['crosswalk'][0m
[self_driving-10] [0m[INFO] [1783025599.027059244] [self_driving]: [CW_CANDIDATE] name=crosswalkcx=322 y2=480 area=43180 score=0.84 [0m
[self_driving-10] [0m[INFO] [1783025599.342431521] [self_driving]: [DEBUG_DRIVE] state=LINE_FOLLOW raw_lane_x=68.5 lane_x=68.5 filter=stable linear=0.32 angular=0.10 cw_y=0 right_done=False start_turn=False count_turn=0 traffic=None stop=False[0m
[self_driving-10] [0m[INFO] [1783025599.361097243] [self_driving]: [CW_CANDIDATE] name=crosswalkcx=320 y2=480 area=41600 score=0.79 [0m
[self_driving-10] [0m[INFO] [1783025599.364087632] [self_driving]: [CW_CANDIDATE] name=crosswalkcx=164 y2=373 area=1296 score=0.57 [0m
[self_driving-10] [0m[INFO] [1783025599.423012484] [self_driving]: [IMAGE] received count=151 shape=(480, 640, 3) queue=0[0m
[self_driving-10] [0m[INFO] [1783025599.842490799] [self_driving]: [DEBUG_DRIVE] state=LINE_FOLLOW raw_lane_x=106.0 lane_x=106.0 filter=stable linear=0.32 angular=0.10 cw_y=373 right_done=False start_turn=False count_turn=0 traffic=None stop=False[0m
[self_driving-10] [0m[INFO] [1783025600.358227521] [self_driving]: [DEBUG_DRIVE] state=LINE_FOLLOW raw_lane_x=157.5 lane_x=157.5 filter=stable linear=0.32 angular=-0.10 cw_y=373 right_done=False start_turn=False count_turn=0 traffic=None stop=False[0m
[self_driving-10] [33m[WARN] [1783025600.828705835] [self_driving]: [LANE_X_JUMP_REJECT] raw=136.0 last=277.0 diff=141.0 candidate=136.0 cnt=1/4[0m
[self_driving-10] [0m[INFO] [1783025600.898873613] [self_driving]: [DEBUG_DRIVE] state=LINE_FOLLOW raw_lane_x=179.5 lane_x=277.0 filter=jump_reject linear=0.32 angular=-0.70 cw_y=373 right_done=False start_turn=True count_turn=0 traffic=None stop=False[0m
[self_driving-10] [0m[INFO] [1783025601.436834020] [self_driving]: [IMAGE] received count=181 shape=(480, 640, 3) queue=0[0m
[self_driving-10] [0m[INFO] [1783025601.448014261] [self_driving]: [DEBUG_DRIVE] state=LINE_FOLLOW raw_lane_x=-1 lane_x=282.0 filter=hold_last linear=0.32 angular=-0.70 cw_y=373 right_done=False start_turn=True count_turn=8 traffic=None stop=False[0m
[self_driving-10] [33m[WARN] [1783025601.712707112] [self_driving]: [LANE_LOST] raw_lane_x=-1 lane_x=-1 filter=lost stop=False state=LINE_FOLLOW safe_linear=0.02 right_ready=False right_done=False[0m
[self_driving-10] [0m[INFO] [1783025601.967040723] [self_driving]: [DEBUG_DRIVE] state=LINE_FOLLOW raw_lane_x=-1 lane_x=-1 filter=lost linear=0.32 angular=0.00 cw_y=373 right_done=False start_turn=True count_turn=11 traffic=None stop=False[0m
[self_driving-10] [33m[WARN] [1783025602.246185149] [self_driving]: [LANE_LOST] raw_lane_x=-1 lane_x=-1 filter=lost stop=False state=LINE_FOLLOW safe_linear=0.02 right_ready=False right_done=False[0m
[self_driving-10] [0m[INFO] [1783025602.510521223] [self_driving]: [DEBUG_DRIVE] state=LINE_FOLLOW raw_lane_x=-1 lane_x=-1 filter=lost linear=0.32 angular=0.00 cw_y=373 right_done=False start_turn=True count_turn=11 traffic=None stop=False[0m
[self_driving-10] [33m[WARN] [1783025602.776294649] [self_driving]: [LANE_LOST] raw_lane_x=-1 lane_x=-1 filter=lost stop=False state=LINE_FOLLOW safe_linear=0.02 right_ready=False right_done=False[0m
[self_driving-10] [0m[INFO] [1783025603.054903871] [self_driving]: [DEBUG_DRIVE] state=LINE_FOLLOW raw_lane_x=-1 lane_x=-1 filter=lost linear=0.32 angular=0.00 cw_y=373 right_done=False start_turn=True count_turn=11 traffic=None stop=False[0m
[self_driving-10] [0m[INFO] [1783025603.439802852] [self_driving]: [IMAGE] received count=211 shape=(480, 640, 3) queue=0[0m
[self_driving-10] [0m[INFO] [1783025603.597159296] [self_driving]: [DEBUG_DRIVE] state=LINE_FOLLOW raw_lane_x=218.0 lane_x=218.0 filter=stable linear=0.32 angular=0.00 cw_y=373 right_done=False start_turn=True count_turn=0 traffic=None stop=False[0m
[self_driving-10] [0m[INFO] [1783025604.127033629] [self_driving]: [DEBUG_DRIVE] state=LINE_FOLLOW raw_lane_x=132.5 lane_x=132.5 filter=stable linear=0.32 angular=0.00 cw_y=373 right_done=False start_turn=True count_turn=0 traffic=None stop=False[0m
[self_driving-10] [0m[INFO] [1783025604.173248259] [self_driving]: [OBJECTS] msg_count=15 n=1 names=['right'][0m
[self_driving-10] [0m[INFO] [1783025604.174128741] [self_driving]: [RIGHT_CANDIDATE] valid=False reject=['small_area'] cnt=0 cx=468 cy=96 area=550 score=0.60 done=False[0m
[self_driving-10] [0m[INFO] [1783025604.515114648] [self_driving]: [CW_CANDIDATE] name=crosswalkcx=409 y2=157 area=1341 score=0.74 [0m
[self_driving-10] [0m[INFO] [1783025604.527768889] [self_driving]: [RIGHT_CANDIDATE] valid=False reject=['low_score', 'small_area'] cnt=0 cx=278 cy=97 area=702 score=0.31 done=False[0m
[self_driving-10] [0m[INFO] [1783025604.654405092] [self_driving]: [DEBUG_DRIVE] state=LINE_FOLLOW raw_lane_x=110.5 lane_x=110.5 filter=stable linear=0.32 angular=0.00 cw_y=0 right_done=False start_turn=True count_turn=0 traffic=None stop=False[0m
[self_driving-10] [0m[INFO] [1783025604.868528907] [self_driving]: [OBJECTS] msg_count=18 n=1 names=['right'][0m
[self_driving-10] [0m[INFO] [1783025604.869213536] [self_driving]: [RIGHT_CANDIDATE] valid=False reject=['small_area'] cnt=0 cx=204 cy=94 area=936 score=0.85 done=False[0m
[self_driving-10] [0m[INFO] [1783025604.872014518] [self_driving]: [CW_CANDIDATE] name=crosswalkcx=350 y2=161 area=1232 score=0.80 [0m
[self_driving-10] [0m[INFO] [1783025604.876479722] [self_driving]: [CW_CANDIDATE] name=crosswalkcx=415 y2=202 area=5256 score=0.78 [0m
[self_driving-10] [0m[INFO] [1783025605.192573907] [self_driving]: [DEBUG_DRIVE] state=LINE_FOLLOW raw_lane_x=105.0 lane_x=105.0 filter=stable linear=0.32 angular=0.10 cw_y=202 right_done=False start_turn=False count_turn=0 traffic=None stop=False[0m
[self_driving-10] [0m[INFO] [1783025605.202818777] [self_driving]: [CW_CANDIDATE] name=crosswalkcx=432 y2=221 area=8027 score=0.86 [0m
[self_driving-10] [0m[INFO] [1783025605.205569981] [self_driving]: [RIGHT_CANDIDATE] valid=False reject=['small_area'] cnt=0 cx=189 cy=92 area=1160 score=0.85 done=False[0m
[self_driving-10] [0m[INFO] [1783025605.208395666] [self_driving]: [CW_CANDIDATE] name=crosswalkcx=360 y2=165 area=1416 score=0.71 [0m
[self_driving-10] [0m[INFO] [1783025605.452357777] [self_driving]: [IMAGE] received count=241 shape=(480, 640, 3) queue=0[0m
[self_driving-10] [0m[INFO] [1783025605.545575758] [self_driving]: [OBJECTS] msg_count=24 n=1 names=['crosswalk'][0m
[self_driving-10] [0m[INFO] [1783025605.546090647] [self_driving]: [CW_CANDIDATE] name=crosswalkcx=439 y2=250 area=14148 score=0.89 [0m
[self_driving-10] [0m[INFO] [1783025605.551724906] [self_driving]: [CW_CANDIDATE] name=crosswalkcx=362 y2=171 area=1782 score=0.79 [0m
[self_driving-10] [0m[INFO] [1783025605.742657369] [self_driving]: [CROSSWALK_IGNORE] y=171 < th=180[0m
[self_driving-10] [0m[INFO] [1783025605.744043258] [self_driving]: [DEBUG_DRIVE] state=LINE_FOLLOW raw_lane_x=137.5 lane_x=137.5 filter=stable linear=0.32 angular=-0.10 cw_y=171 right_done=False start_turn=False count_turn=0 traffic=None stop=False[0m
[self_driving-10] [0m[INFO] [1783025605.913842962] [self_driving]: [CW_CANDIDATE] name=crosswalkcx=432 y2=293 area=20750 score=0.90 [0m
[self_driving-10] [0m[INFO] [1783025605.924182110] [self_driving]: [CW_CANDIDATE] name=crosswalkcx=370 y2=178 area=2453 score=0.82 [0m
[self_driving-10] [0m[INFO] [1783025606.260606443] [self_driving]: [OBJECTS] msg_count=28 n=1 names=['right'][0m
[self_driving-10] [0m[INFO] [1783025606.263824017] [self_driving]: [RIGHT_CANDIDATE] valid=True reject=[] cnt=0 cx=131 cy=83 area=2610 score=0.88 done=False[0m
[self_driving-10] [0m[INFO] [1783025606.264244406] [self_driving]: [CROSSWALK_IGNORE] y=178 < th=180[0m
[self_driving-10] [0m[INFO] [1783025606.270481017] [self_driving]: [DEBUG_DRIVE] state=LINE_FOLLOW raw_lane_x=126.0 lane_x=126.0 filter=stable linear=0.32 angular=-0.10 cw_y=0 right_done=False start_turn=False count_turn=0 traffic=None stop=False[0m
[self_driving-10] [0m[INFO] [1783025606.272010536] [self_driving]: [CW_CANDIDATE] name=crosswalkcx=386 y2=187 area=3263 score=0.86 [0m
[self_driving-10] [0m[INFO] [1783025606.588473924] [self_driving]: [CW_CANDIDATE] name=crosswalkcx=394 y2=480 area=42195 score=0.92 [0m
[self_driving-10] [0m[INFO] [1783025606.600567369] [self_driving]: [CW_CANDIDATE] name=crosswalkcx=430 y2=203 area=5719 score=0.87 [0m
[self_driving-10] [0m[INFO] [1783025606.744947535] [self_driving]: [CROSSWALK_SLOW] y=203 th=180 confirm=3[0m
[self_driving-10] [0m[INFO] [1783025606.746648739] [self_driving]: [CW_STAGE 2] 정지선 앞 완전 정지! elapsed=0.00s[0m
[self_driving-10] [0m[INFO] [1783025606.802463739] [self_driving]: [CW_STAGE 2] 정지선 앞 완전 정지! elapsed=0.06s[0m
[self_driving-10] [0m[INFO] [1783025606.866989535] [self_driving]: [CW_STAGE 2] 정지선 앞 완전 정지! elapsed=0.12s[0m
[self_driving-10] [0m[INFO] [1783025606.931783072] [self_driving]: [OBJECTS] msg_count=32 n=1 names=['crosswalk'][0m
[self_driving-10] [0m[INFO] [1783025606.932713369] [self_driving]: [CW_CANDIDATE] name=crosswalkcx=445 y2=221 area=8650 score=0.89 [0m
[self_driving-10] [0m[INFO] [1783025606.935431257] [self_driving]: [RIGHT_CANDIDATE] valid=True reject=[] cnt=1 cx=45 cy=59 area=7954 score=0.85 done=False[0m
[self_driving-10] [0m[INFO] [1783025606.936267072] [self_driving]: [RIGHT_READY] cx=45 cy=59 area=7954 score=0.85[0m
[self_driving-10] [0m[INFO] [1783025606.950855128] [self_driving]: [RIGHT_TRIGGER] enter ARROW_SIGNAL lane_x=137.5 raw_lane_x=137.5 filter=stable cw_y=0 candidate={'cx': 45, 'cy': 59, 'area': 7954, 'score': 0.8500000238418579}[0m
[self_driving-10] [0m[INFO] [1783025606.951325757] [self_driving]: [1;36m[FSM] LINE_FOLLOW -> ARROW_SIGNAL[0m[0m
[self_driving-10] [0m[INFO] [1783025607.008742498] [self_driving]: [ARROW_SIGNAL] waiting elapsed=0.06/0.70 direction=right[0m
[self_driving-10] [0m[INFO] [1783025607.254394850] [self_driving]: [CW_CANDIDATE] name=crosswalkcx=453 y2=243 area=12309 score=0.90 [0m
[self_driving-10] [0m[INFO] [1783025607.480821165] [self_driving]: [IMAGE] received count=271 shape=(480, 640, 3) queue=0[0m
[self_driving-10] [0m[INFO] [1783025607.544623350] [self_driving]: [ARROW_SIGNAL] waiting elapsed=0.59/0.70 direction=right[0m
[self_driving-10] [0m[INFO] [1783025607.581172090] [self_driving]: [OBJECTS] msg_count=35 n=1 names=['crosswalk'][0m
[self_driving-10] [0m[INFO] [1783025607.583966424] [self_driving]: [CW_CANDIDATE] name=crosswalkcx=443 y2=273 area=17685 score=0.92 [0m
[self_driving-10] [0m[INFO] [1783025607.681922090] [self_driving]: [ARROW_SIGNAL] done elapsed=0.73 -> INTERSECTION direction=right[0m
[self_driving-10] [0m[INFO] [1783025607.686317924] [self_driving]: [1;36m[FSM] ARROW_SIGNAL -> INTERSECTION[0m[0m
[self_driving-10] [0m[INFO] [1783025607.952087849] [self_driving]: [CW_CANDIDATE] name=crosswalkcx=437 y2=325 area=27540 score=0.92 [0m
[self_driving-10] [0m[INFO] [1783025608.088622535] [self_driving]: [RIGHT_TURN] elapsed=0.40 cmd=(0.10,-0.50) lane_x=62.0[0m
[self_driving-10] [0m[INFO] [1783025608.294567460] [self_driving]: [OBJECTS] msg_count=37 n=1 names=['crosswalk'][0m
[self_driving-10] [0m[INFO] [1783025608.300214868] [self_driving]: [CW_CANDIDATE] name=crosswalkcx=437 y2=328 area=28420 score=0.92 [0m
[self_driving-10] [0m[INFO] [1783025608.596944997] [self_driving]: [CW_CANDIDATE] name=crosswalkcx=433 y2=348 area=32627 score=0.92 [0m
[self_driving-10] [0m[INFO] [1783025608.631887034] [self_driving]: [RIGHT_TURN] elapsed=0.95 cmd=(0.10,-0.50) lane_x=-1[0m
[self_driving-10] [0m[INFO] [1783025608.963857053] [self_driving]: [OBJECTS] msg_count=39 n=1 names=['crosswalk'][0m
[self_driving-10] [0m[INFO] [1783025608.964617941] [self_driving]: [CW_CANDIDATE] name=crosswalkcx=416 y2=382 area=42465 score=0.91 [0m
[self_driving-10] [0m[INFO] [1783025609.169172460] [self_driving]: [RIGHT_TURN] elapsed=1.49 cmd=(0.10,-0.50) lane_x=-1[0m
[self_driving-10] [0m[INFO] [1783025609.286668145] [self_driving]: [CW_CANDIDATE] name=crosswalkcx=314 y2=465 area=120139 score=0.80 [0m
[self_driving-10] [0m[INFO] [1783025609.498367237] [self_driving]: [IMAGE] received count=301 shape=(480, 640, 3) queue=0[0m
[self_driving-10] [0m[INFO] [1783025609.633908663] [self_driving]: [OBJECTS] msg_count=41 n=1 names=['crosswalk'][0m
[self_driving-10] [0m[INFO] [1783025609.634732885] [self_driving]: [CW_CANDIDATE] name=crosswalkcx=322 y2=480 area=141828 score=0.66 [0m
[self_driving-10] [0m[INFO] [1783025609.709981108] [self_driving]: [RIGHT_TURN] elapsed=2.02 cmd=(0.10,-0.50) lane_x=263.5[0m
[self_driving-10] [0m[INFO] [1783025609.987191478] [self_driving]: [CW_CANDIDATE] name=crosswalkcx=317 y2=480 area=124898 score=0.73 [0m
[self_driving-10] [0m[INFO] [1783025610.229346255] [self_driving]: [RIGHT_TURN] elapsed=2.55 cmd=(0.10,-0.50) lane_x=46.5[0m
[self_driving-10] [0m[INFO] [1783025610.314765996] [self_driving]: [OBJECTS] msg_count=43 n=1 names=['crosswalk'][0m
[self_driving-10] [0m[INFO] [1783025610.315558978] [self_driving]: [CW_CANDIDATE] name=crosswalkcx=290 y2=480 area=108460 score=0.68 [0m
[self_driving-10] [0m[INFO] [1783025610.774513977] [self_driving]: [RIGHT_TURN] elapsed=3.09 cmd=(0.10,-0.50) lane_x=305.0[0m
[self_driving-10] [0m[INFO] [1783025610.907934014] [self_driving]: straight[0m
[self_driving-10] [0m[INFO] [1783025610.999593329] [self_driving]: straight[0m
[self_driving-10] [0m[INFO] [1783025611.039082959] [self_driving]: straight[0m
[self_driving-10] [0m[INFO] [1783025611.125963551] [self_driving]: straight[0m
[self_driving-10] [0m[INFO] [1783025611.187670403] [self_driving]: straight[0m
[self_driving-10] [0m[INFO] [1783025611.251667829] [self_driving]: straight[0m
[self_driving-10] [0m[INFO] [1783025611.311014755] [self_driving]: straight[0m
[self_driving-10] [0m[INFO] [1783025611.318710903] [self_driving]: [OBJECTS] msg_count=44 n=1 names=['crosswalk'][0m
[self_driving-10] [0m[INFO] [1783025611.405103273] [self_driving]: straight[0m
[self_driving-10] [0m[INFO] [1783025611.445701866] [self_driving]: straight[0m
[self_driving-10] [0m[INFO] [1783025611.502599440] [self_driving]: [IMAGE] received count=331 shape=(480, 640, 3) queue=0[0m
[self_driving-10] [0m[INFO] [1783025611.511118495] [self_driving]: straight[0m
[self_driving-10] [0m[INFO] [1783025611.574409662] [self_driving]: straight[0m
[self_driving-10] [0m[INFO] [1783025611.659453940] [self_driving]: straight[0m
[self_driving-10] [0m[INFO] [1783025611.730770088] [self_driving]: straight[0m
[self_driving-10] [0m[INFO] [1783025611.781124495] [self_driving]: straight[0m
[self_driving-10] [0m[INFO] [1783025611.864071106] [self_driving]: straight[0m
[self_driving-10] [0m[INFO] [1783025611.915638903] [self_driving]: straight[0m
[self_driving-10] [0m[INFO] [1783025611.987356032] [self_driving]: straight[0m
[self_driving-10] [0m[INFO] [1783025612.053970866] [self_driving]: straight[0m
[self_driving-10] [0m[INFO] [1783025612.089168273] [self_driving]: [OBJECTS] msg_count=46 n=1 names=['park'][0m
[self_driving-10] [0m[INFO] [1783025612.091386940] [self_driving]: [CW_CANDIDATE] name=crosswalkcx=466 y2=480 area=27066 score=0.63 [0m
[self_driving-10] [0m[INFO] [1783025612.096599495] [self_driving]: [CW_CANDIDATE] name=crosswalkcx=397 y2=139 area=495 score=0.57 [0m
[self_driving-10] [0m[INFO] [1783025612.141021273] [self_driving]: straight[0m
[self_driving-10] [0m[INFO] [1783025612.201340865] [self_driving]: straight[0m
[self_driving-10] [0m[INFO] [1783025612.246589347] [self_driving]: straight[0m
[self_driving-10] [0m[INFO] [1783025612.314426995] [self_driving]: straight[0m
[self_driving-10] [0m[INFO] [1783025612.384610717] [self_driving]: straight[0m
[self_driving-10] [0m[INFO] [1783025612.439086680] [self_driving]: [CW_CANDIDATE] name=crosswalkcx=395 y2=138 area=372 score=0.47 [0m
[self_driving-10] [0m[INFO] [1783025612.466709254] [self_driving]: straight[0m
[self_driving-10] [0m[INFO] [1783025612.544680810] [self_driving]: straight[0m
[self_driving-10] [0m[INFO] [1783025612.582506254] [self_driving]: straight[0m
[self_driving-10] [0m[INFO] [1783025612.647609365] [self_driving]: straight[0m
[self_driving-10] [0m[INFO] [1783025612.724548828] [self_driving]: straight[0m
[self_driving-10] [0m[INFO] [1783025612.775258272] [self_driving]: [OBJECTS] msg_count=51 n=1 names=['crosswalk'][0m
[self_driving-10] [0m[INFO] [1783025612.779429791] [self_driving]: [CW_CANDIDATE] name=crosswalkcx=403 y2=139 area=490 score=0.62 [0m
[self_driving-10] [0m[INFO] [1783025612.803610180] [self_driving]: straight[0m
[self_driving-10] [0m[INFO] [1783025612.874078495] [self_driving]: straight[0m
[self_driving-10] [0m[INFO] [1783025612.931998569] [self_driving]: straight[0m
[self_driving-10] [0m[INFO] [1783025612.999104587] [self_driving]: straight[0m
[self_driving-10] [0m[INFO] [1783025613.070624902] [self_driving]: straight[0m
[self_driving-10] [0m[INFO] [1783025613.117768569] [self_driving]: [CW_CANDIDATE] name=crosswalkcx=406 y2=141 area=400 score=0.58 [0m
[self_driving-10] [0m[INFO] [1783025613.150207013] [self_driving]: straight[0m
[self_driving-10] [0m[INFO] [1783025613.207469087] [self_driving]: straight[0m
[self_driving-10] [0m[INFO] [1783025613.266447420] [self_driving]: straight[0m
[self_driving-10] [0m[INFO] [1783025613.336276383] [self_driving]: straight[0m
[self_driving-10] [0m[INFO] [1783025613.409470476] [self_driving]: straight[0m
[self_driving-10] [0m[INFO] [1783025613.469708957] [self_driving]: straight[0m
[self_driving-10] [0m[INFO] [1783025613.473926142] [self_driving]: [OBJECTS] msg_count=54 n=1 names=['park'][0m
[self_driving-10] [0m[INFO] [1783025613.477367865] [self_driving]: [CW_CANDIDATE] name=crosswalkcx=408 y2=143 area=515 score=0.59 [0m
[self_driving-10] [0m[INFO] [1783025613.537056272] [self_driving]: [IMAGE] received count=361 shape=(480, 640, 3) queue=0[0m
[self_driving-10] [0m[INFO] [1783025613.545276624] [self_driving]: straight[0m
[self_driving-10] [0m[INFO] [1783025613.605998476] [self_driving]: straight[0m
[self_driving-10] [0m[INFO] [1783025613.676470235] [self_driving]: straight[0m
[self_driving-10] [0m[INFO] [1783025613.735217902] [self_driving]: straight[0m
[self_driving-10] [0m[INFO] [1783025613.809064327] [self_driving]: straight[0m
[self_driving-10] [0m[INFO] [1783025613.821643531] [self_driving]: [CW_CANDIDATE] name=crosswalkcx=412 y2=146 area=525 score=0.66 [0m
[self_driving-10] [0m[INFO] [1783025613.870593031] [self_driving]: straight[0m
[self_driving-10] [0m[INFO] [1783025613.936102531] [self_driving]: straight[0m
[self_driving-10] [0m[INFO] [1783025614.004734698] [self_driving]: straight[0m
[self_driving-10] [0m[INFO] [1783025614.066254290] [self_driving]: straight[0m
[self_driving-10] [0m[INFO] [1783025614.127496920] [self_driving]: straight[0m
[self_driving-10] [0m[INFO] [1783025614.193607920] [self_driving]: straight[0m
[self_driving-10] [0m[INFO] [1783025614.211029401] [self_driving]: [OBJECTS] msg_count=58 n=1 names=['park'][0m
[self_driving-10] [0m[INFO] [1783025614.213542235] [self_driving]: [CW_CANDIDATE] name=crosswalkcx=418 y2=146 area=575 score=0.66 [0m
[self_driving-10] [0m[INFO] [1783025614.281898290] [self_driving]: straight[0m
[self_driving-10] [0m[INFO] [1783025614.348685568] [self_driving]: straight[0m
[self_driving-10] [0m[INFO] [1783025614.410501049] [self_driving]: straight[0m
[self_driving-10] [0m[INFO] [1783025614.478016494] [self_driving]: straight[0m
[self_driving-10] [0m[INFO] [1783025614.534852846] [self_driving]: straight[0m
[self_driving-10] [0m[INFO] [1783025614.551438216] [self_driving]: [CW_CANDIDATE] name=crosswalkcx=421 y2=146 area=472 score=0.70 [0m
[self_driving-10] [0m[INFO] [1783025614.623442864] [self_driving]: straight[0m
[self_driving-10] [0m[INFO] [1783025614.672409401] [self_driving]: straight[0m
[self_driving-10] [0m[INFO] [1783025614.743581642] [self_driving]: straight[0m
[self_driving-10] [0m[INFO] [1783025614.801753382] [self_driving]: straight[0m
[self_driving-10] [0m[INFO] [1783025614.878982456] [self_driving]: straight[0m
[self_driving-10] [0m[INFO] [1783025614.899455845] [self_driving]: [OBJECTS] msg_count=62 n=1 names=['crosswalk'][0m
[self_driving-10] [0m[INFO] [1783025614.900397716] [self_driving]: [CW_CANDIDATE] name=crosswalkcx=429 y2=147 area=508 score=0.61 [0m
[self_driving-10] [0m[INFO] [1783025614.963008382] [self_driving]: straight[0m
[self_driving-10] [0m[INFO] [1783025615.022305660] [self_driving]: straight[0m
[self_driving-10] [0m[INFO] [1783025615.079907956] [self_driving]: straight[0m
[self_driving-10] [0m[INFO] [1783025615.145875493] [self_driving]: straight[0m
[self_driving-10] [0m[INFO] [1783025615.200960290] [self_driving]: straight[0m
[self_driving-10] [0m[INFO] [1783025615.283722290] [self_driving]: straight[0m
[self_driving-10] [0m[INFO] [1783025615.296465123] [self_driving]: [CW_CANDIDATE] name=crosswalkcx=433 y2=149 area=650 score=0.60 [0m
[self_driving-10] [0m[INFO] [1783025615.355924382] [self_driving]: straight[0m
[self_driving-10] [0m[INFO] [1783025615.419632493] [self_driving]: [RIGHT_TURN] done elapsed=7.74 lane_x=257.0 -> LINE_FOLLOW. . . .[0m
[self_driving-10] [0m[INFO] [1783025615.420173123] [self_driving]: [1;36m[FSM] INTERSECTION -> LINE_FOLLOW[0m[0m
[self_driving-10] [33m[WARN] [1783025615.471299104] [self_driving]: [LANE_X_JUMP_REJECT] raw=260.5 last=137.5 diff=123.0 candidate=260.5 cnt=1/4[0m
[self_driving-10] [0m[INFO] [1783025615.471795160] [self_driving]: [CROSSWALK_IGNORE] y=149 < th=180[0m
[self_driving-10] [0m[INFO] [1783025615.472206382] [self_driving]: [CW_STAGE 3] 미션 완료 -> 정상 속도 회복 및 6초 락 가동[0m
[self_driving-10] [0m[INFO] [1783025615.472984456] [self_driving]: [DEBUG_DRIVE] state=LINE_FOLLOW raw_lane_x=260.5 lane_x=137.5 filter=jump_reject linear=0.32 angular=-0.10 cw_y=149 right_done=True start_turn=False count_turn=0 traffic=None stop=False[0m
[self_driving-10] [0m[INFO] [1783025615.551063752] [self_driving]: [IMAGE] received count=391 shape=(480, 640, 3) queue=0[0m
[self_driving-10] [0m[INFO] [1783025615.631561400] [self_driving]: [OBJECTS] msg_count=65 n=1 names=['park'][0m
[self_driving-10] [0m[INFO] [1783025615.688842752] [self_driving]: [LANE_X_JUMP_ACCEPT] raw=256.5 last=256.5 cnt=4/4[0m
[self_driving-10] [0m[INFO] [1783025616.043386474] [self_driving]: [DEBUG_DRIVE] state=LINE_FOLLOW raw_lane_x=-1 lane_x=156.5 filter=hold_last linear=0.32 angular=-0.10 cw_y=0 right_done=True start_turn=False count_turn=0 traffic=None stop=False[0m
[self_driving-10] [33m[WARN] [1783025616.217620104] [self_driving]: [LANE_LOST] raw_lane_x=-1 lane_x=-1 filter=lost stop=False state=LINE_FOLLOW safe_linear=0.02 right_ready=False right_done=True[0m
[self_driving-10] [0m[INFO] [1783025616.330491159] [self_driving]: [OBJECTS] msg_count=69 n=1 names=['park'][0m
[self_driving-10] [0m[INFO] [1783025616.333178474] [self_driving]: [CW_CANDIDATE] name=crosswalkcx=450 y2=154 area=1099 score=0.61 [0m
[self_driving-10] [0m[INFO] [1783025616.545848048] [self_driving]: [CROSSWALK_IGNORE] y=154 < th=180[0m
[self_driving-10] [0m[INFO] [1783025616.547120252] [self_driving]: [DEBUG_DRIVE] state=LINE_FOLLOW raw_lane_x=-1 lane_x=-1 filter=lost linear=0.32 angular=0.00 cw_y=154 right_done=True start_turn=False count_turn=0 traffic=None stop=False[0m
[self_driving-10] [0m[INFO] [1783025616.667736844] [self_driving]: [CW_CANDIDATE] name=crosswalkcx=476 y2=151 area=1267 score=0.45 [0m
[self_driving-10] [33m[WARN] [1783025616.765060474] [self_driving]: [LANE_LOST] raw_lane_x=-1 lane_x=-1 filter=lost stop=False state=LINE_FOLLOW safe_linear=0.02 right_ready=False right_done=True[0m
[self_driving-10] [0m[INFO] [1783025617.002874622] [self_driving]: [OBJECTS] msg_count=72 n=1 names=['park'][0m
[self_driving-10] [0m[INFO] [1783025617.007142085] [self_driving]: [CW_CANDIDATE] name=crosswalkcx=390 y2=164 area=1837 score=0.62 [0m
[self_driving-10] [0m[INFO] [1783025617.097164140] [self_driving]: [CROSSWALK_IGNORE] y=164 < th=180[0m
[self_driving-10] [0m[INFO] [1783025617.101599011] [self_driving]: [DEBUG_DRIVE] state=LINE_FOLLOW raw_lane_x=-1 lane_x=-1 filter=lost linear=0.32 angular=0.00 cw_y=164 right_done=True start_turn=False count_turn=0 traffic=None stop=False[0m
[self_driving-10] [33m[WARN] [1783025617.309307418] [self_driving]: [LANE_LOST] raw_lane_x=-1 lane_x=-1 filter=lost stop=False state=LINE_FOLLOW safe_linear=0.02 right_ready=False right_done=True[0m
[self_driving-10] [0m[INFO] [1783025617.346590196] [self_driving]: [CW_CANDIDATE] name=crosswalkcx=392 y2=166 area=1910 score=0.71 [0m
[self_driving-10] [0m[INFO] [1783025617.554276177] [self_driving]: [IMAGE] received count=421 shape=(480, 640, 3) queue=0[0m
[self_driving-10] [0m[INFO] [1783025617.631997899] [self_driving]: [DEBUG_DRIVE] state=LINE_FOLLOW raw_lane_x=-1 lane_x=-1 filter=lost linear=0.32 angular=0.00 cw_y=0 right_done=True start_turn=False count_turn=0 traffic=None stop=False[0m
[self_driving-10] [0m[INFO] [1783025617.675403547] [self_driving]: [OBJECTS] msg_count=76 n=1 names=['park'][0m
[self_driving-10] [0m[INFO] [1783025617.680931695] [self_driving]: [CW_CANDIDATE] name=crosswalkcx=330 y2=169 area=1737 score=0.70 [0m
[self_driving-10] [33m[WARN] [1783025617.830564418] [self_driving]: [LANE_LOST] raw_lane_x=-1 lane_x=-1 filter=lost stop=False state=LINE_FOLLOW safe_linear=0.02 right_ready=False right_done=True[0m
[self_driving-10] [0m[INFO] [1783025618.013135288] [self_driving]: [CW_CANDIDATE] name=crosswalkcx=267 y2=169 area=2040 score=0.72 [0m
[self_driving-10] [0m[INFO] [1783025618.172324399] [self_driving]: [CROSSWALK_IGNORE] y=169 < th=180[0m
[self_driving-10] [0m[INFO] [1783025618.173973658] [self_driving]: [DEBUG_DRIVE] state=LINE_FOLLOW raw_lane_x=-1 lane_x=-1 filter=lost linear=0.32 angular=0.00 cw_y=169 right_done=True start_turn=False count_turn=0 traffic=None stop=False[0m
[self_driving-10] [33m[WARN] [1783025618.374465640] [self_driving]: [LANE_LOST] raw_lane_x=-1 lane_x=-1 filter=lost stop=False state=LINE_FOLLOW safe_linear=0.02 right_ready=False right_done=True[0m
[self_driving-10] [0m[INFO] [1783025618.391523473] [self_driving]: [OBJECTS] msg_count=79 n=1 names=['park'][0m
[self_driving-10] [0m[INFO] [1783025618.704874047] [self_driving]: [DEBUG_DRIVE] state=LINE_FOLLOW raw_lane_x=-1 lane_x=-1 filter=lost linear=0.32 angular=0.00 cw_y=0 right_done=True start_turn=False count_turn=0 traffic=None stop=False[0m
[self_driving-10] [33m[WARN] [1783025618.910396880] [self_driving]: [LANE_LOST] raw_lane_x=-1 lane_x=-1 filter=lost stop=False state=LINE_FOLLOW safe_linear=0.02 right_ready=False right_done=True[0m
[self_driving-10] [0m[INFO] [1783025619.076452935] [self_driving]: [OBJECTS] msg_count=83 n=1 names=['crosswalk'][0m
[self_driving-10] [0m[INFO] [1783025619.237724695] [self_driving]: [DEBUG_DRIVE] state=LINE_FOLLOW raw_lane_x=-1 lane_x=-1 filter=lost linear=0.32 angular=0.00 cw_y=0 right_done=True start_turn=False count_turn=0 traffic=None stop=False[0m
[self_driving-10] [0m[INFO] [1783025619.440967843] [self_driving]: [PARK_COUNT] count=1/2 park_x=99 cw_y=0 right_done=True candidate={'cx': 99, 'cy': 90, 'area': 910, 'score': 0.8700000047683716, 'right_done': True}[0m
[self_driving-10] [33m[WARN] [1783025619.442726935] [self_driving]: [LANE_LOST] raw_lane_x=-1 lane_x=-1 filter=lost stop=False state=LINE_FOLLOW safe_linear=0.02 right_ready=False right_done=True[0m
[self_driving-10] [0m[INFO] [1783025619.506328361] [self_driving]: [PARK_COUNT] count=2/2 park_x=99 cw_y=0 right_done=True candidate={'cx': 99, 'cy': 90, 'area': 910, 'score': 0.8700000047683716, 'right_done': True}[0m
[self_driving-10] [0m[INFO] [1783025619.506881657] [self_driving]: [PARK_START] stop and run park_action[0m
[self_driving-10] [0m[INFO] [1783025619.507608917] [self_driving]: [1;36m[FSM] LINE_FOLLOW -> PARKING[0m[0m
[self_driving-10] [0m[INFO] [1783025619.580015509] [self_driving]: [IMAGE] received count=451 shape=(480, 640, 3) queue=0[0m
[self_driving-10] [0m[INFO] [1783025619.583210657] [self_driving]: [PARK!!!!] park ready[0m
[self_driving-10] [0m[INFO] [1783025619.649606750] [self_driving]: [PARK!!!!] park ready[0m
[self_driving-10] [0m[INFO] [1783025619.722483157] [self_driving]: [PARK!!!!] park ready[0m
[self_driving-10] [0m[INFO] [1783025619.778837009] [self_driving]: [PARK!!!!] park ready[0m
[self_driving-10] [0m[INFO] [1783025619.781362657] [self_driving]: [OBJECTS] msg_count=85 n=1 names=['park'][0m
[self_driving-10] [0m[INFO] [1783025619.844332250] [self_driving]: [PARK!!!!] park ready[0m
[self_driving-10] [0m[INFO] [1783025619.903381657] [self_driving]: [PARK!!!!] park ready[0m
[self_driving-10] [0m[INFO] [1783025619.977838842] [self_driving]: [PARK!!!!] park ready[0m
[self_driving-10] [0m[INFO] [1783025620.050194972] [self_driving]: [PARK!!!!] park ready[0m
[self_driving-10] [0m[INFO] [1783025620.114758120] [self_driving]: [PARK!!!!] park ready[0m
[self_driving-10] [0m[INFO] [1783025620.173818842] [self_driving]: [PARK!!!!] park ready[0m
[self_driving-10] [0m[INFO] [1783025620.254818157] [self_driving]: [PARK!!!!] park ready[0m
[self_driving-10] [0m[INFO] [1783025620.305681046] [self_driving]: [PARK!!!!] park ready[0m
[self_driving-10] [0m[INFO] [1783025620.386520379] [self_driving]: [PARK!!!!] park ready[0m
[self_driving-10] [0m[INFO] [1783025620.436658712] [self_driving]: [OBJECTS] msg_count=88 n=1 names=['park'][0m
[self_driving-10] [0m[INFO] [1783025620.449176990] [self_driving]: [PARK!!!!] park ready[0m
[self_driving-10] [0m[INFO] [1783025620.523855620] [self_driving]: [PARK!!!!] park ready[0m
[self_driving-10] [0m[INFO] [1783025620.583244786] [self_driving]: [PARK!!!!] park ready[0m
[self_driving-10] [0m[INFO] [1783025620.641200509] [self_driving]: [PARK!!!!] park ready[0m
[self_driving-10] [0m[INFO] [1783025620.709613305] [self_driving]: [PARK!!!!] park ready[0m
[self_driving-10] [0m[INFO] [1783025620.798706731] [self_driving]: [PARK!!!!] park ready[0m
[self_driving-10] [0m[INFO] [1783025620.858022675] [self_driving]: [PARK!!!!] park ready[0m
[self_driving-10] [0m[INFO] [1783025620.916066934] [self_driving]: [PARK!!!!] park ready[0m
[self_driving-10] [0m[INFO] [1783025620.992125138] [self_driving]: [PARK!!!!] park ready[0m
[self_driving-10] [0m[INFO] [1783025621.050951231] [self_driving]: [PARK!!!!] park ready[0m
[self_driving-10] [0m[INFO] [1783025621.101167156] [self_driving]: [OBJECTS] msg_count=92 n=1 names=['go'][0m
[self_driving-10] [0m[INFO] [1783025621.135671360] [self_driving]: [PARK!!!!] park ready[0m
[self_driving-10] [0m[INFO] [1783025621.185156286] [self_driving]: [PARK!!!!] park ready[0m
[self_driving-10] [0m[INFO] [1783025621.255474027] [self_driving]: [PARK!!!!] park ready[0m
[self_driving-10] [0m[INFO] [1783025621.336537249] [self_driving]: [PARK!!!!] park ready[0m
[self_driving-10] [0m[INFO] [1783025621.384289416] [self_driving]: [PARK!!!!] park ready[0m
[self_driving-10] [0m[INFO] [1783025621.472803619] [self_driving]: [PARK!!!!] park ready[0m
[self_driving-10] [0m[INFO] [1783025621.533609323] [self_driving]: [PARK!!!!] park ready[0m
[self_driving-10] [0m[INFO] [1783025621.596469526] [self_driving]: [IMAGE] received count=481 shape=(480, 640, 3) queue=0[0m
[self_driving-10] [0m[INFO] [1783025621.599566860] [self_driving]: [PARK!!!!] park ready[0m
[self_driving-10] [0m[INFO] [1783025621.648728749] [self_driving]: [PARK!!!!] park ready[0m
[self_driving-10] [0m[INFO] [1783025621.731793897] [self_driving]: [PARK!!!!] park ready[0m
[self_driving-10] [0m[INFO] [1783025621.796025267] [self_driving]: [PARK!!!!] park ready[0m
[self_driving-10] [0m[INFO] [1783025621.857183156] [self_driving]: [PARK!!!!] park ready[0m
[self_driving-10] [0m[INFO] [1783025621.934637378] [self_driving]: [PARK!!!!] park ready[0m
[self_driving-10] [0m[INFO] [1783025622.003161619] [self_driving]: [PARK!!!!] park ready[0m
[self_driving-10] [0m[INFO] [1783025622.069228471] [self_driving]: [PARK!!!!] park ready[0m
[self_driving-10] [0m[INFO] [1783025622.143520285] [self_driving]: [PARK!!!!] park ready[0m
[self_driving-10] [0m[INFO] [1783025622.199753100] [self_driving]: [PARK!!!!] park ready[0m
[self_driving-10] [0m[INFO] [1783025622.257314026] [self_driving]: [PARK!!!!] park ready[0m
[self_driving-10] [0m[INFO] [1783025622.336377378] [self_driving]: [PARK!!!!] park ready[0m
[self_driving-10] [0m[INFO] [1783025622.402495526] [self_driving]: [PARK!!!!] park ready[0m
[self_driving-10] [0m[INFO] [1783025622.490138711] [self_driving]: [PARK!!!!] park ready[0m
[self_driving-10] [0m[INFO] [1783025622.524163063] [self_driving]: [PARK!!!!] park ready[0m
[self_driving-10] [0m[INFO] [1783025622.605418081] [self_driving]: [PARK!!!!] park ready[0m
[self_driving-10] [0m[INFO] [1783025622.669138507] [self_driving]: [PARK!!!!] park ready[0m
[self_driving-10] [0m[INFO] [1783025622.728880044] [self_driving]: [PARK!!!!] park ready[0m
[self_driving-10] [0m[INFO] [1783025622.819372989] [self_driving]: [PARK!!!!] park ready[0m
[self_driving-10] [0m[INFO] [1783025622.877137915] [self_driving]: [PARK!!!!] park ready[0m
[self_driving-10] [0m[INFO] [1783025622.936438303] [self_driving]: [PARK!!!!] park ready[0m
[self_driving-10] [0m[INFO] [1783025622.999877785] [self_driving]: [PARK!!!!] park ready[0m
[self_driving-10] [0m[INFO] [1783025623.064363285] [self_driving]: [PARK!!!!] park ready[0m
[self_driving-10] [0m[INFO] [1783025623.148817989] [self_driving]: [PARK!!!!] park ready[0m
[self_driving-10] [0m[INFO] [1783025623.219363988] [self_driving]: [PARK!!!!] park ready[0m
[self_driving-10] [0m[INFO] [1783025623.271940433] [self_driving]: [PARK!!!!] park ready[0m
[self_driving-10] [0m[INFO] [1783025623.339936840] [self_driving]: [PARK!!!!] park ready[0m
[self_driving-10] [0m[INFO] [1783025623.403587211] [self_driving]: [PARK!!!!] park ready[0m
[self_driving-10] [0m[INFO] [1783025623.432929266] [self_driving]: [OBJECTS] msg_count=93 n=1 names=['crosswalk'][0m
[self_driving-10] [0m[INFO] [1783025623.434013285] [self_driving]: [CW_CANDIDATE] name=crosswalkcx=463 y2=170 area=9702 score=0.76 [0m
[self_driving-10] [0m[INFO] [1783025623.495686340] [self_driving]: [PARK!!!!] park ready[0m
[self_driving-10] [0m[INFO] [1783025623.610335581] [self_driving]: [IMAGE] received count=511 shape=(480, 640, 3) queue=0[0m
[self_driving-10] [0m[INFO] [1783025624.375113821] [self_driving]: [OBJECTS] msg_count=94 n=1 names=['crosswalk'][0m
[self_driving-10] [0m[INFO] [1783025625.430748876] [self_driving]: [PARK !!!! ] park action complete[0m
[self_driving-10] [0m[INFO] [1783025625.431221506] [self_driving]: [1;36m[FSM] PARKING -> DONE[0m[0m
[self_driving-10] [0m[INFO] [1783025625.627320598] [self_driving]: [IMAGE] received count=541 shape=(480, 640, 3) queue=0[0m
[self_driving-10] [0m[INFO] [1783025626.944319301] [self_driving]: [OBJECTS] msg_count=95 n=1 names=['green'][0m
[self_driving-10] [0m[INFO] [1783025626.945519523] [self_driving]: [TRAFFIC_CANDIDATE] name=green valid=False cx=104 cy=384 area=37627 score=0.27 min_area=270[0m
[self_driving-10] [0m[INFO] [1783025627.632999023] [self_driving]: [IMAGE] received count=571 shape=(480, 640, 3) queue=0[0m
[self_driving-10] [0m[INFO] [1783025629.655330633] [self_driving]: [IMAGE] received count=601 shape=(480, 640, 3) queue=0[0m
[self_driving-10] [0m[INFO] [1783025630.692688984] [self_driving]: [OBJECTS] msg_count=98 n=1 names=['crosswalk'][0m
[self_driving-10] [0m[INFO] [1783025630.696026836] [self_driving]: [CW_CANDIDATE] name=crosswalkcx=210 y2=415 area=11557 score=0.44 [0m
[self_driving-10] [0m[INFO] [1783025631.345431743] [self_driving]: [OBJECTS] msg_count=99 n=1 names=['crosswalk'][0m
[self_driving-10] [0m[INFO] [1783025631.674205687] [self_driving]: [IMAGE] received count=631 shape=(480, 640, 3) queue=0[0m
[self_driving-10] [0m[INFO] [1783025632.293246039] [self_driving]: [OBJECTS] msg_count=100 n=1 names=['crosswalk'][0m
[self_driving-10] [0m[INFO] [1783025633.685822779] [self_driving]: [IMAGE] received count=661 shape=(480, 640, 3) queue=0[0m
[self_driving-10] [0m[INFO] [1783025634.832182685] [self_driving]: [OBJECTS] msg_count=102 n=1 names=['crosswalk'][0m
[self_driving-10] [0m[INFO] [1783025634.832908370] [self_driving]: [CW_CANDIDATE] name=crosswalkcx=232 y2=309 area=14852 score=0.86 [0m
[self_driving-10] [0m[INFO] [1783025634.835058667] [self_driving]: [CW_CANDIDATE] name=crosswalkcx=217 y2=60 area=7920 score=0.69 [0m
[self_driving-10] [0m[INFO] [1783025635.160750667] [self_driving]: [CW_CANDIDATE] name=crosswalkcx=319 y2=390 area=21960 score=0.84 [0m
[self_driving-10] [0m[INFO] [1783025635.163375204] [self_driving]: [CW_CANDIDATE] name=crosswalkcx=278 y2=101 area=16968 score=0.84 [0m
[self_driving-10] [0m[INFO] [1783025635.471025463] [self_driving]: [OBJECTS] msg_count=106 n=1 names=['crosswalk'][0m
[self_driving-10] [0m[INFO] [1783025635.471909370] [self_driving]: [CW_CANDIDATE] name=crosswalkcx=320 y2=402 area=27565 score=0.67 [0m
[self_driving-10] [0m[INFO] [1783025635.694408203] [self_driving]: [IMAGE] received count=691 shape=(480, 640, 3) queue=0[0m
[self_driving-10] [0m[INFO] [1783025635.793339148] [self_driving]: [CW_CANDIDATE] name=crosswalkcx=335 y2=480 area=14625 score=0.46 [0m
[self_driving-10] [0m[INFO] [1783025637.731625998] [self_driving]: [IMAGE] received count=721 shape=(480, 640, 3) queue=0[0m
[self_driving-10] [0m[INFO] [1783025639.739104090] [self_driving]: [IMAGE] received count=751 shape=(480, 640, 3) queue=0[0m
[self_driving-10] [0m[INFO] [1783025641.797019126] [self_driving]: [IMAGE] received count=780 shape=(480, 640, 3) queue=0[0m
[self_driving-10] [0m[INFO] [1783025643.860552421] [self_driving]: [IMAGE] received count=809 shape=(480, 640, 3) queue=0[0m
[self_driving-10] [0m[INFO] [1783025645.882547734] [self_driving]: [IMAGE] received count=839 shape=(480, 640, 3) queue=0[0m
[self_driving-10] [0m[INFO] [1783025647.896174622] [self_driving]: [IMAGE] received count=869 shape=(480, 640, 3) queue=0[0m
[self_driving-10] [0m[INFO] [1783025649.938433065] [self_driving]: [IMAGE] received count=898 shape=(480, 640, 3) queue=0[0m
