[INFO] [launch]: All log files can be found below /home/ubuntu/.ros/log/2026-07-02-19-21-36-658278-raspberrypi-910470
[INFO] [launch]: Default logging verbosity is set to INFO
[INFO] [ascamera_node-1]: process started with pid [910486]
[INFO] [static_transform_publisher-2]: process started with pid [910488]
[INFO] [static_transform_publisher-3]: process started with pid [910490]
[INFO] [joint_state_publisher-4]: process started with pid [910492]
[INFO] [robot_state_publisher-5]: process started with pid [910494]
[INFO] [ros_robot_controller-6]: process started with pid [910496]
[INFO] [odom_publisher-7]: process started with pid [910498]
[INFO] [ekf_node-8]: process started with pid [910508]
[INFO] [yolo_detect-9]: process started with pid [910515]
[INFO] [self_driving-10]: process started with pid [910521]
[static_transform_publisher-2] [33m[WARN] [1783020097.382446812] []: Old-style arguments are deprecated; see --help for new-style arguments[0m
[static_transform_publisher-3] [33m[WARN] [1783020097.378986294] []: Old-style arguments are deprecated; see --help for new-style arguments[0m
[ascamera_node-1] [0m[INFO] [1783020097.426191572] [as_logger]: hello world angstrong camera ros2 node[0m
[static_transform_publisher-2] [0m[INFO] [1783020097.454217386] [static_transform_publisher_CJkSet6ZXSM2gyz3]: Spinning until stopped - publishing transform
[static_transform_publisher-2] translation: ('0.000000', '0.000000', '0.000000')
[static_transform_publisher-2] rotation: ('-0.500000', '0.499602', '-0.500000', '0.500398')
[static_transform_publisher-2] from 'depth_cam' to 'ascamera_camera_link_0'[0m
[static_transform_publisher-3] [0m[INFO] [1783020097.457236646] [static_transform_publisher_1lZhaqXmCfboS59s]: Spinning until stopped - publishing transform
[static_transform_publisher-3] translation: ('0.000000', '0.000000', '0.000000')
[static_transform_publisher-3] rotation: ('-0.500000', '0.499602', '-0.500000', '0.500398')
[static_transform_publisher-3] from 'depth_cam' to 'ascamera_color_0'[0m
[robot_state_publisher-5] [0m[INFO] [1783020097.535169479] [robot_state_publisher]: got segment base_footprint[0m
[robot_state_publisher-5] [0m[INFO] [1783020097.536710590] [robot_state_publisher]: got segment base_link[0m
[robot_state_publisher-5] [0m[INFO] [1783020097.536750146] [robot_state_publisher]: got segment depth_cam[0m
[robot_state_publisher-5] [0m[INFO] [1783020097.536764164] [robot_state_publisher]: got segment imu_link[0m
[robot_state_publisher-5] [0m[INFO] [1783020097.536774312] [robot_state_publisher]: got segment lidar_frame[0m
[robot_state_publisher-5] [0m[INFO] [1783020097.536782738] [robot_state_publisher]: got segment wheel_lb_Link[0m
[robot_state_publisher-5] [0m[INFO] [1783020097.536793812] [robot_state_publisher]: got segment wheel_lf_Link[0m
[robot_state_publisher-5] [0m[INFO] [1783020097.536802405] [robot_state_publisher]: got segment wheel_rb_Link[0m
[robot_state_publisher-5] [0m[INFO] [1783020097.536810923] [robot_state_publisher]: got segment wheel_rf_Link[0m
[ascamera_node-1] 2026-07-02 19:21:37[INFO] [CameraPublisher.cpp] [1558] [printLaunchParams] get depth_width 640
[ascamera_node-1] 2026-07-02 19:21:37[INFO] [CameraPublisher.cpp] [1559] [printLaunchParams] get depth_height 480
[ascamera_node-1] 2026-07-02 19:21:37[INFO] [CameraPublisher.cpp] [1561] [printLaunchParams] get rgb_width 640
[ascamera_node-1] 2026-07-02 19:21:37[INFO] [CameraPublisher.cpp] [1562] [printLaunchParams] get rgb_height 480
[ascamera_node-1] 2026-07-02 19:21:37[INFO] [CameraPublisher.cpp] [1570] [printLaunchParams] get set_fps 15
[ascamera_node-1] 2026-07-02 19:21:37[INFO] [CameraPublisher.cpp] [1578] [printLaunchParams] get color_pcl 1
[ascamera_node-1] 2026-07-02 19:21:37[INFO] [CameraPublisher.cpp] [1582] [printLaunchParams] get pub_tfTree 1
[ascamera_node-1] 2026-07-02 19:21:37[INFO] [CameraSrv.cpp] [35] [CameraSrv] Angstrong camera server
[ascamera_node-1] 2026-07-02 19:21:37[INFO] [CameraSrv.cpp] [45] [CameraSrv] Angstrong camera sdk version:v1.2.22.20240516
[joint_state_publisher-4] [0m[INFO] [1783020098.306096108] [joint_state_publisher]: Waiting for robot_description to be published on the robot_description topic...[0m
[odom_publisher-7] [0m[INFO] [1783020098.385188830] [odom_publisher]: [1;32m0.930000 1.010000[0m[0m
[odom_publisher-7] [0m[INFO] [1783020098.399323682] [odom_publisher]: [1;32mstart[0m[0m
[ascamera_node-1] 2026-07-02 19:21:38[INFO] [CameraSrv.cpp] [114] [onAttached] attached
[ascamera_node-1] 2026-07-02 19:21:38[INFO] [CameraSrv.cpp] [145] [onAttached] this is a new attach device, create and open it
[ros_robot_controller-6] [0m[INFO] [1783020098.614361886] [ros_robot_controller]: 已设置舵机 1 的偏移量为 0[0m
[ros_robot_controller-6] [0m[INFO] [1783020098.616502664] [ros_robot_controller]: 已设置舵机 2 的偏移量为 0[0m
[ros_robot_controller-6] [0m[INFO] [1783020098.617458201] [ros_robot_controller]: 已设置舵机 3 的偏移量为 4[0m
[ros_robot_controller-6] [0m[INFO] [1783020098.619565904] [ros_robot_controller]: 已设置舵机 4 的偏移量为 0[0m
[ros_robot_controller-6] [0m[INFO] [1783020098.625401997] [ros_robot_controller]: [1;32mstart[0m[0m
[self_driving-10] [0m[INFO] [1783020099.024524552] [self_driving]: [INIT] init_process started[0m
[self_driving-10] [0m[INFO] [1783020099.025156015] [self_driving]: [INIT] only_line_follow=False[0m
[self_driving-10] [0m[INFO] [1783020099.025752274] [self_driving]: [INIT] request /yolov5/start[0m
[ascamera_node-1] 2026-07-02 19:21:39[INFO] [CameraSrv.cpp] [154] [onAttached] get model type 9
[ascamera_node-1] 2026-07-02 19:21:39[INFO] [CameraSrv.cpp] [342] [getConfigFile] get file: /home/ubuntu/third_party_ros2/third_party_ws/src/ascamera/configurationfiles/hp60c_v2_00_20230704_configEncrypt.json
[ascamera_node-1] 2026-07-02 19:21:39[INFO] [CameraPublisher.cpp] [1501] [logCameraPathInfo] usb camera
[ascamera_node-1] 2026-07-02 19:21:39[INFO] [CameraPublisher.cpp] [1502] [logCameraPathInfo] bnum:1
[ascamera_node-1] 2026-07-02 19:21:39[INFO] [CameraPublisher.cpp] [1503] [logCameraPathInfo] dnum:3
[ascamera_node-1] 2026-07-02 19:21:39[INFO] [CameraPublisher.cpp] [1504] [logCameraPathInfo] port_numbers:2
[ascamera_node-1] 2026-07-02 19:21:39[INFO] [CameraPublisher.cpp] [171] [onCameraAttached] create a new publisher info set
[ascamera_node-1] 2026-07-02 19:21:39[INFO] [TfTreeFrameIdInfo.cpp] [11] [TfTreeFrameIdInfo] Namespace /ascamera
[ascamera_node-1] 2026-07-02 19:21:39[INFO] [CameraHp60c.cpp] [128] [open] according to the configuration file.
[ascamera_node-1] 2026-07-02 19:21:39[INFO] [CameraHp60c.cpp] [1528] [parseConfigFileParameter] moduleName:AS_CAM_HP60C
[ascamera_node-1] 2026-07-02 19:21:39[INFO] [CameraHp60c.cpp] [1555] [parseConfigFileParameter] Parsing config file /home/ubuntu/third_party_ros2/third_party_ws/src/ascamera/configurationfiles/hp60c_v2_00_20230704_configEncrypt.json
[ascamera_node-1] 2026-07-02 19:21:39[INFO] [CameraHp60c.cpp] [1620] [parseConfigFileParameter] configuration protocol Version: v2.x
[ascamera_node-1] 2026-07-02 19:21:39[INFO] [CameraHp60c.cpp] [1631] [parseConfigFileParameter] configuration Version: v2.0.0.20230704
[ascamera_node-1] 2026-07-02 19:21:39[INFO] [CameraHp60c.cpp] [1796] [setParamersAfterOpenCam] Camera confiParaEnable true, setting configuration parameter
[ascamera_node-1] 2026-07-02 19:21:40[ERROR] [XuCmdCameraHp60c.cpp] [454] [getMjpegSize] get mjpeg from xu command failed
[ascamera_node-1] 2026-07-02 19:21:40[INFO] [XuCmdCameraHp60c.cpp] [458] [getMjpegSize] mjpeg size:640x480
[ascamera_node-1] 2026-07-02 19:21:40[INFO] [CameraPublisher.cpp] [356] [onCameraOpen] camera opened
[ascamera_node-1] 2026-07-02 19:21:40[INFO] [CameraPublisher.cpp] [370] [onCameraOpen] get config info, ret 0, is_Registration 1
[ascamera_node-1] 2026-07-02 19:21:40[INFO] [Camera.cpp] [61] [init] #camera[0x5555fcf6e710] SN[ASC60CF08000515]'s firmware version:DLS_VERc20865=:V01.09_2024110714:V01.19_2024110714:L01
[ascamera_node-1] 2026-07-02 19:21:40[INFO] [CameraPublisher.cpp] [1183] [setResolution] set depth resolution: 640 x 480 @ 15fps
[ascamera_node-1] 2026-07-02 19:21:40[INFO] [CameraPublisher.cpp] [1197] [setResolution] set rgb resolution: 640 x 480 @ 15fps
[ascamera_node-1] 2026-07-02 19:21:40[INFO] [CameraHp60c.cpp] [260] [startStreaming] start streaming
[ascamera_node-1] 2026-07-02 19:21:40[INFO] [CameraSrv.cpp] [202] [onAttached] attached end
[self_driving-10] [33m[WARN] [1783020101.029133088] [self_driving]: [YOLO_SERVICE] service not ready, continue without blocking[0m
[self_driving-10] [0m[INFO] [1783020101.530302866] [self_driving]: [INIT] enter + set_running start[0m
[self_driving-10] [0m[INFO] [1783020101.530956180] [self_driving]: [1;32mself driving enter[0m[0m
[self_driving-10] [0m[INFO] [1783020101.540847699] [self_driving]: [SUB] image=/ascamera/camera_publisher/rgb0/image object=/yolov5_ros2/object_detect[0m
[self_driving-10] [0m[INFO] [1783020101.541722643] [self_driving]: [1;32mset_running[0m[0m
[self_driving-10] [0m[INFO] [1783020101.546558310] [self_driving]: [1;32m[START] hybrid self_driving ready: WAIT_START, press button to LINE_FOLLOW[0m[0m
[INFO] [apply_calib-11]: process started with pid [910669]
[INFO] [complementary_filter_node-12]: process started with pid [910671]
[ascamera_node-1] 2026-07-02 19:21:42[INFO] [CameraHp60c.cpp] [912] [setInternalParameter] mjpeg info: size(640x480)
[complementary_filter_node-12] [0m[INFO] [1783020102.769477254] [imu_filter]: Starting ComplementaryFilterROS[0m
[apply_calib-11] [0m[INFO] [1783020102.770228476] [imu_calib]: Calibrating gyros; do not move the IMU[0m
[ascamera_node-1] 2026-07-02 19:21:42[INFO] [Camera.cpp] [127] [backgroundThread] SN [ ASC60CF08000515 ]'s parameter:
[ascamera_node-1] 2026-07-02 19:21:42[INFO] [Camera.cpp] [128] [backgroundThread] irfx: 426.962
[ascamera_node-1] 2026-07-02 19:21:42[INFO] [Camera.cpp] [129] [backgroundThread] irfy: 426.374
[ascamera_node-1] 2026-07-02 19:21:42[INFO] [Camera.cpp] [130] [backgroundThread] ircx: 315.403
[ascamera_node-1] 2026-07-02 19:21:42[INFO] [Camera.cpp] [131] [backgroundThread] ircy: 240.933
[ascamera_node-1] 2026-07-02 19:21:42[INFO] [Camera.cpp] [132] [backgroundThread] rgbfx: 570.48
[ascamera_node-1] 2026-07-02 19:21:42[INFO] [Camera.cpp] [133] [backgroundThread] rgbfy: 569.949
[ascamera_node-1] 2026-07-02 19:21:42[INFO] [Camera.cpp] [134] [backgroundThread] rgbcx: 329.75
[ascamera_node-1] 2026-07-02 19:21:42[INFO] [Camera.cpp] [135] [backgroundThread] rgbcy: 238.406
[ascamera_node-1] 
[ascamera_node-1] 2026-07-02 19:21:43[INFO] [CameraHp60c.cpp] [1149] [streamCallback] set gain ret 0, gain 4
[self_driving-10] [0m[INFO] [1783020103.136484587] [self_driving]: [IMAGE] received count=1 shape=(480, 640, 3) queue=0[0m
[self_driving-10] [0m[INFO] [1783020103.139089013] [self_driving]: [WAIT_START] waiting for physical button /ros_robot_controller/button[0m
[self_driving-10] [0m[INFO] [1783020103.648362623] [self_driving]: [WAIT_START] waiting for physical button /ros_robot_controller/button[0m
[yolo_detect-9] [0m[INFO] [1783020104.132990994] [yolov5_ros2]: Current ROS 2 distribution: humble[0m
[self_driving-10] [0m[INFO] [1783020104.186906808] [self_driving]: [WAIT_START] waiting for physical button /ros_robot_controller/button[0m
[self_driving-10] [0m[INFO] [1783020104.718872827] [self_driving]: [WAIT_START] waiting for physical button /ros_robot_controller/button[0m
[apply_calib-11] [0m[INFO] [1783020104.814691012] [imu_calib]: Gyro calibration complete! (bias = [-0.050, 0.060, 0.049])[0m
[self_driving-10] [0m[INFO] [1783020105.190505271] [self_driving]: [IMAGE] received count=32 shape=(480, 640, 3) queue=0[0m
[self_driving-10] [0m[INFO] [1783020105.257978623] [self_driving]: [WAIT_START] waiting for physical button /ros_robot_controller/button[0m
[self_driving-10] [0m[INFO] [1783020105.795467548] [self_driving]: [WAIT_START] waiting for physical button /ros_robot_controller/button[0m
[self_driving-10] [0m[INFO] [1783020106.331757048] [self_driving]: [WAIT_START] waiting for physical button /ros_robot_controller/button[0m
[self_driving-10] [0m[INFO] [1783020106.879768436] [self_driving]: [WAIT_START] waiting for physical button /ros_robot_controller/button[0m
[self_driving-10] [0m[INFO] [1783020107.228839510] [self_driving]: [IMAGE] received count=61 shape=(480, 640, 3) queue=0[0m
[self_driving-10] [0m[INFO] [1783020107.396843547] [self_driving]: [WAIT_START] waiting for physical button /ros_robot_controller/button[0m
[self_driving-10] [0m[INFO] [1783020107.938437584] [self_driving]: [WAIT_START] waiting for physical button /ros_robot_controller/button[0m
[self_driving-10] [0m[INFO] [1783020108.198007436] [self_driving]: [OBJECTS] msg_count=1 n=1 names=['crosswalk'][0m
[self_driving-10] [0m[INFO] [1783020108.474961306] [self_driving]: [WAIT_START] waiting for physical button /ros_robot_controller/button[0m
[self_driving-10] [0m[INFO] [1783020109.014473991] [self_driving]: [WAIT_START] waiting for physical button /ros_robot_controller/button[0m
[self_driving-10] [0m[INFO] [1783020109.263823898] [self_driving]: [IMAGE] received count=91 shape=(480, 640, 3) queue=0[0m
[self_driving-10] [0m[INFO] [1783020109.309913194] [self_driving]: [OBJECTS] msg_count=3 n=1 names=['crosswalk'][0m
[self_driving-10] [0m[INFO] [1783020109.310720472] [self_driving]: [CW_CANDIDATE] name=crosswalkcx=24 y2=478 area=2064 score=0.65 [0m
[self_driving-10] [0m[INFO] [1783020109.542143824] [self_driving]: [WAIT_START] waiting for physical button /ros_robot_controller/button[0m
[self_driving-10] [0m[INFO] [1783020109.631308175] [self_driving]: [CW_CANDIDATE] name=crosswalkcx=207 y2=425 area=3810 score=0.88 [0m
[self_driving-10] [0m[INFO] [1783020109.964924860] [self_driving]: [OBJECTS] msg_count=5 n=1 names=['crosswalk'][0m
[self_driving-10] [0m[INFO] [1783020109.969381842] [self_driving]: [CW_CANDIDATE] name=crosswalkcx=354 y2=368 area=8442 score=0.46 [0m
[self_driving-10] [0m[INFO] [1783020110.088402360] [self_driving]: [WAIT_START] waiting for physical button /ros_robot_controller/button[0m
[self_driving-10] [0m[INFO] [1783020110.598840230] [self_driving]: [OBJECTS] msg_count=6 n=1 names=['crosswalk'][0m
[self_driving-10] [0m[INFO] [1783020110.599365379] [self_driving]: [CW_CANDIDATE] name=crosswalkcx=382 y2=206 area=3555 score=0.85 [0m
[self_driving-10] [0m[INFO] [1783020110.607039379] [self_driving]: [TRAFFIC_CANDIDATE] name=green valid=True cx=633 cy=113 area=330 score=0.59 min_area=270[0m
[self_driving-10] [0m[INFO] [1783020110.635738879] [self_driving]: [WAIT_START] waiting for physical button /ros_robot_controller/button[0m
[self_driving-10] [0m[INFO] [1783020110.944137230] [self_driving]: [CW_CANDIDATE] name=crosswalkcx=380 y2=207 area=3290 score=0.85 [0m
[self_driving-10] [0m[INFO] [1783020111.145298526] [self_driving]: [WAIT_START] waiting for physical button /ros_robot_controller/button[0m
[self_driving-10] [0m[INFO] [1783020111.283565971] [self_driving]: [IMAGE] received count=121 shape=(480, 640, 3) queue=0[0m
[self_driving-10] [0m[INFO] [1783020111.290991971] [self_driving]: [OBJECTS] msg_count=10 n=1 names=['crosswalk'][0m
[self_driving-10] [0m[INFO] [1783020111.291486156] [self_driving]: [CW_CANDIDATE] name=crosswalkcx=381 y2=208 area=3600 score=0.85 [0m
[self_driving-10] [0m[INFO] [1783020111.292222860] [self_driving]: [TRAFFIC_CLEAR] no valid red/green in current object msg -> clear stale traffic[0m
[self_driving-10] [0m[INFO] [1783020111.618065656] [self_driving]: [CW_CANDIDATE] name=crosswalkcx=381 y2=207 area=3346 score=0.85 [0m
[self_driving-10] [0m[INFO] [1783020111.702673193] [self_driving]: [WAIT_START] waiting for physical button /ros_robot_controller/button[0m
[self_driving-10] [0m[INFO] [1783020111.937378507] [self_driving]: [OBJECTS] msg_count=14 n=1 names=['crosswalk'][0m
[self_driving-10] [0m[INFO] [1783020111.938300507] [self_driving]: [CW_CANDIDATE] name=crosswalkcx=381 y2=207 area=3360 score=0.85 [0m
[self_driving-10] [0m[INFO] [1783020111.938710285] [self_driving]: [TRAFFIC_CLEAR] no valid red/green in current object msg -> clear stale traffic[0m
[self_driving-10] [0m[INFO] [1783020112.220947544] [self_driving]: [WAIT_START] waiting for physical button /ros_robot_controller/button[0m
[self_driving-10] [0m[INFO] [1783020112.246705729] [self_driving]: [CW_CANDIDATE] name=crosswalkcx=380 y2=207 area=3346 score=0.85 [0m
[self_driving-10] [0m[INFO] [1783020112.577740877] [self_driving]: [OBJECTS] msg_count=18 n=1 names=['green'][0m
[self_driving-10] [0m[INFO] [1783020112.578529803] [self_driving]: [TRAFFIC_CANDIDATE] name=green valid=True cx=630 cy=112 area=558 score=0.68 min_area=270[0m
[self_driving-10] [0m[INFO] [1783020112.775760063] [self_driving]: [WAIT_START] waiting for physical button /ros_robot_controller/button[0m
[self_driving-10] [0m[INFO] [1783020113.204121081] [self_driving]: [OBJECTS] msg_count=20 n=1 names=['crosswalk'][0m
[self_driving-10] [0m[INFO] [1783020113.205010859] [self_driving]: [CW_CANDIDATE] name=crosswalkcx=380 y2=207 area=3360 score=0.87 [0m
[self_driving-10] [0m[INFO] [1783020113.205414377] [self_driving]: [TRAFFIC_CLEAR] no valid red/green in current object msg -> clear stale traffic[0m
[self_driving-10] [0m[INFO] [1783020113.310118858] [self_driving]: [IMAGE] received count=151 shape=(480, 640, 3) queue=0[0m
[self_driving-10] [0m[INFO] [1783020113.315305747] [self_driving]: [WAIT_START] waiting for physical button /ros_robot_controller/button[0m
[self_driving-10] [0m[INFO] [1783020113.566959099] [self_driving]: [CW_CANDIDATE] name=crosswalkcx=380 y2=207 area=3360 score=0.86 [0m
[self_driving-10] [0m[INFO] [1783020113.849439377] [self_driving]: [WAIT_START] waiting for physical button /ros_robot_controller/button[0m
[self_driving-10] [0m[INFO] [1783020113.892360377] [self_driving]: [OBJECTS] msg_count=25 n=1 names=['green'][0m
[self_driving-10] [0m[INFO] [1783020113.895405969] [self_driving]: [TRAFFIC_CANDIDATE] name=green valid=True cx=630 cy=112 area=544 score=0.66 min_area=270[0m
[self_driving-10] [0m[INFO] [1783020113.899981173] [self_driving]: [CW_CANDIDATE] name=crosswalkcx=360 y2=175 area=987 score=0.57 [0m
[self_driving-10] [0m[INFO] [1783020114.211812247] [self_driving]: [CW_CANDIDATE] name=crosswalkcx=379 y2=208 area=3585 score=0.86 [0m
[self_driving-10] [0m[INFO] [1783020114.214112376] [self_driving]: [CW_CANDIDATE] name=crosswalkcx=361 y2=175 area=858 score=0.68 [0m
[self_driving-10] [0m[INFO] [1783020114.385958321] [self_driving]: [WAIT_START] waiting for physical button /ros_robot_controller/button[0m
[self_driving-10] [0m[INFO] [1783020114.561052598] [self_driving]: [OBJECTS] msg_count=30 n=1 names=['crosswalk'][0m
[self_driving-10] [0m[INFO] [1783020114.562622321] [self_driving]: [CW_CANDIDATE] name=crosswalkcx=378 y2=208 area=3555 score=0.87 [0m
[self_driving-10] [0m[INFO] [1783020114.567405932] [self_driving]: [TRAFFIC_CLEAR] no valid red/green in current object msg -> clear stale traffic[0m
[self_driving-10] [0m[INFO] [1783020114.883042432] [self_driving]: [CW_CANDIDATE] name=crosswalkcx=372 y2=214 area=3495 score=0.87 [0m
[self_driving-10] [0m[INFO] [1783020114.887167321] [self_driving]: [CW_CANDIDATE] name=crosswalkcx=353 y2=180 area=822 score=0.75 [0m
[self_driving-10] [0m[INFO] [1783020114.940663172] [self_driving]: [WAIT_START] waiting for physical button /ros_robot_controller/button[0m
[self_driving-10] [0m[INFO] [1783020115.211088728] [self_driving]: [OBJECTS] msg_count=34 n=1 names=['green'][0m
[self_driving-10] [0m[INFO] [1783020115.212016913] [self_driving]: [TRAFFIC_CANDIDATE] name=green valid=True cx=615 cy=209 area=756 score=0.51 min_area=270[0m
[self_driving-10] [0m[INFO] [1783020115.327818672] [self_driving]: [IMAGE] received count=181 shape=(480, 640, 3) queue=0[0m
[self_driving-10] [0m[INFO] [1783020115.454918505] [self_driving]: [WAIT_START] waiting for physical button /ros_robot_controller/button[0m
[self_driving-10] [0m[INFO] [1783020115.927897653] [self_driving]: [OBJECTS] msg_count=37 n=1 names=['crosswalk'][0m
[self_driving-10] [0m[INFO] [1783020115.928766505] [self_driving]: [CW_CANDIDATE] name=crosswalkcx=331 y2=89 area=5950 score=0.83 [0m
[self_driving-10] [0m[INFO] [1783020115.936696487] [self_driving]: [CW_CANDIDATE] name=crosswalkcx=321 y2=47 area=1824 score=0.65 [0m
[self_driving-10] [0m[INFO] [1783020115.994320672] [self_driving]: [WAIT_START] waiting for physical button /ros_robot_controller/button[0m
[self_driving-10] [0m[INFO] [1783020116.239512672] [self_driving]: [CW_CANDIDATE] name=crosswalkcx=252 y2=127 area=5280 score=0.87 [0m
[self_driving-10] [0m[INFO] [1783020116.243669820] [self_driving]: [CW_CANDIDATE] name=crosswalkcx=239 y2=81 area=1932 score=0.81 [0m
[self_driving-10] [0m[INFO] [1783020116.532602005] [self_driving]: [WAIT_START] waiting for physical button /ros_robot_controller/button[0m
[self_driving-10] [0m[INFO] [1783020116.576249042] [self_driving]: [OBJECTS] msg_count=41 n=1 names=['crosswalk'][0m
[self_driving-10] [0m[INFO] [1783020116.577081208] [self_driving]: [CW_CANDIDATE] name=crosswalkcx=224 y2=186 area=3838 score=0.89 [0m
[self_driving-10] [0m[INFO] [1783020116.581008023] [self_driving]: [TRAFFIC_CANDIDATE] name=green valid=True cx=423 cy=115 area=440 score=0.53 min_area=270[0m
[self_driving-10] [0m[INFO] [1783020116.902259782] [self_driving]: [CW_CANDIDATE] name=crosswalkcx=225 y2=137 area=2646 score=0.87 [0m
[self_driving-10] [0m[INFO] [1783020116.905842708] [self_driving]: [CW_CANDIDATE] name=crosswalkcx=210 y2=99 area=1072 score=0.81 [0m
[self_driving-10] [0m[INFO] [1783020117.061077560] [self_driving]: [WAIT_START] waiting for physical button /ros_robot_controller/button[0m
[self_driving-10] [0m[INFO] [1783020117.226399467] [self_driving]: [OBJECTS] msg_count=46 n=1 names=['crosswalk'][0m
[self_driving-10] [0m[INFO] [1783020117.227365023] [self_driving]: [CW_CANDIDATE] name=crosswalkcx=270 y2=165 area=2436 score=0.84 [0m
[self_driving-10] [0m[INFO] [1783020117.241031541] [self_driving]: [CW_CANDIDATE] name=crosswalkcx=252 y2=132 area=1220 score=0.80 [0m
[self_driving-10] [0m[INFO] [1783020117.395769763] [self_driving]: [IMAGE] received count=211 shape=(480, 640, 3) queue=0[0m
[self_driving-10] [0m[INFO] [1783020117.540299449] [self_driving]: [CW_CANDIDATE] name=crosswalkcx=325 y2=102 area=2088 score=0.83 [0m
[self_driving-10] [0m[INFO] [1783020117.547818800] [self_driving]: [CW_CANDIDATE] name=crosswalkcx=306 y2=73 area=726 score=0.79 [0m
[self_driving-10] [0m[INFO] [1783020117.562576523] [self_driving]: [WAIT_START] waiting for physical button /ros_robot_controller/button[0m
[self_driving-10] [0m[INFO] [1783020118.133481670] [self_driving]: [WAIT_START] waiting for physical button /ros_robot_controller/button[0m
[self_driving-10] [0m[INFO] [1783020118.204442096] [self_driving]: [OBJECTS] msg_count=50 n=1 names=['crosswalk'][0m
[self_driving-10] [0m[INFO] [1783020118.205346578] [self_driving]: [CW_CANDIDATE] name=crosswalkcx=180 y2=306 area=1308 score=0.67 [0m
[self_driving-10] [0m[INFO] [1783020118.685128911] [self_driving]: [WAIT_START] waiting for physical button /ros_robot_controller/button[0m
[self_driving-10] [0m[INFO] [1783020118.817229318] [self_driving]: [OBJECTS] msg_count=51 n=1 names=['crosswalk'][0m
[self_driving-10] [0m[INFO] [1783020119.186650244] [self_driving]: [CW_CANDIDATE] name=crosswalkcx=292 y2=124 area=536 score=0.40 [0m
[self_driving-10] [0m[INFO] [1783020119.261461077] [self_driving]: [WAIT_START] waiting for physical button /ros_robot_controller/button[0m
[self_driving-10] [0m[INFO] [1783020119.399022522] [self_driving]: [IMAGE] received count=236 shape=(480, 640, 3) queue=0[0m
[self_driving-10] [0m[INFO] [1783020119.808989910] [self_driving]: [WAIT_START] waiting for physical button /ros_robot_controller/button[0m
[self_driving-10] [0m[INFO] [1783020120.384919521] [self_driving]: [WAIT_START] waiting for physical button /ros_robot_controller/button[0m
[self_driving-10] [0m[INFO] [1783020120.948638724] [self_driving]: [WAIT_START] waiting for physical button /ros_robot_controller/button[0m
[self_driving-10] [0m[INFO] [1783020121.430713076] [self_driving]: [IMAGE] received count=261 shape=(480, 640, 3) queue=0[0m
[self_driving-10] [0m[INFO] [1783020121.504626557] [self_driving]: [WAIT_START] waiting for physical button /ros_robot_controller/button[0m
[self_driving-10] [0m[INFO] [1783020122.082281001] [self_driving]: [WAIT_START] waiting for physical button /ros_robot_controller/button[0m
[self_driving-10] [0m[INFO] [1783020122.654365983] [self_driving]: [WAIT_START] waiting for physical button /ros_robot_controller/button[0m
[self_driving-10] [0m[INFO] [1783020123.206725593] [self_driving]: [WAIT_START] waiting for physical button /ros_robot_controller/button[0m
[self_driving-10] [0m[INFO] [1783020123.457486075] [self_driving]: [IMAGE] received count=286 shape=(480, 640, 3) queue=0[0m
[self_driving-10] [0m[INFO] [1783020123.769492315] [self_driving]: [WAIT_START] waiting for physical button /ros_robot_controller/button[0m
[self_driving-10] [0m[INFO] [1783020124.328340685] [self_driving]: [WAIT_START] waiting for physical button /ros_robot_controller/button[0m
[self_driving-10] [0m[INFO] [1783020124.901450833] [self_driving]: [WAIT_START] waiting for physical button /ros_robot_controller/button[0m
[self_driving-10] [0m[INFO] [1783020125.469096499] [self_driving]: [IMAGE] received count=311 shape=(480, 640, 3) queue=0[0m
[self_driving-10] [0m[INFO] [1783020125.472802055] [self_driving]: [WAIT_START] waiting for physical button /ros_robot_controller/button[0m
[self_driving-10] [0m[INFO] [1783020126.013072462] [self_driving]: [WAIT_START] waiting for physical button /ros_robot_controller/button[0m
[self_driving-10] [0m[INFO] [1783020126.596852110] [self_driving]: [WAIT_START] waiting for physical button /ros_robot_controller/button[0m
[self_driving-10] [0m[INFO] [1783020127.148769202] [self_driving]: [WAIT_START] waiting for physical button /ros_robot_controller/button[0m
[self_driving-10] [0m[INFO] [1783020127.474919961] [self_driving]: [IMAGE] received count=336 shape=(480, 640, 3) queue=0[0m
[self_driving-10] [0m[INFO] [1783020127.722929146] [self_driving]: [WAIT_START] waiting for physical button /ros_robot_controller/button[0m
[self_driving-10] [0m[INFO] [1783020128.176798276] [self_driving]: [OBJECTS] msg_count=53 n=1 names=['crosswalk'][0m
[self_driving-10] [0m[INFO] [1783020128.180406998] [self_driving]: [TRAFFIC_CANDIDATE] name=green valid=False cx=471 cy=129 area=323 score=0.33 min_area=270[0m
[self_driving-10] [0m[INFO] [1783020128.276216238] [self_driving]: [WAIT_START] waiting for physical button /ros_robot_controller/button[0m
[self_driving-10] [0m[INFO] [1783020128.812837368] [self_driving]: [OBJECTS] msg_count=56 n=1 names=['green'][0m
[self_driving-10] [0m[INFO] [1783020128.814250034] [self_driving]: [TRAFFIC_CANDIDATE] name=green valid=True cx=471 cy=129 area=420 score=0.55 min_area=270[0m
[self_driving-10] [0m[INFO] [1783020128.818791590] [self_driving]: [CW_CANDIDATE] name=crosswalkcx=266 y2=193 area=322 score=0.51 [0m
[self_driving-10] [0m[INFO] [1783020128.861037646] [self_driving]: [WAIT_START] waiting for physical button /ros_robot_controller/button[0m
[self_driving-10] [0m[INFO] [1783020129.120990756] [self_driving]: [CW_CANDIDATE] name=crosswalkcx=265 y2=193 area=315 score=0.42 [0m
[self_driving-10] [0m[INFO] [1783020129.409626219] [self_driving]: [WAIT_START] waiting for physical button /ros_robot_controller/button[0m
[self_driving-10] [0m[INFO] [1783020129.443496960] [self_driving]: [OBJECTS] msg_count=60 n=1 names=['green'][0m
[self_driving-10] [0m[INFO] [1783020129.444735090] [self_driving]: [TRAFFIC_CANDIDATE] name=green valid=True cx=471 cy=129 area=420 score=0.49 min_area=270[0m
[self_driving-10] [0m[INFO] [1783020129.497304071] [self_driving]: [IMAGE] received count=361 shape=(480, 640, 3) queue=0[0m
[self_driving-10] [0m[INFO] [1783020129.968722163] [self_driving]: [WAIT_START] waiting for physical button /ros_robot_controller/button[0m
[self_driving-10] [0m[INFO] [1783020130.063653330] [self_driving]: [OBJECTS] msg_count=63 n=1 names=['green'][0m
[self_driving-10] [0m[INFO] [1783020130.064172719] [self_driving]: [TRAFFIC_CANDIDATE] name=green valid=False cx=486 cy=65 area=575 score=0.41 min_area=270[0m
[self_driving-10] [0m[INFO] [1783020130.545338274] [self_driving]: [WAIT_START] waiting for physical button /ros_robot_controller/button[0m
[self_driving-10] [0m[INFO] [1783020130.740400144] [self_driving]: [OBJECTS] msg_count=64 n=1 names=['green'][0m
[self_driving-10] [0m[INFO] [1783020130.741384459] [self_driving]: [TRAFFIC_CANDIDATE] name=green valid=True cx=593 cy=115 area=756 score=0.75 min_area=270[0m
[self_driving-10] [0m[INFO] [1783020131.111094255] [self_driving]: [WAIT_START] waiting for physical button /ros_robot_controller/button[0m
[self_driving-10] [0m[INFO] [1783020131.359227792] [self_driving]: [OBJECTS] msg_count=66 n=1 names=['green'][0m
[self_driving-10] [0m[INFO] [1783020131.360284644] [self_driving]: [TRAFFIC_CANDIDATE] name=green valid=True cx=621 cy=114 area=900 score=0.80 min_area=270[0m
[self_driving-10] [0m[INFO] [1783020131.511434292] [self_driving]: [IMAGE] received count=386 shape=(480, 640, 3) queue=0[0m
[self_driving-10] [0m[INFO] [1783020131.659701773] [self_driving]: [WAIT_START] waiting for physical button /ros_robot_controller/button[0m
[self_driving-10] [0m[INFO] [1783020131.963067199] [self_driving]: [OBJECTS] msg_count=68 n=1 names=['green'][0m
[self_driving-10] [0m[INFO] [1783020131.964025755] [self_driving]: [TRAFFIC_CANDIDATE] name=green valid=True cx=620 cy=113 area=961 score=0.80 min_area=270[0m
[self_driving-10] [0m[INFO] [1783020131.971182977] [self_driving]: [CW_CANDIDATE] name=crosswalkcx=438 y2=204 area=3476 score=0.43 [0m
[self_driving-10] [0m[INFO] [1783020132.226089699] [self_driving]: [WAIT_START] waiting for physical button /ros_robot_controller/button[0m
[self_driving-10] [0m[INFO] [1783020132.275543699] [self_driving]: [CW_CANDIDATE] name=crosswalkcx=428 y2=204 area=3660 score=0.61 [0m
[self_driving-10] [0m[INFO] [1783020132.612094865] [self_driving]: [OBJECTS] msg_count=71 n=1 names=['green'][0m
[self_driving-10] [0m[INFO] [1783020132.613642625] [self_driving]: [TRAFFIC_CANDIDATE] name=green valid=True cx=620 cy=113 area=900 score=0.80 min_area=270[0m
[self_driving-10] [0m[INFO] [1783020132.620847291] [self_driving]: [CW_CANDIDATE] name=crosswalkcx=422 y2=204 area=3336 score=0.75 [0m
[self_driving-10] [0m[INFO] [1783020132.796098791] [self_driving]: [WAIT_START] waiting for physical button /ros_robot_controller/button[0m
[self_driving-10] [0m[INFO] [1783020132.923947532] [self_driving]: [CW_CANDIDATE] name=crosswalkcx=420 y2=205 area=3575 score=0.74 [0m
[self_driving-10] [0m[INFO] [1783020133.229574402] [self_driving]: [OBJECTS] msg_count=75 n=1 names=['green'][0m
[self_driving-10] [0m[INFO] [1783020133.231560180] [self_driving]: [TRAFFIC_CANDIDATE] name=green valid=True cx=620 cy=113 area=900 score=0.80 min_area=270[0m
[self_driving-10] [0m[INFO] [1783020133.235080569] [self_driving]: [CW_CANDIDATE] name=crosswalkcx=421 y2=204 area=3336 score=0.77 [0m
[self_driving-10] [0m[INFO] [1783020133.297946902] [self_driving]: [WAIT_START] waiting for physical button /ros_robot_controller/button[0m
[self_driving-10] [0m[INFO] [1783020133.520089809] [self_driving]: [BUTTON] pressed: ros_robot_controller_msgs.msg.ButtonState(id=1, state=1)[0m
[self_driving-10] [0m[INFO] [1783020133.520634254] [self_driving]: [1;36m[FSM] WAIT_START -> LINE_FOLLOW[0m[0m
[self_driving-10] [0m[INFO] [1783020133.528285013] [self_driving]: [IMAGE] received count=411 shape=(480, 640, 3) queue=0[0m
[self_driving-10] [0m[INFO] [1783020133.575016476] [self_driving]: [CW_CANDIDATE] name=crosswalkcx=412 y2=205 area=3367 score=0.76 [0m
[self_driving-10] [0m[INFO] [1783020133.823766513] [self_driving]: [DEBUG_DRIVE] state=LINE_FOLLOW raw_lane_x=35.5 lane_x=35.5 filter=stable linear=0.32 angular=0.10 cw_y=205 cw_box_ready=False right_done=False start_turn=False count_turn=0 traffic=None stop=False[0m
[self_driving-10] [0m[INFO] [1783020134.266768772] [self_driving]: [OBJECTS] msg_count=79 n=1 names=['green'][0m
[self_driving-10] [0m[INFO] [1783020134.268364161] [self_driving]: [TRAFFIC_CANDIDATE] name=green valid=True cx=627 cy=364 area=437 score=0.75 min_area=270[0m
[self_driving-10] [0m[INFO] [1783020134.340544476] [self_driving]: [DEBUG_DRIVE] state=LINE_FOLLOW raw_lane_x=124.5 lane_x=124.5 filter=stable linear=0.32 angular=-0.10 cw_y=0 cw_box_ready=False right_done=False start_turn=False count_turn=0 traffic=green stop=False[0m
[self_driving-10] [0m[INFO] [1783020134.900010975] [self_driving]: [DEBUG_DRIVE] state=LINE_FOLLOW raw_lane_x=125.5 lane_x=125.5 filter=stable linear=0.32 angular=0.10 cw_y=0 cw_box_ready=False right_done=False start_turn=False count_turn=0 traffic=green stop=False[0m
[self_driving-10] [0m[INFO] [1783020135.256343771] [self_driving]: [OBJECTS] msg_count=81 n=1 names=['crosswalk'][0m
[self_driving-10] [0m[INFO] [1783020135.257460845] [self_driving]: [CW_CANDIDATE] name=crosswalkcx=408 y2=226 area=6480 score=0.80 [0m
[self_driving-10] [0m[INFO] [1783020135.258181253] [self_driving]: [TRAFFIC_CLEAR] no valid red/green in current object msg -> clear stale traffic[0m
[self_driving-10] [0m[INFO] [1783020135.265713586] [self_driving]: [CW_CANDIDATE] name=crosswalkcx=403 y2=190 area=2754 score=0.45 [0m
[self_driving-10] [0m[INFO] [1783020135.470680771] [self_driving]: [DEBUG_DRIVE] state=LINE_FOLLOW raw_lane_x=126.5 lane_x=126.5 filter=stable linear=0.32 angular=0.10 cw_y=190 cw_box_ready=False right_done=False start_turn=False count_turn=0 traffic=None stop=False[0m
[self_driving-10] [0m[INFO] [1783020135.580933771] [self_driving]: [CW_CANDIDATE] name=crosswalkcx=422 y2=205 area=3514 score=0.83 [0m
[self_driving-10] [0m[INFO] [1783020135.585110364] [self_driving]: [CW_CANDIDATE] name=crosswalkcx=396 y2=174 area=987 score=0.69 [0m
[self_driving-10] [0m[INFO] [1783020135.633851067] [self_driving]: [IMAGE] received count=437 shape=(480, 640, 3) queue=0[0m
[self_driving-10] [0m[INFO] [1783020135.912619456] [self_driving]: [OBJECTS] msg_count=86 n=1 names=['crosswalk'][0m
[self_driving-10] [0m[INFO] [1783020135.913102882] [self_driving]: [CW_CANDIDATE] name=crosswalkcx=420 y2=204 area=2952 score=0.85 [0m
[self_driving-10] [0m[INFO] [1783020135.915684845] [self_driving]: [CW_CANDIDATE] name=crosswalkcx=396 y2=174 area=966 score=0.76 [0m
[self_driving-10] [0m[INFO] [1783020136.031299975] [self_driving]: [CROSSWALK_IGNORE] y=174 < th=180[0m
[self_driving-10] [0m[INFO] [1783020136.035122197] [self_driving]: [DEBUG_DRIVE] state=LINE_FOLLOW raw_lane_x=126.5 lane_x=126.5 filter=stable linear=0.32 angular=0.10 cw_y=174 cw_box_ready=False right_done=False start_turn=False count_turn=0 traffic=None stop=False[0m
[self_driving-10] [0m[INFO] [1783020136.242196215] [self_driving]: [CW_CANDIDATE] name=crosswalkcx=417 y2=205 area=3159 score=0.85 [0m
[self_driving-10] [0m[INFO] [1783020136.247037715] [self_driving]: [TRAFFIC_CANDIDATE] name=green valid=True cx=633 cy=113 area=341 score=0.76 min_area=270[0m
[self_driving-10] [0m[INFO] [1783020136.254130771] [self_driving]: [CW_CANDIDATE] name=crosswalkcx=396 y2=173 area=690 score=0.73 [0m
[self_driving-10] [0m[INFO] [1783020136.556719919] [self_driving]: [OBJECTS] msg_count=91 n=1 names=['crosswalk'][0m
[self_driving-10] [0m[INFO] [1783020136.557187308] [self_driving]: [CW_CANDIDATE] name=crosswalkcx=417 y2=204 area=2856 score=0.85 [0m
[self_driving-10] [0m[INFO] [1783020136.609267659] [self_driving]: [DEBUG_DRIVE] state=LINE_FOLLOW raw_lane_x=126.5 lane_x=126.5 filter=stable linear=0.32 angular=0.10 cw_y=0 cw_box_ready=False right_done=False start_turn=False count_turn=0 traffic=green stop=False[0m
[self_driving-10] [0m[INFO] [1783020136.929593993] [self_driving]: [CW_CANDIDATE] name=crosswalkcx=417 y2=204 area=2844 score=0.85 [0m
[self_driving-10] [0m[INFO] [1783020136.930065974] [self_driving]: [TRAFFIC_CLEAR] no valid red/green in current object msg -> clear stale traffic[0m
[self_driving-10] [0m[INFO] [1783020137.159440733] [self_driving]: [DEBUG_DRIVE] state=LINE_FOLLOW raw_lane_x=126.5 lane_x=126.5 filter=stable linear=0.32 angular=0.10 cw_y=0 cw_box_ready=False right_done=False start_turn=False count_turn=0 traffic=green stop=False[0m
[self_driving-10] [0m[INFO] [1783020137.270578622] [self_driving]: [OBJECTS] msg_count=95 n=1 names=['crosswalk'][0m
[self_driving-10] [0m[INFO] [1783020137.272865585] [self_driving]: [CW_CANDIDATE] name=crosswalkcx=417 y2=204 area=2868 score=0.84 [0m
[self_driving-10] [0m[INFO] [1783020137.276811918] [self_driving]: [CW_CANDIDATE] name=crosswalkcx=397 y2=174 area=828 score=0.73 [0m
[self_driving-10] [0m[INFO] [1783020137.619169177] [self_driving]: [CW_CANDIDATE] name=crosswalkcx=419 y2=205 area=3146 score=0.84 [0m
[self_driving-10] [0m[INFO] [1783020137.622288788] [self_driving]: [CW_CANDIDATE] name=crosswalkcx=397 y2=174 area=822 score=0.73 [0m
[self_driving-10] [0m[INFO] [1783020137.651491048] [self_driving]: [IMAGE] received count=462 shape=(480, 640, 3) queue=0[0m
[self_driving-10] [0m[INFO] [1783020137.664829974] [self_driving]: [CROSSWALK_IGNORE] y=174 < th=180[0m
[self_driving-10] [0m[INFO] [1783020137.668139807] [self_driving]: [DEBUG_DRIVE] state=LINE_FOLLOW raw_lane_x=127.5 lane_x=127.5 filter=stable linear=0.32 angular=0.10 cw_y=174 cw_box_ready=False right_done=False start_turn=False count_turn=0 traffic=None stop=False[0m
[self_driving-10] [0m[INFO] [1783020137.942746085] [self_driving]: [OBJECTS] msg_count=99 n=1 names=['green'][0m
[self_driving-10] [0m[INFO] [1783020137.943278677] [self_driving]: [TRAFFIC_CANDIDATE] name=green valid=True cx=633 cy=113 area=319 score=0.75 min_area=270[0m
[self_driving-10] [0m[INFO] [1783020137.947240844] [self_driving]: [CW_CANDIDATE] name=crosswalkcx=397 y2=174 area=828 score=0.73 [0m
[self_driving-10] [0m[INFO] [1783020138.197815195] [self_driving]: [CROSSWALK_IGNORE] y=174 < th=180[0m
[self_driving-10] [0m[INFO] [1783020138.199954436] [self_driving]: [DEBUG_DRIVE] state=LINE_FOLLOW raw_lane_x=58.0 lane_x=58.0 filter=stable linear=0.32 angular=0.10 cw_y=174 cw_box_ready=False right_done=False start_turn=False count_turn=0 traffic=None stop=False[0m
[self_driving-10] [0m[INFO] [1783020138.261124992] [self_driving]: [CW_CANDIDATE] name=crosswalkcx=420 y2=204 area=2952 score=0.84 [0m
[self_driving-10] [0m[INFO] [1783020138.267919066] [self_driving]: [CW_CANDIDATE] name=crosswalkcx=397 y2=174 area=828 score=0.73 [0m
[self_driving-10] [0m[INFO] [1783020138.585028973] [self_driving]: [OBJECTS] msg_count=104 n=1 names=['crosswalk'][0m
[self_driving-10] [0m[INFO] [1783020138.585891306] [self_driving]: [CW_CANDIDATE] name=crosswalkcx=416 y2=205 area=3055 score=0.85 [0m
[self_driving-10] [0m[INFO] [1783020138.589532658] [self_driving]: [CW_CANDIDATE] name=crosswalkcx=396 y2=174 area=822 score=0.74 [0m
[self_driving-10] [33m[WARN] [1783020138.696284436] [self_driving]: [LANE_LOST] raw_lane_x=-1 lane_x=-1 filter=lost stop=False state=LINE_FOLLOW safe_linear=0.02 right_ready=False right_done=False[0m
[self_driving-10] [0m[INFO] [1783020138.768079658] [self_driving]: [CROSSWALK_IGNORE] y=174 < th=180[0m
[self_driving-10] [0m[INFO] [1783020138.769244473] [self_driving]: [DEBUG_DRIVE] state=LINE_FOLLOW raw_lane_x=-1 lane_x=-1 filter=lost linear=0.32 angular=0.00 cw_y=174 cw_box_ready=False right_done=False start_turn=False count_turn=0 traffic=None stop=False[0m
[self_driving-10] [0m[INFO] [1783020138.863121288] [self_driving]: [BUTTON] pressed: ros_robot_controller_msgs.msg.ButtonState(id=1, state=1)[0m
[self_driving-10] [0m[INFO] [1783020138.928606936] [self_driving]: [CW_CANDIDATE] name=crosswalkcx=396 y2=173 area=987 score=0.77 [0m
[self_driving-10] [0m[INFO] [1783020138.940289714] [self_driving]: [TRAFFIC_CANDIDATE] name=green valid=True cx=633 cy=114 area=330 score=0.76 min_area=270[0m
[self_driving-10] [0m[INFO] [1783020139.277452176] [self_driving]: [OBJECTS] msg_count=108 n=1 names=['green'][0m
[self_driving-10] [0m[INFO] [1783020139.333539991] [self_driving]: [DEBUG_DRIVE] state=LINE_FOLLOW raw_lane_x=42.0 lane_x=42.0 filter=stable linear=0.32 angular=0.10 cw_y=0 cw_box_ready=False right_done=False start_turn=False count_turn=0 traffic=green stop=False[0m
[self_driving-10] [0m[INFO] [1783020139.596547935] [self_driving]: [TRAFFIC_CANDIDATE] name=green valid=True cx=604 cy=285 area=552 score=0.47 min_area=270[0m
[self_driving-10] [0m[INFO] [1783020139.658742176] [self_driving]: [IMAGE] received count=487 shape=(480, 640, 3) queue=0[0m
[self_driving-10] [0m[INFO] [1783020139.899953565] [self_driving]: [DEBUG_DRIVE] state=LINE_FOLLOW raw_lane_x=109.0 lane_x=109.0 filter=stable linear=0.32 angular=0.10 cw_y=0 cw_box_ready=False right_done=False start_turn=False count_turn=0 traffic=green stop=False[0m
[self_driving-10] [0m[INFO] [1783020140.236459694] [self_driving]: [OBJECTS] msg_count=110 n=1 names=['green'][0m
[self_driving-10] [0m[INFO] [1783020140.237292805] [self_driving]: [TRAFFIC_CANDIDATE] name=green valid=True cx=607 cy=246 area=900 score=0.51 min_area=270[0m
[self_driving-10] [0m[INFO] [1783020140.477840120] [self_driving]: [DEBUG_DRIVE] state=LINE_FOLLOW raw_lane_x=109.0 lane_x=109.0 filter=stable linear=0.32 angular=0.10 cw_y=0 cw_box_ready=False right_done=False start_turn=False count_turn=0 traffic=green stop=False[0m
[self_driving-10] [0m[INFO] [1783020140.561192379] [self_driving]: [CW_CANDIDATE] name=crosswalkcx=384 y2=209 area=3066 score=0.84 [0m
[self_driving-10] [0m[INFO] [1783020140.563476676] [self_driving]: [CW_CANDIDATE] name=crosswalkcx=370 y2=176 area=980 score=0.76 [0m
[self_driving-10] [0m[INFO] [1783020140.883049027] [self_driving]: [OBJECTS] msg_count=114 n=1 names=['crosswalk'][0m
[self_driving-10] [0m[INFO] [1783020140.883549916] [self_driving]: [CW_CANDIDATE] name=crosswalkcx=400 y2=204 area=2684 score=0.81 [0m
[self_driving-10] [0m[INFO] [1783020140.884243286] [self_driving]: [TRAFFIC_CLEAR] no valid red/green in current object msg -> clear stale traffic[0m
[self_driving-10] [0m[INFO] [1783020140.887012583] [self_driving]: [CW_CANDIDATE] name=crosswalkcx=379 y2=174 area=828 score=0.76 [0m
[self_driving-10] [0m[INFO] [1783020141.021808860] [self_driving]: [CROSSWALK_IGNORE] y=174 < th=180[0m
[self_driving-10] [0m[INFO] [1783020141.023304083] [self_driving]: [DEBUG_DRIVE] state=LINE_FOLLOW raw_lane_x=109.0 lane_x=109.0 filter=stable linear=0.32 angular=0.10 cw_y=174 cw_box_ready=False right_done=False start_turn=False count_turn=0 traffic=None stop=False[0m
[self_driving-10] [0m[INFO] [1783020141.233199805] [self_driving]: [CW_CANDIDATE] name=crosswalkcx=400 y2=204 area=2717 score=0.81 [0m
[self_driving-10] [0m[INFO] [1783020141.237009212] [self_driving]: [CW_CANDIDATE] name=crosswalkcx=378 y2=174 area=810 score=0.74 [0m
[self_driving-10] [0m[INFO] [1783020141.563482675] [self_driving]: [OBJECTS] msg_count=119 n=1 names=['crosswalk'][0m
[self_driving-10] [0m[INFO] [1783020141.564243508] [self_driving]: [CW_CANDIDATE] name=crosswalkcx=395 y2=204 area=2486 score=0.79 [0m
[self_driving-10] [0m[INFO] [1783020141.567536175] [self_driving]: [CW_CANDIDATE] name=crosswalkcx=378 y2=174 area=798 score=0.73 [0m
[self_driving-10] [0m[INFO] [1783020141.612648064] [self_driving]: [CROSSWALK_IGNORE] y=174 < th=180[0m
[self_driving-10] [0m[INFO] [1783020141.615330008] [self_driving]: [DEBUG_DRIVE] state=LINE_FOLLOW raw_lane_x=108.5 lane_x=108.5 filter=stable linear=0.32 angular=0.10 cw_y=174 cw_box_ready=False right_done=False start_turn=False count_turn=0 traffic=None stop=False[0m
[self_driving-10] [0m[INFO] [1783020141.664315730] [self_driving]: [IMAGE] received count=512 shape=(480, 640, 3) queue=0[0m
[self_driving-10] [0m[INFO] [1783020141.893437397] [self_driving]: [CW_CANDIDATE] name=crosswalkcx=399 y2=204 area=2684 score=0.81 [0m
[self_driving-10] [0m[INFO] [1783020141.907846990] [self_driving]: [CW_CANDIDATE] name=crosswalkcx=378 y2=174 area=804 score=0.74 [0m
[self_driving-10] [0m[INFO] [1783020142.151717675] [self_driving]: [CROSSWALK_IGNORE] y=174 < th=180[0m
[self_driving-10] [0m[INFO] [1783020142.152841749] [self_driving]: [DEBUG_DRIVE] state=LINE_FOLLOW raw_lane_x=110.0 lane_x=110.0 filter=stable linear=0.32 angular=0.10 cw_y=174 cw_box_ready=False right_done=False start_turn=False count_turn=0 traffic=None stop=False[0m
[self_driving-10] [0m[INFO] [1783020142.208693619] [self_driving]: [OBJECTS] msg_count=123 n=1 names=['green'][0m
[self_driving-10] [0m[INFO] [1783020142.209195823] [self_driving]: [TRAFFIC_CANDIDATE] name=green valid=True cx=618 cy=113 area=960 score=0.81 min_area=270[0m
[self_driving-10] [0m[INFO] [1783020142.212163286] [self_driving]: [CW_CANDIDATE] name=crosswalkcx=378 y2=174 area=804 score=0.72 [0m
[self_driving-10] [0m[INFO] [1783020142.524223100] [self_driving]: [CW_CANDIDATE] name=crosswalkcx=399 y2=205 area=3211 score=0.79 [0m
[self_driving-10] [0m[INFO] [1783020142.528477860] [self_driving]: [CW_CANDIDATE] name=crosswalkcx=378 y2=174 area=792 score=0.72 [0m
[self_driving-10] [0m[INFO] [1783020142.653482193] [self_driving]: [CROSSWALK_IGNORE] y=174 < th=180[0m
[self_driving-10] [0m[INFO] [1783020142.654443971] [self_driving]: [DEBUG_DRIVE] state=LINE_FOLLOW raw_lane_x=-1 lane_x=170.0 filter=hold_last linear=0.32 angular=-0.10 cw_y=174 cw_box_ready=False right_done=False start_turn=False count_turn=0 traffic=None stop=False[0m
[self_driving-10] [33m[WARN] [1783020142.812770248] [self_driving]: [LANE_LOST] raw_lane_x=-1 lane_x=-1 filter=lost stop=False state=LINE_FOLLOW safe_linear=0.02 right_ready=False right_done=False[0m
[self_driving-10] [0m[INFO] [1783020142.849164230] [self_driving]: [OBJECTS] msg_count=128 n=1 names=['crosswalk'][0m
[self_driving-10] [0m[INFO] [1783020142.849969804] [self_driving]: [CW_CANDIDATE] name=crosswalkcx=396 y2=204 area=2748 score=0.81 [0m
[self_driving-10] [0m[INFO] [1783020142.852799637] [self_driving]: [TRAFFIC_CANDIDATE] name=green valid=True cx=619 cy=113 area=870 score=0.77 min_area=270[0m
[self_driving-10] [0m[INFO] [1783020142.857474452] [self_driving]: [CW_CANDIDATE] name=crosswalkcx=378 y2=174 area=792 score=0.73 [0m
[self_driving-10] [0m[INFO] [1783020143.200281322] [self_driving]: [CW_CANDIDATE] name=crosswalkcx=377 y2=175 area=798 score=0.74 [0m
[self_driving-10] [0m[INFO] [1783020143.237421192] [self_driving]: [CROSSWALK_IGNORE] y=175 < th=180[0m
[self_driving-10] [0m[INFO] [1783020143.240126563] [self_driving]: [DEBUG_DRIVE] state=LINE_FOLLOW raw_lane_x=-1 lane_x=-1 filter=lost linear=0.32 angular=0.00 cw_y=175 cw_box_ready=False right_done=False start_turn=False count_turn=0 traffic=None stop=False[0m
[self_driving-10] [33m[WARN] [1783020143.374424989] [self_driving]: [LANE_LOST] raw_lane_x=-1 lane_x=-1 filter=lost stop=False state=LINE_FOLLOW safe_linear=0.02 right_ready=False right_done=False[0m
[self_driving-10] [0m[INFO] [1783020143.688141451] [self_driving]: [IMAGE] received count=537 shape=(480, 640, 3) queue=0[0m
[self_driving-10] [0m[INFO] [1783020143.756964581] [self_driving]: [CROSSWALK_IGNORE] y=175 < th=180[0m
[self_driving-10] [0m[INFO] [1783020143.757738063] [self_driving]: [DEBUG_DRIVE] state=LINE_FOLLOW raw_lane_x=-1 lane_x=-1 filter=lost linear=0.32 angular=0.00 cw_y=175 cw_box_ready=False right_done=False start_turn=False count_turn=0 traffic=None stop=False[0m
[self_driving-10] [0m[INFO] [1783020143.874274581] [self_driving]: [OBJECTS] msg_count=132 n=1 names=['crosswalk'][0m
[self_driving-10] [0m[INFO] [1783020143.875210822] [self_driving]: [CW_CANDIDATE] name=crosswalkcx=572 y2=479 area=6916 score=0.87 [0m
[self_driving-10] [33m[WARN] [1783020143.939242599] [self_driving]: [LANE_LOST] raw_lane_x=-1 lane_x=-1 filter=lost stop=False state=LINE_FOLLOW safe_linear=0.02 right_ready=False right_done=False[0m
[self_driving-10] [0m[INFO] [1783020144.194276822] [self_driving]: [CW_CANDIDATE] name=crosswalkcx=540 y2=433 area=6672 score=0.90 [0m
[self_driving-10] [0m[INFO] [1783020144.340051414] [self_driving]: [DEBUG_DRIVE] state=LINE_FOLLOW raw_lane_x=-1 lane_x=-1 filter=lost linear=0.32 angular=0.00 cw_y=433 cw_box_ready=False right_done=False start_turn=False count_turn=0 traffic=None stop=False[0m
[self_driving-10] [33m[WARN] [1783020144.494420099] [self_driving]: [LANE_LOST] raw_lane_x=-1 lane_x=-1 filter=lost stop=False state=LINE_FOLLOW safe_linear=0.02 right_ready=False right_done=False[0m
[self_driving-10] [33m[WARN] [1783020144.808078377] [self_driving]: [LANE_X_JUMP_REJECT] raw=32.0 last=170.0 diff=138.0 candidate=32.0 cnt=1/4[0m
[self_driving-10] [0m[INFO] [1783020144.907602191] [self_driving]: [DEBUG_DRIVE] state=LINE_FOLLOW raw_lane_x=120.5 lane_x=120.5 filter=stable linear=0.32 angular=0.10 cw_y=433 cw_box_ready=False right_done=False start_turn=False count_turn=0 traffic=None stop=False[0m
[self_driving-10] [33m[WARN] [1783020145.369995395] [self_driving]: [LANE_X_JUMP_REJECT] raw=241.5 last=120.5 diff=121.0 candidate=241.5 cnt=1/4[0m
[self_driving-10] [0m[INFO] [1783020145.423619376] [self_driving]: [DEBUG_DRIVE] state=LINE_FOLLOW raw_lane_x=269.0 lane_x=120.5 filter=jump_reject linear=0.32 angular=0.10 cw_y=433 cw_box_ready=False right_done=False start_turn=False count_turn=0 traffic=None stop=False[0m
[self_driving-10] [0m[INFO] [1783020145.568430969] [self_driving]: [LANE_X_JUMP_ACCEPT] raw=250.5 last=250.5 cnt=4/4[0m
[self_driving-10] [0m[INFO] [1783020145.692499543] [self_driving]: [IMAGE] received count=563 shape=(480, 640, 3) queue=0[0m
[self_driving-10] [0m[INFO] [1783020145.956550358] [self_driving]: [DEBUG_DRIVE] state=LINE_FOLLOW raw_lane_x=-1 lane_x=116.0 filter=hold_last linear=0.32 angular=0.10 cw_y=433 cw_box_ready=False right_done=False start_turn=False count_turn=0 traffic=None stop=False[0m
[self_driving-10] [33m[WARN] [1783020146.315805524] [self_driving]: [LANE_LOST] raw_lane_x=-1 lane_x=-1 filter=lost stop=False state=LINE_FOLLOW safe_linear=0.02 right_ready=False right_done=False[0m
[self_driving-10] [0m[INFO] [1783020146.508733913] [self_driving]: [DEBUG_DRIVE] state=LINE_FOLLOW raw_lane_x=-1 lane_x=-1 filter=lost linear=0.32 angular=0.00 cw_y=433 cw_box_ready=False right_done=False start_turn=False count_turn=0 traffic=None stop=False[0m
[self_driving-10] [33m[WARN] [1783020146.694509524] [self_driving]: [LANE_X_JUMP_REJECT] raw=306.0 last=116.0 diff=190.0 candidate=306.0 cnt=1/4[0m
[self_driving-10] [0m[INFO] [1783020147.035831061] [self_driving]: [DEBUG_DRIVE] state=LINE_FOLLOW raw_lane_x=91.0 lane_x=91.0 filter=stable linear=0.32 angular=0.10 cw_y=433 cw_box_ready=False right_done=False start_turn=False count_turn=0 traffic=None stop=False[0m
[self_driving-10] [33m[WARN] [1783020147.528347412] [self_driving]: [LANE_LOST] raw_lane_x=-1 lane_x=-1 filter=lost stop=False state=LINE_FOLLOW safe_linear=0.02 right_ready=False right_done=False[0m
[self_driving-10] [0m[INFO] [1783020147.585101857] [self_driving]: [DEBUG_DRIVE] state=LINE_FOLLOW raw_lane_x=-1 lane_x=-1 filter=lost linear=0.32 angular=0.00 cw_y=433 cw_box_ready=False right_done=False start_turn=False count_turn=0 traffic=None stop=False[0m
[self_driving-10] [0m[INFO] [1783020147.714045801] [self_driving]: [IMAGE] received count=593 shape=(480, 640, 3) queue=0[0m
[self_driving-10] [0m[INFO] [1783020147.859711930] [self_driving]: [OBJECTS] msg_count=134 n=1 names=['crosswalk'][0m
[self_driving-10] [33m[WARN] [1783020148.049797856] [self_driving]: [LANE_LOST] raw_lane_x=-1 lane_x=-1 filter=lost stop=False state=LINE_FOLLOW safe_linear=0.02 right_ready=False right_done=False[0m
[self_driving-10] [0m[INFO] [1783020148.106451708] [self_driving]: [DEBUG_DRIVE] state=LINE_FOLLOW raw_lane_x=-1 lane_x=-1 filter=lost linear=0.32 angular=0.00 cw_y=0 cw_box_ready=False right_done=False start_turn=False count_turn=0 traffic=None stop=False[0m
[self_driving-10] [33m[WARN] [1783020148.525644819] [self_driving]: [LANE_X_JUMP_REJECT] raw=289.0 last=18.5 diff=270.5 candidate=289.0 cnt=1/4[0m
[self_driving-10] [33m[WARN] [1783020148.601072578] [self_driving]: [LANE_LOST] raw_lane_x=-1 lane_x=-1 filter=lost stop=False state=LINE_FOLLOW safe_linear=0.02 right_ready=False right_done=False[0m
[self_driving-10] [0m[INFO] [1783020148.662704523] [self_driving]: [DEBUG_DRIVE] state=LINE_FOLLOW raw_lane_x=-1 lane_x=-1 filter=lost linear=0.32 angular=0.00 cw_y=0 cw_box_ready=False right_done=False start_turn=False count_turn=0 traffic=None stop=False[0m
[self_driving-10] [0m[INFO] [1783020149.180836948] [self_driving]: [DEBUG_DRIVE] state=LINE_FOLLOW raw_lane_x=32.0 lane_x=32.0 filter=stable linear=0.32 angular=0.10 cw_y=0 cw_box_ready=False right_done=False start_turn=False count_turn=0 traffic=None stop=False[0m
[self_driving-10] [33m[WARN] [1783020149.379461355] [self_driving]: [LANE_X_JUMP_REJECT] raw=200.5 last=28.5 diff=172.0 candidate=200.5 cnt=1/4[0m
[self_driving-10] [0m[INFO] [1783020149.722779337] [self_driving]: [IMAGE] received count=623 shape=(480, 640, 3) queue=0[0m
[self_driving-10] [33m[WARN] [1783020149.734069411] [self_driving]: [LANE_LOST] raw_lane_x=-1 lane_x=-1 filter=lost stop=False state=LINE_FOLLOW safe_linear=0.02 right_ready=False right_done=False[0m
[self_driving-10] [0m[INFO] [1783020149.734652800] [self_driving]: [DEBUG_DRIVE] state=LINE_FOLLOW raw_lane_x=-1 lane_x=-1 filter=lost linear=0.32 angular=0.00 cw_y=0 cw_box_ready=False right_done=False start_turn=False count_turn=0 traffic=None stop=False[0m
[self_driving-10] [0m[INFO] [1783020150.258829355] [self_driving]: [DEBUG_DRIVE] state=LINE_FOLLOW raw_lane_x=-1 lane_x=36.0 filter=hold_last linear=0.32 angular=0.10 cw_y=0 cw_box_ready=False right_done=False start_turn=False count_turn=0 traffic=None stop=False[0m
[self_driving-10] [33m[WARN] [1783020150.623087910] [self_driving]: [LANE_LOST] raw_lane_x=-1 lane_x=-1 filter=lost stop=False state=LINE_FOLLOW safe_linear=0.02 right_ready=False right_done=False[0m
[self_driving-10] [0m[INFO] [1783020150.800683614] [self_driving]: [DEBUG_DRIVE] state=LINE_FOLLOW raw_lane_x=-1 lane_x=-1 filter=lost linear=0.32 angular=0.00 cw_y=0 cw_box_ready=False right_done=False start_turn=False count_turn=0 traffic=None stop=False[0m
[self_driving-10] [0m[INFO] [1783020151.346109373] [self_driving]: [DEBUG_DRIVE] state=LINE_FOLLOW raw_lane_x=-1 lane_x=17.5 filter=hold_last linear=0.32 angular=0.10 cw_y=0 cw_box_ready=False right_done=False start_turn=False count_turn=0 traffic=None stop=False[0m
[self_driving-10] [33m[WARN] [1783020151.474279910] [self_driving]: [LANE_LOST] raw_lane_x=-1 lane_x=-1 filter=lost stop=False state=LINE_FOLLOW safe_linear=0.02 right_ready=False right_done=False[0m
[self_driving-10] [0m[INFO] [1783020151.746609669] [self_driving]: [IMAGE] received count=653 shape=(480, 640, 3) queue=0[0m
[self_driving-10] [33m[WARN] [1783020151.890125261] [self_driving]: [LANE_X_JUMP_REJECT] raw=222.0 last=17.5 diff=204.5 candidate=222.0 cnt=1/4[0m
[self_driving-10] [0m[INFO] [1783020151.892369613] [self_driving]: [DEBUG_DRIVE] state=LINE_FOLLOW raw_lane_x=222.0 lane_x=17.5 filter=jump_reject linear=0.32 angular=0.10 cw_y=0 cw_box_ready=False right_done=False start_turn=False count_turn=0 traffic=None stop=False[0m
[self_driving-10] [33m[WARN] [1783020152.022821724] [self_driving]: [LANE_LOST] raw_lane_x=-1 lane_x=-1 filter=lost stop=False state=LINE_FOLLOW safe_linear=0.02 right_ready=False right_done=False[0m
[self_driving-10] [0m[INFO] [1783020152.428822280] [self_driving]: [DEBUG_DRIVE] state=LINE_FOLLOW raw_lane_x=-1 lane_x=-1 filter=lost linear=0.32 angular=0.00 cw_y=0 cw_box_ready=False right_done=False start_turn=False count_turn=0 traffic=None stop=False[0m
[self_driving-10] [33m[WARN] [1783020152.556125335] [self_driving]: [LANE_LOST] raw_lane_x=-1 lane_x=-1 filter=lost stop=False state=LINE_FOLLOW safe_linear=0.02 right_ready=False right_done=False[0m
[self_driving-10] [33m[WARN] [1783020152.608200983] [self_driving]: [LANE_X_JUMP_REJECT] raw=229.5 last=17.5 diff=212.0 candidate=222.0 cnt=3/4[0m
[self_driving-10] [0m[INFO] [1783020152.962453094] [self_driving]: [DEBUG_DRIVE] state=LINE_FOLLOW raw_lane_x=273.0 lane_x=17.5 filter=jump_reject linear=0.32 angular=0.10 cw_y=0 cw_box_ready=False right_done=False start_turn=False count_turn=0 traffic=None stop=False[0m
[self_driving-10] [33m[WARN] [1783020153.097751076] [self_driving]: [LANE_LOST] raw_lane_x=-1 lane_x=-1 filter=lost stop=False state=LINE_FOLLOW safe_linear=0.02 right_ready=False right_done=False[0m
[self_driving-10] [33m[WARN] [1783020153.214128575] [self_driving]: [LANE_X_JUMP_REJECT] raw=143.5 last=17.5 diff=126.0 candidate=143.5 cnt=1/4[0m
[self_driving-10] [0m[INFO] [1783020153.496949335] [self_driving]: [DEBUG_DRIVE] state=LINE_FOLLOW raw_lane_x=-1 lane_x=-1 filter=lost linear=0.32 angular=0.00 cw_y=0 cw_box_ready=False right_done=False start_turn=False count_turn=0 traffic=None stop=False[0m
[self_driving-10] [0m[INFO] [1783020153.556152427] [self_driving]: [LANE_X_JUMP_ACCEPT] raw=158.0 last=158.0 cnt=4/4[0m
[self_driving-10] [0m[INFO] [1783020153.764677464] [self_driving]: [IMAGE] received count=683 shape=(480, 640, 3) queue=0[0m
[self_driving-10] [0m[INFO] [1783020154.019777334] [self_driving]: [DEBUG_DRIVE] state=LINE_FOLLOW raw_lane_x=-1 lane_x=200.0 filter=hold_last linear=0.32 angular=-0.10 cw_y=0 cw_box_ready=False right_done=False start_turn=False count_turn=0 traffic=None stop=False[0m
[self_driving-10] [33m[WARN] [1783020154.162577593] [self_driving]: [LANE_LOST] raw_lane_x=-1 lane_x=-1 filter=lost stop=False state=LINE_FOLLOW safe_linear=0.02 right_ready=False right_done=False[0m
[self_driving-10] [33m[WARN] [1783020154.220097760] [self_driving]: [LANE_X_JUMP_REJECT] raw=83.0 last=200.0 diff=117.0 candidate=83.0 cnt=1/4[0m
[self_driving-10] [0m[INFO] [1783020154.567743315] [self_driving]: [DEBUG_DRIVE] state=LINE_FOLLOW raw_lane_x=37.5 lane_x=200.0 filter=jump_reject linear=0.32 angular=-0.10 cw_y=0 cw_box_ready=False right_done=False start_turn=False count_turn=0 traffic=None stop=False[0m
[self_driving-10] [33m[WARN] [1783020154.725937649] [self_driving]: [LANE_LOST] raw_lane_x=-1 lane_x=-1 filter=lost stop=False state=LINE_FOLLOW safe_linear=0.02 right_ready=False right_done=False[0m
[self_driving-10] [0m[INFO] [1783020155.101055630] [self_driving]: [DEBUG_DRIVE] state=LINE_FOLLOW raw_lane_x=-1 lane_x=-1 filter=lost linear=0.32 angular=0.00 cw_y=0 cw_box_ready=False right_done=False start_turn=False count_turn=0 traffic=None stop=False[0m
[self_driving-10] [33m[WARN] [1783020155.239401278] [self_driving]: [LANE_LOST] raw_lane_x=-1 lane_x=-1 filter=lost stop=False state=LINE_FOLLOW safe_linear=0.02 right_ready=False right_done=False[0m
[self_driving-10] [0m[INFO] [1783020155.645488259] [self_driving]: [DEBUG_DRIVE] state=LINE_FOLLOW raw_lane_x=212.0 lane_x=212.0 filter=stable linear=0.32 angular=-0.10 cw_y=0 cw_box_ready=False right_done=False start_turn=False count_turn=0 traffic=None stop=False[0m
[self_driving-10] [0m[INFO] [1783020155.768075018] [self_driving]: [IMAGE] received count=713 shape=(480, 640, 3) queue=0[0m
[self_driving-10] [33m[WARN] [1783020156.051698944] [self_driving]: [LANE_LOST] raw_lane_x=-1 lane_x=-1 filter=lost stop=False state=LINE_FOLLOW safe_linear=0.02 right_ready=False right_done=False[0m
[self_driving-10] [0m[INFO] [1783020156.173816444] [self_driving]: [DEBUG_DRIVE] state=LINE_FOLLOW raw_lane_x=-1 lane_x=-1 filter=lost linear=0.32 angular=0.00 cw_y=0 cw_box_ready=False right_done=False start_turn=False count_turn=0 traffic=None stop=False[0m
[self_driving-10] [33m[WARN] [1783020156.570263499] [self_driving]: [LANE_LOST] raw_lane_x=-1 lane_x=-1 filter=lost stop=False state=LINE_FOLLOW safe_linear=0.02 right_ready=False right_done=False[0m
[self_driving-10] [0m[INFO] [1783020156.716964388] [self_driving]: [DEBUG_DRIVE] state=LINE_FOLLOW raw_lane_x=-1 lane_x=-1 filter=lost linear=0.32 angular=0.00 cw_y=0 cw_box_ready=False right_done=False start_turn=False count_turn=0 traffic=None stop=False[0m
[self_driving-10] [33m[WARN] [1783020157.135348684] [self_driving]: [LANE_LOST] raw_lane_x=-1 lane_x=-1 filter=lost stop=False state=LINE_FOLLOW safe_linear=0.02 right_ready=False right_done=False[0m
[self_driving-10] [0m[INFO] [1783020157.257153814] [self_driving]: [DEBUG_DRIVE] state=LINE_FOLLOW raw_lane_x=-1 lane_x=-1 filter=lost linear=0.32 angular=0.00 cw_y=0 cw_box_ready=False right_done=False start_turn=False count_turn=0 traffic=None stop=False[0m
[self_driving-10] [33m[WARN] [1783020157.667038332] [self_driving]: [LANE_LOST] raw_lane_x=-1 lane_x=-1 filter=lost stop=False state=LINE_FOLLOW safe_linear=0.02 right_ready=False right_done=False[0m
[self_driving-10] [0m[INFO] [1783020157.787302665] [self_driving]: [IMAGE] received count=743 shape=(480, 640, 3) queue=0[0m
[self_driving-10] [0m[INFO] [1783020157.804206739] [self_driving]: [DEBUG_DRIVE] state=LINE_FOLLOW raw_lane_x=-1 lane_x=-1 filter=lost linear=0.32 angular=0.00 cw_y=0 cw_box_ready=False right_done=False start_turn=False count_turn=0 traffic=None stop=False[0m
[self_driving-10] [33m[WARN] [1783020158.199839424] [self_driving]: [LANE_LOST] raw_lane_x=-1 lane_x=-1 filter=lost stop=False state=LINE_FOLLOW safe_linear=0.02 right_ready=False right_done=False[0m
[self_driving-10] [0m[INFO] [1783020158.322711072] [self_driving]: [DEBUG_DRIVE] state=LINE_FOLLOW raw_lane_x=-1 lane_x=-1 filter=lost linear=0.32 angular=0.00 cw_y=0 cw_box_ready=False right_done=False start_turn=False count_turn=0 traffic=None stop=False[0m
[self_driving-10] [33m[WARN] [1783020158.741179739] [self_driving]: [LANE_LOST] raw_lane_x=-1 lane_x=-1 filter=lost stop=False state=LINE_FOLLOW safe_linear=0.02 right_ready=False right_done=False[0m
[self_driving-10] [0m[INFO] [1783020158.877541720] [self_driving]: [DEBUG_DRIVE] state=LINE_FOLLOW raw_lane_x=-1 lane_x=-1 filter=lost linear=0.32 angular=0.00 cw_y=0 cw_box_ready=False right_done=False start_turn=False count_turn=0 traffic=None stop=False[0m
[self_driving-10] [33m[WARN] [1783020159.261608498] [self_driving]: [LANE_LOST] raw_lane_x=-1 lane_x=-1 filter=lost stop=False state=LINE_FOLLOW safe_linear=0.02 right_ready=False right_done=False[0m
[self_driving-10] [0m[INFO] [1783020159.408487516] [self_driving]: [DEBUG_DRIVE] state=LINE_FOLLOW raw_lane_x=-1 lane_x=-1 filter=lost linear=0.32 angular=0.00 cw_y=0 cw_box_ready=False right_done=False start_turn=False count_turn=0 traffic=None stop=False[0m
[self_driving-10] [0m[INFO] [1783020159.826809609] [self_driving]: [IMAGE] received count=773 shape=(480, 640, 3) queue=0[0m
[self_driving-10] [33m[WARN] [1783020159.835028460] [self_driving]: [LANE_LOST] raw_lane_x=-1 lane_x=-1 filter=lost stop=False state=LINE_FOLLOW safe_linear=0.02 right_ready=False right_done=False[0m
[self_driving-10] [0m[INFO] [1783020159.936169146] [self_driving]: [DEBUG_DRIVE] state=LINE_FOLLOW raw_lane_x=-1 lane_x=-1 filter=lost linear=0.32 angular=0.00 cw_y=0 cw_box_ready=False right_done=False start_turn=False count_turn=0 traffic=None stop=False[0m
[self_driving-10] [33m[WARN] [1783020160.343322756] [self_driving]: [LANE_LOST] raw_lane_x=-1 lane_x=-1 filter=lost stop=False state=LINE_FOLLOW safe_linear=0.02 right_ready=False right_done=False[0m
[self_driving-10] [0m[INFO] [1783020160.486966645] [self_driving]: [DEBUG_DRIVE] state=LINE_FOLLOW raw_lane_x=-1 lane_x=-1 filter=lost linear=0.32 angular=0.00 cw_y=0 cw_box_ready=False right_done=False start_turn=False count_turn=0 traffic=None stop=False[0m
[self_driving-10] [33m[WARN] [1783020160.894016182] [self_driving]: [LANE_LOST] raw_lane_x=-1 lane_x=-1 filter=lost stop=False state=LINE_FOLLOW safe_linear=0.02 right_ready=False right_done=False[0m
[self_driving-10] [0m[INFO] [1783020161.011154886] [self_driving]: [DEBUG_DRIVE] state=LINE_FOLLOW raw_lane_x=-1 lane_x=-1 filter=lost linear=0.32 angular=0.00 cw_y=0 cw_box_ready=False right_done=False start_turn=False count_turn=0 traffic=None stop=False[0m
[self_driving-10] [33m[WARN] [1783020161.426444441] [self_driving]: [LANE_LOST] raw_lane_x=-1 lane_x=-1 filter=lost stop=False state=LINE_FOLLOW safe_linear=0.02 right_ready=False right_done=False[0m
[self_driving-10] [0m[INFO] [1783020161.562116552] [self_driving]: [DEBUG_DRIVE] state=LINE_FOLLOW raw_lane_x=-1 lane_x=-1 filter=lost linear=0.32 angular=0.00 cw_y=0 cw_box_ready=False right_done=False start_turn=False count_turn=0 traffic=None stop=False[0m
[self_driving-10] [0m[INFO] [1783020161.841470459] [self_driving]: [IMAGE] received count=803 shape=(480, 640, 3) queue=0[0m
[self_driving-10] [33m[WARN] [1783020161.966323959] [self_driving]: [LANE_LOST] raw_lane_x=-1 lane_x=-1 filter=lost stop=False state=LINE_FOLLOW safe_linear=0.02 right_ready=False right_done=False[0m
[self_driving-10] [0m[INFO] [1783020162.090239255] [self_driving]: [DEBUG_DRIVE] state=LINE_FOLLOW raw_lane_x=-1 lane_x=-1 filter=lost linear=0.32 angular=0.00 cw_y=0 cw_box_ready=False right_done=False start_turn=False count_turn=0 traffic=None stop=False[0m
[self_driving-10] [33m[WARN] [1783020162.516037922] [self_driving]: [LANE_LOST] raw_lane_x=-1 lane_x=-1 filter=lost stop=False state=LINE_FOLLOW safe_linear=0.02 right_ready=False right_done=False[0m
[self_driving-10] [0m[INFO] [1783020162.637629144] [self_driving]: [DEBUG_DRIVE] state=LINE_FOLLOW raw_lane_x=-1 lane_x=-1 filter=lost linear=0.32 angular=0.00 cw_y=0 cw_box_ready=False right_done=False start_turn=False count_turn=0 traffic=None stop=False[0m
[self_driving-10] [33m[WARN] [1783020163.023366403] [self_driving]: [LANE_LOST] raw_lane_x=-1 lane_x=-1 filter=lost stop=False state=LINE_FOLLOW safe_linear=0.02 right_ready=False right_done=False[0m
[self_driving-10] [0m[INFO] [1783020163.135565495] [self_driving]: [OBJECTS] msg_count=135 n=1 names=['green'][0m
[self_driving-10] [0m[INFO] [1783020163.137679032] [self_driving]: [TRAFFIC_CANDIDATE] name=green valid=False cx=103 cy=82 area=30720 score=0.39 min_area=270[0m
[self_driving-10] [0m[INFO] [1783020163.193966514] [self_driving]: [DEBUG_DRIVE] state=LINE_FOLLOW raw_lane_x=-1 lane_x=-1 filter=lost linear=0.32 angular=0.00 cw_y=0 cw_box_ready=False right_done=False start_turn=False count_turn=0 traffic=None stop=False[0m
[self_driving-10] [33m[WARN] [1783020163.575217921] [self_driving]: [LANE_LOST] raw_lane_x=-1 lane_x=-1 filter=lost stop=False state=LINE_FOLLOW safe_linear=0.02 right_ready=False right_done=False[0m
[self_driving-10] [0m[INFO] [1783020163.702487365] [self_driving]: [DEBUG_DRIVE] state=LINE_FOLLOW raw_lane_x=-1 lane_x=-1 filter=lost linear=0.32 angular=0.00 cw_y=0 cw_box_ready=False right_done=False start_turn=False count_turn=0 traffic=None stop=False[0m
[self_driving-10] [0m[INFO] [1783020163.840838439] [self_driving]: [IMAGE] received count=833 shape=(480, 640, 3) queue=0[0m
[self_driving-10] [33m[WARN] [1783020163.899533402] [self_driving]: [LANE_X_JUMP_REJECT] raw=83.5 last=212.0 diff=128.5 candidate=83.5 cnt=1/4[0m
[self_driving-10] [33m[WARN] [1783020164.107450828] [self_driving]: [LANE_LOST] raw_lane_x=-1 lane_x=-1 filter=lost stop=False state=LINE_FOLLOW safe_linear=0.02 right_ready=False right_done=False[0m
[self_driving-10] [0m[INFO] [1783020164.252700939] [self_driving]: [DEBUG_DRIVE] state=LINE_FOLLOW raw_lane_x=-1 lane_x=-1 filter=lost linear=0.32 angular=0.00 cw_y=0 cw_box_ready=False right_done=False start_turn=False count_turn=0 traffic=None stop=False[0m
[self_driving-10] [0m[INFO] [1783020164.512460458] [self_driving]: [OBJECTS] msg_count=136 n=1 names=['crosswalk'][0m
[self_driving-10] [0m[INFO] [1783020164.513239902] [self_driving]: [CW_CANDIDATE] name=crosswalkcx=608 y2=259 area=5220 score=0.47 [0m
[self_driving-10] [33m[WARN] [1783020164.654541569] [self_driving]: [LANE_LOST] raw_lane_x=-1 lane_x=-1 filter=lost stop=False state=LINE_FOLLOW safe_linear=0.02 right_ready=False right_done=False[0m
[self_driving-10] [0m[INFO] [1783020164.791729550] [self_driving]: [DEBUG_DRIVE] state=LINE_FOLLOW raw_lane_x=-1 lane_x=-1 filter=lost linear=0.32 angular=0.00 cw_y=259 cw_box_ready=False right_done=False start_turn=False count_turn=0 traffic=None stop=False[0m
[self_driving-10] [0m[INFO] [1783020165.205395216] [self_driving]: [OBJECTS] msg_count=137 n=1 names=['crosswalk'][0m
[self_driving-10] [0m[INFO] [1783020165.207758365] [self_driving]: [CW_CANDIDATE] name=crosswalkcx=567 y2=82 area=7952 score=0.52 [0m
[self_driving-10] [33m[WARN] [1783020165.213203809] [self_driving]: [LANE_LOST] raw_lane_x=-1 lane_x=-1 filter=lost stop=False state=LINE_FOLLOW safe_linear=0.02 right_ready=False right_done=False[0m
[self_driving-10] [0m[INFO] [1783020165.304767716] [self_driving]: [CROSSWALK_IGNORE] y=82 < th=180[0m
[self_driving-10] [0m[INFO] [1783020165.306890124] [self_driving]: [DEBUG_DRIVE] state=LINE_FOLLOW raw_lane_x=-1 lane_x=-1 filter=lost linear=0.32 angular=0.00 cw_y=82 cw_box_ready=False right_done=False start_turn=False count_turn=0 traffic=None stop=False[0m
[self_driving-10] [33m[WARN] [1783020165.728690549] [self_driving]: [LANE_LOST] raw_lane_x=-1 lane_x=-1 filter=lost stop=False state=LINE_FOLLOW safe_linear=0.02 right_ready=False right_done=False[0m
[self_driving-10] [0m[INFO] [1783020165.846360846] [self_driving]: [CROSSWALK_IGNORE] y=82 < th=180[0m
[self_driving-10] [0m[INFO] [1783020165.846964457] [self_driving]: [DEBUG_DRIVE] state=LINE_FOLLOW raw_lane_x=-1 lane_x=-1 filter=lost linear=0.32 angular=0.00 cw_y=82 cw_box_ready=False right_done=False start_turn=False count_turn=0 traffic=None stop=False[0m
[self_driving-10] [0m[INFO] [1783020165.929462920] [self_driving]: [IMAGE] received count=864 shape=(480, 640, 3) queue=0[0m
[self_driving-10] [33m[WARN] [1783020166.257863994] [self_driving]: [LANE_LOST] raw_lane_x=-1 lane_x=-1 filter=lost stop=False state=LINE_FOLLOW safe_linear=0.02 right_ready=False right_done=False[0m
[self_driving-10] [0m[INFO] [1783020166.388016716] [self_driving]: [CROSSWALK_IGNORE] y=82 < th=180[0m
[self_driving-10] [0m[INFO] [1783020166.390665549] [self_driving]: [DEBUG_DRIVE] state=LINE_FOLLOW raw_lane_x=-1 lane_x=-1 filter=lost linear=0.32 angular=0.00 cw_y=82 cw_box_ready=False right_done=False start_turn=False count_turn=0 traffic=None stop=False[0m
[self_driving-10] [0m[INFO] [1783020166.561837660] [self_driving]: [OBJECTS] msg_count=138 n=1 names=['crosswalk'][0m
[self_driving-10] [0m[INFO] [1783020166.565024364] [self_driving]: [CW_CANDIDATE] name=crosswalkcx=32 y2=112 area=1235 score=0.48 [0m
[self_driving-10] [33m[WARN] [1783020166.801193141] [self_driving]: [LANE_LOST] raw_lane_x=-1 lane_x=-1 filter=lost stop=False state=LINE_FOLLOW safe_linear=0.02 right_ready=False right_done=False[0m
[self_driving-10] [0m[INFO] [1783020166.949944845] [self_driving]: [CROSSWALK_IGNORE] y=112 < th=180[0m
[self_driving-10] [0m[INFO] [1783020166.956403697] [self_driving]: [DEBUG_DRIVE] state=LINE_FOLLOW raw_lane_x=-1 lane_x=-1 filter=lost linear=0.32 angular=0.00 cw_y=112 cw_box_ready=False right_done=False start_turn=False count_turn=0 traffic=None stop=False[0m
[self_driving-10] [33m[WARN] [1783020167.350771363] [self_driving]: [LANE_LOST] raw_lane_x=-1 lane_x=-1 filter=lost stop=False state=LINE_FOLLOW safe_linear=0.02 right_ready=False right_done=False[0m
[self_driving-10] [0m[INFO] [1783020167.463918345] [self_driving]: [CROSSWALK_IGNORE] y=112 < th=180[0m
[self_driving-10] [0m[INFO] [1783020167.465438808] [self_driving]: [DEBUG_DRIVE] state=LINE_FOLLOW raw_lane_x=-1 lane_x=-1 filter=lost linear=0.32 angular=0.00 cw_y=112 cw_box_ready=False right_done=False start_turn=False count_turn=0 traffic=None stop=False[0m
[self_driving-10] [33m[WARN] [1783020167.868786548] [self_driving]: [LANE_LOST] raw_lane_x=-1 lane_x=-1 filter=lost stop=False state=LINE_FOLLOW safe_linear=0.02 right_ready=False right_done=False[0m
[self_driving-10] [0m[INFO] [1783020167.921045344] [self_driving]: [OBJECTS] msg_count=139 n=1 names=['crosswalk'][0m
[self_driving-10] [0m[INFO] [1783020167.923530215] [self_driving]: [CW_CANDIDATE] name=crosswalkcx=572 y2=46 area=5895 score=0.59 [0m
[self_driving-10] [0m[INFO] [1783020167.935897474] [self_driving]: [IMAGE] received count=894 shape=(480, 640, 3) queue=0[0m
[self_driving-10] [0m[INFO] [1783020168.011136733] [self_driving]: [CROSSWALK_IGNORE] y=46 < th=180[0m
[self_driving-10] [0m[INFO] [1783020168.015790067] [self_driving]: [DEBUG_DRIVE] state=LINE_FOLLOW raw_lane_x=-1 lane_x=-1 filter=lost linear=0.32 angular=0.00 cw_y=46 cw_box_ready=False right_done=False start_turn=False count_turn=0 traffic=None stop=False[0m
[self_driving-10] [33m[WARN] [1783020168.411910066] [self_driving]: [LANE_LOST] raw_lane_x=-1 lane_x=-1 filter=lost stop=False state=LINE_FOLLOW safe_linear=0.02 right_ready=False right_done=False[0m
[self_driving-10] [0m[INFO] [1783020168.547675307] [self_driving]: [CROSSWALK_IGNORE] y=46 < th=180[0m
[self_driving-10] [0m[INFO] [1783020168.553132029] [self_driving]: [DEBUG_DRIVE] state=LINE_FOLLOW raw_lane_x=-1 lane_x=-1 filter=lost linear=0.32 angular=0.00 cw_y=46 cw_box_ready=False right_done=False start_turn=False count_turn=0 traffic=None stop=False[0m
[self_driving-10] [0m[INFO] [1783020168.628247640] [self_driving]: [OBJECTS] msg_count=140 n=1 names=['crosswalk'][0m
[self_driving-10] [33m[WARN] [1783020168.948089381] [self_driving]: [LANE_LOST] raw_lane_x=-1 lane_x=-1 filter=lost stop=False state=LINE_FOLLOW safe_linear=0.02 right_ready=False right_done=False[0m
[self_driving-10] [0m[INFO] [1783020169.077737696] [self_driving]: [DEBUG_DRIVE] state=LINE_FOLLOW raw_lane_x=-1 lane_x=-1 filter=lost linear=0.32 angular=0.00 cw_y=0 cw_box_ready=False right_done=False start_turn=False count_turn=0 traffic=None stop=False[0m
[self_driving-10] [0m[INFO] [1783020169.285733936] [self_driving]: [OBJECTS] msg_count=142 n=1 names=['crosswalk'][0m
[self_driving-10] [0m[INFO] [1783020169.613124306] [self_driving]: [DEBUG_DRIVE] state=LINE_FOLLOW raw_lane_x=-1 lane_x=151.5 filter=hold_last linear=0.32 angular=-0.10 cw_y=0 cw_box_ready=False right_done=False start_turn=False count_turn=0 traffic=None stop=False[0m
[self_driving-10] [33m[WARN] [1783020169.820155732] [self_driving]: [LANE_X_JUMP_REJECT] raw=242.0 last=151.5 diff=90.5 candidate=242.0 cnt=1/4[0m
[self_driving-10] [0m[INFO] [1783020169.949483769] [self_driving]: [IMAGE] received count=924 shape=(480, 640, 3) queue=0[0m
[self_driving-10] [33m[WARN] [1783020169.970837621] [self_driving]: [LANE_LOST] raw_lane_x=-1 lane_x=-1 filter=lost stop=False state=LINE_FOLLOW safe_linear=0.02 right_ready=False right_done=False[0m
[self_driving-10] [0m[INFO] [1783020170.161826676] [self_driving]: [DEBUG_DRIVE] state=LINE_FOLLOW raw_lane_x=-1 lane_x=-1 filter=lost linear=0.32 angular=0.00 cw_y=0 cw_box_ready=False right_done=False start_turn=False count_turn=0 traffic=None stop=False[0m
[self_driving-10] [33m[WARN] [1783020170.486335454] [self_driving]: [LANE_LOST] raw_lane_x=-1 lane_x=-1 filter=lost stop=False state=LINE_FOLLOW safe_linear=0.02 right_ready=False right_done=False[0m
[self_driving-10] [0m[INFO] [1783020170.702983602] [self_driving]: [DEBUG_DRIVE] state=LINE_FOLLOW raw_lane_x=-1 lane_x=-1 filter=lost linear=0.32 angular=0.00 cw_y=0 cw_box_ready=False right_done=False start_turn=False count_turn=0 traffic=None stop=False[0m
[self_driving-10] [33m[WARN] [1783020171.026480565] [self_driving]: [LANE_LOST] raw_lane_x=-1 lane_x=-1 filter=lost stop=False state=LINE_FOLLOW safe_linear=0.02 right_ready=False right_done=False[0m
[self_driving-10] [0m[INFO] [1783020171.231370639] [self_driving]: [DEBUG_DRIVE] state=LINE_FOLLOW raw_lane_x=-1 lane_x=-1 filter=lost linear=0.32 angular=0.00 cw_y=0 cw_box_ready=False right_done=False start_turn=False count_turn=0 traffic=None stop=False[0m
[self_driving-10] [33m[WARN] [1783020171.566281861] [self_driving]: [LANE_LOST] raw_lane_x=-1 lane_x=-1 filter=lost stop=False state=LINE_FOLLOW safe_linear=0.02 right_ready=False right_done=False[0m
[self_driving-10] [0m[INFO] [1783020171.765343268] [self_driving]: [DEBUG_DRIVE] state=LINE_FOLLOW raw_lane_x=-1 lane_x=-1 filter=lost linear=0.32 angular=0.00 cw_y=0 cw_box_ready=False right_done=False start_turn=False count_turn=0 traffic=None stop=False[0m
[self_driving-10] [0m[INFO] [1783020171.971498361] [self_driving]: [IMAGE] received count=954 shape=(480, 640, 3) queue=0[0m
[self_driving-10] [33m[WARN] [1783020172.111157786] [self_driving]: [LANE_LOST] raw_lane_x=-1 lane_x=-1 filter=lost stop=False state=LINE_FOLLOW safe_linear=0.02 right_ready=False right_done=False[0m
[self_driving-10] [0m[INFO] [1783020172.313195490] [self_driving]: [DEBUG_DRIVE] state=LINE_FOLLOW raw_lane_x=-1 lane_x=-1 filter=lost linear=0.32 angular=0.00 cw_y=0 cw_box_ready=False right_done=False start_turn=False count_turn=0 traffic=None stop=False[0m
[self_driving-10] [33m[WARN] [1783020172.648178064] [self_driving]: [LANE_LOST] raw_lane_x=-1 lane_x=-1 filter=lost stop=False state=LINE_FOLLOW safe_linear=0.02 right_ready=False right_done=False[0m
