[INFO] [launch]: All log files can be found below /home/ubuntu/.ros/log/2026-07-02-15-46-04-395728-raspberrypi-102797
[INFO] [launch]: Default logging verbosity is set to INFO
[INFO] [ascamera_node-1]: process started with pid [102813]
[INFO] [static_transform_publisher-2]: process started with pid [102815]
[INFO] [static_transform_publisher-3]: process started with pid [102817]
[INFO] [joint_state_publisher-4]: process started with pid [102819]
[INFO] [robot_state_publisher-5]: process started with pid [102821]
[INFO] [ros_robot_controller-6]: process started with pid [102823]
[INFO] [odom_publisher-7]: process started with pid [102833]
[INFO] [ekf_node-8]: process started with pid [102836]
[INFO] [yolo_detect-9]: process started with pid [102839]
[INFO] [self_driving-10]: process started with pid [102850]
[ascamera_node-1] [0m[INFO] [1783007165.146515465] [as_logger]: hello world angstrong camera ros2 node[0m
[static_transform_publisher-2] [33m[WARN] [1783007165.150110761] []: Old-style arguments are deprecated; see --help for new-style arguments[0m
[static_transform_publisher-3] [33m[WARN] [1783007165.132812521] []: Old-style arguments are deprecated; see --help for new-style arguments[0m
[static_transform_publisher-3] [0m[INFO] [1783007165.151143910] [static_transform_publisher_4dPJpUZ7KWmqkcCE]: Spinning until stopped - publishing transform
[static_transform_publisher-3] translation: ('0.000000', '0.000000', '0.000000')
[static_transform_publisher-3] rotation: ('-0.500000', '0.499602', '-0.500000', '0.500398')
[static_transform_publisher-3] from 'depth_cam' to 'ascamera_color_0'[0m
[ascamera_node-1] 2026-07-02 15:46:05[INFO] [CameraPublisher.cpp] [1558] [printLaunchParams] get depth_width 640
[ascamera_node-1] 2026-07-02 15:46:05[INFO] [CameraPublisher.cpp] [1559] [printLaunchParams] get depth_height 480
[ascamera_node-1] 2026-07-02 15:46:05[INFO] [CameraPublisher.cpp] [1561] [printLaunchParams] get rgb_width 640
[ascamera_node-1] 2026-07-02 15:46:05[INFO] [CameraPublisher.cpp] [1562] [printLaunchParams] get rgb_height 480
[ascamera_node-1] 2026-07-02 15:46:05[INFO] [CameraPublisher.cpp] [1570] [printLaunchParams] get set_fps 15
[ascamera_node-1] 2026-07-02 15:46:05[INFO] [CameraPublisher.cpp] [1578] [printLaunchParams] get color_pcl 1
[ascamera_node-1] 2026-07-02 15:46:05[INFO] [CameraPublisher.cpp] [1582] [printLaunchParams] get pub_tfTree 1
[ascamera_node-1] 2026-07-02 15:46:05[INFO] [CameraSrv.cpp] [35] [CameraSrv] Angstrong camera server
[ascamera_node-1] 2026-07-02 15:46:05[INFO] [CameraSrv.cpp] [45] [CameraSrv] Angstrong camera sdk version:v1.2.22.20240516
[static_transform_publisher-2] [0m[INFO] [1783007165.222694928] [static_transform_publisher_dwgftfYX2NrV2mGC]: Spinning until stopped - publishing transform
[static_transform_publisher-2] translation: ('0.000000', '0.000000', '0.000000')
[static_transform_publisher-2] rotation: ('-0.500000', '0.499602', '-0.500000', '0.500398')
[static_transform_publisher-2] from 'depth_cam' to 'ascamera_camera_link_0'[0m
[robot_state_publisher-5] [0m[INFO] [1783007165.277730150] [robot_state_publisher]: got segment base_footprint[0m
[robot_state_publisher-5] [0m[INFO] [1783007165.277975409] [robot_state_publisher]: got segment base_link[0m
[robot_state_publisher-5] [0m[INFO] [1783007165.277995798] [robot_state_publisher]: got segment depth_cam[0m
[robot_state_publisher-5] [0m[INFO] [1783007165.278004669] [robot_state_publisher]: got segment imu_link[0m
[robot_state_publisher-5] [0m[INFO] [1783007165.278013409] [robot_state_publisher]: got segment lidar_frame[0m
[robot_state_publisher-5] [0m[INFO] [1783007165.278021521] [robot_state_publisher]: got segment wheel_lb_Link[0m
[robot_state_publisher-5] [0m[INFO] [1783007165.278030872] [robot_state_publisher]: got segment wheel_lf_Link[0m
[robot_state_publisher-5] [0m[INFO] [1783007165.278039187] [robot_state_publisher]: got segment wheel_rb_Link[0m
[robot_state_publisher-5] [0m[INFO] [1783007165.278046872] [robot_state_publisher]: got segment wheel_rf_Link[0m
[odom_publisher-7] [0m[INFO] [1783007165.941052002] [odom_publisher]: [1;32m0.930000 1.010000[0m[0m
[odom_publisher-7] [0m[INFO] [1783007165.954517168] [odom_publisher]: [1;32mstart[0m[0m
[ascamera_node-1] 2026-07-02 15:46:06[INFO] [CameraSrv.cpp] [114] [onAttached] attached
[ascamera_node-1] 2026-07-02 15:46:06[INFO] [CameraSrv.cpp] [145] [onAttached] this is a new attach device, create and open it
[joint_state_publisher-4] [0m[INFO] [1783007166.506002372] [joint_state_publisher]: Waiting for robot_description to be published on the robot_description topic...[0m
[ros_robot_controller-6] [0m[INFO] [1783007166.707387983] [ros_robot_controller]: 已设置舵机 1 的偏移量为 0[0m
[ros_robot_controller-6] [0m[INFO] [1783007166.709006575] [ros_robot_controller]: 已设置舵机 2 的偏移量为 0[0m
[ros_robot_controller-6] [0m[INFO] [1783007166.709763501] [ros_robot_controller]: 已设置舵机 3 的偏移量为 4[0m
[ros_robot_controller-6] [0m[INFO] [1783007166.710855372] [ros_robot_controller]: 已设置舵机 4 的偏移量为 0[0m
[ros_robot_controller-6] [0m[INFO] [1783007166.714798557] [ros_robot_controller]: [1;32mstart[0m[0m
[self_driving-10] [0m[INFO] [1783007166.769853446] [self_driving]: [INIT] init_process started[0m
[self_driving-10] [0m[INFO] [1783007166.771282742] [self_driving]: [INIT] only_line_follow=False[0m
[self_driving-10] [0m[INFO] [1783007166.771704668] [self_driving]: [INIT] request /yolov5/start[0m
[ascamera_node-1] 2026-07-02 15:46:07[INFO] [CameraSrv.cpp] [154] [onAttached] get model type 9
[ascamera_node-1] 2026-07-02 15:46:07[INFO] [CameraSrv.cpp] [342] [getConfigFile] get file: /home/ubuntu/third_party_ros2/third_party_ws/src/ascamera/configurationfiles/hp60c_v2_00_20230704_configEncrypt.json
[ascamera_node-1] 2026-07-02 15:46:07[INFO] [CameraPublisher.cpp] [1501] [logCameraPathInfo] usb camera
[ascamera_node-1] 2026-07-02 15:46:07[INFO] [CameraPublisher.cpp] [1502] [logCameraPathInfo] bnum:1
[ascamera_node-1] 2026-07-02 15:46:07[INFO] [CameraPublisher.cpp] [1503] [logCameraPathInfo] dnum:3
[ascamera_node-1] 2026-07-02 15:46:07[INFO] [CameraPublisher.cpp] [1504] [logCameraPathInfo] port_numbers:2
[ascamera_node-1] 2026-07-02 15:46:07[INFO] [CameraPublisher.cpp] [171] [onCameraAttached] create a new publisher info set
[ascamera_node-1] 2026-07-02 15:46:07[INFO] [TfTreeFrameIdInfo.cpp] [11] [TfTreeFrameIdInfo] Namespace /ascamera
[ascamera_node-1] 2026-07-02 15:46:07[INFO] [CameraHp60c.cpp] [128] [open] according to the configuration file.
[ascamera_node-1] 2026-07-02 15:46:07[INFO] [CameraHp60c.cpp] [1528] [parseConfigFileParameter] moduleName:AS_CAM_HP60C
[ascamera_node-1] 2026-07-02 15:46:07[INFO] [CameraHp60c.cpp] [1555] [parseConfigFileParameter] Parsing config file /home/ubuntu/third_party_ros2/third_party_ws/src/ascamera/configurationfiles/hp60c_v2_00_20230704_configEncrypt.json
[ascamera_node-1] 2026-07-02 15:46:07[INFO] [CameraHp60c.cpp] [1620] [parseConfigFileParameter] configuration protocol Version: v2.x
[ascamera_node-1] 2026-07-02 15:46:07[INFO] [CameraHp60c.cpp] [1631] [parseConfigFileParameter] configuration Version: v2.0.0.20230704
[ascamera_node-1] 2026-07-02 15:46:07[INFO] [CameraHp60c.cpp] [1796] [setParamersAfterOpenCam] Camera confiParaEnable true, setting configuration parameter
[self_driving-10] [33m[WARN] [1783007168.775142944] [self_driving]: [YOLO_SERVICE] service not ready, continue without blocking[0m
[ascamera_node-1] 2026-07-02 15:46:08[ERROR] [XuCmdCameraHp60c.cpp] [454] [getMjpegSize] get mjpeg from xu command failed
[ascamera_node-1] 2026-07-02 15:46:08[INFO] [XuCmdCameraHp60c.cpp] [458] [getMjpegSize] mjpeg size:640x480
[ascamera_node-1] 2026-07-02 15:46:08[INFO] [CameraPublisher.cpp] [356] [onCameraOpen] camera opened
[ascamera_node-1] 2026-07-02 15:46:08[INFO] [CameraPublisher.cpp] [370] [onCameraOpen] get config info, ret 0, is_Registration 1
[ascamera_node-1] 2026-07-02 15:46:08[INFO] [Camera.cpp] [61] [init] #camera[0x5556350f8620] SN[ASC60CF08000515]'s firmware version:DLS_VERc20865=:V01.09_2024110714:V01.19_2024110714:L01
[ascamera_node-1] 2026-07-02 15:46:08[INFO] [CameraPublisher.cpp] [1183] [setResolution] set depth resolution: 640 x 480 @ 15fps
[ascamera_node-1] 2026-07-02 15:46:08[INFO] [CameraPublisher.cpp] [1197] [setResolution] set rgb resolution: 640 x 480 @ 15fps
[ascamera_node-1] 2026-07-02 15:46:08[INFO] [CameraHp60c.cpp] [260] [startStreaming] start streaming
[ascamera_node-1] 2026-07-02 15:46:08[INFO] [CameraSrv.cpp] [202] [onAttached] attached end
[self_driving-10] [0m[INFO] [1783007169.276257240] [self_driving]: [INIT] enter + set_running start[0m
[self_driving-10] [0m[INFO] [1783007169.276782426] [self_driving]: [1;32mself driving enter[0m[0m
[self_driving-10] [0m[INFO] [1783007169.287342166] [self_driving]: [SUB] image=/ascamera/camera_publisher/rgb0/image object=/yolov5_ros2/object_detect[0m
[self_driving-10] [0m[INFO] [1783007169.288057814] [self_driving]: [1;32mset_running[0m[0m
[self_driving-10] [0m[INFO] [1783007169.292143926] [self_driving]: [1;32m[START] hybrid self_driving start: auto LINE_FOLLOW[0m[0m
[INFO] [apply_calib-11]: process started with pid [102997]
[INFO] [complementary_filter_node-12]: process started with pid [102999]
[ascamera_node-1] 2026-07-02 15:46:10[INFO] [CameraHp60c.cpp] [912] [setInternalParameter] mjpeg info: size(640x480)
[complementary_filter_node-12] [0m[INFO] [1783007170.517015425] [imu_filter]: Starting ComplementaryFilterROS[0m
[ascamera_node-1] 2026-07-02 15:46:10[INFO] [Camera.cpp] [127] [backgroundThread] SN [ ASC60CF08000515 ]'s parameter:
[ascamera_node-1] 2026-07-02 15:46:10[INFO] [Camera.cpp] [128] [backgroundThread] irfx: 426.962
[ascamera_node-1] 2026-07-02 15:46:10[INFO] [Camera.cpp] [129] [backgroundThread] irfy: 426.374
[ascamera_node-1] 2026-07-02 15:46:10[INFO] [Camera.cpp] [130] [backgroundThread] ircx: 315.403
[ascamera_node-1] 2026-07-02 15:46:10[INFO] [Camera.cpp] [131] [backgroundThread] ircy: 240.933
[ascamera_node-1] 2026-07-02 15:46:10[INFO] [Camera.cpp] [132] [backgroundThread] rgbfx: 570.48
[ascamera_node-1] 2026-07-02 15:46:10[INFO] [Camera.cpp] [133] [backgroundThread] rgbfy: 569.949
[ascamera_node-1] 2026-07-02 15:46:10[INFO] [Camera.cpp] [134] [backgroundThread] rgbcx: 329.75
[ascamera_node-1] 2026-07-02 15:46:10[INFO] [Camera.cpp] [135] [backgroundThread] rgbcy: 238.406
[ascamera_node-1] 
[ascamera_node-1] 2026-07-02 15:46:10[INFO] [CameraHp60c.cpp] [1149] [streamCallback] set gain ret 0, gain 4
[self_driving-10] [0m[INFO] [1783007171.184472517] [self_driving]: [CMD] n=1 source=lane_lost_safe linear_x=0.05 linear_y=0.00 angular_z=0.00 state=LINE_FOLLOW stop=False raw_lane_x=-1 lane_filter=lost[0m
[apply_calib-11] [0m[INFO] [1783007171.493018461] [imu_calib]: Calibrating gyros; do not move the IMU[0m
[yolo_detect-9] [0m[INFO] [1783007173.099106571] [yolov5_ros2]: Current ROS 2 distribution: humble[0m
[apply_calib-11] [0m[INFO] [1783007173.451202571] [imu_calib]: Gyro calibration complete! (bias = [-0.007, 0.011, 0.250])[0m
[self_driving-10] [0m[INFO] [1783007173.936081423] [self_driving]: [CMD] n=45 source=pid_follow linear_x=0.30 linear_y=0.00 angular_z=0.10 state=LINE_FOLLOW stop=False lane_x=79.5 raw_lane_x=79.5 lane_filter=init cw_y=0 park_x=-1 right_done=False[0m
[self_driving-10] [0m[INFO] [1783007174.681749404] [self_driving]: [CMD] n=56 source=line_turn linear_x=0.30 linear_y=0.00 angular_z=-0.45 state=LINE_FOLLOW stop=False lane_x=215.0 raw_lane_x=215.0 lane_filter=stable cw_y=0 park_x=-1 right_done=False[0m
[self_driving-10] [0m[INFO] [1783007175.261616163] [self_driving]: [CMD] n=64 source=pid_follow linear_x=0.30 linear_y=0.00 angular_z=0.00 state=LINE_FOLLOW stop=False lane_x=155.0 raw_lane_x=155.0 lane_filter=stable cw_y=312 park_x=-1 right_done=False[0m
[self_driving-10] [0m[INFO] [1783007187.524564063] [self_driving]: [CMD] n=247 source=line_turn linear_x=0.15 linear_y=0.00 angular_z=-0.45 state=LINE_FOLLOW stop=False lane_x=202.5 raw_lane_x=202.5 lane_filter=stable cw_y=464 park_x=-1 right_done=False[0m
[self_driving-10] [0m[INFO] [1783007188.462617488] [self_driving]: [CMD] n=261 source=pid_follow linear_x=0.15 linear_y=0.00 angular_z=0.00 state=LINE_FOLLOW stop=False lane_x=156.5 raw_lane_x=156.5 lane_filter=jump_accept cw_y=464 park_x=-1 right_done=False[0m
[self_driving-10] [0m[INFO] [1783007188.874068247] [self_driving]: [CMD] n=267 source=line_turn linear_x=0.15 linear_y=0.00 angular_z=-0.45 state=LINE_FOLLOW stop=False lane_x=207.5 raw_lane_x=207.5 lane_filter=stable cw_y=464 park_x=-1 right_done=False[0m
[self_driving-10] [0m[INFO] [1783007191.285360061] [self_driving]: [CMD] n=303 source=pid_follow linear_x=0.15 linear_y=0.00 angular_z=-0.10 state=LINE_FOLLOW stop=False lane_x=193.0 raw_lane_x=193.0 lane_filter=stable cw_y=246 park_x=-1 right_done=False[0m
[self_driving-10] [0m[INFO] [1783007202.443469350] [self_driving]: [CMD] n=469 source=line_turn linear_x=0.15 linear_y=0.00 angular_z=-0.45 state=LINE_FOLLOW stop=False lane_x=218.0 raw_lane_x=218.0 lane_filter=stable cw_y=354 park_x=-1 right_done=False[0m
[self_driving-10] [0m[INFO] [1783007203.725584516] [self_driving]: [CMD] n=488 source=pid_follow linear_x=0.15 linear_y=0.00 angular_z=0.00 state=LINE_FOLLOW stop=False lane_x=127.5 raw_lane_x=127.5 lane_filter=jump_accept cw_y=354 park_x=-1 right_done=False[0m
[self_driving-10] [0m[INFO] [1783007204.120961553] [self_driving]: [CMD] n=494 source=line_turn linear_x=0.15 linear_y=0.00 angular_z=-0.45 state=LINE_FOLLOW stop=False lane_x=206.5 raw_lane_x=206.5 lane_filter=stable cw_y=354 park_x=-1 right_done=False[0m
[self_driving-10] [0m[INFO] [1783007206.144917126] [self_driving]: [CMD] n=524 source=pid_follow linear_x=0.15 linear_y=0.00 angular_z=-0.10 state=LINE_FOLLOW stop=False lane_x=184.5 raw_lane_x=184.5 lane_filter=stable cw_y=354 park_x=-1 right_done=False[0m
[self_driving-10] [0m[INFO] [1783007216.035232175] [self_driving]: [CMD] n=671 source=line_turn linear_x=0.15 linear_y=0.00 angular_z=-0.45 state=LINE_FOLLOW stop=False lane_x=206.0 raw_lane_x=206.0 lane_filter=stable cw_y=463 park_x=-1 right_done=False[0m
[self_driving-10] [0m[INFO] [1783007216.351968435] [self_driving]: [CMD] n=676 source=pid_follow linear_x=0.15 linear_y=0.00 angular_z=-0.10 state=LINE_FOLLOW stop=False lane_x=194.5 raw_lane_x=194.5 lane_filter=stable cw_y=463 park_x=-1 right_done=False[0m
[self_driving-10] [0m[INFO] [1783007216.413319157] [self_driving]: [CMD] n=677 source=line_turn linear_x=0.15 linear_y=0.00 angular_z=-0.45 state=LINE_FOLLOW stop=False lane_x=208.0 raw_lane_x=208.0 lane_filter=stable cw_y=463 park_x=-1 right_done=False[0m
[self_driving-10] [0m[INFO] [1783007217.227012212] [self_driving]: [CMD] n=689 source=pid_follow linear_x=0.15 linear_y=0.00 angular_z=0.00 state=LINE_FOLLOW stop=False lane_x=127.5 raw_lane_x=127.5 lane_filter=jump_accept cw_y=463 park_x=-1 right_done=False[0m
[self_driving-10] [0m[INFO] [1783007217.650611526] [self_driving]: [CMD] n=695 source=line_turn linear_x=0.30 linear_y=0.00 angular_z=-0.45 state=LINE_FOLLOW stop=False lane_x=208.0 raw_lane_x=208.0 lane_filter=stable cw_y=463 park_x=-1 right_done=False[0m
[self_driving-10] [0m[INFO] [1783007219.781017636] [self_driving]: [CMD] n=727 source=pid_follow linear_x=0.15 linear_y=0.00 angular_z=-0.10 state=LINE_FOLLOW stop=False lane_x=194.0 raw_lane_x=194.0 lane_filter=stable cw_y=463 park_x=-1 right_done=False[0m
[self_driving-10] [0m[INFO] [1783007220.289271414] [self_driving]: [RIGHT_METRIC] valid=False can_trigger=False reject=['small_area'] cnt=0 cx=434 cy=126 w=24 h=31 area=744 score=0.80 done=False repeat=True cooldown_ok=True fsm_enabled=True[0m
[self_driving-10] [0m[INFO] [1783007220.980087969] [self_driving]: [RIGHT_METRIC] valid=False can_trigger=False reject=['small_area'] cnt=0 cx=265 cy=123 w=27 h=37 area=999 score=0.85 done=False repeat=True cooldown_ok=True fsm_enabled=True[0m
[self_driving-10] [0m[INFO] [1783007221.323193265] [self_driving]: [RIGHT_METRIC] valid=False can_trigger=False reject=['small_area'] cnt=0 cx=236 cy=124 w=28 h=39 area=1092 score=0.86 done=False repeat=True cooldown_ok=True fsm_enabled=True[0m
[self_driving-10] [0m[INFO] [1783007221.683670191] [self_driving]: [RIGHT_METRIC] valid=False can_trigger=False reject=['small_area'] cnt=0 cx=211 cy=123 w=30 h=42 area=1260 score=0.86 done=False repeat=True cooldown_ok=True fsm_enabled=True[0m
[self_driving-10] [0m[INFO] [1783007222.026341727] [self_driving]: [RIGHT_METRIC] valid=False can_trigger=False reject=['small_area'] cnt=0 cx=192 cy=120 w=32 h=46 area=1472 score=0.87 done=False repeat=True cooldown_ok=True fsm_enabled=True[0m
[self_driving-10] [0m[INFO] [1783007222.787861597] [self_driving]: [RIGHT_METRIC] valid=False can_trigger=False reject=['small_area'] cnt=0 cx=163 cy=117 w=36 h=50 area=1800 score=0.88 done=False repeat=True cooldown_ok=True fsm_enabled=True[0m
[self_driving-10] [0m[INFO] [1783007223.191258116] [self_driving]: [RIGHT_METRIC] valid=False can_trigger=False reject=['small_area'] cnt=0 cx=149 cy=113 w=42 h=55 area=2310 score=0.87 done=False repeat=True cooldown_ok=True fsm_enabled=True[0m
[self_driving-10] [0m[INFO] [1783007223.559866338] [self_driving]: [RIGHT_METRIC] valid=False can_trigger=False reject=['small_area'] cnt=0 cx=135 cy=113 w=45 h=58 area=2610 score=0.86 done=False repeat=True cooldown_ok=True fsm_enabled=True[0m
[self_driving-10] [0m[INFO] [1783007223.895221023] [self_driving]: [RIGHT_METRIC] valid=True can_trigger=True reject=[] cnt=0 cx=106 cy=109 w=48 h=61 area=2928 score=0.88 done=False repeat=True cooldown_ok=True fsm_enabled=True[0m
[self_driving-10] [0m[INFO] [1783007224.574208189] [self_driving]: [RIGHT_METRIC] valid=True can_trigger=True reject=[] cnt=1 cx=43 cy=98 w=63 h=81 area=5103 score=0.85 done=False repeat=True cooldown_ok=True fsm_enabled=True[0m
[self_driving-10] [33m[WARN] [1783007224.576238393] [self_driving]: [RIGHT_READY] cx=43 cy=98 w=63 h=81 area=5103 score=0.85 repeat=True[0m
[self_driving-10] [33m[WARN] [1783007224.642620522] [self_driving]: [RIGHT_TRIGGER] enter ARROW_SIGNAL lane_x=124.5 raw_lane_x=124.5 filter=stable cw_y=0 candidate={'cx': 43, 'cy': 98, 'w': 63, 'h': 81, 'area': 5103, 'score': 0.8500000238418579} repeat=True[0m
[self_driving-10] [0m[INFO] [1783007224.643914189] [self_driving]: [1;36m[FSM] LINE_FOLLOW -> ARROW_SIGNAL[0m[0m
[self_driving-10] [0m[INFO] [1783007224.644588096] [self_driving]: [CMD] n=799 source=right_trigger_stop linear_x=0.00 linear_y=0.00 angular_z=0.00 state=ARROW_SIGNAL stop=False [0m
[self_driving-10] [0m[INFO] [1783007224.672227541] [self_driving]: [CMD] n=800 source=arrow_signal_wait linear_x=0.00 linear_y=0.00 angular_z=0.00 state=ARROW_SIGNAL stop=False [0m
[self_driving-10] [0m[INFO] [1783007224.915329633] [self_driving]: [RIGHT_METRIC] valid=True can_trigger=False reject=['cooldown', 'state_ARROW_SIGNAL'] cnt=0 cx=19 cy=86 w=39 h=110 area=4290 score=0.81 done=False repeat=True cooldown_ok=False fsm_enabled=True[0m
[self_driving-10] [0m[INFO] [1783007225.091449226] [self_driving]: [ARROW_SIGNAL] done elapsed=0.45 -> INTERSECTION direction=right[0m
[self_driving-10] [0m[INFO] [1783007225.092829040] [self_driving]: [1;36m[FSM] ARROW_SIGNAL -> INTERSECTION[0m[0m
[self_driving-10] [0m[INFO] [1783007225.159569985] [self_driving]: [CMD] n=806 source=right_fsm_turn linear_x=0.10 linear_y=0.00 angular_z=-0.50 state=INTERSECTION stop=False [0m
[self_driving-10] [0m[INFO] [1783007226.894367669] [self_driving]: [1;36m[FSM] INTERSECTION -> LINE_FOLLOW[0m[0m
[self_driving-10] [33m[WARN] [1783007226.895132521] [self_driving]: [RIGHT_TURN_DONE] elapsed=1.80 lane_x=95.5 right_done=True repeat=True cooldown=2.0s -> LINE_FOLLOW[0m
[self_driving-10] [0m[INFO] [1783007226.963436317] [self_driving]: [CMD] n=832 source=pid_follow linear_x=0.15 linear_y=0.00 angular_z=0.10 state=LINE_FOLLOW stop=False lane_x=124.5 raw_lane_x=224.5 lane_filter=jump_reject cw_y=277 park_x=-1 right_done=True[0m
[self_driving-10] [0m[INFO] [1783007227.566217483] [self_driving]: [CMD] n=841 source=line_turn linear_x=0.15 linear_y=0.00 angular_z=-0.45 state=LINE_FOLLOW stop=False lane_x=234.0 raw_lane_x=234.0 lane_filter=stable cw_y=304 park_x=-1 right_done=True[0m
[self_driving-10] [0m[INFO] [1783007228.984840520] [self_driving]: [CMD] n=862 source=pid_follow linear_x=0.15 linear_y=0.00 angular_z=0.00 state=LINE_FOLLOW stop=False lane_x=197.5 raw_lane_x=197.5 lane_filter=stable cw_y=424 park_x=-1 right_done=True[0m
[self_driving-10] [0m[INFO] [1783007230.422116000] [self_driving]: [PARK_METRIC] accept=True area=288/800 frames=0/2 cx=481 cy=132 score=0.81 reject=[] right_done=True cooldown_ok=True[0m
[self_driving-10] [33m[WARN] [1783007230.423180500] [self_driving]: [PARK_APPROACH_START] first_cx=481 first_cy=132 first_area=288 score=0.81 cw_y=167 ref_turn_age=1.44[0m
[self_driving-10] [0m[INFO] [1783007230.483847852] [self_driving]: [PARK_AREA_GATE] ok=False area=288/800 frames=0/2 age=0.06 cy=132 after_turn_ok=False cooldown_ok=True seen_recent=True[0m
[self_driving-10] [0m[INFO] [1783007230.486182945] [self_driving]: [CMD] n=884 source=park_approach_hold linear_x=0.10 linear_y=0.00 angular_z=-0.06 state=LINE_FOLLOW stop=False lane_x=157.0 raw_lane_x=157.0 lane_filter=stable cw_y=170 park_x=481 park_age=0.06 park_area=288 park_cy=132 after_lane_turn_ok=False lane_stable_ok=True[0m
[self_driving-10] [0m[INFO] [1783007231.095729926] [self_driving]: [PARK_METRIC] accept=True area=285/800 frames=0/2 cx=493 cy=132 score=0.82 reject=[] right_done=True cooldown_ok=True[0m
[self_driving-10] [0m[INFO] [1783007231.494783481] [self_driving]: [PARK_AREA_GATE] ok=False area=315/800 frames=0/2 age=1.07 cy=128 after_turn_ok=False cooldown_ok=True seen_recent=True[0m
[self_driving-10] [0m[INFO] [1783007231.797097722] [self_driving]: [PARK_METRIC] accept=True area=378/800 frames=0/2 cx=447 cy=144 score=0.81 reject=[] right_done=True cooldown_ok=True[0m
[self_driving-10] [0m[INFO] [1783007232.500644925] [self_driving]: [PARK_METRIC] accept=True area=336/800 frames=0/2 cx=460 cy=150 score=0.85 reject=[] right_done=True cooldown_ok=True[0m
[self_driving-10] [0m[INFO] [1783007232.559693147] [self_driving]: [PARK_AREA_GATE] ok=False area=336/800 frames=0/2 age=2.14 cy=150 after_turn_ok=False cooldown_ok=True seen_recent=True[0m
[self_driving-10] [0m[INFO] [1783007233.184231073] [self_driving]: [PARK_METRIC] accept=True area=391/800 frames=0/2 cx=488 cy=142 score=0.82 reject=[] right_done=True cooldown_ok=True[0m
[self_driving-10] [0m[INFO] [1783007233.574084017] [self_driving]: [PARK_AREA_GATE] ok=False area=391/800 frames=0/2 age=3.15 cy=142 after_turn_ok=False cooldown_ok=True seen_recent=True[0m
[self_driving-10] [0m[INFO] [1783007233.854960220] [self_driving]: [PARK_METRIC] accept=True area=408/800 frames=0/2 cx=497 cy=120 score=0.87 reject=[] right_done=True cooldown_ok=True[0m
[self_driving-10] [0m[INFO] [1783007234.592763850] [self_driving]: [PARK_METRIC] accept=True area=450/800 frames=0/2 cx=538 cy=124 score=0.83 reject=[] right_done=True cooldown_ok=True[0m
[self_driving-10] [0m[INFO] [1783007234.649424924] [self_driving]: [PARK_AREA_GATE] ok=False area=450/800 frames=0/2 age=4.23 cy=124 after_turn_ok=True cooldown_ok=True seen_recent=True[0m
[self_driving-10] [0m[INFO] [1783007235.317294294] [self_driving]: [PARK_METRIC] accept=True area=520/800 frames=0/2 cx=596 cy=126 score=0.85 reject=[] right_done=True cooldown_ok=True[0m
[self_driving-10] [0m[INFO] [1783007235.649939830] [self_driving]: [PARK_AREA_GATE] ok=False area=520/800 frames=0/2 age=5.23 cy=126 after_turn_ok=True cooldown_ok=True seen_recent=True[0m
[self_driving-10] [0m[INFO] [1783007235.988978015] [self_driving]: [PARK_METRIC] accept=True area=372/800 frames=0/2 cx=633 cy=122 score=0.82 reject=[] right_done=True cooldown_ok=True[0m
[self_driving-10] [0m[INFO] [1783007236.725663830] [self_driving]: [PARK_AREA_GATE] ok=False area=372/800 frames=0/2 age=6.30 cy=122 after_turn_ok=True cooldown_ok=True seen_recent=True[0m
[self_driving-10] [0m[INFO] [1783007237.804266440] [self_driving]: [PARK_AREA_GATE] ok=False area=372/800 frames=0/2 age=7.38 cy=122 after_turn_ok=True cooldown_ok=True seen_recent=True[0m
[self_driving-10] [0m[INFO] [1783007238.819510569] [self_driving]: [PARK_AREA_GATE] ok=False area=372/800 frames=0/2 age=8.40 cy=122 after_turn_ok=True cooldown_ok=True seen_recent=True[0m
[self_driving-10] [0m[INFO] [1783007239.829188106] [self_driving]: [PARK_AREA_GATE] ok=False area=372/800 frames=0/2 age=9.40 cy=122 after_turn_ok=True cooldown_ok=True seen_recent=True[0m
[self_driving-10] [0m[INFO] [1783007240.884294235] [self_driving]: [PARK_AREA_GATE] ok=False area=372/800 frames=0/2 age=10.46 cy=122 after_turn_ok=True cooldown_ok=True seen_recent=True[0m
[self_driving-10] [0m[INFO] [1783007241.895473623] [self_driving]: [PARK_AREA_GATE] ok=False area=372/800 frames=0/2 age=11.47 cy=122 after_turn_ok=True cooldown_ok=True seen_recent=True[0m
[self_driving-10] [0m[INFO] [1783007242.916417734] [self_driving]: [PARK_AREA_GATE] ok=False area=372/800 frames=0/2 age=12.49 cy=122 after_turn_ok=True cooldown_ok=True seen_recent=True[0m
[self_driving-10] [0m[INFO] [1783007243.967147566] [self_driving]: [PARK_AREA_GATE] ok=False area=372/800 frames=0/2 age=13.55 cy=122 after_turn_ok=True cooldown_ok=True seen_recent=True[0m
[self_driving-10] [0m[INFO] [1783007244.988193955] [self_driving]: [PARK_AREA_GATE] ok=False area=372/800 frames=0/2 age=14.56 cy=122 after_turn_ok=True cooldown_ok=True seen_recent=True[0m
[self_driving-10] [0m[INFO] [1783007245.061198547] [self_driving]: [CMD] n=1101 source=pid_follow linear_x=0.30 linear_y=0.00 angular_z=-0.10 state=LINE_FOLLOW stop=False lane_x=191.0 raw_lane_x=191.0 lane_filter=stable cw_y=11 park_x=633 right_done=True[0m
[self_driving-10] [0m[INFO] [1783007246.546473213] [self_driving]: [CMD] n=1123 source=lane_lost_safe linear_x=0.05 linear_y=0.00 angular_z=0.00 state=LINE_FOLLOW stop=False raw_lane_x=-1 lane_filter=lost[0m
[self_driving-10] [0m[INFO] [1783007247.746584286] [self_driving]: [CMD] n=1141 source=pid_follow linear_x=0.30 linear_y=0.00 angular_z=0.10 state=LINE_FOLLOW stop=False lane_x=18.5 raw_lane_x=295.0 lane_filter=jump_reject cw_y=11 park_x=633 right_done=True[0m
[self_driving-10] [0m[INFO] [1783007247.947692490] [self_driving]: [CMD] n=1144 source=line_turn linear_x=0.30 linear_y=0.00 angular_z=-0.45 state=LINE_FOLLOW stop=False lane_x=271.5 raw_lane_x=271.5 lane_filter=jump_accept cw_y=11 park_x=633 right_done=True[0m
[self_driving-10] [0m[INFO] [1783007248.147068416] [self_driving]: [CMD] n=1147 source=pid_follow linear_x=0.30 linear_y=0.00 angular_z=-0.10 state=LINE_FOLLOW stop=False lane_x=162.5 raw_lane_x=162.5 lane_filter=stable cw_y=11 park_x=633 right_done=True[0m
[self_driving-10] [0m[INFO] [1783007248.412184230] [self_driving]: [CMD] n=1151 source=line_turn linear_x=0.30 linear_y=0.00 angular_z=-0.45 state=LINE_FOLLOW stop=False lane_x=208.0 raw_lane_x=208.0 lane_filter=stable cw_y=11 park_x=633 right_done=True[0m
[self_driving-10] [0m[INFO] [1783007248.480673027] [self_driving]: [CMD] n=1152 source=pid_follow linear_x=0.30 linear_y=0.00 angular_z=-0.10 state=LINE_FOLLOW stop=False lane_x=168.5 raw_lane_x=168.5 lane_filter=stable cw_y=11 park_x=633 right_done=True[0m
[self_driving-10] [0m[INFO] [1783007249.289775711] [self_driving]: [CMD] n=1164 source=lane_lost_safe linear_x=0.05 linear_y=0.00 angular_z=0.00 state=LINE_FOLLOW stop=False raw_lane_x=-1 lane_filter=lost[0m
[self_driving-10] [0m[INFO] [1783007253.579865505] [self_driving]: [CMD] n=1224 source=pid_follow linear_x=0.30 linear_y=0.00 angular_z=0.10 state=LINE_FOLLOW stop=False lane_x=29.5 raw_lane_x=29.5 lane_filter=stable cw_y=11 park_x=633 right_done=True[0m
[self_driving-10] [0m[INFO] [1783007254.049959931] [self_driving]: [CMD] n=1231 source=lane_lost_safe linear_x=0.05 linear_y=0.00 angular_z=0.00 state=LINE_FOLLOW stop=False raw_lane_x=-1 lane_filter=lost[0m
[self_driving-10] [0m[INFO] [1783007255.864050522] [self_driving]: [CMD] n=1258 source=pid_follow linear_x=0.30 linear_y=0.00 angular_z=0.10 state=LINE_FOLLOW stop=False lane_x=27.5 raw_lane_x=314.0 lane_filter=jump_reject cw_y=11 park_x=633 right_done=True[0m
[self_driving-10] [0m[INFO] [1783007264.661380961] [self_driving]: [CMD] n=1389 source=line_turn linear_x=0.15 linear_y=0.00 angular_z=-0.45 state=LINE_FOLLOW stop=False lane_x=206.0 raw_lane_x=206.0 lane_filter=stable cw_y=444 park_x=-1 right_done=True[0m
[self_driving-10] [0m[INFO] [1783007264.941136424] [self_driving]: [CMD] n=1393 source=pid_follow linear_x=0.15 linear_y=0.00 angular_z=-0.10 state=LINE_FOLLOW stop=False lane_x=193.0 raw_lane_x=193.0 lane_filter=stable cw_y=444 park_x=-1 right_done=True[0m
[self_driving-10] [0m[INFO] [1783007265.120097424] [self_driving]: [CMD] n=1396 source=line_turn linear_x=0.15 linear_y=0.00 angular_z=-0.45 state=LINE_FOLLOW stop=False lane_x=207.0 raw_lane_x=207.0 lane_filter=stable cw_y=444 park_x=-1 right_done=True[0m
[self_driving-10] [0m[INFO] [1783007265.817649424] [self_driving]: [CMD] n=1406 source=pid_follow linear_x=0.30 linear_y=0.00 angular_z=0.00 state=LINE_FOLLOW stop=False lane_x=123.5 raw_lane_x=123.5 lane_filter=jump_accept cw_y=444 park_x=-1 right_done=True[0m
[self_driving-10] [0m[INFO] [1783007266.073120183] [self_driving]: [CMD] n=1410 source=line_turn linear_x=0.15 linear_y=0.00 angular_z=-0.45 state=LINE_FOLLOW stop=False lane_x=210.0 raw_lane_x=210.0 lane_filter=stable cw_y=444 park_x=-1 right_done=True[0m
[self_driving-10] [0m[INFO] [1783007268.347229533] [self_driving]: [CMD] n=1444 source=pid_follow linear_x=0.15 linear_y=0.00 angular_z=-0.10 state=LINE_FOLLOW stop=False lane_x=189.0 raw_lane_x=189.0 lane_filter=stable cw_y=444 park_x=-1 right_done=True[0m
[self_driving-10] [0m[INFO] [1783007268.387986607] [self_driving]: [RIGHT_METRIC] valid=False can_trigger=False reject=['small_area'] cnt=0 cx=563 cy=125 w=24 h=27 area=648 score=0.72 done=True repeat=True cooldown_ok=True fsm_enabled=True[0m
[self_driving-10] [0m[INFO] [1783007268.743040144] [self_driving]: [RIGHT_METRIC] valid=False can_trigger=False reject=['small_area'] cnt=0 cx=470 cy=128 w=23 h=26 area=598 score=0.65 done=True repeat=True cooldown_ok=True fsm_enabled=True[0m
[self_driving-10] [0m[INFO] [1783007269.069417070] [self_driving]: [RIGHT_METRIC] valid=False can_trigger=False reject=['low_score', 'small_area'] cnt=0 cx=379 cy=127 w=22 h=26 area=572 score=0.43 done=True repeat=True cooldown_ok=True fsm_enabled=True[0m
[self_driving-10] [0m[INFO] [1783007269.459994273] [self_driving]: [RIGHT_METRIC] valid=False can_trigger=False reject=['small_area'] cnt=0 cx=281 cy=126 w=26 h=30 area=780 score=0.53 done=True repeat=True cooldown_ok=True fsm_enabled=True[0m
[self_driving-10] [0m[INFO] [1783007270.103475403] [self_driving]: [RIGHT_METRIC] valid=False can_trigger=False reject=['small_area'] cnt=0 cx=219 cy=121 w=29 h=41 area=1189 score=0.87 done=True repeat=True cooldown_ok=True fsm_enabled=True[0m
[self_driving-10] [0m[INFO] [1783007270.464165810] [self_driving]: [RIGHT_METRIC] valid=False can_trigger=False reject=['small_area'] cnt=0 cx=191 cy=118 w=33 h=47 area=1551 score=0.86 done=True repeat=True cooldown_ok=True fsm_enabled=True[0m
[self_driving-10] [0m[INFO] [1783007270.805480661] [self_driving]: [RIGHT_METRIC] valid=False can_trigger=False reject=['small_area'] cnt=0 cx=172 cy=115 w=37 h=51 area=1887 score=0.88 done=True repeat=True cooldown_ok=True fsm_enabled=True[0m
[self_driving-10] [0m[INFO] [1783007271.187034643] [self_driving]: [RIGHT_METRIC] valid=False can_trigger=False reject=['small_area'] cnt=0 cx=124 cy=113 w=45 h=59 area=2655 score=0.87 done=True repeat=True cooldown_ok=True fsm_enabled=True[0m
[self_driving-10] [0m[INFO] [1783007271.535167754] [self_driving]: [RIGHT_METRIC] valid=True can_trigger=True reject=[] cnt=0 cx=123 cy=110 w=48 h=63 area=3024 score=0.88 done=True repeat=True cooldown_ok=True fsm_enabled=True[0m
[self_driving-10] [0m[INFO] [1783007272.210279420] [self_driving]: [RIGHT_METRIC] valid=True can_trigger=True reject=[] cnt=1 cx=53 cy=101 w=60 h=78 area=4680 score=0.86 done=True repeat=True cooldown_ok=True fsm_enabled=True[0m
[self_driving-10] [33m[WARN] [1783007272.211311401] [self_driving]: [RIGHT_READY] cx=53 cy=101 w=60 h=78 area=4680 score=0.86 repeat=True[0m
[self_driving-10] [33m[WARN] [1783007272.273316753] [self_driving]: [RIGHT_TRIGGER] enter ARROW_SIGNAL lane_x=137.5 raw_lane_x=137.5 filter=stable cw_y=0 candidate={'cx': 53, 'cy': 101, 'w': 60, 'h': 78, 'area': 4680, 'score': 0.8600000143051147} repeat=True[0m
[self_driving-10] [0m[INFO] [1783007272.276731975] [self_driving]: [1;36m[FSM] LINE_FOLLOW -> ARROW_SIGNAL[0m[0m
[self_driving-10] [0m[INFO] [1783007272.279791568] [self_driving]: [CMD] n=1502 source=right_trigger_stop linear_x=0.00 linear_y=0.00 angular_z=0.00 state=ARROW_SIGNAL stop=False [0m
[self_driving-10] [0m[INFO] [1783007272.330241772] [self_driving]: [CMD] n=1503 source=arrow_signal_wait linear_x=0.00 linear_y=0.00 angular_z=0.00 state=ARROW_SIGNAL stop=False [0m
[self_driving-10] [0m[INFO] [1783007272.571865883] [self_driving]: [RIGHT_METRIC] valid=True can_trigger=False reject=['cooldown', 'state_ARROW_SIGNAL'] cnt=0 cx=28 cy=95 w=56 h=94 area=5264 score=0.84 done=True repeat=True cooldown_ok=False fsm_enabled=True[0m
[self_driving-10] [0m[INFO] [1783007272.714884438] [self_driving]: [ARROW_SIGNAL] done elapsed=0.44 -> INTERSECTION direction=right[0m
[self_driving-10] [0m[INFO] [1783007272.716771457] [self_driving]: [1;36m[FSM] ARROW_SIGNAL -> INTERSECTION[0m[0m
[self_driving-10] [0m[INFO] [1783007272.783680308] [self_driving]: [CMD] n=1509 source=right_fsm_turn linear_x=0.10 linear_y=0.00 angular_z=-0.50 state=INTERSECTION stop=False [0m
[self_driving-10] [0m[INFO] [1783007274.544327270] [self_driving]: [1;36m[FSM] INTERSECTION -> LINE_FOLLOW[0m[0m
[self_driving-10] [33m[WARN] [1783007274.545031937] [self_driving]: [RIGHT_TURN_DONE] elapsed=1.83 lane_x=75.5 right_done=True repeat=True cooldown=2.0s -> LINE_FOLLOW[0m
[self_driving-10] [0m[INFO] [1783007274.617827474] [self_driving]: [CMD] n=1535 source=pid_follow linear_x=0.15 linear_y=0.00 angular_z=-0.10 state=LINE_FOLLOW stop=False lane_x=137.5 raw_lane_x=34.0 lane_filter=jump_reject cw_y=267 park_x=-1 right_done=True[0m
[self_driving-10] [0m[INFO] [1783007274.884131992] [self_driving]: [CMD] n=1539 source=line_turn linear_x=0.15 linear_y=0.00 angular_z=-0.45 state=LINE_FOLLOW stop=False lane_x=299.0 raw_lane_x=299.0 lane_filter=jump_accept cw_y=283 park_x=-1 right_done=True[0m
[self_driving-10] [0m[INFO] [1783007275.886760621] [self_driving]: [CMD] n=1554 source=pid_follow linear_x=0.15 linear_y=0.00 angular_z=0.00 state=LINE_FOLLOW stop=False lane_x=198.0 raw_lane_x=198.0 lane_filter=stable cw_y=368 park_x=-1 right_done=True[0m
[self_driving-10] [0m[INFO] [1783007276.901563028] [self_driving]: [CMD] n=1569 source=line_turn linear_x=0.15 linear_y=0.00 angular_z=-0.45 state=LINE_FOLLOW stop=False lane_x=203.5 raw_lane_x=203.5 lane_filter=stable cw_y=386 park_x=-1 right_done=True[0m
[self_driving-10] [0m[INFO] [1783007277.105641324] [self_driving]: [CMD] n=1572 source=pid_follow linear_x=0.15 linear_y=0.00 angular_z=0.00 state=LINE_FOLLOW stop=False lane_x=194.0 raw_lane_x=194.0 lane_filter=stable cw_y=386 park_x=-1 right_done=True[0m
[self_driving-10] [0m[INFO] [1783007277.292196787] [self_driving]: [PARK_METRIC] accept=True area=270/800 frames=0/2 cx=569 cy=129 score=0.47 reject=[] right_done=True cooldown_ok=True[0m
[self_driving-10] [33m[WARN] [1783007277.293316713] [self_driving]: [PARK_APPROACH_START] first_cx=569 first_cy=129 first_area=270 score=0.47 cw_y=386 ref_turn_age=0.19[0m
[self_driving-10] [0m[INFO] [1783007277.355750620] [self_driving]: [PARK_AREA_GATE] ok=False area=270/800 frames=0/2 age=0.06 cy=129 after_turn_ok=False cooldown_ok=True seen_recent=True[0m
[self_driving-10] [0m[INFO] [1783007277.357086898] [self_driving]: [CMD] n=1576 source=park_approach_hold linear_x=0.10 linear_y=0.00 angular_z=-0.06 state=LINE_FOLLOW stop=False lane_x=162.5 raw_lane_x=162.5 lane_filter=stable cw_y=0 park_x=569 park_age=0.06 park_area=270 park_cy=129 after_lane_turn_ok=False lane_stable_ok=True[0m
[self_driving-10] [0m[INFO] [1783007277.978176657] [self_driving]: [PARK_METRIC] accept=True area=304/800 frames=0/2 cx=579 cy=131 score=0.54 reject=[] right_done=True cooldown_ok=True[0m
[self_driving-10] [0m[INFO] [1783007278.389020379] [self_driving]: [PARK_AREA_GATE] ok=False area=304/800 frames=0/2 age=1.10 cy=132 after_turn_ok=False cooldown_ok=True seen_recent=True[0m
[self_driving-10] [0m[INFO] [1783007278.651056323] [self_driving]: [PARK_METRIC] accept=True area=288/800 frames=0/2 cx=512 cy=132 score=0.80 reject=[] right_done=True cooldown_ok=True[0m
[self_driving-10] [0m[INFO] [1783007279.352848934] [self_driving]: [PARK_METRIC] accept=True area=300/800 frames=0/2 cx=497 cy=130 score=0.81 reject=[] right_done=True cooldown_ok=True[0m
[self_driving-10] [0m[INFO] [1783007279.400314915] [self_driving]: [PARK_AREA_GATE] ok=False area=300/800 frames=0/2 age=2.11 cy=130 after_turn_ok=False cooldown_ok=True seen_recent=True[0m
[self_driving-10] [0m[INFO] [1783007279.876310971] [self_driving]: [PARK_METRIC] accept=True area=320/800 frames=0/2 cx=485 cy=130 score=0.73 reject=[] right_done=True cooldown_ok=True[0m
[self_driving-10] [0m[INFO] [1783007280.403953970] [self_driving]: [PARK_AREA_GATE] ok=False area=320/800 frames=0/2 age=3.11 cy=130 after_turn_ok=False cooldown_ok=True seen_recent=True[0m
[self_driving-10] [0m[INFO] [1783007280.707020155] [self_driving]: [PARK_METRIC] accept=True area=336/800 frames=0/2 cx=471 cy=153 score=0.83 reject=[] right_done=True cooldown_ok=True[0m
[self_driving-10] [0m[INFO] [1783007281.427220933] [self_driving]: [PARK_METRIC] accept=True area=352/800 frames=0/2 cx=474 cy=152 score=0.85 reject=[] right_done=True cooldown_ok=True[0m
[self_driving-10] [0m[INFO] [1783007281.489258136] [self_driving]: [PARK_AREA_GATE] ok=False area=352/800 frames=0/2 age=4.20 cy=152 after_turn_ok=False cooldown_ok=True seen_recent=True[0m
[self_driving-10] [0m[INFO] [1783007282.107899821] [self_driving]: [PARK_METRIC] accept=True area=374/800 frames=0/2 cx=496 cy=135 score=0.83 reject=[] right_done=True cooldown_ok=True[0m
[self_driving-10] [0m[INFO] [1783007282.548370303] [self_driving]: [PARK_AREA_GATE] ok=False area=414/800 frames=0/2 age=5.26 cy=116 after_turn_ok=True cooldown_ok=True seen_recent=True[0m
[self_driving-10] [0m[INFO] [1783007282.814844728] [self_driving]: [PARK_METRIC] accept=True area=456/800 frames=0/2 cx=517 cy=127 score=0.84 reject=[] right_done=True cooldown_ok=True[0m
[self_driving-10] [0m[INFO] [1783007283.555027506] [self_driving]: [PARK_AREA_GATE] ok=False area=494/800 frames=0/2 age=6.26 cy=121 after_turn_ok=True cooldown_ok=True seen_recent=True[0m
[self_driving-10] [0m[INFO] [1783007283.605475913] [self_driving]: [PARK_METRIC] accept=True area=500/800 frames=0/2 cx=573 cy=118 score=0.84 reject=[] right_done=True cooldown_ok=True[0m
[self_driving-10] [0m[INFO] [1783007284.311054061] [self_driving]: [PARK_METRIC] accept=True area=644/800 frames=0/2 cx=626 cy=123 score=0.88 reject=[] right_done=True cooldown_ok=True[0m
[self_driving-10] [0m[INFO] [1783007284.556379209] [self_driving]: [PARK_AREA_GATE] ok=False area=644/800 frames=0/2 age=7.26 cy=123 after_turn_ok=True cooldown_ok=True seen_recent=True[0m
[self_driving-10] [0m[INFO] [1783007285.560009690] [self_driving]: [PARK_AREA_GATE] ok=False area=644/800 frames=0/2 age=8.27 cy=123 after_turn_ok=True cooldown_ok=True seen_recent=True[0m
[self_driving-10] [0m[INFO] [1783007286.565816282] [self_driving]: [PARK_AREA_GATE] ok=False area=644/800 frames=0/2 age=9.27 cy=123 after_turn_ok=True cooldown_ok=True seen_recent=True[0m
[self_driving-10] [0m[INFO] [1783007287.585140892] [self_driving]: [PARK_AREA_GATE] ok=False area=644/800 frames=0/2 age=10.29 cy=123 after_turn_ok=True cooldown_ok=True seen_recent=True[0m
[self_driving-10] [0m[INFO] [1783007288.591117540] [self_driving]: [PARK_AREA_GATE] ok=False area=644/800 frames=0/2 age=11.30 cy=123 after_turn_ok=True cooldown_ok=True seen_recent=True[0m
[self_driving-10] [0m[INFO] [1783007289.599462428] [self_driving]: [PARK_AREA_GATE] ok=False area=644/800 frames=0/2 age=12.31 cy=123 after_turn_ok=True cooldown_ok=True seen_recent=True[0m
[self_driving-10] [0m[INFO] [1783007290.609165890] [self_driving]: [PARK_AREA_GATE] ok=False area=644/800 frames=0/2 age=13.32 cy=123 after_turn_ok=True cooldown_ok=True seen_recent=True[0m
[self_driving-10] [0m[INFO] [1783007291.678681538] [self_driving]: [PARK_AREA_GATE] ok=False area=644/800 frames=0/2 age=14.39 cy=123 after_turn_ok=True cooldown_ok=True seen_recent=True[0m
[self_driving-10] [0m[INFO] [1783007292.684134500] [self_driving]: [PARK_AREA_GATE] ok=False area=644/800 frames=0/2 age=15.39 cy=123 after_turn_ok=True cooldown_ok=True seen_recent=True[0m
[self_driving-10] [0m[INFO] [1783007293.370739870] [self_driving]: [CMD] n=1814 source=lane_lost_safe linear_x=0.05 linear_y=0.00 angular_z=0.00 state=LINE_FOLLOW stop=False raw_lane_x=-1 lane_filter=lost[0m
[self_driving-10] [0m[INFO] [1783007293.764564055] [self_driving]: [CMD] n=1820 source=pid_follow linear_x=0.15 linear_y=0.00 angular_z=0.10 state=LINE_FOLLOW stop=False lane_x=29.0 raw_lane_x=308.0 lane_filter=jump_reject cw_y=227 park_x=626 right_done=True[0m
[self_driving-10] [0m[INFO] [1783007293.823558925] [self_driving]: [CMD] n=1821 source=lane_lost_safe linear_x=0.05 linear_y=0.00 angular_z=0.00 state=LINE_FOLLOW stop=False raw_lane_x=-1 lane_filter=lost[0m
[self_driving-10] [0m[INFO] [1783007294.308695333] [self_driving]: [CMD] n=1828 source=pid_follow linear_x=0.15 linear_y=0.00 angular_z=0.10 state=LINE_FOLLOW stop=False lane_x=29.0 raw_lane_x=167.0 lane_filter=jump_reject cw_y=227 park_x=626 right_done=True[0m
[self_driving-10] [0m[INFO] [1783007295.171535202] [self_driving]: [CMD] n=1841 source=lane_lost_safe linear_x=0.05 linear_y=0.00 angular_z=0.00 state=LINE_FOLLOW stop=False raw_lane_x=-1 lane_filter=lost[0m
[self_driving-10] [0m[INFO] [1783007295.459226702] [self_driving]: [CMD] n=1845 source=pid_follow linear_x=0.15 linear_y=0.00 angular_z=-0.10 state=LINE_FOLLOW stop=False lane_x=200.0 raw_lane_x=2.0 lane_filter=jump_reject cw_y=52 park_x=-1 right_done=True[0m
[self_driving-10] [0m[INFO] [1783007295.522293906] [self_driving]: [CMD] n=1846 source=lane_lost_safe linear_x=0.05 linear_y=0.00 angular_z=0.00 state=LINE_FOLLOW stop=False raw_lane_x=-1 lane_filter=lost[0m
