[INFO] [launch]: All log files can be found below /home/ubuntu/.ros/log/2026-07-02-15-37-07-095854-raspberrypi-60974
[INFO] [launch]: Default logging verbosity is set to INFO
[INFO] [ascamera_node-1]: process started with pid [60984]
[INFO] [static_transform_publisher-2]: process started with pid [60986]
[INFO] [static_transform_publisher-3]: process started with pid [60988]
[INFO] [joint_state_publisher-4]: process started with pid [60990]
[INFO] [robot_state_publisher-5]: process started with pid [60992]
[INFO] [ros_robot_controller-6]: process started with pid [60994]
[INFO] [odom_publisher-7]: process started with pid [60996]
[INFO] [ekf_node-8]: process started with pid [60998]
[INFO] [yolo_detect-9]: process started with pid [61000]
[INFO] [self_driving-10]: process started with pid [61002]
[static_transform_publisher-3] [33m[WARN] [1783006627.865541637] []: Old-style arguments are deprecated; see --help for new-style arguments[0m
[static_transform_publisher-2] [33m[WARN] [1783006627.869463322] []: Old-style arguments are deprecated; see --help for new-style arguments[0m
[ascamera_node-1] [0m[INFO] [1783006627.920013767] [as_logger]: hello world angstrong camera ros2 node[0m
[static_transform_publisher-2] [0m[INFO] [1783006627.936458933] [static_transform_publisher_6iTPus8xn5iABFkn]: Spinning until stopped - publishing transform
[static_transform_publisher-2] translation: ('0.000000', '0.000000', '0.000000')
[static_transform_publisher-2] rotation: ('-0.500000', '0.499602', '-0.500000', '0.500398')
[static_transform_publisher-2] from 'depth_cam' to 'ascamera_camera_link_0'[0m
[static_transform_publisher-3] [0m[INFO] [1783006627.950261433] [static_transform_publisher_WYhEUk98iKkYszch]: Spinning until stopped - publishing transform
[static_transform_publisher-3] translation: ('0.000000', '0.000000', '0.000000')
[static_transform_publisher-3] rotation: ('-0.500000', '0.499602', '-0.500000', '0.500398')
[static_transform_publisher-3] from 'depth_cam' to 'ascamera_color_0'[0m
[robot_state_publisher-5] [0m[INFO] [1783006627.970655526] [robot_state_publisher]: got segment base_footprint[0m
[ascamera_node-1] 2026-07-02 15:37:07[INFO] [CameraPublisher.cpp] [1558] [printLaunchParams] get depth_width 640
[ascamera_node-1] 2026-07-02 15:37:07[INFO] [CameraPublisher.cpp] [1559] [printLaunchParams] get depth_height 480
[ascamera_node-1] 2026-07-02 15:37:07[INFO] [CameraPublisher.cpp] [1561] [printLaunchParams] get rgb_width 640
[ascamera_node-1] 2026-07-02 15:37:07[INFO] [CameraPublisher.cpp] [1562] [printLaunchParams] get rgb_height 480
[ascamera_node-1] 2026-07-02 15:37:07[INFO] [CameraPublisher.cpp] [1570] [printLaunchParams] get set_fps 15
[ascamera_node-1] 2026-07-02 15:37:07[INFO] [CameraPublisher.cpp] [1578] [printLaunchParams] get color_pcl 1
[ascamera_node-1] 2026-07-02 15:37:07[INFO] [CameraPublisher.cpp] [1582] [printLaunchParams] get pub_tfTree 1
[ascamera_node-1] 2026-07-02 15:37:07[INFO] [CameraSrv.cpp] [35] [CameraSrv] Angstrong camera server
[ascamera_node-1] 2026-07-02 15:37:07[INFO] [CameraSrv.cpp] [45] [CameraSrv] Angstrong camera sdk version:v1.2.22.20240516
[robot_state_publisher-5] [0m[INFO] [1783006627.974834748] [robot_state_publisher]: got segment base_link[0m
[robot_state_publisher-5] [0m[INFO] [1783006627.974870174] [robot_state_publisher]: got segment depth_cam[0m
[robot_state_publisher-5] [0m[INFO] [1783006627.974880470] [robot_state_publisher]: got segment imu_link[0m
[robot_state_publisher-5] [0m[INFO] [1783006627.974888007] [robot_state_publisher]: got segment lidar_frame[0m
[robot_state_publisher-5] [0m[INFO] [1783006627.974896322] [robot_state_publisher]: got segment wheel_lb_Link[0m
[robot_state_publisher-5] [0m[INFO] [1783006627.974904026] [robot_state_publisher]: got segment wheel_lf_Link[0m
[robot_state_publisher-5] [0m[INFO] [1783006627.974911156] [robot_state_publisher]: got segment wheel_rb_Link[0m
[robot_state_publisher-5] [0m[INFO] [1783006627.974918989] [robot_state_publisher]: got segment wheel_rf_Link[0m
[joint_state_publisher-4] [0m[INFO] [1783006628.635060359] [joint_state_publisher]: Waiting for robot_description to be published on the robot_description topic...[0m
[odom_publisher-7] [0m[INFO] [1783006628.880918803] [odom_publisher]: [1;32m0.930000 1.010000[0m[0m
[odom_publisher-7] [0m[INFO] [1783006628.899929118] [odom_publisher]: [1;32mstart[0m[0m
[ascamera_node-1] 2026-07-02 15:37:08[INFO] [CameraSrv.cpp] [114] [onAttached] attached
[ascamera_node-1] 2026-07-02 15:37:08[INFO] [CameraSrv.cpp] [145] [onAttached] this is a new attach device, create and open it
[ros_robot_controller-6] [0m[INFO] [1783006629.314190933] [ros_robot_controller]: 已设置舵机 1 的偏移量为 0[0m
[ros_robot_controller-6] [0m[INFO] [1783006629.315649340] [ros_robot_controller]: 已设置舵机 2 的偏移量为 0[0m
[ros_robot_controller-6] [0m[INFO] [1783006629.316546433] [ros_robot_controller]: 已设置舵机 3 的偏移量为 4[0m
[ros_robot_controller-6] [0m[INFO] [1783006629.318337636] [ros_robot_controller]: 已设置舵机 4 的偏移量为 0[0m
[ros_robot_controller-6] [0m[INFO] [1783006629.322939433] [ros_robot_controller]: [1;32mstart[0m[0m
[self_driving-10] [0m[INFO] [1783006629.520600692] [self_driving]: [INIT] init_process started[0m
[self_driving-10] [0m[INFO] [1783006629.521290247] [self_driving]: [INIT] only_line_follow=False[0m
[self_driving-10] [0m[INFO] [1783006629.522025266] [self_driving]: [INIT] request /yolov5/start[0m
[ascamera_node-1] 2026-07-02 15:37:10[INFO] [CameraSrv.cpp] [154] [onAttached] get model type 9
[ascamera_node-1] 2026-07-02 15:37:10[INFO] [CameraSrv.cpp] [342] [getConfigFile] get file: /home/ubuntu/third_party_ros2/third_party_ws/src/ascamera/configurationfiles/hp60c_v2_00_20230704_configEncrypt.json
[ascamera_node-1] 2026-07-02 15:37:10[INFO] [CameraPublisher.cpp] [1501] [logCameraPathInfo] usb camera
[ascamera_node-1] 2026-07-02 15:37:10[INFO] [CameraPublisher.cpp] [1502] [logCameraPathInfo] bnum:1
[ascamera_node-1] 2026-07-02 15:37:10[INFO] [CameraPublisher.cpp] [1503] [logCameraPathInfo] dnum:3
[ascamera_node-1] 2026-07-02 15:37:10[INFO] [CameraPublisher.cpp] [1504] [logCameraPathInfo] port_numbers:2
[ascamera_node-1] 2026-07-02 15:37:10[INFO] [CameraPublisher.cpp] [171] [onCameraAttached] create a new publisher info set
[ascamera_node-1] 2026-07-02 15:37:10[INFO] [TfTreeFrameIdInfo.cpp] [11] [TfTreeFrameIdInfo] Namespace /ascamera
[ascamera_node-1] 2026-07-02 15:37:10[INFO] [CameraHp60c.cpp] [128] [open] according to the configuration file.
[ascamera_node-1] 2026-07-02 15:37:10[INFO] [CameraHp60c.cpp] [1528] [parseConfigFileParameter] moduleName:AS_CAM_HP60C
[ascamera_node-1] 2026-07-02 15:37:10[INFO] [CameraHp60c.cpp] [1555] [parseConfigFileParameter] Parsing config file /home/ubuntu/third_party_ros2/third_party_ws/src/ascamera/configurationfiles/hp60c_v2_00_20230704_configEncrypt.json
[ascamera_node-1] 2026-07-02 15:37:10[INFO] [CameraHp60c.cpp] [1620] [parseConfigFileParameter] configuration protocol Version: v2.x
[ascamera_node-1] 2026-07-02 15:37:10[INFO] [CameraHp60c.cpp] [1631] [parseConfigFileParameter] configuration Version: v2.0.0.20230704
[ascamera_node-1] 2026-07-02 15:37:10[INFO] [CameraHp60c.cpp] [1796] [setParamersAfterOpenCam] Camera confiParaEnable true, setting configuration parameter
[self_driving-10] [33m[WARN] [1783006631.527719765] [self_driving]: [YOLO_SERVICE] service not ready, continue without blocking[0m
[ascamera_node-1] 2026-07-02 15:37:11[ERROR] [XuCmdCameraHp60c.cpp] [454] [getMjpegSize] get mjpeg from xu command failed
[ascamera_node-1] 2026-07-02 15:37:11[INFO] [XuCmdCameraHp60c.cpp] [458] [getMjpegSize] mjpeg size:640x480
[ascamera_node-1] 2026-07-02 15:37:11[INFO] [CameraPublisher.cpp] [356] [onCameraOpen] camera opened
[ascamera_node-1] 2026-07-02 15:37:11[INFO] [CameraPublisher.cpp] [370] [onCameraOpen] get config info, ret 0, is_Registration 1
[ascamera_node-1] 2026-07-02 15:37:11[INFO] [Camera.cpp] [61] [init] #camera[0x5555a6ede710] SN[ASC60CF08000515]'s firmware version:DLS_VERc20865=:V01.09_2024110714:V01.19_2024110714:L01
[ascamera_node-1] 2026-07-02 15:37:11[INFO] [CameraPublisher.cpp] [1183] [setResolution] set depth resolution: 640 x 480 @ 15fps
[ascamera_node-1] 2026-07-02 15:37:11[INFO] [CameraPublisher.cpp] [1197] [setResolution] set rgb resolution: 640 x 480 @ 15fps
[ascamera_node-1] 2026-07-02 15:37:11[INFO] [CameraHp60c.cpp] [260] [startStreaming] start streaming
[ascamera_node-1] 2026-07-02 15:37:11[INFO] [CameraSrv.cpp] [202] [onAttached] attached end
[self_driving-10] [0m[INFO] [1783006632.028841357] [self_driving]: [INIT] enter + set_running start[0m
[self_driving-10] [0m[INFO] [1783006632.029357653] [self_driving]: [1;32mself driving enter[0m[0m
[self_driving-10] [0m[INFO] [1783006632.037623616] [self_driving]: [SUB] image=/ascamera/camera_publisher/rgb0/image object=/yolov5_ros2/object_detect[0m
[self_driving-10] [0m[INFO] [1783006632.038422153] [self_driving]: [1;32mset_running[0m[0m
[self_driving-10] [0m[INFO] [1783006632.041274172] [self_driving]: [1;32m[START] hybrid self_driving start: auto LINE_FOLLOW[0m[0m
[INFO] [apply_calib-11]: process started with pid [61170]
[INFO] [complementary_filter_node-12]: process started with pid [61172]
[complementary_filter_node-12] [0m[INFO] [1783006632.883997282] [imu_filter]: Starting ComplementaryFilterROS[0m
[ascamera_node-1] 2026-07-02 15:37:13[INFO] [CameraHp60c.cpp] [912] [setInternalParameter] mjpeg info: size(640x480)
[apply_calib-11] [0m[INFO] [1783006633.287604727] [imu_calib]: Calibrating gyros; do not move the IMU[0m
[ascamera_node-1] 2026-07-02 15:37:13[INFO] [Camera.cpp] [127] [backgroundThread] SN [ ASC60CF08000515 ]'s parameter:
[ascamera_node-1] 2026-07-02 15:37:13[INFO] [Camera.cpp] [128] [backgroundThread] irfx: 426.962
[ascamera_node-1] 2026-07-02 15:37:13[INFO] [Camera.cpp] [129] [backgroundThread] irfy: 426.374
[ascamera_node-1] 2026-07-02 15:37:13[INFO] [Camera.cpp] [130] [backgroundThread] ircx: 315.403
[ascamera_node-1] 2026-07-02 15:37:13[INFO] [Camera.cpp] [131] [backgroundThread] ircy: 240.933
[ascamera_node-1] 2026-07-02 15:37:13[INFO] [Camera.cpp] [132] [backgroundThread] rgbfx: 570.48
[ascamera_node-1] 2026-07-02 15:37:13[INFO] [Camera.cpp] [133] [backgroundThread] rgbfy: 569.949
[ascamera_node-1] 2026-07-02 15:37:13[INFO] [Camera.cpp] [134] [backgroundThread] rgbcx: 329.75
[ascamera_node-1] 2026-07-02 15:37:13[INFO] [Camera.cpp] [135] [backgroundThread] rgbcy: 238.406
[ascamera_node-1] 
[ascamera_node-1] 2026-07-02 15:37:13[INFO] [CameraHp60c.cpp] [1149] [streamCallback] set gain ret 0, gain 4
[self_driving-10] [0m[INFO] [1783006633.824892337] [self_driving]: [CMD] n=1 source=lane_lost_safe linear_x=0.05 linear_y=0.00 angular_z=0.00 state=LINE_FOLLOW stop=False raw_lane_x=-1 lane_filter=lost[0m
[apply_calib-11] [0m[INFO] [1783006635.329797781] [imu_calib]: Gyro calibration complete! (bias = [-0.005, 0.027, -0.001])[0m
[yolo_detect-9] [0m[INFO] [1783006635.478423818] [yolov5_ros2]: Current ROS 2 distribution: humble[0m
[self_driving-10] [0m[INFO] [1783006637.750815076] [self_driving]: [CMD] n=58 source=pid_follow linear_x=0.30 linear_y=0.00 angular_z=-0.10 state=LINE_FOLLOW stop=False lane_x=177.0 raw_lane_x=177.0 lane_filter=init cw_y=0 park_x=-1 right_done=False[0m
[self_driving-10] [0m[INFO] [1783006638.172322446] [self_driving]: [CMD] n=64 source=lane_lost_safe linear_x=0.05 linear_y=0.00 angular_z=0.00 state=LINE_FOLLOW stop=False raw_lane_x=-1 lane_filter=lost[0m
[self_driving-10] [0m[INFO] [1783006639.167517408] [self_driving]: [CMD] n=79 source=pid_follow linear_x=0.30 linear_y=0.00 angular_z=-0.10 state=LINE_FOLLOW stop=False lane_x=140.0 raw_lane_x=140.0 lane_filter=stable cw_y=0 park_x=-1 right_done=False[0m
[self_driving-10] [0m[INFO] [1783006639.622991667] [self_driving]: [CMD] n=86 source=lane_lost_safe linear_x=0.05 linear_y=0.00 angular_z=0.00 state=LINE_FOLLOW stop=False raw_lane_x=-1 lane_filter=lost[0m
[self_driving-10] [0m[INFO] [1783006640.457523982] [self_driving]: [CMD] n=98 source=pid_follow linear_x=0.30 linear_y=0.00 angular_z=0.10 state=LINE_FOLLOW stop=False lane_x=41.0 raw_lane_x=41.0 lane_filter=stable cw_y=0 park_x=-1 right_done=False[0m
[self_driving-10] [0m[INFO] [1783006641.038464389] [self_driving]: [CMD] n=107 source=lane_lost_safe linear_x=0.05 linear_y=0.00 angular_z=0.00 state=LINE_FOLLOW stop=False raw_lane_x=-1 lane_filter=lost[0m
[self_driving-10] [0m[INFO] [1783006641.778182092] [self_driving]: [CMD] n=118 source=pid_follow linear_x=0.30 linear_y=0.00 angular_z=0.10 state=LINE_FOLLOW stop=False lane_x=11.5 raw_lane_x=283.5 lane_filter=jump_reject cw_y=0 park_x=-1 right_done=False[0m
[self_driving-10] [0m[INFO] [1783006641.913359907] [self_driving]: [CMD] n=120 source=lane_lost_safe linear_x=0.05 linear_y=0.00 angular_z=0.00 state=LINE_FOLLOW stop=False raw_lane_x=-1 lane_filter=lost[0m
[self_driving-10] [0m[INFO] [1783006642.668050517] [self_driving]: [CMD] n=131 source=pid_follow linear_x=0.30 linear_y=0.00 angular_z=0.10 state=LINE_FOLLOW stop=False lane_x=11.5 raw_lane_x=293.5 lane_filter=jump_reject cw_y=0 park_x=-1 right_done=False[0m
[self_driving-10] [0m[INFO] [1783006642.734536536] [self_driving]: [CMD] n=132 source=line_turn linear_x=0.30 linear_y=0.00 angular_z=-0.45 state=LINE_FOLLOW stop=False lane_x=277.0 raw_lane_x=277.0 lane_filter=jump_accept cw_y=0 park_x=-1 right_done=False[0m
[self_driving-10] [0m[INFO] [1783006643.146715739] [self_driving]: [CMD] n=138 source=lane_lost_safe linear_x=0.05 linear_y=0.00 angular_z=0.00 state=LINE_FOLLOW stop=False raw_lane_x=-1 lane_filter=lost[0m
[self_driving-10] [0m[INFO] [1783006644.738823368] [self_driving]: [CMD] n=162 source=line_turn linear_x=0.30 linear_y=0.00 angular_z=-0.45 state=LINE_FOLLOW stop=False lane_x=314.0 raw_lane_x=314.0 lane_filter=stable cw_y=0 park_x=-1 right_done=False[0m
[self_driving-10] [0m[INFO] [1783006645.420779534] [self_driving]: [CMD] n=172 source=lane_lost_safe linear_x=0.05 linear_y=0.00 angular_z=0.00 state=LINE_FOLLOW stop=False raw_lane_x=-1 lane_filter=lost[0m
[self_driving-10] [0m[INFO] [1783006646.220396923] [self_driving]: [CMD] n=184 source=line_turn linear_x=0.30 linear_y=0.00 angular_z=-0.45 state=LINE_FOLLOW stop=False lane_x=298.0 raw_lane_x=75.5 lane_filter=jump_reject cw_y=11 park_x=-1 right_done=False[0m
[self_driving-10] [0m[INFO] [1783006646.414304071] [self_driving]: [CMD] n=187 source=lane_lost_safe linear_x=0.05 linear_y=0.00 angular_z=0.00 state=LINE_FOLLOW stop=False raw_lane_x=-1 lane_filter=lost[0m
[self_driving-10] [0m[INFO] [1783006647.108463700] [self_driving]: [CMD] n=197 source=line_turn linear_x=0.30 linear_y=0.00 angular_z=-0.45 state=LINE_FOLLOW stop=False lane_x=298.0 raw_lane_x=200.0 lane_filter=jump_reject cw_y=11 park_x=-1 right_done=False[0m
[self_driving-10] [0m[INFO] [1783006648.709550588] [self_driving]: [CMD] n=221 source=lane_lost_safe linear_x=0.05 linear_y=0.00 angular_z=0.00 state=LINE_FOLLOW stop=False raw_lane_x=-1 lane_filter=lost[0m
[self_driving-10] [0m[INFO] [1783006649.101666532] [self_driving]: [CMD] n=227 source=line_turn linear_x=0.30 linear_y=0.00 angular_z=-0.45 state=LINE_FOLLOW stop=False lane_x=241.5 raw_lane_x=241.5 lane_filter=stable cw_y=11 park_x=-1 right_done=False[0m
[self_driving-10] [0m[INFO] [1783006649.785526920] [self_driving]: [CMD] n=237 source=lane_lost_safe linear_x=0.05 linear_y=0.00 angular_z=0.00 state=LINE_FOLLOW stop=False raw_lane_x=-1 lane_filter=lost[0m
[self_driving-10] [0m[INFO] [1783006650.058878087] [self_driving]: [CMD] n=241 source=line_turn linear_x=0.30 linear_y=0.00 angular_z=-0.45 state=LINE_FOLLOW stop=False lane_x=227.0 raw_lane_x=227.0 lane_filter=stable cw_y=11 park_x=-1 right_done=False[0m
[self_driving-10] [0m[INFO] [1783006650.461887290] [self_driving]: [CMD] n=247 source=lane_lost_safe linear_x=0.05 linear_y=0.00 angular_z=0.00 state=LINE_FOLLOW stop=False raw_lane_x=-1 lane_filter=lost[0m
[self_driving-10] [0m[INFO] [1783006650.672011864] [self_driving]: [CMD] n=250 source=pid_follow linear_x=0.30 linear_y=0.00 angular_z=-0.10 state=LINE_FOLLOW stop=False lane_x=187.5 raw_lane_x=187.5 lane_filter=stable cw_y=11 park_x=-1 right_done=False[0m
[self_driving-10] [0m[INFO] [1783006651.066547197] [self_driving]: [CMD] n=256 source=lane_lost_safe linear_x=0.05 linear_y=0.00 angular_z=0.00 state=LINE_FOLLOW stop=False raw_lane_x=-1 lane_filter=lost[0m
[self_driving-10] [0m[INFO] [1783006651.138390105] [self_driving]: [CMD] n=257 source=pid_follow linear_x=0.30 linear_y=0.00 angular_z=-0.10 state=LINE_FOLLOW stop=False lane_x=187.5 raw_lane_x=36.0 lane_filter=jump_reject cw_y=38 park_x=-1 right_done=False[0m
[self_driving-10] [0m[INFO] [1783006651.185410123] [self_driving]: [CMD] n=258 source=lane_lost_safe linear_x=0.05 linear_y=0.00 angular_z=0.00 state=LINE_FOLLOW stop=False raw_lane_x=-1 lane_filter=lost[0m
[self_driving-10] [0m[INFO] [1783006651.314911586] [self_driving]: [CMD] n=260 source=pid_follow linear_x=0.30 linear_y=0.00 angular_z=-0.10 state=LINE_FOLLOW stop=False lane_x=194.5 raw_lane_x=194.5 lane_filter=stable cw_y=38 park_x=-1 right_done=False[0m
[self_driving-10] [0m[INFO] [1783006651.603988623] [self_driving]: [CMD] n=264 source=line_turn linear_x=0.30 linear_y=0.00 angular_z=-0.45 state=LINE_FOLLOW stop=False lane_x=202.0 raw_lane_x=202.0 lane_filter=stable cw_y=38 park_x=-1 right_done=False[0m
[self_driving-10] [0m[INFO] [1783006652.278991974] [self_driving]: [CMD] n=274 source=lane_lost_safe linear_x=0.05 linear_y=0.00 angular_z=0.00 state=LINE_FOLLOW stop=False raw_lane_x=-1 lane_filter=lost[0m
[self_driving-10] [0m[INFO] [1783006653.217143770] [self_driving]: [CMD] n=288 source=line_turn linear_x=0.30 linear_y=0.00 angular_z=-0.45 state=LINE_FOLLOW stop=False lane_x=316.0 raw_lane_x=29.0 lane_filter=jump_reject cw_y=21 park_x=-1 right_done=False[0m
[self_driving-10] [0m[INFO] [1783006653.414447548] [self_driving]: [CMD] n=291 source=pid_follow linear_x=0.30 linear_y=0.00 angular_z=0.00 state=LINE_FOLLOW stop=False lane_x=56.5 raw_lane_x=56.5 lane_filter=jump_accept cw_y=21 park_x=-1 right_done=False[0m
[self_driving-10] [0m[INFO] [1783006654.550587529] [self_driving]: [CMD] n=308 source=line_turn linear_x=0.15 linear_y=0.00 angular_z=-0.45 state=LINE_FOLLOW stop=False lane_x=241.5 raw_lane_x=241.5 lane_filter=jump_accept cw_y=407 park_x=-1 right_done=False[0m
[self_driving-10] [0m[INFO] [1783006654.956941121] [self_driving]: [CMD] n=314 source=pid_follow linear_x=0.15 linear_y=0.00 angular_z=0.00 state=LINE_FOLLOW stop=False lane_x=189.5 raw_lane_x=189.5 lane_filter=stable cw_y=421 park_x=-1 right_done=False[0m
[self_driving-10] [0m[INFO] [1783006669.421924520] [self_driving]: [CMD] n=529 source=line_turn linear_x=0.15 linear_y=0.00 angular_z=-0.45 state=LINE_FOLLOW stop=False lane_x=202.5 raw_lane_x=202.5 lane_filter=stable cw_y=467 park_x=-1 right_done=False[0m
[self_driving-10] [0m[INFO] [1783006670.340467890] [self_driving]: [CMD] n=543 source=pid_follow linear_x=0.15 linear_y=0.00 angular_z=0.00 state=LINE_FOLLOW stop=False lane_x=149.5 raw_lane_x=149.5 lane_filter=jump_accept cw_y=467 park_x=-1 right_done=False[0m
[self_driving-10] [0m[INFO] [1783006670.823392982] [self_driving]: [CMD] n=550 source=line_turn linear_x=0.15 linear_y=0.00 angular_z=-0.45 state=LINE_FOLLOW stop=False lane_x=221.5 raw_lane_x=221.5 lane_filter=stable cw_y=467 park_x=-1 right_done=False[0m
[self_driving-10] [0m[INFO] [1783006673.313078740] [self_driving]: [CMD] n=587 source=pid_follow linear_x=0.15 linear_y=0.00 angular_z=-0.10 state=LINE_FOLLOW stop=False lane_x=183.0 raw_lane_x=183.0 lane_filter=stable cw_y=246 park_x=-1 right_done=False[0m
[self_driving-10] [0m[INFO] [1783006684.378793418] [self_driving]: [CMD] n=752 source=line_turn linear_x=0.15 linear_y=0.00 angular_z=-0.45 state=LINE_FOLLOW stop=False lane_x=221.0 raw_lane_x=221.0 lane_filter=stable cw_y=310 park_x=-1 right_done=False[0m
[self_driving-10] [0m[INFO] [1783006687.280515805] [self_driving]: [CMD] n=795 source=pid_follow linear_x=0.15 linear_y=0.00 angular_z=-0.10 state=LINE_FOLLOW stop=False lane_x=200.0 raw_lane_x=200.0 lane_filter=stable cw_y=310 park_x=-1 right_done=False[0m
[self_driving-10] [0m[INFO] [1783006688.007495287] [self_driving]: [PARK_METRIC] accept=True area=285/560 frames=0/2 cx=490 cy=132 score=0.38 reject=[] right_done=False cooldown_ok=True[0m
[self_driving-10] [33m[WARN] [1783006688.011081231] [self_driving]: [PARK_APPROACH_START] first_cx=490 first_cy=132 first_area=285 score=0.38 cw_y=176 ref_turn_age=0.73[0m
[self_driving-10] [0m[INFO] [1783006688.037416990] [self_driving]: [PARK_AREA_GATE] ok=False area=285/560 frames=0/2 age=0.03 cy=132 after_turn_ok=False cooldown_ok=True seen_recent=True[0m
[self_driving-10] [0m[INFO] [1783006688.043907120] [self_driving]: [CMD] n=806 source=park_approach_hold linear_x=0.10 linear_y=0.00 angular_z=-0.06 state=LINE_FOLLOW stop=False lane_x=168.0 raw_lane_x=168.0 lane_filter=stable cw_y=0 park_x=490 park_age=0.03 park_area=285 park_cy=132 after_lane_turn_ok=False lane_stable_ok=True[0m
[self_driving-10] [0m[INFO] [1783006689.092824767] [self_driving]: [PARK_AREA_GATE] ok=False area=306/560 frames=0/2 age=1.09 cy=131 after_turn_ok=False cooldown_ok=True seen_recent=True[0m
[self_driving-10] [0m[INFO] [1783006690.097837489] [self_driving]: [PARK_AREA_GATE] ok=False area=306/560 frames=0/2 age=2.09 cy=131 after_turn_ok=False cooldown_ok=True seen_recent=True[0m
[self_driving-10] [0m[INFO] [1783006691.179780303] [self_driving]: [PARK_AREA_GATE] ok=False area=306/560 frames=0/2 age=3.17 cy=131 after_turn_ok=False cooldown_ok=True seen_recent=True[0m
[self_driving-10] [0m[INFO] [1783006692.180408562] [self_driving]: [PARK_AREA_GATE] ok=False area=306/560 frames=0/2 age=4.17 cy=131 after_turn_ok=False cooldown_ok=True seen_recent=True[0m
[self_driving-10] [0m[INFO] [1783006693.199597135] [self_driving]: [PARK_AREA_GATE] ok=False area=306/560 frames=0/2 age=5.19 cy=131 after_turn_ok=True cooldown_ok=True seen_recent=True[0m
[self_driving-10] [0m[INFO] [1783006694.204317468] [self_driving]: [PARK_AREA_GATE] ok=False area=306/560 frames=0/2 age=6.20 cy=131 after_turn_ok=True cooldown_ok=True seen_recent=True[0m
[self_driving-10] [0m[INFO] [1783006695.216564949] [self_driving]: [PARK_AREA_GATE] ok=False area=306/560 frames=0/2 age=7.21 cy=131 after_turn_ok=True cooldown_ok=True seen_recent=True[0m
[self_driving-10] [0m[INFO] [1783006696.220669856] [self_driving]: [PARK_AREA_GATE] ok=False area=306/560 frames=0/2 age=8.21 cy=131 after_turn_ok=True cooldown_ok=True seen_recent=True[0m
[self_driving-10] [0m[INFO] [1783006697.095363374] [self_driving]: [CMD] n=941 source=pid_follow linear_x=0.30 linear_y=0.00 angular_z=-0.10 state=LINE_FOLLOW stop=False lane_x=133.5 raw_lane_x=133.5 lane_filter=stable cw_y=0 park_x=-1 right_done=False[0m
[self_driving-10] [0m[INFO] [1783006703.673082555] [self_driving]: [CMD] n=1039 source=line_turn linear_x=0.15 linear_y=0.00 angular_z=-0.45 state=LINE_FOLLOW stop=False lane_x=201.5 raw_lane_x=201.5 lane_filter=stable cw_y=454 park_x=-1 right_done=False[0m
[self_driving-10] [0m[INFO] [1783006703.740565962] [self_driving]: [CMD] n=1040 source=pid_follow linear_x=0.15 linear_y=0.00 angular_z=-0.10 state=LINE_FOLLOW stop=False lane_x=199.0 raw_lane_x=199.0 lane_filter=stable cw_y=454 park_x=-1 right_done=False[0m
[self_driving-10] [0m[INFO] [1783006703.833353629] [self_driving]: [CMD] n=1041 source=line_turn linear_x=0.30 linear_y=0.00 angular_z=-0.45 state=LINE_FOLLOW stop=False lane_x=202.0 raw_lane_x=202.0 lane_filter=stable cw_y=454 park_x=-1 right_done=False[0m
[self_driving-10] [0m[INFO] [1783006703.879418981] [self_driving]: [CMD] n=1042 source=pid_follow linear_x=0.30 linear_y=0.00 angular_z=-0.10 state=LINE_FOLLOW stop=False lane_x=194.5 raw_lane_x=194.5 lane_filter=stable cw_y=454 park_x=-1 right_done=False[0m
[self_driving-10] [0m[INFO] [1783006704.166658592] [self_driving]: [CMD] n=1046 source=line_turn linear_x=0.15 linear_y=0.00 angular_z=-0.45 state=LINE_FOLLOW stop=False lane_x=227.0 raw_lane_x=227.0 lane_filter=stable cw_y=454 park_x=-1 right_done=False[0m
[self_driving-10] [0m[INFO] [1783006704.683556314] [self_driving]: [CMD] n=1054 source=pid_follow linear_x=0.15 linear_y=0.00 angular_z=0.00 state=LINE_FOLLOW stop=False lane_x=154.5 raw_lane_x=154.5 lane_filter=jump_accept cw_y=454 park_x=-1 right_done=False[0m
[self_driving-10] [0m[INFO] [1783006705.074299573] [self_driving]: [CMD] n=1060 source=line_turn linear_x=0.15 linear_y=0.00 angular_z=-0.45 state=LINE_FOLLOW stop=False lane_x=215.0 raw_lane_x=215.0 lane_filter=stable cw_y=454 park_x=-1 right_done=False[0m
[self_driving-10] [0m[INFO] [1783006707.789322552] [self_driving]: [RIGHT_METRIC] valid=False can_trigger=False reject=['small_area'] cnt=0 cx=525 cy=124 w=24 h=28 area=672 score=0.76 done=False repeat=True cooldown_ok=True fsm_enabled=True[0m
[self_driving-10] [0m[INFO] [1783006707.855841108] [self_driving]: [CMD] n=1101 source=pid_follow linear_x=0.15 linear_y=0.00 angular_z=-0.10 state=LINE_FOLLOW stop=False lane_x=182.5 raw_lane_x=182.5 lane_filter=stable cw_y=185 park_x=-1 right_done=False[0m
[self_driving-10] [0m[INFO] [1783006708.136375200] [self_driving]: [RIGHT_METRIC] valid=False can_trigger=False reject=['small_area'] cnt=0 cx=458 cy=123 w=25 h=33 area=825 score=0.83 done=False repeat=True cooldown_ok=True fsm_enabled=True[0m
[self_driving-10] [0m[INFO] [1783006709.201996533] [self_driving]: [RIGHT_METRIC] valid=False can_trigger=False reject=['small_area'] cnt=0 cx=207 cy=123 w=29 h=40 area=1160 score=0.85 done=False repeat=True cooldown_ok=True fsm_enabled=True[0m
[self_driving-10] [0m[INFO] [1783006709.901869570] [self_driving]: [RIGHT_METRIC] valid=False can_trigger=False reject=['small_area'] cnt=0 cx=173 cy=120 w=32 h=45 area=1440 score=0.85 done=False repeat=True cooldown_ok=True fsm_enabled=True[0m
[self_driving-10] [0m[INFO] [1783006710.250957162] [self_driving]: [RIGHT_METRIC] valid=False can_trigger=False reject=['small_area'] cnt=0 cx=176 cy=119 w=34 h=49 area=1666 score=0.86 done=False repeat=True cooldown_ok=True fsm_enabled=True[0m
[self_driving-10] [0m[INFO] [1783006710.613416069] [self_driving]: [RIGHT_METRIC] valid=False can_trigger=False reject=['small_area'] cnt=0 cx=167 cy=117 w=36 h=51 area=1836 score=0.86 done=False repeat=True cooldown_ok=True fsm_enabled=True[0m
[self_driving-10] [0m[INFO] [1783006710.961934810] [self_driving]: [RIGHT_METRIC] valid=False can_trigger=False reject=['small_area'] cnt=0 cx=149 cy=115 w=42 h=58 area=2436 score=0.87 done=False repeat=True cooldown_ok=True fsm_enabled=True[0m
[self_driving-10] [0m[INFO] [1783006711.342142569] [self_driving]: [RIGHT_METRIC] valid=True can_trigger=True reject=[] cnt=0 cx=110 cy=112 w=49 h=62 area=3038 score=0.81 done=False repeat=True cooldown_ok=True fsm_enabled=True[0m
[self_driving-10] [0m[INFO] [1783006711.821805883] [self_driving]: [RIGHT_METRIC] valid=True can_trigger=True reject=[] cnt=1 cx=119 cy=109 w=53 h=66 area=3498 score=0.86 done=False repeat=True cooldown_ok=True fsm_enabled=True[0m
[self_driving-10] [33m[WARN] [1783006711.826287754] [self_driving]: [RIGHT_READY] cx=119 cy=109 w=53 h=66 area=3498 score=0.86 repeat=True[0m
[self_driving-10] [33m[WARN] [1783006711.875169328] [self_driving]: [RIGHT_TRIGGER] enter ARROW_SIGNAL lane_x=133.5 raw_lane_x=133.5 filter=stable cw_y=216 candidate={'cx': 119, 'cy': 109, 'w': 53, 'h': 66, 'area': 3498, 'score': 0.8600000143051147} repeat=True[0m
[self_driving-10] [0m[INFO] [1783006711.875925865] [self_driving]: [1;36m[FSM] LINE_FOLLOW -> ARROW_SIGNAL[0m[0m
[self_driving-10] [0m[INFO] [1783006711.880101606] [self_driving]: [CMD] n=1161 source=right_trigger_stop linear_x=0.00 linear_y=0.00 angular_z=0.00 state=ARROW_SIGNAL stop=False [0m
[self_driving-10] [0m[INFO] [1783006711.936397235] [self_driving]: [CMD] n=1162 source=arrow_signal_wait linear_x=0.00 linear_y=0.00 angular_z=0.00 state=ARROW_SIGNAL stop=False [0m
[self_driving-10] [0m[INFO] [1783006712.284456531] [self_driving]: [RIGHT_METRIC] valid=True can_trigger=False reject=['cooldown', 'state_ARROW_SIGNAL'] cnt=0 cx=58 cy=104 w=66 h=79 area=5214 score=0.86 done=False repeat=True cooldown_ok=False fsm_enabled=True[0m
[self_driving-10] [0m[INFO] [1783006712.335091105] [self_driving]: [ARROW_SIGNAL] done elapsed=0.46 -> INTERSECTION direction=right[0m
[self_driving-10] [0m[INFO] [1783006712.335719883] [self_driving]: [1;36m[FSM] ARROW_SIGNAL -> INTERSECTION[0m[0m
[self_driving-10] [0m[INFO] [1783006712.416399290] [self_driving]: [CMD] n=1168 source=right_fsm_turn linear_x=0.10 linear_y=0.00 angular_z=-0.50 state=INTERSECTION stop=False [0m
[self_driving-10] [0m[INFO] [1783006712.651874013] [self_driving]: [RIGHT_METRIC] valid=True can_trigger=False reject=['cooldown', 'state_INTERSECTION'] cnt=0 cx=32 cy=98 w=65 h=90 area=5850 score=0.79 done=False repeat=True cooldown_ok=False fsm_enabled=True[0m
[self_driving-10] [0m[INFO] [1783006714.169753660] [self_driving]: [1;36m[FSM] INTERSECTION -> LINE_FOLLOW[0m[0m
[self_driving-10] [33m[WARN] [1783006714.170350715] [self_driving]: [RIGHT_TURN_DONE] elapsed=1.83 lane_x=133.5 right_done=True repeat=True cooldown=2.0s -> LINE_FOLLOW[0m
[self_driving-10] [0m[INFO] [1783006714.216515475] [self_driving]: [CMD] n=1194 source=pid_follow linear_x=0.15 linear_y=0.00 angular_z=0.10 state=LINE_FOLLOW stop=False lane_x=129.0 raw_lane_x=129.0 lane_filter=stable cw_y=253 park_x=-1 right_done=True[0m
[self_driving-10] [0m[INFO] [1783006714.632827197] [self_driving]: [CMD] n=1200 source=line_turn linear_x=0.15 linear_y=0.00 angular_z=-0.45 state=LINE_FOLLOW stop=False lane_x=207.5 raw_lane_x=207.5 lane_filter=stable cw_y=264 park_x=-1 right_done=True[0m
[self_driving-10] [0m[INFO] [1783006715.174137622] [self_driving]: [CMD] n=1208 source=pid_follow linear_x=0.15 linear_y=0.00 angular_z=0.00 state=LINE_FOLLOW stop=False lane_x=183.0 raw_lane_x=183.0 lane_filter=stable cw_y=0 park_x=-1 right_done=True[0m
[self_driving-10] [0m[INFO] [1783006716.042896048] [self_driving]: [CMD] n=1221 source=line_turn linear_x=0.15 linear_y=0.00 angular_z=-0.45 state=LINE_FOLLOW stop=False lane_x=202.0 raw_lane_x=202.0 lane_filter=stable cw_y=385 park_x=-1 right_done=True[0m
[self_driving-10] [0m[INFO] [1783006716.303156066] [self_driving]: [CMD] n=1225 source=pid_follow linear_x=0.15 linear_y=0.00 angular_z=0.00 state=LINE_FOLLOW stop=False lane_x=191.0 raw_lane_x=191.0 lane_filter=stable cw_y=405 park_x=-1 right_done=True[0m
[self_driving-10] [0m[INFO] [1783006717.188350362] [self_driving]: [CMD] n=1238 source=line_turn linear_x=0.15 linear_y=0.00 angular_z=-0.45 state=LINE_FOLLOW stop=False lane_x=200.5 raw_lane_x=200.5 lane_filter=stable cw_y=169 park_x=-1 right_done=True[0m
[self_driving-10] [0m[INFO] [1783006717.387085732] [self_driving]: [CMD] n=1241 source=pid_follow linear_x=0.30 linear_y=0.00 angular_z=-0.10 state=LINE_FOLLOW stop=False lane_x=194.5 raw_lane_x=194.5 lane_filter=stable cw_y=169 park_x=-1 right_done=True[0m
[self_driving-10] [0m[INFO] [1783006717.603350732] [self_driving]: [PARK_METRIC] accept=True area=304/560 frames=0/2 cx=605 cy=130 score=0.75 reject=[] right_done=True cooldown_ok=True[0m
[self_driving-10] [33m[WARN] [1783006717.605959065] [self_driving]: [PARK_APPROACH_START] first_cx=605 first_cy=130 first_area=304 score=0.75 cw_y=169 ref_turn_age=0.22[0m
[self_driving-10] [0m[INFO] [1783006717.663917176] [self_driving]: [PARK_AREA_GATE] ok=False area=304/560 frames=0/2 age=0.06 cy=130 after_turn_ok=False cooldown_ok=True seen_recent=True[0m
[self_driving-10] [0m[INFO] [1783006717.669134084] [self_driving]: [CMD] n=1245 source=park_approach_hold linear_x=0.10 linear_y=0.00 angular_z=-0.06 state=LINE_FOLLOW stop=False lane_x=166.5 raw_lane_x=166.5 lane_filter=stable cw_y=0 park_x=605 park_age=0.06 park_area=304 park_cy=130 after_lane_turn_ok=False lane_stable_ok=True[0m
[self_driving-10] [0m[INFO] [1783006718.719770176] [self_driving]: [PARK_AREA_GATE] ok=False area=320/560 frames=0/2 age=1.12 cy=130 after_turn_ok=False cooldown_ok=True seen_recent=True[0m
[self_driving-10] [0m[INFO] [1783006719.428743342] [self_driving]: [PARK_METRIC] accept=True area=300/560 frames=0/2 cx=519 cy=138 score=0.70 reject=[] right_done=True cooldown_ok=True[0m
[self_driving-10] [0m[INFO] [1783006719.740611416] [self_driving]: [PARK_AREA_GATE] ok=False area=300/560 frames=0/2 age=2.14 cy=138 after_turn_ok=False cooldown_ok=True seen_recent=True[0m
[self_driving-10] [0m[INFO] [1783006720.099189360] [self_driving]: [PARK_METRIC] accept=True area=352/560 frames=0/2 cx=521 cy=156 score=0.83 reject=[] right_done=True cooldown_ok=True[0m
[self_driving-10] [0m[INFO] [1783006720.752089378] [self_driving]: [PARK_AREA_GATE] ok=False area=374/560 frames=0/2 age=3.15 cy=148 after_turn_ok=False cooldown_ok=True seen_recent=True[0m
[self_driving-10] [0m[INFO] [1783006720.797096897] [self_driving]: [PARK_METRIC] accept=True area=391/560 frames=0/2 cx=508 cy=141 score=0.82 reject=[] right_done=True cooldown_ok=True[0m
[self_driving-10] [0m[INFO] [1783006721.539754674] [self_driving]: [PARK_METRIC] accept=True area=391/560 frames=0/2 cx=512 cy=130 score=0.86 reject=[] right_done=True cooldown_ok=True[0m
[self_driving-10] [0m[INFO] [1783006721.753513711] [self_driving]: [PARK_AREA_GATE] ok=False area=391/560 frames=0/2 age=4.15 cy=130 after_turn_ok=False cooldown_ok=True seen_recent=True[0m
[self_driving-10] [0m[INFO] [1783006722.233961525] [self_driving]: [PARK_METRIC] accept=True area=525/560 frames=0/2 cx=557 cy=133 score=0.75 reject=[] right_done=True cooldown_ok=True[0m
[self_driving-10] [0m[INFO] [1783006722.770660025] [self_driving]: [PARK_AREA_GATE] ok=False area=525/560 frames=0/2 age=5.17 cy=133 after_turn_ok=True cooldown_ok=True seen_recent=True[0m
[self_driving-10] [0m[INFO] [1783006723.245216136] [self_driving]: [PARK_METRIC] accept=True area=696/560 frames=1/2 cx=622 cy=123 score=0.85 reject=[] right_done=True cooldown_ok=True[0m
[self_driving-10] [0m[INFO] [1783006723.843650691] [self_driving]: [PARK_AREA_GATE] ok=False area=224/560 frames=0/2 age=6.24 cy=121 after_turn_ok=True cooldown_ok=True seen_recent=True[0m
[self_driving-10] [0m[INFO] [1783006724.931512413] [self_driving]: [PARK_AREA_GATE] ok=False area=224/560 frames=0/2 age=7.32 cy=121 after_turn_ok=True cooldown_ok=True seen_recent=True[0m
[self_driving-10] [0m[INFO] [1783006725.983306116] [self_driving]: [PARK_AREA_GATE] ok=False area=224/560 frames=0/2 age=8.38 cy=121 after_turn_ok=True cooldown_ok=True seen_recent=True[0m
[self_driving-10] [0m[INFO] [1783006727.019724560] [self_driving]: [PARK_AREA_GATE] ok=False area=224/560 frames=0/2 age=9.42 cy=121 after_turn_ok=True cooldown_ok=True seen_recent=True[0m
[self_driving-10] [0m[INFO] [1783006728.091063152] [self_driving]: [PARK_AREA_GATE] ok=False area=224/560 frames=0/2 age=10.48 cy=121 after_turn_ok=True cooldown_ok=True seen_recent=True[0m
[self_driving-10] [0m[INFO] [1783006729.088451484] [self_driving]: [PARK_AREA_GATE] ok=False area=224/560 frames=0/2 age=11.49 cy=121 after_turn_ok=True cooldown_ok=True seen_recent=True[0m
[self_driving-10] [0m[INFO] [1783006730.091016132] [self_driving]: [PARK_AREA_GATE] ok=False area=224/560 frames=0/2 age=12.49 cy=121 after_turn_ok=True cooldown_ok=True seen_recent=True[0m
[self_driving-10] [0m[INFO] [1783006731.096217353] [self_driving]: [PARK_AREA_GATE] ok=False area=224/560 frames=0/2 age=13.49 cy=121 after_turn_ok=True cooldown_ok=True seen_recent=True[0m
[self_driving-10] [0m[INFO] [1783006732.174086612] [self_driving]: [PARK_AREA_GATE] ok=False area=224/560 frames=0/2 age=14.57 cy=121 after_turn_ok=True cooldown_ok=True seen_recent=True[0m
[self_driving-10] [0m[INFO] [1783006732.584678945] [self_driving]: [CMD] n=1467 source=pid_follow linear_x=0.15 linear_y=0.00 angular_z=0.10 state=LINE_FOLLOW stop=False lane_x=27.5 raw_lane_x=252.5 lane_filter=jump_reject cw_y=225 park_x=636 right_done=True[0m
[self_driving-10] [0m[INFO] [1783006732.778820334] [self_driving]: [CMD] n=1470 source=line_turn linear_x=0.15 linear_y=0.00 angular_z=-0.45 state=LINE_FOLLOW stop=False lane_x=220.5 raw_lane_x=220.5 lane_filter=jump_accept cw_y=225 park_x=636 right_done=True[0m
[self_driving-10] [0m[INFO] [1783006732.900762686] [self_driving]: [CMD] n=1472 source=pid_follow linear_x=0.15 linear_y=0.00 angular_z=-0.10 state=LINE_FOLLOW stop=False lane_x=159.5 raw_lane_x=159.5 lane_filter=stable cw_y=225 park_x=636 right_done=True[0m
[self_driving-10] [0m[INFO] [1783006735.350299092] [self_driving]: [CMD] n=1508 source=lane_lost_safe linear_x=0.05 linear_y=0.00 angular_z=0.00 state=LINE_FOLLOW stop=False raw_lane_x=-1 lane_filter=lost[0m
[self_driving-10] [0m[INFO] [1783006735.999122480] [self_driving]: [CMD] n=1518 source=pid_follow linear_x=0.15 linear_y=0.00 angular_z=0.10 state=LINE_FOLLOW stop=False lane_x=19.5 raw_lane_x=186.5 lane_filter=jump_reject cw_y=225 park_x=636 right_done=True[0m
[self_driving-10] [0m[INFO] [1783006736.076616313] [self_driving]: [CMD] n=1519 source=lane_lost_safe linear_x=0.05 linear_y=0.00 angular_z=0.00 state=LINE_FOLLOW stop=False raw_lane_x=-1 lane_filter=lost[0m
[self_driving-10] [0m[INFO] [1783006736.672308795] [self_driving]: [CMD] n=1528 source=pid_follow linear_x=0.15 linear_y=0.00 angular_z=0.10 state=LINE_FOLLOW stop=False lane_x=19.5 raw_lane_x=158.5 lane_filter=jump_reject cw_y=225 park_x=636 right_done=True[0m
[self_driving-10] [0m[INFO] [1783006737.888761479] [self_driving]: [CMD] n=1546 source=lane_lost_safe linear_x=0.05 linear_y=0.00 angular_z=0.00 state=LINE_FOLLOW stop=False raw_lane_x=-1 lane_filter=lost[0m
[self_driving-10] [0m[INFO] [1783006738.818432608] [self_driving]: [CMD] n=1560 source=pid_follow linear_x=0.15 linear_y=0.00 angular_z=0.10 state=LINE_FOLLOW stop=False lane_x=9.5 raw_lane_x=313.5 lane_filter=jump_reject cw_y=225 park_x=636 right_done=True[0m
[self_driving-10] [0m[INFO] [1783006739.361899478] [self_driving]: [CMD] n=1568 source=lane_lost_safe linear_x=0.05 linear_y=0.00 angular_z=0.00 state=LINE_FOLLOW stop=False raw_lane_x=-1 lane_filter=lost[0m
[self_driving-10] [0m[INFO] [1783006739.773031848] [self_driving]: [CMD] n=1574 source=pid_follow linear_x=0.15 linear_y=0.00 angular_z=0.10 state=LINE_FOLLOW stop=False lane_x=24.5 raw_lane_x=24.5 lane_filter=stable cw_y=225 park_x=636 right_done=True[0m
[self_driving-10] [0m[INFO] [1783006740.325228959] [self_driving]: [CMD] n=1582 source=lane_lost_safe linear_x=0.05 linear_y=0.00 angular_z=0.00 state=LINE_FOLLOW stop=False raw_lane_x=-1 lane_filter=lost[0m
[self_driving-10] [0m[INFO] [1783006740.778989125] [self_driving]: [CMD] n=1589 source=pid_follow linear_x=0.30 linear_y=0.00 angular_z=-0.10 state=LINE_FOLLOW stop=False lane_x=131.5 raw_lane_x=224.0 lane_filter=jump_reject cw_y=458 park_x=-1 right_done=True[0m
[self_driving-10] [0m[INFO] [1783006740.834203792] [self_driving]: [CMD] n=1590 source=lane_lost_safe linear_x=0.05 linear_y=0.00 angular_z=0.00 state=LINE_FOLLOW stop=False raw_lane_x=-1 lane_filter=lost[0m
[self_driving-10] [0m[INFO] [1783006744.667883345] [self_driving]: [CMD] n=1647 source=pid_follow linear_x=0.15 linear_y=0.00 angular_z=-0.10 state=LINE_FOLLOW stop=False lane_x=150.0 raw_lane_x=150.0 lane_filter=stable cw_y=458 park_x=-1 right_done=True[0m
[self_driving-10] [0m[INFO] [1783006744.803394956] [self_driving]: [CMD] n=1649 source=traffic_red_stop linear_x=0.00 linear_y=0.00 angular_z=0.00 state=LINE_FOLLOW stop=False cw_y=0[0m
[self_driving-10] [0m[INFO] [1783006744.807418438] [self_driving]: [CMD] n=1650 source=stop_hold linear_x=0.00 linear_y=0.00 angular_z=0.00 state=LINE_FOLLOW stop=True cw_y=0 lane_x=99.5[0m
[self_driving-10] [0m[INFO] [1783006744.869193549] [self_driving]: [CMD] n=1651 source=traffic_red_stop linear_x=0.00 linear_y=0.00 angular_z=0.00 state=LINE_FOLLOW stop=True cw_y=0[0m
[self_driving-10] [0m[INFO] [1783006744.870747956] [self_driving]: [CMD] n=1652 source=stop_hold linear_x=0.00 linear_y=0.00 angular_z=0.00 state=LINE_FOLLOW stop=True cw_y=0 lane_x=99.5[0m
[self_driving-10] [0m[INFO] [1783006744.944368938] [self_driving]: [CMD] n=1653 source=traffic_red_stop linear_x=0.00 linear_y=0.00 angular_z=0.00 state=LINE_FOLLOW stop=True cw_y=0[0m
[self_driving-10] [0m[INFO] [1783006744.947279327] [self_driving]: [CMD] n=1654 source=stop_hold linear_x=0.00 linear_y=0.00 angular_z=0.00 state=LINE_FOLLOW stop=True cw_y=0 lane_x=99.5[0m
[self_driving-10] [0m[INFO] [1783006745.000698308] [self_driving]: [CMD] n=1655 source=traffic_red_stop linear_x=0.00 linear_y=0.00 angular_z=0.00 state=LINE_FOLLOW stop=True cw_y=0[0m
[self_driving-10] [0m[INFO] [1783006745.001311734] [self_driving]: [CMD] n=1656 source=stop_hold linear_x=0.00 linear_y=0.00 angular_z=0.00 state=LINE_FOLLOW stop=True cw_y=0 lane_x=99.5[0m
[self_driving-10] [0m[INFO] [1783006745.076330493] [self_driving]: [CMD] n=1657 source=traffic_red_stop linear_x=0.00 linear_y=0.00 angular_z=0.00 state=LINE_FOLLOW stop=True cw_y=0[0m
[self_driving-10] [0m[INFO] [1783006745.078543271] [self_driving]: [CMD] n=1658 source=stop_hold linear_x=0.00 linear_y=0.00 angular_z=0.00 state=LINE_FOLLOW stop=True cw_y=0 lane_x=118.0[0m
[self_driving-10] [0m[INFO] [1783006745.140522938] [self_driving]: [CMD] n=1659 source=traffic_red_stop linear_x=0.00 linear_y=0.00 angular_z=0.00 state=LINE_FOLLOW stop=True cw_y=0[0m
[self_driving-10] [0m[INFO] [1783006745.141383308] [self_driving]: [CMD] n=1660 source=stop_hold linear_x=0.00 linear_y=0.00 angular_z=0.00 state=LINE_FOLLOW stop=True cw_y=0 lane_x=160.5[0m
[self_driving-10] [0m[INFO] [1783006745.221406752] [self_driving]: [CMD] n=1661 source=traffic_red_stop linear_x=0.00 linear_y=0.00 angular_z=0.00 state=LINE_FOLLOW stop=True cw_y=0[0m
[self_driving-10] [0m[INFO] [1783006745.231287752] [self_driving]: [CMD] n=1662 source=stop_hold linear_x=0.00 linear_y=0.00 angular_z=0.00 state=LINE_FOLLOW stop=True cw_y=0 lane_x=160.5[0m
[self_driving-10] [0m[INFO] [1783006745.279591178] [self_driving]: [CMD] n=1663 source=traffic_red_stop linear_x=0.00 linear_y=0.00 angular_z=0.00 state=LINE_FOLLOW stop=True cw_y=0[0m
[self_driving-10] [0m[INFO] [1783006745.281965697] [self_driving]: [CMD] n=1664 source=stop_hold linear_x=0.00 linear_y=0.00 angular_z=0.00 state=LINE_FOLLOW stop=True cw_y=0 lane_x=160.5[0m
[self_driving-10] [0m[INFO] [1783006745.343651141] [self_driving]: [CMD] n=1665 source=traffic_red_stop linear_x=0.00 linear_y=0.00 angular_z=0.00 state=LINE_FOLLOW stop=True cw_y=0[0m
[self_driving-10] [0m[INFO] [1783006745.344347771] [self_driving]: [CMD] n=1666 source=stop_hold linear_x=0.00 linear_y=0.00 angular_z=0.00 state=LINE_FOLLOW stop=True cw_y=0 lane_x=160.5[0m
[self_driving-10] [0m[INFO] [1783006745.396759308] [self_driving]: [CMD] n=1667 source=traffic_red_stop linear_x=0.00 linear_y=0.00 angular_z=0.00 state=LINE_FOLLOW stop=True cw_y=0[0m
[self_driving-10] [0m[INFO] [1783006745.401040012] [self_driving]: [CMD] n=1668 source=stop_hold linear_x=0.00 linear_y=0.00 angular_z=0.00 state=LINE_FOLLOW stop=True cw_y=0 lane_x=160.5[0m
[self_driving-10] [0m[INFO] [1783006745.470639178] [self_driving]: [CMD] n=1669 source=traffic_red_stop linear_x=0.00 linear_y=0.00 angular_z=0.00 state=LINE_FOLLOW stop=True cw_y=0[0m
[self_driving-10] [0m[INFO] [1783006745.474856530] [self_driving]: [CMD] n=1670 source=stop_hold linear_x=0.00 linear_y=0.00 angular_z=0.00 state=LINE_FOLLOW stop=True cw_y=0 lane_x=160.5[0m
[self_driving-10] [0m[INFO] [1783006745.565269586] [self_driving]: [CMD] n=1671 source=traffic_red_stop linear_x=0.00 linear_y=0.00 angular_z=0.00 state=LINE_FOLLOW stop=True cw_y=0[0m
[self_driving-10] [0m[INFO] [1783006745.566074011] [self_driving]: [CMD] n=1672 source=stop_hold linear_x=0.00 linear_y=0.00 angular_z=0.00 state=LINE_FOLLOW stop=True cw_y=0 lane_x=-1[0m
[self_driving-10] [0m[INFO] [1783006745.601865789] [self_driving]: [CMD] n=1673 source=traffic_red_stop linear_x=0.00 linear_y=0.00 angular_z=0.00 state=LINE_FOLLOW stop=True cw_y=0[0m
[self_driving-10] [0m[INFO] [1783006745.607992086] [self_driving]: [CMD] n=1674 source=stop_hold linear_x=0.00 linear_y=0.00 angular_z=0.00 state=LINE_FOLLOW stop=True cw_y=0 lane_x=-1[0m
[self_driving-10] [0m[INFO] [1783006745.679623641] [self_driving]: [CMD] n=1675 source=traffic_red_stop linear_x=0.00 linear_y=0.00 angular_z=0.00 state=LINE_FOLLOW stop=True cw_y=0[0m
[self_driving-10] [0m[INFO] [1783006745.680418678] [self_driving]: [CMD] n=1676 source=stop_hold linear_x=0.00 linear_y=0.00 angular_z=0.00 state=LINE_FOLLOW stop=True cw_y=0 lane_x=-1[0m
[self_driving-10] [0m[INFO] [1783006745.745816122] [self_driving]: [CMD] n=1677 source=traffic_red_stop linear_x=0.00 linear_y=0.00 angular_z=0.00 state=LINE_FOLLOW stop=True cw_y=0[0m
[self_driving-10] [0m[INFO] [1783006745.746467937] [self_driving]: [CMD] n=1678 source=stop_hold linear_x=0.00 linear_y=0.00 angular_z=0.00 state=LINE_FOLLOW stop=True cw_y=0 lane_x=-1[0m
[self_driving-10] [0m[INFO] [1783006745.815207752] [self_driving]: [CMD] n=1679 source=traffic_red_stop linear_x=0.00 linear_y=0.00 angular_z=0.00 state=LINE_FOLLOW stop=True cw_y=0[0m
[self_driving-10] [0m[INFO] [1783006745.815794234] [self_driving]: [CMD] n=1680 source=stop_hold linear_x=0.00 linear_y=0.00 angular_z=0.00 state=LINE_FOLLOW stop=True cw_y=0 lane_x=-1[0m
[self_driving-10] [0m[INFO] [1783006745.900482048] [self_driving]: [CMD] n=1681 source=traffic_red_stop linear_x=0.00 linear_y=0.00 angular_z=0.00 state=LINE_FOLLOW stop=True cw_y=0[0m
[self_driving-10] [0m[INFO] [1783006745.903655826] [self_driving]: [CMD] n=1682 source=stop_hold linear_x=0.00 linear_y=0.00 angular_z=0.00 state=LINE_FOLLOW stop=True cw_y=0 lane_x=-1[0m
[self_driving-10] [0m[INFO] [1783006745.940367067] [self_driving]: [CMD] n=1683 source=traffic_red_stop linear_x=0.00 linear_y=0.00 angular_z=0.00 state=LINE_FOLLOW stop=True cw_y=0[0m
[self_driving-10] [0m[INFO] [1783006745.942771196] [self_driving]: [CMD] n=1684 source=stop_hold linear_x=0.00 linear_y=0.00 angular_z=0.00 state=LINE_FOLLOW stop=True cw_y=0 lane_x=-1[0m
[self_driving-10] [0m[INFO] [1783006746.005337770] [self_driving]: [CMD] n=1685 source=traffic_red_stop linear_x=0.00 linear_y=0.00 angular_z=0.00 state=LINE_FOLLOW stop=True cw_y=0[0m
[self_driving-10] [0m[INFO] [1783006746.006145307] [self_driving]: [CMD] n=1686 source=stop_hold linear_x=0.00 linear_y=0.00 angular_z=0.00 state=LINE_FOLLOW stop=True cw_y=0 lane_x=-1[0m
[self_driving-10] [0m[INFO] [1783006746.082770919] [self_driving]: [CMD] n=1687 source=traffic_red_stop linear_x=0.00 linear_y=0.00 angular_z=0.00 state=LINE_FOLLOW stop=True cw_y=0[0m
[self_driving-10] [0m[INFO] [1783006746.083561104] [self_driving]: [CMD] n=1688 source=stop_hold linear_x=0.00 linear_y=0.00 angular_z=0.00 state=LINE_FOLLOW stop=True cw_y=0 lane_x=-1[0m
[self_driving-10] [0m[INFO] [1783006746.140952437] [self_driving]: [CMD] n=1689 source=traffic_red_stop linear_x=0.00 linear_y=0.00 angular_z=0.00 state=LINE_FOLLOW stop=True cw_y=0[0m
[self_driving-10] [0m[INFO] [1783006746.141824937] [self_driving]: [CMD] n=1690 source=stop_hold linear_x=0.00 linear_y=0.00 angular_z=0.00 state=LINE_FOLLOW stop=True cw_y=0 lane_x=-1[0m
[self_driving-10] [0m[INFO] [1783006746.247163530] [self_driving]: [CMD] n=1691 source=traffic_red_stop linear_x=0.00 linear_y=0.00 angular_z=0.00 state=LINE_FOLLOW stop=True cw_y=0[0m
[self_driving-10] [0m[INFO] [1783006746.255388826] [self_driving]: [CMD] n=1692 source=stop_hold linear_x=0.00 linear_y=0.00 angular_z=0.00 state=LINE_FOLLOW stop=True cw_y=0 lane_x=-1[0m
[self_driving-10] [0m[INFO] [1783006746.286150548] [self_driving]: [CMD] n=1693 source=traffic_red_stop linear_x=0.00 linear_y=0.00 angular_z=0.00 state=LINE_FOLLOW stop=True cw_y=0[0m
[self_driving-10] [0m[INFO] [1783006746.287593159] [self_driving]: [CMD] n=1694 source=stop_hold linear_x=0.00 linear_y=0.00 angular_z=0.00 state=LINE_FOLLOW stop=True cw_y=0 lane_x=-1[0m
[self_driving-10] [0m[INFO] [1783006746.354645437] [self_driving]: [CMD] n=1695 source=traffic_red_stop linear_x=0.00 linear_y=0.00 angular_z=0.00 state=LINE_FOLLOW stop=True cw_y=0[0m
[self_driving-10] [0m[INFO] [1783006746.358939678] [self_driving]: [CMD] n=1696 source=stop_hold linear_x=0.00 linear_y=0.00 angular_z=0.00 state=LINE_FOLLOW stop=True cw_y=0 lane_x=-1[0m
[self_driving-10] [0m[INFO] [1783006746.408131733] [self_driving]: [CMD] n=1697 source=traffic_red_stop linear_x=0.00 linear_y=0.00 angular_z=0.00 state=LINE_FOLLOW stop=True cw_y=0[0m
[self_driving-10] [0m[INFO] [1783006746.409848067] [self_driving]: [CMD] n=1698 source=stop_hold linear_x=0.00 linear_y=0.00 angular_z=0.00 state=LINE_FOLLOW stop=True cw_y=0 lane_x=-1[0m
[self_driving-10] [0m[INFO] [1783006746.472949289] [self_driving]: [CMD] n=1699 source=traffic_red_stop linear_x=0.00 linear_y=0.00 angular_z=0.00 state=LINE_FOLLOW stop=True cw_y=0[0m
[self_driving-10] [0m[INFO] [1783006746.475124159] [self_driving]: [CMD] n=1700 source=stop_hold linear_x=0.00 linear_y=0.00 angular_z=0.00 state=LINE_FOLLOW stop=True cw_y=0 lane_x=-1[0m
[self_driving-10] [0m[INFO] [1783006746.546195085] [self_driving]: [CMD] n=1701 source=traffic_red_stop linear_x=0.00 linear_y=0.00 angular_z=0.00 state=LINE_FOLLOW stop=True cw_y=0[0m
[self_driving-10] [0m[INFO] [1783006746.547294085] [self_driving]: [CMD] n=1702 source=stop_hold linear_x=0.00 linear_y=0.00 angular_z=0.00 state=LINE_FOLLOW stop=True cw_y=0 lane_x=-1[0m
[self_driving-10] [0m[INFO] [1783006746.626982048] [self_driving]: [CMD] n=1703 source=traffic_red_stop linear_x=0.00 linear_y=0.00 angular_z=0.00 state=LINE_FOLLOW stop=True cw_y=0[0m
[self_driving-10] [0m[INFO] [1783006746.632736937] [self_driving]: [CMD] n=1704 source=stop_hold linear_x=0.00 linear_y=0.00 angular_z=0.00 state=LINE_FOLLOW stop=True cw_y=0 lane_x=-1[0m
[self_driving-10] [0m[INFO] [1783006746.684425826] [self_driving]: [CMD] n=1705 source=traffic_red_stop linear_x=0.00 linear_y=0.00 angular_z=0.00 state=LINE_FOLLOW stop=True cw_y=0[0m
[self_driving-10] [0m[INFO] [1783006746.686821511] [self_driving]: [CMD] n=1706 source=stop_hold linear_x=0.00 linear_y=0.00 angular_z=0.00 state=LINE_FOLLOW stop=True cw_y=0 lane_x=-1[0m
[self_driving-10] [0m[INFO] [1783006746.767032103] [self_driving]: [CMD] n=1707 source=traffic_red_stop linear_x=0.00 linear_y=0.00 angular_z=0.00 state=LINE_FOLLOW stop=True cw_y=0[0m
[self_driving-10] [0m[INFO] [1783006746.767620344] [self_driving]: [CMD] n=1708 source=stop_hold linear_x=0.00 linear_y=0.00 angular_z=0.00 state=LINE_FOLLOW stop=True cw_y=0 lane_x=-1[0m
[self_driving-10] [0m[INFO] [1783006746.825128548] [self_driving]: [CMD] n=1709 source=traffic_red_stop linear_x=0.00 linear_y=0.00 angular_z=0.00 state=LINE_FOLLOW stop=True cw_y=0[0m
[self_driving-10] [0m[INFO] [1783006746.829298344] [self_driving]: [CMD] n=1710 source=stop_hold linear_x=0.00 linear_y=0.00 angular_z=0.00 state=LINE_FOLLOW stop=True cw_y=0 lane_x=-1[0m
[self_driving-10] [0m[INFO] [1783006746.890795381] [self_driving]: [CMD] n=1711 source=traffic_red_stop linear_x=0.00 linear_y=0.00 angular_z=0.00 state=LINE_FOLLOW stop=True cw_y=0[0m
[self_driving-10] [0m[INFO] [1783006746.894271992] [self_driving]: [CMD] n=1712 source=stop_hold linear_x=0.00 linear_y=0.00 angular_z=0.00 state=LINE_FOLLOW stop=True cw_y=0 lane_x=-1[0m
[self_driving-10] [0m[INFO] [1783006746.969839844] [self_driving]: [CMD] n=1713 source=traffic_red_stop linear_x=0.00 linear_y=0.00 angular_z=0.00 state=LINE_FOLLOW stop=True cw_y=0[0m
[self_driving-10] [0m[INFO] [1783006746.977049196] [self_driving]: [CMD] n=1714 source=stop_hold linear_x=0.00 linear_y=0.00 angular_z=0.00 state=LINE_FOLLOW stop=True cw_y=0 lane_x=-1[0m
[self_driving-10] [0m[INFO] [1783006747.021118122] [self_driving]: [CMD] n=1715 source=traffic_red_stop linear_x=0.00 linear_y=0.00 angular_z=0.00 state=LINE_FOLLOW stop=True cw_y=0[0m
[self_driving-10] [0m[INFO] [1783006747.023854140] [self_driving]: [CMD] n=1716 source=stop_hold linear_x=0.00 linear_y=0.00 angular_z=0.00 state=LINE_FOLLOW stop=True cw_y=0 lane_x=-1[0m
[self_driving-10] [0m[INFO] [1783006747.089739529] [self_driving]: [CMD] n=1717 source=traffic_red_stop linear_x=0.00 linear_y=0.00 angular_z=0.00 state=LINE_FOLLOW stop=True cw_y=0[0m
[self_driving-10] [0m[INFO] [1783006747.092167844] [self_driving]: [CMD] n=1718 source=stop_hold linear_x=0.00 linear_y=0.00 angular_z=0.00 state=LINE_FOLLOW stop=True cw_y=0 lane_x=-1[0m
[self_driving-10] [0m[INFO] [1783006747.144479548] [self_driving]: [CMD] n=1719 source=traffic_red_stop linear_x=0.00 linear_y=0.00 angular_z=0.00 state=LINE_FOLLOW stop=True cw_y=0[0m
[self_driving-10] [0m[INFO] [1783006747.148635066] [self_driving]: [CMD] n=1720 source=stop_hold linear_x=0.00 linear_y=0.00 angular_z=0.00 state=LINE_FOLLOW stop=True cw_y=0 lane_x=-1[0m
[self_driving-10] [0m[INFO] [1783006747.214876473] [self_driving]: [CMD] n=1721 source=traffic_red_stop linear_x=0.00 linear_y=0.00 angular_z=0.00 state=LINE_FOLLOW stop=True cw_y=0[0m
[self_driving-10] [0m[INFO] [1783006747.215485862] [self_driving]: [CMD] n=1722 source=stop_hold linear_x=0.00 linear_y=0.00 angular_z=0.00 state=LINE_FOLLOW stop=True cw_y=0 lane_x=-1[0m
[self_driving-10] [0m[INFO] [1783006747.303229362] [self_driving]: [CMD] n=1723 source=traffic_red_stop linear_x=0.00 linear_y=0.00 angular_z=0.00 state=LINE_FOLLOW stop=True cw_y=0[0m
[self_driving-10] [0m[INFO] [1783006747.305528936] [self_driving]: [CMD] n=1724 source=stop_hold linear_x=0.00 linear_y=0.00 angular_z=0.00 state=LINE_FOLLOW stop=True cw_y=0 lane_x=-1[0m
[self_driving-10] [0m[INFO] [1783006747.368712862] [self_driving]: [CMD] n=1725 source=traffic_red_stop linear_x=0.00 linear_y=0.00 angular_z=0.00 state=LINE_FOLLOW stop=True cw_y=0[0m
[self_driving-10] [0m[INFO] [1783006747.370193936] [self_driving]: [CMD] n=1726 source=stop_hold linear_x=0.00 linear_y=0.00 angular_z=0.00 state=LINE_FOLLOW stop=True cw_y=0 lane_x=-1[0m
[self_driving-10] [0m[INFO] [1783006747.424194955] [self_driving]: [CMD] n=1727 source=traffic_red_stop linear_x=0.00 linear_y=0.00 angular_z=0.00 state=LINE_FOLLOW stop=True cw_y=0[0m
[self_driving-10] [0m[INFO] [1783006747.424945696] [self_driving]: [CMD] n=1728 source=stop_hold linear_x=0.00 linear_y=0.00 angular_z=0.00 state=LINE_FOLLOW stop=True cw_y=0 lane_x=-1[0m
[self_driving-10] [0m[INFO] [1783006747.486392936] [self_driving]: [CMD] n=1729 source=traffic_red_stop linear_x=0.00 linear_y=0.00 angular_z=0.00 state=LINE_FOLLOW stop=True cw_y=0[0m
[self_driving-10] [0m[INFO] [1783006747.487090955] [self_driving]: [CMD] n=1730 source=stop_hold linear_x=0.00 linear_y=0.00 angular_z=0.00 state=LINE_FOLLOW stop=True cw_y=0 lane_x=-1[0m
[self_driving-10] [0m[INFO] [1783006747.575114103] [self_driving]: [CMD] n=1731 source=traffic_red_stop linear_x=0.00 linear_y=0.00 angular_z=0.00 state=LINE_FOLLOW stop=True cw_y=0[0m
[self_driving-10] [0m[INFO] [1783006747.577458029] [self_driving]: [CMD] n=1732 source=stop_hold linear_x=0.00 linear_y=0.00 angular_z=0.00 state=LINE_FOLLOW stop=True cw_y=0 lane_x=-1[0m
[self_driving-10] [0m[INFO] [1783006747.616977399] [self_driving]: [CMD] n=1733 source=traffic_red_stop linear_x=0.00 linear_y=0.00 angular_z=0.00 state=LINE_FOLLOW stop=True cw_y=0[0m
[self_driving-10] [0m[INFO] [1783006747.617992492] [self_driving]: [CMD] n=1734 source=stop_hold linear_x=0.00 linear_y=0.00 angular_z=0.00 state=LINE_FOLLOW stop=True cw_y=0 lane_x=-1[0m
[self_driving-10] [0m[INFO] [1783006747.710942288] [self_driving]: [CMD] n=1735 source=traffic_red_stop linear_x=0.00 linear_y=0.00 angular_z=0.00 state=LINE_FOLLOW stop=True cw_y=0[0m
[self_driving-10] [0m[INFO] [1783006747.715565992] [self_driving]: [CMD] n=1736 source=stop_hold linear_x=0.00 linear_y=0.00 angular_z=0.00 state=LINE_FOLLOW stop=True cw_y=0 lane_x=-1[0m
[self_driving-10] [0m[INFO] [1783006747.756806269] [self_driving]: [CMD] n=1737 source=traffic_red_stop linear_x=0.00 linear_y=0.00 angular_z=0.00 state=LINE_FOLLOW stop=True cw_y=0[0m
[self_driving-10] [0m[INFO] [1783006747.757784695] [self_driving]: [CMD] n=1738 source=stop_hold linear_x=0.00 linear_y=0.00 angular_z=0.00 state=LINE_FOLLOW stop=True cw_y=0 lane_x=-1[0m
[self_driving-10] [0m[INFO] [1783006747.831085843] [self_driving]: [CMD] n=1739 source=traffic_red_stop linear_x=0.00 linear_y=0.00 angular_z=0.00 state=LINE_FOLLOW stop=True cw_y=0[0m
[self_driving-10] [0m[INFO] [1783006747.831893269] [self_driving]: [CMD] n=1740 source=stop_hold linear_x=0.00 linear_y=0.00 angular_z=0.00 state=LINE_FOLLOW stop=True cw_y=0 lane_x=-1[0m
[self_driving-10] [0m[INFO] [1783006747.885724529] [self_driving]: [CMD] n=1741 source=traffic_red_stop linear_x=0.00 linear_y=0.00 angular_z=0.00 state=LINE_FOLLOW stop=True cw_y=0[0m
[self_driving-10] [0m[INFO] [1783006747.886441306] [self_driving]: [CMD] n=1742 source=stop_hold linear_x=0.00 linear_y=0.00 angular_z=0.00 state=LINE_FOLLOW stop=True cw_y=0 lane_x=-1[0m
[self_driving-10] [0m[INFO] [1783006747.954348047] [self_driving]: [CMD] n=1743 source=traffic_red_stop linear_x=0.00 linear_y=0.00 angular_z=0.00 state=LINE_FOLLOW stop=True cw_y=0[0m
[self_driving-10] [0m[INFO] [1783006747.955124177] [self_driving]: [CMD] n=1744 source=stop_hold linear_x=0.00 linear_y=0.00 angular_z=0.00 state=LINE_FOLLOW stop=True cw_y=0 lane_x=-1[0m
[self_driving-10] [0m[INFO] [1783006748.037464140] [self_driving]: [CMD] n=1745 source=traffic_red_stop linear_x=0.00 linear_y=0.00 angular_z=0.00 state=LINE_FOLLOW stop=True cw_y=0[0m
[self_driving-10] [0m[INFO] [1783006748.039499473] [self_driving]: [CMD] n=1746 source=stop_hold linear_x=0.00 linear_y=0.00 angular_z=0.00 state=LINE_FOLLOW stop=True cw_y=0 lane_x=-1[0m
[self_driving-10] [0m[INFO] [1783006748.100174917] [self_driving]: [CMD] n=1747 source=traffic_red_stop linear_x=0.00 linear_y=0.00 angular_z=0.00 state=LINE_FOLLOW stop=True cw_y=0[0m
[self_driving-10] [0m[INFO] [1783006748.100885880] [self_driving]: [CMD] n=1748 source=stop_hold linear_x=0.00 linear_y=0.00 angular_z=0.00 state=LINE_FOLLOW stop=True cw_y=0 lane_x=-1[0m
[self_driving-10] [0m[INFO] [1783006748.159641732] [self_driving]: [CMD] n=1749 source=traffic_red_stop linear_x=0.00 linear_y=0.00 angular_z=0.00 state=LINE_FOLLOW stop=True cw_y=0[0m
[self_driving-10] [0m[INFO] [1783006748.160292658] [self_driving]: [CMD] n=1750 source=stop_hold linear_x=0.00 linear_y=0.00 angular_z=0.00 state=LINE_FOLLOW stop=True cw_y=0 lane_x=-1[0m
[self_driving-10] [0m[INFO] [1783006748.224172047] [self_driving]: [CMD] n=1751 source=traffic_red_stop linear_x=0.00 linear_y=0.00 angular_z=0.00 state=LINE_FOLLOW stop=True cw_y=0[0m
[self_driving-10] [0m[INFO] [1783006748.224768714] [self_driving]: [CMD] n=1752 source=stop_hold linear_x=0.00 linear_y=0.00 angular_z=0.00 state=LINE_FOLLOW stop=True cw_y=0 lane_x=-1[0m
[self_driving-10] [0m[INFO] [1783006748.294882510] [self_driving]: [CMD] n=1753 source=traffic_red_stop linear_x=0.00 linear_y=0.00 angular_z=0.00 state=LINE_FOLLOW stop=True cw_y=0[0m
[self_driving-10] [0m[INFO] [1783006748.295596621] [self_driving]: [CMD] n=1754 source=stop_hold linear_x=0.00 linear_y=0.00 angular_z=0.00 state=LINE_FOLLOW stop=True cw_y=0 lane_x=-1[0m
[self_driving-10] [0m[INFO] [1783006748.360363658] [self_driving]: [CMD] n=1755 source=lane_lost_safe linear_x=0.05 linear_y=0.00 angular_z=0.00 state=LINE_FOLLOW stop=False raw_lane_x=-1 lane_filter=lost[0m
