[INFO] [launch]: All log files can be found below /home/ubuntu/.ros/log/2026-07-02-15-52-32-447627-raspberrypi-150862
[INFO] [launch]: Default logging verbosity is set to INFO
[INFO] [ascamera_node-1]: process started with pid [150872]
[INFO] [static_transform_publisher-2]: process started with pid [150874]
[INFO] [static_transform_publisher-3]: process started with pid [150876]
[INFO] [joint_state_publisher-4]: process started with pid [150878]
[INFO] [robot_state_publisher-5]: process started with pid [150880]
[INFO] [ros_robot_controller-6]: process started with pid [150882]
[INFO] [odom_publisher-7]: process started with pid [150884]
[INFO] [ekf_node-8]: process started with pid [150894]
[INFO] [yolo_detect-9]: process started with pid [150897]
[INFO] [self_driving-10]: process started with pid [150911]
[ascamera_node-1] [0m[INFO] [1783007553.190199271] [as_logger]: hello world angstrong camera ros2 node[0m
[static_transform_publisher-2] [33m[WARN] [1783007553.198202975] []: Old-style arguments are deprecated; see --help for new-style arguments[0m
[static_transform_publisher-3] [33m[WARN] [1783007553.176882623] []: Old-style arguments are deprecated; see --help for new-style arguments[0m
[static_transform_publisher-3] [0m[INFO] [1783007553.198470363] [static_transform_publisher_OGrktTRB6N2smJNz]: Spinning until stopped - publishing transform
[static_transform_publisher-3] translation: ('0.000000', '0.000000', '0.000000')
[static_transform_publisher-3] rotation: ('-0.500000', '0.499602', '-0.500000', '0.500398')
[static_transform_publisher-3] from 'depth_cam' to 'ascamera_color_0'[0m
[robot_state_publisher-5] [0m[INFO] [1783007553.279886252] [robot_state_publisher]: got segment base_footprint[0m
[robot_state_publisher-5] [0m[INFO] [1783007553.285948567] [robot_state_publisher]: got segment base_link[0m
[robot_state_publisher-5] [0m[INFO] [1783007553.285975326] [robot_state_publisher]: got segment depth_cam[0m
[robot_state_publisher-5] [0m[INFO] [1783007553.285985493] [robot_state_publisher]: got segment imu_link[0m
[robot_state_publisher-5] [0m[INFO] [1783007553.285993900] [robot_state_publisher]: got segment lidar_frame[0m
[robot_state_publisher-5] [0m[INFO] [1783007553.286001012] [robot_state_publisher]: got segment wheel_lb_Link[0m
[robot_state_publisher-5] [0m[INFO] [1783007553.286008660] [robot_state_publisher]: got segment wheel_lf_Link[0m
[robot_state_publisher-5] [0m[INFO] [1783007553.286016049] [robot_state_publisher]: got segment wheel_rb_Link[0m
[robot_state_publisher-5] [0m[INFO] [1783007553.286024326] [robot_state_publisher]: got segment wheel_rf_Link[0m
[static_transform_publisher-2] [0m[INFO] [1783007553.301779252] [static_transform_publisher_2lWyfo2g2Ip5SRcR]: Spinning until stopped - publishing transform
[static_transform_publisher-2] translation: ('0.000000', '0.000000', '0.000000')
[static_transform_publisher-2] rotation: ('-0.500000', '0.499602', '-0.500000', '0.500398')
[static_transform_publisher-2] from 'depth_cam' to 'ascamera_camera_link_0'[0m
[ascamera_node-1] 2026-07-02 15:52:33[INFO] [CameraPublisher.cpp] [1558] [printLaunchParams] get depth_width 640
[ascamera_node-1] 2026-07-02 15:52:33[INFO] [CameraPublisher.cpp] [1559] [printLaunchParams] get depth_height 480
[ascamera_node-1] 2026-07-02 15:52:33[INFO] [CameraPublisher.cpp] [1561] [printLaunchParams] get rgb_width 640
[ascamera_node-1] 2026-07-02 15:52:33[INFO] [CameraPublisher.cpp] [1562] [printLaunchParams] get rgb_height 480
[ascamera_node-1] 2026-07-02 15:52:33[INFO] [CameraPublisher.cpp] [1570] [printLaunchParams] get set_fps 15
[ascamera_node-1] 2026-07-02 15:52:33[INFO] [CameraPublisher.cpp] [1578] [printLaunchParams] get color_pcl 1
[ascamera_node-1] 2026-07-02 15:52:33[INFO] [CameraPublisher.cpp] [1582] [printLaunchParams] get pub_tfTree 1
[ascamera_node-1] 2026-07-02 15:52:33[INFO] [CameraSrv.cpp] [35] [CameraSrv] Angstrong camera server
[ascamera_node-1] 2026-07-02 15:52:33[INFO] [CameraSrv.cpp] [45] [CameraSrv] Angstrong camera sdk version:v1.2.22.20240516
[odom_publisher-7] [0m[INFO] [1783007554.139974770] [odom_publisher]: [1;32m0.930000 1.010000[0m[0m
[odom_publisher-7] [0m[INFO] [1783007554.164489400] [odom_publisher]: [1;32mstart[0m[0m
[joint_state_publisher-4] [0m[INFO] [1783007554.218100567] [joint_state_publisher]: Waiting for robot_description to be published on the robot_description topic...[0m
[ascamera_node-1] 2026-07-02 15:52:34[INFO] [CameraSrv.cpp] [114] [onAttached] attached
[ascamera_node-1] 2026-07-02 15:52:34[INFO] [CameraSrv.cpp] [145] [onAttached] this is a new attach device, create and open it
[ros_robot_controller-6] [0m[INFO] [1783007554.745024455] [ros_robot_controller]: 已设置舵机 1 的偏移量为 0[0m
[ros_robot_controller-6] [0m[INFO] [1783007554.746728659] [ros_robot_controller]: 已设置舵机 2 的偏移量为 0[0m
[ros_robot_controller-6] [0m[INFO] [1783007554.747945900] [ros_robot_controller]: 已设置舵机 3 的偏移量为 4[0m
[ros_robot_controller-6] [0m[INFO] [1783007554.749045233] [ros_robot_controller]: 已设置舵机 4 的偏移量为 0[0m
[ros_robot_controller-6] [0m[INFO] [1783007554.754366103] [ros_robot_controller]: [1;32mstart[0m[0m
[self_driving-10] [0m[INFO] [1783007554.808994733] [self_driving]: [INIT] init_process started[0m
[self_driving-10] [0m[INFO] [1783007554.809596881] [self_driving]: [INIT] only_line_follow=False[0m
[self_driving-10] [0m[INFO] [1783007554.810320344] [self_driving]: [INIT] request /yolov5/start[0m
[ascamera_node-1] 2026-07-02 15:52:35[INFO] [CameraSrv.cpp] [154] [onAttached] get model type 9
[ascamera_node-1] 2026-07-02 15:52:35[INFO] [CameraSrv.cpp] [342] [getConfigFile] get file: /home/ubuntu/third_party_ros2/third_party_ws/src/ascamera/configurationfiles/hp60c_v2_00_20230704_configEncrypt.json
[ascamera_node-1] 2026-07-02 15:52:35[INFO] [CameraPublisher.cpp] [1501] [logCameraPathInfo] usb camera
[ascamera_node-1] 2026-07-02 15:52:35[INFO] [CameraPublisher.cpp] [1502] [logCameraPathInfo] bnum:1
[ascamera_node-1] 2026-07-02 15:52:35[INFO] [CameraPublisher.cpp] [1503] [logCameraPathInfo] dnum:3
[ascamera_node-1] 2026-07-02 15:52:35[INFO] [CameraPublisher.cpp] [1504] [logCameraPathInfo] port_numbers:2
[ascamera_node-1] 2026-07-02 15:52:35[INFO] [CameraPublisher.cpp] [171] [onCameraAttached] create a new publisher info set
[ascamera_node-1] 2026-07-02 15:52:35[INFO] [TfTreeFrameIdInfo.cpp] [11] [TfTreeFrameIdInfo] Namespace /ascamera
[ascamera_node-1] 2026-07-02 15:52:35[INFO] [CameraHp60c.cpp] [128] [open] according to the configuration file.
[ascamera_node-1] 2026-07-02 15:52:35[INFO] [CameraHp60c.cpp] [1528] [parseConfigFileParameter] moduleName:AS_CAM_HP60C
[ascamera_node-1] 2026-07-02 15:52:35[INFO] [CameraHp60c.cpp] [1555] [parseConfigFileParameter] Parsing config file /home/ubuntu/third_party_ros2/third_party_ws/src/ascamera/configurationfiles/hp60c_v2_00_20230704_configEncrypt.json
[ascamera_node-1] 2026-07-02 15:52:35[INFO] [CameraHp60c.cpp] [1620] [parseConfigFileParameter] configuration protocol Version: v2.x
[ascamera_node-1] 2026-07-02 15:52:35[INFO] [CameraHp60c.cpp] [1631] [parseConfigFileParameter] configuration Version: v2.0.0.20230704
[ascamera_node-1] 2026-07-02 15:52:35[INFO] [CameraHp60c.cpp] [1796] [setParamersAfterOpenCam] Camera confiParaEnable true, setting configuration parameter
[ascamera_node-1] 2026-07-02 15:52:36[ERROR] [XuCmdCameraHp60c.cpp] [454] [getMjpegSize] get mjpeg from xu command failed
[ascamera_node-1] 2026-07-02 15:52:36[INFO] [XuCmdCameraHp60c.cpp] [458] [getMjpegSize] mjpeg size:640x480
[ascamera_node-1] 2026-07-02 15:52:36[INFO] [CameraPublisher.cpp] [356] [onCameraOpen] camera opened
[ascamera_node-1] 2026-07-02 15:52:36[INFO] [CameraPublisher.cpp] [370] [onCameraOpen] get config info, ret 0, is_Registration 1
[ascamera_node-1] 2026-07-02 15:52:36[INFO] [Camera.cpp] [61] [init] #camera[0x5555a3eaa710] SN[ASC60CF08000515]'s firmware version:DLS_VERc20865=:V01.09_2024110714:V01.19_2024110714:L01
[ascamera_node-1] 2026-07-02 15:52:36[INFO] [CameraPublisher.cpp] [1183] [setResolution] set depth resolution: 640 x 480 @ 15fps
[ascamera_node-1] 2026-07-02 15:52:36[INFO] [CameraPublisher.cpp] [1197] [setResolution] set rgb resolution: 640 x 480 @ 15fps
[ascamera_node-1] 2026-07-02 15:52:36[INFO] [CameraHp60c.cpp] [260] [startStreaming] start streaming
[ascamera_node-1] 2026-07-02 15:52:36[INFO] [CameraSrv.cpp] [202] [onAttached] attached end
[self_driving-10] [33m[WARN] [1783007556.813763287] [self_driving]: [YOLO_SERVICE] service not ready, continue without blocking[0m
[self_driving-10] [0m[INFO] [1783007557.314981639] [self_driving]: [INIT] enter + set_running start[0m
[self_driving-10] [0m[INFO] [1783007557.315643676] [self_driving]: [1;32mself driving enter[0m[0m
[self_driving-10] [0m[INFO] [1783007557.325386491] [self_driving]: [SUB] image=/ascamera/camera_publisher/rgb0/image object=/yolov5_ros2/object_detect[0m
[self_driving-10] [0m[INFO] [1783007557.327412398] [self_driving]: [1;32mset_running[0m[0m
[self_driving-10] [0m[INFO] [1783007557.333895028] [self_driving]: [1;32m[START] hybrid self_driving start: auto LINE_FOLLOW[0m[0m
[INFO] [apply_calib-11]: process started with pid [151062]
[INFO] [complementary_filter_node-12]: process started with pid [151064]
[complementary_filter_node-12] [0m[INFO] [1783007558.216948675] [imu_filter]: Starting ComplementaryFilterROS[0m
[ascamera_node-1] 2026-07-02 15:52:38[INFO] [CameraHp60c.cpp] [912] [setInternalParameter] mjpeg info: size(640x480)
[apply_calib-11] [0m[INFO] [1783007558.558921490] [imu_calib]: Calibrating gyros; do not move the IMU[0m
[ascamera_node-1] 2026-07-02 15:52:38[INFO] [Camera.cpp] [127] [backgroundThread] SN [ ASC60CF08000515 ]'s parameter:
[ascamera_node-1] 2026-07-02 15:52:38[INFO] [Camera.cpp] [128] [backgroundThread] irfx: 426.962
[ascamera_node-1] 2026-07-02 15:52:38[INFO] [Camera.cpp] [129] [backgroundThread] irfy: 426.374
[ascamera_node-1] 2026-07-02 15:52:38[INFO] [Camera.cpp] [130] [backgroundThread] ircx: 315.403
[ascamera_node-1] 2026-07-02 15:52:38[INFO] [Camera.cpp] [131] [backgroundThread] ircy: 240.933
[ascamera_node-1] 2026-07-02 15:52:38[INFO] [Camera.cpp] [132] [backgroundThread] rgbfx: 570.48
[ascamera_node-1] 2026-07-02 15:52:38[INFO] [Camera.cpp] [133] [backgroundThread] rgbfy: 569.949
[ascamera_node-1] 2026-07-02 15:52:38[INFO] [Camera.cpp] [134] [backgroundThread] rgbcx: 329.75
[ascamera_node-1] 2026-07-02 15:52:38[INFO] [Camera.cpp] [135] [backgroundThread] rgbcy: 238.406
[ascamera_node-1] 
[ascamera_node-1] 2026-07-02 15:52:38[INFO] [CameraHp60c.cpp] [1149] [streamCallback] set gain ret 0, gain 4
[self_driving-10] [33m[WARN] [1783007559.090356064] [self_driving]: [IMAGE_DROP] queue full -> drop oldest frame[0m
[self_driving-10] [0m[INFO] [1783007559.094181767] [self_driving]: [CMD] n=1 source=line_turn linear_x=0.30 linear_y=0.00 angular_z=-0.45 state=LINE_FOLLOW stop=False lane_x=305.5 raw_lane_x=305.5 lane_filter=init cw_y=0 park_x=-1 right_done=False[0m
[self_driving-10] [0m[INFO] [1783007559.316771897] [self_driving]: [CMD] n=6 source=pid_follow linear_x=0.30 linear_y=0.00 angular_z=-0.10 state=LINE_FOLLOW stop=False lane_x=180.0 raw_lane_x=180.0 lane_filter=stable cw_y=0 park_x=-1 right_done=False[0m
[self_driving-10] [0m[INFO] [1783007560.284092841] [self_driving]: [CMD] n=18 source=lane_lost_safe linear_x=0.05 linear_y=0.00 angular_z=0.00 state=LINE_FOLLOW stop=False raw_lane_x=-1 lane_filter=lost[0m
[apply_calib-11] [0m[INFO] [1783007560.674894452] [imu_calib]: Gyro calibration complete! (bias = [-0.414, -0.535, -0.197])[0m
[self_driving-10] [0m[INFO] [1783007561.172621173] [self_driving]: [CMD] n=29 source=pid_follow linear_x=0.30 linear_y=0.00 angular_z=0.10 state=LINE_FOLLOW stop=False lane_x=29.0 raw_lane_x=309.5 lane_filter=jump_reject cw_y=0 park_x=-1 right_done=False[0m
[self_driving-10] [0m[INFO] [1783007561.253909988] [self_driving]: [CMD] n=30 source=lane_lost_safe linear_x=0.05 linear_y=0.00 angular_z=0.00 state=LINE_FOLLOW stop=False raw_lane_x=-1 lane_filter=lost[0m
[self_driving-10] [0m[INFO] [1783007561.335325636] [self_driving]: [CMD] n=31 source=pid_follow linear_x=0.30 linear_y=0.00 angular_z=0.10 state=LINE_FOLLOW stop=False lane_x=29.0 raw_lane_x=293.0 lane_filter=jump_reject cw_y=0 park_x=-1 right_done=False[0m
[self_driving-10] [0m[INFO] [1783007561.495778692] [self_driving]: [CMD] n=33 source=line_turn linear_x=0.30 linear_y=0.00 angular_z=-0.45 state=LINE_FOLLOW stop=False lane_x=302.5 raw_lane_x=302.5 lane_filter=jump_accept cw_y=0 park_x=-1 right_done=False[0m
[self_driving-10] [0m[INFO] [1783007562.465379895] [self_driving]: [CMD] n=45 source=lane_lost_safe linear_x=0.05 linear_y=0.00 angular_z=0.00 state=LINE_FOLLOW stop=False raw_lane_x=-1 lane_filter=lost[0m
[self_driving-10] [0m[INFO] [1783007563.189153561] [self_driving]: [CMD] n=54 source=line_turn linear_x=0.30 linear_y=0.00 angular_z=-0.45 state=LINE_FOLLOW stop=False lane_x=301.5 raw_lane_x=192.5 lane_filter=jump_reject cw_y=0 park_x=-1 right_done=False[0m
[self_driving-10] [0m[INFO] [1783007563.431565931] [self_driving]: [CMD] n=57 source=pid_follow linear_x=0.30 linear_y=0.00 angular_z=0.00 state=LINE_FOLLOW stop=False lane_x=168.5 raw_lane_x=168.5 lane_filter=jump_accept cw_y=0 park_x=-1 right_done=False[0m
[self_driving-10] [0m[INFO] [1783007564.138361505] [self_driving]: [CMD] n=66 source=lane_lost_safe linear_x=0.05 linear_y=0.00 angular_z=0.00 state=LINE_FOLLOW stop=False raw_lane_x=-1 lane_filter=lost[0m
[self_driving-10] [0m[INFO] [1783007564.675879079] [self_driving]: [CMD] n=74 source=pid_follow linear_x=0.30 linear_y=0.00 angular_z=-0.10 state=LINE_FOLLOW stop=False lane_x=170.5 raw_lane_x=313.0 lane_filter=jump_reject cw_y=0 park_x=-1 right_done=False[0m
[self_driving-10] [0m[INFO] [1783007564.810063005] [self_driving]: [CMD] n=76 source=line_turn linear_x=0.30 linear_y=0.00 angular_z=-0.45 state=LINE_FOLLOW stop=False lane_x=250.5 raw_lane_x=250.5 lane_filter=stable cw_y=0 park_x=-1 right_done=False[0m
[self_driving-10] [0m[INFO] [1783007564.879808468] [self_driving]: [CMD] n=77 source=pid_follow linear_x=0.30 linear_y=0.00 angular_z=-0.10 state=LINE_FOLLOW stop=False lane_x=194.0 raw_lane_x=194.0 lane_filter=stable cw_y=0 park_x=-1 right_done=False[0m
[yolo_detect-9] [0m[INFO] [1783007566.878988726] [yolov5_ros2]: Current ROS 2 distribution: humble[0m
[self_driving-10] [0m[INFO] [1783007574.650675851] [self_driving]: [CMD] n=222 source=line_turn linear_x=0.15 linear_y=0.00 angular_z=-0.45 state=LINE_FOLLOW stop=False lane_x=201.0 raw_lane_x=201.0 lane_filter=stable cw_y=455 park_x=-1 right_done=False[0m
[self_driving-10] [0m[INFO] [1783007574.711208980] [self_driving]: [CMD] n=223 source=pid_follow linear_x=0.15 linear_y=0.00 angular_z=-0.10 state=LINE_FOLLOW stop=False lane_x=199.5 raw_lane_x=199.5 lane_filter=stable cw_y=455 park_x=-1 right_done=False[0m
[self_driving-10] [0m[INFO] [1783007574.912962869] [self_driving]: [CMD] n=226 source=line_turn linear_x=0.15 linear_y=0.00 angular_z=-0.45 state=LINE_FOLLOW stop=False lane_x=204.0 raw_lane_x=204.0 lane_filter=stable cw_y=455 park_x=-1 right_done=False[0m
[self_driving-10] [0m[INFO] [1783007575.781357072] [self_driving]: [CMD] n=239 source=pid_follow linear_x=0.15 linear_y=0.00 angular_z=0.00 state=LINE_FOLLOW stop=False lane_x=159.5 raw_lane_x=159.5 lane_filter=jump_accept cw_y=455 park_x=-1 right_done=False[0m
[self_driving-10] [0m[INFO] [1783007576.176613239] [self_driving]: [CMD] n=245 source=line_turn linear_x=0.15 linear_y=0.00 angular_z=-0.45 state=LINE_FOLLOW stop=False lane_x=221.5 raw_lane_x=221.5 lane_filter=stable cw_y=455 park_x=-1 right_done=False[0m
[self_driving-10] [0m[INFO] [1783007578.606554700] [self_driving]: [CMD] n=281 source=pid_follow linear_x=0.15 linear_y=0.00 angular_z=-0.10 state=LINE_FOLLOW stop=False lane_x=192.0 raw_lane_x=192.0 lane_filter=stable cw_y=0 park_x=-1 right_done=False[0m
[self_driving-10] [0m[INFO] [1783007589.951224879] [self_driving]: [CMD] n=450 source=line_turn linear_x=0.30 linear_y=0.00 angular_z=-0.45 state=LINE_FOLLOW stop=False lane_x=208.5 raw_lane_x=208.5 lane_filter=stable cw_y=420 park_x=-1 right_done=False[0m
[self_driving-10] [0m[INFO] [1783007590.839314322] [self_driving]: [CMD] n=463 source=pid_follow linear_x=0.15 linear_y=0.00 angular_z=0.00 state=LINE_FOLLOW stop=False lane_x=133.0 raw_lane_x=133.0 lane_filter=jump_accept cw_y=420 park_x=-1 right_done=False[0m
[self_driving-10] [0m[INFO] [1783007591.230388007] [self_driving]: [CMD] n=469 source=line_turn linear_x=0.15 linear_y=0.00 angular_z=-0.45 state=LINE_FOLLOW stop=False lane_x=205.0 raw_lane_x=205.0 lane_filter=stable cw_y=420 park_x=-1 right_done=False[0m
[self_driving-10] [0m[INFO] [1783007593.795743598] [self_driving]: [CMD] n=507 source=pid_follow linear_x=0.15 linear_y=0.00 angular_z=-0.10 state=LINE_FOLLOW stop=False lane_x=184.0 raw_lane_x=184.0 lane_filter=stable cw_y=420 park_x=-1 right_done=False[0m
[self_driving-10] [0m[INFO] [1783007594.151324691] [self_driving]: [PARK_METRIC] accept=True area=342/580 frames=0/2 cx=473 cy=131 score=0.68 reject=[] right_done=False cooldown_ok=True[0m
[self_driving-10] [33m[WARN] [1783007594.152244524] [self_driving]: [PARK_APPROACH_START] first_cx=473 first_cy=131 first_area=342 score=0.68 cw_y=196 ref_turn_age=0.36[0m
[self_driving-10] [0m[INFO] [1783007594.200287209] [self_driving]: [PARK_AREA_GATE] ok=False area=342/580 frames=0/2 age=0.05 cy=131 after_turn_ok=False cooldown_ok=True seen_recent=True[0m
[self_driving-10] [0m[INFO] [1783007594.205266987] [self_driving]: [CMD] n=513 source=park_approach_hold linear_x=0.10 linear_y=0.00 angular_z=0.06 state=LINE_FOLLOW stop=False lane_x=123.5 raw_lane_x=123.5 lane_filter=stable cw_y=0 park_x=473 park_age=0.05 park_area=342 park_cy=131 after_lane_turn_ok=False lane_stable_ok=True[0m
[self_driving-10] [0m[INFO] [1783007595.285724394] [self_driving]: [PARK_AREA_GATE] ok=False area=342/580 frames=0/2 age=1.13 cy=131 after_turn_ok=False cooldown_ok=True seen_recent=True[0m
[self_driving-10] [0m[INFO] [1783007596.287522430] [self_driving]: [PARK_AREA_GATE] ok=False area=342/580 frames=0/2 age=2.13 cy=131 after_turn_ok=False cooldown_ok=True seen_recent=True[0m
[self_driving-10] [0m[INFO] [1783007597.294377263] [self_driving]: [PARK_AREA_GATE] ok=False area=342/580 frames=0/2 age=3.14 cy=131 after_turn_ok=False cooldown_ok=True seen_recent=True[0m
[self_driving-10] [0m[INFO] [1783007598.352244836] [self_driving]: [PARK_AREA_GATE] ok=False area=342/580 frames=0/2 age=4.20 cy=131 after_turn_ok=False cooldown_ok=True seen_recent=True[0m
[self_driving-10] [0m[INFO] [1783007599.356975058] [self_driving]: [PARK_AREA_GATE] ok=False area=342/580 frames=0/2 age=5.21 cy=131 after_turn_ok=True cooldown_ok=True seen_recent=True[0m
[self_driving-10] [0m[INFO] [1783007600.380438224] [self_driving]: [PARK_AREA_GATE] ok=False area=342/580 frames=0/2 age=6.23 cy=131 after_turn_ok=True cooldown_ok=True seen_recent=True[0m
[self_driving-10] [0m[INFO] [1783007601.390074094] [self_driving]: [PARK_AREA_GATE] ok=False area=342/580 frames=0/2 age=7.24 cy=131 after_turn_ok=True cooldown_ok=True seen_recent=True[0m
[self_driving-10] [0m[INFO] [1783007602.403742056] [self_driving]: [PARK_AREA_GATE] ok=False area=342/580 frames=0/2 age=8.25 cy=131 after_turn_ok=True cooldown_ok=True seen_recent=True[0m
[self_driving-10] [0m[INFO] [1783007603.020909056] [self_driving]: [CMD] n=644 source=pid_follow linear_x=0.15 linear_y=0.00 angular_z=-0.10 state=LINE_FOLLOW stop=False lane_x=131.0 raw_lane_x=131.0 lane_filter=stable cw_y=0 park_x=-1 right_done=False[0m
[self_driving-10] [0m[INFO] [1783007609.446601219] [self_driving]: [CMD] n=740 source=line_turn linear_x=0.15 linear_y=0.00 angular_z=-0.45 state=LINE_FOLLOW stop=False lane_x=210.0 raw_lane_x=210.0 lane_filter=stable cw_y=316 park_x=-1 right_done=False[0m
[self_driving-10] [0m[INFO] [1783007610.744690570] [self_driving]: [CMD] n=759 source=pid_follow linear_x=0.15 linear_y=0.00 angular_z=0.00 state=LINE_FOLLOW stop=False lane_x=130.5 raw_lane_x=130.5 lane_filter=jump_accept cw_y=316 park_x=-1 right_done=False[0m
[self_driving-10] [0m[INFO] [1783007611.079732866] [self_driving]: [CMD] n=764 source=line_turn linear_x=0.15 linear_y=0.00 angular_z=-0.45 state=LINE_FOLLOW stop=False lane_x=202.5 raw_lane_x=202.5 lane_filter=stable cw_y=316 park_x=-1 right_done=False[0m
[self_driving-10] [0m[INFO] [1783007612.939930402] [self_driving]: [CMD] n=792 source=pid_follow linear_x=0.15 linear_y=0.00 angular_z=-0.10 state=LINE_FOLLOW stop=False lane_x=195.0 raw_lane_x=195.0 lane_filter=stable cw_y=316 park_x=-1 right_done=False[0m
[self_driving-10] [0m[INFO] [1783007613.187002420] [self_driving]: [RIGHT_METRIC] valid=False can_trigger=False reject=['small_area'] cnt=0 cx=563 cy=126 w=22 h=27 area=594 score=0.62 done=False repeat=True cooldown_ok=True fsm_enabled=True[0m
[self_driving-10] [0m[INFO] [1783007613.548622383] [self_driving]: [RIGHT_METRIC] valid=False can_trigger=False reject=['small_area'] cnt=0 cx=452 cy=125 w=24 h=32 area=768 score=0.82 done=False repeat=True cooldown_ok=True fsm_enabled=True[0m
[self_driving-10] [0m[INFO] [1783007613.913066883] [self_driving]: [RIGHT_METRIC] valid=False can_trigger=False reject=['low_score', 'small_area'] cnt=0 cx=325 cy=127 w=24 h=27 area=648 score=0.44 done=False repeat=True cooldown_ok=True fsm_enabled=True[0m
[self_driving-10] [0m[INFO] [1783007614.260116216] [self_driving]: [RIGHT_METRIC] valid=False can_trigger=False reject=['small_area'] cnt=0 cx=284 cy=125 w=26 h=36 area=936 score=0.86 done=False repeat=True cooldown_ok=True fsm_enabled=True[0m
[self_driving-10] [0m[INFO] [1783007614.588303549] [self_driving]: [RIGHT_METRIC] valid=False can_trigger=False reject=['small_area'] cnt=0 cx=253 cy=124 w=28 h=39 area=1092 score=0.85 done=False repeat=True cooldown_ok=True fsm_enabled=True[0m
[self_driving-10] [0m[INFO] [1783007614.920055160] [self_driving]: [RIGHT_METRIC] valid=False can_trigger=False reject=['small_area'] cnt=0 cx=233 cy=123 w=30 h=40 area=1200 score=0.84 done=False repeat=True cooldown_ok=True fsm_enabled=True[0m
[self_driving-10] [0m[INFO] [1783007615.255010456] [self_driving]: [RIGHT_METRIC] valid=False can_trigger=False reject=['small_area'] cnt=0 cx=213 cy=121 w=30 h=42 area=1260 score=0.85 done=False repeat=True cooldown_ok=True fsm_enabled=True[0m
[self_driving-10] [0m[INFO] [1783007615.602497789] [self_driving]: [RIGHT_METRIC] valid=False can_trigger=False reject=['small_area'] cnt=0 cx=214 cy=119 w=33 h=44 area=1452 score=0.86 done=False repeat=True cooldown_ok=True fsm_enabled=True[0m
[self_driving-10] [0m[INFO] [1783007615.937577159] [self_driving]: [RIGHT_METRIC] valid=False can_trigger=False reject=['small_area'] cnt=0 cx=204 cy=119 w=34 h=46 area=1564 score=0.87 done=False repeat=True cooldown_ok=True fsm_enabled=True[0m
[self_driving-10] [0m[INFO] [1783007616.308453363] [self_driving]: [RIGHT_METRIC] valid=False can_trigger=False reject=['small_area'] cnt=0 cx=171 cy=117 w=36 h=50 area=1800 score=0.88 done=False repeat=True cooldown_ok=True fsm_enabled=True[0m
[self_driving-10] [0m[INFO] [1783007616.649852270] [self_driving]: [RIGHT_METRIC] valid=False can_trigger=False reject=['small_area'] cnt=0 cx=151 cy=114 w=42 h=56 area=2352 score=0.86 done=False repeat=True cooldown_ok=True fsm_enabled=True[0m
[self_driving-10] [0m[INFO] [1783007616.998330399] [self_driving]: [RIGHT_METRIC] valid=False can_trigger=False reject=['small_area'] cnt=0 cx=137 cy=111 w=45 h=59 area=2655 score=0.86 done=False repeat=True cooldown_ok=True fsm_enabled=True[0m
[self_driving-10] [0m[INFO] [1783007617.341640899] [self_driving]: [RIGHT_METRIC] valid=True can_trigger=True reject=[] cnt=0 cx=118 cy=110 w=49 h=62 area=3038 score=0.87 done=False repeat=True cooldown_ok=True fsm_enabled=True[0m
[self_driving-10] [0m[INFO] [1783007617.998582566] [self_driving]: [RIGHT_METRIC] valid=True can_trigger=True reject=[] cnt=1 cx=40 cy=101 w=60 h=79 area=4740 score=0.87 done=False repeat=True cooldown_ok=True fsm_enabled=True[0m
[self_driving-10] [33m[WARN] [1783007618.000652954] [self_driving]: [RIGHT_READY] cx=40 cy=101 w=60 h=79 area=4740 score=0.87 repeat=True[0m
[self_driving-10] [33m[WARN] [1783007618.054889177] [self_driving]: [RIGHT_TRIGGER] enter ARROW_SIGNAL lane_x=131.5 raw_lane_x=131.5 filter=stable cw_y=0 candidate={'cx': 40, 'cy': 101, 'w': 60, 'h': 79, 'area': 4740, 'score': 0.8700000047683716} repeat=True[0m
[self_driving-10] [0m[INFO] [1783007618.055354621] [self_driving]: [1;36m[FSM] LINE_FOLLOW -> ARROW_SIGNAL[0m[0m
[self_driving-10] [0m[INFO] [1783007618.064084658] [self_driving]: [CMD] n=868 source=right_trigger_stop linear_x=0.00 linear_y=0.00 angular_z=0.00 state=ARROW_SIGNAL stop=False [0m
[self_driving-10] [0m[INFO] [1783007618.110466658] [self_driving]: [CMD] n=869 source=arrow_signal_wait linear_x=0.00 linear_y=0.00 angular_z=0.00 state=ARROW_SIGNAL stop=False [0m
[self_driving-10] [0m[INFO] [1783007618.351858621] [self_driving]: [RIGHT_METRIC] valid=True can_trigger=False reject=['cooldown', 'state_ARROW_SIGNAL'] cnt=0 cx=27 cy=94 w=55 h=93 area=5115 score=0.85 done=False repeat=True cooldown_ok=False fsm_enabled=True[0m
[self_driving-10] [0m[INFO] [1783007618.507789287] [self_driving]: [ARROW_SIGNAL] done elapsed=0.45 -> INTERSECTION direction=right[0m
[self_driving-10] [0m[INFO] [1783007618.509348806] [self_driving]: [1;36m[FSM] ARROW_SIGNAL -> INTERSECTION[0m[0m
[self_driving-10] [0m[INFO] [1783007618.584257787] [self_driving]: [CMD] n=875 source=right_fsm_turn linear_x=0.10 linear_y=0.00 angular_z=-0.50 state=INTERSECTION stop=False [0m
[self_driving-10] [0m[INFO] [1783007620.374002786] [self_driving]: [1;36m[FSM] INTERSECTION -> LINE_FOLLOW[0m[0m
[self_driving-10] [33m[WARN] [1783007620.375140972] [self_driving]: [RIGHT_TURN_DONE] elapsed=1.86 lane_x=68.0 right_done=True repeat=True cooldown=2.0s -> LINE_FOLLOW[0m
[self_driving-10] [0m[INFO] [1783007620.427419083] [self_driving]: [CMD] n=901 source=pid_follow linear_x=0.30 linear_y=0.00 angular_z=-0.10 state=LINE_FOLLOW stop=False lane_x=178.0 raw_lane_x=178.0 lane_filter=stable cw_y=266 park_x=-1 right_done=True[0m
[self_driving-10] [0m[INFO] [1783007620.808892286] [self_driving]: [CMD] n=907 source=line_turn linear_x=0.15 linear_y=0.00 angular_z=-0.45 state=LINE_FOLLOW stop=False lane_x=222.0 raw_lane_x=222.0 lane_filter=stable cw_y=289 park_x=-1 right_done=True[0m
[self_driving-10] [0m[INFO] [1783007621.866477619] [self_driving]: [CMD] n=923 source=pid_follow linear_x=0.15 linear_y=0.00 angular_z=0.00 state=LINE_FOLLOW stop=False lane_x=200.0 raw_lane_x=200.0 lane_filter=stable cw_y=387 park_x=-1 right_done=True[0m
[self_driving-10] [0m[INFO] [1783007622.957637563] [self_driving]: [CMD] n=939 source=line_turn linear_x=0.15 linear_y=0.00 angular_z=-0.45 state=LINE_FOLLOW stop=False lane_x=201.5 raw_lane_x=201.5 lane_filter=stable cw_y=168 park_x=-1 right_done=True[0m
[self_driving-10] [0m[INFO] [1783007623.053829581] [self_driving]: [PARK_METRIC] accept=True area=304/580 frames=0/2 cx=541 cy=130 score=0.41 reject=[] right_done=True cooldown_ok=True[0m
[self_driving-10] [33m[WARN] [1783007623.055138451] [self_driving]: [PARK_APPROACH_START] first_cx=541 first_cy=130 first_area=304 score=0.41 cw_y=0 ref_turn_age=1.19[0m
[self_driving-10] [0m[INFO] [1783007623.124991211] [self_driving]: [PARK_AREA_GATE] ok=False area=304/580 frames=0/2 age=0.07 cy=130 after_turn_ok=False cooldown_ok=True seen_recent=True[0m
[self_driving-10] [0m[INFO] [1783007623.126630840] [self_driving]: [CMD] n=941 source=park_approach_hold linear_x=0.10 linear_y=0.00 angular_z=-0.06 state=LINE_FOLLOW stop=False lane_x=203.0 raw_lane_x=203.0 lane_filter=stable cw_y=0 park_x=541 park_age=0.07 park_area=304 park_cy=130 after_lane_turn_ok=False lane_stable_ok=True[0m
[self_driving-10] [0m[INFO] [1783007623.716377229] [self_driving]: [PARK_METRIC] accept=True area=304/580 frames=0/2 cx=556 cy=131 score=0.70 reject=[] right_done=True cooldown_ok=True[0m
[self_driving-10] [0m[INFO] [1783007624.171955284] [self_driving]: [PARK_AREA_GATE] ok=False area=323/580 frames=0/2 age=1.12 cy=131 after_turn_ok=False cooldown_ok=True seen_recent=True[0m
[self_driving-10] [0m[INFO] [1783007624.373859599] [self_driving]: [PARK_METRIC] accept=True area=304/580 frames=0/2 cx=509 cy=132 score=0.78 reject=[] right_done=True cooldown_ok=True[0m
[self_driving-10] [0m[INFO] [1783007625.258131043] [self_driving]: [PARK_AREA_GATE] ok=False area=304/580 frames=0/2 age=2.20 cy=130 after_turn_ok=False cooldown_ok=True seen_recent=True[0m
[self_driving-10] [0m[INFO] [1783007625.568171024] [self_driving]: [PARK_METRIC] accept=True area=285/580 frames=0/2 cx=478 cy=129 score=0.75 reject=[] right_done=True cooldown_ok=True[0m
[self_driving-10] [0m[INFO] [1783007626.262544116] [self_driving]: [PARK_METRIC] accept=True area=352/580 frames=0/2 cx=478 cy=135 score=0.74 reject=[] right_done=True cooldown_ok=True[0m
[self_driving-10] [0m[INFO] [1783007626.336279727] [self_driving]: [PARK_AREA_GATE] ok=False area=352/580 frames=0/2 age=3.28 cy=135 after_turn_ok=False cooldown_ok=True seen_recent=True[0m
[self_driving-10] [0m[INFO] [1783007627.110104893] [self_driving]: [PARK_METRIC] accept=True area=357/580 frames=0/2 cx=470 cy=143 score=0.77 reject=[] right_done=True cooldown_ok=True[0m
[self_driving-10] [0m[INFO] [1783007627.386975708] [self_driving]: [PARK_AREA_GATE] ok=False area=357/580 frames=0/2 age=4.33 cy=143 after_turn_ok=True cooldown_ok=True seen_recent=True[0m
[self_driving-10] [0m[INFO] [1783007628.093818782] [self_driving]: [PARK_METRIC] accept=True area=456/580 frames=0/2 cx=502 cy=128 score=0.79 reject=[] right_done=True cooldown_ok=True[0m
[self_driving-10] [0m[INFO] [1783007628.388303745] [self_driving]: [PARK_AREA_GATE] ok=False area=456/580 frames=0/2 age=5.33 cy=128 after_turn_ok=True cooldown_ok=True seen_recent=True[0m
[self_driving-10] [0m[INFO] [1783007628.771224004] [self_driving]: [PARK_METRIC] accept=True area=500/580 frames=0/2 cx=516 cy=128 score=0.77 reject=[] right_done=True cooldown_ok=True[0m
[self_driving-10] [0m[INFO] [1783007629.414458633] [self_driving]: [PARK_AREA_GATE] ok=False area=475/580 frames=0/2 age=6.36 cy=131 after_turn_ok=True cooldown_ok=True seen_recent=True[0m
[self_driving-10] [0m[INFO] [1783007629.802637947] [self_driving]: [PARK_METRIC] accept=True area=567/580 frames=0/2 cx=596 cy=126 score=0.85 reject=[] right_done=True cooldown_ok=True[0m
[self_driving-10] [0m[INFO] [1783007630.478282447] [self_driving]: [PARK_METRIC] accept=True area=248/580 frames=0/2 cx=635 cy=122 score=0.56 reject=[] right_done=True cooldown_ok=True[0m
[self_driving-10] [0m[INFO] [1783007630.479398540] [self_driving]: [PARK_AREA_GATE] ok=False area=616/580 frames=0/2 age=7.43 cy=123 after_turn_ok=True cooldown_ok=True seen_recent=True[0m
[self_driving-10] [0m[INFO] [1783007631.504482872] [self_driving]: [PARK_AREA_GATE] ok=False area=248/580 frames=0/2 age=8.45 cy=122 after_turn_ok=True cooldown_ok=True seen_recent=True[0m
[self_driving-10] [0m[INFO] [1783007632.560853094] [self_driving]: [PARK_AREA_GATE] ok=False area=248/580 frames=0/2 age=9.51 cy=122 after_turn_ok=True cooldown_ok=True seen_recent=True[0m
[self_driving-10] [0m[INFO] [1783007633.592533427] [self_driving]: [PARK_AREA_GATE] ok=False area=248/580 frames=0/2 age=10.54 cy=122 after_turn_ok=True cooldown_ok=True seen_recent=True[0m
[self_driving-10] [0m[INFO] [1783007634.602721667] [self_driving]: [PARK_AREA_GATE] ok=False area=248/580 frames=0/2 age=11.55 cy=122 after_turn_ok=True cooldown_ok=True seen_recent=True[0m
[self_driving-10] [0m[INFO] [1783007635.603556722] [self_driving]: [PARK_AREA_GATE] ok=False area=248/580 frames=0/2 age=12.55 cy=122 after_turn_ok=True cooldown_ok=True seen_recent=True[0m
[self_driving-10] [0m[INFO] [1783007636.657802036] [self_driving]: [PARK_AREA_GATE] ok=False area=248/580 frames=0/2 age=13.60 cy=122 after_turn_ok=True cooldown_ok=True seen_recent=True[0m
[self_driving-10] [0m[INFO] [1783007637.668947443] [self_driving]: [PARK_AREA_GATE] ok=False area=248/580 frames=0/2 age=14.62 cy=122 after_turn_ok=True cooldown_ok=True seen_recent=True[0m
[self_driving-10] [0m[INFO] [1783007638.699293238] [self_driving]: [PARK_AREA_GATE] ok=False area=248/580 frames=0/2 age=15.65 cy=122 after_turn_ok=True cooldown_ok=True seen_recent=True[0m
[self_driving-10] [0m[INFO] [1783007639.492026830] [self_driving]: [CMD] n=1185 source=pid_follow linear_x=0.30 linear_y=0.00 angular_z=0.10 state=LINE_FOLLOW stop=False lane_x=34.0 raw_lane_x=34.0 lane_filter=stable cw_y=0 park_x=635 right_done=True[0m
[self_driving-10] [0m[INFO] [1783007639.902507275] [self_driving]: [CMD] n=1191 source=lane_lost_safe linear_x=0.05 linear_y=0.00 angular_z=0.00 state=LINE_FOLLOW stop=False raw_lane_x=-1 lane_filter=lost[0m
[self_driving-10] [0m[INFO] [1783007643.922840587] [self_driving]: [CMD] n=1251 source=pid_follow linear_x=0.30 linear_y=0.00 angular_z=0.10 state=LINE_FOLLOW stop=False lane_x=50.5 raw_lane_x=275.5 lane_filter=jump_reject cw_y=0 park_x=-1 right_done=True[0m
[self_driving-10] [0m[INFO] [1783007644.190408643] [self_driving]: [CMD] n=1255 source=lane_lost_safe linear_x=0.05 linear_y=0.00 angular_z=0.00 state=LINE_FOLLOW stop=False raw_lane_x=-1 lane_filter=lost[0m
[self_driving-10] [0m[INFO] [1783007644.393892031] [self_driving]: [CMD] n=1258 source=pid_follow linear_x=0.30 linear_y=0.00 angular_z=0.10 state=LINE_FOLLOW stop=False lane_x=50.5 raw_lane_x=201.5 lane_filter=jump_reject cw_y=83 park_x=-1 right_done=True[0m
[self_driving-10] [0m[INFO] [1783007644.459940994] [self_driving]: [CMD] n=1259 source=lane_lost_safe linear_x=0.05 linear_y=0.00 angular_z=0.00 state=LINE_FOLLOW stop=False raw_lane_x=-1 lane_filter=lost[0m
[self_driving-10] [0m[INFO] [1783007644.542977883] [self_driving]: [CMD] n=1260 source=pid_follow linear_x=0.30 linear_y=0.00 angular_z=0.10 state=LINE_FOLLOW stop=False lane_x=50.5 raw_lane_x=207.0 lane_filter=jump_reject cw_y=97 park_x=-1 right_done=True[0m
[self_driving-10] [0m[INFO] [1783007644.601404364] [self_driving]: [CMD] n=1261 source=line_turn linear_x=0.30 linear_y=0.00 angular_z=-0.45 state=LINE_FOLLOW stop=False lane_x=204.0 raw_lane_x=204.0 lane_filter=jump_accept cw_y=97 park_x=-1 right_done=True[0m
[self_driving-10] [0m[INFO] [1783007644.879935772] [self_driving]: [CMD] n=1265 source=pid_follow linear_x=0.30 linear_y=0.00 angular_z=-0.10 state=LINE_FOLLOW stop=False lane_x=171.0 raw_lane_x=171.0 lane_filter=stable cw_y=97 park_x=-1 right_done=True[0m
[self_driving-10] [0m[INFO] [1783007645.482806179] [self_driving]: [CMD] n=1274 source=lane_lost_safe linear_x=0.05 linear_y=0.00 angular_z=0.00 state=LINE_FOLLOW stop=False raw_lane_x=-1 lane_filter=lost[0m
