[INFO] [launch]: All log files can be found below /home/ubuntu/.ros/log/2026-07-02-15-57-38-697280-raspberrypi-185200
[INFO] [launch]: Default logging verbosity is set to INFO
[INFO] [ascamera_node-1]: process started with pid [185216]
[INFO] [static_transform_publisher-2]: process started with pid [185218]
[INFO] [static_transform_publisher-3]: process started with pid [185220]
[INFO] [joint_state_publisher-4]: process started with pid [185222]
[INFO] [robot_state_publisher-5]: process started with pid [185224]
[INFO] [ros_robot_controller-6]: process started with pid [185226]
[INFO] [odom_publisher-7]: process started with pid [185228]
[INFO] [ekf_node-8]: process started with pid [185238]
[INFO] [yolo_detect-9]: process started with pid [185241]
[INFO] [self_driving-10]: process started with pid [185245]
[static_transform_publisher-2] [33m[WARN] [1783007859.523081773] []: Old-style arguments are deprecated; see --help for new-style arguments[0m
[static_transform_publisher-3] [33m[WARN] [1783007859.502365199] []: Old-style arguments are deprecated; see --help for new-style arguments[0m
[static_transform_publisher-3] [0m[INFO] [1783007859.556628625] [static_transform_publisher_WN4BF8B3wr61YB7h]: Spinning until stopped - publishing transform
[static_transform_publisher-3] translation: ('0.000000', '0.000000', '0.000000')
[static_transform_publisher-3] rotation: ('-0.500000', '0.499602', '-0.500000', '0.500398')
[static_transform_publisher-3] from 'depth_cam' to 'ascamera_color_0'[0m
[ascamera_node-1] [0m[INFO] [1783007859.558787477] [as_logger]: hello world angstrong camera ros2 node[0m
[static_transform_publisher-2] [0m[INFO] [1783007859.621122755] [static_transform_publisher_eRU84PkDFsVQu1JO]: Spinning until stopped - publishing transform
[static_transform_publisher-2] translation: ('0.000000', '0.000000', '0.000000')
[static_transform_publisher-2] rotation: ('-0.500000', '0.499602', '-0.500000', '0.500398')
[static_transform_publisher-2] from 'depth_cam' to 'ascamera_camera_link_0'[0m
[robot_state_publisher-5] [0m[INFO] [1783007859.635397644] [robot_state_publisher]: got segment base_footprint[0m
[robot_state_publisher-5] [0m[INFO] [1783007859.635558088] [robot_state_publisher]: got segment base_link[0m
[robot_state_publisher-5] [0m[INFO] [1783007859.635573070] [robot_state_publisher]: got segment depth_cam[0m
[robot_state_publisher-5] [0m[INFO] [1783007859.635581996] [robot_state_publisher]: got segment imu_link[0m
[robot_state_publisher-5] [0m[INFO] [1783007859.635589588] [robot_state_publisher]: got segment lidar_frame[0m
[robot_state_publisher-5] [0m[INFO] [1783007859.635597236] [robot_state_publisher]: got segment wheel_lb_Link[0m
[robot_state_publisher-5] [0m[INFO] [1783007859.635604181] [robot_state_publisher]: got segment wheel_lf_Link[0m
[robot_state_publisher-5] [0m[INFO] [1783007859.635611440] [robot_state_publisher]: got segment wheel_rb_Link[0m
[robot_state_publisher-5] [0m[INFO] [1783007859.635618496] [robot_state_publisher]: got segment wheel_rf_Link[0m
[ascamera_node-1] 2026-07-02 15:57:39[INFO] [CameraPublisher.cpp] [1558] [printLaunchParams] get depth_width 640
[ascamera_node-1] 2026-07-02 15:57:39[INFO] [CameraPublisher.cpp] [1559] [printLaunchParams] get depth_height 480
[ascamera_node-1] 2026-07-02 15:57:39[INFO] [CameraPublisher.cpp] [1561] [printLaunchParams] get rgb_width 640
[ascamera_node-1] 2026-07-02 15:57:39[INFO] [CameraPublisher.cpp] [1562] [printLaunchParams] get rgb_height 480
[ascamera_node-1] 2026-07-02 15:57:39[INFO] [CameraPublisher.cpp] [1570] [printLaunchParams] get set_fps 15
[ascamera_node-1] 2026-07-02 15:57:39[INFO] [CameraPublisher.cpp] [1578] [printLaunchParams] get color_pcl 1
[ascamera_node-1] 2026-07-02 15:57:39[INFO] [CameraPublisher.cpp] [1582] [printLaunchParams] get pub_tfTree 1
[ascamera_node-1] 2026-07-02 15:57:39[INFO] [CameraSrv.cpp] [35] [CameraSrv] Angstrong camera server
[ascamera_node-1] 2026-07-02 15:57:39[INFO] [CameraSrv.cpp] [45] [CameraSrv] Angstrong camera sdk version:v1.2.22.20240516
[joint_state_publisher-4] [0m[INFO] [1783007860.287325514] [joint_state_publisher]: Waiting for robot_description to be published on the robot_description topic...[0m
[odom_publisher-7] [0m[INFO] [1783007860.289440180] [odom_publisher]: [1;32m0.930000 1.010000[0m[0m
[odom_publisher-7] [0m[INFO] [1783007860.314091366] [odom_publisher]: [1;32mstart[0m[0m
[ascamera_node-1] 2026-07-02 15:57:40[INFO] [CameraSrv.cpp] [114] [onAttached] attached
[ascamera_node-1] 2026-07-02 15:57:40[INFO] [CameraSrv.cpp] [145] [onAttached] this is a new attach device, create and open it
[ros_robot_controller-6] [0m[INFO] [1783007861.100424124] [ros_robot_controller]: 已设置舵机 1 的偏移量为 0[0m
[ros_robot_controller-6] [0m[INFO] [1783007861.101942050] [ros_robot_controller]: 已设置舵机 2 的偏移量为 0[0m
[ros_robot_controller-6] [0m[INFO] [1783007861.102890810] [ros_robot_controller]: 已设置舵机 3 的偏移量为 4[0m
[ros_robot_controller-6] [0m[INFO] [1783007861.103758124] [ros_robot_controller]: 已设置舵机 4 的偏移量为 0[0m
[ros_robot_controller-6] [0m[INFO] [1783007861.108140180] [ros_robot_controller]: [1;32mstart[0m[0m
[self_driving-10] [0m[INFO] [1783007861.317555476] [self_driving]: [INIT] init_process started[0m
[self_driving-10] [0m[INFO] [1783007861.318147402] [self_driving]: [INIT] only_line_follow=False[0m
[self_driving-10] [0m[INFO] [1783007861.318600365] [self_driving]: [INIT] request /yolov5/start[0m
[ascamera_node-1] 2026-07-02 15:57:41[INFO] [CameraSrv.cpp] [154] [onAttached] get model type 9
[ascamera_node-1] 2026-07-02 15:57:41[INFO] [CameraSrv.cpp] [342] [getConfigFile] get file: /home/ubuntu/third_party_ros2/third_party_ws/src/ascamera/configurationfiles/hp60c_v2_00_20230704_configEncrypt.json
[ascamera_node-1] 2026-07-02 15:57:41[INFO] [CameraPublisher.cpp] [1501] [logCameraPathInfo] usb camera
[ascamera_node-1] 2026-07-02 15:57:41[INFO] [CameraPublisher.cpp] [1502] [logCameraPathInfo] bnum:1
[ascamera_node-1] 2026-07-02 15:57:41[INFO] [CameraPublisher.cpp] [1503] [logCameraPathInfo] dnum:3
[ascamera_node-1] 2026-07-02 15:57:41[INFO] [CameraPublisher.cpp] [1504] [logCameraPathInfo] port_numbers:2
[ascamera_node-1] 2026-07-02 15:57:41[INFO] [CameraPublisher.cpp] [171] [onCameraAttached] create a new publisher info set
[ascamera_node-1] 2026-07-02 15:57:41[INFO] [TfTreeFrameIdInfo.cpp] [11] [TfTreeFrameIdInfo] Namespace /ascamera
[ascamera_node-1] 2026-07-02 15:57:41[INFO] [CameraHp60c.cpp] [128] [open] according to the configuration file.
[ascamera_node-1] 2026-07-02 15:57:41[INFO] [CameraHp60c.cpp] [1528] [parseConfigFileParameter] moduleName:AS_CAM_HP60C
[ascamera_node-1] 2026-07-02 15:57:41[INFO] [CameraHp60c.cpp] [1555] [parseConfigFileParameter] Parsing config file /home/ubuntu/third_party_ros2/third_party_ws/src/ascamera/configurationfiles/hp60c_v2_00_20230704_configEncrypt.json
[ascamera_node-1] 2026-07-02 15:57:41[INFO] [CameraHp60c.cpp] [1620] [parseConfigFileParameter] configuration protocol Version: v2.x
[ascamera_node-1] 2026-07-02 15:57:41[INFO] [CameraHp60c.cpp] [1631] [parseConfigFileParameter] configuration Version: v2.0.0.20230704
[ascamera_node-1] 2026-07-02 15:57:41[INFO] [CameraHp60c.cpp] [1796] [setParamersAfterOpenCam] Camera confiParaEnable true, setting configuration parameter
[self_driving-10] [33m[WARN] [1783007863.321785845] [self_driving]: [YOLO_SERVICE] service not ready, continue without blocking[0m
[ascamera_node-1] 2026-07-02 15:57:43[ERROR] [XuCmdCameraHp60c.cpp] [454] [getMjpegSize] get mjpeg from xu command failed
[ascamera_node-1] 2026-07-02 15:57:43[INFO] [XuCmdCameraHp60c.cpp] [458] [getMjpegSize] mjpeg size:640x480
[ascamera_node-1] 2026-07-02 15:57:43[INFO] [CameraPublisher.cpp] [356] [onCameraOpen] camera opened
[ascamera_node-1] 2026-07-02 15:57:43[INFO] [CameraPublisher.cpp] [370] [onCameraOpen] get config info, ret 0, is_Registration 1
[ascamera_node-1] 2026-07-02 15:57:43[INFO] [Camera.cpp] [61] [init] #camera[0x555637b26710] SN[ASC60CF08000515]'s firmware version:DLS_VERc20865=:V01.09_2024110714:V01.19_2024110714:L01
[ascamera_node-1] 2026-07-02 15:57:43[INFO] [CameraPublisher.cpp] [1183] [setResolution] set depth resolution: 640 x 480 @ 15fps
[ascamera_node-1] 2026-07-02 15:57:43[INFO] [CameraPublisher.cpp] [1197] [setResolution] set rgb resolution: 640 x 480 @ 15fps
[ascamera_node-1] 2026-07-02 15:57:43[INFO] [CameraHp60c.cpp] [260] [startStreaming] start streaming
[ascamera_node-1] 2026-07-02 15:57:43[INFO] [CameraSrv.cpp] [202] [onAttached] attached end
[self_driving-10] [0m[INFO] [1783007863.823026863] [self_driving]: [INIT] enter + set_running start[0m
[self_driving-10] [0m[INFO] [1783007863.823652271] [self_driving]: [1;32mself driving enter[0m[0m
[self_driving-10] [0m[INFO] [1783007863.833211086] [self_driving]: [SUB] image=/ascamera/camera_publisher/rgb0/image object=/yolov5_ros2/object_detect[0m
[self_driving-10] [0m[INFO] [1783007863.834298993] [self_driving]: [1;32mset_running[0m[0m
[self_driving-10] [0m[INFO] [1783007863.836379123] [self_driving]: [1;32m[START] hybrid self_driving start: auto LINE_FOLLOW[0m[0m
[INFO] [apply_calib-11]: process started with pid [185400]
[INFO] [complementary_filter_node-12]: process started with pid [185402]
[complementary_filter_node-12] [0m[INFO] [1783007864.873552455] [imu_filter]: Starting ComplementaryFilterROS[0m
[apply_calib-11] [0m[INFO] [1783007864.882706696] [imu_calib]: Calibrating gyros; do not move the IMU[0m
[ascamera_node-1] 2026-07-02 15:57:44[INFO] [CameraHp60c.cpp] [912] [setInternalParameter] mjpeg info: size(640x480)
[ascamera_node-1] 2026-07-02 15:57:45[INFO] [Camera.cpp] [127] [backgroundThread] SN [ ASC60CF08000515 ]'s parameter:
[ascamera_node-1] 2026-07-02 15:57:45[INFO] [Camera.cpp] [128] [backgroundThread] irfx: 426.962
[ascamera_node-1] 2026-07-02 15:57:45[INFO] [Camera.cpp] [129] [backgroundThread] irfy: 426.374
[ascamera_node-1] 2026-07-02 15:57:45[INFO] [Camera.cpp] [130] [backgroundThread] ircx: 315.403
[ascamera_node-1] 2026-07-02 15:57:45[INFO] [Camera.cpp] [131] [backgroundThread] ircy: 240.933
[ascamera_node-1] 2026-07-02 15:57:45[INFO] [Camera.cpp] [132] [backgroundThread] rgbfx: 570.48
[ascamera_node-1] 2026-07-02 15:57:45[INFO] [Camera.cpp] [133] [backgroundThread] rgbfy: 569.949
[ascamera_node-1] 2026-07-02 15:57:45[INFO] [Camera.cpp] [134] [backgroundThread] rgbcx: 329.75
[ascamera_node-1] 2026-07-02 15:57:45[INFO] [Camera.cpp] [135] [backgroundThread] rgbcy: 238.406
[ascamera_node-1] 
[ascamera_node-1] 2026-07-02 15:57:45[INFO] [CameraHp60c.cpp] [1149] [streamCallback] set gain ret 0, gain 4
[self_driving-10] [33m[WARN] [1783007865.655417325] [self_driving]: [IMAGE_DROP] queue full -> drop oldest frame[0m
[self_driving-10] [0m[INFO] [1783007865.665771510] [self_driving]: [CMD] n=1 source=lane_lost_safe linear_x=0.05 linear_y=0.00 angular_z=0.00 state=LINE_FOLLOW stop=False raw_lane_x=-1 lane_filter=lost[0m
[apply_calib-11] [0m[INFO] [1783007866.927819639] [imu_calib]: Gyro calibration complete! (bias = [0.023, 0.040, 0.105])[0m
[yolo_detect-9] [0m[INFO] [1783007866.958836102] [yolov5_ros2]: Current ROS 2 distribution: humble[0m
[self_driving-10] [0m[INFO] [1783007867.604576324] [self_driving]: [CMD] n=32 source=pid_follow linear_x=0.60 linear_y=0.00 angular_z=0.10 state=LINE_FOLLOW stop=False lane_x=52.5 raw_lane_x=52.5 lane_filter=init cw_y=0 park_x=-1 right_done=False[0m
[self_driving-10] [0m[INFO] [1783007867.873965768] [self_driving]: [CMD] n=36 source=line_turn linear_x=0.60 linear_y=0.00 angular_z=-0.45 state=LINE_FOLLOW stop=False lane_x=257.0 raw_lane_x=257.0 lane_filter=stable cw_y=0 park_x=-1 right_done=False[0m
[self_driving-10] [0m[INFO] [1783007868.346501842] [self_driving]: [CMD] n=43 source=lane_lost_safe linear_x=0.05 linear_y=0.00 angular_z=0.00 state=LINE_FOLLOW stop=False raw_lane_x=-1 lane_filter=lost[0m
[self_driving-10] [0m[INFO] [1783007868.411088990] [self_driving]: [CMD] n=44 source=line_turn linear_x=0.60 linear_y=0.00 angular_z=-0.45 state=LINE_FOLLOW stop=False lane_x=315.5 raw_lane_x=157.5 lane_filter=jump_reject cw_y=0 park_x=-1 right_done=False[0m
[self_driving-10] [0m[INFO] [1783007869.083862971] [self_driving]: [CMD] n=54 source=pid_follow linear_x=0.60 linear_y=0.00 angular_z=0.00 state=LINE_FOLLOW stop=False lane_x=190.5 raw_lane_x=190.5 lane_filter=stable cw_y=0 park_x=-1 right_done=False[0m
[self_driving-10] [0m[INFO] [1783007870.392593860] [self_driving]: [CMD] n=73 source=lane_lost_safe linear_x=0.05 linear_y=0.00 angular_z=0.00 state=LINE_FOLLOW stop=False raw_lane_x=-1 lane_filter=lost[0m
[self_driving-10] [0m[INFO] [1783007874.484477376] [self_driving]: [CMD] n=134 source=pid_follow linear_x=0.15 linear_y=0.00 angular_z=0.10 state=LINE_FOLLOW stop=False lane_x=7.5 raw_lane_x=7.5 lane_filter=stable cw_y=252 park_x=-1 right_done=False[0m
[self_driving-10] [0m[INFO] [1783007879.647489743] [self_driving]: [CMD] n=211 source=line_turn linear_x=0.15 linear_y=0.00 angular_z=-0.45 state=LINE_FOLLOW stop=False lane_x=213.5 raw_lane_x=213.5 lane_filter=stable cw_y=467 park_x=-1 right_done=False[0m
[self_driving-10] [0m[INFO] [1783007880.191818206] [self_driving]: [CMD] n=219 source=pid_follow linear_x=0.15 linear_y=0.00 angular_z=0.00 state=LINE_FOLLOW stop=False lane_x=193.5 raw_lane_x=193.5 lane_filter=stable cw_y=467 park_x=-1 right_done=False[0m
[self_driving-10] [0m[INFO] [1783007880.400710650] [self_driving]: [CMD] n=222 source=line_turn linear_x=0.15 linear_y=0.00 angular_z=-0.45 state=LINE_FOLLOW stop=False lane_x=207.0 raw_lane_x=207.0 lane_filter=stable cw_y=467 park_x=-1 right_done=False[0m
[self_driving-10] [0m[INFO] [1783007881.203089946] [self_driving]: [CMD] n=234 source=pid_follow linear_x=0.15 linear_y=0.00 angular_z=0.00 state=LINE_FOLLOW stop=False lane_x=159.5 raw_lane_x=159.5 lane_filter=jump_accept cw_y=467 park_x=-1 right_done=False[0m
[self_driving-10] [0m[INFO] [1783007881.607109964] [self_driving]: [CMD] n=240 source=line_turn linear_x=0.15 linear_y=0.00 angular_z=-0.45 state=LINE_FOLLOW stop=False lane_x=207.0 raw_lane_x=207.0 lane_filter=stable cw_y=467 park_x=-1 right_done=False[0m
[self_driving-10] [0m[INFO] [1783007882.861791574] [self_driving]: [CMD] n=259 source=lane_lost_safe linear_x=0.05 linear_y=0.00 angular_z=0.00 state=LINE_FOLLOW stop=False raw_lane_x=-1 lane_filter=lost[0m
[self_driving-10] [0m[INFO] [1783007888.251589960] [self_driving]: [CMD] n=339 source=line_turn linear_x=0.60 linear_y=0.00 angular_z=-0.45 state=LINE_FOLLOW stop=False lane_x=315.0 raw_lane_x=315.0 lane_filter=stable cw_y=0 park_x=-1 right_done=False[0m
[self_driving-10] [0m[INFO] [1783007889.520593737] [self_driving]: [CMD] n=358 source=pid_follow linear_x=0.60 linear_y=0.00 angular_z=-0.10 state=LINE_FOLLOW stop=False lane_x=184.5 raw_lane_x=184.5 lane_filter=stable cw_y=144 park_x=-1 right_done=False[0m
[self_driving-10] [0m[INFO] [1783007889.601328274] [self_driving]: [CMD] n=359 source=line_turn linear_x=0.60 linear_y=0.00 angular_z=-0.45 state=LINE_FOLLOW stop=False lane_x=216.0 raw_lane_x=216.0 lane_filter=stable cw_y=144 park_x=-1 right_done=False[0m
[self_driving-10] [0m[INFO] [1783007890.088202903] [self_driving]: [CMD] n=366 source=lane_lost_safe linear_x=0.05 linear_y=0.00 angular_z=0.00 state=LINE_FOLLOW stop=False raw_lane_x=-1 lane_filter=lost[0m
[self_driving-10] [0m[INFO] [1783007890.191932440] [self_driving]: [CMD] n=368 source=line_turn linear_x=0.60 linear_y=0.00 angular_z=-0.45 state=LINE_FOLLOW stop=False lane_x=247.5 raw_lane_x=51.0 lane_filter=jump_reject cw_y=205 park_x=-1 right_done=False[0m
[self_driving-10] [0m[INFO] [1783007890.540365292] [self_driving]: [CMD] n=373 source=pid_follow linear_x=0.15 linear_y=0.00 angular_z=0.00 state=LINE_FOLLOW stop=False lane_x=42.0 raw_lane_x=42.0 lane_filter=jump_accept cw_y=277 park_x=-1 right_done=False[0m
[self_driving-10] [0m[INFO] [1783007901.435531211] [self_driving]: [CMD] n=535 source=line_turn linear_x=0.15 linear_y=0.00 angular_z=-0.45 state=LINE_FOLLOW stop=False lane_x=202.0 raw_lane_x=202.0 lane_filter=stable cw_y=236 park_x=-1 right_done=False[0m
[self_driving-10] [0m[INFO] [1783007901.620818656] [self_driving]: [CMD] n=538 source=pid_follow linear_x=0.15 linear_y=0.00 angular_z=-0.10 state=LINE_FOLLOW stop=False lane_x=200.0 raw_lane_x=200.0 lane_filter=stable cw_y=236 park_x=-1 right_done=False[0m
[self_driving-10] [0m[INFO] [1783007901.773334822] [self_driving]: [CMD] n=540 source=line_turn linear_x=0.15 linear_y=0.00 angular_z=-0.45 state=LINE_FOLLOW stop=False lane_x=206.0 raw_lane_x=206.0 lane_filter=stable cw_y=236 park_x=-1 right_done=False[0m
[self_driving-10] [0m[INFO] [1783007902.633060988] [self_driving]: [CMD] n=553 source=pid_follow linear_x=0.15 linear_y=0.00 angular_z=0.00 state=LINE_FOLLOW stop=False lane_x=159.0 raw_lane_x=159.0 lane_filter=jump_accept cw_y=236 park_x=-1 right_done=False[0m
[self_driving-10] [0m[INFO] [1783007902.890878136] [self_driving]: [CMD] n=557 source=line_turn linear_x=0.15 linear_y=0.00 angular_z=-0.45 state=LINE_FOLLOW stop=False lane_x=203.5 raw_lane_x=203.5 lane_filter=stable cw_y=236 park_x=-1 right_done=False[0m
[self_driving-10] [0m[INFO] [1783007903.713169729] [self_driving]: [CMD] n=569 source=lane_lost_safe linear_x=0.05 linear_y=0.00 angular_z=0.00 state=LINE_FOLLOW stop=False raw_lane_x=-1 lane_filter=lost[0m
[self_driving-10] [0m[INFO] [1783007912.311138186] [self_driving]: [CMD] n=697 source=line_turn linear_x=0.15 linear_y=0.00 angular_z=-0.45 state=LINE_FOLLOW stop=False lane_x=305.5 raw_lane_x=156.0 lane_filter=jump_reject cw_y=426 park_x=-1 right_done=False[0m
[self_driving-10] [0m[INFO] [1783007912.892212816] [self_driving]: [PARK_METRIC] accept=True area=2400/580 frames=1/2 cx=230 cy=15 score=0.28 reject=[] right_done=False cooldown_ok=True[0m
[self_driving-10] [33m[WARN] [1783007912.898002168] [self_driving]: [PARK_APPROACH_START] first_cx=230 first_cy=15 first_area=2400 score=0.28 cw_y=418 ref_turn_age=9.18[0m
[self_driving-10] [0m[INFO] [1783007912.928372501] [self_driving]: [PARK_AREA_GATE] ok=False area=2400/580 frames=1/2 age=0.04 cy=15 after_turn_ok=True cooldown_ok=True seen_recent=True[0m
[self_driving-10] [0m[INFO] [1783007912.929857853] [self_driving]: [CMD] n=706 source=park_approach_hold linear_x=0.10 linear_y=0.00 angular_z=-0.06 state=LINE_FOLLOW stop=False lane_x=241.0 raw_lane_x=-1 lane_filter=hold_last cw_y=0 park_x=230 park_age=0.04 park_area=2400 park_cy=15 after_lane_turn_ok=True lane_stable_ok=True[0m
[self_driving-10] [0m[INFO] [1783007914.000982630] [self_driving]: [PARK_AREA_GATE] ok=False area=2400/580 frames=1/2 age=1.11 cy=15 after_turn_ok=True cooldown_ok=True seen_recent=True[0m
[self_driving-10] [0m[INFO] [1783007915.016078777] [self_driving]: [PARK_AREA_GATE] ok=False area=2400/580 frames=1/2 age=2.12 cy=15 after_turn_ok=True cooldown_ok=True seen_recent=True[0m
[self_driving-10] [0m[INFO] [1783007916.076195517] [self_driving]: [PARK_AREA_GATE] ok=False area=2400/580 frames=1/2 age=3.19 cy=15 after_turn_ok=True cooldown_ok=True seen_recent=True[0m
[self_driving-10] [0m[INFO] [1783007917.152626461] [self_driving]: [PARK_AREA_GATE] ok=False area=2400/580 frames=1/2 age=4.26 cy=15 after_turn_ok=True cooldown_ok=True seen_recent=True[0m
[self_driving-10] [0m[INFO] [1783007918.158453442] [self_driving]: [PARK_AREA_GATE] ok=False area=2400/580 frames=1/2 age=5.27 cy=15 after_turn_ok=True cooldown_ok=True seen_recent=True[0m
[self_driving-10] [0m[INFO] [1783007919.178346423] [self_driving]: [PARK_AREA_GATE] ok=False area=2400/580 frames=1/2 age=6.29 cy=15 after_turn_ok=True cooldown_ok=True seen_recent=True[0m
[self_driving-10] [0m[INFO] [1783007920.230271922] [self_driving]: [PARK_AREA_GATE] ok=False area=2400/580 frames=1/2 age=7.34 cy=15 after_turn_ok=True cooldown_ok=True seen_recent=True[0m
[self_driving-10] [0m[INFO] [1783007921.245282366] [self_driving]: [PARK_AREA_GATE] ok=False area=2400/580 frames=1/2 age=8.36 cy=15 after_turn_ok=True cooldown_ok=True seen_recent=True[0m
[self_driving-10] [0m[INFO] [1783007921.922087977] [self_driving]: [CMD] n=840 source=pid_follow linear_x=0.15 linear_y=0.00 angular_z=-0.10 state=LINE_FOLLOW stop=False lane_x=167.5 raw_lane_x=167.5 lane_filter=stable cw_y=150 park_x=230 right_done=False[0m
[self_driving-10] [0m[INFO] [1783007922.530653421] [self_driving]: [CMD] n=849 source=lane_lost_safe linear_x=0.05 linear_y=0.00 angular_z=0.00 state=LINE_FOLLOW stop=False raw_lane_x=-1 lane_filter=lost[0m
