[INFO] [launch]: All log files can be found below /home/ubuntu/.ros/log/2026-07-02-19-03-25-360333-raspberrypi-870717
[INFO] [launch]: Default logging verbosity is set to INFO
[INFO] [ascamera_node-1]: process started with pid [870733]
[INFO] [static_transform_publisher-2]: process started with pid [870735]
[INFO] [static_transform_publisher-3]: process started with pid [870737]
[INFO] [joint_state_publisher-4]: process started with pid [870739]
[INFO] [robot_state_publisher-5]: process started with pid [870741]
[INFO] [ros_robot_controller-6]: process started with pid [870743]
[INFO] [odom_publisher-7]: process started with pid [870751]
[INFO] [ekf_node-8]: process started with pid [870763]
[INFO] [yolo_detect-9]: process started with pid [870765]
[INFO] [self_driving-10]: process started with pid [870769]
[static_transform_publisher-2] [33m[WARN] [1783019006.076421426] []: Old-style arguments are deprecated; see --help for new-style arguments[0m
[static_transform_publisher-3] [33m[WARN] [1783019006.076421167] []: Old-style arguments are deprecated; see --help for new-style arguments[0m
[ascamera_node-1] [0m[INFO] [1783019006.104959926] [as_logger]: hello world angstrong camera ros2 node[0m
[static_transform_publisher-3] [0m[INFO] [1783019006.124946444] [static_transform_publisher_h7VI53teZcyMQGgt]: Spinning until stopped - publishing transform
[static_transform_publisher-3] translation: ('0.000000', '0.000000', '0.000000')
[static_transform_publisher-3] rotation: ('-0.500000', '0.499602', '-0.500000', '0.500398')
[static_transform_publisher-3] from 'depth_cam' to 'ascamera_color_0'[0m
[static_transform_publisher-2] [0m[INFO] [1783019006.130432167] [static_transform_publisher_87yzqkvvp3YinyUc]: Spinning until stopped - publishing transform
[static_transform_publisher-2] translation: ('0.000000', '0.000000', '0.000000')
[static_transform_publisher-2] rotation: ('-0.500000', '0.499602', '-0.500000', '0.500398')
[static_transform_publisher-2] from 'depth_cam' to 'ascamera_camera_link_0'[0m
[ascamera_node-1] 2026-07-02 19:03:26[INFO] [CameraPublisher.cpp] [1558] [printLaunchParams] get depth_width 640
[ascamera_node-1] 2026-07-02 19:03:26[INFO] [CameraPublisher.cpp] [1559] [printLaunchParams] get depth_height 480
[ascamera_node-1] 2026-07-02 19:03:26[INFO] [CameraPublisher.cpp] [1561] [printLaunchParams] get rgb_width 640
[ascamera_node-1] 2026-07-02 19:03:26[INFO] [CameraPublisher.cpp] [1562] [printLaunchParams] get rgb_height 480
[ascamera_node-1] 2026-07-02 19:03:26[INFO] [CameraPublisher.cpp] [1570] [printLaunchParams] get set_fps 15
[ascamera_node-1] 2026-07-02 19:03:26[INFO] [CameraPublisher.cpp] [1578] [printLaunchParams] get color_pcl 1
[ascamera_node-1] 2026-07-02 19:03:26[INFO] [CameraPublisher.cpp] [1582] [printLaunchParams] get pub_tfTree 1
[ascamera_node-1] 2026-07-02 19:03:26[INFO] [CameraSrv.cpp] [35] [CameraSrv] Angstrong camera server
[ascamera_node-1] 2026-07-02 19:03:26[INFO] [CameraSrv.cpp] [45] [CameraSrv] Angstrong camera sdk version:v1.2.22.20240516
[robot_state_publisher-5] [0m[INFO] [1783019006.193215648] [robot_state_publisher]: got segment base_footprint[0m
[robot_state_publisher-5] [0m[INFO] [1783019006.193350889] [robot_state_publisher]: got segment base_link[0m
[robot_state_publisher-5] [0m[INFO] [1783019006.193364055] [robot_state_publisher]: got segment depth_cam[0m
[robot_state_publisher-5] [0m[INFO] [1783019006.193373241] [robot_state_publisher]: got segment imu_link[0m
[robot_state_publisher-5] [0m[INFO] [1783019006.193380907] [robot_state_publisher]: got segment lidar_frame[0m
[robot_state_publisher-5] [0m[INFO] [1783019006.193388741] [robot_state_publisher]: got segment wheel_lb_Link[0m
[robot_state_publisher-5] [0m[INFO] [1783019006.193396463] [robot_state_publisher]: got segment wheel_lf_Link[0m
[robot_state_publisher-5] [0m[INFO] [1783019006.193403648] [robot_state_publisher]: got segment wheel_rb_Link[0m
[robot_state_publisher-5] [0m[INFO] [1783019006.193410944] [robot_state_publisher]: got segment wheel_rf_Link[0m
[odom_publisher-7] [0m[INFO] [1783019006.947224685] [odom_publisher]: [1;32m0.930000 1.010000[0m[0m
[ascamera_node-1] 2026-07-02 19:03:27[INFO] [CameraSrv.cpp] [114] [onAttached] attached
[ascamera_node-1] 2026-07-02 19:03:27[INFO] [CameraSrv.cpp] [145] [onAttached] this is a new attach device, create and open it
[odom_publisher-7] [0m[INFO] [1783019007.322258055] [odom_publisher]: [1;32mstart[0m[0m
[joint_state_publisher-4] [0m[INFO] [1783019007.398005018] [joint_state_publisher]: Waiting for robot_description to be published on the robot_description topic...[0m
[self_driving-10] [0m[INFO] [1783019007.657194369] [self_driving]: [INIT] init_process started[0m
[self_driving-10] [0m[INFO] [1783019007.658006795] [self_driving]: [INIT] only_line_follow=False[0m
[self_driving-10] [0m[INFO] [1783019007.658522777] [self_driving]: [INIT] request /yolov5/start[0m
[ros_robot_controller-6] [0m[INFO] [1783019007.734770684] [ros_robot_controller]: 已设置舵机 1 的偏移量为 0[0m
[ros_robot_controller-6] [0m[INFO] [1783019007.735981795] [ros_robot_controller]: 已设置舵机 2 的偏移量为 0[0m
[ros_robot_controller-6] [0m[INFO] [1783019007.736963369] [ros_robot_controller]: 已设置舵机 3 的偏移量为 4[0m
[ros_robot_controller-6] [0m[INFO] [1783019007.738180888] [ros_robot_controller]: 已设置舵机 4 的偏移量为 0[0m
[ros_robot_controller-6] [0m[INFO] [1783019007.742873703] [ros_robot_controller]: [1;32mstart[0m[0m
[ascamera_node-1] 2026-07-02 19:03:27[INFO] [CameraSrv.cpp] [154] [onAttached] get model type 9
[ascamera_node-1] 2026-07-02 19:03:27[INFO] [CameraSrv.cpp] [342] [getConfigFile] get file: /home/ubuntu/third_party_ros2/third_party_ws/src/ascamera/configurationfiles/hp60c_v2_00_20230704_configEncrypt.json
[ascamera_node-1] 2026-07-02 19:03:27[INFO] [CameraPublisher.cpp] [1501] [logCameraPathInfo] usb camera
[ascamera_node-1] 2026-07-02 19:03:27[INFO] [CameraPublisher.cpp] [1502] [logCameraPathInfo] bnum:1
[ascamera_node-1] 2026-07-02 19:03:27[INFO] [CameraPublisher.cpp] [1503] [logCameraPathInfo] dnum:3
[ascamera_node-1] 2026-07-02 19:03:27[INFO] [CameraPublisher.cpp] [1504] [logCameraPathInfo] port_numbers:2
[ascamera_node-1] 2026-07-02 19:03:27[INFO] [CameraPublisher.cpp] [171] [onCameraAttached] create a new publisher info set
[ascamera_node-1] 2026-07-02 19:03:27[INFO] [TfTreeFrameIdInfo.cpp] [11] [TfTreeFrameIdInfo] Namespace /ascamera
[ascamera_node-1] 2026-07-02 19:03:28[INFO] [CameraHp60c.cpp] [128] [open] according to the configuration file.
[ascamera_node-1] 2026-07-02 19:03:28[INFO] [CameraHp60c.cpp] [1528] [parseConfigFileParameter] moduleName:AS_CAM_HP60C
[ascamera_node-1] 2026-07-02 19:03:28[INFO] [CameraHp60c.cpp] [1555] [parseConfigFileParameter] Parsing config file /home/ubuntu/third_party_ros2/third_party_ws/src/ascamera/configurationfiles/hp60c_v2_00_20230704_configEncrypt.json
[ascamera_node-1] 2026-07-02 19:03:28[INFO] [CameraHp60c.cpp] [1620] [parseConfigFileParameter] configuration protocol Version: v2.x
[ascamera_node-1] 2026-07-02 19:03:28[INFO] [CameraHp60c.cpp] [1631] [parseConfigFileParameter] configuration Version: v2.0.0.20230704
[ascamera_node-1] 2026-07-02 19:03:28[INFO] [CameraHp60c.cpp] [1796] [setParamersAfterOpenCam] Camera confiParaEnable true, setting configuration parameter
[ascamera_node-1] 2026-07-02 19:03:29[ERROR] [XuCmdCameraHp60c.cpp] [454] [getMjpegSize] get mjpeg from xu command failed
[ascamera_node-1] 2026-07-02 19:03:29[INFO] [XuCmdCameraHp60c.cpp] [458] [getMjpegSize] mjpeg size:640x480
[ascamera_node-1] 2026-07-02 19:03:29[INFO] [CameraPublisher.cpp] [356] [onCameraOpen] camera opened
[ascamera_node-1] 2026-07-02 19:03:29[INFO] [CameraPublisher.cpp] [370] [onCameraOpen] get config info, ret 0, is_Registration 1
[ascamera_node-1] 2026-07-02 19:03:29[INFO] [Camera.cpp] [61] [init] #camera[0x55562d406710] SN[ASC60CF08000515]'s firmware version:DLS_VERc20865=:V01.09_2024110714:V01.19_2024110714:L01
[ascamera_node-1] 2026-07-02 19:03:29[INFO] [CameraPublisher.cpp] [1183] [setResolution] set depth resolution: 640 x 480 @ 15fps
[ascamera_node-1] 2026-07-02 19:03:29[INFO] [CameraPublisher.cpp] [1197] [setResolution] set rgb resolution: 640 x 480 @ 15fps
[ascamera_node-1] 2026-07-02 19:03:29[INFO] [CameraHp60c.cpp] [260] [startStreaming] start streaming
[ascamera_node-1] 2026-07-02 19:03:29[INFO] [CameraSrv.cpp] [202] [onAttached] attached end
[self_driving-10] [33m[WARN] [1783019009.661799479] [self_driving]: [YOLO_SERVICE] service not ready, continue without blocking[0m
[self_driving-10] [0m[INFO] [1783019010.162945794] [self_driving]: [INIT] enter + set_running start[0m
[self_driving-10] [0m[INFO] [1783019010.163488090] [self_driving]: [1;32mself driving enter[0m[0m
[self_driving-10] [0m[INFO] [1783019010.172633386] [self_driving]: [SUB] image=/ascamera/camera_publisher/rgb0/image object=/yolov5_ros2/object_detect[0m
[self_driving-10] [0m[INFO] [1783019010.173409997] [self_driving]: [1;32mset_running[0m[0m
[self_driving-10] [0m[INFO] [1783019010.175834386] [self_driving]: [1;32m[START] hybrid self_driving ready: WAIT_START, press button to LINE_FOLLOW[0m[0m
[INFO] [apply_calib-11]: process started with pid [870916]
[INFO] [complementary_filter_node-12]: process started with pid [870918]
[complementary_filter_node-12] [0m[INFO] [1783019011.104352775] [imu_filter]: Starting ComplementaryFilterROS[0m
[ascamera_node-1] 2026-07-02 19:03:31[INFO] [CameraHp60c.cpp] [912] [setInternalParameter] mjpeg info: size(640x480)
[apply_calib-11] [0m[INFO] [1783019011.511084663] [imu_calib]: Calibrating gyros; do not move the IMU[0m
[ascamera_node-1] 2026-07-02 19:03:31[INFO] [Camera.cpp] [127] [backgroundThread] SN [ ASC60CF08000515 ]'s parameter:
[ascamera_node-1] 2026-07-02 19:03:31[INFO] [Camera.cpp] [128] [backgroundThread] irfx: 426.962
[ascamera_node-1] 2026-07-02 19:03:31[INFO] [Camera.cpp] [129] [backgroundThread] irfy: 426.374
[ascamera_node-1] 2026-07-02 19:03:31[INFO] [Camera.cpp] [130] [backgroundThread] ircx: 315.403
[ascamera_node-1] 2026-07-02 19:03:31[INFO] [Camera.cpp] [131] [backgroundThread] ircy: 240.933
[ascamera_node-1] 2026-07-02 19:03:31[INFO] [Camera.cpp] [132] [backgroundThread] rgbfx: 570.48
[ascamera_node-1] 2026-07-02 19:03:31[INFO] [Camera.cpp] [133] [backgroundThread] rgbfy: 569.949
[ascamera_node-1] 2026-07-02 19:03:31[INFO] [Camera.cpp] [134] [backgroundThread] rgbcx: 329.75
[ascamera_node-1] 2026-07-02 19:03:31[INFO] [Camera.cpp] [135] [backgroundThread] rgbcy: 238.406
[ascamera_node-1] 
[self_driving-10] [0m[INFO] [1783019011.619519200] [self_driving]: [IMAGE] received count=1 shape=(480, 640, 3) queue=0[0m
[self_driving-10] [0m[INFO] [1783019011.621049423] [self_driving]: [WAIT_START] waiting for physical button /ros_robot_controller/button[0m
[ascamera_node-1] 2026-07-02 19:03:31[INFO] [CameraHp60c.cpp] [1149] [streamCallback] set gain ret 0, gain 4
[self_driving-10] [0m[INFO] [1783019012.147166607] [self_driving]: [WAIT_START] waiting for physical button /ros_robot_controller/button[0m
[self_driving-10] [0m[INFO] [1783019012.683735181] [self_driving]: [WAIT_START] waiting for physical button /ros_robot_controller/button[0m
[self_driving-10] [0m[INFO] [1783019013.221249051] [self_driving]: [WAIT_START] waiting for physical button /ros_robot_controller/button[0m
[yolo_detect-9] [0m[INFO] [1783019013.463134403] [yolov5_ros2]: Current ROS 2 distribution: humble[0m
[apply_calib-11] [0m[INFO] [1783019013.560184977] [imu_calib]: Gyro calibration complete! (bias = [-0.010, 0.028, -0.001])[0m
[self_driving-10] [0m[INFO] [1783019013.624542440] [self_driving]: [IMAGE] received count=31 shape=(480, 640, 3) queue=0[0m
[self_driving-10] [0m[INFO] [1783019013.773805329] [self_driving]: [WAIT_START] waiting for physical button /ros_robot_controller/button[0m
[self_driving-10] [0m[INFO] [1783019014.304276699] [self_driving]: [WAIT_START] waiting for physical button /ros_robot_controller/button[0m
[self_driving-10] [0m[INFO] [1783019014.842739254] [self_driving]: [WAIT_START] waiting for physical button /ros_robot_controller/button[0m
[self_driving-10] [0m[INFO] [1783019015.377568272] [self_driving]: [WAIT_START] waiting for physical button /ros_robot_controller/button[0m
[self_driving-10] [0m[INFO] [1783019015.659632605] [self_driving]: [IMAGE] received count=61 shape=(480, 640, 3) queue=0[0m
[self_driving-10] [0m[INFO] [1783019015.940422753] [self_driving]: [WAIT_START] waiting for physical button /ros_robot_controller/button[0m
[self_driving-10] [0m[INFO] [1783019016.469278309] [self_driving]: [WAIT_START] waiting for physical button /ros_robot_controller/button[0m
[self_driving-10] [0m[INFO] [1783019016.994030919] [self_driving]: [WAIT_START] waiting for physical button /ros_robot_controller/button[0m
[self_driving-10] [0m[INFO] [1783019017.538088789] [self_driving]: [WAIT_START] waiting for physical button /ros_robot_controller/button[0m
[self_driving-10] [0m[INFO] [1783019017.675966419] [self_driving]: [IMAGE] received count=91 shape=(480, 640, 3) queue=0[0m
[self_driving-10] [0m[INFO] [1783019018.076425104] [self_driving]: [WAIT_START] waiting for physical button /ros_robot_controller/button[0m
[self_driving-10] [0m[INFO] [1783019018.607289992] [self_driving]: [WAIT_START] waiting for physical button /ros_robot_controller/button[0m
[self_driving-10] [0m[INFO] [1783019019.155128751] [self_driving]: [WAIT_START] waiting for physical button /ros_robot_controller/button[0m
[self_driving-10] [0m[INFO] [1783019019.684185307] [self_driving]: [IMAGE] received count=121 shape=(480, 640, 3) queue=0[0m
[self_driving-10] [0m[INFO] [1783019019.691069103] [self_driving]: [WAIT_START] waiting for physical button /ros_robot_controller/button[0m
[self_driving-10] [0m[INFO] [1783019020.230865103] [self_driving]: [WAIT_START] waiting for physical button /ros_robot_controller/button[0m
[self_driving-10] [0m[INFO] [1783019020.774573880] [self_driving]: [WAIT_START] waiting for physical button /ros_robot_controller/button[0m
[self_driving-10] [0m[INFO] [1783019021.298412935] [self_driving]: [WAIT_START] waiting for physical button /ros_robot_controller/button[0m
[self_driving-10] [0m[INFO] [1783019021.690106750] [self_driving]: [IMAGE] received count=151 shape=(480, 640, 3) queue=0[0m
[self_driving-10] [0m[INFO] [1783019021.853533676] [self_driving]: [WAIT_START] waiting for physical button /ros_robot_controller/button[0m
[self_driving-10] [0m[INFO] [1783019022.375070527] [self_driving]: [WAIT_START] waiting for physical button /ros_robot_controller/button[0m
[self_driving-10] [0m[INFO] [1783019022.906715490] [self_driving]: [WAIT_START] waiting for physical button /ros_robot_controller/button[0m
[self_driving-10] [0m[INFO] [1783019023.450191527] [self_driving]: [WAIT_START] waiting for physical button /ros_robot_controller/button[0m
[self_driving-10] [0m[INFO] [1783019023.471678064] [self_driving]: [OBJECTS] msg_count=1 n=1 names=['green'][0m
[self_driving-10] [0m[INFO] [1783019023.472591860] [self_driving]: [TRAFFIC_CANDIDATE] name=green valid=True cx=12 cy=468 area=529 score=0.30 min_area=270[0m
[self_driving-10] [0m[INFO] [1783019023.707441026] [self_driving]: [IMAGE] received count=181 shape=(480, 640, 3) queue=0[0m
[self_driving-10] [0m[INFO] [1783019023.992455341] [self_driving]: [WAIT_START] waiting for physical button /ros_robot_controller/button[0m
[self_driving-10] [0m[INFO] [1783019024.532210970] [self_driving]: [WAIT_START] waiting for physical button /ros_robot_controller/button[0m
[self_driving-10] [0m[INFO] [1783019025.070870285] [self_driving]: [WAIT_START] waiting for physical button /ros_robot_controller/button[0m
[self_driving-10] [0m[INFO] [1783019025.430610507] [self_driving]: [OBJECTS] msg_count=2 n=1 names=['crosswalk'][0m
[self_driving-10] [0m[INFO] [1783019025.431816044] [self_driving]: [TRAFFIC_CLEAR] no valid red/green in current object msg -> clear stale traffic[0m
[self_driving-10] [0m[INFO] [1783019025.593704322] [self_driving]: [WAIT_START] waiting for physical button /ros_robot_controller/button[0m
[self_driving-10] [0m[INFO] [1783019025.730142210] [self_driving]: [IMAGE] received count=211 shape=(480, 640, 3) queue=0[0m
[self_driving-10] [0m[INFO] [1783019026.163586266] [self_driving]: [WAIT_START] waiting for physical button /ros_robot_controller/button[0m
[self_driving-10] [0m[INFO] [1783019026.673463414] [self_driving]: [WAIT_START] waiting for physical button /ros_robot_controller/button[0m
[self_driving-10] [0m[INFO] [1783019027.117463747] [self_driving]: [OBJECTS] msg_count=5 n=1 names=['green'][0m
[self_driving-10] [0m[INFO] [1783019027.118249580] [self_driving]: [TRAFFIC_CANDIDATE] name=green valid=True cx=475 cy=354 area=64628 score=0.76 min_area=270[0m
[self_driving-10] [0m[INFO] [1783019027.201495395] [self_driving]: [WAIT_START] waiting for physical button /ros_robot_controller/button[0m
[self_driving-10] [0m[INFO] [1783019027.753621431] [self_driving]: [IMAGE] received count=241 shape=(480, 640, 3) queue=0[0m
[self_driving-10] [0m[INFO] [1783019027.758177876] [self_driving]: [WAIT_START] waiting for physical button /ros_robot_controller/button[0m
[self_driving-10] [0m[INFO] [1783019027.805614080] [self_driving]: [OBJECTS] msg_count=6 n=1 names=['crosswalk'][0m
[self_driving-10] [0m[INFO] [1783019027.806460320] [self_driving]: [TRAFFIC_CLEAR] no valid red/green in current object msg -> clear stale traffic[0m
[self_driving-10] [0m[INFO] [1783019028.288648542] [self_driving]: [WAIT_START] waiting for physical button /ros_robot_controller/button[0m
[self_driving-10] [0m[INFO] [1783019028.846379431] [self_driving]: [WAIT_START] waiting for physical button /ros_robot_controller/button[0m
[self_driving-10] [0m[INFO] [1783019029.126627986] [self_driving]: [OBJECTS] msg_count=7 n=1 names=['crosswalk'][0m
[self_driving-10] [0m[INFO] [1783019029.127259690] [self_driving]: [CW_CANDIDATE] name=crosswalkcx=383 y2=478 area=5320 score=0.87 [0m
[self_driving-10] [0m[INFO] [1783019029.361805542] [self_driving]: [WAIT_START] waiting for physical button /ros_robot_controller/button[0m
[self_driving-10] [0m[INFO] [1783019029.451699301] [self_driving]: [CW_CANDIDATE] name=crosswalkcx=487 y2=388 area=13568 score=0.88 [0m
[self_driving-10] [0m[INFO] [1783019029.454043412] [self_driving]: [CW_CANDIDATE] name=crosswalkcx=447 y2=297 area=3129 score=0.78 [0m
[self_driving-10] [0m[INFO] [1783019029.767168004] [self_driving]: [IMAGE] received count=271 shape=(480, 640, 3) queue=0[0m
[self_driving-10] [0m[INFO] [1783019029.777770597] [self_driving]: [OBJECTS] msg_count=10 n=1 names=['crosswalk'][0m
[self_driving-10] [0m[INFO] [1783019029.778948023] [self_driving]: [CW_CANDIDATE] name=crosswalkcx=436 y2=286 area=6125 score=0.88 [0m
[self_driving-10] [0m[INFO] [1783019029.782167504] [self_driving]: [CW_CANDIDATE] name=crosswalkcx=400 y2=240 area=1430 score=0.81 [0m
[self_driving-10] [0m[INFO] [1783019029.902109689] [self_driving]: [WAIT_START] waiting for physical button /ros_robot_controller/button[0m
[self_driving-10] [0m[INFO] [1783019030.109243023] [self_driving]: [CW_CANDIDATE] name=crosswalkcx=432 y2=216 area=4064 score=0.86 [0m
[self_driving-10] [0m[INFO] [1783019030.113265560] [self_driving]: [CW_CANDIDATE] name=crosswalkcx=395 y2=179 area=894 score=0.58 [0m
[self_driving-10] [0m[INFO] [1783019030.426541893] [self_driving]: [WAIT_START] waiting for physical button /ros_robot_controller/button[0m
[self_driving-10] [0m[INFO] [1783019030.467972411] [self_driving]: [OBJECTS] msg_count=14 n=1 names=['crosswalk'][0m
[self_driving-10] [0m[INFO] [1783019030.468501319] [self_driving]: [CW_CANDIDATE] name=crosswalkcx=396 y2=180 area=852 score=0.68 [0m
[self_driving-10] [0m[INFO] [1783019030.736948782] [self_driving]: [BUTTON] pressed: ros_robot_controller_msgs.msg.ButtonState(id=1, state=1)[0m
[self_driving-10] [0m[INFO] [1783019030.739884337] [self_driving]: [1;36m[FSM] WAIT_START -> LINE_FOLLOW[0m[0m
[self_driving-10] [0m[INFO] [1783019030.832506522] [self_driving]: [CW_CANDIDATE] name=crosswalkcx=459 y2=217 area=3296 score=0.83 [0m
[self_driving-10] [0m[INFO] [1783019030.837485874] [self_driving]: [CW_CANDIDATE] name=crosswalkcx=410 y2=180 area=738 score=0.75 [0m
[self_driving-10] [33m[WARN] [1783019030.966016374] [self_driving]: [IMAGE] queue full -> drop oldest frame[0m
[self_driving-10] [0m[INFO] [1783019030.994118930] [self_driving]: [DEBUG_DRIVE] state=LINE_FOLLOW raw_lane_x=165.5 lane_x=165.5 filter=init linear=0.32 angular=-0.10 cw_y=180 cw_box_ready=False right_done=False start_turn=False count_turn=0 traffic=None stop=False[0m
[self_driving-10] [0m[INFO] [1783019031.251173133] [self_driving]: [OBJECTS] msg_count=17 n=1 names=['crosswalk'][0m
[self_driving-10] [0m[INFO] [1783019031.253273448] [self_driving]: [CW_CANDIDATE] name=crosswalkcx=462 y2=216 area=3075 score=0.84 [0m
[self_driving-10] [0m[INFO] [1783019031.258561318] [self_driving]: [CW_CANDIDATE] name=crosswalkcx=414 y2=181 area=904 score=0.72 [0m
[self_driving-10] [0m[INFO] [1783019031.523452781] [self_driving]: [DEBUG_DRIVE] state=LINE_FOLLOW raw_lane_x=149.0 lane_x=149.0 filter=stable linear=0.32 angular=-0.10 cw_y=181 cw_box_ready=False right_done=False start_turn=False count_turn=0 traffic=None stop=False[0m
[self_driving-10] [0m[INFO] [1783019031.606791892] [self_driving]: [CW_CANDIDATE] name=crosswalkcx=463 y2=216 area=3045 score=0.84 [0m
[self_driving-10] [0m[INFO] [1783019031.612943244] [self_driving]: [CW_CANDIDATE] name=crosswalkcx=415 y2=182 area=1017 score=0.72 [0m
[self_driving-10] [0m[INFO] [1783019031.784781318] [self_driving]: [IMAGE] received count=301 shape=(480, 640, 3) queue=0[0m
[self_driving-10] [0m[INFO] [1783019031.957639151] [self_driving]: [OBJECTS] msg_count=21 n=1 names=['crosswalk'][0m
[self_driving-10] [0m[INFO] [1783019031.958664336] [self_driving]: [CW_CANDIDATE] name=crosswalkcx=490 y2=216 area=1872 score=0.80 [0m
[self_driving-10] [0m[INFO] [1783019031.963722559] [self_driving]: [CW_CANDIDATE] name=crosswalkcx=440 y2=181 area=512 score=0.67 [0m
[self_driving-10] [0m[INFO] [1783019032.060014410] [self_driving]: [DEBUG_DRIVE] state=LINE_FOLLOW raw_lane_x=129.0 lane_x=129.0 filter=stable linear=0.32 angular=0.10 cw_y=181 cw_box_ready=False right_done=False start_turn=False count_turn=0 traffic=None stop=False[0m
[self_driving-10] [0m[INFO] [1783019032.412205688] [self_driving]: [CW_CANDIDATE] name=crosswalkcx=427 y2=224 area=4240 score=0.85 [0m
[self_driving-10] [0m[INFO] [1783019032.419609947] [self_driving]: [CW_CANDIDATE] name=crosswalkcx=390 y2=186 area=1216 score=0.79 [0m
[self_driving-10] [0m[INFO] [1783019032.596024280] [self_driving]: [DEBUG_DRIVE] state=LINE_FOLLOW raw_lane_x=138.0 lane_x=138.0 filter=stable linear=0.32 angular=-0.10 cw_y=186 cw_box_ready=False right_done=False start_turn=False count_turn=0 traffic=None stop=False[0m
[self_driving-10] [0m[INFO] [1783019032.760331243] [self_driving]: [OBJECTS] msg_count=25 n=1 names=['crosswalk'][0m
[self_driving-10] [0m[INFO] [1783019032.760968651] [self_driving]: [CW_CANDIDATE] name=crosswalkcx=421 y2=247 area=7872 score=0.89 [0m
[self_driving-10] [0m[INFO] [1783019032.765668095] [self_driving]: [CW_CANDIDATE] name=crosswalkcx=368 y2=192 area=1384 score=0.78 [0m
[self_driving-10] [0m[INFO] [1783019033.101807262] [self_driving]: [CW_CANDIDATE] name=crosswalkcx=423 y2=266 area=10504 score=0.87 [0m
[self_driving-10] [0m[INFO] [1783019033.107795058] [self_driving]: [CW_CANDIDATE] name=crosswalkcx=357 y2=196 area=1692 score=0.78 [0m
[self_driving-10] [0m[INFO] [1783019033.137852206] [self_driving]: [DEBUG_DRIVE] state=LINE_FOLLOW raw_lane_x=127.5 lane_x=127.5 filter=stable linear=0.32 angular=0.10 cw_y=196 cw_box_ready=False right_done=False start_turn=False count_turn=0 traffic=None stop=False[0m
[self_driving-10] [0m[INFO] [1783019033.466120354] [self_driving]: [OBJECTS] msg_count=29 n=1 names=['crosswalk'][0m
[self_driving-10] [0m[INFO] [1783019033.466994372] [self_driving]: [CW_CANDIDATE] name=crosswalkcx=423 y2=305 area=17794 score=0.92 [0m
[self_driving-10] [0m[INFO] [1783019033.475282761] [self_driving]: [CW_CANDIDATE] name=crosswalkcx=374 y2=203 area=2140 score=0.82 [0m
[self_driving-10] [0m[INFO] [1783019033.683878724] [self_driving]: [DEBUG_DRIVE] state=LINE_FOLLOW raw_lane_x=122.0 lane_x=122.0 filter=stable linear=0.32 angular=0.10 cw_y=203 cw_box_ready=False right_done=False start_turn=False count_turn=0 traffic=None stop=False[0m
[self_driving-10] [0m[INFO] [1783019033.824963002] [self_driving]: [CW_CANDIDATE] name=crosswalkcx=404 y2=386 area=34854 score=0.87 [0m
[self_driving-10] [0m[INFO] [1783019033.827985409] [self_driving]: [CW_CANDIDATE] name=crosswalkcx=388 y2=214 area=2976 score=0.82 [0m
[self_driving-10] [0m[INFO] [1783019033.873790261] [self_driving]: [IMAGE] received count=332 shape=(480, 640, 3) queue=0[0m
[self_driving-10] [0m[INFO] [1783019034.168270205] [self_driving]: [OBJECTS] msg_count=33 n=1 names=['crosswalk'][0m
[self_driving-10] [0m[INFO] [1783019034.169542798] [self_driving]: [CW_CANDIDATE] name=crosswalkcx=362 y2=480 area=55600 score=0.87 [0m
[self_driving-10] [0m[INFO] [1783019034.174070187] [self_driving]: [CW_CANDIDATE] name=crosswalkcx=401 y2=223 area=4480 score=0.84 [0m
[self_driving-10] [0m[INFO] [1783019034.216914039] [self_driving]: [DEBUG_DRIVE] state=LINE_FOLLOW raw_lane_x=142.0 lane_x=142.0 filter=stable linear=0.32 angular=-0.10 cw_y=223 cw_box_ready=False right_done=False start_turn=False count_turn=0 traffic=None stop=False[0m
[self_driving-10] [0m[INFO] [1783019034.599501409] [self_driving]: [CW_CANDIDATE] name=crosswalkcx=418 y2=234 area=7544 score=0.81 [0m
[self_driving-10] [0m[INFO] [1783019034.749194909] [self_driving]: [DEBUG_DRIVE] state=LINE_FOLLOW raw_lane_x=136.5 lane_x=136.5 filter=stable linear=0.32 angular=0.10 cw_y=234 cw_box_ready=False right_done=False start_turn=False count_turn=0 traffic=None stop=False[0m
[self_driving-10] [0m[INFO] [1783019034.939295483] [self_driving]: [OBJECTS] msg_count=36 n=1 names=['crosswalk'][0m
[self_driving-10] [0m[INFO] [1783019034.940982131] [self_driving]: [CW_CANDIDATE] name=crosswalkcx=437 y2=270 area=13804 score=0.91 [0m
[self_driving-10] [0m[INFO] [1783019035.283968631] [self_driving]: [DEBUG_DRIVE] state=LINE_FOLLOW raw_lane_x=99.5 lane_x=99.5 filter=stable linear=0.32 angular=0.10 cw_y=270 cw_box_ready=False right_done=False start_turn=False count_turn=0 traffic=None stop=False[0m
[self_driving-10] [0m[INFO] [1783019035.292661260] [self_driving]: [CW_CANDIDATE] name=crosswalkcx=413 y2=324 area=23052 score=0.92 [0m
[self_driving-10] [0m[INFO] [1783019035.639462964] [self_driving]: [OBJECTS] msg_count=38 n=1 names=['crosswalk'][0m
[self_driving-10] [0m[INFO] [1783019035.640932316] [self_driving]: [CW_CANDIDATE] name=crosswalkcx=365 y2=411 area=48861 score=0.94 [0m
[self_driving-10] [0m[INFO] [1783019035.829462167] [self_driving]: [DEBUG_DRIVE] state=LINE_FOLLOW raw_lane_x=138.0 lane_x=138.0 filter=stable linear=0.32 angular=-0.10 cw_y=411 cw_box_ready=False right_done=False start_turn=False count_turn=0 traffic=None stop=False[0m
[self_driving-10] [0m[INFO] [1783019035.876538223] [self_driving]: [IMAGE] received count=362 shape=(480, 640, 3) queue=0[0m
[self_driving-10] [0m[INFO] [1783019035.982369371] [self_driving]: [CW_CANDIDATE] name=crosswalkcx=320 y2=480 area=68480 score=0.91 [0m
[self_driving-10] [0m[INFO] [1783019036.360182130] [self_driving]: [DEBUG_DRIVE] state=LINE_FOLLOW raw_lane_x=131.0 lane_x=131.0 filter=stable linear=0.32 angular=-0.10 cw_y=480 cw_box_ready=False right_done=False start_turn=False count_turn=0 traffic=None stop=False[0m
[self_driving-10] [0m[INFO] [1783019036.894423833] [self_driving]: [DEBUG_DRIVE] state=LINE_FOLLOW raw_lane_x=125.5 lane_x=125.5 filter=stable linear=0.32 angular=0.10 cw_y=480 cw_box_ready=False right_done=False start_turn=False count_turn=0 traffic=None stop=False[0m
[self_driving-10] [0m[INFO] [1783019037.436187796] [self_driving]: [DEBUG_DRIVE] state=LINE_FOLLOW raw_lane_x=265.0 lane_x=265.0 filter=stable linear=0.32 angular=-0.70 cw_y=480 cw_box_ready=False right_done=False start_turn=False count_turn=3 traffic=None stop=False[0m
[self_driving-10] [33m[WARN] [1783019037.634343018] [self_driving]: [LANE_X_JUMP_REJECT] raw=159.0 last=271.5 diff=112.5 candidate=159.0 cnt=1/4[0m
[self_driving-10] [0m[INFO] [1783019037.850909074] [self_driving]: [LANE_X_JUMP_ACCEPT] raw=170.0 last=170.0 cnt=4/4[0m
[self_driving-10] [0m[INFO] [1783019037.887057074] [self_driving]: [IMAGE] received count=392 shape=(480, 640, 3) queue=0[0m
[self_driving-10] [0m[INFO] [1783019037.964031629] [self_driving]: [DEBUG_DRIVE] state=LINE_FOLLOW raw_lane_x=247.0 lane_x=247.0 filter=stable linear=0.32 angular=-0.70 cw_y=480 cw_box_ready=False right_done=False start_turn=True count_turn=1 traffic=None stop=False[0m
[self_driving-10] [0m[INFO] [1783019038.052635962] [self_driving]: [OBJECTS] msg_count=40 n=1 names=['crosswalk'][0m
[self_driving-10] [0m[INFO] [1783019038.520917573] [self_driving]: [DEBUG_DRIVE] state=LINE_FOLLOW raw_lane_x=-1 lane_x=304.5 filter=hold_last linear=0.32 angular=-0.70 cw_y=0 cw_box_ready=False right_done=False start_turn=True count_turn=9 traffic=None stop=False[0m
[self_driving-10] [33m[WARN] [1783019038.643882888] [self_driving]: [LANE_LOST] raw_lane_x=-1 lane_x=-1 filter=lost stop=False state=LINE_FOLLOW safe_linear=0.02 right_ready=False right_done=False[0m
[self_driving-10] [0m[INFO] [1783019039.033492110] [self_driving]: [DEBUG_DRIVE] state=LINE_FOLLOW raw_lane_x=-1 lane_x=-1 filter=lost linear=0.32 angular=0.00 cw_y=0 cw_box_ready=False right_done=False start_turn=True count_turn=10 traffic=None stop=False[0m
[self_driving-10] [33m[WARN] [1783019039.180394814] [self_driving]: [LANE_LOST] raw_lane_x=-1 lane_x=-1 filter=lost stop=False state=LINE_FOLLOW safe_linear=0.02 right_ready=False right_done=False[0m
[self_driving-10] [0m[INFO] [1783019039.583266536] [self_driving]: [DEBUG_DRIVE] state=LINE_FOLLOW raw_lane_x=301.0 lane_x=301.0 filter=stable linear=0.32 angular=-0.70 cw_y=0 cw_box_ready=False right_done=False start_turn=True count_turn=11 traffic=None stop=False[0m
[self_driving-10] [0m[INFO] [1783019039.900077443] [self_driving]: [IMAGE] received count=422 shape=(480, 640, 3) queue=0[0m
[self_driving-10] [0m[INFO] [1783019040.135826109] [self_driving]: [DEBUG_DRIVE] state=LINE_FOLLOW raw_lane_x=237.5 lane_x=237.5 filter=stable linear=0.32 angular=-0.70 cw_y=0 cw_box_ready=False right_done=False start_turn=True count_turn=19 traffic=None stop=False[0m
[self_driving-10] [0m[INFO] [1783019040.528423646] [self_driving]: [OBJECTS] msg_count=41 n=1 names=['crosswalk'][0m
[self_driving-10] [0m[INFO] [1783019040.529043498] [self_driving]: [CW_CANDIDATE] name=crosswalkcx=612 y2=201 area=594 score=0.78 [0m
[self_driving-10] [0m[INFO] [1783019040.532501035] [self_driving]: [CW_CANDIDATE] name=crosswalkcx=605 y2=273 area=2829 score=0.59 [0m
[self_driving-10] [0m[INFO] [1783019040.669459683] [self_driving]: [DEBUG_DRIVE] state=LINE_FOLLOW raw_lane_x=104.5 lane_x=104.5 filter=stable linear=0.32 angular=0.00 cw_y=273 cw_box_ready=False right_done=False start_turn=True count_turn=0 traffic=None stop=False[0m
[self_driving-10] [0m[INFO] [1783019040.925242164] [self_driving]: [CW_CANDIDATE] name=crosswalkcx=531 y2=269 area=8066 score=0.86 [0m
[self_driving-10] [0m[INFO] [1783019040.930331164] [self_driving]: [CW_CANDIDATE] name=crosswalkcx=535 y2=203 area=2940 score=0.75 [0m
[self_driving-10] [0m[INFO] [1783019041.198455535] [self_driving]: [DEBUG_DRIVE] state=LINE_FOLLOW raw_lane_x=99.5 lane_x=99.5 filter=stable linear=0.32 angular=0.00 cw_y=203 cw_box_ready=False right_done=False start_turn=True count_turn=0 traffic=None stop=False[0m
[self_driving-10] [0m[INFO] [1783019041.274150423] [self_driving]: [OBJECTS] msg_count=46 n=1 names=['crosswalk'][0m
[self_driving-10] [0m[INFO] [1783019041.274741905] [self_driving]: [CW_CANDIDATE] name=crosswalkcx=431 y2=294 area=14212 score=0.87 [0m
[self_driving-10] [0m[INFO] [1783019041.278133720] [self_driving]: [CW_CANDIDATE] name=crosswalkcx=355 y2=203 area=2060 score=0.84 [0m
[self_driving-10] [0m[INFO] [1783019041.623428831] [self_driving]: [CW_CANDIDATE] name=crosswalkcx=402 y2=353 area=27075 score=0.89 [0m
[self_driving-10] [0m[INFO] [1783019041.627983719] [self_driving]: [CW_CANDIDATE] name=crosswalkcx=342 y2=211 area=2530 score=0.83 [0m
[self_driving-10] [0m[INFO] [1783019041.720758219] [self_driving]: [DEBUG_DRIVE] state=LINE_FOLLOW raw_lane_x=66.5 lane_x=66.5 filter=stable linear=0.32 angular=0.10 cw_y=211 cw_box_ready=False right_done=False start_turn=False count_turn=0 traffic=None stop=False[0m
[self_driving-10] [0m[INFO] [1783019041.921811923] [self_driving]: [IMAGE] received count=452 shape=(480, 640, 3) queue=0[0m
[self_driving-10] [0m[INFO] [1783019041.972371182] [self_driving]: [OBJECTS] msg_count=51 n=1 names=['go'][0m
[self_driving-10] [0m[INFO] [1783019041.974416071] [self_driving]: [CW_CANDIDATE] name=crosswalkcx=351 y2=221 area=3900 score=0.84 [0m
[self_driving-10] [0m[INFO] [1783019041.979324182] [self_driving]: [CW_CANDIDATE] name=crosswalkcx=351 y2=479 area=72702 score=0.81 [0m
[self_driving-10] [0m[INFO] [1783019042.272077830] [self_driving]: [DEBUG_DRIVE] state=LINE_FOLLOW raw_lane_x=83.0 lane_x=83.0 filter=stable linear=0.32 angular=0.10 cw_y=479 cw_box_ready=False right_done=False start_turn=False count_turn=0 traffic=None stop=False[0m
[self_driving-10] [0m[INFO] [1783019042.335065108] [self_driving]: [CW_CANDIDATE] name=crosswalkcx=352 y2=236 area=5719 score=0.86 [0m
[self_driving-10] [0m[INFO] [1783019042.699123904] [self_driving]: [OBJECTS] msg_count=56 n=1 names=['crosswalk'][0m
[self_driving-10] [0m[INFO] [1783019042.699887293] [self_driving]: [CW_CANDIDATE] name=crosswalkcx=360 y2=256 area=9750 score=0.88 [0m
[self_driving-10] [0m[INFO] [1783019042.805320830] [self_driving]: [DEBUG_DRIVE] state=LINE_FOLLOW raw_lane_x=118.0 lane_x=118.0 filter=stable linear=0.32 angular=0.10 cw_y=256 cw_box_ready=False right_done=False start_turn=False count_turn=0 traffic=None stop=False[0m
[self_driving-10] [0m[INFO] [1783019043.094570922] [self_driving]: [CW_CANDIDATE] name=crosswalkcx=387 y2=288 area=18486 score=0.90 [0m
[self_driving-10] [0m[INFO] [1783019043.344094996] [self_driving]: [DEBUG_DRIVE] state=LINE_FOLLOW raw_lane_x=139.0 lane_x=139.0 filter=stable linear=0.32 angular=-0.10 cw_y=288 cw_box_ready=False right_done=False start_turn=False count_turn=0 traffic=None stop=False[0m
[self_driving-10] [0m[INFO] [1783019043.444243255] [self_driving]: [OBJECTS] msg_count=58 n=1 names=['crosswalk'][0m
[self_driving-10] [0m[INFO] [1783019043.445044367] [self_driving]: [CW_CANDIDATE] name=crosswalkcx=370 y2=355 area=38448 score=0.90 [0m
[self_driving-10] [0m[INFO] [1783019043.775248552] [self_driving]: [CW_CANDIDATE] name=crosswalkcx=320 y2=480 area=90240 score=0.85 [0m
[self_driving-10] [0m[INFO] [1783019043.885123514] [self_driving]: [DEBUG_DRIVE] state=LINE_FOLLOW raw_lane_x=139.0 lane_x=139.0 filter=stable linear=0.32 angular=-0.10 cw_y=480 cw_box_ready=False right_done=False start_turn=False count_turn=0 traffic=None stop=False[0m
[self_driving-10] [0m[INFO] [1783019043.932769033] [self_driving]: [IMAGE] received count=482 shape=(480, 640, 3) queue=0[0m
[self_driving-10] [0m[INFO] [1783019044.138411496] [self_driving]: [OBJECTS] msg_count=60 n=1 names=['crosswalk'][0m
[self_driving-10] [0m[INFO] [1783019044.143296348] [self_driving]: [CW_CANDIDATE] name=crosswalkcx=312 y2=479 area=9375 score=0.46 [0m
[self_driving-10] [0m[INFO] [1783019044.421792329] [self_driving]: [DEBUG_DRIVE] state=LINE_FOLLOW raw_lane_x=131.5 lane_x=131.5 filter=stable linear=0.32 angular=-0.10 cw_y=479 cw_box_ready=False right_done=False start_turn=False count_turn=0 traffic=None stop=False[0m
[self_driving-10] [0m[INFO] [1783019044.475540792] [self_driving]: [CW_CANDIDATE] name=crosswalkcx=348 y2=439 area=1104 score=0.42 [0m
[self_driving-10] [0m[INFO] [1783019044.956721347] [self_driving]: [DEBUG_DRIVE] state=LINE_FOLLOW raw_lane_x=133.0 lane_x=133.0 filter=stable linear=0.32 angular=-0.10 cw_y=0 cw_box_ready=False right_done=False start_turn=False count_turn=0 traffic=None stop=False[0m
[self_driving-10] [0m[INFO] [1783019045.199598254] [self_driving]: [OBJECTS] msg_count=63 n=1 names=['crosswalk'][0m
[self_driving-10] [0m[INFO] [1783019045.497467273] [self_driving]: [DEBUG_DRIVE] state=LINE_FOLLOW raw_lane_x=132.0 lane_x=132.0 filter=stable linear=0.32 angular=-0.10 cw_y=0 cw_box_ready=False right_done=False start_turn=False count_turn=0 traffic=None stop=False[0m
[self_driving-10] [0m[INFO] [1783019045.961875439] [self_driving]: [IMAGE] received count=512 shape=(480, 640, 3) queue=0[0m
[self_driving-10] [0m[INFO] [1783019046.043555717] [self_driving]: [DEBUG_DRIVE] state=LINE_FOLLOW raw_lane_x=225.0 lane_x=225.0 filter=stable linear=0.32 angular=-0.70 cw_y=0 cw_box_ready=False right_done=False start_turn=False count_turn=3 traffic=None stop=False[0m
[self_driving-10] [33m[WARN] [1783019046.231450550] [self_driving]: [LANE_X_JUMP_REJECT] raw=60.5 last=252.0 diff=191.5 candidate=60.5 cnt=1/4[0m
[self_driving-10] [0m[INFO] [1783019046.559836513] [self_driving]: [DEBUG_DRIVE] state=LINE_FOLLOW raw_lane_x=226.5 lane_x=226.5 filter=stable linear=0.32 angular=-0.70 cw_y=0 cw_box_ready=False right_done=False start_turn=True count_turn=1 traffic=None stop=False[0m
[self_driving-10] [33m[WARN] [1783019046.769796790] [self_driving]: [LANE_X_JUMP_REJECT] raw=178.5 last=260.0 diff=81.5 candidate=155.5 cnt=2/4[0m
[self_driving-10] [0m[INFO] [1783019047.107127901] [self_driving]: [DEBUG_DRIVE] state=LINE_FOLLOW raw_lane_x=-1 lane_x=299.0 filter=hold_last linear=0.32 angular=-0.70 cw_y=0 cw_box_ready=False right_done=False start_turn=True count_turn=4 traffic=None stop=False[0m
[self_driving-10] [33m[WARN] [1783019047.382408105] [self_driving]: [LANE_LOST] raw_lane_x=-1 lane_x=-1 filter=lost stop=False state=LINE_FOLLOW safe_linear=0.02 right_ready=False right_done=False[0m
[self_driving-10] [0m[INFO] [1783019047.643780253] [self_driving]: [DEBUG_DRIVE] state=LINE_FOLLOW raw_lane_x=-1 lane_x=-1 filter=lost linear=0.32 angular=0.00 cw_y=0 cw_box_ready=False right_done=False start_turn=True count_turn=7 traffic=None stop=False[0m
[self_driving-10] [33m[WARN] [1783019047.910828994] [self_driving]: [LANE_LOST] raw_lane_x=-1 lane_x=-1 filter=lost stop=False state=LINE_FOLLOW safe_linear=0.02 right_ready=False right_done=False[0m
[self_driving-10] [0m[INFO] [1783019047.962868271] [self_driving]: [IMAGE] received count=542 shape=(480, 640, 3) queue=0[0m
[self_driving-10] [0m[INFO] [1783019048.180467253] [self_driving]: [DEBUG_DRIVE] state=LINE_FOLLOW raw_lane_x=297.5 lane_x=297.5 filter=stable linear=0.32 angular=-0.70 cw_y=0 cw_box_ready=False right_done=False start_turn=True count_turn=9 traffic=None stop=False[0m
[self_driving-10] [0m[INFO] [1783019048.714804530] [self_driving]: [DEBUG_DRIVE] state=LINE_FOLLOW raw_lane_x=202.0 lane_x=202.0 filter=stable linear=0.32 angular=0.00 cw_y=0 cw_box_ready=False right_done=False start_turn=True count_turn=0 traffic=None stop=False[0m
[self_driving-10] [0m[INFO] [1783019049.077417345] [self_driving]: [OBJECTS] msg_count=65 n=1 names=['crosswalk'][0m
[self_driving-10] [0m[INFO] [1783019049.079255400] [self_driving]: [CW_CANDIDATE] name=crosswalkcx=621 y2=203 area=420 score=0.62 [0m
[self_driving-10] [0m[INFO] [1783019049.267349956] [self_driving]: [DEBUG_DRIVE] state=LINE_FOLLOW raw_lane_x=118.0 lane_x=118.0 filter=stable linear=0.32 angular=0.00 cw_y=0 cw_box_ready=False right_done=False start_turn=True count_turn=0 traffic=None stop=False[0m
[self_driving-10] [0m[INFO] [1783019049.466683400] [self_driving]: [CW_CANDIDATE] name=crosswalkcx=521 y2=202 area=2316 score=0.75 [0m
[self_driving-10] [0m[INFO] [1783019049.792303344] [self_driving]: [DEBUG_DRIVE] state=LINE_FOLLOW raw_lane_x=111.0 lane_x=111.0 filter=stable linear=0.32 angular=0.00 cw_y=202 cw_box_ready=False right_done=False start_turn=True count_turn=0 traffic=None stop=False[0m
[self_driving-10] [0m[INFO] [1783019049.810593492] [self_driving]: [OBJECTS] msg_count=68 n=1 names=['go'][0m
[self_driving-10] [0m[INFO] [1783019049.812103548] [self_driving]: [CW_CANDIDATE] name=crosswalkcx=356 y2=208 area=2592 score=0.84 [0m
[self_driving-10] [0m[INFO] [1783019049.819328270] [self_driving]: [CW_CANDIDATE] name=crosswalkcx=325 y2=184 area=792 score=0.69 [0m
[self_driving-10] [0m[INFO] [1783019049.978941492] [self_driving]: [IMAGE] received count=572 shape=(480, 640, 3) queue=0[0m
[self_driving-10] [0m[INFO] [1783019050.163946159] [self_driving]: [CW_CANDIDATE] name=crosswalkcx=367 y2=217 area=3630 score=0.86 [0m
[self_driving-10] [0m[INFO] [1783019050.167122844] [self_driving]: [CW_CANDIDATE] name=crosswalkcx=329 y2=186 area=816 score=0.63 [0m
[self_driving-10] [0m[INFO] [1783019050.171248400] [self_driving]: [TRAFFIC_CANDIDATE] name=red valid=False cx=442 cy=83 area=182 score=0.44 min_area=270[0m
[self_driving-10] [0m[INFO] [1783019050.328176233] [self_driving]: [DEBUG_DRIVE] state=LINE_FOLLOW raw_lane_x=96.5 lane_x=96.5 filter=stable linear=0.32 angular=0.10 cw_y=0 cw_box_ready=False right_done=False start_turn=False count_turn=0 traffic=None stop=False[0m
[self_driving-10] [0m[INFO] [1783019050.517881270] [self_driving]: [OBJECTS] msg_count=75 n=1 names=['go'][0m
[self_driving-10] [0m[INFO] [1783019050.520970788] [self_driving]: [CW_CANDIDATE] name=crosswalkcx=332 y2=190 area=1050 score=0.70 [0m
[self_driving-10] [0m[INFO] [1783019050.866598492] [self_driving]: [CW_CANDIDATE] name=crosswalkcx=336 y2=197 area=1368 score=0.77 [0m
[self_driving-10] [0m[INFO] [1783019050.873257862] [self_driving]: [TRAFFIC_CANDIDATE] name=red valid=False cx=469 cy=73 area=225 score=0.37 min_area=270[0m
[self_driving-10] [0m[INFO] [1783019050.874257047] [self_driving]: [DEBUG_DRIVE] state=LINE_FOLLOW raw_lane_x=128.5 lane_x=128.5 filter=stable linear=0.32 angular=-0.10 cw_y=197 cw_box_ready=False right_done=False start_turn=False count_turn=0 traffic=None stop=False[0m
[self_driving-10] [0m[INFO] [1783019051.219406769] [self_driving]: [OBJECTS] msg_count=80 n=1 names=['crosswalk'][0m
[self_driving-10] [0m[INFO] [1783019051.219921751] [self_driving]: [CW_CANDIDATE] name=crosswalkcx=397 y2=269 area=11424 score=0.88 [0m
[self_driving-10] [0m[INFO] [1783019051.222847121] [self_driving]: [CW_CANDIDATE] name=crosswalkcx=338 y2=201 area=1674 score=0.80 [0m
[self_driving-10] [0m[INFO] [1783019051.295017362] [self_driving]: [TRAFFIC_RED_STOP] red detected -> stop[0m
[self_driving-10] [0m[INFO] [1783019051.354005658] [self_driving]: [TRAFFIC_RED_STOP] red detected -> stop[0m
[self_driving-10] [0m[INFO] [1783019051.414197640] [self_driving]: [TRAFFIC_RED_STOP] red detected -> stop[0m
[self_driving-10] [0m[INFO] [1783019051.472698547] [self_driving]: [TRAFFIC_RED_STOP] red detected -> stop[0m
[self_driving-10] [0m[INFO] [1783019051.550821658] [self_driving]: [TRAFFIC_RED_STOP] red detected -> stop[0m
[self_driving-10] [0m[INFO] [1783019051.599394195] [self_driving]: [TRAFFIC_RED_STOP] red detected -> stop[0m
[self_driving-10] [0m[INFO] [1783019051.623950325] [self_driving]: [CW_CANDIDATE] name=crosswalkcx=400 y2=306 area=20118 score=0.90 [0m
[self_driving-10] [0m[INFO] [1783019051.625060065] [self_driving]: [TRAFFIC_CLEAR] no valid red/green in current object msg -> clear stale traffic[0m
[self_driving-10] [0m[INFO] [1783019051.628223584] [self_driving]: [CW_CANDIDATE] name=crosswalkcx=348 y2=206 area=1782 score=0.86 [0m
[self_driving-10] [0m[INFO] [1783019051.695730417] [self_driving]: [TRAFFIC_RED_STOP] red detected -> stop[0m
[self_driving-10] [0m[INFO] [1783019051.749273158] [self_driving]: [TRAFFIC_RED_STOP] red detected -> stop[0m
[self_driving-10] [0m[INFO] [1783019051.821919936] [self_driving]: [TRAFFIC_RED_STOP] red detected -> stop[0m
[self_driving-10] [0m[INFO] [1783019051.871014806] [self_driving]: [TRAFFIC_RED_STOP] red detected -> stop[0m
[self_driving-10] [0m[INFO] [1783019051.948406436] [self_driving]: [TRAFFIC_RED_STOP] red detected -> stop[0m
[self_driving-10] [0m[INFO] [1783019051.997834213] [self_driving]: [OBJECTS] msg_count=86 n=1 names=['crosswalk'][0m
[self_driving-10] [0m[INFO] [1783019051.998526973] [self_driving]: [CW_CANDIDATE] name=crosswalkcx=373 y2=402 area=47340 score=0.89 [0m
[self_driving-10] [0m[INFO] [1783019052.002897824] [self_driving]: [IMAGE] received count=602 shape=(480, 640, 3) queue=0[0m
[self_driving-10] [0m[INFO] [1783019052.014561417] [self_driving]: [DEBUG_DRIVE] state=LINE_FOLLOW raw_lane_x=109.5 lane_x=109.5 filter=stable linear=0.32 angular=0.10 cw_y=0 cw_box_ready=False right_done=False start_turn=False count_turn=0 traffic=None stop=False[0m
[self_driving-10] [0m[INFO] [1783019052.352430806] [self_driving]: [CW_CANDIDATE] name=crosswalkcx=319 y2=480 area=47400 score=0.88 [0m
[self_driving-10] [0m[INFO] [1783019052.356516917] [self_driving]: [CW_CANDIDATE] name=crosswalkcx=388 y2=229 area=5184 score=0.87 [0m
[self_driving-10] [0m[INFO] [1783019052.359703306] [self_driving]: [TRAFFIC_CANDIDATE] name=red valid=True cx=608 cy=27 area=702 score=0.76 min_area=270[0m
[self_driving-10] [0m[INFO] [1783019052.406736213] [self_driving]: [TRAFFIC_RED_STOP] red detected -> stop[0m
[self_driving-10] [0m[INFO] [1783019052.492335194] [self_driving]: [TRAFFIC_RED_STOP] red detected -> stop[0m
[self_driving-10] [0m[INFO] [1783019052.556455491] [self_driving]: [TRAFFIC_RED_STOP] red detected -> stop[0m
[self_driving-10] [0m[INFO] [1783019052.619687620] [self_driving]: [TRAFFIC_RED_STOP] red detected -> stop[0m
[self_driving-10] [0m[INFO] [1783019052.674641954] [self_driving]: [TRAFFIC_RED_STOP] red detected -> stop[0m
[self_driving-10] [0m[INFO] [1783019052.720883102] [self_driving]: [OBJECTS] msg_count=91 n=1 names=['crosswalk'][0m
[self_driving-10] [0m[INFO] [1783019052.722137417] [self_driving]: [CW_CANDIDATE] name=crosswalkcx=388 y2=230 area=5738 score=0.88 [0m
[self_driving-10] [0m[INFO] [1783019052.764545565] [self_driving]: [TRAFFIC_RED_STOP] red detected -> stop[0m
[self_driving-10] [0m[INFO] [1783019052.821333805] [self_driving]: [TRAFFIC_RED_STOP] red detected -> stop[0m
[self_driving-10] [0m[INFO] [1783019052.891877676] [self_driving]: [TRAFFIC_RED_STOP] red detected -> stop[0m
[self_driving-10] [0m[INFO] [1783019052.959612379] [self_driving]: [TRAFFIC_RED_STOP] red detected -> stop[0m
[self_driving-10] [0m[INFO] [1783019053.024657102] [self_driving]: [TRAFFIC_RED_STOP] red detected -> stop[0m
[self_driving-10] [0m[INFO] [1783019053.073396472] [self_driving]: [TRAFFIC_RED_STOP] red detected -> stop[0m
[self_driving-10] [0m[INFO] [1783019053.089097861] [self_driving]: [CW_CANDIDATE] name=crosswalkcx=387 y2=230 area=5454 score=0.87 [0m
[self_driving-10] [0m[INFO] [1783019053.089627602] [self_driving]: [TRAFFIC_CLEAR] no valid red/green in current object msg -> clear stale traffic[0m
[self_driving-10] [0m[INFO] [1783019053.091778194] [self_driving]: [CW_CANDIDATE] name=crosswalkcx=320 y2=479 area=23680 score=0.83 [0m
[self_driving-10] [0m[INFO] [1783019053.149136046] [self_driving]: [TRAFFIC_RED_STOP] red detected -> stop[0m
[self_driving-10] [0m[INFO] [1783019053.219556861] [self_driving]: [TRAFFIC_RED_STOP] red detected -> stop[0m
[self_driving-10] [0m[INFO] [1783019053.283646194] [self_driving]: [TRAFFIC_RED_STOP] red detected -> stop[0m
[self_driving-10] [0m[INFO] [1783019053.354542824] [self_driving]: [TRAFFIC_RED_STOP] red detected -> stop[0m
[self_driving-10] [0m[INFO] [1783019053.427527435] [self_driving]: [TRAFFIC_RED_STOP] red detected -> stop[0m
[self_driving-10] [0m[INFO] [1783019053.444756435] [self_driving]: [OBJECTS] msg_count=97 n=1 names=['crosswalk'][0m
[self_driving-10] [0m[INFO] [1783019053.446113972] [self_driving]: [CW_CANDIDATE] name=crosswalkcx=421 y2=249 area=8725 score=0.89 [0m
[self_driving-10] [0m[INFO] [1783019053.514615638] [self_driving]: [DEBUG_DRIVE] state=LINE_FOLLOW raw_lane_x=132.0 lane_x=132.0 filter=stable linear=0.32 angular=-0.10 cw_y=0 cw_box_ready=False right_done=False start_turn=False count_turn=0 traffic=None stop=False[0m
[self_driving-10] [0m[INFO] [1783019053.839489231] [self_driving]: [CW_CANDIDATE] name=crosswalkcx=424 y2=255 area=10010 score=0.89 [0m
[self_driving-10] [0m[INFO] [1783019054.018485416] [self_driving]: [IMAGE] received count=632 shape=(480, 640, 3) queue=0[0m
[self_driving-10] [0m[INFO] [1783019054.028275545] [self_driving]: [DEBUG_DRIVE] state=LINE_FOLLOW raw_lane_x=130.0 lane_x=130.0 filter=stable linear=0.32 angular=-0.10 cw_y=0 cw_box_ready=False right_done=False start_turn=False count_turn=0 traffic=None stop=False[0m
[self_driving-10] [0m[INFO] [1783019054.196367545] [self_driving]: [OBJECTS] msg_count=101 n=1 names=['crosswalk'][0m
[self_driving-10] [0m[INFO] [1783019054.197391101] [self_driving]: [CW_CANDIDATE] name=crosswalkcx=424 y2=255 area=9906 score=0.89 [0m
[self_driving-10] [0m[INFO] [1783019054.546490878] [self_driving]: [CW_CANDIDATE] name=crosswalkcx=424 y2=255 area=9958 score=0.89 [0m
[self_driving-10] [0m[INFO] [1783019054.579007730] [self_driving]: [DEBUG_DRIVE] state=LINE_FOLLOW raw_lane_x=164.0 lane_x=164.0 filter=stable linear=0.32 angular=-0.10 cw_y=0 cw_box_ready=False right_done=False start_turn=False count_turn=0 traffic=None stop=False[0m
[self_driving-10] [0m[INFO] [1783019054.909140600] [self_driving]: [OBJECTS] msg_count=105 n=1 names=['go'][0m
[self_driving-10] [0m[INFO] [1783019055.112385008] [self_driving]: [DEBUG_DRIVE] state=LINE_FOLLOW raw_lane_x=141.5 lane_x=141.5 filter=stable linear=0.32 angular=-0.10 cw_y=0 cw_box_ready=False right_done=False start_turn=False count_turn=0 traffic=None stop=False[0m
[self_driving-10] [0m[INFO] [1783019055.243812526] [self_driving]: [CW_CANDIDATE] name=crosswalkcx=413 y2=318 area=23103 score=0.92 [0m
[self_driving-10] [0m[INFO] [1783019055.588448507] [self_driving]: [OBJECTS] msg_count=108 n=1 names=['go'][0m
[self_driving-10] [0m[INFO] [1783019055.650812563] [self_driving]: [DEBUG_DRIVE] state=LINE_FOLLOW raw_lane_x=133.5 lane_x=133.5 filter=stable linear=0.32 angular=-0.10 cw_y=0 cw_box_ready=False right_done=False start_turn=False count_turn=0 traffic=None stop=False[0m
[self_driving-10] [0m[INFO] [1783019055.951121859] [self_driving]: [CW_CANDIDATE] name=crosswalkcx=333 y2=480 area=61300 score=0.95 [0m
[self_driving-10] [0m[INFO] [1783019056.044030359] [self_driving]: [IMAGE] received count=662 shape=(480, 640, 3) queue=0[0m
[self_driving-10] [0m[INFO] [1783019056.164634581] [self_driving]: [DEBUG_DRIVE] state=LINE_FOLLOW raw_lane_x=140.0 lane_x=140.0 filter=stable linear=0.32 angular=-0.10 cw_y=0 cw_box_ready=False right_done=False start_turn=False count_turn=0 traffic=None stop=False[0m
[self_driving-10] [0m[INFO] [1783019056.665710062] [self_driving]: [OBJECTS] msg_count=111 n=1 names=['crosswalk'][0m
[self_driving-10] [0m[INFO] [1783019056.666692618] [self_driving]: [CW_CANDIDATE] name=crosswalkcx=497 y2=352 area=11954 score=0.48 [0m
[self_driving-10] [0m[INFO] [1783019056.718559562] [self_driving]: [DEBUG_DRIVE] state=LINE_FOLLOW raw_lane_x=132.5 lane_x=132.5 filter=stable linear=0.32 angular=-0.10 cw_y=352 cw_box_ready=False right_done=False start_turn=False count_turn=0 traffic=None stop=False[0m
[self_driving-10] [0m[INFO] [1783019057.240786840] [self_driving]: [DEBUG_DRIVE] state=LINE_FOLLOW raw_lane_x=262.5 lane_x=262.5 filter=stable linear=0.32 angular=-0.70 cw_y=352 cw_box_ready=False right_done=False start_turn=False count_turn=4 traffic=None stop=False[0m
[self_driving-10] [33m[WARN] [1783019057.328295006] [self_driving]: [LANE_X_JUMP_REJECT] raw=91.0 last=262.5 diff=171.5 candidate=91.0 cnt=1/4[0m
[self_driving-10] [0m[INFO] [1783019057.785724765] [self_driving]: [DEBUG_DRIVE] state=LINE_FOLLOW raw_lane_x=186.0 lane_x=186.0 filter=stable linear=0.32 angular=0.00 cw_y=352 cw_box_ready=False right_done=False start_turn=True count_turn=0 traffic=None stop=False[0m
[self_driving-10] [0m[INFO] [1783019058.054550043] [self_driving]: [IMAGE] received count=692 shape=(480, 640, 3) queue=0[0m
[self_driving-10] [0m[INFO] [1783019058.331136580] [self_driving]: [DEBUG_DRIVE] state=LINE_FOLLOW raw_lane_x=-1 lane_x=310.5 filter=hold_last linear=0.32 angular=-0.70 cw_y=352 cw_box_ready=False right_done=False start_turn=True count_turn=8 traffic=None stop=False[0m
[self_driving-10] [33m[WARN] [1783019058.479018061] [self_driving]: [LANE_LOST] raw_lane_x=-1 lane_x=-1 filter=lost stop=False state=LINE_FOLLOW safe_linear=0.02 right_ready=False right_done=False[0m
[self_driving-10] [0m[INFO] [1783019058.874719450] [self_driving]: [DEBUG_DRIVE] state=LINE_FOLLOW raw_lane_x=-1 lane_x=-1 filter=lost linear=0.32 angular=0.00 cw_y=352 cw_box_ready=False right_done=False start_turn=True count_turn=9 traffic=None stop=False[0m
[self_driving-10] [33m[WARN] [1783019059.000333228] [self_driving]: [LANE_LOST] raw_lane_x=-1 lane_x=-1 filter=lost stop=False state=LINE_FOLLOW safe_linear=0.02 right_ready=False right_done=False[0m
[self_driving-10] [0m[INFO] [1783019059.390537190] [self_driving]: [DEBUG_DRIVE] state=LINE_FOLLOW raw_lane_x=311.5 lane_x=311.5 filter=stable linear=0.32 angular=-0.70 cw_y=352 cw_box_ready=False right_done=False start_turn=True count_turn=13 traffic=None stop=False[0m
[self_driving-10] [0m[INFO] [1783019059.767824598] [self_driving]: [OBJECTS] msg_count=112 n=1 names=['right'][0m
[self_driving-10] [0m[INFO] [1783019059.769159857] [self_driving]: [RIGHT_CANDIDATE] valid=False reject=['small_area'] cnt=0 cx=608 cy=123 area=837 score=0.86 done=False[0m
[self_driving-10] [0m[INFO] [1783019059.939409005] [self_driving]: [DEBUG_DRIVE] state=LINE_FOLLOW raw_lane_x=126.0 lane_x=126.0 filter=stable linear=0.32 angular=0.00 cw_y=0 cw_box_ready=False right_done=False start_turn=True count_turn=0 traffic=None stop=False[0m
[self_driving-10] [0m[INFO] [1783019060.054479931] [self_driving]: [IMAGE] received count=722 shape=(480, 640, 3) queue=0[0m
[self_driving-10] [0m[INFO] [1783019060.171376597] [self_driving]: [RIGHT_CANDIDATE] valid=False reject=['small_area'] cnt=0 cx=561 cy=125 area=700 score=0.75 done=False[0m
[self_driving-10] [0m[INFO] [1783019060.483806542] [self_driving]: [DEBUG_DRIVE] state=LINE_FOLLOW raw_lane_x=83.5 lane_x=83.5 filter=stable linear=0.32 angular=0.00 cw_y=0 cw_box_ready=False right_done=False start_turn=True count_turn=0 traffic=None stop=False[0m
[self_driving-10] [0m[INFO] [1783019060.514362856] [self_driving]: [OBJECTS] msg_count=114 n=1 names=['crosswalk'][0m
[self_driving-10] [0m[INFO] [1783019060.518313801] [self_driving]: [CW_CANDIDATE] name=crosswalkcx=526 y2=230 area=4161 score=0.88 [0m
[self_driving-10] [0m[INFO] [1783019060.874529115] [self_driving]: [CW_CANDIDATE] name=crosswalkcx=426 y2=240 area=6560 score=0.83 [0m
[self_driving-10] [0m[INFO] [1783019061.026152912] [self_driving]: [DEBUG_DRIVE] state=LINE_FOLLOW raw_lane_x=68.0 lane_x=68.0 filter=stable linear=0.32 angular=0.00 cw_y=0 cw_box_ready=False right_done=False start_turn=True count_turn=0 traffic=None stop=False[0m
[self_driving-10] [0m[INFO] [1783019061.222828226] [self_driving]: [OBJECTS] msg_count=117 n=1 names=['crosswalk'][0m
[self_driving-10] [0m[INFO] [1783019061.223313152] [self_driving]: [CW_CANDIDATE] name=crosswalkcx=387 y2=264 area=11088 score=0.88 [0m
[self_driving-10] [0m[INFO] [1783019061.226468300] [self_driving]: [RIGHT_CANDIDATE] valid=False reject=['small_area'] cnt=0 cx=131 cy=119 area=1333 score=0.86 done=False[0m
[self_driving-10] [0m[INFO] [1783019061.230134486] [self_driving]: [CW_CANDIDATE] name=crosswalkcx=317 y2=197 area=1432 score=0.73 [0m
[self_driving-10] [0m[INFO] [1783019061.553073134] [self_driving]: [DEBUG_DRIVE] state=LINE_FOLLOW raw_lane_x=50.5 lane_x=50.5 filter=stable linear=0.32 angular=0.10 cw_y=197 cw_box_ready=False right_done=False start_turn=False count_turn=0 traffic=None stop=False[0m
[self_driving-10] [0m[INFO] [1783019061.622365559] [self_driving]: [RIGHT_CANDIDATE] valid=False reject=['small_area'] cnt=0 cx=106 cy=119 area=1764 score=0.85 done=False[0m
[self_driving-10] [0m[INFO] [1783019061.626020115] [self_driving]: [CW_CANDIDATE] name=crosswalkcx=321 y2=205 area=1845 score=0.81 [0m
[self_driving-10] [0m[INFO] [1783019062.038116170] [self_driving]: [OBJECTS] msg_count=122 n=1 names=['right'][0m
[self_driving-10] [0m[INFO] [1783019062.038638948] [self_driving]: [RIGHT_CANDIDATE] valid=False reject=['small_area'] cnt=0 cx=61 cy=113 area=2622 score=0.87 done=False[0m
[self_driving-10] [0m[INFO] [1783019062.042210133] [self_driving]: [CW_CANDIDATE] name=crosswalkcx=325 y2=213 area=2430 score=0.80 [0m
[self_driving-10] [0m[INFO] [1783019062.098153374] [self_driving]: [IMAGE] received count=752 shape=(480, 640, 3) queue=0[0m
[self_driving-10] [0m[INFO] [1783019062.106982818] [self_driving]: [DEBUG_DRIVE] state=LINE_FOLLOW raw_lane_x=40.5 lane_x=40.5 filter=stable linear=0.32 angular=0.10 cw_y=213 cw_box_ready=False right_done=False start_turn=False count_turn=0 traffic=None stop=False[0m
[self_driving-10] [0m[INFO] [1783019062.406020911] [self_driving]: [CW_CANDIDATE] name=crosswalkcx=319 y2=480 area=48488 score=0.88 [0m
[self_driving-10] [0m[INFO] [1783019062.409615077] [self_driving]: [RIGHT_CANDIDATE] valid=False reject=['small_area'] cnt=0 cx=7 cy=106 area=1080 score=0.62 done=False[0m
[self_driving-10] [0m[INFO] [1783019062.629960855] [self_driving]: [DEBUG_DRIVE] state=LINE_FOLLOW raw_lane_x=32.0 lane_x=32.0 filter=stable linear=0.32 angular=0.10 cw_y=0 cw_box_ready=False right_done=False start_turn=False count_turn=0 traffic=None stop=False[0m
[self_driving-10] [0m[INFO] [1783019062.748817392] [self_driving]: [OBJECTS] msg_count=126 n=1 names=['crosswalk'][0m
[self_driving-10] [0m[INFO] [1783019062.749586614] [self_driving]: [CW_CANDIDATE] name=crosswalkcx=328 y2=244 area=6951 score=0.86 [0m
[self_driving-10] [0m[INFO] [1783019063.090357540] [self_driving]: [CW_CANDIDATE] name=crosswalkcx=329 y2=275 area=15651 score=0.91 [0m
[self_driving-10] [0m[INFO] [1783019063.180206003] [self_driving]: [DEBUG_DRIVE] state=LINE_FOLLOW raw_lane_x=24.0 lane_x=24.0 filter=stable linear=0.32 angular=0.10 cw_y=275 cw_box_ready=False right_done=False start_turn=False count_turn=0 traffic=None stop=False[0m
[self_driving-10] [0m[INFO] [1783019063.448646077] [self_driving]: [OBJECTS] msg_count=128 n=1 names=['crosswalk'][0m
[self_driving-10] [0m[INFO] [1783019063.451345929] [self_driving]: [CW_CANDIDATE] name=crosswalkcx=329 y2=312 area=29309 score=0.92 [0m
[self_driving-10] [0m[INFO] [1783019063.696996058] [self_driving]: [DEBUG_DRIVE] state=LINE_FOLLOW raw_lane_x=21.5 lane_x=21.5 filter=stable linear=0.32 angular=0.10 cw_y=312 cw_box_ready=False right_done=False start_turn=False count_turn=0 traffic=None stop=False[0m
[self_driving-10] [0m[INFO] [1783019063.806945743] [self_driving]: [CW_CANDIDATE] name=crosswalkcx=320 y2=378 area=55040 score=0.89 [0m
[self_driving-10] [0m[INFO] [1783019064.164554039] [self_driving]: [OBJECTS] msg_count=130 n=1 names=['crosswalk'][0m
[self_driving-10] [0m[INFO] [1783019064.165566539] [self_driving]: [CW_CANDIDATE] name=crosswalkcx=320 y2=480 area=78720 score=0.83 [0m
[self_driving-10] [0m[INFO] [1783019064.177425354] [self_driving]: [IMAGE] received count=783 shape=(480, 640, 3) queue=0[0m
[self_driving-10] [0m[INFO] [1783019064.200946132] [self_driving]: [DEBUG_DRIVE] state=LINE_FOLLOW raw_lane_x=14.5 lane_x=14.5 filter=stable linear=0.32 angular=0.10 cw_y=480 cw_box_ready=False right_done=False start_turn=False count_turn=0 traffic=None stop=False[0m
[self_driving-10] [0m[INFO] [1783019064.719860224] [self_driving]: [DEBUG_DRIVE] state=LINE_FOLLOW raw_lane_x=8.5 lane_x=8.5 filter=stable linear=0.32 angular=0.10 cw_y=480 cw_box_ready=False right_done=False start_turn=False count_turn=0 traffic=None stop=False[0m
[self_driving-10] [0m[INFO] [1783019065.259061354] [self_driving]: [DEBUG_DRIVE] state=LINE_FOLLOW raw_lane_x=98.5 lane_x=98.5 filter=stable linear=0.32 angular=-0.10 cw_y=480 cw_box_ready=False right_done=False start_turn=False count_turn=0 traffic=None stop=False[0m
[self_driving-10] [33m[WARN] [1783019065.781523242] [self_driving]: [LANE_X_JUMP_REJECT] raw=47.5 last=211.5 diff=164.0 candidate=47.5 cnt=1/4[0m
[self_driving-10] [0m[INFO] [1783019065.784389353] [self_driving]: [DEBUG_DRIVE] state=LINE_FOLLOW raw_lane_x=47.5 lane_x=211.5 filter=jump_reject linear=0.32 angular=-0.10 cw_y=480 cw_box_ready=False right_done=False start_turn=False count_turn=0 traffic=None stop=False[0m
[self_driving-10] [0m[INFO] [1783019066.186344038] [self_driving]: [IMAGE] received count=813 shape=(480, 640, 3) queue=0[0m
[self_driving-10] [0m[INFO] [1783019066.337807834] [self_driving]: [DEBUG_DRIVE] state=LINE_FOLLOW raw_lane_x=159.5 lane_x=159.5 filter=stable linear=0.32 angular=-0.10 cw_y=480 cw_box_ready=False right_done=False start_turn=False count_turn=0 traffic=None stop=False[0m
[self_driving-10] [33m[WARN] [1783019066.740513927] [self_driving]: [LANE_LOST] raw_lane_x=-1 lane_x=-1 filter=lost stop=False state=LINE_FOLLOW safe_linear=0.02 right_ready=False right_done=False[0m
[self_driving-10] [0m[INFO] [1783019066.863248556] [self_driving]: [DEBUG_DRIVE] state=LINE_FOLLOW raw_lane_x=-1 lane_x=-1 filter=lost linear=0.32 angular=0.00 cw_y=480 cw_box_ready=False right_done=False start_turn=False count_turn=0 traffic=None stop=False[0m
[self_driving-10] [33m[WARN] [1783019067.290340297] [self_driving]: [LANE_LOST] raw_lane_x=-1 lane_x=-1 filter=lost stop=False state=LINE_FOLLOW safe_linear=0.02 right_ready=False right_done=False[0m
[self_driving-10] [0m[INFO] [1783019067.376836389] [self_driving]: [DEBUG_DRIVE] state=LINE_FOLLOW raw_lane_x=-1 lane_x=-1 filter=lost linear=0.32 angular=0.00 cw_y=480 cw_box_ready=False right_done=False start_turn=False count_turn=0 traffic=None stop=False[0m
[self_driving-10] [33m[WARN] [1783019067.842541852] [self_driving]: [LANE_LOST] raw_lane_x=-1 lane_x=-1 filter=lost stop=False state=LINE_FOLLOW safe_linear=0.02 right_ready=False right_done=False[0m
[self_driving-10] [0m[INFO] [1783019067.928045982] [self_driving]: [DEBUG_DRIVE] state=LINE_FOLLOW raw_lane_x=-1 lane_x=-1 filter=lost linear=0.32 angular=0.00 cw_y=480 cw_box_ready=False right_done=False start_turn=False count_turn=0 traffic=None stop=False[0m
[self_driving-10] [0m[INFO] [1783019068.248148389] [self_driving]: [IMAGE] received count=841 shape=(480, 640, 3) queue=0[0m
[self_driving-10] [33m[WARN] [1783019068.414060407] [self_driving]: [LANE_LOST] raw_lane_x=-1 lane_x=-1 filter=lost stop=False state=LINE_FOLLOW safe_linear=0.02 right_ready=False right_done=False[0m
[self_driving-10] [0m[INFO] [1783019068.509173333] [self_driving]: [DEBUG_DRIVE] state=LINE_FOLLOW raw_lane_x=-1 lane_x=-1 filter=lost linear=0.32 angular=0.00 cw_y=480 cw_box_ready=False right_done=False start_turn=False count_turn=0 traffic=None stop=False[0m
[self_driving-10] [33m[WARN] [1783019068.986721018] [self_driving]: [LANE_LOST] raw_lane_x=-1 lane_x=-1 filter=lost stop=False state=LINE_FOLLOW safe_linear=0.02 right_ready=False right_done=False[0m
[self_driving-10] [0m[INFO] [1783019069.054211777] [self_driving]: [DEBUG_DRIVE] state=LINE_FOLLOW raw_lane_x=-1 lane_x=-1 filter=lost linear=0.32 angular=0.00 cw_y=480 cw_box_ready=False right_done=False start_turn=False count_turn=0 traffic=None stop=False[0m
[self_driving-10] [33m[WARN] [1783019069.540448036] [self_driving]: [LANE_X_JUMP_REJECT] raw=79.0 last=225.5 diff=146.5 candidate=79.0 cnt=1/4[0m
[self_driving-10] [0m[INFO] [1783019069.609875369] [self_driving]: [DEBUG_DRIVE] state=LINE_FOLLOW raw_lane_x=-1 lane_x=225.5 filter=hold_last linear=0.32 angular=-0.70 cw_y=480 cw_box_ready=False right_done=False start_turn=False count_turn=3 traffic=None stop=False[0m
[self_driving-10] [33m[WARN] [1783019069.820409647] [self_driving]: [LANE_LOST] raw_lane_x=-1 lane_x=-1 filter=lost stop=False state=LINE_FOLLOW safe_linear=0.02 right_ready=False right_done=False[0m
[self_driving-10] [0m[INFO] [1783019070.030446721] [self_driving]: [LANE_X_JUMP_ACCEPT] raw=50.5 last=50.5 cnt=4/4[0m
[self_driving-10] [0m[INFO] [1783019070.150338740] [self_driving]: [DEBUG_DRIVE] state=LINE_FOLLOW raw_lane_x=50.0 lane_x=50.0 filter=stable linear=0.32 angular=0.00 cw_y=480 cw_box_ready=False right_done=False start_turn=True count_turn=0 traffic=None stop=False[0m
[self_driving-10] [0m[INFO] [1783019070.282739536] [self_driving]: [IMAGE] received count=868 shape=(480, 640, 3) queue=0[0m
[self_driving-10] [0m[INFO] [1783019070.689821184] [self_driving]: [DEBUG_DRIVE] state=LINE_FOLLOW raw_lane_x=46.5 lane_x=46.5 filter=stable linear=0.32 angular=0.00 cw_y=480 cw_box_ready=False right_done=False start_turn=True count_turn=0 traffic=None stop=False[0m
[self_driving-10] [0m[INFO] [1783019070.723329869] [self_driving]: [OBJECTS] msg_count=131 n=1 names=['crosswalk'][0m
[self_driving-10] [0m[INFO] [1783019070.724175258] [self_driving]: [CW_CANDIDATE] name=crosswalkcx=363 y2=148 area=1980 score=0.83 [0m
[self_driving-10] [0m[INFO] [1783019070.727181147] [self_driving]: [TRAFFIC_CANDIDATE] name=red valid=True cx=593 cy=6 area=308 score=0.36 min_area=270[0m
[self_driving-10] [0m[INFO] [1783019070.772721184] [self_driving]: [TRAFFIC_RED_STOP] red detected -> stop[0m
[self_driving-10] [0m[INFO] [1783019070.819940572] [self_driving]: [TRAFFIC_RED_STOP] red detected -> stop[0m
[self_driving-10] [0m[INFO] [1783019070.881544184] [self_driving]: [TRAFFIC_RED_STOP] red detected -> stop[0m
[self_driving-10] [0m[INFO] [1783019070.954732183] [self_driving]: [TRAFFIC_RED_STOP] red detected -> stop[0m
[self_driving-10] [0m[INFO] [1783019071.026636258] [self_driving]: [TRAFFIC_RED_STOP] red detected -> stop[0m
[self_driving-10] [0m[INFO] [1783019071.074769961] [self_driving]: [TRAFFIC_RED_STOP] red detected -> stop[0m
[self_driving-10] [0m[INFO] [1783019071.075638406] [self_driving]: [CW_CANDIDATE] name=crosswalkcx=344 y2=199 area=1480 score=0.82 [0m
[self_driving-10] [0m[INFO] [1783019071.216084480] [self_driving]: [DEBUG_DRIVE] state=LINE_FOLLOW raw_lane_x=58.0 lane_x=58.0 filter=stable linear=0.32 angular=0.00 cw_y=0 cw_box_ready=False right_done=False start_turn=True count_turn=0 traffic=None stop=False[0m
[self_driving-10] [0m[INFO] [1783019071.399452572] [self_driving]: [OBJECTS] msg_count=135 n=1 names=['crosswalk'][0m
[self_driving-10] [0m[INFO] [1783019071.400017887] [self_driving]: [CW_CANDIDATE] name=crosswalkcx=350 y2=208 area=2288 score=0.85 [0m
[self_driving-10] [0m[INFO] [1783019071.407178868] [self_driving]: [TRAFFIC_CANDIDATE] name=red valid=True cx=612 cy=24 area=506 score=0.73 min_area=270[0m
[self_driving-10] [0m[INFO] [1783019071.441644146] [self_driving]: [TRAFFIC_RED_STOP] red detected -> stop[0m
[self_driving-10] [0m[INFO] [1783019071.506065979] [self_driving]: [TRAFFIC_RED_STOP] red detected -> stop[0m
[self_driving-10] [0m[INFO] [1783019071.568390961] [self_driving]: [TRAFFIC_RED_STOP] red detected -> stop[0m
[self_driving-10] [0m[INFO] [1783019071.619369072] [self_driving]: [TRAFFIC_RED_STOP] red detected -> stop[0m
[self_driving-10] [0m[INFO] [1783019071.704690572] [self_driving]: [TRAFFIC_RED_STOP] red detected -> stop[0m
[self_driving-10] [0m[INFO] [1783019071.747459220] [self_driving]: [CW_CANDIDATE] name=crosswalkcx=353 y2=208 area=3120 score=0.85 [0m
[self_driving-10] [0m[INFO] [1783019071.752685850] [self_driving]: [CW_CANDIDATE] name=crosswalkcx=353 y2=176 area=1001 score=0.77 [0m
[self_driving-10] [0m[INFO] [1783019071.766648572] [self_driving]: [CROSSWALK_IGNORE] y=176 < th=180[0m
[self_driving-10] [0m[INFO] [1783019071.785038794] [self_driving]: [DEBUG_DRIVE] state=LINE_FOLLOW raw_lane_x=67.0 lane_x=67.0 filter=stable linear=0.32 angular=0.00 cw_y=176 cw_box_ready=False right_done=False start_turn=True count_turn=0 traffic=None stop=False[0m
[self_driving-10] [0m[INFO] [1783019072.134586572] [self_driving]: [OBJECTS] msg_count=139 n=1 names=['crosswalk'][0m
[self_driving-10] [0m[INFO] [1783019072.135542775] [self_driving]: [CW_CANDIDATE] name=crosswalkcx=358 y2=224 area=4185 score=0.85 [0m
[self_driving-10] [0m[INFO] [1783019072.137603609] [self_driving]: [CW_CANDIDATE] name=crosswalkcx=356 y2=185 area=1264 score=0.78 [0m
[self_driving-10] [0m[INFO] [1783019072.297000405] [self_driving]: [IMAGE] received count=898 shape=(480, 640, 3) queue=0[0m
[self_driving-10] [0m[INFO] [1783019072.306634738] [self_driving]: [DEBUG_DRIVE] state=LINE_FOLLOW raw_lane_x=77.0 lane_x=77.0 filter=stable linear=0.32 angular=0.00 cw_y=185 cw_box_ready=False right_done=False start_turn=True count_turn=0 traffic=None stop=False[0m
[self_driving-10] [0m[INFO] [1783019072.485224090] [self_driving]: [CW_CANDIDATE] name=crosswalkcx=365 y2=238 area=5508 score=0.82 [0m
[self_driving-10] [0m[INFO] [1783019072.488218016] [self_driving]: [CW_CANDIDATE] name=crosswalkcx=360 y2=189 area=1416 score=0.75 [0m
[self_driving-10] [0m[INFO] [1783019072.840965553] [self_driving]: [DEBUG_DRIVE] state=LINE_FOLLOW raw_lane_x=75.0 lane_x=75.0 filter=stable linear=0.32 angular=0.00 cw_y=189 cw_box_ready=False right_done=False start_turn=True count_turn=0 traffic=None stop=False[0m
[self_driving-10] [0m[INFO] [1783019072.877432127] [self_driving]: [OBJECTS] msg_count=143 n=1 names=['crosswalk'][0m
[self_driving-10] [0m[INFO] [1783019072.878640830] [self_driving]: [CW_CANDIDATE] name=crosswalkcx=374 y2=269 area=11861 score=0.87 [0m
[self_driving-10] [0m[INFO] [1783019072.882324238] [self_driving]: [CW_CANDIDATE] name=crosswalkcx=365 y2=196 area=1656 score=0.75 [0m
[self_driving-10] [0m[INFO] [1783019073.242900590] [self_driving]: [CW_CANDIDATE] name=crosswalkcx=385 y2=303 area=21930 score=0.88 [0m
[self_driving-10] [0m[INFO] [1783019073.248384256] [self_driving]: [CW_CANDIDATE] name=crosswalkcx=369 y2=202 area=2288 score=0.81 [0m
[self_driving-10] [0m[INFO] [1783019073.370247219] [self_driving]: [DEBUG_DRIVE] state=LINE_FOLLOW raw_lane_x=85.0 lane_x=85.0 filter=stable linear=0.32 angular=0.00 cw_y=202 cw_box_ready=False right_done=False start_turn=True count_turn=0 traffic=None stop=False[0m
[self_driving-10] [0m[INFO] [1783019073.571367015] [self_driving]: [OBJECTS] msg_count=147 n=1 names=['crosswalk'][0m
[self_driving-10] [0m[INFO] [1783019073.572163793] [self_driving]: [CW_CANDIDATE] name=crosswalkcx=334 y2=381 area=46585 score=0.93 [0m
[self_driving-10] [0m[INFO] [1783019073.576290700] [self_driving]: [CW_CANDIDATE] name=crosswalkcx=376 y2=211 area=2964 score=0.83 [0m
[self_driving-10] [0m[INFO] [1783019073.903596885] [self_driving]: [DEBUG_DRIVE] state=LINE_FOLLOW raw_lane_x=124.5 lane_x=124.5 filter=stable linear=0.32 angular=0.10 cw_y=211 cw_box_ready=False right_done=False start_turn=False count_turn=0 traffic=None stop=False[0m
[self_driving-10] [0m[INFO] [1783019073.916972626] [self_driving]: [CW_CANDIDATE] name=crosswalkcx=320 y2=480 area=68480 score=0.89 [0m
[self_driving-10] [0m[INFO] [1783019073.919108145] [self_driving]: [CW_CANDIDATE] name=crosswalkcx=383 y2=219 area=4170 score=0.82 [0m
[self_driving-10] [0m[INFO] [1783019074.283134256] [self_driving]: [OBJECTS] msg_count=152 n=1 names=['crosswalk'][0m
[self_driving-10] [0m[INFO] [1783019074.285965719] [self_driving]: [CW_CANDIDATE] name=crosswalkcx=397 y2=234 area=7326 score=0.85 [0m
[self_driving-10] [0m[INFO] [1783019074.318367144] [self_driving]: [IMAGE] received count=928 shape=(480, 640, 3) queue=0[0m
[self_driving-10] [0m[INFO] [1783019074.448311867] [self_driving]: [DEBUG_DRIVE] state=LINE_FOLLOW raw_lane_x=185.5 lane_x=185.5 filter=stable linear=0.32 angular=-0.10 cw_y=234 cw_box_ready=False right_done=False start_turn=False count_turn=0 traffic=None stop=False[0m
[self_driving-10] [0m[INFO] [1783019074.637129533] [self_driving]: [CW_CANDIDATE] name=crosswalkcx=414 y2=253 area=11910 score=0.89 [0m
[self_driving-10] [0m[INFO] [1783019074.986315829] [self_driving]: [DEBUG_DRIVE] state=LINE_FOLLOW raw_lane_x=158.0 lane_x=158.0 filter=stable linear=0.32 angular=-0.10 cw_y=253 cw_box_ready=False right_done=False start_turn=False count_turn=0 traffic=None stop=False[0m
[self_driving-10] [0m[INFO] [1783019075.024591200] [self_driving]: [OBJECTS] msg_count=154 n=1 names=['crosswalk'][0m
[self_driving-10] [0m[INFO] [1783019075.027177959] [self_driving]: [CW_CANDIDATE] name=crosswalkcx=411 y2=307 area=21068 score=0.92 [0m
[self_driving-10] [0m[INFO] [1783019075.362543625] [self_driving]: [CW_CANDIDATE] name=crosswalkcx=387 y2=379 area=37350 score=0.92 [0m
[self_driving-10] [0m[INFO] [1783019075.534469773] [self_driving]: [DEBUG_DRIVE] state=LINE_FOLLOW raw_lane_x=178.5 lane_x=178.5 filter=stable linear=0.32 angular=-0.10 cw_y=379 cw_box_ready=False right_done=False start_turn=False count_turn=0 traffic=None stop=False[0m
[self_driving-10] [0m[INFO] [1783019075.725240032] [self_driving]: [OBJECTS] msg_count=156 n=1 names=['crosswalk'][0m
[self_driving-10] [0m[INFO] [1783019075.726045588] [self_driving]: [CW_CANDIDATE] name=crosswalkcx=332 y2=480 area=77470 score=0.91 [0m
[self_driving-10] [0m[INFO] [1783019076.063905051] [self_driving]: [DEBUG_DRIVE] state=LINE_FOLLOW raw_lane_x=202.5 lane_x=202.5 filter=stable linear=0.32 angular=-0.10 cw_y=480 cw_box_ready=False right_done=False start_turn=False count_turn=0 traffic=None stop=False[0m
[self_driving-10] [0m[INFO] [1783019076.329324236] [self_driving]: [IMAGE] received count=958 shape=(480, 640, 3) queue=0[0m
[self_driving-10] [0m[INFO] [1783019076.604672439] [self_driving]: [DEBUG_DRIVE] state=LINE_FOLLOW raw_lane_x=231.0 lane_x=231.0 filter=stable linear=0.32 angular=-0.70 cw_y=480 cw_box_ready=False right_done=False start_turn=False count_turn=3 traffic=None stop=False[0m
[self_driving-10] [0m[INFO] [1783019076.783336328] [self_driving]: [OBJECTS] msg_count=157 n=1 names=['crosswalk'][0m
[self_driving-10] [0m[INFO] [1783019076.784807995] [self_driving]: [CW_CANDIDATE] name=crosswalkcx=569 y2=372 area=14385 score=0.69 [0m
[self_driving-10] [0m[INFO] [1783019077.129769402] [self_driving]: [DEBUG_DRIVE] state=LINE_FOLLOW raw_lane_x=300.5 lane_x=300.5 filter=stable linear=0.32 angular=-0.70 cw_y=372 cw_box_ready=False right_done=False start_turn=True count_turn=5 traffic=None stop=False[0m
[self_driving-10] [0m[INFO] [1783019077.681319939] [self_driving]: [DEBUG_DRIVE] state=LINE_FOLLOW raw_lane_x=253.0 lane_x=253.0 filter=stable linear=0.32 angular=-0.70 cw_y=372 cw_box_ready=False right_done=False start_turn=True count_turn=13 traffic=None stop=False[0m
[self_driving-10] [33m[WARN] [1783019078.198715457] [self_driving]: [LANE_LOST] raw_lane_x=-1 lane_x=-1 filter=lost stop=False state=LINE_FOLLOW safe_linear=0.02 right_ready=False right_done=False[0m
[self_driving-10] [0m[INFO] [1783019078.199596309] [self_driving]: [DEBUG_DRIVE] state=LINE_FOLLOW raw_lane_x=-1 lane_x=-1 filter=lost linear=0.32 angular=0.00 cw_y=372 cw_box_ready=False right_done=False start_turn=True count_turn=20 traffic=None stop=False[0m
[self_driving-10] [0m[INFO] [1783019078.335730012] [self_driving]: [IMAGE] received count=988 shape=(480, 640, 3) queue=0[0m
[self_driving-10] [33m[WARN] [1783019078.739282438] [self_driving]: [LANE_LOST] raw_lane_x=-1 lane_x=-1 filter=lost stop=False state=LINE_FOLLOW safe_linear=0.02 right_ready=False right_done=False[0m
[self_driving-10] [0m[INFO] [1783019078.739919660] [self_driving]: [DEBUG_DRIVE] state=LINE_FOLLOW raw_lane_x=-1 lane_x=-1 filter=lost linear=0.32 angular=0.00 cw_y=372 cw_box_ready=False right_done=False start_turn=True count_turn=20 traffic=None stop=False[0m
[self_driving-10] [33m[WARN] [1783019079.296883197] [self_driving]: [LANE_LOST] raw_lane_x=-1 lane_x=-1 filter=lost stop=False state=LINE_FOLLOW safe_linear=0.02 right_ready=False right_done=False[0m
[self_driving-10] [0m[INFO] [1783019079.298116882] [self_driving]: [DEBUG_DRIVE] state=LINE_FOLLOW raw_lane_x=-1 lane_x=-1 filter=lost linear=0.32 angular=0.00 cw_y=372 cw_box_ready=False right_done=False start_turn=True count_turn=20 traffic=None stop=False[0m
[self_driving-10] [33m[WARN] [1783019079.847853400] [self_driving]: [LANE_LOST] raw_lane_x=-1 lane_x=-1 filter=lost stop=False state=LINE_FOLLOW safe_linear=0.02 right_ready=False right_done=False[0m
[self_driving-10] [0m[INFO] [1783019079.848448308] [self_driving]: [DEBUG_DRIVE] state=LINE_FOLLOW raw_lane_x=-1 lane_x=-1 filter=lost linear=0.32 angular=0.00 cw_y=372 cw_box_ready=False right_done=False start_turn=True count_turn=20 traffic=None stop=False[0m
[self_driving-10] [0m[INFO] [1783019080.398401882] [self_driving]: [IMAGE] received count=1015 shape=(480, 640, 3) queue=0[0m
[self_driving-10] [33m[WARN] [1783019080.404917400] [self_driving]: [LANE_LOST] raw_lane_x=-1 lane_x=-1 filter=lost stop=False state=LINE_FOLLOW safe_linear=0.02 right_ready=False right_done=False[0m
[self_driving-10] [0m[INFO] [1783019080.405888345] [self_driving]: [DEBUG_DRIVE] state=LINE_FOLLOW raw_lane_x=-1 lane_x=-1 filter=lost linear=0.32 angular=0.00 cw_y=372 cw_box_ready=False right_done=False start_turn=True count_turn=20 traffic=None stop=False[0m
[self_driving-10] [33m[WARN] [1783019080.909757381] [self_driving]: [LANE_LOST] raw_lane_x=-1 lane_x=-1 filter=lost stop=False state=LINE_FOLLOW safe_linear=0.02 right_ready=False right_done=False[0m
[self_driving-10] [0m[INFO] [1783019080.910261752] [self_driving]: [DEBUG_DRIVE] state=LINE_FOLLOW raw_lane_x=-1 lane_x=-1 filter=lost linear=0.32 angular=0.00 cw_y=372 cw_box_ready=False right_done=False start_turn=True count_turn=20 traffic=None stop=False[0m
[self_driving-10] [33m[WARN] [1783019081.445712677] [self_driving]: [LANE_LOST] raw_lane_x=-1 lane_x=-1 filter=lost stop=False state=LINE_FOLLOW safe_linear=0.02 right_ready=False right_done=False[0m
[self_driving-10] [0m[INFO] [1783019081.446873344] [self_driving]: [DEBUG_DRIVE] state=LINE_FOLLOW raw_lane_x=-1 lane_x=-1 filter=lost linear=0.32 angular=0.00 cw_y=372 cw_box_ready=False right_done=False start_turn=True count_turn=20 traffic=None stop=False[0m
[self_driving-10] [33m[WARN] [1783019081.985661362] [self_driving]: [LANE_LOST] raw_lane_x=-1 lane_x=-1 filter=lost stop=False state=LINE_FOLLOW safe_linear=0.02 right_ready=False right_done=False[0m
[self_driving-10] [0m[INFO] [1783019081.986159529] [self_driving]: [DEBUG_DRIVE] state=LINE_FOLLOW raw_lane_x=-1 lane_x=-1 filter=lost linear=0.32 angular=0.00 cw_y=372 cw_box_ready=False right_done=False start_turn=True count_turn=20 traffic=None stop=False[0m
[self_driving-10] [0m[INFO] [1783019082.452373473] [self_driving]: [IMAGE] received count=1043 shape=(480, 640, 3) queue=0[0m
[self_driving-10] [33m[WARN] [1783019082.534971602] [self_driving]: [LANE_LOST] raw_lane_x=-1 lane_x=-1 filter=lost stop=False state=LINE_FOLLOW safe_linear=0.02 right_ready=False right_done=False[0m
[self_driving-10] [0m[INFO] [1783019082.535483084] [self_driving]: [DEBUG_DRIVE] state=LINE_FOLLOW raw_lane_x=-1 lane_x=-1 filter=lost linear=0.32 angular=0.00 cw_y=372 cw_box_ready=False right_done=False start_turn=True count_turn=20 traffic=None stop=False[0m
[self_driving-10] [33m[WARN] [1783019083.055130936] [self_driving]: [LANE_LOST] raw_lane_x=-1 lane_x=-1 filter=lost stop=False state=LINE_FOLLOW safe_linear=0.02 right_ready=False right_done=False[0m
[self_driving-10] [0m[INFO] [1783019083.056512398] [self_driving]: [DEBUG_DRIVE] state=LINE_FOLLOW raw_lane_x=-1 lane_x=-1 filter=lost linear=0.32 angular=0.00 cw_y=372 cw_box_ready=False right_done=False start_turn=True count_turn=20 traffic=None stop=False[0m
[self_driving-10] [33m[WARN] [1783019083.586447102] [self_driving]: [LANE_LOST] raw_lane_x=-1 lane_x=-1 filter=lost stop=False state=LINE_FOLLOW safe_linear=0.02 right_ready=False right_done=False[0m
[self_driving-10] [0m[INFO] [1783019083.587050694] [self_driving]: [DEBUG_DRIVE] state=LINE_FOLLOW raw_lane_x=-1 lane_x=-1 filter=lost linear=0.32 angular=0.00 cw_y=372 cw_box_ready=False right_done=False start_turn=True count_turn=20 traffic=None stop=False[0m
[self_driving-10] [33m[WARN] [1783019084.130229842] [self_driving]: [LANE_LOST] raw_lane_x=-1 lane_x=-1 filter=lost stop=False state=LINE_FOLLOW safe_linear=0.02 right_ready=False right_done=False[0m
[self_driving-10] [0m[INFO] [1783019084.130880527] [self_driving]: [DEBUG_DRIVE] state=LINE_FOLLOW raw_lane_x=-1 lane_x=-1 filter=lost linear=0.32 angular=0.00 cw_y=372 cw_box_ready=False right_done=False start_turn=True count_turn=20 traffic=None stop=False[0m
[self_driving-10] [0m[INFO] [1783019084.468332398] [self_driving]: [IMAGE] received count=1073 shape=(480, 640, 3) queue=0[0m
[self_driving-10] [33m[WARN] [1783019084.673091823] [self_driving]: [LANE_LOST] raw_lane_x=-1 lane_x=-1 filter=lost stop=False state=LINE_FOLLOW safe_linear=0.02 right_ready=False right_done=False[0m
[self_driving-10] [0m[INFO] [1783019084.673688712] [self_driving]: [DEBUG_DRIVE] state=LINE_FOLLOW raw_lane_x=-1 lane_x=-1 filter=lost linear=0.32 angular=0.00 cw_y=372 cw_box_ready=False right_done=False start_turn=True count_turn=20 traffic=None stop=False[0m
[self_driving-10] [33m[WARN] [1783019085.210424193] [self_driving]: [LANE_LOST] raw_lane_x=-1 lane_x=-1 filter=lost stop=False state=LINE_FOLLOW safe_linear=0.02 right_ready=False right_done=False[0m
[self_driving-10] [0m[INFO] [1783019085.211545860] [self_driving]: [DEBUG_DRIVE] state=LINE_FOLLOW raw_lane_x=-1 lane_x=-1 filter=lost linear=0.32 angular=0.00 cw_y=372 cw_box_ready=False right_done=False start_turn=True count_turn=20 traffic=None stop=False[0m
[self_driving-10] [33m[WARN] [1783019085.747449249] [self_driving]: [LANE_LOST] raw_lane_x=-1 lane_x=-1 filter=lost stop=False state=LINE_FOLLOW safe_linear=0.02 right_ready=False right_done=False[0m
[self_driving-10] [0m[INFO] [1783019085.749375489] [self_driving]: [DEBUG_DRIVE] state=LINE_FOLLOW raw_lane_x=-1 lane_x=-1 filter=lost linear=0.32 angular=0.00 cw_y=372 cw_box_ready=False right_done=False start_turn=True count_turn=20 traffic=None stop=False[0m
[self_driving-10] [33m[WARN] [1783019086.294371767] [self_driving]: [LANE_LOST] raw_lane_x=-1 lane_x=-1 filter=lost stop=False state=LINE_FOLLOW safe_linear=0.02 right_ready=False right_done=False[0m
[self_driving-10] [0m[INFO] [1783019086.296012526] [self_driving]: [DEBUG_DRIVE] state=LINE_FOLLOW raw_lane_x=-1 lane_x=-1 filter=lost linear=0.32 angular=0.00 cw_y=372 cw_box_ready=False right_done=False start_turn=True count_turn=20 traffic=None stop=False[0m
[self_driving-10] [0m[INFO] [1783019086.501874619] [self_driving]: [IMAGE] received count=1103 shape=(480, 640, 3) queue=0[0m
[self_driving-10] [33m[WARN] [1783019086.842772211] [self_driving]: [LANE_LOST] raw_lane_x=-1 lane_x=-1 filter=lost stop=False state=LINE_FOLLOW safe_linear=0.02 right_ready=False right_done=False[0m
[self_driving-10] [0m[INFO] [1783019086.844327896] [self_driving]: [DEBUG_DRIVE] state=LINE_FOLLOW raw_lane_x=-1 lane_x=-1 filter=lost linear=0.32 angular=0.00 cw_y=372 cw_box_ready=False right_done=False start_turn=True count_turn=20 traffic=None stop=False[0m
[self_driving-10] [33m[WARN] [1783019087.364742970] [self_driving]: [LANE_LOST] raw_lane_x=-1 lane_x=-1 filter=lost stop=False state=LINE_FOLLOW safe_linear=0.02 right_ready=False right_done=False[0m
[self_driving-10] [0m[INFO] [1783019087.366594026] [self_driving]: [DEBUG_DRIVE] state=LINE_FOLLOW raw_lane_x=-1 lane_x=-1 filter=lost linear=0.32 angular=0.00 cw_y=372 cw_box_ready=False right_done=False start_turn=True count_turn=20 traffic=None stop=False[0m
[self_driving-10] [33m[WARN] [1783019087.898238062] [self_driving]: [LANE_LOST] raw_lane_x=-1 lane_x=-1 filter=lost stop=False state=LINE_FOLLOW safe_linear=0.02 right_ready=False right_done=False[0m
[self_driving-10] [0m[INFO] [1783019087.899244377] [self_driving]: [DEBUG_DRIVE] state=LINE_FOLLOW raw_lane_x=-1 lane_x=-1 filter=lost linear=0.32 angular=0.00 cw_y=372 cw_box_ready=False right_done=False start_turn=True count_turn=20 traffic=None stop=False[0m
[self_driving-10] [33m[WARN] [1783019088.424428914] [self_driving]: [LANE_LOST] raw_lane_x=-1 lane_x=-1 filter=lost stop=False state=LINE_FOLLOW safe_linear=0.02 right_ready=False right_done=False[0m
[self_driving-10] [0m[INFO] [1783019088.425754377] [self_driving]: [DEBUG_DRIVE] state=LINE_FOLLOW raw_lane_x=-1 lane_x=-1 filter=lost linear=0.32 angular=0.00 cw_y=372 cw_box_ready=False right_done=False start_turn=True count_turn=20 traffic=None stop=False[0m
[self_driving-10] [0m[INFO] [1783019088.575711247] [self_driving]: [IMAGE] received count=1134 shape=(480, 640, 3) queue=0[0m
[self_driving-10] [33m[WARN] [1783019088.981995654] [self_driving]: [LANE_LOST] raw_lane_x=-1 lane_x=-1 filter=lost stop=False state=LINE_FOLLOW safe_linear=0.02 right_ready=False right_done=False[0m
[self_driving-10] [0m[INFO] [1783019088.986563488] [self_driving]: [DEBUG_DRIVE] state=LINE_FOLLOW raw_lane_x=-1 lane_x=-1 filter=lost linear=0.32 angular=0.00 cw_y=372 cw_box_ready=False right_done=False start_turn=True count_turn=20 traffic=None stop=False[0m
[self_driving-10] [33m[WARN] [1783019089.499224543] [self_driving]: [LANE_LOST] raw_lane_x=-1 lane_x=-1 filter=lost stop=False state=LINE_FOLLOW safe_linear=0.02 right_ready=False right_done=False[0m
[self_driving-10] [0m[INFO] [1783019089.500277043] [self_driving]: [DEBUG_DRIVE] state=LINE_FOLLOW raw_lane_x=-1 lane_x=-1 filter=lost linear=0.32 angular=0.00 cw_y=372 cw_box_ready=False right_done=False start_turn=True count_turn=20 traffic=None stop=False[0m
[self_driving-10] [33m[WARN] [1783019090.003532580] [self_driving]: [LANE_LOST] raw_lane_x=-1 lane_x=-1 filter=lost stop=False state=LINE_FOLLOW safe_linear=0.02 right_ready=False right_done=False[0m
[self_driving-10] [0m[INFO] [1783019090.006844394] [self_driving]: [DEBUG_DRIVE] state=LINE_FOLLOW raw_lane_x=-1 lane_x=-1 filter=lost linear=0.32 angular=0.00 cw_y=372 cw_box_ready=False right_done=False start_turn=True count_turn=20 traffic=None stop=False[0m
[self_driving-10] [33m[WARN] [1783019090.520729690] [self_driving]: [LANE_LOST] raw_lane_x=-1 lane_x=-1 filter=lost stop=False state=LINE_FOLLOW safe_linear=0.02 right_ready=False right_done=False[0m
[self_driving-10] [0m[INFO] [1783019090.521348579] [self_driving]: [DEBUG_DRIVE] state=LINE_FOLLOW raw_lane_x=-1 lane_x=-1 filter=lost linear=0.32 angular=0.00 cw_y=372 cw_box_ready=False right_done=False start_turn=True count_turn=20 traffic=None stop=False[0m
[self_driving-10] [0m[INFO] [1783019090.578599116] [self_driving]: [IMAGE] received count=1164 shape=(480, 640, 3) queue=0[0m
